MPI startup(): Warning: I_MPI_PMI_LIBRARY will be ignored since the hydra process manager was found
MPI startup(): Warning: I_MPI_PMI_LIBRARY will be ignored since the hydra process manager was found
MPI startup(): Warning: I_MPI_PMI_LIBRARY will be ignored since the hydra process manager was found
MPI startup(): Warning: I_MPI_PMI_LIBRARY will be ignored since the hydra process manager was found
MPI startup(): Warning: I_MPI_PMI_LIBRARY will be ignored since the hydra process manager was found
MPI startup(): Warning: I_MPI_PMI_LIBRARY will be ignored since the hydra process manager was found
MPI startup(): Warning: I_MPI_PMI_LIBRARY will be ignored since the hydra process manager was found
MPI startup(): Warning: I_MPI_PMI_LIBRARY will be ignored since the hydra process manager was found
MPI startup(): Warning: I_MPI_PMI_LIBRARY will be ignored since the hydra process manager was found
MPI startup(): Warning: I_MPI_PMI_LIBRARY will be ignored since the hydra process manager was found
MPI startup(): Warning: I_MPI_PMI_LIBRARY will be ignored since the hydra process manager was found
MPI startup(): Warning: I_MPI_PMI_LIBRARY will be ignored since the hydra process manager was found
MPI startup(): Warning: I_MPI_PMI_LIBRARY will be ignored since the hydra process manager was found
MPI startup(): Warning: I_MPI_PMI_LIBRARY will be ignored since the hydra process manager was found
MPI startup(): Warning: I_MPI_PMI_LIBRARY will be ignored since the hydra process manager was found
MPI startup(): Warning: I_MPI_PMI_LIBRARY will be ignored since the hydra process manager was found
MPI startup(): Warning: I_MPI_PMI_LIBRARY will be ignored since the hydra process manager was found
MPI startup(): Warning: I_MPI_PMI_LIBRARY will be ignored since the hydra process manager was found
MPI startup(): Warning: I_MPI_PMI_LIBRARY will be ignored since the hydra process manager was found
MPI startup(): Warning: I_MPI_PMI_LIBRARY will be ignored since the hydra process manager was found
MPI startup(): Warning: I_MPI_PMI_LIBRARY will be ignored since the hydra process manager was found
MPI startup(): Warning: I_MPI_PMI_LIBRARY will be ignored since the hydra process manager was found
MPI startup(): Warning: I_MPI_PMI_LIBRARY will be ignored since the hydra process manager was found
MPI startup(): Warning: I_MPI_PMI_LIBRARY will be ignored since the hydra process manager was found
 PROCESS            5  OF           24  WORKING
 PROCESS           17  OF           24  WORKING
 PROCESS           11  OF           24  WORKING
 PROCESS            7  OF           24  WORKING
 PROCESS           12  OF           24  WORKING
 PROCESS           21  OF           24  WORKING
 PROCESS            0  OF           24  WORKING
 PROCESS           22  OF           24  WORKING
 PROCESS            4  OF           24  WORKING
 PROCESS           19  OF           24  WORKING
 PROCESS           20  OF           24  WORKING
 PROCESS           23  OF           24  WORKING

         
 *******************************************************************************
 *                                                                             *
 *                               CRYSTAL23                                     *
 *                      public : 1.0.1 - October 2022                          *
 *                       HTTP://WWW.CRYSTAL.UNITO.IT                           *
 *                                                                             *
 *                              MAIN AUTHORS                                   *
 *                                                                             *
 *  R. DOVESI(1,11), V.R. SAUNDERS(2), C. ROETTI(1,11), R. ORLANDO(1,11),      *
 *  C.M. ZICOVICH-WILSON(1,3), F. PASCALE(4), B. CIVALLERI(1,11),              *
 *  K. DOLL(5), N.M. HARRISON(6), I.J. BUSH(7), Ph. D'ARCO(8),                 *
 *  M. LLUNELL(9), M. CAUSA'(10), Y. NOEL(8), L. MASCHIO(1,11), A. ERBA(1,11)  *
 *  M. RE'RAT(14), S. CASASSA(1,11), B.G. SEARLE(2), J.K. DESMARAIS(1)         *
 *                                                                             *
 *        CONTRIBUTIONS TO THE CODE HAVE ALSO BEEN GIVEN BY                    *
 *                                                                             *
 *  M. FERRABONE(1,11), M. DE LA PIERRE(1,11), M. FERRERO(1,11),               *
 *  J. BAIMA(1,11), E. ALBANESE(1,11), M.F. PEINTINGER(12), R. BAST(13),       *
 *  B. KIRTMAN(15), V. LACIVITA(1,11), R. DEMICHELIS(1,16)                     *
 *  G. BRANDEBURG(17), S. SALUSTRO(1,11), G. SANSONE(1,11)                     *
 *  M.T. RUGGIERO(18), L.E. DAGA(1), L. DONA'(1), A. COSSARD(1)                *
 *                                                                             *
 * (1) THEORETICAL CHEMISTRY GROUP - UNIVERSITA' DI TORINO - TORINO (ITALY)    *
 * (2) SCIENTIFIC COMPUTING DEPARTMENT - STFC DARESBURY (UK)                   *
 * (3) UNIVERSIDAD AUTONOMA DEL ESTADO DE MORELOS - CUERNAVACA (MEXICO)        *
 * (4) UNIVERSITE' DE LORRAINE - NANCY (FRANCE)                                *
 * (5) UNIVERSITAET STUTTGART- STUTTGART (GERMANY)                             *
 * (6) IMPERIAL COLLEGE - LONDON (UK)                                          *
 * (7) SCIENTIFIC COMPUTING DEPARTMENT - STFC RAL (UK)                         *
 * (8) UPMC - SORBONNE UNIVERSITES - PARIS (FRANCE)                            *
 * (9) UNIVERSIDAD DE BARCELONA - BARCELONA (SPAIN)                            *
 *(10) UNIVERSITA' DI NAPOLI "FEDERICO II" - NAPOLI (ITALY)                    *
 *(11) NIS - NANOSTRUCTURED INTERFACES AND SURFACES - TORINO (ITALY)           *
 *(12) MPI FUER CHEMISCHE ENERGIEKONVERSION - MUELHEIM AN DER RUHR (GERMANY)   *
 *(13) UNIVERSITY OF TROMSO - TROMSO (NORWAY)                                  *
 *(14) UNIVERSITE' DE PAU ET DES PAYS DE L'ADOUR - PAU (FRANCE)                *
 *(15) UNIVERSITY OF CALIFORNIA SANTA BARBARA - SANTA BARBARA (USA)            *
 *(16) CURTIN UNIVERSITY - PERTH (AUSTRALIA)                                   *
 *(17) UNIVERSITY COLLEGE LONDON - LONDON (UK)                                 *
 *(18) UNIVERSITY OF VERMONT - BURLINGTON (USA)                                *
 *                                                                             *
 *******************************************************************************
 EEEEEEEEEE STARTING  DATE 22 01 2026 TIME 13:54:09.5
 ./3,4^4T21-CA_BULK_OPTGEOM_TZ_opt_B3LYP-D3-D3_optimized_rev1_sp_B3LYP-D3-D3_opti
 PROCESS            1  OF           24  WORKING
 PROCESS            2  OF           24  WORKING
 PROCESS            3  OF           24  WORKING
 PROCESS            6  OF           24  WORKING
 PROCESS            8  OF           24  WORKING
 PROCESS           10  OF           24  WORKING
 PROCESS           13  OF           24  WORKING
 PROCESS           14  OF           24  WORKING
 PROCESS           15  OF           24  WORKING
 PROCESS           16  OF           24  WORKING
 PROCESS           18  OF           24  WORKING
 PROCESS            9  OF           24  WORKING

 CRYSTAL CALCULATION
 (INPUT ACCORDING TO THE INTERNATIONAL TABLES FOR X-RAY CRYSTALLOGRAPHY)
 CRYSTAL FAMILY                       :  ORTHORHOMBIC
 CRYSTAL CLASS  (GROTH - 1921)        :  ORTHORHOMBIC BIPYRAMIDAL             

 SPACE GROUP (CENTROSYMMETRIC)        :  P N M A         

 LATTICE PARAMETERS  (ANGSTROMS AND DEGREES) - CONVENTIONAL CELL
        A           B           C        ALPHA        BETA       GAMMA
     5.95409     4.21173    10.20479    90.00000    90.00000    90.00000


 NUMBER OF IRREDUCIBLE ATOMS IN THE CONVENTIONAL CELL:    5

 INPUT COORDINATES

 ATOM AT. N.              COORDINATES
   1   6     3.823865314915E-01  6.786785808921E-02  4.456166440953E-03
   2   6    -2.490649903249E-01  4.079954395395E-01  2.508661210246E-01
   3   6     2.838367686201E-01 -4.316132277092E-01  3.761720551272E-01
   4   6     4.991097524577E-01 -6.290602864386E-02 -4.324322919775E-01
   5   6     2.260222078892E-01 -6.586006179209E-02  1.193908943549E-01

 *******************************************************************************

 << INFORMATION >>: FROM NOW ON, ALL COORDINATES REFER TO THE PRIMITIVE CELL

 *******************************************************************************

 LATTICE PARAMETERS  (ANGSTROMS AND DEGREES) - PRIMITIVE CELL
       A          B          C        ALPHA      BETA     GAMMA        VOLUME
    5.95409    4.21173   10.20479    90.00000  90.00000  90.00000    255.905330

 COORDINATES OF THE EQUIVALENT ATOMS (FRACTIONAL UNITS)

 N. ATOM EQUIV AT. N.          X                  Y                  Z

   1   1   1    6 C     3.82386531491E-01  6.78678580892E-02  4.45616644095E-03
   2   1   2    6 C     1.17613468509E-01 -6.78678580892E-02 -4.95543833559E-01
   3   1   3    6 C    -1.17613468508E-01  4.32132141911E-01  4.95543833559E-01
   4   1   4    6 C    -3.82386531491E-01 -4.32132141911E-01 -4.45616644095E-03
   5   1   5    6 C    -3.82386531491E-01 -6.78678580892E-02 -4.45616644095E-03
   6   1   6    6 C    -1.17613468508E-01  6.78678580892E-02  4.95543833559E-01
   7   1   7    6 C     1.17613468509E-01 -4.32132141911E-01 -4.95543833559E-01
   8   1   8    6 C     3.82386531491E-01  4.32132141911E-01  4.45616644095E-03

   9   2   1    6 C    -2.49064990325E-01  4.07995439540E-01  2.50866121025E-01
  10   2   2    6 C    -2.50935009675E-01 -4.07995439540E-01 -2.49133878975E-01
  11   2   3    6 C     2.50935009675E-01  9.20045604605E-02  2.49133878975E-01
  12   2   4    6 C     2.49064990325E-01 -9.20045604605E-02 -2.50866121025E-01
  13   2   5    6 C     2.49064990325E-01 -4.07995439540E-01 -2.50866121025E-01
  14   2   6    6 C     2.50935009675E-01  4.07995439540E-01  2.49133878975E-01
  15   2   7    6 C    -2.50935009675E-01 -9.20045604605E-02 -2.49133878975E-01
  16   2   8    6 C    -2.49064990325E-01  9.20045604605E-02  2.50866121025E-01

  17   3   1    6 C     2.83836768620E-01 -4.31613227709E-01  3.76172055127E-01
  18   3   2    6 C     2.16163231380E-01  4.31613227709E-01 -1.23827944873E-01
  19   3   3    6 C    -2.16163231380E-01 -6.83867722908E-02  1.23827944873E-01
  20   3   4    6 C    -2.83836768620E-01  6.83867722908E-02 -3.76172055127E-01
  21   3   5    6 C    -2.83836768620E-01  4.31613227709E-01 -3.76172055127E-01
  22   3   6    6 C    -2.16163231380E-01 -4.31613227709E-01  1.23827944873E-01
  23   3   7    6 C     2.16163231380E-01  6.83867722908E-02 -1.23827944873E-01
  24   3   8    6 C     2.83836768620E-01 -6.83867722908E-02  3.76172055127E-01

  25   4   1    6 C     4.99109752458E-01 -6.29060286439E-02 -4.32432291977E-01
  26   4   2    6 C     8.90247542300E-04  6.29060286439E-02  6.75677080225E-02
  27   4   3    6 C    -8.90247542300E-04 -4.37093971356E-01 -6.75677080225E-02
  28   4   4    6 C    -4.99109752458E-01  4.37093971356E-01  4.32432291977E-01
  29   4   5    6 C    -4.99109752458E-01  6.29060286439E-02  4.32432291977E-01
  30   4   6    6 C    -8.90247542300E-04 -6.29060286439E-02 -6.75677080225E-02
  31   4   7    6 C     8.90247542300E-04  4.37093971356E-01  6.75677080225E-02
  32   4   8    6 C     4.99109752458E-01 -4.37093971356E-01 -4.32432291977E-01

  33   5   1    6 C     2.26022207889E-01 -6.58600617921E-02  1.19390894355E-01
  34   5   2    6 C     2.73977792111E-01  6.58600617921E-02 -3.80609105645E-01
  35   5   3    6 C    -2.73977792111E-01 -4.34139938208E-01  3.80609105645E-01
  36   5   4    6 C    -2.26022207889E-01  4.34139938208E-01 -1.19390894355E-01
  37   5   5    6 C    -2.26022207889E-01  6.58600617921E-02 -1.19390894355E-01
  38   5   6    6 C    -2.73977792111E-01 -6.58600617921E-02  3.80609105645E-01
  39   5   7    6 C     2.73977792111E-01  4.34139938208E-01 -3.80609105645E-01
  40   5   8    6 C     2.26022207889E-01 -4.34139938208E-01  1.19390894355E-01

 NUMBER OF SYMMETRY OPERATORS         :    8
 *******************************************************************************
 * GEOMETRY EDITING - INPUT COORDINATES ARE GIVEN IN ANGSTROM         
 *******************************************************************************

 GEOMETRY NOW FULLY CONSISTENT WITH THE GROUP

 GCALCO - MAX INDICES DIRECT LATTICE VECTOR    15    22     9
 NO.OF VECTORS CREATED 6999 STARS 1062 RMAX   142.29895 BOHR

 GEOMETRY FOR WAVE FUNCTION - DIMENSIONALITY OF THE SYSTEM    3
 (NON PERIODIC DIRECTION: LATTICE PARAMETER FORMALLY SET TO 500)
 *******************************************************************************
 LATTICE PARAMETERS (ANGSTROMS AND DEGREES) - BOHR = 0.5291772083 ANGSTROM
 PRIMITIVE CELL - CENTRING CODE 1/0 VOLUME=   255.905330 - DENSITY  3.115 g/cm^3
         A              B              C           ALPHA      BETA       GAMMA 
     5.95408736     4.21172690    10.20478659    90.000000  90.000000  90.000000
 *******************************************************************************
 ATOMS IN THE ASYMMETRIC UNIT    5 - ATOMS IN THE UNIT CELL:   40
     ATOM                 X/A                 Y/B                 Z/C    
 *******************************************************************************
      1 T   6 C     3.823865314915E-01  6.786785808921E-02  4.456166440953E-03
      2 F   6 C     1.176134685085E-01 -6.786785808921E-02 -4.955438335590E-01
      3 F   6 C    -1.176134685085E-01  4.321321419108E-01  4.955438335590E-01
      4 F   6 C    -3.823865314915E-01 -4.321321419108E-01 -4.456166440953E-03
      5 F   6 C    -3.823865314915E-01 -6.786785808921E-02 -4.456166440953E-03
      6 F   6 C    -1.176134685085E-01  6.786785808921E-02  4.955438335590E-01
      7 F   6 C     1.176134685085E-01 -4.321321419108E-01 -4.955438335590E-01
      8 F   6 C     3.823865314915E-01  4.321321419108E-01  4.456166440953E-03
      9 T   6 C    -2.490649903249E-01  4.079954395395E-01  2.508661210246E-01
     10 F   6 C    -2.509350096751E-01 -4.079954395395E-01 -2.491338789754E-01
     11 F   6 C     2.509350096751E-01  9.200456046050E-02  2.491338789754E-01
     12 F   6 C     2.490649903249E-01 -9.200456046050E-02 -2.508661210246E-01
     13 F   6 C     2.490649903249E-01 -4.079954395395E-01 -2.508661210246E-01
     14 F   6 C     2.509350096751E-01  4.079954395395E-01  2.491338789754E-01
     15 F   6 C    -2.509350096751E-01 -9.200456046050E-02 -2.491338789754E-01
     16 F   6 C    -2.490649903249E-01  9.200456046050E-02  2.508661210246E-01
     17 T   6 C     2.838367686201E-01 -4.316132277092E-01  3.761720551272E-01
     18 F   6 C     2.161632313799E-01  4.316132277092E-01 -1.238279448728E-01
     19 F   6 C    -2.161632313799E-01 -6.838677229080E-02  1.238279448728E-01
     20 F   6 C    -2.838367686201E-01  6.838677229080E-02 -3.761720551272E-01
     21 F   6 C    -2.838367686201E-01  4.316132277092E-01 -3.761720551272E-01
     22 F   6 C    -2.161632313799E-01 -4.316132277092E-01  1.238279448728E-01
     23 F   6 C     2.161632313799E-01  6.838677229080E-02 -1.238279448728E-01
     24 F   6 C     2.838367686201E-01 -6.838677229080E-02  3.761720551272E-01
     25 T   6 C     4.991097524577E-01 -6.290602864386E-02 -4.324322919775E-01
     26 F   6 C     8.902475423000E-04  6.290602864386E-02  6.756770802250E-02
     27 F   6 C    -8.902475422999E-04 -4.370939713561E-01 -6.756770802250E-02
     28 F   6 C    -4.991097524577E-01  4.370939713561E-01  4.324322919775E-01
     29 F   6 C    -4.991097524577E-01  6.290602864386E-02  4.324322919775E-01
     30 F   6 C    -8.902475422999E-04 -6.290602864386E-02 -6.756770802250E-02
     31 F   6 C     8.902475423000E-04  4.370939713561E-01  6.756770802250E-02
     32 F   6 C     4.991097524577E-01 -4.370939713561E-01 -4.324322919775E-01
     33 T   6 C     2.260222078892E-01 -6.586006179209E-02  1.193908943549E-01
     34 F   6 C     2.739777921108E-01  6.586006179209E-02 -3.806091056451E-01
     35 F   6 C    -2.739777921108E-01 -4.341399382079E-01  3.806091056451E-01
     36 F   6 C    -2.260222078892E-01  4.341399382079E-01 -1.193908943549E-01
     37 F   6 C    -2.260222078892E-01  6.586006179209E-02 -1.193908943549E-01
     38 F   6 C    -2.739777921108E-01 -6.586006179209E-02  3.806091056451E-01
     39 F   6 C     2.739777921108E-01  4.341399382079E-01 -3.806091056451E-01
     40 F   6 C     2.260222078892E-01 -4.341399382079E-01  1.193908943549E-01

 T = ATOM BELONGING TO THE ASYMMETRIC UNIT

 ****    8 SYMMOPS - TRANSLATORS IN FRACTIONAL UNITS
 **** MATRICES AND TRANSLATORS IN THE CRYSTALLOGRAPHIC REFERENCE FRAME
   V INV                    ROTATION MATRICES                   TRANSLATORS
   1   1  1.00  0.00  0.00  0.00  1.00  0.00  0.00  0.00  1.00  0.00  0.00  0.00
   2   2 -1.00  0.00  0.00  0.00 -1.00  0.00  0.00  0.00  1.00  0.50  0.00  0.50
   3   3  1.00  0.00  0.00  0.00 -1.00  0.00  0.00  0.00 -1.00  0.50  0.50  0.50
   4   4 -1.00  0.00  0.00  0.00  1.00  0.00  0.00  0.00 -1.00  0.00  0.50  0.00
   5   5 -1.00  0.00  0.00  0.00 -1.00  0.00  0.00  0.00 -1.00  0.00  0.00  0.00
   6   6  1.00  0.00  0.00  0.00  1.00  0.00  0.00  0.00 -1.00  0.50  0.00  0.50
   7   7 -1.00  0.00  0.00  0.00  1.00  0.00  0.00  0.00  1.00  0.50  0.50  0.50
   8   8  1.00  0.00  0.00  0.00 -1.00  0.00  0.00  0.00  1.00  0.00  0.50  0.00

 DIRECT LATTICE VECTORS CARTESIAN COMPONENTS (ANGSTROM)
          X                    Y                    Z
   0.595408736000E+01   0.000000000000E+00   0.000000000000E+00
   0.000000000000E+00   0.421172690000E+01   0.000000000000E+00
   0.000000000000E+00   0.000000000000E+00   0.102047865900E+02


 CARTESIAN COORDINATES - PRIMITIVE CELL
 *******************************************************************************
 *      ATOM          X(ANGSTROM)         Y(ANGSTROM)         Z(ANGSTROM)
 *******************************************************************************
    1     6 C     2.276762813788E+00  2.858408835597E-01  4.547422753945E-02
    2     6 C     7.002808662122E-01 -2.858408835597E-01 -5.056919067461E+00
    3     6 C    -7.002808662122E-01  1.820022566440E+00  5.056919067461E+00
    4     6 C    -2.276762813788E+00 -1.820022566440E+00 -4.547422753945E-02
    5     6 C    -2.276762813788E+00 -2.858408835597E-01 -4.547422753945E-02
    6     6 C    -7.002808662122E-01  2.858408835597E-01  5.056919067461E+00
    7     6 C     7.002808662122E-01 -1.820022566440E+00 -5.056919067461E+00
    8     6 C     2.276762813788E+00  1.820022566440E+00  4.547422753945E-02
    9     6 C    -1.482954710712E+00  1.718365367786E+00  2.560035227717E+00
   10     6 C    -1.494088969288E+00 -1.718365367786E+00 -2.542358067283E+00
   11     6 C     1.494088969288E+00  3.874980822142E-01  2.542358067283E+00
   12     6 C     1.482954710712E+00 -3.874980822142E-01 -2.560035227717E+00
   13     6 C     1.482954710712E+00 -1.718365367786E+00 -2.560035227717E+00
   14     6 C     1.494088969288E+00  1.718365367786E+00  2.542358067283E+00
   15     6 C    -1.494088969288E+00 -3.874980822142E-01 -2.542358067283E+00
   16     6 C    -1.482954710712E+00  3.874980822142E-01  2.560035227717E+00
   17     6 C     1.689988916344E+00 -1.817837041539E+00  3.838755543695E+00
   18     6 C     1.287054763656E+00  1.817837041539E+00 -1.263637751305E+00
   19     6 C    -1.287054763656E+00 -2.880264084613E-01  1.263637751305E+00
   20     6 C    -1.689988916344E+00  2.880264084613E-01 -3.838755543695E+00
   21     6 C    -1.689988916344E+00  1.817837041539E+00 -3.838755543695E+00
   22     6 C    -1.287054763656E+00 -1.817837041539E+00  1.263637751305E+00
   23     6 C     1.287054763656E+00  2.880264084613E-01 -1.263637751305E+00
   24     6 C     1.689988916344E+00 -2.880264084613E-01  3.838755543695E+00
   25     6 C     2.971743068361E+00 -2.649430130115E-01 -4.412879254255E+00
   26     6 C     5.300611638880E-03  2.649430130115E-01  6.895140407450E-01
   27     6 C    -5.300611638879E-03 -1.840920436988E+00 -6.895140407450E-01
   28     6 C    -2.971743068361E+00  1.840920436988E+00  4.412879254255E+00
   29     6 C    -2.971743068361E+00  2.649430130115E-01  4.412879254255E+00
   30     6 C    -5.300611638879E-03 -2.649430130115E-01 -6.895140407450E-01
   31     6 C     5.300611638880E-03  1.840920436988E+00  6.895140407450E-01
   32     6 C     2.971743068361E+00 -1.840920436988E+00 -4.412879254255E+00
   33     6 C     1.345755971072E+00 -2.773845938854E-01  1.218358597681E+00
   34     6 C     1.631287708928E+00  2.773845938854E-01 -3.884034697319E+00
   35     6 C    -1.631287708928E+00 -1.828478856115E+00  3.884034697319E+00
   36     6 C    -1.345755971072E+00  1.828478856115E+00 -1.218358597681E+00
   37     6 C    -1.345755971072E+00  2.773845938854E-01 -1.218358597681E+00
   38     6 C    -1.631287708928E+00 -2.773845938854E-01  3.884034697319E+00
   39     6 C     1.631287708928E+00  1.828478856115E+00 -3.884034697319E+00
   40     6 C     1.345755971072E+00 -1.828478856115E+00  1.218358597681E+00

 *******************************************************************************
 LOCAL ATOMIC FUNCTIONS BASIS SET
 *******************************************************************************
   ATOM   X(AU)   Y(AU)   Z(AU)  N. TYPE  EXPONENT  S COEF   P COEF   D/F/G COEF
 *******************************************************************************
   1 C    4.302   0.540   0.086
                                  1 S  
                                         1.358E+04 2.225E-04 0.000E+00 0.000E+00
                                         2.035E+03 1.723E-03 0.000E+00 0.000E+00
                                         4.632E+02 8.926E-03 0.000E+00 0.000E+00
                                         1.312E+02 3.573E-02 0.000E+00 0.000E+00
                                         4.285E+01 1.108E-01 0.000E+00 0.000E+00
                                         1.558E+01 2.430E-01 0.000E+00 0.000E+00
                                  2 S  
                                         6.207E+00 4.144E-01 0.000E+00 0.000E+00
                                         2.576E+00 2.374E-01 0.000E+00 0.000E+00
                                  3 S  
                                         4.941E-01 1.000E+00 0.000E+00 0.000E+00
                                  4 S  
                                         1.644E-01 1.000E+00 0.000E+00 0.000E+00
                           5-     7 P  
                                         3.470E+01 0.000E+00 5.333E-03 0.000E+00
                                         7.958E+00 0.000E+00 3.586E-02 0.000E+00
                                         2.378E+00 0.000E+00 1.422E-01 0.000E+00
                                         8.143E-01 0.000E+00 3.427E-01 0.000E+00
                           8-    10 P  
                                         5.662E-01 0.000E+00 1.000E+00 0.000E+00
                          11-    13 P  
                                         2.674E-01 0.000E+00 1.000E+00 0.000E+00
                          14-    18 D  
                                         8.792E-01 0.000E+00 0.000E+00 1.000E+00
   2 C    1.323  -0.540  -9.556
   3 C   -1.323   3.439   9.556
   4 C   -4.302  -3.439  -0.086
   5 C   -4.302  -0.540  -0.086
   6 C   -1.323   0.540   9.556
   7 C    1.323  -3.439  -9.556
   8 C    4.302   3.439   0.086
   9 C   -2.802   3.247   4.838
  10 C   -2.823  -3.247  -4.804
  11 C    2.823   0.732   4.804
  12 C    2.802  -0.732  -4.838
  13 C    2.802  -3.247  -4.838
  14 C    2.823   3.247   4.804
  15 C   -2.823  -0.732  -4.804
  16 C   -2.802   0.732   4.838
  17 C    3.194  -3.435   7.254
  18 C    2.432   3.435  -2.388
  19 C   -2.432  -0.544   2.388
  20 C   -3.194   0.544  -7.254
  21 C   -3.194   3.435  -7.254
  22 C   -2.432  -3.435   2.388
  23 C    2.432   0.544  -2.388
  24 C    3.194  -0.544   7.254
  25 C    5.616  -0.501  -8.339
  26 C    0.010   0.501   1.303
  27 C   -0.010  -3.479  -1.303
  28 C   -5.616   3.479   8.339
  29 C   -5.616   0.501   8.339
  30 C   -0.010  -0.501  -1.303
  31 C    0.010   3.479   1.303
  32 C    5.616  -3.479  -8.339
  33 C    2.543  -0.524   2.302
  34 C    3.083   0.524  -7.340
  35 C   -3.083  -3.455   7.340
  36 C   -2.543   3.455  -2.302
  37 C   -2.543   0.524  -2.302
  38 C   -3.083  -0.524   7.340
  39 C    3.083   3.455  -7.340
  40 C    2.543  -3.455   2.302
 INFORMATION **** SET_MPP **** PCRYSTAL CALCULATION
 INFORMATION **** READM2 **** NEW DEFAULT: FOCK/KS MATRIX MIXING SET TO 30 %
 INFORMATION **** READM2 **** NEW DEFAULT: FULL DIRECT SCF MODE
 INFORMATION **** READM2 **** NEW DEFAULT: COULOMB BIPOLAR BUFFER SET TO 32 Mb
 INFORMATION **** READM2 **** NEW DEFAULT: EXCHANGE BIPOLAR BUFFER SET TO 32 Mb

 *******************************************************************************
 NEW DEFAULT: DFT INTEGRATION GRID INCREASED TO XLGRID
 NEW DEFAULT: DIIS ACCELERATOR ACTIVE
 USE KEYWORD NODIIS TO TURN IT OFF
 *******************************************************************************

 INFORMATION **** DFTD3_INPUT **** PERFORM LATEST DISPERSION CORRECTION DFT-D3(BJ) WITH AUTOMATIC PARAMETER SETUP
 PLEASE CITE:
 (1) DFT-D3 Reference
  S. Grimme, J. Antony, S. Ehrlich, and H. Krieg, J. Chem. Phys. 132 (2010), 154104
 (2) BJ-Damping Reference
  S. Grimme, S. Ehrlich, and L. Goerigk, J. Comput. Chem. 32 (2011), 1456-1465
 (3) General DFT-D Review
  S. Grimme, A. Hansen, J. G. Brandenburg, and C. Bannwarth,
  Chem. Rev. 116 (2016), 5105-5154

 INFORMATION **** TOLINTEG **** COULOMB AND EXCHANGE SERIES TOLERANCES MODIFIED
 INFORMATION **** TOLDEE **** SCF TOL ON TOTAL ENERGY SET TO           9
 INFORMATION **** READM2 **** FULL DIRECT SCF (MONO AND BIEL INT) SELECTED
 INFORMATION **** MAXCYCLE **** MAX NUMBER OF SCF CYCLES SET TO        1600
 INFORMATION **** DIIS **** DIIS FOR SCF ACTIVE
 INFORMATION **** DIIS **** LEVEL SHIFTER DISABLED
 INFORMATION **** PPAN ****  MULLIKEN POPULATION ANALYSIS AT THE END OF SCF
 *******************************************************************************
 N. OF ATOMS PER CELL        40  COULOMB OVERLAP TOL         (T1) 10**   -8
 NUMBER OF SHELLS           320  COULOMB PENETRATION TOL     (T2) 10**   -8
 NUMBER OF AO               720  EXCHANGE OVERLAP TOL        (T3) 10**   -8
 N. OF ELECTRONS PER CELL   240  EXCHANGE PSEUDO OVP (F(G))  (T4) 10**   -9
 CORE ELECTRONS PER CELL     80  EXCHANGE PSEUDO OVP (P(G))  (T5) 10**  -24
 N. OF SYMMETRY OPERATORS     8  POLE ORDER IN MONO ZONE                  4
 *******************************************************************************
 TYPE OF CALCULATION :  UNRESTRICTED OPEN SHELL
 KOHN-SHAM HAMILTONIAN

 (EXCHANGE)[CORRELATION] FUNCTIONAL:(BECKE 88)[LEE-YANG-PARR]

 NON-LOCAL WEIGHTING FACTOR (EXCHANGE) =           0.9000
 NON-LOCAL WEIGHTING FACTOR [CORRELATION] =        0.8100

 HYBRID EXCHANGE - PERCENTAGE OF FOCK EXCHANGE    20.0000

 SPIN POLARIZED DFT SELECTED

 CAPPA:IS1 10;IS2 10;IS3 10; K PTS MONK NET 216; SYMMOPS:K SPACE   8;G SPACE   8

 *******************************************************************************
 MAX NUMBER OF SCF CYCLES    1600  CONVERGENCE ON DELTAP        10**-19
 WEIGHT OF F(I) IN F(I+1)      30% CONVERGENCE ON ENERGY        10**- 9
 SHRINK. FACT.(MONKH.)   10 10 10  NUMBER OF K POINTS IN THE IBZ    216
 SHRINKING FACTOR(GILAT NET)   20  NUMBER OF K POINTS(GILAT NET)   1331
 *******************************************************************************
 *** K POINTS COORDINATES (OBLIQUE COORDINATES IN UNITS OF IS = 10)
   1-R(  0  0  0)   2-C(  1  0  0)   3-C(  2  0  0)   4-C(  3  0  0)
   5-C(  4  0  0)   6-R(  5  0  0)   7-C(  0  1  0)   8-C(  1  1  0)
   9-C(  2  1  0)  10-C(  3  1  0)  11-C(  4  1  0)  12-C(  5  1  0)
  13-C(  0  2  0)  14-C(  1  2  0)  15-C(  2  2  0)  16-C(  3  2  0)
  17-C(  4  2  0)  18-C(  5  2  0)  19-C(  0  3  0)  20-C(  1  3  0)
  21-C(  2  3  0)  22-C(  3  3  0)  23-C(  4  3  0)  24-C(  5  3  0)
  25-C(  0  4  0)  26-C(  1  4  0)  27-C(  2  4  0)  28-C(  3  4  0)
  29-C(  4  4  0)  30-C(  5  4  0)  31-R(  0  5  0)  32-C(  1  5  0)
  33-C(  2  5  0)  34-C(  3  5  0)  35-C(  4  5  0)  36-R(  5  5  0)
  37-C(  0  0  1)  38-C(  1  0  1)  39-C(  2  0  1)  40-C(  3  0  1)
  41-C(  4  0  1)  42-C(  5  0  1)  43-C(  0  1  1)  44-C(  1  1  1)
  45-C(  2  1  1)  46-C(  3  1  1)  47-C(  4  1  1)  48-C(  5  1  1)
  49-C(  0  2  1)  50-C(  1  2  1)  51-C(  2  2  1)  52-C(  3  2  1)
  53-C(  4  2  1)  54-C(  5  2  1)  55-C(  0  3  1)  56-C(  1  3  1)
  57-C(  2  3  1)  58-C(  3  3  1)  59-C(  4  3  1)  60-C(  5  3  1)
  61-C(  0  4  1)  62-C(  1  4  1)  63-C(  2  4  1)  64-C(  3  4  1)
  65-C(  4  4  1)  66-C(  5  4  1)  67-C(  0  5  1)  68-C(  1  5  1)
  69-C(  2  5  1)  70-C(  3  5  1)  71-C(  4  5  1)  72-C(  5  5  1)
  73-C(  0  0  2)  74-C(  1  0  2)  75-C(  2  0  2)  76-C(  3  0  2)
  77-C(  4  0  2)  78-C(  5  0  2)  79-C(  0  1  2)  80-C(  1  1  2)
  81-C(  2  1  2)  82-C(  3  1  2)  83-C(  4  1  2)  84-C(  5  1  2)
  85-C(  0  2  2)  86-C(  1  2  2)  87-C(  2  2  2)  88-C(  3  2  2)
  89-C(  4  2  2)  90-C(  5  2  2)  91-C(  0  3  2)  92-C(  1  3  2)
  93-C(  2  3  2)  94-C(  3  3  2)  95-C(  4  3  2)  96-C(  5  3  2)
  97-C(  0  4  2)  98-C(  1  4  2)  99-C(  2  4  2) 100-C(  3  4  2)
 101-C(  4  4  2) 102-C(  5  4  2) 103-C(  0  5  2) 104-C(  1  5  2)
 105-C(  2  5  2) 106-C(  3  5  2) 107-C(  4  5  2) 108-C(  5  5  2)
 109-C(  0  0  3) 110-C(  1  0  3) 111-C(  2  0  3) 112-C(  3  0  3)
 113-C(  4  0  3) 114-C(  5  0  3) 115-C(  0  1  3) 116-C(  1  1  3)
 117-C(  2  1  3) 118-C(  3  1  3) 119-C(  4  1  3) 120-C(  5  1  3)
 121-C(  0  2  3) 122-C(  1  2  3) 123-C(  2  2  3) 124-C(  3  2  3)
 125-C(  4  2  3) 126-C(  5  2  3) 127-C(  0  3  3) 128-C(  1  3  3)
 129-C(  2  3  3) 130-C(  3  3  3) 131-C(  4  3  3) 132-C(  5  3  3)
 133-C(  0  4  3) 134-C(  1  4  3) 135-C(  2  4  3) 136-C(  3  4  3)
 137-C(  4  4  3) 138-C(  5  4  3) 139-C(  0  5  3) 140-C(  1  5  3)
 141-C(  2  5  3) 142-C(  3  5  3) 143-C(  4  5  3) 144-C(  5  5  3)
 145-C(  0  0  4) 146-C(  1  0  4) 147-C(  2  0  4) 148-C(  3  0  4)
 149-C(  4  0  4) 150-C(  5  0  4) 151-C(  0  1  4) 152-C(  1  1  4)
 153-C(  2  1  4) 154-C(  3  1  4) 155-C(  4  1  4) 156-C(  5  1  4)
 157-C(  0  2  4) 158-C(  1  2  4) 159-C(  2  2  4) 160-C(  3  2  4)
 161-C(  4  2  4) 162-C(  5  2  4) 163-C(  0  3  4) 164-C(  1  3  4)
 165-C(  2  3  4) 166-C(  3  3  4) 167-C(  4  3  4) 168-C(  5  3  4)
 169-C(  0  4  4) 170-C(  1  4  4) 171-C(  2  4  4) 172-C(  3  4  4)
 173-C(  4  4  4) 174-C(  5  4  4) 175-C(  0  5  4) 176-C(  1  5  4)
 177-C(  2  5  4) 178-C(  3  5  4) 179-C(  4  5  4) 180-C(  5  5  4)
 181-R(  0  0  5) 182-C(  1  0  5) 183-C(  2  0  5) 184-C(  3  0  5)
 185-C(  4  0  5) 186-R(  5  0  5) 187-C(  0  1  5) 188-C(  1  1  5)
 189-C(  2  1  5) 190-C(  3  1  5) 191-C(  4  1  5) 192-C(  5  1  5)
 193-C(  0  2  5) 194-C(  1  2  5) 195-C(  2  2  5) 196-C(  3  2  5)
 197-C(  4  2  5) 198-C(  5  2  5) 199-C(  0  3  5) 200-C(  1  3  5)
 201-C(  2  3  5) 202-C(  3  3  5) 203-C(  4  3  5) 204-C(  5  3  5)
 205-C(  0  4  5) 206-C(  1  4  5) 207-C(  2  4  5) 208-C(  3  4  5)
 209-C(  4  4  5) 210-C(  5  4  5) 211-R(  0  5  5) 212-C(  1  5  5)
 213-C(  2  5  5) 214-C(  3  5  5) 215-C(  4  5  5) 216-R(  5  5  5)

 DIRECT LATTICE VECTORS COMPON. (A.U.)     RECIP. LATTICE VECTORS COMPON. (A.U.) 
        X            Y            Z              X            Y            Z
   11.2515945    0.0000000    0.0000000      0.5584262    0.0000000    0.0000000
    0.0000000    7.9590104    0.0000000      0.0000000    0.7894430    0.0000000
    0.0000000    0.0000000   19.2842519      0.0000000    0.0000000    0.3258195

 DISK SPACE FOR EIGENVECTORS (FTN 10)   219801600 REALS

 SYMMETRY ADAPTION OF THE BLOCH FUNCTIONS ENABLED
 TTTTTTTTTTTTTTTTTTTTTTTTTTTTTT gordsh1     TELAPSE        1.36 TCPU        0.53

 MATRIX SIZE: P(G) 4247824, F(G)  483320, P(G) IRR  273759, F(G) IRR   62178
 MAX G-VECTOR INDEX FOR 1- AND 2-ELECTRON INTEGRALS 223

 TTTTTTTTTTTTTTTTTTTTTTTTTTTTTT INPUT       TELAPSE        1.37 TCPU        0.54

 NEIGHBORS OF THE NON-EQUIVALENT ATOMS

 N = NUMBER OF NEIGHBORS AT DISTANCE R
    ATOM  N     R/ANG      R/AU   NEIGHBORS (ATOM LABELS AND CELL INDICES)
   1 C    1     1.5155     2.8638    5 C    1 0 0
   1 C    1     1.5342     2.8992    8 C    0 0 0
   1 C    1     1.5999     3.0234   33 C    0 0 0
   1 C    1     1.6411     3.1013   23 C    0 0 0
   1 C    1     2.2451     4.2426   18 C    0 0 0
   1 C    1     2.3611     4.4618   26 C    0 0 0

   9 C    1     1.3309     2.5150   16 C    0 0 0
   9 C    1     1.4749     2.7872   22 C    0 1 0
   9 C    1     1.4890     2.8138   35 C    0 1 0
   9 C    1     2.3800     4.4976   28 C    0 0 0
   9 C    1     2.3935     4.5230   31 C    0 0 0
   9 C    1     2.3968     4.5293   19 C    0 0 0

  17 C    1     1.4749     2.7872   14 C    0-1 0
  17 C    1     1.5184     2.8694   28 C    1-1 0
  17 C    1     1.5298     2.8909   24 C    0 0 0
  17 C    1     1.6411     3.1013    7 C    0 0 1
  17 C    1     2.2451     4.2426    2 C    0 0 1
  17 C    1     2.3363     4.4149   32 C    0 0 1

  25 C    1     1.4774     2.7918   29 C    1 0-1
  25 C    1     1.5184     2.8694   20 C    1 0 0
  25 C    1     1.5397     2.9096   34 C    0 0 0
  25 C    1     1.5760     2.9782   32 C    0 0 0
  25 C    1     2.3363     4.4149   24 C    0 0-1
  25 C    1     2.3378     4.4179   38 C    1 0-1

  33 C    1     1.4890     2.8138   11 C    0 0 0
  33 C    1     1.5397     2.9096   26 C    0 0 0
  33 C    1     1.5511     2.9311   40 C    0 0 0
  33 C    1     1.5999     3.0234    1 C    0 0 0
  33 C    1     2.3378     4.4179   30 C    0 0 0
  33 C    1     2.3996     4.5346   14 C    0 0 0


 SYMMETRY ALLOWED INTERNAL DEGREE(S) OF FREEDOM:  15
 TTTTTTTTTTTTTTTTTTTTTTTTTTTTTT SYMM        TELAPSE        1.48 TCPU        0.63
 TTTTTTTTTTTTTTTTTTTTTTTTTTTTTT INT_SCREEN  TELAPSE        1.49 TCPU        0.64
 WARNING **** EXCBUF **** EXCH. BIPO BUFFER TOO SMALL - TO AVOID I/O SET EXCHSIZE =     6786027

 DFT PARAMETERS

     ATOM       ELECTRONS   NET CHARGE   R(ANGSTROM)
   1   6  C       6.0000      0.0000     0.77000000

 SIZE OF GRID=     134765
 TTTTTTTTTTTTTTTTTTTTTTTTTTTTTT MAKE_GRID2  TELAPSE        2.19 TCPU        1.21
 BECKE WEIGHT FUNCTION
 RADSAFE =     2.00
 TOLERANCES - DENSITY:10**- 6; POTENTIAL:10**- 9; GRID WGT:10**-14

 RADIAL INTEGRATION  - INTERVALS (POINTS,UPPER LIMIT):            1( 75,  4.0*R)

 ANGULAR INTEGRATION - INTERVALS (ACCURACY LEVEL [N. POINTS] UPPER LIMIT):
  1(  4[  86]   0.2)  2(  8[ 194]   0.5)  3( 12[ 350]   0.9)  4( 16[ 974]   3.5)
  5( 12[ 350]9999.0)
 TTTTTTTTTTTTTTTTTTTTTTTTTTTTTT INT_CALC    TELAPSE        2.21 TCPU        1.23
 EEEEEEEEEE INT_CALC TERMINATION  DATE 22 01 2026 TIME 13:54:10.7

 *******************************************************************************
 ./3,4^4T21-CA_BULK_OPTGEOM_TZ_opt_B3LYP-D3-D3_optimized_rev1_sp_B3LYP-D3-D3_opti
 CRYSTAL - SCF - TYPE OF CALCULATION :  UNRESTRICTED OPEN SHELL
 *******************************************************************************

 CAPPA:IS1 10;IS2 10;IS3 10; K PTS MONK NET 216; SYMMOPS:K SPACE   8;G SPACE   8

 TTTTTTTTTTTTTTTTTTTTTTTTTTTTTT SDIK        TELAPSE        5.32 TCPU        4.20

 AAAAAAAAAAAAAAAAAAAAAAAAAAAAAAAAAAAAAAAAAAAAAAAAAAAAAAAAAAAAAAAAAAAAAAAAAAAAAAA
         ATOMIC WAVEFUNCTION(S)


 NUCLEAR CHARGE  6.0  SYMMETRY SPECIES            S    P
 N. ELECTRONS    6.0  NUMBER OF PRIMITIVE GTOS   10    6
                      NUMBER OF CONTRACTED GTOS   4    3
                      NUMBER OF CLOSED SHELLS     2    0
                      OPEN SHELL OCCUPATION       0    2

  ZNUC  SCFIT    TOTAL HF ENERGY   KINETIC ENERGY   VIRIAL THEOREM ACCURACY
   6.0    10    -3.766702350E+01  3.783137943E+01 -1.995655566E+00  1.6E-06

 AAAAAAAAAAAAAAAAAAAAAAAAAAAAAAAAAAAAAAAAAAAAAAAAAAAAAAAAAAAAAAAAAAAAAAAAAAAAAAA

 CHARGE NORMALIZATION FACTOR   1.00000000
 TOTAL ATOMIC CHARGES:
   6.0000000   6.0000000   6.0000000   6.0000000   6.0000000   6.0000000
   6.0000000   6.0000000   6.0000000   6.0000000   6.0000000   6.0000000
   6.0000000   6.0000000   6.0000000   6.0000000   6.0000000   6.0000000
   6.0000000   6.0000000   6.0000000   6.0000000   6.0000000   6.0000000
   6.0000000   6.0000000   6.0000000   6.0000000   6.0000000   6.0000000
   6.0000000   6.0000000   6.0000000   6.0000000   6.0000000   6.0000000
   6.0000000   6.0000000   6.0000000   6.0000000
 SUMMED SPIN DENSITY           0.00000000
 TOTAL ATOMIC SPINS  :
   0.0000000   0.0000000   0.0000000   0.0000000   0.0000000   0.0000000
   0.0000000   0.0000000   0.0000000   0.0000000   0.0000000   0.0000000
   0.0000000   0.0000000   0.0000000   0.0000000   0.0000000   0.0000000
   0.0000000   0.0000000   0.0000000   0.0000000   0.0000000   0.0000000
   0.0000000   0.0000000   0.0000000   0.0000000   0.0000000   0.0000000
   0.0000000   0.0000000   0.0000000   0.0000000   0.0000000   0.0000000
   0.0000000   0.0000000   0.0000000   0.0000000
 TTTTTTTTTTTTTTTTTTTTTTTTTTTTTT MOQGAD      TELAPSE        5.35 TCPU        4.22
 TTTTTTTTTTTTTTTTTTTTTTTTTTTTTT SHELLXN     TELAPSE       94.36 TCPU       93.21
 TTTTTTTTTTTTTTTTTTTTTTTTTTTTTT MONMO3      TELAPSE       94.55 TCPU       93.40
 NUMERICALLY INTEGRATED DENSITY    120.0000339481    120.0000339481
 TTTTTTTTTTTTTTTTTTTTTTTTTTTTTT NUMDFT      TELAPSE       96.00 TCPU       94.84
 CYC   0 ETOT(AU) -1.536314229536E+03 DETOT -1.54E+03 tst  0.00E+00 PX  1.00E+00
 TTTTTTTTTTTTTTTTTTTTTTTTTTTTTT DIIS        TELAPSE       97.00 TCPU       95.52
 TTTTTTTTTTTTTTTTTTTTTTTTTTTTTT FDIK        TELAPSE      167.61 TCPU      165.38

    ALPHA      ELECTRONS
 INSULATING STATE
 TOP OF VALENCE BANDS -    BAND    120; K    1; EIG -2.0043638E-01 AU
 BOTTOM OF VIRTUAL BANDS - BAND    121; K  211; EIG -1.1551937E-01 AU
 INDIRECT ENERGY BAND GAP:   2.3107 eV
 BOTTOM OF VIRTUAL BANDS - BAND    121; K    1; EIG -7.4814184E-02 AU

    BETA       ELECTRONS
 INSULATING STATE
 TOP OF VALENCE BANDS -    BAND    120; K    1; EIG -2.0043638E-01 AU
 BOTTOM OF VIRTUAL BANDS - BAND    121; K  211; EIG -1.1551937E-01 AU
 INDIRECT ENERGY BAND GAP:   2.3107 eV
 BOTTOM OF VIRTUAL BANDS - BAND    121; K    1; EIG -7.4814184E-02 AU
 TTTTTTTTTTTTTTTTTTTTTTTTTTTTTT PDIG        TELAPSE      170.39 TCPU      168.07
 CHARGE NORMALIZATION FACTOR   1.00000000
 TOTAL ATOMIC CHARGES:
   5.9684893   5.9684893   5.9684893   5.9684893   5.9684893   5.9684893
   5.9684893   5.9684893   6.0790826   6.0790826   6.0790826   6.0790826
   6.0790826   6.0790826   6.0790826   6.0790826   5.9760775   5.9760775
   5.9760775   5.9760775   5.9760775   5.9760775   5.9760775   5.9760775
   6.0331610   6.0331610   6.0331610   6.0331610   6.0331610   6.0331610
   6.0331610   6.0331610   5.9431896   5.9431896   5.9431896   5.9431896
   5.9431896   5.9431896   5.9431896   5.9431896
 SUMMED SPIN DENSITY           0.00000000
 TOTAL ATOMIC SPINS  :
  -0.0000000  -0.0000000  -0.0000000  -0.0000000  -0.0000000  -0.0000000
  -0.0000000  -0.0000000   0.0000000   0.0000000   0.0000000   0.0000000
   0.0000000   0.0000000   0.0000000   0.0000000   0.0000000   0.0000000
   0.0000000   0.0000000   0.0000000   0.0000000   0.0000000   0.0000000
  -0.0000000  -0.0000000  -0.0000000  -0.0000000  -0.0000000  -0.0000000
  -0.0000000  -0.0000000   0.0000000   0.0000000   0.0000000   0.0000000
   0.0000000   0.0000000   0.0000000   0.0000000
 TTTTTTTTTTTTTTTTTTTTTTTTTTTTTT MOQGAD      TELAPSE      170.40 TCPU      168.09
 TTTTTTTTTTTTTTTTTTTTTTTTTTTTTT SHELLXN     TELAPSE      264.67 TCPU      262.16
 TTTTTTTTTTTTTTTTTTTTTTTTTTTTTT MONMO3      TELAPSE      264.85 TCPU      262.34
 NUMERICALLY INTEGRATED DENSITY    120.0000160041    120.0000160041
 TTTTTTTTTTTTTTTTTTTTTTTTTTTTTT NUMDFT      TELAPSE      266.35 TCPU      263.84
 CYC   1 ETOT(AU) -1.523319957258E+03 DETOT  1.30E+01 tst  0.00E+00 PX  1.00E+00
 TTTTTTTTTTTTTTTTTTTTTTTTTTTTTT DIIS        TELAPSE      267.43 TCPU      264.50
 DIIS TEST: 0.10849E+01 AT SCF   CYCLE   1 - MIX   30 %
 TTTTTTTTTTTTTTTTTTTTTTTTTTTTTT FDIK        TELAPSE      289.96 TCPU      286.31

    ALPHA      ELECTRONS
 INSULATING STATE
 TOP OF VALENCE BANDS -    BAND    120; K    1; EIG -1.1280794E-01 AU
 BOTTOM OF VIRTUAL BANDS - BAND    121; K  211; EIG -1.8227674E-02 AU
 INDIRECT ENERGY BAND GAP:   2.5737 eV
 BOTTOM OF VIRTUAL BANDS - BAND    121; K    1; EIG  3.1579059E-02 AU

    BETA       ELECTRONS
 INSULATING STATE
 TOP OF VALENCE BANDS -    BAND    120; K    1; EIG -1.1280794E-01 AU
 BOTTOM OF VIRTUAL BANDS - BAND    121; K  211; EIG -1.8227674E-02 AU
 INDIRECT ENERGY BAND GAP:   2.5737 eV
 BOTTOM OF VIRTUAL BANDS - BAND    121; K    1; EIG  3.1579059E-02 AU
 TTTTTTTTTTTTTTTTTTTTTTTTTTTTTT PDIG        TELAPSE      292.68 TCPU      288.96
 CHARGE NORMALIZATION FACTOR   1.00000000
 TOTAL ATOMIC CHARGES:
   6.0349562   6.0349562   6.0349562   6.0349562   6.0349562   6.0349562
   6.0349562   6.0349562   5.9185974   5.9185974   5.9185974   5.9185974
   5.9185974   5.9185974   5.9185974   5.9185974   6.0148877   6.0148877
   6.0148877   6.0148877   6.0148877   6.0148877   6.0148877   6.0148877
   6.0021878   6.0021878   6.0021878   6.0021878   6.0021878   6.0021878
   6.0021878   6.0021878   6.0293709   6.0293709   6.0293709   6.0293709
   6.0293709   6.0293709   6.0293709   6.0293709
 SUMMED SPIN DENSITY           0.00000000
 TOTAL ATOMIC SPINS  :
   0.0000000   0.0000000   0.0000000   0.0000000   0.0000000   0.0000000
   0.0000000   0.0000000  -0.0000000  -0.0000000  -0.0000000  -0.0000000
  -0.0000000  -0.0000000  -0.0000000  -0.0000000   0.0000000   0.0000000
   0.0000000   0.0000000   0.0000000   0.0000000   0.0000000   0.0000000
  -0.0000000  -0.0000000  -0.0000000  -0.0000000  -0.0000000  -0.0000000
  -0.0000000  -0.0000000   0.0000000   0.0000000   0.0000000   0.0000000
   0.0000000   0.0000000   0.0000000   0.0000000
 TTTTTTTTTTTTTTTTTTTTTTTTTTTTTT MOQGAD      TELAPSE      292.69 TCPU      288.98
 TTTTTTTTTTTTTTTTTTTTTTTTTTTTTT SHELLXN     TELAPSE      387.32 TCPU      383.40
 TTTTTTTTTTTTTTTTTTTTTTTTTTTTTT MONMO3      TELAPSE      387.51 TCPU      383.59
 NUMERICALLY INTEGRATED DENSITY    120.0000160553    120.0000160553
 TTTTTTTTTTTTTTTTTTTTTTTTTTTTTT NUMDFT      TELAPSE      388.97 TCPU      385.05
 CYC   2 ETOT(AU) -1.523403014545E+03 DETOT -8.31E-02 tst  7.84E-04 PX  9.16E-02
 TTTTTTTTTTTTTTTTTTTTTTTTTTTTTT DIIS        TELAPSE      389.93 TCPU      385.56
 DIIS TEST: 0.39924E+00 AT SCF   CYCLE   2 - DIIS ACTIVE - HISTORY:     2 CYCLES
 TTTTTTTTTTTTTTTTTTTTTTTTTTTTTT FDIK        TELAPSE      411.74 TCPU      406.98

    ALPHA      ELECTRONS
 INSULATING STATE
 TOP OF VALENCE BANDS -    BAND    120; K    1; EIG -1.0575394E-01 AU
 BOTTOM OF VIRTUAL BANDS - BAND    121; K  211; EIG  2.0934192E-03 AU
 INDIRECT ENERGY BAND GAP:   2.9347 eV
 BOTTOM OF VIRTUAL BANDS - BAND    121; K    1; EIG  4.9979005E-02 AU

    BETA       ELECTRONS
 INSULATING STATE
 TOP OF VALENCE BANDS -    BAND    120; K    1; EIG -1.0575394E-01 AU
 BOTTOM OF VIRTUAL BANDS - BAND    121; K  211; EIG  2.0934192E-03 AU
 INDIRECT ENERGY BAND GAP:   2.9347 eV
 BOTTOM OF VIRTUAL BANDS - BAND    121; K    1; EIG  4.9979005E-02 AU
 TTTTTTTTTTTTTTTTTTTTTTTTTTTTTT PDIG        TELAPSE      414.47 TCPU      409.62
 CHARGE NORMALIZATION FACTOR   1.00000000
 TOTAL ATOMIC CHARGES:
   5.9566739   5.9566739   5.9566739   5.9566739   5.9566739   5.9566739
   5.9566739   5.9566739   6.0214352   6.0214352   6.0214352   6.0214352
   6.0214352   6.0214352   6.0214352   6.0214352   6.0142882   6.0142882
   6.0142882   6.0142882   6.0142882   6.0142882   6.0142882   6.0142882
   6.0046063   6.0046063   6.0046063   6.0046063   6.0046063   6.0046063
   6.0046063   6.0046063   6.0029965   6.0029965   6.0029965   6.0029965
   6.0029965   6.0029965   6.0029965   6.0029965
 SUMMED SPIN DENSITY           0.00000000
 TOTAL ATOMIC SPINS  :
  -0.0000000  -0.0000000  -0.0000000  -0.0000000  -0.0000000  -0.0000000
  -0.0000000  -0.0000000  -0.0000000  -0.0000000  -0.0000000  -0.0000000
  -0.0000000  -0.0000000  -0.0000000  -0.0000000   0.0000000   0.0000000
   0.0000000   0.0000000   0.0000000   0.0000000   0.0000000   0.0000000
  -0.0000000  -0.0000000  -0.0000000  -0.0000000  -0.0000000  -0.0000000
  -0.0000000  -0.0000000   0.0000000   0.0000000   0.0000000   0.0000000
   0.0000000   0.0000000   0.0000000   0.0000000
 TTTTTTTTTTTTTTTTTTTTTTTTTTTTTT MOQGAD      TELAPSE      414.49 TCPU      409.64
 TTTTTTTTTTTTTTTTTTTTTTTTTTTTTT SHELLXN     TELAPSE      508.87 TCPU      503.87
 TTTTTTTTTTTTTTTTTTTTTTTTTTTTTT MONMO3      TELAPSE      509.06 TCPU      504.06
 NUMERICALLY INTEGRATED DENSITY    120.0000163069    120.0000163069
 TTTTTTTTTTTTTTTTTTTTTTTTTTTTTT NUMDFT      TELAPSE      510.53 TCPU      505.53
 CYC   3 ETOT(AU) -1.523420345023E+03 DETOT -1.73E-02 tst  2.93E-04 PX  3.27E-02
 TTTTTTTTTTTTTTTTTTTTTTTTTTTTTT DIIS        TELAPSE      511.40 TCPU      506.12
 DIIS TEST: 0.11430E+00 AT SCF   CYCLE   3 - DIIS ACTIVE - HISTORY:     3 CYCLES
 TTTTTTTTTTTTTTTTTTTTTTTTTTTTTT FDIK        TELAPSE      533.60 TCPU      527.99

    ALPHA      ELECTRONS
 INSULATING STATE
 TOP OF VALENCE BANDS -    BAND    120; K    1; EIG -1.0659061E-01 AU
 BOTTOM OF VIRTUAL BANDS - BAND    121; K  211; EIG  3.3879375E-03 AU
 INDIRECT ENERGY BAND GAP:   2.9927 eV
 BOTTOM OF VIRTUAL BANDS - BAND    121; K    1; EIG  5.1502210E-02 AU

    BETA       ELECTRONS
 INSULATING STATE
 TOP OF VALENCE BANDS -    BAND    120; K    1; EIG -1.0659061E-01 AU
 BOTTOM OF VIRTUAL BANDS - BAND    121; K  211; EIG  3.3879375E-03 AU
 INDIRECT ENERGY BAND GAP:   2.9927 eV
 BOTTOM OF VIRTUAL BANDS - BAND    121; K    1; EIG  5.1502210E-02 AU
 TTTTTTTTTTTTTTTTTTTTTTTTTTTTTT PDIG        TELAPSE      536.32 TCPU      530.64
 CHARGE NORMALIZATION FACTOR   1.00000000
 TOTAL ATOMIC CHARGES:
   5.9974270   5.9974270   5.9974270   5.9974270   5.9974270   5.9974270
   5.9974270   5.9974270   5.9929802   5.9929802   5.9929802   5.9929802
   5.9929802   5.9929802   5.9929802   5.9929802   6.0015514   6.0015514
   6.0015514   6.0015514   6.0015514   6.0015514   6.0015514   6.0015514
   6.0159808   6.0159808   6.0159808   6.0159808   6.0159808   6.0159808
   6.0159808   6.0159808   5.9920606   5.9920606   5.9920606   5.9920606
   5.9920606   5.9920606   5.9920606   5.9920606
 SUMMED SPIN DENSITY           0.00000000
 TOTAL ATOMIC SPINS  :
  -0.0000000  -0.0000000  -0.0000000  -0.0000000  -0.0000000  -0.0000000
  -0.0000000  -0.0000000   0.0000000   0.0000000   0.0000000   0.0000000
   0.0000000   0.0000000   0.0000000   0.0000000   0.0000000   0.0000000
   0.0000000   0.0000000   0.0000000   0.0000000   0.0000000   0.0000000
  -0.0000000  -0.0000000  -0.0000000  -0.0000000  -0.0000000  -0.0000000
  -0.0000000  -0.0000000   0.0000000   0.0000000   0.0000000   0.0000000
   0.0000000   0.0000000   0.0000000   0.0000000
 TTTTTTTTTTTTTTTTTTTTTTTTTTTTTT MOQGAD      TELAPSE      536.33 TCPU      530.66
 TTTTTTTTTTTTTTTTTTTTTTTTTTTTTT SHELLXN     TELAPSE      630.69 TCPU      624.87
 TTTTTTTTTTTTTTTTTTTTTTTTTTTTTT MONMO3      TELAPSE      630.88 TCPU      625.06
 NUMERICALLY INTEGRATED DENSITY    120.0000160650    120.0000160650
 TTTTTTTTTTTTTTTTTTTTTTTTTTTTTT NUMDFT      TELAPSE      632.36 TCPU      626.53
 CYC   4 ETOT(AU) -1.523426056645E+03 DETOT -5.71E-03 tst  5.97E-05 PX  1.20E-02
 TTTTTTTTTTTTTTTTTTTTTTTTTTTTTT DIIS        TELAPSE      633.37 TCPU      627.02
 DIIS TEST: 0.12265E-01 AT SCF   CYCLE   4 - DIIS ACTIVE - HISTORY:     4 CYCLES
 TTTTTTTTTTTTTTTTTTTTTTTTTTTTTT FDIK        TELAPSE      655.09 TCPU      648.38

    ALPHA      ELECTRONS
 INSULATING STATE
 TOP OF VALENCE BANDS -    BAND    120; K    1; EIG -1.0642278E-01 AU
 BOTTOM OF VIRTUAL BANDS - BAND    121; K  211; EIG  3.3543577E-03 AU
 INDIRECT ENERGY BAND GAP:   2.9872 eV
 BOTTOM OF VIRTUAL BANDS - BAND    121; K    1; EIG  5.1543081E-02 AU

    BETA       ELECTRONS
 INSULATING STATE
 TOP OF VALENCE BANDS -    BAND    120; K    1; EIG -1.0642278E-01 AU
 BOTTOM OF VIRTUAL BANDS - BAND    121; K  211; EIG  3.3543577E-03 AU
 INDIRECT ENERGY BAND GAP:   2.9872 eV
 BOTTOM OF VIRTUAL BANDS - BAND    121; K    1; EIG  5.1543081E-02 AU
 TTTTTTTTTTTTTTTTTTTTTTTTTTTTTT PDIG        TELAPSE      657.79 TCPU      651.02
 CHARGE NORMALIZATION FACTOR   1.00000000
 TOTAL ATOMIC CHARGES:
   5.9848146   5.9848146   5.9848146   5.9848146   5.9848146   5.9848146
   5.9848146   5.9848146   5.9900449   5.9900449   5.9900449   5.9900449
   5.9900449   5.9900449   5.9900449   5.9900449   6.0116561   6.0116561
   6.0116561   6.0116561   6.0116561   6.0116561   6.0116561   6.0116561
   6.0054804   6.0054804   6.0054804   6.0054804   6.0054804   6.0054804
   6.0054804   6.0054804   6.0080041   6.0080041   6.0080041   6.0080041
   6.0080041   6.0080041   6.0080041   6.0080041
 SUMMED SPIN DENSITY           0.00000000
 TOTAL ATOMIC SPINS  :
  -0.0000000  -0.0000000  -0.0000000  -0.0000000  -0.0000000  -0.0000000
  -0.0000000  -0.0000000   0.0000000   0.0000000   0.0000000   0.0000000
   0.0000000   0.0000000   0.0000000   0.0000000   0.0000000   0.0000000
   0.0000000   0.0000000   0.0000000   0.0000000   0.0000000   0.0000000
  -0.0000000  -0.0000000  -0.0000000  -0.0000000  -0.0000000  -0.0000000
  -0.0000000  -0.0000000   0.0000000   0.0000000   0.0000000   0.0000000
   0.0000000   0.0000000   0.0000000   0.0000000
 TTTTTTTTTTTTTTTTTTTTTTTTTTTTTT MOQGAD      TELAPSE      657.80 TCPU      651.04
 TTTTTTTTTTTTTTTTTTTTTTTTTTTTTT SHELLXN     TELAPSE      752.50 TCPU      745.56
 TTTTTTTTTTTTTTTTTTTTTTTTTTTTTT MONMO3      TELAPSE      752.69 TCPU      745.75
 NUMERICALLY INTEGRATED DENSITY    120.0000161734    120.0000161734
 TTTTTTTTTTTTTTTTTTTTTTTTTTTTTT NUMDFT      TELAPSE      754.16 TCPU      747.22
 CYC   5 ETOT(AU) -1.523426633117E+03 DETOT -5.76E-04 tst  4.24E-06 PX  3.38E-03
 TTTTTTTTTTTTTTTTTTTTTTTTTTTTTT DIIS        TELAPSE      755.18 TCPU      747.75
 DIIS TEST: 0.10910E-02 AT SCF   CYCLE   5 - DIIS ACTIVE - HISTORY:     5 CYCLES
 TTTTTTTTTTTTTTTTTTTTTTTTTTTTTT FDIK        TELAPSE      776.57 TCPU      768.86

    ALPHA      ELECTRONS
 INSULATING STATE
 TOP OF VALENCE BANDS -    BAND    120; K    1; EIG -1.0624406E-01 AU
 BOTTOM OF VIRTUAL BANDS - BAND    121; K  211; EIG  3.4984287E-03 AU
 INDIRECT ENERGY BAND GAP:   2.9862 eV
 BOTTOM OF VIRTUAL BANDS - BAND    121; K    1; EIG  5.1724159E-02 AU

    BETA       ELECTRONS
 INSULATING STATE
 TOP OF VALENCE BANDS -    BAND    120; K    1; EIG -1.0624406E-01 AU
 BOTTOM OF VIRTUAL BANDS - BAND    121; K  211; EIG  3.4984287E-03 AU
 INDIRECT ENERGY BAND GAP:   2.9862 eV
 BOTTOM OF VIRTUAL BANDS - BAND    121; K    1; EIG  5.1724159E-02 AU
 TTTTTTTTTTTTTTTTTTTTTTTTTTTTTT PDIG        TELAPSE      779.26 TCPU      771.52
 CHARGE NORMALIZATION FACTOR   1.00000000
 TOTAL ATOMIC CHARGES:
   5.9876705   5.9876705   5.9876705   5.9876705   5.9876705   5.9876705
   5.9876705   5.9876705   5.9908614   5.9908614   5.9908614   5.9908614
   5.9908614   5.9908614   5.9908614   5.9908614   6.0091320   6.0091320
   6.0091320   6.0091320   6.0091320   6.0091320   6.0091320   6.0091320
   6.0088961   6.0088961   6.0088961   6.0088961   6.0088961   6.0088961
   6.0088961   6.0088961   6.0034400   6.0034400   6.0034400   6.0034400
   6.0034400   6.0034400   6.0034400   6.0034400
 SUMMED SPIN DENSITY           0.00000000
 TOTAL ATOMIC SPINS  :
  -0.0000000  -0.0000000  -0.0000000  -0.0000000  -0.0000000  -0.0000000
  -0.0000000  -0.0000000   0.0000000   0.0000000   0.0000000   0.0000000
   0.0000000   0.0000000   0.0000000   0.0000000   0.0000000   0.0000000
   0.0000000   0.0000000   0.0000000   0.0000000   0.0000000   0.0000000
  -0.0000000  -0.0000000  -0.0000000  -0.0000000  -0.0000000  -0.0000000
  -0.0000000  -0.0000000   0.0000000   0.0000000   0.0000000   0.0000000
   0.0000000   0.0000000   0.0000000   0.0000000
 TTTTTTTTTTTTTTTTTTTTTTTTTTTTTT MOQGAD      TELAPSE      779.28 TCPU      771.54
 TTTTTTTTTTTTTTTTTTTTTTTTTTTTTT SHELLXN     TELAPSE      873.66 TCPU      865.75
 TTTTTTTTTTTTTTTTTTTTTTTTTTTTTT MONMO3      TELAPSE      873.85 TCPU      865.94
 NUMERICALLY INTEGRATED DENSITY    120.0000161317    120.0000161317
 TTTTTTTTTTTTTTTTTTTTTTTTTTTTTT NUMDFT      TELAPSE      875.35 TCPU      867.43
 CYC   6 ETOT(AU) -1.523426698236E+03 DETOT -6.51E-05 tst  2.18E-07 PX  1.31E-03
 TTTTTTTTTTTTTTTTTTTTTTTTTTTTTT DIIS        TELAPSE      876.50 TCPU      868.07
 DIIS TEST: 0.36105E-04 AT SCF   CYCLE   6 - DIIS ACTIVE - HISTORY:     6 CYCLES
 TTTTTTTTTTTTTTTTTTTTTTTTTTTTTT FDIK        TELAPSE      898.44 TCPU      889.63

    ALPHA      ELECTRONS
 INSULATING STATE
 TOP OF VALENCE BANDS -    BAND    120; K    1; EIG -1.0634160E-01 AU
 BOTTOM OF VIRTUAL BANDS - BAND    121; K  211; EIG  3.4590884E-03 AU
 INDIRECT ENERGY BAND GAP:   2.9878 eV
 BOTTOM OF VIRTUAL BANDS - BAND    121; K    1; EIG  5.1661145E-02 AU

    BETA       ELECTRONS
 INSULATING STATE
 TOP OF VALENCE BANDS -    BAND    120; K    1; EIG -1.0634160E-01 AU
 BOTTOM OF VIRTUAL BANDS - BAND    121; K  211; EIG  3.4590884E-03 AU
 INDIRECT ENERGY BAND GAP:   2.9878 eV
 BOTTOM OF VIRTUAL BANDS - BAND    121; K    1; EIG  5.1661145E-02 AU
 TTTTTTTTTTTTTTTTTTTTTTTTTTTTTT PDIG        TELAPSE      901.15 TCPU      892.28
 CHARGE NORMALIZATION FACTOR   1.00000000
 TOTAL ATOMIC CHARGES:
   5.9873987   5.9873987   5.9873987   5.9873987   5.9873987   5.9873987
   5.9873987   5.9873987   5.9911469   5.9911469   5.9911469   5.9911469
   5.9911469   5.9911469   5.9911469   5.9911469   6.0092329   6.0092329
   6.0092329   6.0092329   6.0092329   6.0092329   6.0092329   6.0092329
   6.0082631   6.0082631   6.0082631   6.0082631   6.0082631   6.0082631
   6.0082631   6.0082631   6.0039584   6.0039584   6.0039584   6.0039584
   6.0039584   6.0039584   6.0039584   6.0039584
 SUMMED SPIN DENSITY           0.00000000
 TOTAL ATOMIC SPINS  :
  -0.0000000  -0.0000000  -0.0000000  -0.0000000  -0.0000000  -0.0000000
  -0.0000000  -0.0000000   0.0000000   0.0000000   0.0000000   0.0000000
   0.0000000   0.0000000   0.0000000   0.0000000   0.0000000   0.0000000
   0.0000000   0.0000000   0.0000000   0.0000000   0.0000000   0.0000000
  -0.0000000  -0.0000000  -0.0000000  -0.0000000  -0.0000000  -0.0000000
  -0.0000000  -0.0000000   0.0000000   0.0000000   0.0000000   0.0000000
   0.0000000   0.0000000   0.0000000   0.0000000
 TTTTTTTTTTTTTTTTTTTTTTTTTTTTTT MOQGAD      TELAPSE      901.16 TCPU      892.30
 TTTTTTTTTTTTTTTTTTTTTTTTTTTTTT SHELLXN     TELAPSE      995.75 TCPU      986.76
 TTTTTTTTTTTTTTTTTTTTTTTTTTTTTT MONMO3      TELAPSE      995.94 TCPU      986.96
 NUMERICALLY INTEGRATED DENSITY    120.0000161361    120.0000161361
 TTTTTTTTTTTTTTTTTTTTTTTTTTTTTT NUMDFT      TELAPSE      997.43 TCPU      988.45
 CYC   7 ETOT(AU) -1.523426699959E+03 DETOT -1.72E-06 tst  7.70E-09 PX  2.91E-04
 TTTTTTTTTTTTTTTTTTTTTTTTTTTTTT DIIS        TELAPSE      998.40 TCPU      989.03
 DIIS TEST: 0.11794E-05 AT SCF   CYCLE   7 - DIIS ACTIVE - HISTORY:     7 CYCLES
 TTTTTTTTTTTTTTTTTTTTTTTTTTTTTT FDIK        TELAPSE     1020.01 TCPU     1010.25

    ALPHA      ELECTRONS
 INSULATING STATE
 TOP OF VALENCE BANDS -    BAND    120; K    1; EIG -1.0634749E-01 AU
 BOTTOM OF VIRTUAL BANDS - BAND    121; K  211; EIG  3.4455063E-03 AU
 INDIRECT ENERGY BAND GAP:   2.9876 eV
 BOTTOM OF VIRTUAL BANDS - BAND    121; K    1; EIG  5.1655382E-02 AU

    BETA       ELECTRONS
 INSULATING STATE
 TOP OF VALENCE BANDS -    BAND    120; K    1; EIG -1.0634749E-01 AU
 BOTTOM OF VIRTUAL BANDS - BAND    121; K  211; EIG  3.4455063E-03 AU
 INDIRECT ENERGY BAND GAP:   2.9876 eV
 BOTTOM OF VIRTUAL BANDS - BAND    121; K    1; EIG  5.1655382E-02 AU
 TTTTTTTTTTTTTTTTTTTTTTTTTTTTTT PDIG        TELAPSE     1022.67 TCPU     1012.87
 CHARGE NORMALIZATION FACTOR   1.00000000
 TOTAL ATOMIC CHARGES:
   5.9872820   5.9872820   5.9872820   5.9872820   5.9872820   5.9872820
   5.9872820   5.9872820   5.9910706   5.9910706   5.9910706   5.9910706
   5.9910706   5.9910706   5.9910706   5.9910706   6.0093846   6.0093846
   6.0093846   6.0093846   6.0093846   6.0093846   6.0093846   6.0093846
   6.0084072   6.0084072   6.0084072   6.0084072   6.0084072   6.0084072
   6.0084072   6.0084072   6.0038556   6.0038556   6.0038556   6.0038556
   6.0038556   6.0038556   6.0038556   6.0038556
 SUMMED SPIN DENSITY           0.00000000
 TOTAL ATOMIC SPINS  :
  -0.0000000  -0.0000000  -0.0000000  -0.0000000  -0.0000000  -0.0000000
  -0.0000000  -0.0000000   0.0000000   0.0000000   0.0000000   0.0000000
   0.0000000   0.0000000   0.0000000   0.0000000   0.0000000   0.0000000
   0.0000000   0.0000000   0.0000000   0.0000000   0.0000000   0.0000000
  -0.0000000  -0.0000000  -0.0000000  -0.0000000  -0.0000000  -0.0000000
  -0.0000000  -0.0000000   0.0000000   0.0000000   0.0000000   0.0000000
   0.0000000   0.0000000   0.0000000   0.0000000
 TTTTTTTTTTTTTTTTTTTTTTTTTTTTTT MOQGAD      TELAPSE     1022.69 TCPU     1012.89
 TTTTTTTTTTTTTTTTTTTTTTTTTTTTTT SHELLXN     TELAPSE     1117.11 TCPU     1107.13
 TTTTTTTTTTTTTTTTTTTTTTTTTTTTTT MONMO3      TELAPSE     1117.30 TCPU     1107.32
 NUMERICALLY INTEGRATED DENSITY    120.0000161363    120.0000161363
 TTTTTTTTTTTTTTTTTTTTTTTTTTTTTT NUMDFT      TELAPSE     1118.78 TCPU     1108.80
 CYC   8 ETOT(AU) -1.523426699890E+03 DETOT  6.90E-08 tst  1.51E-09 PX  3.89E-05
 TTTTTTTTTTTTTTTTTTTTTTTTTTTTTT DIIS        TELAPSE     1119.96 TCPU     1109.39
 DIIS TEST: 0.79689E-06 AT SCF   CYCLE   8 - DIIS ACTIVE - HISTORY:     8 CYCLES
 TTTTTTTTTTTTTTTTTTTTTTTTTTTTTT FDIK        TELAPSE     1140.76 TCPU     1129.88

    ALPHA      ELECTRONS
 INSULATING STATE
 TOP OF VALENCE BANDS -    BAND    120; K    1; EIG -1.0635759E-01 AU
 BOTTOM OF VIRTUAL BANDS - BAND    121; K  211; EIG  3.4396931E-03 AU
 INDIRECT ENERGY BAND GAP:   2.9877 eV
 BOTTOM OF VIRTUAL BANDS - BAND    121; K    1; EIG  5.1645631E-02 AU

    BETA       ELECTRONS
 INSULATING STATE
 TOP OF VALENCE BANDS -    BAND    120; K    1; EIG -1.0635759E-01 AU
 BOTTOM OF VIRTUAL BANDS - BAND    121; K  211; EIG  3.4396931E-03 AU
 INDIRECT ENERGY BAND GAP:   2.9877 eV
 BOTTOM OF VIRTUAL BANDS - BAND    121; K    1; EIG  5.1645631E-02 AU
 TTTTTTTTTTTTTTTTTTTTTTTTTTTTTT PDIG        TELAPSE     1143.42 TCPU     1132.54
 CHARGE NORMALIZATION FACTOR   1.00000000
 TOTAL ATOMIC CHARGES:
   5.9873546   5.9873546   5.9873546   5.9873546   5.9873546   5.9873546
   5.9873546   5.9873546   5.9911149   5.9911149   5.9911149   5.9911149
   5.9911149   5.9911149   5.9911149   5.9911149   6.0093104   6.0093104
   6.0093104   6.0093104   6.0093104   6.0093104   6.0093104   6.0093104
   6.0083337   6.0083337   6.0083337   6.0083337   6.0083337   6.0083337
   6.0083337   6.0083337   6.0038863   6.0038863   6.0038863   6.0038863
   6.0038863   6.0038863   6.0038863   6.0038863
 SUMMED SPIN DENSITY           0.00000000
 TOTAL ATOMIC SPINS  :
  -0.0000000  -0.0000000  -0.0000000  -0.0000000  -0.0000000  -0.0000000
  -0.0000000  -0.0000000   0.0000000   0.0000000   0.0000000   0.0000000
   0.0000000   0.0000000   0.0000000   0.0000000   0.0000000   0.0000000
   0.0000000   0.0000000   0.0000000   0.0000000   0.0000000   0.0000000
  -0.0000000  -0.0000000  -0.0000000  -0.0000000  -0.0000000  -0.0000000
  -0.0000000  -0.0000000  -0.0000000  -0.0000000  -0.0000000  -0.0000000
  -0.0000000  -0.0000000  -0.0000000  -0.0000000
 TTTTTTTTTTTTTTTTTTTTTTTTTTTTTT MOQGAD      TELAPSE     1143.44 TCPU     1132.56
 TTTTTTTTTTTTTTTTTTTTTTTTTTTTTT SHELLXN     TELAPSE     1237.73 TCPU     1226.70
 TTTTTTTTTTTTTTTTTTTTTTTTTTTTTT MONMO3      TELAPSE     1237.92 TCPU     1226.89
 NUMERICALLY INTEGRATED DENSITY    120.0000161358    120.0000161358
 TTTTTTTTTTTTTTTTTTTTTTTTTTTTTT NUMDFT      TELAPSE     1239.40 TCPU     1228.36
 CYC   9 ETOT(AU) -1.523426700012E+03 DETOT -1.21E-07 tst  2.30E-10 PX  2.17E-05
 TTTTTTTTTTTTTTTTTTTTTTTTTTTTTT DIIS        TELAPSE     1240.38 TCPU     1228.94
 DIIS TEST: 0.20825E-07 AT SCF   CYCLE   9 - DIIS ACTIVE - HISTORY:     9 CYCLES
 TTTTTTTTTTTTTTTTTTTTTTTTTTTTTT FDIK        TELAPSE     1262.57 TCPU     1250.85

    ALPHA      ELECTRONS
 INSULATING STATE
 TOP OF VALENCE BANDS -    BAND    120; K    1; EIG -1.0635766E-01 AU
 BOTTOM OF VIRTUAL BANDS - BAND    121; K  211; EIG  3.4394639E-03 AU
 INDIRECT ENERGY BAND GAP:   2.9877 eV
 BOTTOM OF VIRTUAL BANDS - BAND    121; K    1; EIG  5.1646142E-02 AU

    BETA       ELECTRONS
 INSULATING STATE
 TOP OF VALENCE BANDS -    BAND    120; K    1; EIG -1.0635766E-01 AU
 BOTTOM OF VIRTUAL BANDS - BAND    121; K  211; EIG  3.4394639E-03 AU
 INDIRECT ENERGY BAND GAP:   2.9877 eV
 BOTTOM OF VIRTUAL BANDS - BAND    121; K    1; EIG  5.1646142E-02 AU
 TTTTTTTTTTTTTTTTTTTTTTTTTTTTTT PDIG        TELAPSE     1265.29 TCPU     1253.49
 CHARGE NORMALIZATION FACTOR   1.00000000
 TOTAL ATOMIC CHARGES:
   5.9873429   5.9873429   5.9873429   5.9873429   5.9873429   5.9873429
   5.9873429   5.9873429   5.9911059   5.9911059   5.9911059   5.9911059
   5.9911059   5.9911059   5.9911059   5.9911059   6.0093046   6.0093046
   6.0093046   6.0093046   6.0093046   6.0093046   6.0093046   6.0093046
   6.0083495   6.0083495   6.0083495   6.0083495   6.0083495   6.0083495
   6.0083495   6.0083495   6.0038972   6.0038972   6.0038972   6.0038972
   6.0038972   6.0038972   6.0038972   6.0038972
 SUMMED SPIN DENSITY           0.00000000
 TOTAL ATOMIC SPINS  :
  -0.0000000  -0.0000000  -0.0000000  -0.0000000  -0.0000000  -0.0000000
  -0.0000000  -0.0000000   0.0000000   0.0000000   0.0000000   0.0000000
   0.0000000   0.0000000   0.0000000   0.0000000   0.0000000   0.0000000
   0.0000000   0.0000000   0.0000000   0.0000000   0.0000000   0.0000000
  -0.0000000  -0.0000000  -0.0000000  -0.0000000  -0.0000000  -0.0000000
  -0.0000000  -0.0000000   0.0000000   0.0000000   0.0000000   0.0000000
   0.0000000   0.0000000   0.0000000   0.0000000
 TTTTTTTTTTTTTTTTTTTTTTTTTTTTTT MOQGAD      TELAPSE     1265.30 TCPU     1253.51
 TTTTTTTTTTTTTTTTTTTTTTTTTTTTTT SHELLXN     TELAPSE     1360.25 TCPU     1348.30
 TTTTTTTTTTTTTTTTTTTTTTTTTTTTTT MONMO3      TELAPSE     1360.44 TCPU     1348.48
 NUMERICALLY INTEGRATED DENSITY    120.0000161358    120.0000161358
 TTTTTTTTTTTTTTTTTTTTTTTTTTTTTT NUMDFT      TELAPSE     1361.90 TCPU     1349.95
 CYC  10 ETOT(AU) -1.523426700012E+03 DETOT -5.41E-10 tst  1.60E-11 PX  4.12E-06
 TTTTTTTTTTTTTTTTTTTTTTTTTTTTTT DIIS        TELAPSE     1367.80 TCPU     1355.46
 DIIS TEST: 0.36053E-08 AT SCF   CYCLE  10 - DIIS ACTIVE - HISTORY:    10 CYCLES
 TTTTTTTTTTTTTTTTTTTTTTTTTTTTTT FDIK        TELAPSE     1388.58 TCPU     1375.41

    ALPHA      ELECTRONS
 INSULATING STATE
 TOP OF VALENCE BANDS -    BAND    120; K    1; EIG -1.0635797E-01 AU
 BOTTOM OF VIRTUAL BANDS - BAND    121; K  211; EIG  3.4393647E-03 AU
 INDIRECT ENERGY BAND GAP:   2.9877 eV
 BOTTOM OF VIRTUAL BANDS - BAND    121; K    1; EIG  5.1645905E-02 AU

    BETA       ELECTRONS
 INSULATING STATE
 TOP OF VALENCE BANDS -    BAND    120; K    1; EIG -1.0635797E-01 AU
 BOTTOM OF VIRTUAL BANDS - BAND    121; K  211; EIG  3.4393647E-03 AU
 INDIRECT ENERGY BAND GAP:   2.9877 eV
 BOTTOM OF VIRTUAL BANDS - BAND    121; K    1; EIG  5.1645905E-02 AU
 TTTTTTTTTTTTTTTTTTTTTTTTTTTTTT PDIG        TELAPSE     1391.29 TCPU     1378.06
 CHARGE NORMALIZATION FACTOR   1.00000000
 TOTAL ATOMIC CHARGES:
   5.9873455   5.9873455   5.9873455   5.9873455   5.9873455   5.9873455
   5.9873455   5.9873455   5.9911068   5.9911068   5.9911068   5.9911068
   5.9911068   5.9911068   5.9911068   5.9911068   6.0093125   6.0093125
   6.0093125   6.0093125   6.0093125   6.0093125   6.0093125   6.0093125
   6.0083439   6.0083439   6.0083439   6.0083439   6.0083439   6.0083439
   6.0083439   6.0083439   6.0038912   6.0038912   6.0038912   6.0038912
   6.0038912   6.0038912   6.0038912   6.0038912
 SUMMED SPIN DENSITY           0.00000000
 TOTAL ATOMIC SPINS  :
  -0.0000000  -0.0000000  -0.0000000  -0.0000000  -0.0000000  -0.0000000
  -0.0000000  -0.0000000   0.0000000   0.0000000   0.0000000   0.0000000
   0.0000000   0.0000000   0.0000000   0.0000000   0.0000000   0.0000000
   0.0000000   0.0000000   0.0000000   0.0000000   0.0000000   0.0000000
  -0.0000000  -0.0000000  -0.0000000  -0.0000000  -0.0000000  -0.0000000
  -0.0000000  -0.0000000   0.0000000   0.0000000   0.0000000   0.0000000
   0.0000000   0.0000000   0.0000000   0.0000000
 TTTTTTTTTTTTTTTTTTTTTTTTTTTTTT MOQGAD      TELAPSE     1391.31 TCPU     1378.08
 TTTTTTTTTTTTTTTTTTTTTTTTTTTTTT SHELLXN     TELAPSE     1485.70 TCPU     1472.38
 +++ ENERGIES IN A.U. +++
 ::: EXT EL-POLE                                  -6.9756006622673E+03
 ::: EXT EL-SPHEROPOLE                             6.1639527334776E+01
 ::: BIELET ZONE E-E                               7.2246808086400E+03
 ::: TOTAL E-E                                     3.1071967370746E+02
 ::: TOTAL E-N + N-E                              -2.6743302156590E+03
 ::: TOTAL N-N                                    -5.0256694613719E+02
 ::: KINETIC ENERGY                                1.5188853403905E+03
 ::: PSEUDO TOTAL   ENERGY                        -1.3472921476983E+03
 ::: VIRIAL COEFFICIENT                            1.0598683066228E+00
 TTTTTTTTTTTTTTTTTTTTTTTTTTTTTT MONMO3      TELAPSE     1485.89 TCPU     1472.56
 NUMERICALLY INTEGRATED DENSITY    120.0000161358    120.0000161358
 EXCHANGE ENERGY: -0.165984516723E+03  CORRELATION ENERGY: -0.101500355946E+02
 TTTTTTTTTTTTTTTTTTTTTTTTTTTTTT NUMDFT      TELAPSE     1487.38 TCPU     1474.05
 CYC  11 ETOT(AU) -1.523426700016E+03 DETOT -3.89E-09 tst  6.15E-13 PX  4.12E-06

 == SCF ENDED - CONVERGENCE ON ENERGY      E(AU) -1.5234267000160E+03 CYCLES  11


 ENERGY EXPRESSION=HARTREE+FOCK EXCH*0.20000+(BECKE      EXCH)*0.80000+LYP        CORR


 TOTAL ENERGY(DFT)(AU)( 11) -1.5234267000160E+03 DE-3.9E-09 tester 6.2E-13
 TTTTTTTTTTTTTTTTTTTTTTTTTTTTTT EDFT        TELAPSE     1487.40 TCPU     1474.06
 
 INFORMATION **** DFTD3 ENERGY **** CALCULATE DFTD3 ENERGY

           DFT-D V3(BJ)
 DF                                         b3-lyp    
 parameters
 s6       :    1.0000
 s8       :    1.9889
 a1       :    0.3981
 a2       :    4.4211
 k1 k3    :   16.0000   -4.0000
 Cutoff   :   50.2022
 CN-Cutoff:   21.1671
 ABC-Cutoff:   21.1671
 
 Edisp /kcal,au:  -261.7509 -0.41712657

 E6    /kcal :  -125.8588
 E8    /kcal :  -135.8921
 
 INFORMATION **** DFTD3 ENERGY **** NORMAL TERMINATION OF DFTD3 MODULE

 *******************************************************************************

 DFT-D3 DISPERSION ENERGY CORRECTION

 D3 DISPERSION ENERGY (AU)       -4.1712657357458E-01
 TOTAL ENERGY + DISP (AU)        -1.5238438265896E+03

 *******************************************************************************


 NEIGHBORS OF THE NON-EQUIVALENT ATOMS

 N = NUMBER OF NEIGHBORS AT DISTANCE R
    ATOM  N     R/ANG      R/AU   NEIGHBORS (ATOM LABELS AND CELL INDICES)
   1 C    1     1.5155     2.8638    5 C    1 0 0
   1 C    1     1.5342     2.8992    8 C    0 0 0
   1 C    1     1.5999     3.0234   33 C    0 0 0
   1 C    1     1.6411     3.1013   23 C    0 0 0
   1 C    1     2.2451     4.2426   18 C    0 0 0
   1 C    1     2.3611     4.4618   26 C    0 0 0

   9 C    1     1.3309     2.5150   16 C    0 0 0
   9 C    1     1.4749     2.7872   22 C    0 1 0
   9 C    1     1.4890     2.8138   35 C    0 1 0
   9 C    1     2.3800     4.4976   28 C    0 0 0
   9 C    1     2.3935     4.5230   31 C    0 0 0
   9 C    1     2.3968     4.5293   19 C    0 0 0

  17 C    1     1.4749     2.7872   14 C    0-1 0
  17 C    1     1.5184     2.8694   28 C    1-1 0
  17 C    1     1.5298     2.8909   24 C    0 0 0
  17 C    1     1.6411     3.1013    7 C    0 0 1
  17 C    1     2.2451     4.2426    2 C    0 0 1
  17 C    1     2.3363     4.4149   32 C    0 0 1

  25 C    1     1.4774     2.7918   29 C    1 0-1
  25 C    1     1.5184     2.8694   20 C    1 0 0
  25 C    1     1.5397     2.9096   34 C    0 0 0
  25 C    1     1.5760     2.9782   32 C    0 0 0
  25 C    1     2.3363     4.4149   24 C    0 0-1
  25 C    1     2.3378     4.4179   38 C    1 0-1

  33 C    1     1.4890     2.8138   11 C    0 0 0
  33 C    1     1.5397     2.9096   26 C    0 0 0
  33 C    1     1.5511     2.9311   40 C    0 0 0
  33 C    1     1.5999     3.0234    1 C    0 0 0
  33 C    1     2.3378     4.4179   30 C    0 0 0
  33 C    1     2.3996     4.5346   14 C    0 0 0

 TTTTTTTTTTTTTTTTTTTTTTTTTTTTTT AFTER FIRST TELAPSE     1487.69 TCPU     1474.31
 MMMMMMMMMMMMMMMMMMMMMMMMMMMMMMMMMMMMMMMMMMMMMMMMMMMMMMMMMMMMMMMMMMMMMMMMMMMMMMM
     ALPHA+BETA ELECTRONS
 MULLIKEN POPULATION ANALYSIS - NO. OF ELECTRONS  240.000000

  ATOM    Z CHARGE  A.O. POPULATION

   1 C    6  5.987  0.854  1.120  0.768  0.423  0.442  0.451  0.404 -0.013
                   -0.008 -0.007  0.519  0.495  0.498  0.008  0.010  0.005
                    0.012  0.007
   2 C    6  5.987  0.854  1.120  0.768  0.423  0.442  0.451  0.404 -0.013
                   -0.008 -0.007  0.519  0.495  0.498  0.008  0.010  0.005
                    0.012  0.007
   3 C    6  5.987  0.854  1.120  0.768  0.423  0.442  0.451  0.404 -0.013
                   -0.008 -0.007  0.519  0.495  0.498  0.008  0.010  0.005
                    0.012  0.007
   4 C    6  5.987  0.854  1.120  0.768  0.423  0.442  0.451  0.404 -0.013
                   -0.008 -0.007  0.519  0.495  0.498  0.008  0.010  0.005
                    0.012  0.007
   5 C    6  5.987  0.854  1.120  0.768  0.423  0.442  0.451  0.404 -0.013
                   -0.008 -0.007  0.519  0.495  0.498  0.008  0.010  0.005
                    0.012  0.007
   6 C    6  5.987  0.854  1.120  0.768  0.423  0.442  0.451  0.404 -0.013
                   -0.008 -0.007  0.519  0.495  0.498  0.008  0.010  0.005
                    0.012  0.007
   7 C    6  5.987  0.854  1.120  0.768  0.423  0.442  0.451  0.404 -0.013
                   -0.008 -0.007  0.519  0.495  0.498  0.008  0.010  0.005
                    0.012  0.007
   8 C    6  5.987  0.854  1.120  0.768  0.423  0.442  0.451  0.404 -0.013
                   -0.008 -0.007  0.519  0.495  0.498  0.008  0.010  0.005
                    0.012  0.007
   9 C    6  5.991  0.854  1.121  0.758  0.410  0.407  0.516  0.458 -0.051
                   -0.004  0.017  0.640  0.426  0.401  0.010  0.005  0.013
                    0.006  0.006
  10 C    6  5.991  0.854  1.121  0.758  0.410  0.407  0.516  0.458 -0.051
                   -0.004  0.017  0.640  0.426  0.401  0.010  0.005  0.013
                    0.006  0.006
  11 C    6  5.991  0.854  1.121  0.758  0.410  0.407  0.516  0.458 -0.051
                   -0.004  0.017  0.640  0.426  0.401  0.010  0.005  0.013
                    0.006  0.006
  12 C    6  5.991  0.854  1.121  0.758  0.410  0.407  0.516  0.458 -0.051
                   -0.004  0.017  0.640  0.426  0.401  0.010  0.005  0.013
                    0.006  0.006
  13 C    6  5.991  0.854  1.121  0.758  0.410  0.407  0.516  0.458 -0.051
                   -0.004  0.017  0.640  0.426  0.401  0.010  0.005  0.013
                    0.006  0.006
  14 C    6  5.991  0.854  1.121  0.758  0.410  0.407  0.516  0.458 -0.051
                   -0.004  0.017  0.640  0.426  0.401  0.010  0.005  0.013
                    0.006  0.006
  15 C    6  5.991  0.854  1.121  0.758  0.410  0.407  0.516  0.458 -0.051
                   -0.004  0.017  0.640  0.426  0.401  0.010  0.005  0.013
                    0.006  0.006
  16 C    6  5.991  0.854  1.121  0.758  0.410  0.407  0.516  0.458 -0.051
                   -0.004  0.017  0.640  0.426  0.401  0.010  0.005  0.013
                    0.006  0.006
  17 C    6  6.009  0.853  1.121  0.761  0.386  0.435  0.455  0.448 -0.017
                   -0.005 -0.009  0.532  0.489  0.515  0.010  0.010  0.008
                    0.010  0.007
  18 C    6  6.009  0.853  1.121  0.761  0.386  0.435  0.455  0.448 -0.017
                   -0.005 -0.009  0.532  0.489  0.515  0.010  0.010  0.008
                    0.010  0.007
  19 C    6  6.009  0.853  1.121  0.761  0.386  0.435  0.455  0.448 -0.017
                   -0.005 -0.009  0.532  0.489  0.515  0.010  0.010  0.008
                    0.010  0.007
  20 C    6  6.009  0.853  1.121  0.761  0.386  0.435  0.455  0.448 -0.017
                   -0.005 -0.009  0.532  0.489  0.515  0.010  0.010  0.008
                    0.010  0.007
  21 C    6  6.009  0.853  1.121  0.761  0.386  0.435  0.455  0.448 -0.017
                   -0.005 -0.009  0.532  0.489  0.515  0.010  0.010  0.008
                    0.010  0.007
  22 C    6  6.009  0.853  1.121  0.761  0.386  0.435  0.455  0.448 -0.017
                   -0.005 -0.009  0.532  0.489  0.515  0.010  0.010  0.008
                    0.010  0.007
  23 C    6  6.009  0.853  1.121  0.761  0.386  0.435  0.455  0.448 -0.017
                   -0.005 -0.009  0.532  0.489  0.515  0.010  0.010  0.008
                    0.010  0.007
  24 C    6  6.009  0.853  1.121  0.761  0.386  0.435  0.455  0.448 -0.017
                   -0.005 -0.009  0.532  0.489  0.515  0.010  0.010  0.008
                    0.010  0.007
  25 C    6  6.008  0.854  1.120  0.758  0.407  0.455  0.434  0.467 -0.019
                   -0.009 -0.015  0.525  0.493  0.491  0.011  0.009  0.007
                    0.012  0.008
  26 C    6  6.008  0.854  1.120  0.758  0.407  0.455  0.434  0.467 -0.019
                   -0.009 -0.015  0.525  0.493  0.491  0.011  0.009  0.007
                    0.012  0.008
  27 C    6  6.008  0.854  1.120  0.758  0.407  0.455  0.434  0.467 -0.019
                   -0.009 -0.015  0.525  0.493  0.491  0.011  0.009  0.007
                    0.012  0.008
  28 C    6  6.008  0.854  1.120  0.758  0.407  0.455  0.434  0.467 -0.019
                   -0.009 -0.015  0.525  0.493  0.491  0.011  0.009  0.007
                    0.012  0.008
  29 C    6  6.008  0.854  1.120  0.758  0.407  0.455  0.434  0.467 -0.019
                   -0.009 -0.015  0.525  0.493  0.491  0.011  0.009  0.007
                    0.012  0.008
  30 C    6  6.008  0.854  1.120  0.758  0.407  0.455  0.434  0.467 -0.019
                   -0.009 -0.015  0.525  0.493  0.491  0.011  0.009  0.007
                    0.012  0.008
  31 C    6  6.008  0.854  1.120  0.758  0.407  0.455  0.434  0.467 -0.019
                   -0.009 -0.015  0.525  0.493  0.491  0.011  0.009  0.007
                    0.012  0.008
  32 C    6  6.008  0.854  1.120  0.758  0.407  0.455  0.434  0.467 -0.019
                   -0.009 -0.015  0.525  0.493  0.491  0.011  0.009  0.007
                    0.012  0.008
  33 C    6  6.004  0.853  1.121  0.757  0.404  0.437  0.442  0.450 -0.016
                   -0.001 -0.003  0.531  0.485  0.499  0.010  0.009  0.008
                    0.009  0.007
  34 C    6  6.004  0.853  1.121  0.757  0.404  0.437  0.442  0.450 -0.016
                   -0.001 -0.003  0.531  0.485  0.499  0.010  0.009  0.008
                    0.009  0.007
  35 C    6  6.004  0.853  1.121  0.757  0.404  0.437  0.442  0.450 -0.016
                   -0.001 -0.003  0.531  0.485  0.499  0.010  0.009  0.008
                    0.009  0.007
  36 C    6  6.004  0.853  1.121  0.757  0.404  0.437  0.442  0.450 -0.016
                   -0.001 -0.003  0.531  0.485  0.499  0.010  0.009  0.008
                    0.009  0.007
  37 C    6  6.004  0.853  1.121  0.757  0.404  0.437  0.442  0.450 -0.016
                   -0.001 -0.003  0.531  0.485  0.499  0.010  0.009  0.008
                    0.009  0.007
  38 C    6  6.004  0.853  1.121  0.757  0.404  0.437  0.442  0.450 -0.016
                   -0.001 -0.003  0.531  0.485  0.499  0.010  0.009  0.008
                    0.009  0.007
  39 C    6  6.004  0.853  1.121  0.757  0.404  0.437  0.442  0.450 -0.016
                   -0.001 -0.003  0.531  0.485  0.499  0.010  0.009  0.008
                    0.009  0.007
  40 C    6  6.004  0.853  1.121  0.757  0.404  0.437  0.442  0.450 -0.016
                   -0.001 -0.003  0.531  0.485  0.499  0.010  0.009  0.008
                    0.009  0.007

  ATOM    Z CHARGE  SHELL POPULATION

   1 C    6  5.987  0.854  1.120  0.768  0.423  1.298 -0.028  1.511  0.042
   2 C    6  5.987  0.854  1.120  0.768  0.423  1.298 -0.028  1.511  0.042
   3 C    6  5.987  0.854  1.120  0.768  0.423  1.298 -0.028  1.511  0.042
   4 C    6  5.987  0.854  1.120  0.768  0.423  1.298 -0.028  1.511  0.042
   5 C    6  5.987  0.854  1.120  0.768  0.423  1.298 -0.028  1.511  0.042
   6 C    6  5.987  0.854  1.120  0.768  0.423  1.298 -0.028  1.511  0.042
   7 C    6  5.987  0.854  1.120  0.768  0.423  1.298 -0.028  1.511  0.042
   8 C    6  5.987  0.854  1.120  0.768  0.423  1.298 -0.028  1.511  0.042
   9 C    6  5.991  0.854  1.121  0.758  0.410  1.380 -0.038  1.467  0.040
  10 C    6  5.991  0.854  1.121  0.758  0.410  1.380 -0.038  1.467  0.040
  11 C    6  5.991  0.854  1.121  0.758  0.410  1.380 -0.038  1.467  0.040
  12 C    6  5.991  0.854  1.121  0.758  0.410  1.380 -0.038  1.467  0.040
  13 C    6  5.991  0.854  1.121  0.758  0.410  1.380 -0.038  1.467  0.040
  14 C    6  5.991  0.854  1.121  0.758  0.410  1.380 -0.038  1.467  0.040
  15 C    6  5.991  0.854  1.121  0.758  0.410  1.380 -0.038  1.467  0.040
  16 C    6  5.991  0.854  1.121  0.758  0.410  1.380 -0.038  1.467  0.040
  17 C    6  6.009  0.853  1.121  0.761  0.386  1.338 -0.030  1.536  0.045
  18 C    6  6.009  0.853  1.121  0.761  0.386  1.338 -0.030  1.536  0.045
  19 C    6  6.009  0.853  1.121  0.761  0.386  1.338 -0.030  1.536  0.045
  20 C    6  6.009  0.853  1.121  0.761  0.386  1.338 -0.030  1.536  0.045
  21 C    6  6.009  0.853  1.121  0.761  0.386  1.338 -0.030  1.536  0.045
  22 C    6  6.009  0.853  1.121  0.761  0.386  1.338 -0.030  1.536  0.045
  23 C    6  6.009  0.853  1.121  0.761  0.386  1.338 -0.030  1.536  0.045
  24 C    6  6.009  0.853  1.121  0.761  0.386  1.338 -0.030  1.536  0.045
  25 C    6  6.008  0.854  1.120  0.758  0.407  1.357 -0.043  1.508  0.047
  26 C    6  6.008  0.854  1.120  0.758  0.407  1.357 -0.043  1.508  0.047
  27 C    6  6.008  0.854  1.120  0.758  0.407  1.357 -0.043  1.508  0.047
  28 C    6  6.008  0.854  1.120  0.758  0.407  1.357 -0.043  1.508  0.047
  29 C    6  6.008  0.854  1.120  0.758  0.407  1.357 -0.043  1.508  0.047
  30 C    6  6.008  0.854  1.120  0.758  0.407  1.357 -0.043  1.508  0.047
  31 C    6  6.008  0.854  1.120  0.758  0.407  1.357 -0.043  1.508  0.047
  32 C    6  6.008  0.854  1.120  0.758  0.407  1.357 -0.043  1.508  0.047
  33 C    6  6.004  0.853  1.121  0.757  0.404  1.329 -0.019  1.515  0.044
  34 C    6  6.004  0.853  1.121  0.757  0.404  1.329 -0.019  1.515  0.044
  35 C    6  6.004  0.853  1.121  0.757  0.404  1.329 -0.019  1.515  0.044
  36 C    6  6.004  0.853  1.121  0.757  0.404  1.329 -0.019  1.515  0.044
  37 C    6  6.004  0.853  1.121  0.757  0.404  1.329 -0.019  1.515  0.044
  38 C    6  6.004  0.853  1.121  0.757  0.404  1.329 -0.019  1.515  0.044
  39 C    6  6.004  0.853  1.121  0.757  0.404  1.329 -0.019  1.515  0.044
  40 C    6  6.004  0.853  1.121  0.757  0.404  1.329 -0.019  1.515  0.044

 OVERLAP POPULATION CONDENSED TO ATOMS FOR FIRST   6 NEIGHBORS

 ATOM A   1 C    ATOM B     CELL      R(AB)/AU R(AB)/ANG    OVPOP(AB)
                  5 C    (  1  0  0)     2.864     1.515     0.335
                  8 C    (  0  0  0)     2.899     1.534     0.341
                 33 C    (  0  0  0)     3.023     1.600     0.330
                 23 C    (  0  0  0)     3.101     1.641     0.334
                 18 C    (  0  0  0)     4.243     2.245    -0.088
                 26 C    (  0  0  0)     4.462     2.361    -0.044

 ATOM A   9 C    ATOM B     CELL      R(AB)/AU R(AB)/ANG    OVPOP(AB)
                 16 C    (  0  0  0)     2.515     1.331     0.553
                 22 C    (  0  1  0)     2.787     1.475     0.364
                 35 C    (  0  1  0)     2.814     1.489     0.349
                 28 C    (  0  0  0)     4.498     2.380    -0.026
                 31 C    (  0  0  0)     4.523     2.393    -0.012
                 19 C    (  0  0  0)     4.529     2.397    -0.034

 ATOM A  17 C    ATOM B     CELL      R(AB)/AU R(AB)/ANG    OVPOP(AB)
                 14 C    (  0 -1  0)     2.787     1.475     0.364
                 28 C    (  1 -1  0)     2.869     1.518     0.340
                 24 C    (  0  0  0)     2.891     1.530     0.341
                  7 C    (  0  0  1)     3.101     1.641     0.334
                  2 C    (  0  0  1)     4.243     2.245    -0.088
                 32 C    (  0  0  1)     4.415     2.336    -0.052

 ATOM A  25 C    ATOM B     CELL      R(AB)/AU R(AB)/ANG    OVPOP(AB)
                 29 C    (  1  0 -1)     2.792     1.477     0.376
                 20 C    (  1  0  0)     2.869     1.518     0.340
                 34 C    (  0  0  0)     2.910     1.540     0.334
                 32 C    (  0  0  0)     2.978     1.576     0.359
                 24 C    (  0  0 -1)     4.415     2.336    -0.052
                 38 C    (  1  0 -1)     4.418     2.338    -0.051

 ATOM A  33 C    ATOM B     CELL      R(AB)/AU R(AB)/ANG    OVPOP(AB)
                 11 C    (  0  0  0)     2.814     1.489     0.349
                 26 C    (  0  0  0)     2.910     1.540     0.334
                 40 C    (  0  0  0)     2.931     1.551     0.341
                  1 C    (  0  0  0)     3.023     1.600     0.330
                 30 C    (  0  0  0)     4.418     2.338    -0.051
                 14 C    (  0  0  0)     4.535     2.400    -0.032
 TTTTTTTTTTTTTTTTTTTTTTTTTTTTTT AFTER FIRST TELAPSE     1488.44 TCPU     1474.37
 MMMMMMMMMMMMMMMMMMMMMMMMMMMMMMMMMMMMMMMMMMMMMMMMMMMMMMMMMMMMMMMMMMMMMMMMMMMMMMM
     ALPHA-BETA ELECTRONS
 MULLIKEN POPULATION ANALYSIS - NO. OF ELECTRONS    0.000000

  ATOM    Z CHARGE  A.O. POPULATION

   1 C    6 -0.000  0.000 -0.000  0.000 -0.000 -0.000 -0.000 -0.000  0.000
                    0.000  0.000 -0.000  0.000 -0.000  0.000 -0.000 -0.000
                    0.000 -0.000
   2 C    6 -0.000  0.000 -0.000  0.000 -0.000 -0.000 -0.000 -0.000  0.000
                    0.000  0.000 -0.000  0.000 -0.000  0.000 -0.000 -0.000
                    0.000 -0.000
   3 C    6 -0.000  0.000 -0.000  0.000 -0.000 -0.000 -0.000 -0.000  0.000
                    0.000  0.000 -0.000  0.000 -0.000  0.000 -0.000 -0.000
                    0.000 -0.000
   4 C    6 -0.000  0.000 -0.000  0.000 -0.000 -0.000 -0.000 -0.000  0.000
                    0.000  0.000 -0.000  0.000 -0.000  0.000 -0.000 -0.000
                    0.000 -0.000
   5 C    6 -0.000  0.000 -0.000  0.000 -0.000 -0.000 -0.000 -0.000  0.000
                    0.000  0.000 -0.000  0.000 -0.000  0.000 -0.000 -0.000
                    0.000 -0.000
   6 C    6 -0.000  0.000 -0.000  0.000 -0.000 -0.000 -0.000 -0.000  0.000
                    0.000  0.000 -0.000  0.000 -0.000  0.000 -0.000 -0.000
                    0.000 -0.000
   7 C    6 -0.000  0.000 -0.000  0.000 -0.000 -0.000 -0.000 -0.000  0.000
                    0.000  0.000 -0.000  0.000 -0.000  0.000 -0.000 -0.000
                    0.000 -0.000
   8 C    6 -0.000  0.000 -0.000  0.000 -0.000 -0.000 -0.000 -0.000  0.000
                    0.000  0.000 -0.000  0.000 -0.000  0.000 -0.000 -0.000
                    0.000 -0.000
   9 C    6  0.000 -0.000  0.000 -0.000  0.000 -0.000  0.000 -0.000  0.000
                   -0.000  0.000 -0.000 -0.000 -0.000  0.000 -0.000  0.000
                   -0.000  0.000
  10 C    6  0.000 -0.000  0.000 -0.000  0.000 -0.000  0.000 -0.000  0.000
                   -0.000  0.000 -0.000 -0.000 -0.000  0.000 -0.000  0.000
                   -0.000  0.000
  11 C    6  0.000 -0.000  0.000 -0.000  0.000 -0.000  0.000 -0.000  0.000
                   -0.000  0.000 -0.000 -0.000 -0.000  0.000 -0.000  0.000
                   -0.000  0.000
  12 C    6  0.000 -0.000  0.000 -0.000  0.000 -0.000  0.000 -0.000  0.000
                   -0.000  0.000 -0.000 -0.000 -0.000  0.000 -0.000  0.000
                   -0.000  0.000
  13 C    6  0.000 -0.000  0.000 -0.000  0.000 -0.000  0.000 -0.000  0.000
                   -0.000  0.000 -0.000 -0.000 -0.000  0.000 -0.000  0.000
                   -0.000  0.000
  14 C    6  0.000 -0.000  0.000 -0.000  0.000 -0.000  0.000 -0.000  0.000
                   -0.000  0.000 -0.000 -0.000 -0.000  0.000 -0.000  0.000
                   -0.000  0.000
  15 C    6  0.000 -0.000  0.000 -0.000  0.000 -0.000  0.000 -0.000  0.000
                   -0.000  0.000 -0.000 -0.000 -0.000  0.000 -0.000  0.000
                   -0.000  0.000
  16 C    6  0.000 -0.000  0.000 -0.000  0.000 -0.000  0.000 -0.000  0.000
                   -0.000  0.000 -0.000 -0.000 -0.000  0.000 -0.000  0.000
                   -0.000  0.000
  17 C    6  0.000 -0.000  0.000 -0.000  0.000  0.000 -0.000 -0.000 -0.000
                    0.000 -0.000  0.000 -0.000  0.000  0.000  0.000 -0.000
                   -0.000  0.000
  18 C    6  0.000 -0.000  0.000 -0.000  0.000  0.000 -0.000 -0.000 -0.000
                    0.000 -0.000  0.000 -0.000  0.000  0.000  0.000 -0.000
                   -0.000  0.000
  19 C    6  0.000 -0.000  0.000 -0.000  0.000  0.000 -0.000 -0.000 -0.000
                    0.000 -0.000  0.000 -0.000  0.000  0.000  0.000 -0.000
                   -0.000  0.000
  20 C    6  0.000 -0.000  0.000 -0.000  0.000  0.000 -0.000 -0.000 -0.000
                    0.000 -0.000  0.000 -0.000  0.000  0.000  0.000 -0.000
                   -0.000  0.000
  21 C    6  0.000 -0.000  0.000 -0.000  0.000  0.000 -0.000 -0.000 -0.000
                    0.000 -0.000  0.000 -0.000  0.000  0.000  0.000 -0.000
                   -0.000  0.000
  22 C    6  0.000 -0.000  0.000 -0.000  0.000  0.000 -0.000 -0.000 -0.000
                    0.000 -0.000  0.000 -0.000  0.000  0.000  0.000 -0.000
                   -0.000  0.000
  23 C    6  0.000 -0.000  0.000 -0.000  0.000  0.000 -0.000 -0.000 -0.000
                    0.000 -0.000  0.000 -0.000  0.000  0.000  0.000 -0.000
                   -0.000  0.000
  24 C    6  0.000 -0.000  0.000 -0.000  0.000  0.000 -0.000 -0.000 -0.000
                    0.000 -0.000  0.000 -0.000  0.000  0.000  0.000 -0.000
                   -0.000  0.000
  25 C    6 -0.000 -0.000  0.000  0.000 -0.000  0.000 -0.000  0.000  0.000
                    0.000 -0.000 -0.000  0.000  0.000  0.000 -0.000 -0.000
                   -0.000 -0.000
  26 C    6 -0.000 -0.000  0.000  0.000 -0.000  0.000 -0.000  0.000  0.000
                    0.000 -0.000 -0.000  0.000  0.000  0.000 -0.000 -0.000
                   -0.000 -0.000
  27 C    6 -0.000 -0.000  0.000  0.000 -0.000  0.000 -0.000  0.000  0.000
                    0.000 -0.000 -0.000  0.000  0.000  0.000 -0.000 -0.000
                   -0.000 -0.000
  28 C    6 -0.000 -0.000  0.000  0.000 -0.000  0.000 -0.000  0.000  0.000
                    0.000 -0.000 -0.000  0.000  0.000  0.000 -0.000 -0.000
                   -0.000 -0.000
  29 C    6 -0.000 -0.000  0.000  0.000 -0.000  0.000 -0.000  0.000  0.000
                    0.000 -0.000 -0.000  0.000  0.000  0.000 -0.000 -0.000
                   -0.000 -0.000
  30 C    6 -0.000 -0.000  0.000  0.000 -0.000  0.000 -0.000  0.000  0.000
                    0.000 -0.000 -0.000  0.000  0.000  0.000 -0.000 -0.000
                   -0.000 -0.000
  31 C    6 -0.000 -0.000  0.000  0.000 -0.000  0.000 -0.000  0.000  0.000
                    0.000 -0.000 -0.000  0.000  0.000  0.000 -0.000 -0.000
                   -0.000 -0.000
  32 C    6 -0.000 -0.000  0.000  0.000 -0.000  0.000 -0.000  0.000  0.000
                    0.000 -0.000 -0.000  0.000  0.000  0.000 -0.000 -0.000
                   -0.000 -0.000
  33 C    6  0.000  0.000 -0.000 -0.000  0.000 -0.000 -0.000  0.000  0.000
                    0.000 -0.000 -0.000 -0.000  0.000  0.000  0.000 -0.000
                    0.000 -0.000
  34 C    6  0.000  0.000 -0.000 -0.000  0.000 -0.000 -0.000  0.000  0.000
                    0.000 -0.000 -0.000 -0.000  0.000  0.000  0.000 -0.000
                    0.000 -0.000
  35 C    6  0.000  0.000 -0.000 -0.000  0.000 -0.000 -0.000  0.000  0.000
                    0.000 -0.000 -0.000 -0.000  0.000  0.000  0.000 -0.000
                    0.000 -0.000
  36 C    6  0.000  0.000 -0.000 -0.000  0.000 -0.000 -0.000  0.000  0.000
                    0.000 -0.000 -0.000 -0.000  0.000  0.000  0.000 -0.000
                    0.000 -0.000
  37 C    6  0.000  0.000 -0.000 -0.000  0.000 -0.000 -0.000  0.000  0.000
                    0.000 -0.000 -0.000 -0.000  0.000  0.000  0.000 -0.000
                    0.000 -0.000
  38 C    6  0.000  0.000 -0.000 -0.000  0.000 -0.000 -0.000  0.000  0.000
                    0.000 -0.000 -0.000 -0.000  0.000  0.000  0.000 -0.000
                    0.000 -0.000
  39 C    6  0.000  0.000 -0.000 -0.000  0.000 -0.000 -0.000  0.000  0.000
                    0.000 -0.000 -0.000 -0.000  0.000  0.000  0.000 -0.000
                    0.000 -0.000
  40 C    6  0.000  0.000 -0.000 -0.000  0.000 -0.000 -0.000  0.000  0.000
                    0.000 -0.000 -0.000 -0.000  0.000  0.000  0.000 -0.000
                    0.000 -0.000

  ATOM    Z CHARGE  SHELL POPULATION

   1 C    6 -0.000  0.000 -0.000  0.000 -0.000 -0.000  0.000 -0.000 -0.000
   2 C    6 -0.000  0.000 -0.000  0.000 -0.000 -0.000  0.000 -0.000 -0.000
   3 C    6 -0.000  0.000 -0.000  0.000 -0.000 -0.000  0.000 -0.000 -0.000
   4 C    6 -0.000  0.000 -0.000  0.000 -0.000 -0.000  0.000 -0.000 -0.000
   5 C    6 -0.000  0.000 -0.000  0.000 -0.000 -0.000  0.000 -0.000 -0.000
   6 C    6 -0.000  0.000 -0.000  0.000 -0.000 -0.000  0.000 -0.000 -0.000
   7 C    6 -0.000  0.000 -0.000  0.000 -0.000 -0.000  0.000 -0.000 -0.000
   8 C    6 -0.000  0.000 -0.000  0.000 -0.000 -0.000  0.000 -0.000 -0.000
   9 C    6  0.000 -0.000  0.000 -0.000  0.000 -0.000  0.000 -0.000  0.000
  10 C    6  0.000 -0.000  0.000 -0.000  0.000 -0.000  0.000 -0.000  0.000
  11 C    6  0.000 -0.000  0.000 -0.000  0.000 -0.000  0.000 -0.000  0.000
  12 C    6  0.000 -0.000  0.000 -0.000  0.000 -0.000  0.000 -0.000  0.000
  13 C    6  0.000 -0.000  0.000 -0.000  0.000 -0.000  0.000 -0.000  0.000
  14 C    6  0.000 -0.000  0.000 -0.000  0.000 -0.000  0.000 -0.000  0.000
  15 C    6  0.000 -0.000  0.000 -0.000  0.000 -0.000  0.000 -0.000  0.000
  16 C    6  0.000 -0.000  0.000 -0.000  0.000 -0.000  0.000 -0.000  0.000
  17 C    6  0.000 -0.000  0.000 -0.000  0.000  0.000 -0.000  0.000  0.000
  18 C    6  0.000 -0.000  0.000 -0.000  0.000  0.000 -0.000  0.000  0.000
  19 C    6  0.000 -0.000  0.000 -0.000  0.000  0.000 -0.000  0.000  0.000
  20 C    6  0.000 -0.000  0.000 -0.000  0.000  0.000 -0.000  0.000  0.000
  21 C    6  0.000 -0.000  0.000 -0.000  0.000  0.000 -0.000  0.000  0.000
  22 C    6  0.000 -0.000  0.000 -0.000  0.000  0.000 -0.000  0.000  0.000
  23 C    6  0.000 -0.000  0.000 -0.000  0.000  0.000 -0.000  0.000  0.000
  24 C    6  0.000 -0.000  0.000 -0.000  0.000  0.000 -0.000  0.000  0.000
  25 C    6 -0.000 -0.000  0.000  0.000 -0.000  0.000 -0.000  0.000 -0.000
  26 C    6 -0.000 -0.000  0.000  0.000 -0.000  0.000 -0.000  0.000 -0.000
  27 C    6 -0.000 -0.000  0.000  0.000 -0.000  0.000 -0.000  0.000 -0.000
  28 C    6 -0.000 -0.000  0.000  0.000 -0.000  0.000 -0.000  0.000 -0.000
  29 C    6 -0.000 -0.000  0.000  0.000 -0.000  0.000 -0.000  0.000 -0.000
  30 C    6 -0.000 -0.000  0.000  0.000 -0.000  0.000 -0.000  0.000 -0.000
  31 C    6 -0.000 -0.000  0.000  0.000 -0.000  0.000 -0.000  0.000 -0.000
  32 C    6 -0.000 -0.000  0.000  0.000 -0.000  0.000 -0.000  0.000 -0.000
  33 C    6  0.000  0.000 -0.000 -0.000  0.000 -0.000  0.000 -0.000  0.000
  34 C    6  0.000  0.000 -0.000 -0.000  0.000 -0.000  0.000 -0.000  0.000
  35 C    6  0.000  0.000 -0.000 -0.000  0.000 -0.000  0.000 -0.000  0.000
  36 C    6  0.000  0.000 -0.000 -0.000  0.000 -0.000  0.000 -0.000  0.000
  37 C    6  0.000  0.000 -0.000 -0.000  0.000 -0.000  0.000 -0.000  0.000
  38 C    6  0.000  0.000 -0.000 -0.000  0.000 -0.000  0.000 -0.000  0.000
  39 C    6  0.000  0.000 -0.000 -0.000  0.000 -0.000  0.000 -0.000  0.000
  40 C    6  0.000  0.000 -0.000 -0.000  0.000 -0.000  0.000 -0.000  0.000

 OVERLAP POPULATION CONDENSED TO ATOMS FOR FIRST   6 NEIGHBORS

 ATOM A   1 C    ATOM B     CELL      R(AB)/AU R(AB)/ANG    OVPOP(AB)
                  5 C    (  1  0  0)     2.864     1.515     0.000
                  8 C    (  0  0  0)     2.899     1.534     0.000
                 33 C    (  0  0  0)     3.023     1.600     0.000
                 23 C    (  0  0  0)     3.101     1.641     0.000
                 18 C    (  0  0  0)     4.243     2.245     0.000
                 26 C    (  0  0  0)     4.462     2.361     0.000

 ATOM A   9 C    ATOM B     CELL      R(AB)/AU R(AB)/ANG    OVPOP(AB)
                 16 C    (  0  0  0)     2.515     1.331    -0.000
                 22 C    (  0  1  0)     2.787     1.475    -0.000
                 35 C    (  0  1  0)     2.814     1.489    -0.000
                 28 C    (  0  0  0)     4.498     2.380     0.000
                 31 C    (  0  0  0)     4.523     2.393    -0.000
                 19 C    (  0  0  0)     4.529     2.397    -0.000

 ATOM A  17 C    ATOM B     CELL      R(AB)/AU R(AB)/ANG    OVPOP(AB)
                 14 C    (  0 -1  0)     2.787     1.475    -0.000
                 28 C    (  1 -1  0)     2.869     1.518     0.000
                 24 C    (  0  0  0)     2.891     1.530    -0.000
                  7 C    (  0  0  1)     3.101     1.641     0.000
                  2 C    (  0  0  1)     4.243     2.245     0.000
                 32 C    (  0  0  1)     4.415     2.336    -0.000

 ATOM A  25 C    ATOM B     CELL      R(AB)/AU R(AB)/ANG    OVPOP(AB)
                 29 C    (  1  0 -1)     2.792     1.477     0.000
                 20 C    (  1  0  0)     2.869     1.518     0.000
                 34 C    (  0  0  0)     2.910     1.540    -0.000
                 32 C    (  0  0  0)     2.978     1.576    -0.000
                 24 C    (  0  0 -1)     4.415     2.336    -0.000
                 38 C    (  1  0 -1)     4.418     2.338     0.000

 ATOM A  33 C    ATOM B     CELL      R(AB)/AU R(AB)/ANG    OVPOP(AB)
                 11 C    (  0  0  0)     2.814     1.489    -0.000
                 26 C    (  0  0  0)     2.910     1.540    -0.000
                 40 C    (  0  0  0)     2.931     1.551     0.000
                  1 C    (  0  0  0)     3.023     1.600     0.000
                 30 C    (  0  0  0)     4.418     2.338     0.000
                 14 C    (  0  0  0)     4.535     2.400     0.000
 EIGENVECTORS IN FORTRAN UNIT 10
 TTTTTTTTTTTTTTTTTTTTTTTTTTTTTT END         TELAPSE     1489.97 TCPU     1475.74
 EEEEEEEEEE TERMINATION  DATE 22 01 2026 TIME 14:18:58.5
NODE    0 CPU TIME =      1475.745
NODE    1 CPU TIME =      1471.141
NODE    2 CPU TIME =      1467.597
NODE    3 CPU TIME =      1474.854
NODE    4 CPU TIME =      1479.074
NODE    5 CPU TIME =      1472.588
NODE    6 CPU TIME =      1477.205
NODE    7 CPU TIME =      1472.367
NODE    8 CPU TIME =      1473.368
NODE    9 CPU TIME =      1473.146
NODE   10 CPU TIME =      1480.432
NODE   11 CPU TIME =      1467.945
NODE   12 CPU TIME =      1473.010
NODE   13 CPU TIME =      1471.533
NODE   14 CPU TIME =      1475.017
NODE   15 CPU TIME =      1460.848
NODE   16 CPU TIME =      1471.797
NODE   17 CPU TIME =      1467.918
NODE   18 CPU TIME =      1473.017
NODE   19 CPU TIME =      1478.073
NODE   20 CPU TIME =      1474.899
NODE   21 CPU TIME =      1475.063
NODE   22 CPU TIME =      1470.438
NODE   23 CPU TIME =      1459.617
    TOTAL CPU TIME =     35336.691
