MPI startup(): Warning: I_MPI_PMI_LIBRARY will be ignored since the hydra process manager was found
MPI startup(): Warning: I_MPI_PMI_LIBRARY will be ignored since the hydra process manager was found
MPI startup(): Warning: I_MPI_PMI_LIBRARY will be ignored since the hydra process manager was found
MPI startup(): Warning: I_MPI_PMI_LIBRARY will be ignored since the hydra process manager was found
MPI startup(): Warning: I_MPI_PMI_LIBRARY will be ignored since the hydra process manager was found
MPI startup(): Warning: I_MPI_PMI_LIBRARY will be ignored since the hydra process manager was found
MPI startup(): Warning: I_MPI_PMI_LIBRARY will be ignored since the hydra process manager was found
MPI startup(): Warning: I_MPI_PMI_LIBRARY will be ignored since the hydra process manager was found
MPI startup(): Warning: I_MPI_PMI_LIBRARY will be ignored since the hydra process manager was found
MPI startup(): Warning: I_MPI_PMI_LIBRARY will be ignored since the hydra process manager was found
MPI startup(): Warning: I_MPI_PMI_LIBRARY will be ignored since the hydra process manager was found
MPI startup(): Warning: I_MPI_PMI_LIBRARY will be ignored since the hydra process manager was found
MPI startup(): Warning: I_MPI_PMI_LIBRARY will be ignored since the hydra process manager was found
MPI startup(): Warning: I_MPI_PMI_LIBRARY will be ignored since the hydra process manager was found
MPI startup(): Warning: I_MPI_PMI_LIBRARY will be ignored since the hydra process manager was found
MPI startup(): Warning: I_MPI_PMI_LIBRARY will be ignored since the hydra process manager was found
MPI startup(): Warning: I_MPI_PMI_LIBRARY will be ignored since the hydra process manager was found
MPI startup(): Warning: I_MPI_PMI_LIBRARY will be ignored since the hydra process manager was found
MPI startup(): Warning: I_MPI_PMI_LIBRARY will be ignored since the hydra process manager was found
MPI startup(): Warning: I_MPI_PMI_LIBRARY will be ignored since the hydra process manager was found
MPI startup(): Warning: I_MPI_PMI_LIBRARY will be ignored since the hydra process manager was found
MPI startup(): Warning: I_MPI_PMI_LIBRARY will be ignored since the hydra process manager was found
MPI startup(): Warning: I_MPI_PMI_LIBRARY will be ignored since the hydra process manager was found
MPI startup(): Warning: I_MPI_PMI_LIBRARY will be ignored since the hydra process manager was found
MPI startup(): Warning: I_MPI_PMI_LIBRARY will be ignored since the hydra process manager was found
MPI startup(): Warning: I_MPI_PMI_LIBRARY will be ignored since the hydra process manager was found
MPI startup(): Warning: I_MPI_PMI_LIBRARY will be ignored since the hydra process manager was found
MPI startup(): Warning: I_MPI_PMI_LIBRARY will be ignored since the hydra process manager was found
MPI startup(): Warning: I_MPI_PMI_LIBRARY will be ignored since the hydra process manager was found
MPI startup(): Warning: I_MPI_PMI_LIBRARY will be ignored since the hydra process manager was found
MPI startup(): Warning: I_MPI_PMI_LIBRARY will be ignored since the hydra process manager was found
MPI startup(): Warning: I_MPI_PMI_LIBRARY will be ignored since the hydra process manager was found
 PROCESS           12  OF           32  WORKING
 PROCESS            7  OF           32  WORKING
 PROCESS           14  OF           32  WORKING
 PROCESS           24  OF           32  WORKING
 PROCESS            6  OF           32  WORKING
 PROCESS            4  OF           32  WORKING
 PROCESS           16  OF           32  WORKING
 PROCESS           17  OF           32  WORKING
 PROCESS           18  OF           32  WORKING
 PROCESS           27  OF           32  WORKING
 PROCESS            2  OF           32  WORKING
 PROCESS            5  OF           32  WORKING
 PROCESS           13  OF           32  WORKING
 PROCESS           19  OF           32  WORKING
 PROCESS           25  OF           32  WORKING
 PROCESS            1  OF           32  WORKING
 PROCESS           21  OF           32  WORKING
 PROCESS           22  OF           32  WORKING
 PROCESS           15  OF           32  WORKING
 PROCESS            0  OF           32  WORKING

         
 *******************************************************************************
 *                                                                             *
 *                               CRYSTAL23                                     *
 *                      public : 1.0.1 - October 2022                          *
 *                       HTTP://WWW.CRYSTAL.UNITO.IT                           *
 *                                                                             *
 *                              MAIN AUTHORS                                   *
 *                                                                             *
 *  R. DOVESI(1,11), V.R. SAUNDERS(2), C. ROETTI(1,11), R. ORLANDO(1,11),      *
 *  C.M. ZICOVICH-WILSON(1,3), F. PASCALE(4), B. CIVALLERI(1,11),              *
 *  K. DOLL(5), N.M. HARRISON(6), I.J. BUSH(7), Ph. D'ARCO(8),                 *
 *  M. LLUNELL(9), M. CAUSA'(10), Y. NOEL(8), L. MASCHIO(1,11), A. ERBA(1,11)  *
 *  M. RE'RAT(14), S. CASASSA(1,11), B.G. SEARLE(2), J.K. DESMARAIS(1)         *
 *                                                                             *
 *        CONTRIBUTIONS TO THE CODE HAVE ALSO BEEN GIVEN BY                    *
 *                                                                             *
 *  M. FERRABONE(1,11), M. DE LA PIERRE(1,11), M. FERRERO(1,11),               *
 *  J. BAIMA(1,11), E. ALBANESE(1,11), M.F. PEINTINGER(12), R. BAST(13),       *
 *  B. KIRTMAN(15), V. LACIVITA(1,11), R. DEMICHELIS(1,16)                     *
 *  G. BRANDEBURG(17), S. SALUSTRO(1,11), G. SANSONE(1,11)                     *
 *  M.T. RUGGIERO(18), L.E. DAGA(1), L. DONA'(1), A. COSSARD(1)                *
 *                                                                             *
 * (1) THEORETICAL CHEMISTRY GROUP - UNIVERSITA' DI TORINO - TORINO (ITALY)    *
 * (2) SCIENTIFIC COMPUTING DEPARTMENT - STFC DARESBURY (UK)                   *
 * (3) UNIVERSIDAD AUTONOMA DEL ESTADO DE MORELOS - CUERNAVACA (MEXICO)        *
 * (4) UNIVERSITE' DE LORRAINE - NANCY (FRANCE)                                *
 * (5) UNIVERSITAET STUTTGART- STUTTGART (GERMANY)                             *
 * (6) IMPERIAL COLLEGE - LONDON (UK)                                          *
 * (7) SCIENTIFIC COMPUTING DEPARTMENT - STFC RAL (UK)                         *
 * (8) UPMC - SORBONNE UNIVERSITES - PARIS (FRANCE)                            *
 * (9) UNIVERSIDAD DE BARCELONA - BARCELONA (SPAIN)                            *
 *(10) UNIVERSITA' DI NAPOLI "FEDERICO II" - NAPOLI (ITALY)                    *
 *(11) NIS - NANOSTRUCTURED INTERFACES AND SURFACES - TORINO (ITALY)           *
 *(12) MPI FUER CHEMISCHE ENERGIEKONVERSION - MUELHEIM AN DER RUHR (GERMANY)   *
 *(13) UNIVERSITY OF TROMSO - TROMSO (NORWAY)                                  *
 *(14) UNIVERSITE' DE PAU ET DES PAYS DE L'ADOUR - PAU (FRANCE)                *
 *(15) UNIVERSITY OF CALIFORNIA SANTA BARBARA - SANTA BARBARA (USA)            *
 *(16) CURTIN UNIVERSITY - PERTH (AUSTRALIA)                                   *
 *(17) UNIVERSITY COLLEGE LONDON - LONDON (UK)                                 *
 *(18) UNIVERSITY OF VERMONT - BURLINGTON (USA)                                *
 *                                                                             *
 *******************************************************************************
 EEEEEEEEEE STARTING  DATE 24 01 2026 TIME 21:09:09.5
 ./3,4T6-CA_rev1_sp_B3LYP-D3-D3_optimized                                        
 PROCESS            3  OF           32  WORKING
 PROCESS            8  OF           32  WORKING
 PROCESS           10  OF           32  WORKING
 PROCESS           11  OF           32  WORKING
 PROCESS           20  OF           32  WORKING
 PROCESS           23  OF           32  WORKING
 PROCESS           26  OF           32  WORKING
 PROCESS           28  OF           32  WORKING
 PROCESS           29  OF           32  WORKING
 PROCESS           30  OF           32  WORKING
 PROCESS           31  OF           32  WORKING
 PROCESS            9  OF           32  WORKING

 CRYSTAL CALCULATION
 (INPUT ACCORDING TO THE INTERNATIONAL TABLES FOR X-RAY CRYSTALLOGRAPHY)
 CRYSTAL FAMILY                       :  ORTHORHOMBIC
 CRYSTAL CLASS  (GROTH - 1921)        :  ORTHORHOMBIC BIPYRAMIDAL             

 SPACE GROUP (CENTROSYMMETRIC)        :  F D D D         

 LATTICE PARAMETERS  (ANGSTROMS AND DEGREES) - CONVENTIONAL CELL
        A           B           C        ALPHA        BETA       GAMMA
     3.66029     8.75013     9.32440    90.00000    90.00000    90.00000


 NUMBER OF IRREDUCIBLE ATOMS IN THE CONVENTIONAL CELL:    2

 INPUT COORDINATES

 ATOM AT. N.              COORDINATES
   1   6     5.030209588097E-02  3.769392678949E-02 -7.516930652940E-02
   2   6     3.750000000000E-01 -2.006440415928E-01 -1.250000000000E-01

 *******************************************************************************

 << INFORMATION >>: FROM NOW ON, ALL COORDINATES REFER TO THE PRIMITIVE CELL

 *******************************************************************************

 LATTICE PARAMETERS  (ANGSTROMS AND DEGREES) - PRIMITIVE CELL
       A          B          C        ALPHA      BETA     GAMMA        VOLUME
    6.39353    5.00855    4.74243    81.89352  50.85485  47.25163     74.660562

 COORDINATES OF THE EQUIVALENT ATOMS (FRACTIONAL UNITS)

 N. ATOM EQUIV AT. N.          X                  Y                  Z

   1   1   1    6 C    -8.77774756209E-02 -6.25611374379E-02  1.63165329200E-01
   2   1   2    6 C    -6.25611374379E-02 -8.77774756209E-02  4.87173283859E-01
   3   1   3    6 C     4.87173283859E-01  1.63165329200E-01 -6.25611374379E-02
   4   1   4    6 C     1.63165329200E-01  4.87173283859E-01 -8.77774756209E-02
   5   1   5    6 C     8.77774756209E-02  6.25611374379E-02 -1.63165329200E-01
   6   1   6    6 C     6.25611374379E-02  8.77774756209E-02 -4.87173283859E-01
   7   1   7    6 C    -4.87173283859E-01 -1.63165329200E-01  6.25611374379E-02
   8   1   8    6 C    -1.63165329200E-01 -4.87173283859E-01  8.77774756209E-02

   9   2   1    6 C     2.99355958407E-01  4.50644041593E-01  2.99355958407E-01
  10   2   2    6 C     4.50644041593E-01  2.99355958407E-01  4.50644041593E-01
  11   2   3    6 C    -2.99355958407E-01 -4.50644041593E-01 -2.99355958407E-01
  12   2   4    6 C    -4.50644041593E-01 -2.99355958407E-01 -4.50644041593E-01

 NUMBER OF SYMMETRY OPERATORS         :    8
 *******************************************************************************
 * GEOMETRY EDITING - INPUT COORDINATES ARE GIVEN IN ANGSTROM         
 *******************************************************************************

 GEOMETRY NOW FULLY CONSISTENT WITH THE GROUP

 GCALCO - MAX INDICES DIRECT LATTICE VECTOR    14    14    14
 NO.OF VECTORS CREATED 6999 STARS 1054 RMAX    95.63973 BOHR

 GEOMETRY FOR WAVE FUNCTION - DIMENSIONALITY OF THE SYSTEM    3
 (NON PERIODIC DIRECTION: LATTICE PARAMETER FORMALLY SET TO 500)
 *******************************************************************************
 LATTICE PARAMETERS (ANGSTROMS AND DEGREES) - BOHR = 0.5291772083 ANGSTROM
 PRIMITIVE CELL - CENTRING CODE 5/0 VOLUME=    74.660562 - DENSITY  3.203 g/cm^3
         A              B              C           ALPHA      BETA       GAMMA 
     6.39353476     5.00854710     4.74242767    81.893524  50.854845  47.251631
 *******************************************************************************
 ATOMS IN THE ASYMMETRIC UNIT    2 - ATOMS IN THE UNIT CELL:   12
     ATOM                 X/A                 Y/B                 Z/C    
 *******************************************************************************
      1 T   6 C    -8.777747562088E-02 -6.256113743792E-02  1.631653291999E-01
      2 F   6 C    -6.256113743792E-02 -8.777747562088E-02  4.871732838589E-01
      3 F   6 C     4.871732838589E-01  1.631653291999E-01 -6.256113743792E-02
      4 F   6 C     1.631653291999E-01  4.871732838589E-01 -8.777747562088E-02
      5 F   6 C     8.777747562088E-02  6.256113743792E-02 -1.631653291999E-01
      6 F   6 C     6.256113743792E-02  8.777747562088E-02 -4.871732838589E-01
      7 F   6 C    -4.871732838589E-01 -1.631653291999E-01  6.256113743792E-02
      8 F   6 C    -1.631653291999E-01 -4.871732838589E-01  8.777747562088E-02
      9 T   6 C     2.993559584072E-01  4.506440415928E-01  2.993559584072E-01
     10 F   6 C     4.506440415928E-01  2.993559584072E-01  4.506440415928E-01
     11 F   6 C    -2.993559584072E-01 -4.506440415928E-01 -2.993559584072E-01
     12 F   6 C    -4.506440415928E-01 -2.993559584072E-01 -4.506440415928E-01

 TRANSFORMATION MATRIX PRIMITIVE-CRYSTALLOGRAPHIC CELL
 -1.0000  1.0000  1.0000  1.0000 -1.0000  1.0000  1.0000  1.0000 -1.0000

 *******************************************************************************
 CRYSTALLOGRAPHIC CELL (VOLUME=        298.64224810)
         A              B              C           ALPHA      BETA       GAMMA 
     3.66029443     8.75012718     9.32439923    90.000000  90.000000  90.000000

 COORDINATES IN THE CRYSTALLOGRAPHIC CELL
     ATOM                 X/A                 Y/B                 Z/C    
 *******************************************************************************
      1 T   6 C     5.030209588097E-02  3.769392678949E-02 -7.516930652940E-02
      2 F   6 C     1.996979041190E-01  2.123060732105E-01 -7.516930652940E-02
      3 F   6 C    -4.496979041190E-01  2.123060732105E-01 -1.748306934706E-01
      4 F   6 C    -3.003020958810E-01  3.769392678949E-02 -1.748306934706E-01
      5 F   6 C    -5.030209588097E-02 -3.769392678949E-02  7.516930652940E-02
      6 F   6 C    -1.996979041190E-01 -2.123060732105E-01  7.516930652940E-02
      7 F   6 C     4.496979041190E-01 -2.123060732105E-01  1.748306934706E-01
      8 F   6 C     3.003020958810E-01 -3.769392678949E-02  1.748306934706E-01
      9 T   6 C     3.750000000000E-01 -2.006440415928E-01 -1.250000000000E-01
     10 F   6 C     3.750000000000E-01 -4.935595840720E-02 -1.250000000000E-01
     11 F   6 C    -3.750000000000E-01  2.006440415928E-01  1.250000000000E-01
     12 F   6 C    -3.750000000000E-01  4.935595840720E-02  1.250000000000E-01

 T = ATOM BELONGING TO THE ASYMMETRIC UNIT

 ****    8 SYMMOPS - TRANSLATORS IN FRACTIONAL UNITS
 **** MATRICES AND TRANSLATORS IN THE CRYSTALLOGRAPHIC REFERENCE FRAME
   V INV                    ROTATION MATRICES                   TRANSLATORS
   1   1  1.00  0.00  0.00  0.00  1.00  0.00  0.00  0.00  1.00  0.00  0.00  0.00
   2   2 -0.00  1.00  0.00  1.00 -0.00 -0.00 -1.00 -1.00 -1.00  0.00 -0.00  0.50
   3   3 -1.00 -1.00 -1.00  0.00  0.00  1.00 -0.00  1.00  0.00  0.50 -0.00  0.00
   4   4  0.00  0.00  1.00 -1.00 -1.00 -1.00  1.00 -0.00 -0.00 -0.00  0.50 -0.00
   5   5 -1.00  0.00  0.00  0.00 -1.00 -0.00 -0.00 -0.00 -1.00  0.00  0.00  0.00
   6   6  0.00 -1.00 -0.00 -1.00  0.00  0.00  1.00  1.00  1.00  0.00 -0.00  0.50
   7   7  1.00  1.00  1.00 -0.00 -0.00 -1.00  0.00 -1.00 -0.00  0.50 -0.00  0.00
   8   8 -0.00 -0.00 -1.00  1.00  1.00  1.00 -1.00  0.00  0.00 -0.00  0.50 -0.00

 DIRECT LATTICE VECTORS CARTESIAN COMPONENTS (ANGSTROM)
          X                    Y                    Z
   0.000000000000E+00   0.437506359000E+01   0.466219961500E+01
   0.183014721500E+01   0.000000000000E+00   0.466219961500E+01
   0.183014721500E+01   0.437506359000E+01   0.000000000000E+00


 CARTESIAN COORDINATES - PRIMITIVE CELL
 *******************************************************************************
 *      ATOM          X(ANGSTROM)         Y(ANGSTROM)         Z(ANGSTROM)
 *******************************************************************************
    1     6 C     1.841204813704E-01  3.298266533216E-01 -7.009086239224E-01
    2     6 C     7.309531261296E-01  1.857705141678E+00 -7.009086239224E-01
    3     6 C    -1.646026733630E+00  1.857705141678E+00 -1.630191183578E+00
    4     6 C    -1.099194088870E+00  3.298266533216E-01 -1.630191183578E+00
    5     6 C    -1.841204813704E-01 -3.298266533216E-01  7.009086239224E-01
    6     6 C    -7.309531261296E-01 -1.857705141678E+00  7.009086239224E-01
    7     6 C     1.646026733630E+00 -1.857705141678E+00  1.630191183578E+00
    8     6 C     1.099194088870E+00 -3.298266533216E-01  1.630191183578E+00
    9     6 C     1.372610411250E+00 -1.755660881846E+00 -1.165549903750E+00
   10     6 C     1.372610411250E+00 -4.318709131538E-01 -1.165549903750E+00
   11     6 C    -1.372610411250E+00  1.755660881846E+00  1.165549903750E+00
   12     6 C    -1.372610411250E+00  4.318709131538E-01  1.165549903750E+00

 *******************************************************************************
 LOCAL ATOMIC FUNCTIONS BASIS SET
 *******************************************************************************
   ATOM   X(AU)   Y(AU)   Z(AU)  N. TYPE  EXPONENT  S COEF   P COEF   D/F/G COEF
 *******************************************************************************
   1 C    0.348   0.623  -1.325
                                  1 S  
                                         1.358E+04 2.225E-04 0.000E+00 0.000E+00
                                         2.035E+03 1.723E-03 0.000E+00 0.000E+00
                                         4.632E+02 8.926E-03 0.000E+00 0.000E+00
                                         1.312E+02 3.573E-02 0.000E+00 0.000E+00
                                         4.285E+01 1.108E-01 0.000E+00 0.000E+00
                                         1.558E+01 2.430E-01 0.000E+00 0.000E+00
                                  2 S  
                                         6.207E+00 4.144E-01 0.000E+00 0.000E+00
                                         2.576E+00 2.374E-01 0.000E+00 0.000E+00
                                  3 S  
                                         4.941E-01 1.000E+00 0.000E+00 0.000E+00
                                  4 S  
                                         1.644E-01 1.000E+00 0.000E+00 0.000E+00
                           5-     7 P  
                                         3.470E+01 0.000E+00 5.333E-03 0.000E+00
                                         7.958E+00 0.000E+00 3.586E-02 0.000E+00
                                         2.378E+00 0.000E+00 1.422E-01 0.000E+00
                                         8.143E-01 0.000E+00 3.427E-01 0.000E+00
                           8-    10 P  
                                         5.662E-01 0.000E+00 1.000E+00 0.000E+00
                          11-    13 P  
                                         2.674E-01 0.000E+00 1.000E+00 0.000E+00
                          14-    18 D  
                                         8.792E-01 0.000E+00 0.000E+00 1.000E+00
   2 C    1.381   3.511  -1.325
   3 C   -3.111   3.511  -3.081
   4 C   -2.077   0.623  -3.081
   5 C   -0.348  -0.623   1.325
   6 C   -1.381  -3.511   1.325
   7 C    3.111  -3.511   3.081
   8 C    2.077  -0.623   3.081
   9 C    2.594  -3.318  -2.203
  10 C    2.594  -0.816  -2.203
  11 C   -2.594   3.318   2.203
  12 C   -2.594   0.816   2.203
 INFORMATION **** SET_MPP **** PCRYSTAL CALCULATION
 INFORMATION **** READM2 **** NEW DEFAULT: FOCK/KS MATRIX MIXING SET TO 30 %
 INFORMATION **** READM2 **** NEW DEFAULT: FULL DIRECT SCF MODE
 INFORMATION **** READM2 **** NEW DEFAULT: COULOMB BIPOLAR BUFFER SET TO 32 Mb
 INFORMATION **** READM2 **** NEW DEFAULT: EXCHANGE BIPOLAR BUFFER SET TO 32 Mb

 *******************************************************************************
 NEW DEFAULT: DFT INTEGRATION GRID INCREASED TO XLGRID
 NEW DEFAULT: DIIS ACCELERATOR ACTIVE
 USE KEYWORD NODIIS TO TURN IT OFF
 *******************************************************************************

 INFORMATION **** DFTD3_INPUT **** PERFORM LATEST DISPERSION CORRECTION DFT-D3(BJ) WITH AUTOMATIC PARAMETER SETUP
 PLEASE CITE:
 (1) DFT-D3 Reference
  S. Grimme, J. Antony, S. Ehrlich, and H. Krieg, J. Chem. Phys. 132 (2010), 154104
 (2) BJ-Damping Reference
  S. Grimme, S. Ehrlich, and L. Goerigk, J. Comput. Chem. 32 (2011), 1456-1465
 (3) General DFT-D Review
  S. Grimme, A. Hansen, J. G. Brandenburg, and C. Bannwarth,
  Chem. Rev. 116 (2016), 5105-5154

 INFORMATION **** TOLINTEG **** COULOMB AND EXCHANGE SERIES TOLERANCES MODIFIED
 INFORMATION **** TOLDEE **** SCF TOL ON TOTAL ENERGY SET TO           9
 INFORMATION **** READM2 **** FULL DIRECT SCF (MONO AND BIEL INT) SELECTED
 INFORMATION **** MAXCYCLE **** MAX NUMBER OF SCF CYCLES SET TO         800
 INFORMATION **** DIIS **** DIIS FOR SCF ACTIVE
 INFORMATION **** DIIS **** LEVEL SHIFTER DISABLED
 INFORMATION **** PPAN ****  MULLIKEN POPULATION ANALYSIS AT THE END OF SCF
 *******************************************************************************
 N. OF ATOMS PER CELL        12  COULOMB OVERLAP TOL         (T1) 10**   -8
 NUMBER OF SHELLS            96  COULOMB PENETRATION TOL     (T2) 10**   -8
 NUMBER OF AO               216  EXCHANGE OVERLAP TOL        (T3) 10**   -8
 N. OF ELECTRONS PER CELL    72  EXCHANGE PSEUDO OVP (F(G))  (T4) 10**   -9
 CORE ELECTRONS PER CELL     24  EXCHANGE PSEUDO OVP (P(G))  (T5) 10**  -24
 N. OF SYMMETRY OPERATORS     8  POLE ORDER IN MONO ZONE                  4
 *******************************************************************************
 TYPE OF CALCULATION :  UNRESTRICTED OPEN SHELL
 KOHN-SHAM HAMILTONIAN

 (EXCHANGE)[CORRELATION] FUNCTIONAL:(BECKE 88)[LEE-YANG-PARR]

 NON-LOCAL WEIGHTING FACTOR (EXCHANGE) =           0.9000
 NON-LOCAL WEIGHTING FACTOR [CORRELATION] =        0.8100

 HYBRID EXCHANGE - PERCENTAGE OF FOCK EXCHANGE    20.0000

 SPIN POLARIZED DFT SELECTED

 CAPPA:IS1 12;IS2 12;IS3 12; K PTS MONK NET 280; SYMMOPS:K SPACE   8;G SPACE   8

 *******************************************************************************
 MAX NUMBER OF SCF CYCLES     800  CONVERGENCE ON DELTAP        10**-19
 WEIGHT OF F(I) IN F(I+1)      30% CONVERGENCE ON ENERGY        10**- 9
 SHRINK. FACT.(MONKH.)   12 12 12  NUMBER OF K POINTS IN THE IBZ    280
 SHRINKING FACTOR(GILAT NET)   24  NUMBER OF K POINTS(GILAT NET)   1963
 *******************************************************************************
 *** K POINTS COORDINATES (OBLIQUE COORDINATES IN UNITS OF IS = 12)
   1-R(  0  0  0)   2-C(  1  0  0)   3-C(  2  0  0)   4-C(  3  0  0)
   5-C(  4  0  0)   6-C(  5  0  0)   7-R(  6  0  0)   8-C(  1  1  0)
   9-C(  2  1  0)  10-C(  3  1  0)  11-C(  4  1  0)  12-C(  5  1  0)
  13-C(  6  1  0)  14-C(  7  1  0)  15-C(  8  1  0)  16-C(  9  1  0)
  17-C( 10  1  0)  18-C( 11  1  0)  19-C(  2  2  0)  20-C(  3  2  0)
  21-C(  4  2  0)  22-C(  5  2  0)  23-C(  6  2  0)  24-C(  7  2  0)
  25-C(  8  2  0)  26-C(  9  2  0)  27-C( 10  2  0)  28-C(  3  3  0)
  29-C(  4  3  0)  30-C(  5  3  0)  31-C(  6  3  0)  32-C(  7  3  0)
  33-C(  8  3  0)  34-C(  9  3  0)  35-C(  4  4  0)  36-C(  5  4  0)
  37-C(  6  4  0)  38-C(  7  4  0)  39-C(  8  4  0)  40-C(  5  5  0)
  41-C(  6  5  0)  42-C(  7  5  0)  43-R(  6  6  0)  44-C(  1  0  1)
  45-C(  2  0  1)  46-C(  3  0  1)  47-C(  4  0  1)  48-C(  5  0  1)
  49-C(  6  0  1)  50-C(  7  0  1)  51-C(  8  0  1)  52-C(  9  0  1)
  53-C( 10  0  1)  54-C( 11  0  1)  55-C(  0  1  1)  56-C(  2  1  1)
  57-C(  3  1  1)  58-C(  4  1  1)  59-C(  5  1  1)  60-C(  6  1  1)
  61-C(  7  1  1)  62-C(  8  1  1)  63-C(  9  1  1)  64-C( 10  1  1)
  65-C( 11  1  1)  66-C(  3  2  1)  67-C(  4  2  1)  68-C(  5  2  1)
  69-C(  6  2  1)  70-C(  7  2  1)  71-C(  8  2  1)  72-C(  9  2  1)
  73-C( 10  2  1)  74-C( 11  2  1)  75-C(  2  3  1)  76-C(  4  3  1)
  77-C(  5  3  1)  78-C(  6  3  1)  79-C(  7  3  1)  80-C(  8  3  1)
  81-C(  9  3  1)  82-C( 10  3  1)  83-C(  2  4  1)  84-C(  3  4  1)
  85-C(  5  4  1)  86-C(  6  4  1)  87-C(  7  4  1)  88-C(  8  4  1)
  89-C(  9  4  1)  90-C(  2  5  1)  91-C(  3  5  1)  92-C(  4  5  1)
  93-C(  6  5  1)  94-C(  7  5  1)  95-C(  8  5  1)  96-C(  2  6  1)
  97-C(  3  6  1)  98-C(  4  6  1)  99-C(  5  6  1) 100-C(  7  6  1)
 101-C(  2  7  1) 102-C(  3  7  1) 103-C(  4  7  1) 104-C(  5  7  1)
 105-C(  6  7  1) 106-C(  2  8  1) 107-C(  3  8  1) 108-C(  4  8  1)
 109-C(  5  8  1) 110-C(  2  9  1) 111-C(  3  9  1) 112-C(  4  9  1)
 113-C(  2 10  1) 114-C(  3 10  1) 115-C(  2 11  1) 116-C(  2  0  2)
 117-C(  3  0  2) 118-C(  4  0  2) 119-C(  5  0  2) 120-C(  6  0  2)
 121-C(  7  0  2) 122-C(  8  0  2) 123-C(  9  0  2) 124-C( 10  0  2)
 125-C(  3  1  2) 126-C(  4  1  2) 127-C(  5  1  2) 128-C(  6  1  2)
 129-C(  7  1  2) 130-C(  8  1  2) 131-C(  9  1  2) 132-C( 10  1  2)
 133-C( 11  1  2) 134-C(  0  2  2) 135-C(  4  2  2) 136-C(  5  2  2)
 137-C(  6  2  2) 138-C(  7  2  2) 139-C(  8  2  2) 140-C(  9  2  2)
 141-C( 10  2  2) 142-C( 11  2  2) 143-C(  5  3  2) 144-C(  6  3  2)
 145-C(  7  3  2) 146-C(  8  3  2) 147-C(  9  3  2) 148-C( 10  3  2)
 149-C( 11  3  2) 150-C(  6  4  2) 151-C(  7  4  2) 152-C(  8  4  2)
 153-C(  9  4  2) 154-C( 10  4  2) 155-C(  3  5  2) 156-C(  7  5  2)
 157-C(  8  5  2) 158-C(  9  5  2) 159-C(  3  6  2) 160-C(  4  6  2)
 161-C(  8  6  2) 162-C(  3  7  2) 163-C(  4  7  2) 164-C(  5  7  2)
 165-C(  3  8  2) 166-C(  4  8  2) 167-C(  5  8  2) 168-C(  6  8  2)
 169-C(  3  9  2) 170-C(  4  9  2) 171-C(  5  9  2) 172-C(  3 10  2)
 173-C(  4 10  2) 174-C(  3 11  2) 175-C(  3  0  3) 176-C(  4  0  3)
 177-C(  5  0  3) 178-C(  6  0  3) 179-C(  7  0  3) 180-C(  8  0  3)
 181-C(  9  0  3) 182-C(  4  1  3) 183-C(  5  1  3) 184-C(  6  1  3)
 185-C(  7  1  3) 186-C(  8  1  3) 187-C(  9  1  3) 188-C( 10  1  3)
 189-C(  5  2  3) 190-C(  6  2  3) 191-C(  7  2  3) 192-C(  8  2  3)
 193-C(  9  2  3) 194-C( 10  2  3) 195-C( 11  2  3) 196-C(  0  3  3)
 197-C(  6  3  3) 198-C(  7  3  3) 199-C(  8  3  3) 200-C(  9  3  3)
 201-C( 10  3  3) 202-C( 11  3  3) 203-C(  7  4  3) 204-C(  8  4  3)
 205-C(  9  4  3) 206-C( 10  4  3) 207-C( 11  4  3) 208-C(  8  5  3)
 209-C(  9  5  3) 210-C( 10  5  3) 211-C(  9  6  3) 212-C(  4  7  3)
 213-C(  4  8  3) 214-C(  5  8  3) 215-C(  4  9  3) 216-C(  5  9  3)
 217-C(  6  9  3) 218-C(  4 10  3) 219-C(  5 10  3) 220-C(  4 11  3)
 221-C(  4  0  4) 222-C(  5  0  4) 223-C(  6  0  4) 224-C(  7  0  4)
 225-C(  8  0  4) 226-C(  5  1  4) 227-C(  6  1  4) 228-C(  7  1  4)
 229-C(  8  1  4) 230-C(  9  1  4) 231-C(  6  2  4) 232-C(  7  2  4)
 233-C(  8  2  4) 234-C(  9  2  4) 235-C( 10  2  4) 236-C(  7  3  4)
 237-C(  8  3  4) 238-C(  9  3  4) 239-C( 10  3  4) 240-C( 11  3  4)
 241-C(  0  4  4) 242-C(  8  4  4) 243-C(  9  4  4) 244-C( 10  4  4)
 245-C( 11  4  4) 246-C(  9  5  4) 247-C( 10  5  4) 248-C( 11  5  4)
 249-C( 10  6  4) 250-C(  5  9  4) 251-C(  5 10  4) 252-C(  6 10  4)
 253-C(  5 11  4) 254-C(  5  0  5) 255-C(  6  0  5) 256-C(  7  0  5)
 257-C(  6  1  5) 258-C(  7  1  5) 259-C(  8  1  5) 260-C(  7  2  5)
 261-C(  8  2  5) 262-C(  9  2  5) 263-C(  8  3  5) 264-C(  9  3  5)
 265-C( 10  3  5) 266-C(  9  4  5) 267-C( 10  4  5) 268-C( 11  4  5)
 269-C(  0  5  5) 270-C( 10  5  5) 271-C( 11  5  5) 272-C( 11  6  5)
 273-C(  6 11  5) 274-R(  6  0  6) 275-C(  7  1  6) 276-C(  8  2  6)
 277-C(  9  3  6) 278-C( 10  4  6) 279-C( 11  5  6) 280-R(  0  6  6)

 DIRECT LATTICE VECTORS COMPON. (A.U.)     RECIP. LATTICE VECTORS COMPON. (A.U.) 
        X            Y            Z              X            Y            Z
    0.0000000    8.2676720    8.8102805     -0.9083746    0.3799852    0.3565826
    3.4584770    0.0000000    8.8102805      0.9083746   -0.3799852    0.3565826
    3.4584770    8.2676720    0.0000000      0.9083746    0.3799852   -0.3565826

 DISK SPACE FOR EIGENVECTORS (FTN 10)    25894080 REALS

 SYMMETRY ADAPTION OF THE BLOCH FUNCTIONS ENABLED
 TTTTTTTTTTTTTTTTTTTTTTTTTTTTTT gordsh1     TELAPSE        1.39 TCPU        0.52

 MATRIX SIZE: P(G) 1305196, F(G)  150796, P(G) IRR   89046, F(G) IRR   20526
 MAX G-VECTOR INDEX FOR 1- AND 2-ELECTRON INTEGRALS 361

 TTTTTTTTTTTTTTTTTTTTTTTTTTTTTT INPUT       TELAPSE        1.40 TCPU        0.52

 NEIGHBORS OF THE NON-EQUIVALENT ATOMS

 N = NUMBER OF NEIGHBORS AT DISTANCE R
    ATOM  N     R/ANG      R/AU   NEIGHBORS (ATOM LABELS AND CELL INDICES)
   1 C    1     1.4861     2.8084   10 C    0 0 0
   1 C    1     1.5844     2.9942    4 C    0 0 0
   1 C    1     1.5924     3.0093    5 C    0 0 0
   1 C    1     1.6228     3.0666    2 C    0 0 0
   1 C    1     2.4228     4.5784    9 C    1-1 0
   1 C    1     2.4326     4.5969   12 C    0 0 0

   9 C    1     1.3238     2.5016   10 C    0 0 0
   9 C    2     1.4861     2.8084    2 C   -1 1 0    3 C   -1 1 0
   9 C    2     2.4228     4.5784    1 C   -1 1 0    4 C   -1 1 0
   9 C    2     2.4326     4.5969    6 C   -1 1 1    7 C    0-1 0
   9 C    2     2.4449     4.6202    1 C    0 0 0    4 C   -1 1 1
   9 C    2     2.6279     4.9660    2 C    0 0-1    3 C   -2 2 1


 SYMMETRY ALLOWED INTERNAL DEGREE(S) OF FREEDOM:   4
 TTTTTTTTTTTTTTTTTTTTTTTTTTTTTT SYMM        TELAPSE        1.46 TCPU        0.57
 TTTTTTTTTTTTTTTTTTTTTTTTTTTTTT INT_SCREEN  TELAPSE        1.46 TCPU        0.57

 DFT PARAMETERS

     ATOM       ELECTRONS   NET CHARGE   R(ANGSTROM)
   1   6  C       6.0000      0.0000     0.77000000

 SIZE OF GRID=      40114
 TTTTTTTTTTTTTTTTTTTTTTTTTTTTTT MAKE_GRID2  TELAPSE        1.82 TCPU        0.93
 BECKE WEIGHT FUNCTION
 RADSAFE =     2.00
 TOLERANCES - DENSITY:10**- 6; POTENTIAL:10**- 9; GRID WGT:10**-14

 RADIAL INTEGRATION  - INTERVALS (POINTS,UPPER LIMIT):            1( 75,  4.0*R)

 ANGULAR INTEGRATION - INTERVALS (ACCURACY LEVEL [N. POINTS] UPPER LIMIT):
  1(  4[  86]   0.2)  2(  8[ 194]   0.5)  3( 12[ 350]   0.9)  4( 16[ 974]   3.5)
  5( 12[ 350]9999.0)
 TTTTTTTTTTTTTTTTTTTTTTTTTTTTTT INT_CALC    TELAPSE        1.84 TCPU        0.95
 EEEEEEEEEE INT_CALC TERMINATION  DATE 24 01 2026 TIME 21:09:10.4

 *******************************************************************************
 ./3,4T6-CA_rev1_sp_B3LYP-D3-D3_optimized                                        
 CRYSTAL - SCF - TYPE OF CALCULATION :  UNRESTRICTED OPEN SHELL
 *******************************************************************************

 CAPPA:IS1 12;IS2 12;IS3 12; K PTS MONK NET 280; SYMMOPS:K SPACE   8;G SPACE   8

 TTTTTTTTTTTTTTTTTTTTTTTTTTTTTT SDIK        TELAPSE        1.99 TCPU        1.09

 AAAAAAAAAAAAAAAAAAAAAAAAAAAAAAAAAAAAAAAAAAAAAAAAAAAAAAAAAAAAAAAAAAAAAAAAAAAAAAA
         ATOMIC WAVEFUNCTION(S)


 NUCLEAR CHARGE  6.0  SYMMETRY SPECIES            S    P
 N. ELECTRONS    6.0  NUMBER OF PRIMITIVE GTOS   10    6
                      NUMBER OF CONTRACTED GTOS   4    3
                      NUMBER OF CLOSED SHELLS     2    0
                      OPEN SHELL OCCUPATION       0    2

  ZNUC  SCFIT    TOTAL HF ENERGY   KINETIC ENERGY   VIRIAL THEOREM ACCURACY
   6.0    10    -3.766702350E+01  3.783137943E+01 -1.995655566E+00  1.6E-06

 AAAAAAAAAAAAAAAAAAAAAAAAAAAAAAAAAAAAAAAAAAAAAAAAAAAAAAAAAAAAAAAAAAAAAAAAAAAAAAA

 CHARGE NORMALIZATION FACTOR   1.00000000
 TOTAL ATOMIC CHARGES:
   6.0000000   6.0000000   6.0000000   6.0000000   6.0000000   6.0000000
   6.0000000   6.0000000   6.0000000   6.0000000   6.0000000   6.0000000
 SUMMED SPIN DENSITY           0.00000000
 TOTAL ATOMIC SPINS  :
   0.0000000   0.0000000   0.0000000   0.0000000   0.0000000   0.0000000
   0.0000000   0.0000000   0.0000000   0.0000000   0.0000000   0.0000000
 TTTTTTTTTTTTTTTTTTTTTTTTTTTTTT MOQGAD      TELAPSE        2.00 TCPU        1.10
 TTTTTTTTTTTTTTTTTTTTTTTTTTTTTT SHELLXN     TELAPSE       31.17 TCPU       30.27
 TTTTTTTTTTTTTTTTTTTTTTTTTTTTTT MONMO3      TELAPSE       31.19 TCPU       30.29
 NUMERICALLY INTEGRATED DENSITY     36.0000511953     36.0000511953
 TTTTTTTTTTTTTTTTTTTTTTTTTTTTTT NUMDFT      TELAPSE       31.69 TCPU       30.79
 CYC   0 ETOT(AU) -4.604995238106E+02 DETOT -4.60E+02 tst  0.00E+00 PX  1.00E+00
 TTTTTTTTTTTTTTTTTTTTTTTTTTTTTT DIIS        TELAPSE       31.75 TCPU       30.85
 TTTTTTTTTTTTTTTTTTTTTTTTTTTTTT FDIK        TELAPSE       33.59 TCPU       32.69

    ALPHA      ELECTRONS
 INSULATING STATE
 TOP OF VALENCE BANDS -    BAND     36; K    7; EIG -1.8196916E-01 AU
 TOP OF VALENCE BANDS -    BAND     36; K    1; EIG -2.1620087E-01 AU
 BOTTOM OF VIRTUAL BANDS - BAND     37; K   35; EIG -1.6761685E-01 AU
 INDIRECT ENERGY BAND GAP:   0.3905 eV
 BOTTOM OF VIRTUAL BANDS - BAND     37; K    1; EIG -1.5695326E-01 AU

    BETA       ELECTRONS
 INSULATING STATE
 TOP OF VALENCE BANDS -    BAND     36; K    7; EIG -1.8196916E-01 AU
 TOP OF VALENCE BANDS -    BAND     36; K    1; EIG -2.1620087E-01 AU
 BOTTOM OF VIRTUAL BANDS - BAND     37; K   35; EIG -1.6761685E-01 AU
 INDIRECT ENERGY BAND GAP:   0.3905 eV
 BOTTOM OF VIRTUAL BANDS - BAND     37; K    1; EIG -1.5695326E-01 AU
 TTTTTTTTTTTTTTTTTTTTTTTTTTTTTT PDIG        TELAPSE       33.82 TCPU       32.92
 CHARGE NORMALIZATION FACTOR   1.00000000
 TOTAL ATOMIC CHARGES:
   5.9423962   5.9423962   5.9423962   5.9423962   5.9423962   5.9423962
   5.9423962   5.9423962   6.1152076   6.1152076   6.1152076   6.1152076
 SUMMED SPIN DENSITY           0.00000000
 TOTAL ATOMIC SPINS  :
   0.0000000   0.0000000   0.0000000   0.0000000   0.0000000   0.0000000
   0.0000000   0.0000000  -0.0000000  -0.0000000  -0.0000000  -0.0000000
 TTTTTTTTTTTTTTTTTTTTTTTTTTTTTT MOQGAD      TELAPSE       33.83 TCPU       32.93
 TTTTTTTTTTTTTTTTTTTTTTTTTTTTTT SHELLXN     TELAPSE       64.27 TCPU       63.36
 TTTTTTTTTTTTTTTTTTTTTTTTTTTTTT MONMO3      TELAPSE       64.30 TCPU       63.38
 NUMERICALLY INTEGRATED DENSITY     36.0000314495     36.0000314495
 TTTTTTTTTTTTTTTTTTTTTTTTTTTTTT NUMDFT      TELAPSE       64.75 TCPU       63.84
 CYC   1 ETOT(AU) -4.569122874425E+02 DETOT  3.59E+00 tst  0.00E+00 PX  1.00E+00
 TTTTTTTTTTTTTTTTTTTTTTTTTTTTTT DIIS        TELAPSE       64.81 TCPU       63.90
 DIIS TEST: 0.37729E+00 AT SCF   CYCLE   1 - MIX   30 %
 TTTTTTTTTTTTTTTTTTTTTTTTTTTTTT FDIK        TELAPSE       65.70 TCPU       64.78

    ALPHA      ELECTRONS
 INSULATING STATE
 TOP OF VALENCE BANDS -    BAND     36; K  196; EIG -1.0091219E-01 AU
 TOP OF VALENCE BANDS -    BAND     36; K    1; EIG -1.2537952E-01 AU
 BOTTOM OF VIRTUAL BANDS - BAND     37; K   28; EIG -6.9567231E-02 AU
 INDIRECT ENERGY BAND GAP:   0.8529 eV
 BOTTOM OF VIRTUAL BANDS - BAND     37; K    1; EIG -6.0727160E-02 AU

    BETA       ELECTRONS
 INSULATING STATE
 TOP OF VALENCE BANDS -    BAND     36; K  196; EIG -1.0091219E-01 AU
 TOP OF VALENCE BANDS -    BAND     36; K    1; EIG -1.2537952E-01 AU
 BOTTOM OF VIRTUAL BANDS - BAND     37; K   28; EIG -6.9567231E-02 AU
 INDIRECT ENERGY BAND GAP:   0.8529 eV
 BOTTOM OF VIRTUAL BANDS - BAND     37; K    1; EIG -6.0727160E-02 AU
 TTTTTTTTTTTTTTTTTTTTTTTTTTTTTT PDIG        TELAPSE       65.93 TCPU       65.01
 CHARGE NORMALIZATION FACTOR   1.00000000
 TOTAL ATOMIC CHARGES:
   6.0108219   6.0108219   6.0108219   6.0108219   6.0108219   6.0108219
   6.0108219   6.0108219   5.9783561   5.9783561   5.9783561   5.9783561
 SUMMED SPIN DENSITY           0.00000000
 TOTAL ATOMIC SPINS  :
   0.0000000   0.0000000   0.0000000   0.0000000   0.0000000   0.0000000
   0.0000000   0.0000000  -0.0000000  -0.0000000  -0.0000000  -0.0000000
 TTTTTTTTTTTTTTTTTTTTTTTTTTTTTT MOQGAD      TELAPSE       65.94 TCPU       65.02
 TTTTTTTTTTTTTTTTTTTTTTTTTTTTTT SHELLXN     TELAPSE       96.41 TCPU       95.48
 TTTTTTTTTTTTTTTTTTTTTTTTTTTTTT MONMO3      TELAPSE       96.43 TCPU       95.51
 NUMERICALLY INTEGRATED DENSITY     36.0000325566     36.0000325566
 TTTTTTTTTTTTTTTTTTTTTTTTTTTTTT NUMDFT      TELAPSE       96.88 TCPU       95.96
 CYC   2 ETOT(AU) -4.569435012827E+02 DETOT -3.12E-02 tst  8.20E-04 PX  9.66E-02
 TTTTTTTTTTTTTTTTTTTTTTTTTTTTTT DIIS        TELAPSE       96.94 TCPU       96.02
 DIIS TEST: 0.86418E-01 AT SCF   CYCLE   2 - DIIS ACTIVE - HISTORY:     2 CYCLES
 TTTTTTTTTTTTTTTTTTTTTTTTTTTTTT FDIK        TELAPSE       97.82 TCPU       96.89

    ALPHA      ELECTRONS
 INSULATING STATE
 TOP OF VALENCE BANDS -    BAND     36; K  196; EIG -8.9522969E-02 AU
 TOP OF VALENCE BANDS -    BAND     36; K    1; EIG -1.1642413E-01 AU
 BOTTOM OF VIRTUAL BANDS - BAND     37; K   28; EIG -4.3082043E-02 AU
 INDIRECT ENERGY BAND GAP:   1.2637 eV
 BOTTOM OF VIRTUAL BANDS - BAND     37; K    1; EIG -3.3600644E-02 AU

    BETA       ELECTRONS
 INSULATING STATE
 TOP OF VALENCE BANDS -    BAND     36; K  196; EIG -8.9522969E-02 AU
 TOP OF VALENCE BANDS -    BAND     36; K    1; EIG -1.1642413E-01 AU
 BOTTOM OF VIRTUAL BANDS - BAND     37; K   28; EIG -4.3082043E-02 AU
 INDIRECT ENERGY BAND GAP:   1.2637 eV
 BOTTOM OF VIRTUAL BANDS - BAND     37; K    1; EIG -3.3600644E-02 AU
 TTTTTTTTTTTTTTTTTTTTTTTTTTTTTT PDIG        TELAPSE       98.05 TCPU       97.12
 CHARGE NORMALIZATION FACTOR   1.00000000
 TOTAL ATOMIC CHARGES:
   5.9685090   5.9685090   5.9685090   5.9685090   5.9685090   5.9685090
   5.9685090   5.9685090   6.0629819   6.0629819   6.0629819   6.0629819
 SUMMED SPIN DENSITY           0.00000000
 TOTAL ATOMIC SPINS  :
  -0.0000000  -0.0000000  -0.0000000  -0.0000000  -0.0000000  -0.0000000
  -0.0000000  -0.0000000   0.0000000   0.0000000   0.0000000   0.0000000
 TTTTTTTTTTTTTTTTTTTTTTTTTTTTTT MOQGAD      TELAPSE       98.06 TCPU       97.13
 TTTTTTTTTTTTTTTTTTTTTTTTTTTTTT SHELLXN     TELAPSE      128.52 TCPU      127.59
 TTTTTTTTTTTTTTTTTTTTTTTTTTTTTT MONMO3      TELAPSE      128.54 TCPU      127.61
 NUMERICALLY INTEGRATED DENSITY     36.0000329938     36.0000329938
 TTTTTTTTTTTTTTTTTTTTTTTTTTTTTT NUMDFT      TELAPSE      129.00 TCPU      128.07
 CYC   3 ETOT(AU) -4.569494824560E+02 DETOT -5.98E-03 tst  2.56E-04 PX  2.83E-02
 TTTTTTTTTTTTTTTTTTTTTTTTTTTTTT DIIS        TELAPSE      129.06 TCPU      128.13
 DIIS TEST: 0.61570E-02 AT SCF   CYCLE   3 - DIIS ACTIVE - HISTORY:     3 CYCLES
 TTTTTTTTTTTTTTTTTTTTTTTTTTTTTT FDIK        TELAPSE      129.97 TCPU      129.03

    ALPHA      ELECTRONS
 INSULATING STATE
 TOP OF VALENCE BANDS -    BAND     36; K  196; EIG -9.1103488E-02 AU
 TOP OF VALENCE BANDS -    BAND     36; K    1; EIG -1.1689348E-01 AU
 BOTTOM OF VIRTUAL BANDS - BAND     37; K   28; EIG -4.3662242E-02 AU
 INDIRECT ENERGY BAND GAP:   1.2909 eV
 BOTTOM OF VIRTUAL BANDS - BAND     37; K    1; EIG -3.4558879E-02 AU

    BETA       ELECTRONS
 INSULATING STATE
 TOP OF VALENCE BANDS -    BAND     36; K  196; EIG -9.1103488E-02 AU
 TOP OF VALENCE BANDS -    BAND     36; K    1; EIG -1.1689348E-01 AU
 BOTTOM OF VIRTUAL BANDS - BAND     37; K   28; EIG -4.3662242E-02 AU
 INDIRECT ENERGY BAND GAP:   1.2909 eV
 BOTTOM OF VIRTUAL BANDS - BAND     37; K    1; EIG -3.4558879E-02 AU
 TTTTTTTTTTTTTTTTTTTTTTTTTTTTTT PDIG        TELAPSE      130.20 TCPU      129.26
 CHARGE NORMALIZATION FACTOR   1.00000000
 TOTAL ATOMIC CHARGES:
   5.9766714   5.9766714   5.9766714   5.9766714   5.9766714   5.9766714
   5.9766714   5.9766714   6.0466572   6.0466572   6.0466572   6.0466572
 SUMMED SPIN DENSITY           0.00000000
 TOTAL ATOMIC SPINS  :
   0.0000000   0.0000000   0.0000000   0.0000000   0.0000000   0.0000000
   0.0000000   0.0000000  -0.0000000  -0.0000000  -0.0000000  -0.0000000
 TTTTTTTTTTTTTTTTTTTTTTTTTTTTTT MOQGAD      TELAPSE      130.21 TCPU      129.27
 TTTTTTTTTTTTTTTTTTTTTTTTTTTTTT SHELLXN     TELAPSE      160.64 TCPU      159.69
 TTTTTTTTTTTTTTTTTTTTTTTTTTTTTT MONMO3      TELAPSE      160.66 TCPU      159.72
 NUMERICALLY INTEGRATED DENSITY     36.0000327534     36.0000327534
 TTTTTTTTTTTTTTTTTTTTTTTTTTTTTT NUMDFT      TELAPSE      161.12 TCPU      160.17
 CYC   4 ETOT(AU) -4.569500101253E+02 DETOT -5.28E-04 tst  1.78E-05 PX  9.74E-03
 TTTTTTTTTTTTTTTTTTTTTTTTTTTTTT DIIS        TELAPSE      161.18 TCPU      160.23
 DIIS TEST: 0.29077E-04 AT SCF   CYCLE   4 - DIIS ACTIVE - HISTORY:     4 CYCLES
 TTTTTTTTTTTTTTTTTTTTTTTTTTTTTT FDIK        TELAPSE      162.09 TCPU      161.13

    ALPHA      ELECTRONS
 INSULATING STATE
 TOP OF VALENCE BANDS -    BAND     36; K  196; EIG -9.1076230E-02 AU
 TOP OF VALENCE BANDS -    BAND     36; K    1; EIG -1.1677990E-01 AU
 BOTTOM OF VIRTUAL BANDS - BAND     37; K   28; EIG -4.3290804E-02 AU
 INDIRECT ENERGY BAND GAP:   1.3003 eV
 BOTTOM OF VIRTUAL BANDS - BAND     37; K    1; EIG -3.4189097E-02 AU

    BETA       ELECTRONS
 INSULATING STATE
 TOP OF VALENCE BANDS -    BAND     36; K  196; EIG -9.1076230E-02 AU
 TOP OF VALENCE BANDS -    BAND     36; K    1; EIG -1.1677990E-01 AU
 BOTTOM OF VIRTUAL BANDS - BAND     37; K   28; EIG -4.3290804E-02 AU
 INDIRECT ENERGY BAND GAP:   1.3003 eV
 BOTTOM OF VIRTUAL BANDS - BAND     37; K    1; EIG -3.4189097E-02 AU
 TTTTTTTTTTTTTTTTTTTTTTTTTTTTTT PDIG        TELAPSE      162.32 TCPU      161.36
 CHARGE NORMALIZATION FACTOR   1.00000000
 TOTAL ATOMIC CHARGES:
   5.9761244   5.9761244   5.9761244   5.9761244   5.9761244   5.9761244
   5.9761244   5.9761244   6.0477511   6.0477511   6.0477511   6.0477511
 SUMMED SPIN DENSITY          -0.00000000
 TOTAL ATOMIC SPINS  :
   0.0000000   0.0000000   0.0000000   0.0000000   0.0000000   0.0000000
   0.0000000   0.0000000  -0.0000000  -0.0000000  -0.0000000  -0.0000000
 TTTTTTTTTTTTTTTTTTTTTTTTTTTTTT MOQGAD      TELAPSE      162.32 TCPU      161.37
 TTTTTTTTTTTTTTTTTTTTTTTTTTTTTT SHELLXN     TELAPSE      192.65 TCPU      191.69
 TTTTTTTTTTTTTTTTTTTTTTTTTTTTTT MONMO3      TELAPSE      192.67 TCPU      191.71
 NUMERICALLY INTEGRATED DENSITY     36.0000327728     36.0000327728
 TTTTTTTTTTTTTTTTTTTTTTTTTTTTTT NUMDFT      TELAPSE      193.13 TCPU      192.17
 CYC   5 ETOT(AU) -4.569500156978E+02 DETOT -5.57E-06 tst  3.54E-07 PX  8.74E-04
 TTTTTTTTTTTTTTTTTTTTTTTTTTTTTT DIIS        TELAPSE      193.19 TCPU      192.23
 DIIS TEST: 0.15618E-06 AT SCF   CYCLE   5 - DIIS ACTIVE - HISTORY:     5 CYCLES
 TTTTTTTTTTTTTTTTTTTTTTTTTTTTTT FDIK        TELAPSE      194.09 TCPU      193.13

    ALPHA      ELECTRONS
 INSULATING STATE
 TOP OF VALENCE BANDS -    BAND     36; K  196; EIG -9.1126360E-02 AU
 TOP OF VALENCE BANDS -    BAND     36; K    1; EIG -1.1681220E-01 AU
 BOTTOM OF VIRTUAL BANDS - BAND     37; K   28; EIG -4.3299296E-02 AU
 INDIRECT ENERGY BAND GAP:   1.3014 eV
 BOTTOM OF VIRTUAL BANDS - BAND     37; K    1; EIG -3.4197992E-02 AU

    BETA       ELECTRONS
 INSULATING STATE
 TOP OF VALENCE BANDS -    BAND     36; K  196; EIG -9.1126360E-02 AU
 TOP OF VALENCE BANDS -    BAND     36; K    1; EIG -1.1681220E-01 AU
 BOTTOM OF VIRTUAL BANDS - BAND     37; K   28; EIG -4.3299296E-02 AU
 INDIRECT ENERGY BAND GAP:   1.3014 eV
 BOTTOM OF VIRTUAL BANDS - BAND     37; K    1; EIG -3.4197992E-02 AU
 TTTTTTTTTTTTTTTTTTTTTTTTTTTTTT PDIG        TELAPSE      194.32 TCPU      193.36
 CHARGE NORMALIZATION FACTOR   1.00000000
 TOTAL ATOMIC CHARGES:
   5.9761439   5.9761439   5.9761439   5.9761439   5.9761439   5.9761439
   5.9761439   5.9761439   6.0477122   6.0477122   6.0477122   6.0477122
 SUMMED SPIN DENSITY           0.00000000
 TOTAL ATOMIC SPINS  :
   0.0000000   0.0000000   0.0000000   0.0000000   0.0000000   0.0000000
   0.0000000   0.0000000  -0.0000000  -0.0000000  -0.0000000  -0.0000000
 TTTTTTTTTTTTTTTTTTTTTTTTTTTTTT MOQGAD      TELAPSE      194.33 TCPU      193.37
 TTTTTTTTTTTTTTTTTTTTTTTTTTTTTT SHELLXN     TELAPSE      224.52 TCPU      223.55
 TTTTTTTTTTTTTTTTTTTTTTTTTTTTTT MONMO3      TELAPSE      224.54 TCPU      223.57
 NUMERICALLY INTEGRATED DENSITY     36.0000327745     36.0000327745
 TTTTTTTTTTTTTTTTTTTTTTTTTTTTTT NUMDFT      TELAPSE      225.00 TCPU      224.03
 CYC   6 ETOT(AU) -4.569500157846E+02 DETOT -8.68E-08 tst  3.61E-09 PX  5.66E-05
 TTTTTTTTTTTTTTTTTTTTTTTTTTTTTT DIIS        TELAPSE      225.06 TCPU      224.09
 DIIS TEST: 0.13692E-07 AT SCF   CYCLE   6 - DIIS ACTIVE - HISTORY:     6 CYCLES
 TTTTTTTTTTTTTTTTTTTTTTTTTTTTTT FDIK        TELAPSE      225.96 TCPU      224.98

    ALPHA      ELECTRONS
 INSULATING STATE
 TOP OF VALENCE BANDS -    BAND     36; K  196; EIG -9.1134789E-02 AU
 TOP OF VALENCE BANDS -    BAND     36; K    1; EIG -1.1681939E-01 AU
 BOTTOM OF VIRTUAL BANDS - BAND     37; K   28; EIG -4.3303168E-02 AU
 INDIRECT ENERGY BAND GAP:   1.3016 eV
 BOTTOM OF VIRTUAL BANDS - BAND     37; K    1; EIG -3.4201983E-02 AU

    BETA       ELECTRONS
 INSULATING STATE
 TOP OF VALENCE BANDS -    BAND     36; K  196; EIG -9.1134789E-02 AU
 TOP OF VALENCE BANDS -    BAND     36; K    1; EIG -1.1681939E-01 AU
 BOTTOM OF VIRTUAL BANDS - BAND     37; K   28; EIG -4.3303168E-02 AU
 INDIRECT ENERGY BAND GAP:   1.3016 eV
 BOTTOM OF VIRTUAL BANDS - BAND     37; K    1; EIG -3.4201983E-02 AU
 TTTTTTTTTTTTTTTTTTTTTTTTTTTTTT PDIG        TELAPSE      226.19 TCPU      225.21
 CHARGE NORMALIZATION FACTOR   1.00000000
 TOTAL ATOMIC CHARGES:
   5.9761396   5.9761396   5.9761396   5.9761396   5.9761396   5.9761396
   5.9761396   5.9761396   6.0477209   6.0477209   6.0477209   6.0477209
 SUMMED SPIN DENSITY           0.00000000
 TOTAL ATOMIC SPINS  :
  -0.0000000  -0.0000000  -0.0000000  -0.0000000  -0.0000000  -0.0000000
  -0.0000000  -0.0000000   0.0000000   0.0000000   0.0000000   0.0000000
 TTTTTTTTTTTTTTTTTTTTTTTTTTTTTT MOQGAD      TELAPSE      226.20 TCPU      225.22
 TTTTTTTTTTTTTTTTTTTTTTTTTTTTTT SHELLXN     TELAPSE      256.38 TCPU      255.40
 TTTTTTTTTTTTTTTTTTTTTTTTTTTTTT MONMO3      TELAPSE      256.41 TCPU      255.43
 NUMERICALLY INTEGRATED DENSITY     36.0000327744     36.0000327744
 TTTTTTTTTTTTTTTTTTTTTTTTTTTTTT NUMDFT      TELAPSE      256.86 TCPU      255.88
 CYC   7 ETOT(AU) -4.569500157959E+02 DETOT -1.13E-08 tst  1.11E-10 PX  6.33E-06
 TTTTTTTTTTTTTTTTTTTTTTTTTTTTTT DIIS        TELAPSE      256.92 TCPU      255.94
 DIIS TEST: 0.52358E-09 AT SCF   CYCLE   7 - DIIS ACTIVE - HISTORY:     7 CYCLES
 TTTTTTTTTTTTTTTTTTTTTTTTTTTTTT FDIK        TELAPSE      257.77 TCPU      256.78

    ALPHA      ELECTRONS
 INSULATING STATE
 TOP OF VALENCE BANDS -    BAND     36; K  196; EIG -9.1135389E-02 AU
 TOP OF VALENCE BANDS -    BAND     36; K    1; EIG -1.1681934E-01 AU
 BOTTOM OF VIRTUAL BANDS - BAND     37; K   28; EIG -4.3302034E-02 AU
 INDIRECT ENERGY BAND GAP:   1.3016 eV
 BOTTOM OF VIRTUAL BANDS - BAND     37; K    1; EIG -3.4200802E-02 AU

    BETA       ELECTRONS
 INSULATING STATE
 TOP OF VALENCE BANDS -    BAND     36; K  196; EIG -9.1135389E-02 AU
 TOP OF VALENCE BANDS -    BAND     36; K    1; EIG -1.1681934E-01 AU
 BOTTOM OF VIRTUAL BANDS - BAND     37; K   28; EIG -4.3302034E-02 AU
 INDIRECT ENERGY BAND GAP:   1.3016 eV
 BOTTOM OF VIRTUAL BANDS - BAND     37; K    1; EIG -3.4200802E-02 AU
 TTTTTTTTTTTTTTTTTTTTTTTTTTTTTT PDIG        TELAPSE      258.00 TCPU      257.01
 CHARGE NORMALIZATION FACTOR   1.00000000
 TOTAL ATOMIC CHARGES:
   5.9761416   5.9761416   5.9761416   5.9761416   5.9761416   5.9761416
   5.9761416   5.9761416   6.0477168   6.0477168   6.0477168   6.0477168
 SUMMED SPIN DENSITY           0.00000000
 TOTAL ATOMIC SPINS  :
   0.0000000   0.0000000   0.0000000   0.0000000   0.0000000   0.0000000
   0.0000000   0.0000000  -0.0000000  -0.0000000  -0.0000000  -0.0000000
 TTTTTTTTTTTTTTTTTTTTTTTTTTTTTT MOQGAD      TELAPSE      258.01 TCPU      257.02
 TTTTTTTTTTTTTTTTTTTTTTTTTTTTTT SHELLXN     TELAPSE      288.29 TCPU      287.30
 TTTTTTTTTTTTTTTTTTTTTTTTTTTTTT MONMO3      TELAPSE      288.31 TCPU      287.32
 NUMERICALLY INTEGRATED DENSITY     36.0000327744     36.0000327744
 TTTTTTTTTTTTTTTTTTTTTTTTTTTTTT NUMDFT      TELAPSE      288.77 TCPU      287.78
 CYC   8 ETOT(AU) -4.569500157991E+02 DETOT -3.16E-09 tst  8.14E-12 PX  1.86E-06
 TTTTTTTTTTTTTTTTTTTTTTTTTTTTTT DIIS        TELAPSE      288.83 TCPU      287.83
 DIIS TEST: 0.23116E-10 AT SCF   CYCLE   8 - DIIS ACTIVE - HISTORY:     8 CYCLES
 TTTTTTTTTTTTTTTTTTTTTTTTTTTTTT FDIK        TELAPSE      289.60 TCPU      288.60

    ALPHA      ELECTRONS
 INSULATING STATE
 TOP OF VALENCE BANDS -    BAND     36; K  196; EIG -9.1135404E-02 AU
 TOP OF VALENCE BANDS -    BAND     36; K    1; EIG -1.1681929E-01 AU
 BOTTOM OF VIRTUAL BANDS - BAND     37; K   28; EIG -4.3301709E-02 AU
 INDIRECT ENERGY BAND GAP:   1.3016 eV
 BOTTOM OF VIRTUAL BANDS - BAND     37; K    1; EIG -3.4200472E-02 AU

    BETA       ELECTRONS
 INSULATING STATE
 TOP OF VALENCE BANDS -    BAND     36; K  196; EIG -9.1135404E-02 AU
 TOP OF VALENCE BANDS -    BAND     36; K    1; EIG -1.1681929E-01 AU
 BOTTOM OF VIRTUAL BANDS - BAND     37; K   28; EIG -4.3301709E-02 AU
 INDIRECT ENERGY BAND GAP:   1.3016 eV
 BOTTOM OF VIRTUAL BANDS - BAND     37; K    1; EIG -3.4200472E-02 AU
 TTTTTTTTTTTTTTTTTTTTTTTTTTTTTT PDIG        TELAPSE      289.83 TCPU      288.83
 CHARGE NORMALIZATION FACTOR   1.00000000
 TOTAL ATOMIC CHARGES:
   5.9761417   5.9761417   5.9761417   5.9761417   5.9761417   5.9761417
   5.9761417   5.9761417   6.0477166   6.0477166   6.0477166   6.0477166
 SUMMED SPIN DENSITY           0.00000000
 TOTAL ATOMIC SPINS  :
   0.0000000   0.0000000   0.0000000   0.0000000   0.0000000   0.0000000
   0.0000000   0.0000000  -0.0000000  -0.0000000  -0.0000000  -0.0000000
 TTTTTTTTTTTTTTTTTTTTTTTTTTTTTT MOQGAD      TELAPSE      289.84 TCPU      288.84
 TTTTTTTTTTTTTTTTTTTTTTTTTTTTTT SHELLXN     TELAPSE      320.18 TCPU      319.17
 TTTTTTTTTTTTTTTTTTTTTTTTTTTTTT MONMO3      TELAPSE      320.20 TCPU      319.20
 NUMERICALLY INTEGRATED DENSITY     36.0000327744     36.0000327744
 TTTTTTTTTTTTTTTTTTTTTTTTTTTTTT NUMDFT      TELAPSE      320.65 TCPU      319.65
 CYC   9 ETOT(AU) -4.569500157990E+02 DETOT  6.41E-11 tst  2.74E-13 PX  3.03E-07
 TTTTTTTTTTTTTTTTTTTTTTTTTTTTTT DIIS        TELAPSE      320.71 TCPU      319.71
 DIIS TEST: 0.14079E-11 AT SCF   CYCLE   9 - DIIS ACTIVE - HISTORY:     9 CYCLES
 TTTTTTTTTTTTTTTTTTTTTTTTTTTTTT FDIK        TELAPSE      321.39 TCPU      320.38

    ALPHA      ELECTRONS
 INSULATING STATE
 TOP OF VALENCE BANDS -    BAND     36; K  196; EIG -9.1135400E-02 AU
 TOP OF VALENCE BANDS -    BAND     36; K    1; EIG -1.1681928E-01 AU
 BOTTOM OF VIRTUAL BANDS - BAND     37; K   28; EIG -4.3301656E-02 AU
 INDIRECT ENERGY BAND GAP:   1.3016 eV
 BOTTOM OF VIRTUAL BANDS - BAND     37; K    1; EIG -3.4200417E-02 AU

    BETA       ELECTRONS
 INSULATING STATE
 TOP OF VALENCE BANDS -    BAND     36; K  196; EIG -9.1135400E-02 AU
 TOP OF VALENCE BANDS -    BAND     36; K    1; EIG -1.1681928E-01 AU
 BOTTOM OF VIRTUAL BANDS - BAND     37; K   28; EIG -4.3301656E-02 AU
 INDIRECT ENERGY BAND GAP:   1.3016 eV
 BOTTOM OF VIRTUAL BANDS - BAND     37; K    1; EIG -3.4200417E-02 AU
 TTTTTTTTTTTTTTTTTTTTTTTTTTTTTT PDIG        TELAPSE      321.62 TCPU      320.61
 CHARGE NORMALIZATION FACTOR   1.00000000
 TOTAL ATOMIC CHARGES:
   5.9761417   5.9761417   5.9761417   5.9761417   5.9761417   5.9761417
   5.9761417   5.9761417   6.0477166   6.0477166   6.0477166   6.0477166
 SUMMED SPIN DENSITY           0.00000000
 TOTAL ATOMIC SPINS  :
   0.0000000   0.0000000   0.0000000   0.0000000   0.0000000   0.0000000
   0.0000000   0.0000000  -0.0000000  -0.0000000  -0.0000000  -0.0000000
 TTTTTTTTTTTTTTTTTTTTTTTTTTTTTT MOQGAD      TELAPSE      321.62 TCPU      320.61
 TTTTTTTTTTTTTTTTTTTTTTTTTTTTTT SHELLXN     TELAPSE      351.97 TCPU      350.96
 +++ ENERGIES IN A.U. +++
 ::: EXT EL-POLE                                  -2.1711072296888E+03
 ::: EXT EL-SPHEROPOLE                             1.8824246587484E+01
 ::: BIELET ZONE E-E                               2.2349135470379E+03
 ::: TOTAL E-E                                     8.2630563936592E+01
 ::: TOTAL E-N + N-E                              -7.7963559785967E+02
 ::: TOTAL N-N                                    -1.6265192182533E+02
 ::: KINETIC ENERGY                                4.5545389070532E+02
 ::: PSEUDO TOTAL   ENERGY                        -4.0420306504309E+02
 ::: VIRIAL COEFFICIENT                            1.0596177641785E+00
 TTTTTTTTTTTTTTTTTTTTTTTTTTTTTT MONMO3      TELAPSE      352.00 TCPU      350.99
 NUMERICALLY INTEGRATED DENSITY     36.0000327744     36.0000327744
 EXCHANGE ENERGY: -0.497059958268E+02  CORRELATION ENERGY: -0.304095492923E+01
 TTTTTTTTTTTTTTTTTTTTTTTTTTTTTT NUMDFT      TELAPSE      352.46 TCPU      351.44
 CYC  10 ETOT(AU) -4.569500157991E+02 DETOT -6.83E-11 tst  7.48E-15 PX  3.03E-07

 == SCF ENDED - CONVERGENCE ON ENERGY      E(AU) -4.5695001579911E+02 CYCLES  10


 ENERGY EXPRESSION=HARTREE+FOCK EXCH*0.20000+(BECKE      EXCH)*0.80000+LYP        CORR


 TOTAL ENERGY(DFT)(AU)( 10) -4.5695001579911E+02 DE-6.8E-11 tester 7.5E-15
 TTTTTTTTTTTTTTTTTTTTTTTTTTTTTT EDFT        TELAPSE      352.46 TCPU      351.45
 
 INFORMATION **** DFTD3 ENERGY **** CALCULATE DFTD3 ENERGY

           DFT-D V3(BJ)
 DF                                         b3-lyp    
 parameters
 s6       :    1.0000
 s8       :    1.9889
 a1       :    0.3981
 a2       :    4.4211
 k1 k3    :   16.0000   -4.0000
 Cutoff   :   50.2022
 CN-Cutoff:   21.1671
 ABC-Cutoff:   21.1671
 
 Edisp /kcal,au:   -82.5241 -0.13151057

 E6    /kcal :   -39.5215
 E8    /kcal :   -43.0026
 
 INFORMATION **** DFTD3 ENERGY **** NORMAL TERMINATION OF DFTD3 MODULE

 *******************************************************************************

 DFT-D3 DISPERSION ENERGY CORRECTION

 D3 DISPERSION ENERGY (AU)       -1.3151057451549E-01
 TOTAL ENERGY + DISP (AU)        -4.5708152637363E+02

 *******************************************************************************


 NEIGHBORS OF THE NON-EQUIVALENT ATOMS

 N = NUMBER OF NEIGHBORS AT DISTANCE R
    ATOM  N     R/ANG      R/AU   NEIGHBORS (ATOM LABELS AND CELL INDICES)
   1 C    1     1.4861     2.8084   10 C    0 0 0
   1 C    1     1.5844     2.9942    4 C    0 0 0
   1 C    1     1.5924     3.0093    5 C    0 0 0
   1 C    1     1.6228     3.0666    2 C    0 0 0
   1 C    1     2.4228     4.5784    9 C    1-1 0
   1 C    1     2.4326     4.5969   12 C    0 0 0

   9 C    1     1.3238     2.5016   10 C    0 0 0
   9 C    2     1.4861     2.8084    2 C   -1 1 0    3 C   -1 1 0
   9 C    2     2.4228     4.5784    1 C   -1 1 0    4 C   -1 1 0
   9 C    2     2.4326     4.5969    6 C   -1 1 1    7 C    0-1 0
   9 C    2     2.4449     4.6202    1 C    0 0 0    4 C   -1 1 1
   9 C    2     2.6279     4.9660    2 C    0 0-1    3 C   -2 2 1

 TTTTTTTTTTTTTTTTTTTTTTTTTTTTTT AFTER FIRST TELAPSE      352.54 TCPU      351.52
 MMMMMMMMMMMMMMMMMMMMMMMMMMMMMMMMMMMMMMMMMMMMMMMMMMMMMMMMMMMMMMMMMMMMMMMMMMMMMMM
     ALPHA+BETA ELECTRONS
 MULLIKEN POPULATION ANALYSIS - NO. OF ELECTRONS   72.000000

  ATOM    Z CHARGE  A.O. POPULATION

   1 C    6  5.976  0.854  1.121  0.762  0.448  0.442  0.420  0.428  0.006
                   -0.002 -0.008  0.463  0.493  0.508  0.008  0.010  0.006
                    0.008  0.009
   2 C    6  5.976  0.854  1.121  0.762  0.448  0.442  0.420  0.428  0.006
                   -0.002 -0.008  0.463  0.493  0.508  0.008  0.010  0.006
                    0.008  0.009
   3 C    6  5.976  0.854  1.121  0.762  0.448  0.442  0.420  0.428  0.006
                   -0.002 -0.008  0.463  0.493  0.508  0.008  0.010  0.006
                    0.008  0.009
   4 C    6  5.976  0.854  1.121  0.762  0.448  0.442  0.420  0.428  0.006
                   -0.002 -0.008  0.463  0.493  0.508  0.008  0.010  0.006
                    0.008  0.009
   5 C    6  5.976  0.854  1.121  0.762  0.448  0.442  0.420  0.428  0.006
                   -0.002 -0.008  0.463  0.493  0.508  0.008  0.010  0.006
                    0.008  0.009
   6 C    6  5.976  0.854  1.121  0.762  0.448  0.442  0.420  0.428  0.006
                   -0.002 -0.008  0.463  0.493  0.508  0.008  0.010  0.006
                    0.008  0.009
   7 C    6  5.976  0.854  1.121  0.762  0.448  0.442  0.420  0.428  0.006
                   -0.002 -0.008  0.463  0.493  0.508  0.008  0.010  0.006
                    0.008  0.009
   8 C    6  5.976  0.854  1.121  0.762  0.448  0.442  0.420  0.428  0.006
                   -0.002 -0.008  0.463  0.493  0.508  0.008  0.010  0.006
                    0.008  0.009
   9 C    6  6.048  0.854  1.120  0.762  0.432  0.460  0.525  0.397  0.002
                   -0.007 -0.051  0.453  0.427  0.633  0.004  0.005  0.008
                    0.012  0.013
  10 C    6  6.048  0.854  1.120  0.762  0.432  0.460  0.525  0.397  0.002
                   -0.007 -0.051  0.453  0.427  0.633  0.004  0.005  0.008
                    0.012  0.013
  11 C    6  6.048  0.854  1.120  0.762  0.432  0.460  0.525  0.397  0.002
                   -0.007 -0.051  0.453  0.427  0.633  0.004  0.005  0.008
                    0.012  0.013
  12 C    6  6.048  0.854  1.120  0.762  0.432  0.460  0.525  0.397  0.002
                   -0.007 -0.051  0.453  0.427  0.633  0.004  0.005  0.008
                    0.012  0.013

  ATOM    Z CHARGE  SHELL POPULATION

   1 C    6  5.976  0.854  1.121  0.762  0.448  1.291 -0.004  1.463  0.042
   2 C    6  5.976  0.854  1.121  0.762  0.448  1.291 -0.004  1.463  0.042
   3 C    6  5.976  0.854  1.121  0.762  0.448  1.291 -0.004  1.463  0.042
   4 C    6  5.976  0.854  1.121  0.762  0.448  1.291 -0.004  1.463  0.042
   5 C    6  5.976  0.854  1.121  0.762  0.448  1.291 -0.004  1.463  0.042
   6 C    6  5.976  0.854  1.121  0.762  0.448  1.291 -0.004  1.463  0.042
   7 C    6  5.976  0.854  1.121  0.762  0.448  1.291 -0.004  1.463  0.042
   8 C    6  5.976  0.854  1.121  0.762  0.448  1.291 -0.004  1.463  0.042
   9 C    6  6.048  0.854  1.120  0.762  0.432  1.381 -0.056  1.512  0.042
  10 C    6  6.048  0.854  1.120  0.762  0.432  1.381 -0.056  1.512  0.042
  11 C    6  6.048  0.854  1.120  0.762  0.432  1.381 -0.056  1.512  0.042
  12 C    6  6.048  0.854  1.120  0.762  0.432  1.381 -0.056  1.512  0.042

 OVERLAP POPULATION CONDENSED TO ATOMS FOR FIRST   6 NEIGHBORS

 ATOM A   1 C    ATOM B     CELL      R(AB)/AU R(AB)/ANG    OVPOP(AB)
                 10 C    (  0  0  0)     2.808     1.486     0.326
                  4 C    (  0  0  0)     2.994     1.584     0.296
                  5 C    (  0  0  0)     3.009     1.592     0.330
                  2 C    (  0  0  0)     3.067     1.623     0.305
                  9 C    (  1 -1  0)     4.578     2.423    -0.038
                 12 C    (  0  0  0)     4.597     2.433    -0.032

 ATOM A   9 C    ATOM B     CELL      R(AB)/AU R(AB)/ANG    OVPOP(AB)
                 10 C    (  0  0  0)     2.502     1.324     0.524
                  2 C    ( -1  1  0)     2.808     1.486     0.326
                  1 C    ( -1  1  0)     4.578     2.423    -0.038
                  6 C    ( -1  1  1)     4.597     2.433    -0.032
                  1 C    (  0  0  0)     4.620     2.445    -0.036
                  2 C    (  0  0 -1)     4.966     2.628    -0.020
 TTTTTTTTTTTTTTTTTTTTTTTTTTTTTT AFTER FIRST TELAPSE      352.93 TCPU      351.60
 MMMMMMMMMMMMMMMMMMMMMMMMMMMMMMMMMMMMMMMMMMMMMMMMMMMMMMMMMMMMMMMMMMMMMMMMMMMMMMM
     ALPHA-BETA ELECTRONS
 MULLIKEN POPULATION ANALYSIS - NO. OF ELECTRONS    0.000000

  ATOM    Z CHARGE  A.O. POPULATION

   1 C    6  0.000  0.000 -0.000  0.000 -0.000  0.000  0.000  0.000 -0.000
                   -0.000 -0.000  0.000  0.000 -0.000 -0.000  0.000  0.000
                    0.000  0.000
   2 C    6  0.000  0.000 -0.000  0.000 -0.000  0.000  0.000  0.000 -0.000
                   -0.000 -0.000  0.000  0.000 -0.000 -0.000  0.000  0.000
                    0.000  0.000
   3 C    6  0.000  0.000 -0.000  0.000 -0.000  0.000  0.000  0.000 -0.000
                   -0.000 -0.000  0.000  0.000 -0.000 -0.000  0.000  0.000
                    0.000  0.000
   4 C    6  0.000  0.000 -0.000  0.000 -0.000  0.000  0.000  0.000 -0.000
                   -0.000 -0.000  0.000  0.000 -0.000 -0.000  0.000  0.000
                    0.000  0.000
   5 C    6  0.000  0.000 -0.000  0.000 -0.000  0.000  0.000  0.000 -0.000
                   -0.000 -0.000  0.000  0.000 -0.000 -0.000  0.000  0.000
                    0.000  0.000
   6 C    6  0.000  0.000 -0.000  0.000 -0.000  0.000  0.000  0.000 -0.000
                   -0.000 -0.000  0.000  0.000 -0.000 -0.000  0.000  0.000
                    0.000  0.000
   7 C    6  0.000  0.000 -0.000  0.000 -0.000  0.000  0.000  0.000 -0.000
                   -0.000 -0.000  0.000  0.000 -0.000 -0.000  0.000  0.000
                    0.000  0.000
   8 C    6  0.000  0.000 -0.000  0.000 -0.000  0.000  0.000  0.000 -0.000
                   -0.000 -0.000  0.000  0.000 -0.000 -0.000  0.000  0.000
                    0.000  0.000
   9 C    6 -0.000  0.000 -0.000  0.000 -0.000  0.000 -0.000  0.000 -0.000
                    0.000  0.000  0.000 -0.000  0.000  0.000 -0.000 -0.000
                   -0.000 -0.000
  10 C    6 -0.000  0.000 -0.000  0.000 -0.000  0.000 -0.000  0.000 -0.000
                    0.000  0.000  0.000 -0.000  0.000  0.000 -0.000 -0.000
                   -0.000 -0.000
  11 C    6 -0.000  0.000 -0.000  0.000 -0.000  0.000 -0.000  0.000 -0.000
                    0.000  0.000  0.000 -0.000  0.000  0.000 -0.000 -0.000
                   -0.000 -0.000
  12 C    6 -0.000  0.000 -0.000  0.000 -0.000  0.000 -0.000  0.000 -0.000
                    0.000  0.000  0.000 -0.000  0.000  0.000 -0.000 -0.000
                   -0.000 -0.000

  ATOM    Z CHARGE  SHELL POPULATION

   1 C    6  0.000  0.000 -0.000  0.000 -0.000  0.000 -0.000  0.000  0.000
   2 C    6  0.000  0.000 -0.000  0.000 -0.000  0.000 -0.000  0.000  0.000
   3 C    6  0.000  0.000 -0.000  0.000 -0.000  0.000 -0.000  0.000  0.000
   4 C    6  0.000  0.000 -0.000  0.000 -0.000  0.000 -0.000  0.000  0.000
   5 C    6  0.000  0.000 -0.000  0.000 -0.000  0.000 -0.000  0.000  0.000
   6 C    6  0.000  0.000 -0.000  0.000 -0.000  0.000 -0.000  0.000  0.000
   7 C    6  0.000  0.000 -0.000  0.000 -0.000  0.000 -0.000  0.000  0.000
   8 C    6  0.000  0.000 -0.000  0.000 -0.000  0.000 -0.000  0.000  0.000
   9 C    6 -0.000  0.000 -0.000  0.000 -0.000 -0.000  0.000 -0.000 -0.000
  10 C    6 -0.000  0.000 -0.000  0.000 -0.000 -0.000  0.000 -0.000 -0.000
  11 C    6 -0.000  0.000 -0.000  0.000 -0.000 -0.000  0.000 -0.000 -0.000
  12 C    6 -0.000  0.000 -0.000  0.000 -0.000 -0.000  0.000 -0.000 -0.000

 OVERLAP POPULATION CONDENSED TO ATOMS FOR FIRST   6 NEIGHBORS

 ATOM A   1 C    ATOM B     CELL      R(AB)/AU R(AB)/ANG    OVPOP(AB)
                 10 C    (  0  0  0)     2.808     1.486     0.000
                  4 C    (  0  0  0)     2.994     1.584    -0.000
                  5 C    (  0  0  0)     3.009     1.592     0.000
                  2 C    (  0  0  0)     3.067     1.623    -0.000
                  9 C    (  1 -1  0)     4.578     2.423    -0.000
                 12 C    (  0  0  0)     4.597     2.433    -0.000

 ATOM A   9 C    ATOM B     CELL      R(AB)/AU R(AB)/ANG    OVPOP(AB)
                 10 C    (  0  0  0)     2.502     1.324     0.000
                  2 C    ( -1  1  0)     2.808     1.486     0.000
                  1 C    ( -1  1  0)     4.578     2.423    -0.000
                  6 C    ( -1  1  1)     4.597     2.433    -0.000
                  1 C    (  0  0  0)     4.620     2.445    -0.000
                  2 C    (  0  0 -1)     4.966     2.628     0.000
 EIGENVECTORS IN FORTRAN UNIT  8
 TTTTTTTTTTTTTTTTTTTTTTTTTTTTTT END         TELAPSE      353.23 TCPU      351.88
 EEEEEEEEEE TERMINATION  DATE 24 01 2026 TIME 21:15:01.8
NODE    0 CPU TIME =       351.883
NODE    1 CPU TIME =       351.955
NODE    2 CPU TIME =       352.106
NODE    3 CPU TIME =       351.845
NODE    4 CPU TIME =       351.877
NODE    5 CPU TIME =       351.985
NODE    6 CPU TIME =       352.281
NODE    7 CPU TIME =       351.972
NODE    8 CPU TIME =       351.880
NODE    9 CPU TIME =       351.827
NODE   10 CPU TIME =       352.169
NODE   11 CPU TIME =       352.532
NODE   12 CPU TIME =       351.978
NODE   13 CPU TIME =       351.927
NODE   14 CPU TIME =       351.941
NODE   15 CPU TIME =       351.993
NODE   16 CPU TIME =       351.871
NODE   17 CPU TIME =       351.856
NODE   18 CPU TIME =       351.908
NODE   19 CPU TIME =       351.970
NODE   20 CPU TIME =       351.978
NODE   21 CPU TIME =       351.931
NODE   22 CPU TIME =       351.932
NODE   23 CPU TIME =       351.909
NODE   24 CPU TIME =       352.007
NODE   25 CPU TIME =       351.887
NODE   26 CPU TIME =       351.819
NODE   27 CPU TIME =       351.917
NODE   28 CPU TIME =       351.960
NODE   29 CPU TIME =       351.916
NODE   30 CPU TIME =       351.844
NODE   31 CPU TIME =       352.308
    TOTAL CPU TIME =     11263.163
