MPI startup(): Warning: I_MPI_PMI_LIBRARY will be ignored since the hydra process manager was found
MPI startup(): Warning: I_MPI_PMI_LIBRARY will be ignored since the hydra process manager was found
MPI startup(): Warning: I_MPI_PMI_LIBRARY will be ignored since the hydra process manager was found
MPI startup(): Warning: I_MPI_PMI_LIBRARY will be ignored since the hydra process manager was found
MPI startup(): Warning: I_MPI_PMI_LIBRARY will be ignored since the hydra process manager was found
MPI startup(): Warning: I_MPI_PMI_LIBRARY will be ignored since the hydra process manager was found
MPI startup(): Warning: I_MPI_PMI_LIBRARY will be ignored since the hydra process manager was found
MPI startup(): Warning: I_MPI_PMI_LIBRARY will be ignored since the hydra process manager was found
MPI startup(): Warning: I_MPI_PMI_LIBRARY will be ignored since the hydra process manager was found
MPI startup(): Warning: I_MPI_PMI_LIBRARY will be ignored since the hydra process manager was found
MPI startup(): Warning: I_MPI_PMI_LIBRARY will be ignored since the hydra process manager was found
MPI startup(): Warning: I_MPI_PMI_LIBRARY will be ignored since the hydra process manager was found
MPI startup(): Warning: I_MPI_PMI_LIBRARY will be ignored since the hydra process manager was found
MPI startup(): Warning: I_MPI_PMI_LIBRARY will be ignored since the hydra process manager was found
MPI startup(): Warning: I_MPI_PMI_LIBRARY will be ignored since the hydra process manager was found
MPI startup(): Warning: I_MPI_PMI_LIBRARY will be ignored since the hydra process manager was found
MPI startup(): Warning: I_MPI_PMI_LIBRARY will be ignored since the hydra process manager was found
MPI startup(): Warning: I_MPI_PMI_LIBRARY will be ignored since the hydra process manager was found
MPI startup(): Warning: I_MPI_PMI_LIBRARY will be ignored since the hydra process manager was found
MPI startup(): Warning: I_MPI_PMI_LIBRARY will be ignored since the hydra process manager was found
MPI startup(): Warning: I_MPI_PMI_LIBRARY will be ignored since the hydra process manager was found
MPI startup(): Warning: I_MPI_PMI_LIBRARY will be ignored since the hydra process manager was found
MPI startup(): Warning: I_MPI_PMI_LIBRARY will be ignored since the hydra process manager was found
MPI startup(): Warning: I_MPI_PMI_LIBRARY will be ignored since the hydra process manager was found
 PROCESS            4  OF           24  WORKING
 PROCESS           19  OF           24  WORKING
 PROCESS           17  OF           24  WORKING
 PROCESS            0  OF           24  WORKING
 PROCESS           11  OF           24  WORKING
 PROCESS           16  OF           24  WORKING
 PROCESS            3  OF           24  WORKING
 PROCESS            7  OF           24  WORKING
 PROCESS           14  OF           24  WORKING
 PROCESS           18  OF           24  WORKING
 PROCESS           22  OF           24  WORKING
 PROCESS           23  OF           24  WORKING
 PROCESS            8  OF           24  WORKING
 PROCESS           13  OF           24  WORKING
 PROCESS           15  OF           24  WORKING

 PROCESS           10  OF           24  WORKING
         
 PROCESS            1  OF           24  WORKING
 PROCESS           12  OF           24  WORKING
 PROCESS           21  OF           24  WORKING
 *******************************************************************************
 PROCESS            5  OF           24  WORKING
 PROCESS            6  OF           24  WORKING
 PROCESS            2  OF           24  WORKING
 PROCESS           20  OF           24  WORKING
 *                                                                             *
 *                               CRYSTAL23                                     *
 *                      public : 1.0.1 - October 2022                          *
 *                       HTTP://WWW.CRYSTAL.UNITO.IT                           *
 *                                                                             *
 *                              MAIN AUTHORS                                   *
 *                                                                             *
 *  R. DOVESI(1,11), V.R. SAUNDERS(2), C. ROETTI(1,11), R. ORLANDO(1,11),      *
 *  C.M. ZICOVICH-WILSON(1,3), F. PASCALE(4), B. CIVALLERI(1,11),              *
 *  K. DOLL(5), N.M. HARRISON(6), I.J. BUSH(7), Ph. D'ARCO(8),                 *
 *  M. LLUNELL(9), M. CAUSA'(10), Y. NOEL(8), L. MASCHIO(1,11), A. ERBA(1,11)  *
 *  M. RE'RAT(14), S. CASASSA(1,11), B.G. SEARLE(2), J.K. DESMARAIS(1)         *
 *                                                                             *
 *        CONTRIBUTIONS TO THE CODE HAVE ALSO BEEN GIVEN BY                    *
 *                                                                             *
 *  M. FERRABONE(1,11), M. DE LA PIERRE(1,11), M. FERRERO(1,11),               *
 *  J. BAIMA(1,11), E. ALBANESE(1,11), M.F. PEINTINGER(12), R. BAST(13),       *
 *  B. KIRTMAN(15), V. LACIVITA(1,11), R. DEMICHELIS(1,16)                     *
 *  G. BRANDEBURG(17), S. SALUSTRO(1,11), G. SANSONE(1,11)                     *
 *  M.T. RUGGIERO(18), L.E. DAGA(1), L. DONA'(1), A. COSSARD(1)                *
 *                                                                             *
 * (1) THEORETICAL CHEMISTRY GROUP - UNIVERSITA' DI TORINO - TORINO (ITALY)    *
 * (2) SCIENTIFIC COMPUTING DEPARTMENT - STFC DARESBURY (UK)                   *
 * (3) UNIVERSIDAD AUTONOMA DEL ESTADO DE MORELOS - CUERNAVACA (MEXICO)        *
 * (4) UNIVERSITE' DE LORRAINE - NANCY (FRANCE)                                *
 * (5) UNIVERSITAET STUTTGART- STUTTGART (GERMANY)                             *
 * (6) IMPERIAL COLLEGE - LONDON (UK)                                          *
 * (7) SCIENTIFIC COMPUTING DEPARTMENT - STFC RAL (UK)                         *
 * (8) UPMC - SORBONNE UNIVERSITES - PARIS (FRANCE)                            *
 * (9) UNIVERSIDAD DE BARCELONA - BARCELONA (SPAIN)                            *
 *(10) UNIVERSITA' DI NAPOLI "FEDERICO II" - NAPOLI (ITALY)                    *
 *(11) NIS - NANOSTRUCTURED INTERFACES AND SURFACES - TORINO (ITALY)           *
 *(12) MPI FUER CHEMISCHE ENERGIEKONVERSION - MUELHEIM AN DER RUHR (GERMANY)   *
 *(13) UNIVERSITY OF TROMSO - TROMSO (NORWAY)                                  *
 *(14) UNIVERSITE' DE PAU ET DES PAYS DE L'ADOUR - PAU (FRANCE)                *
 *(15) UNIVERSITY OF CALIFORNIA SANTA BARBARA - SANTA BARBARA (USA)            *
 *(16) CURTIN UNIVERSITY - PERTH (AUSTRALIA)                                   *
 *(17) UNIVERSITY COLLEGE LONDON - LONDON (UK)                                 *
 *(18) UNIVERSITY OF VERMONT - BURLINGTON (USA)                                *
 *                                                                             *
 *******************************************************************************
 EEEEEEEEEE STARTING  DATE 21 01 2026 TIME 23:30:05.9
 ./3,4T3-CA_rev1_sp_B3LYP-D3-D3_optimized                                        
 PROCESS            9  OF           24  WORKING

 CRYSTAL CALCULATION
 (INPUT ACCORDING TO THE INTERNATIONAL TABLES FOR X-RAY CRYSTALLOGRAPHY)
 CRYSTAL FAMILY                       :  ORTHORHOMBIC
 CRYSTAL CLASS  (GROTH - 1921)        :  ORTHORHOMBIC BIPYRAMIDAL             

 SPACE GROUP (CENTROSYMMETRIC)        :  P C C A         

 LATTICE PARAMETERS  (ANGSTROMS AND DEGREES) - CONVENTIONAL CELL
        A           B           C        ALPHA        BETA       GAMMA
     4.64550     4.27211     5.19221    90.00000    90.00000    90.00000


 NUMBER OF IRREDUCIBLE ATOMS IN THE CONVENTIONAL CELL:    2

 INPUT COORDINATES

 ATOM AT. N.              COORDINATES
   1   6     1.184279914284E-01 -4.200371989049E-01  4.682556423133E-01
   2   6     4.070655455711E-01 -8.096645682576E-02 -1.088130682047E-01

 *******************************************************************************

 << INFORMATION >>: FROM NOW ON, ALL COORDINATES REFER TO THE PRIMITIVE CELL

 *******************************************************************************

 LATTICE PARAMETERS  (ANGSTROMS AND DEGREES) - PRIMITIVE CELL
       A          B          C        ALPHA      BETA     GAMMA        VOLUME
    4.64550    4.27211    5.19221    90.00000  90.00000  90.00000    103.045039

 COORDINATES OF THE EQUIVALENT ATOMS (FRACTIONAL UNITS)

 N. ATOM EQUIV AT. N.          X                  Y                  Z

   1   1   1    6 C     1.18427991428E-01 -4.20037198905E-01  4.68255642313E-01
   2   1   2    6 C     3.81572008572E-01  4.20037198905E-01  4.68255642313E-01
   3   1   3    6 C    -3.81572008572E-01  4.20037198905E-01  3.17443576867E-02
   4   1   4    6 C    -1.18427991428E-01 -4.20037198905E-01  3.17443576867E-02
   5   1   5    6 C    -1.18427991428E-01  4.20037198905E-01 -4.68255642313E-01
   6   1   6    6 C    -3.81572008572E-01 -4.20037198905E-01 -4.68255642313E-01
   7   1   7    6 C     3.81572008572E-01 -4.20037198905E-01 -3.17443576867E-02
   8   1   8    6 C     1.18427991428E-01  4.20037198905E-01 -3.17443576867E-02

   9   2   1    6 C     4.07065545571E-01 -8.09664568258E-02 -1.08813068205E-01
  10   2   2    6 C     9.29344544289E-02  8.09664568258E-02 -1.08813068205E-01
  11   2   3    6 C    -9.29344544289E-02  8.09664568258E-02 -3.91186931795E-01
  12   2   4    6 C    -4.07065545571E-01 -8.09664568258E-02 -3.91186931795E-01
  13   2   5    6 C    -4.07065545571E-01  8.09664568258E-02  1.08813068205E-01
  14   2   6    6 C    -9.29344544289E-02 -8.09664568258E-02  1.08813068205E-01
  15   2   7    6 C     9.29344544289E-02 -8.09664568258E-02  3.91186931795E-01
  16   2   8    6 C     4.07065545571E-01  8.09664568258E-02  3.91186931795E-01

 NUMBER OF SYMMETRY OPERATORS         :    8
 *******************************************************************************
 * GEOMETRY EDITING - INPUT COORDINATES ARE GIVEN IN ANGSTROM         
 *******************************************************************************

 GEOMETRY NOW FULLY CONSISTENT WITH THE GROUP

 GCALCO - MAX INDICES DIRECT LATTICE VECTOR    15    16    13
 NO.OF VECTORS CREATED 6999 STARS 1049 RMAX   105.12207 BOHR

 GEOMETRY FOR WAVE FUNCTION - DIMENSIONALITY OF THE SYSTEM    3
 (NON PERIODIC DIRECTION: LATTICE PARAMETER FORMALLY SET TO 500)
 *******************************************************************************
 LATTICE PARAMETERS (ANGSTROMS AND DEGREES) - BOHR = 0.5291772083 ANGSTROM
 PRIMITIVE CELL - CENTRING CODE 1/0 VOLUME=   103.045039 - DENSITY  3.094 g/cm^3
         A              B              C           ALPHA      BETA       GAMMA 
     4.64550335     4.27210929     5.19220647    90.000000  90.000000  90.000000
 *******************************************************************************
 ATOMS IN THE ASYMMETRIC UNIT    2 - ATOMS IN THE UNIT CELL:   16
     ATOM                 X/A                 Y/B                 Z/C    
 *******************************************************************************
      1 T   6 C     1.184279914284E-01 -4.200371989049E-01  4.682556423133E-01
      2 F   6 C     3.815720085716E-01  4.200371989049E-01  4.682556423133E-01
      3 F   6 C    -3.815720085716E-01  4.200371989049E-01  3.174435768670E-02
      4 F   6 C    -1.184279914284E-01 -4.200371989049E-01  3.174435768670E-02
      5 F   6 C    -1.184279914284E-01  4.200371989049E-01 -4.682556423133E-01
      6 F   6 C    -3.815720085716E-01 -4.200371989049E-01 -4.682556423133E-01
      7 F   6 C     3.815720085716E-01 -4.200371989049E-01 -3.174435768670E-02
      8 F   6 C     1.184279914284E-01  4.200371989049E-01 -3.174435768670E-02
      9 T   6 C     4.070655455711E-01 -8.096645682576E-02 -1.088130682047E-01
     10 F   6 C     9.293445442890E-02  8.096645682576E-02 -1.088130682047E-01
     11 F   6 C    -9.293445442890E-02  8.096645682576E-02 -3.911869317953E-01
     12 F   6 C    -4.070655455711E-01 -8.096645682576E-02 -3.911869317953E-01
     13 F   6 C    -4.070655455711E-01  8.096645682576E-02  1.088130682047E-01
     14 F   6 C    -9.293445442890E-02 -8.096645682576E-02  1.088130682047E-01
     15 F   6 C     9.293445442890E-02 -8.096645682576E-02  3.911869317953E-01
     16 F   6 C     4.070655455711E-01  8.096645682576E-02  3.911869317953E-01

 T = ATOM BELONGING TO THE ASYMMETRIC UNIT

 ****    8 SYMMOPS - TRANSLATORS IN FRACTIONAL UNITS
 **** MATRICES AND TRANSLATORS IN THE CRYSTALLOGRAPHIC REFERENCE FRAME
   V INV                    ROTATION MATRICES                   TRANSLATORS
   1   1  1.00  0.00  0.00  0.00  1.00  0.00  0.00  0.00  1.00  0.00  0.00  0.00
   2   2 -1.00  0.00  0.00  0.00 -1.00  0.00  0.00  0.00  1.00  0.50  0.00  0.00
   3   3  1.00  0.00  0.00  0.00 -1.00  0.00  0.00  0.00 -1.00  0.50  0.00  0.50
   4   4 -1.00  0.00  0.00  0.00  1.00  0.00  0.00  0.00 -1.00  0.00  0.00  0.50
   5   5 -1.00  0.00  0.00  0.00 -1.00  0.00  0.00  0.00 -1.00  0.00  0.00  0.00
   6   6  1.00  0.00  0.00  0.00  1.00  0.00  0.00  0.00 -1.00  0.50  0.00  0.00
   7   7 -1.00  0.00  0.00  0.00  1.00  0.00  0.00  0.00  1.00  0.50  0.00  0.50
   8   8  1.00  0.00  0.00  0.00 -1.00  0.00  0.00  0.00  1.00  0.00  0.00  0.50

 DIRECT LATTICE VECTORS CARTESIAN COMPONENTS (ANGSTROM)
          X                    Y                    Z
   0.464550335000E+01   0.000000000000E+00   0.000000000000E+00
   0.000000000000E+00   0.427210929000E+01   0.000000000000E+00
   0.000000000000E+00   0.000000000000E+00   0.519220647000E+01


 CARTESIAN COORDINATES - PRIMITIVE CELL
 *******************************************************************************
 *      ATOM          X(ANGSTROM)         Y(ANGSTROM)         Z(ANGSTROM)
 *******************************************************************************
    1     6 C     5.501576309144E-01 -1.794444819587E+00  2.431279975633E+00
    2     6 C     1.772594044086E+00  1.794444819587E+00  2.431279975633E+00
    3     6 C    -1.772594044086E+00  1.794444819587E+00  1.648232593669E-01
    4     6 C    -5.501576309144E-01 -1.794444819587E+00  1.648232593669E-01
    5     6 C    -5.501576309144E-01  1.794444819587E+00 -2.431279975633E+00
    6     6 C    -1.772594044086E+00 -1.794444819587E+00 -2.431279975633E+00
    7     6 C     1.772594044086E+00 -1.794444819587E+00 -1.648232593669E-01
    8     6 C     5.501576309144E-01  1.794444819587E+00 -1.648232593669E-01
    9     6 C     1.891024355620E+00 -3.458975523837E-01 -5.649799167530E-01
   10     6 C     4.317273193799E-01  3.458975523837E-01 -5.649799167530E-01
   11     6 C    -4.317273193799E-01  3.458975523837E-01 -2.031123318247E+00
   12     6 C    -1.891024355620E+00 -3.458975523837E-01 -2.031123318247E+00
   13     6 C    -1.891024355620E+00  3.458975523837E-01  5.649799167530E-01
   14     6 C    -4.317273193799E-01 -3.458975523837E-01  5.649799167530E-01
   15     6 C     4.317273193799E-01 -3.458975523837E-01  2.031123318247E+00
   16     6 C     1.891024355620E+00  3.458975523837E-01  2.031123318247E+00

 *******************************************************************************
 LOCAL ATOMIC FUNCTIONS BASIS SET
 *******************************************************************************
   ATOM   X(AU)   Y(AU)   Z(AU)  N. TYPE  EXPONENT  S COEF   P COEF   D/F/G COEF
 *******************************************************************************
   1 C    1.040  -3.391   4.594
                                  1 S  
                                         1.358E+04 2.225E-04 0.000E+00 0.000E+00
                                         2.035E+03 1.723E-03 0.000E+00 0.000E+00
                                         4.632E+02 8.926E-03 0.000E+00 0.000E+00
                                         1.312E+02 3.573E-02 0.000E+00 0.000E+00
                                         4.285E+01 1.108E-01 0.000E+00 0.000E+00
                                         1.558E+01 2.430E-01 0.000E+00 0.000E+00
                                  2 S  
                                         6.207E+00 4.144E-01 0.000E+00 0.000E+00
                                         2.576E+00 2.374E-01 0.000E+00 0.000E+00
                                  3 S  
                                         4.941E-01 1.000E+00 0.000E+00 0.000E+00
                                  4 S  
                                         1.644E-01 1.000E+00 0.000E+00 0.000E+00
                           5-     7 P  
                                         3.470E+01 0.000E+00 5.333E-03 0.000E+00
                                         7.958E+00 0.000E+00 3.586E-02 0.000E+00
                                         2.378E+00 0.000E+00 1.422E-01 0.000E+00
                                         8.143E-01 0.000E+00 3.427E-01 0.000E+00
                           8-    10 P  
                                         5.662E-01 0.000E+00 1.000E+00 0.000E+00
                          11-    13 P  
                                         2.674E-01 0.000E+00 1.000E+00 0.000E+00
                          14-    18 D  
                                         8.792E-01 0.000E+00 0.000E+00 1.000E+00
   2 C    3.350   3.391   4.594
   3 C   -3.350   3.391   0.311
   4 C   -1.040  -3.391   0.311
   5 C   -1.040   3.391  -4.594
   6 C   -3.350  -3.391  -4.594
   7 C    3.350  -3.391  -0.311
   8 C    1.040   3.391  -0.311
   9 C    3.574  -0.654  -1.068
  10 C    0.816   0.654  -1.068
  11 C   -0.816   0.654  -3.838
  12 C   -3.574  -0.654  -3.838
  13 C   -3.574   0.654   1.068
  14 C   -0.816  -0.654   1.068
  15 C    0.816  -0.654   3.838
  16 C    3.574   0.654   3.838
 INFORMATION **** SET_MPP **** PCRYSTAL CALCULATION
 INFORMATION **** READM2 **** NEW DEFAULT: FOCK/KS MATRIX MIXING SET TO 30 %
 INFORMATION **** READM2 **** NEW DEFAULT: FULL DIRECT SCF MODE
 INFORMATION **** READM2 **** NEW DEFAULT: COULOMB BIPOLAR BUFFER SET TO 32 Mb
 INFORMATION **** READM2 **** NEW DEFAULT: EXCHANGE BIPOLAR BUFFER SET TO 32 Mb

 *******************************************************************************
 NEW DEFAULT: DFT INTEGRATION GRID INCREASED TO XLGRID
 NEW DEFAULT: DIIS ACCELERATOR ACTIVE
 USE KEYWORD NODIIS TO TURN IT OFF
 *******************************************************************************

 INFORMATION **** DFTD3_INPUT **** PERFORM LATEST DISPERSION CORRECTION DFT-D3(BJ) WITH AUTOMATIC PARAMETER SETUP
 PLEASE CITE:
 (1) DFT-D3 Reference
  S. Grimme, J. Antony, S. Ehrlich, and H. Krieg, J. Chem. Phys. 132 (2010), 154104
 (2) BJ-Damping Reference
  S. Grimme, S. Ehrlich, and L. Goerigk, J. Comput. Chem. 32 (2011), 1456-1465
 (3) General DFT-D Review
  S. Grimme, A. Hansen, J. G. Brandenburg, and C. Bannwarth,
  Chem. Rev. 116 (2016), 5105-5154

 INFORMATION **** TOLINTEG **** COULOMB AND EXCHANGE SERIES TOLERANCES MODIFIED
 INFORMATION **** TOLDEE **** SCF TOL ON TOTAL ENERGY SET TO           9
 INFORMATION **** READM2 **** FULL DIRECT SCF (MONO AND BIEL INT) SELECTED
 INFORMATION **** MAXCYCLE **** MAX NUMBER OF SCF CYCLES SET TO        1600
 INFORMATION **** DIIS **** DIIS FOR SCF ACTIVE
 INFORMATION **** DIIS **** LEVEL SHIFTER DISABLED
 INFORMATION **** PPAN ****  MULLIKEN POPULATION ANALYSIS AT THE END OF SCF
 *******************************************************************************
 N. OF ATOMS PER CELL        16  COULOMB OVERLAP TOL         (T1) 10**   -8
 NUMBER OF SHELLS           128  COULOMB PENETRATION TOL     (T2) 10**   -8
 NUMBER OF AO               288  EXCHANGE OVERLAP TOL        (T3) 10**   -8
 N. OF ELECTRONS PER CELL    96  EXCHANGE PSEUDO OVP (F(G))  (T4) 10**   -9
 CORE ELECTRONS PER CELL     32  EXCHANGE PSEUDO OVP (P(G))  (T5) 10**  -24
 N. OF SYMMETRY OPERATORS     8  POLE ORDER IN MONO ZONE                  4
 *******************************************************************************
 TYPE OF CALCULATION :  UNRESTRICTED OPEN SHELL
 KOHN-SHAM HAMILTONIAN

 (EXCHANGE)[CORRELATION] FUNCTIONAL:(BECKE 88)[LEE-YANG-PARR]

 NON-LOCAL WEIGHTING FACTOR (EXCHANGE) =           0.9000
 NON-LOCAL WEIGHTING FACTOR [CORRELATION] =        0.8100

 HYBRID EXCHANGE - PERCENTAGE OF FOCK EXCHANGE    20.0000

 SPIN POLARIZED DFT SELECTED

 CAPPA:IS1 10;IS2 10;IS3 10; K PTS MONK NET 216; SYMMOPS:K SPACE   8;G SPACE   8

 *******************************************************************************
 MAX NUMBER OF SCF CYCLES    1600  CONVERGENCE ON DELTAP        10**-19
 WEIGHT OF F(I) IN F(I+1)      30% CONVERGENCE ON ENERGY        10**- 9
 SHRINK. FACT.(MONKH.)   10 10 10  NUMBER OF K POINTS IN THE IBZ    216
 SHRINKING FACTOR(GILAT NET)   20  NUMBER OF K POINTS(GILAT NET)   1331
 *******************************************************************************
 *** K POINTS COORDINATES (OBLIQUE COORDINATES IN UNITS OF IS = 10)
   1-R(  0  0  0)   2-C(  1  0  0)   3-C(  2  0  0)   4-C(  3  0  0)
   5-C(  4  0  0)   6-R(  5  0  0)   7-C(  0  1  0)   8-C(  1  1  0)
   9-C(  2  1  0)  10-C(  3  1  0)  11-C(  4  1  0)  12-C(  5  1  0)
  13-C(  0  2  0)  14-C(  1  2  0)  15-C(  2  2  0)  16-C(  3  2  0)
  17-C(  4  2  0)  18-C(  5  2  0)  19-C(  0  3  0)  20-C(  1  3  0)
  21-C(  2  3  0)  22-C(  3  3  0)  23-C(  4  3  0)  24-C(  5  3  0)
  25-C(  0  4  0)  26-C(  1  4  0)  27-C(  2  4  0)  28-C(  3  4  0)
  29-C(  4  4  0)  30-C(  5  4  0)  31-R(  0  5  0)  32-C(  1  5  0)
  33-C(  2  5  0)  34-C(  3  5  0)  35-C(  4  5  0)  36-R(  5  5  0)
  37-C(  0  0  1)  38-C(  1  0  1)  39-C(  2  0  1)  40-C(  3  0  1)
  41-C(  4  0  1)  42-C(  5  0  1)  43-C(  0  1  1)  44-C(  1  1  1)
  45-C(  2  1  1)  46-C(  3  1  1)  47-C(  4  1  1)  48-C(  5  1  1)
  49-C(  0  2  1)  50-C(  1  2  1)  51-C(  2  2  1)  52-C(  3  2  1)
  53-C(  4  2  1)  54-C(  5  2  1)  55-C(  0  3  1)  56-C(  1  3  1)
  57-C(  2  3  1)  58-C(  3  3  1)  59-C(  4  3  1)  60-C(  5  3  1)
  61-C(  0  4  1)  62-C(  1  4  1)  63-C(  2  4  1)  64-C(  3  4  1)
  65-C(  4  4  1)  66-C(  5  4  1)  67-C(  0  5  1)  68-C(  1  5  1)
  69-C(  2  5  1)  70-C(  3  5  1)  71-C(  4  5  1)  72-C(  5  5  1)
  73-C(  0  0  2)  74-C(  1  0  2)  75-C(  2  0  2)  76-C(  3  0  2)
  77-C(  4  0  2)  78-C(  5  0  2)  79-C(  0  1  2)  80-C(  1  1  2)
  81-C(  2  1  2)  82-C(  3  1  2)  83-C(  4  1  2)  84-C(  5  1  2)
  85-C(  0  2  2)  86-C(  1  2  2)  87-C(  2  2  2)  88-C(  3  2  2)
  89-C(  4  2  2)  90-C(  5  2  2)  91-C(  0  3  2)  92-C(  1  3  2)
  93-C(  2  3  2)  94-C(  3  3  2)  95-C(  4  3  2)  96-C(  5  3  2)
  97-C(  0  4  2)  98-C(  1  4  2)  99-C(  2  4  2) 100-C(  3  4  2)
 101-C(  4  4  2) 102-C(  5  4  2) 103-C(  0  5  2) 104-C(  1  5  2)
 105-C(  2  5  2) 106-C(  3  5  2) 107-C(  4  5  2) 108-C(  5  5  2)
 109-C(  0  0  3) 110-C(  1  0  3) 111-C(  2  0  3) 112-C(  3  0  3)
 113-C(  4  0  3) 114-C(  5  0  3) 115-C(  0  1  3) 116-C(  1  1  3)
 117-C(  2  1  3) 118-C(  3  1  3) 119-C(  4  1  3) 120-C(  5  1  3)
 121-C(  0  2  3) 122-C(  1  2  3) 123-C(  2  2  3) 124-C(  3  2  3)
 125-C(  4  2  3) 126-C(  5  2  3) 127-C(  0  3  3) 128-C(  1  3  3)
 129-C(  2  3  3) 130-C(  3  3  3) 131-C(  4  3  3) 132-C(  5  3  3)
 133-C(  0  4  3) 134-C(  1  4  3) 135-C(  2  4  3) 136-C(  3  4  3)
 137-C(  4  4  3) 138-C(  5  4  3) 139-C(  0  5  3) 140-C(  1  5  3)
 141-C(  2  5  3) 142-C(  3  5  3) 143-C(  4  5  3) 144-C(  5  5  3)
 145-C(  0  0  4) 146-C(  1  0  4) 147-C(  2  0  4) 148-C(  3  0  4)
 149-C(  4  0  4) 150-C(  5  0  4) 151-C(  0  1  4) 152-C(  1  1  4)
 153-C(  2  1  4) 154-C(  3  1  4) 155-C(  4  1  4) 156-C(  5  1  4)
 157-C(  0  2  4) 158-C(  1  2  4) 159-C(  2  2  4) 160-C(  3  2  4)
 161-C(  4  2  4) 162-C(  5  2  4) 163-C(  0  3  4) 164-C(  1  3  4)
 165-C(  2  3  4) 166-C(  3  3  4) 167-C(  4  3  4) 168-C(  5  3  4)
 169-C(  0  4  4) 170-C(  1  4  4) 171-C(  2  4  4) 172-C(  3  4  4)
 173-C(  4  4  4) 174-C(  5  4  4) 175-C(  0  5  4) 176-C(  1  5  4)
 177-C(  2  5  4) 178-C(  3  5  4) 179-C(  4  5  4) 180-C(  5  5  4)
 181-R(  0  0  5) 182-C(  1  0  5) 183-C(  2  0  5) 184-C(  3  0  5)
 185-C(  4  0  5) 186-R(  5  0  5) 187-C(  0  1  5) 188-C(  1  1  5)
 189-C(  2  1  5) 190-C(  3  1  5) 191-C(  4  1  5) 192-C(  5  1  5)
 193-C(  0  2  5) 194-C(  1  2  5) 195-C(  2  2  5) 196-C(  3  2  5)
 197-C(  4  2  5) 198-C(  5  2  5) 199-C(  0  3  5) 200-C(  1  3  5)
 201-C(  2  3  5) 202-C(  3  3  5) 203-C(  4  3  5) 204-C(  5  3  5)
 205-C(  0  4  5) 206-C(  1  4  5) 207-C(  2  4  5) 208-C(  3  4  5)
 209-C(  4  4  5) 210-C(  5  4  5) 211-R(  0  5  5) 212-C(  1  5  5)
 213-C(  2  5  5) 214-C(  3  5  5) 215-C(  4  5  5) 216-R(  5  5  5)

 DIRECT LATTICE VECTORS COMPON. (A.U.)     RECIP. LATTICE VECTORS COMPON. (A.U.) 
        X            Y            Z              X            Y            Z
    8.7787291    0.0000000    0.0000000      0.7157284    0.0000000    0.0000000
    0.0000000    8.0731166    0.0000000      0.0000000    0.7782850    0.0000000
    0.0000000    0.0000000    9.8118483      0.0000000    0.0000000    0.6403672

 DISK SPACE FOR EIGENVECTORS (FTN 10)    35168256 REALS

 SYMMETRY ADAPTION OF THE BLOCH FUNCTIONS ENABLED
 TTTTTTTTTTTTTTTTTTTTTTTTTTTTTT gordsh1     TELAPSE        1.42 TCPU        0.64

 MATRIX SIZE: P(G) 1681680, F(G)  191952, P(G) IRR  113450, F(G) IRR   25738
 MAX G-VECTOR INDEX FOR 1- AND 2-ELECTRON INTEGRALS 325

 TTTTTTTTTTTTTTTTTTTTTTTTTTTTTT INPUT       TELAPSE        1.43 TCPU        0.64

 NEIGHBORS OF THE NON-EQUIVALENT ATOMS

 N = NUMBER OF NEIGHBORS AT DISTANCE R
    ATOM  N     R/ANG      R/AU   NEIGHBORS (ATOM LABELS AND CELL INDICES)
   1 C    1     1.3365     2.5256    5 C    0-1 1
   1 C    1     1.4004     2.6464    2 C    0-1 0
   1 C    1     1.5075     2.8487   15 C    0 0 0
   1 C    2     2.3460     4.4333    6 C    0 0 1    6 C    1 0 1
   1 C    1     2.4579     4.6447   11 C    0-1 1
   1 C    1     2.4653     4.6588   11 C    0 0 1

   9 C    1     1.5075     2.8487    7 C    0 0 0
   9 C    1     1.5814     2.9885   13 C    1 0 0
   9 C    1     1.6150     3.0519   10 C    0 0 0
   9 C    1     1.7015     3.2154   12 C    1 0 0
   9 C    1     2.4579     4.6447    3 C    1-1 0
   9 C    1     2.4653     4.6588    3 C    1 0 0


 SYMMETRY ALLOWED INTERNAL DEGREE(S) OF FREEDOM:   6
 TTTTTTTTTTTTTTTTTTTTTTTTTTTTTT SYMM        TELAPSE        1.50 TCPU        0.69
 TTTTTTTTTTTTTTTTTTTTTTTTTTTTTT INT_SCREEN  TELAPSE        1.50 TCPU        0.70

 DFT PARAMETERS

     ATOM       ELECTRONS   NET CHARGE   R(ANGSTROM)
   1   6  C       6.0000      0.0000     0.77000000

 SIZE OF GRID=      54128
 TTTTTTTTTTTTTTTTTTTTTTTTTTTTTT MAKE_GRID2  TELAPSE        1.83 TCPU        1.02
 BECKE WEIGHT FUNCTION
 RADSAFE =     2.00
 TOLERANCES - DENSITY:10**- 6; POTENTIAL:10**- 9; GRID WGT:10**-14

 RADIAL INTEGRATION  - INTERVALS (POINTS,UPPER LIMIT):            1( 75,  4.0*R)

 ANGULAR INTEGRATION - INTERVALS (ACCURACY LEVEL [N. POINTS] UPPER LIMIT):
  1(  4[  86]   0.2)  2(  8[ 194]   0.5)  3( 12[ 350]   0.9)  4( 16[ 974]   3.5)
  5( 12[ 350]9999.0)
 TTTTTTTTTTTTTTTTTTTTTTTTTTTTTT INT_CALC    TELAPSE        1.84 TCPU        1.04
 EEEEEEEEEE INT_CALC TERMINATION  DATE 21 01 2026 TIME 23:30:06.7

 *******************************************************************************
 ./3,4T3-CA_rev1_sp_B3LYP-D3-D3_optimized                                        
 CRYSTAL - SCF - TYPE OF CALCULATION :  UNRESTRICTED OPEN SHELL
 *******************************************************************************

 CAPPA:IS1 10;IS2 10;IS3 10; K PTS MONK NET 216; SYMMOPS:K SPACE   8;G SPACE   8

 TTTTTTTTTTTTTTTTTTTTTTTTTTTTTT SDIK        TELAPSE        2.13 TCPU        1.32

 AAAAAAAAAAAAAAAAAAAAAAAAAAAAAAAAAAAAAAAAAAAAAAAAAAAAAAAAAAAAAAAAAAAAAAAAAAAAAAA
         ATOMIC WAVEFUNCTION(S)


 NUCLEAR CHARGE  6.0  SYMMETRY SPECIES            S    P
 N. ELECTRONS    6.0  NUMBER OF PRIMITIVE GTOS   10    6
                      NUMBER OF CONTRACTED GTOS   4    3
                      NUMBER OF CLOSED SHELLS     2    0
                      OPEN SHELL OCCUPATION       0    2

  ZNUC  SCFIT    TOTAL HF ENERGY   KINETIC ENERGY   VIRIAL THEOREM ACCURACY
   6.0    10    -3.766702350E+01  3.783137943E+01 -1.995655566E+00  1.6E-06

 AAAAAAAAAAAAAAAAAAAAAAAAAAAAAAAAAAAAAAAAAAAAAAAAAAAAAAAAAAAAAAAAAAAAAAAAAAAAAAA

 CHARGE NORMALIZATION FACTOR   1.00000000
 TOTAL ATOMIC CHARGES:
   6.0000000   6.0000000   6.0000000   6.0000000   6.0000000   6.0000000
   6.0000000   6.0000000   6.0000000   6.0000000   6.0000000   6.0000000
   6.0000000   6.0000000   6.0000000   6.0000000
 SUMMED SPIN DENSITY           0.00000000
 TOTAL ATOMIC SPINS  :
   0.0000000   0.0000000   0.0000000   0.0000000   0.0000000   0.0000000
   0.0000000   0.0000000   0.0000000   0.0000000   0.0000000   0.0000000
   0.0000000   0.0000000   0.0000000   0.0000000
 TTTTTTTTTTTTTTTTTTTTTTTTTTTTTT MOQGAD      TELAPSE        2.14 TCPU        1.33
 TTTTTTTTTTTTTTTTTTTTTTTTTTTTTT SHELLXN     TELAPSE       37.20 TCPU       36.39
 TTTTTTTTTTTTTTTTTTTTTTTTTTTTTT MONMO3      TELAPSE       37.24 TCPU       36.43
 NUMERICALLY INTEGRATED DENSITY     48.0000172668     48.0000172668
 TTTTTTTTTTTTTTTTTTTTTTTTTTTTTT NUMDFT      TELAPSE       37.76 TCPU       36.94
 CYC   0 ETOT(AU) -6.139655715682E+02 DETOT -6.14E+02 tst  0.00E+00 PX  1.00E+00
 TTTTTTTTTTTTTTTTTTTTTTTTTTTTTT DIIS        TELAPSE       37.85 TCPU       37.04
 TTTTTTTTTTTTTTTTTTTTTTTTTTTTTT FDIK        TELAPSE       41.22 TCPU       40.40
 POSSIBLY CONDUCTING STATE - EFERMI(AU) -1.6818548E-01 (RES. CHARGE  2.05E-12;IT.  8)
 TTTTTTTTTTTTTTTTTTTTTTTTTTTTTT PDIG        TELAPSE       41.52 TCPU       40.70
 CHARGE NORMALIZATION FACTOR   1.00000000
 TOTAL ATOMIC CHARGES:
   6.0788378   6.0788378   6.0788378   6.0788378   6.0788378   6.0788378
   6.0788378   6.0788378   5.9211622   5.9211622   5.9211622   5.9211622
   5.9211622   5.9211622   5.9211622   5.9211622
 SUMMED SPIN DENSITY           0.00000000
 TOTAL ATOMIC SPINS  :
   0.0000000   0.0000000   0.0000000   0.0000000   0.0000000   0.0000000
   0.0000000   0.0000000  -0.0000000  -0.0000000  -0.0000000  -0.0000000
  -0.0000000  -0.0000000  -0.0000000  -0.0000000
 TTTTTTTTTTTTTTTTTTTTTTTTTTTTTT MOQGAD      TELAPSE       41.53 TCPU       40.71
 TTTTTTTTTTTTTTTTTTTTTTTTTTTTTT SHELLXN     TELAPSE       78.38 TCPU       77.55
 TTTTTTTTTTTTTTTTTTTTTTTTTTTTTT MONMO3      TELAPSE       78.43 TCPU       77.60
 NUMERICALLY INTEGRATED DENSITY     48.0000156442     48.0000156442
 TTTTTTTTTTTTTTTTTTTTTTTTTTTTTT NUMDFT      TELAPSE       78.94 TCPU       78.11
 CYC   1 ETOT(AU) -6.092227835695E+02 DETOT  4.74E+00 tst  0.00E+00 PX  1.00E+00
 TTTTTTTTTTTTTTTTTTTTTTTTTTTTTT DIIS        TELAPSE       79.03 TCPU       78.20
 DIIS TEST: 0.88290E+00 AT SCF   CYCLE   1 - MIX   30 %
 TTTTTTTTTTTTTTTTTTTTTTTTTTTTTT FDIK        TELAPSE       80.34 TCPU       79.50
 POSSIBLY CONDUCTING STATE - EFERMI(AU) -6.7598340E-02 (RES. CHARGE  5.06E-10;IT.  6)
 TTTTTTTTTTTTTTTTTTTTTTTTTTTTTT PDIG        TELAPSE       80.71 TCPU       79.87
 CHARGE NORMALIZATION FACTOR   1.00000000
 TOTAL ATOMIC CHARGES:
   5.9401011   5.9401011   5.9401011   5.9401011   5.9401011   5.9401011
   5.9401011   5.9401011   6.0598989   6.0598989   6.0598989   6.0598989
   6.0598989   6.0598989   6.0598989   6.0598989
 SUMMED SPIN DENSITY           0.00000000
 TOTAL ATOMIC SPINS  :
   0.0000000   0.0000000   0.0000000   0.0000000   0.0000000   0.0000000
   0.0000000   0.0000000  -0.0000000  -0.0000000  -0.0000000  -0.0000000
  -0.0000000  -0.0000000  -0.0000000  -0.0000000
 TTTTTTTTTTTTTTTTTTTTTTTTTTTTTT MOQGAD      TELAPSE       80.71 TCPU       79.87
 TTTTTTTTTTTTTTTTTTTTTTTTTTTTTT SHELLXN     TELAPSE      117.55 TCPU      116.71
 TTTTTTTTTTTTTTTTTTTTTTTTTTTTTT MONMO3      TELAPSE      117.60 TCPU      116.75
 NUMERICALLY INTEGRATED DENSITY     48.0000178847     48.0000178847
 TTTTTTTTTTTTTTTTTTTTTTTTTTTTTT NUMDFT      TELAPSE      118.12 TCPU      117.27
 CYC   2 ETOT(AU) -6.092748644797E+02 DETOT -5.21E-02 tst  8.00E-03 PX  8.97E-02
 TTTTTTTTTTTTTTTTTTTTTTTTTTTTTT DIIS        TELAPSE      118.21 TCPU      117.36
 DIIS TEST: 0.27054E+00 AT SCF   CYCLE   2 - DIIS ACTIVE - HISTORY:     2 CYCLES
 TTTTTTTTTTTTTTTTTTTTTTTTTTTTTT FDIK        TELAPSE      119.46 TCPU      118.61
 POSSIBLY CONDUCTING STATE - EFERMI(AU) -6.0857134E-02 (RES. CHARGE  5.48E-10;IT.  8)
 TTTTTTTTTTTTTTTTTTTTTTTTTTTTTT PDIG        TELAPSE      119.77 TCPU      118.92
 CHARGE NORMALIZATION FACTOR   1.00000000
 TOTAL ATOMIC CHARGES:
   6.0132552   6.0132552   6.0132552   6.0132552   6.0132552   6.0132552
   6.0132552   6.0132552   5.9867448   5.9867448   5.9867448   5.9867448
   5.9867448   5.9867448   5.9867448   5.9867448
 SUMMED SPIN DENSITY           0.00000000
 TOTAL ATOMIC SPINS  :
   0.0000000   0.0000000   0.0000000   0.0000000   0.0000000   0.0000000
   0.0000000   0.0000000  -0.0000000  -0.0000000  -0.0000000  -0.0000000
  -0.0000000  -0.0000000  -0.0000000  -0.0000000
 TTTTTTTTTTTTTTTTTTTTTTTTTTTTTT MOQGAD      TELAPSE      119.78 TCPU      118.92
 TTTTTTTTTTTTTTTTTTTTTTTTTTTTTT SHELLXN     TELAPSE      156.64 TCPU      155.77
 TTTTTTTTTTTTTTTTTTTTTTTTTTTTTT MONMO3      TELAPSE      156.68 TCPU      155.82
 NUMERICALLY INTEGRATED DENSITY     48.0000179126     48.0000179126
 TTTTTTTTTTTTTTTTTTTTTTTTTTTTTT NUMDFT      TELAPSE      157.20 TCPU      156.33
 CYC   3 ETOT(AU) -6.092912619674E+02 DETOT -1.64E-02 tst  5.46E-03 PX  3.50E-02
 TTTTTTTTTTTTTTTTTTTTTTTTTTTTTT DIIS        TELAPSE      157.28 TCPU      156.42
 DIIS TEST: 0.12781E-01 AT SCF   CYCLE   3 - DIIS ACTIVE - HISTORY:     3 CYCLES
 TTTTTTTTTTTTTTTTTTTTTTTTTTTTTT FDIK        TELAPSE      158.64 TCPU      157.78
 POSSIBLY CONDUCTING STATE - EFERMI(AU) -6.2951309E-02 (RES. CHARGE  5.91E-10;IT.  8)
 TTTTTTTTTTTTTTTTTTTTTTTTTTTTTT PDIG        TELAPSE      158.96 TCPU      158.10
 CHARGE NORMALIZATION FACTOR   1.00000000
 TOTAL ATOMIC CHARGES:
   6.0008776   6.0008776   6.0008776   6.0008776   6.0008776   6.0008776
   6.0008776   6.0008776   5.9991224   5.9991224   5.9991224   5.9991224
   5.9991224   5.9991224   5.9991224   5.9991224
 SUMMED SPIN DENSITY           0.00000000
 TOTAL ATOMIC SPINS  :
  -0.0000000  -0.0000000  -0.0000000  -0.0000000  -0.0000000  -0.0000000
  -0.0000000  -0.0000000   0.0000000   0.0000000   0.0000000   0.0000000
   0.0000000   0.0000000   0.0000000   0.0000000
 TTTTTTTTTTTTTTTTTTTTTTTTTTTTTT MOQGAD      TELAPSE      158.97 TCPU      158.11
 TTTTTTTTTTTTTTTTTTTTTTTTTTTTTT SHELLXN     TELAPSE      195.76 TCPU      194.89
 TTTTTTTTTTTTTTTTTTTTTTTTTTTTTT MONMO3      TELAPSE      195.80 TCPU      194.93
 NUMERICALLY INTEGRATED DENSITY     48.0000178288     48.0000178288
 TTTTTTTTTTTTTTTTTTTTTTTTTTTTTT NUMDFT      TELAPSE      196.32 TCPU      195.45
 CYC   4 ETOT(AU) -6.092922582556E+02 DETOT -9.96E-04 tst  4.27E-05 PX  1.17E-02
 TTTTTTTTTTTTTTTTTTTTTTTTTTTTTT DIIS        TELAPSE      196.41 TCPU      195.53
 DIIS TEST: 0.78924E-04 AT SCF   CYCLE   4 - DIIS ACTIVE - HISTORY:     4 CYCLES
 TTTTTTTTTTTTTTTTTTTTTTTTTTTTTT FDIK        TELAPSE      197.74 TCPU      196.86
 POSSIBLY CONDUCTING STATE - EFERMI(AU) -6.2978274E-02 (RES. CHARGE  1.42E-12;IT.  6)
 TTTTTTTTTTTTTTTTTTTTTTTTTTTTTT PDIG        TELAPSE      198.04 TCPU      197.16
 CHARGE NORMALIZATION FACTOR   1.00000000
 TOTAL ATOMIC CHARGES:
   6.0007169   6.0007169   6.0007169   6.0007169   6.0007169   6.0007169
   6.0007169   6.0007169   5.9992831   5.9992831   5.9992831   5.9992831
   5.9992831   5.9992831   5.9992831   5.9992831
 SUMMED SPIN DENSITY          -0.00000000
 TOTAL ATOMIC SPINS  :
   0.0000000   0.0000000   0.0000000   0.0000000   0.0000000   0.0000000
   0.0000000   0.0000000  -0.0000000  -0.0000000  -0.0000000  -0.0000000
  -0.0000000  -0.0000000  -0.0000000  -0.0000000
 TTTTTTTTTTTTTTTTTTTTTTTTTTTTTT MOQGAD      TELAPSE      198.04 TCPU      197.17
 TTTTTTTTTTTTTTTTTTTTTTTTTTTTTT SHELLXN     TELAPSE      234.86 TCPU      233.98
 TTTTTTTTTTTTTTTTTTTTTTTTTTTTTT MONMO3      TELAPSE      234.90 TCPU      234.02
 NUMERICALLY INTEGRATED DENSITY     48.0000178476     48.0000178476
 TTTTTTTTTTTTTTTTTTTTTTTTTTTTTT NUMDFT      TELAPSE      235.43 TCPU      234.54
 CYC   5 ETOT(AU) -6.092922740934E+02 DETOT -1.58E-05 tst  1.03E-05 PX  8.45E-04
 TTTTTTTTTTTTTTTTTTTTTTTTTTTTTT DIIS        TELAPSE      235.52 TCPU      234.63
 DIIS TEST: 0.34995E-05 AT SCF   CYCLE   5 - DIIS ACTIVE - HISTORY:     5 CYCLES
 TTTTTTTTTTTTTTTTTTTTTTTTTTTTTT FDIK        TELAPSE      236.84 TCPU      235.95
 POSSIBLY CONDUCTING STATE - EFERMI(AU) -6.3032089E-02 (RES. CHARGE  1.19E-11;IT.  6)
 TTTTTTTTTTTTTTTTTTTTTTTTTTTTTT PDIG        TELAPSE      237.14 TCPU      236.25
 CHARGE NORMALIZATION FACTOR   1.00000000
 TOTAL ATOMIC CHARGES:
   6.0007216   6.0007216   6.0007216   6.0007216   6.0007216   6.0007216
   6.0007216   6.0007216   5.9992784   5.9992784   5.9992784   5.9992784
   5.9992784   5.9992784   5.9992784   5.9992784
 SUMMED SPIN DENSITY           0.00000000
 TOTAL ATOMIC SPINS  :
   0.0000000   0.0000000   0.0000000   0.0000000   0.0000000   0.0000000
   0.0000000   0.0000000  -0.0000000  -0.0000000  -0.0000000  -0.0000000
  -0.0000000  -0.0000000  -0.0000000  -0.0000000
 TTTTTTTTTTTTTTTTTTTTTTTTTTTTTT MOQGAD      TELAPSE      237.15 TCPU      236.26
 TTTTTTTTTTTTTTTTTTTTTTTTTTTTTT SHELLXN     TELAPSE      273.99 TCPU      273.09
 TTTTTTTTTTTTTTTTTTTTTTTTTTTTTT MONMO3      TELAPSE      274.04 TCPU      273.14
 NUMERICALLY INTEGRATED DENSITY     48.0000178513     48.0000178513
 TTTTTTTTTTTTTTTTTTTTTTTTTTTTTT NUMDFT      TELAPSE      274.55 TCPU      273.65
 CYC   6 ETOT(AU) -6.092922759549E+02 DETOT -1.86E-06 tst  8.18E-07 PX  1.88E-04
 TTTTTTTTTTTTTTTTTTTTTTTTTTTTTT DIIS        TELAPSE      274.64 TCPU      273.74
 DIIS TEST: 0.13316E-06 AT SCF   CYCLE   6 - DIIS ACTIVE - HISTORY:     6 CYCLES
 TTTTTTTTTTTTTTTTTTTTTTTTTTTTTT FDIK        TELAPSE      275.88 TCPU      274.97
 POSSIBLY CONDUCTING STATE - EFERMI(AU) -6.3071854E-02 (RES. CHARGE  5.17E-12;IT.  6)
 TTTTTTTTTTTTTTTTTTTTTTTTTTTTTT PDIG        TELAPSE      276.30 TCPU      275.39
 CHARGE NORMALIZATION FACTOR   1.00000000
 TOTAL ATOMIC CHARGES:
   6.0007002   6.0007002   6.0007002   6.0007002   6.0007002   6.0007002
   6.0007002   6.0007002   5.9992998   5.9992998   5.9992998   5.9992998
   5.9992998   5.9992998   5.9992998   5.9992998
 SUMMED SPIN DENSITY           0.00000000
 TOTAL ATOMIC SPINS  :
   0.0000000   0.0000000   0.0000000   0.0000000   0.0000000   0.0000000
   0.0000000   0.0000000  -0.0000000  -0.0000000  -0.0000000  -0.0000000
  -0.0000000  -0.0000000  -0.0000000  -0.0000000
 TTTTTTTTTTTTTTTTTTTTTTTTTTTTTT MOQGAD      TELAPSE      276.31 TCPU      275.40
 TTTTTTTTTTTTTTTTTTTTTTTTTTTTTT SHELLXN     TELAPSE      313.17 TCPU      312.26
 TTTTTTTTTTTTTTTTTTTTTTTTTTTTTT MONMO3      TELAPSE      313.21 TCPU      312.30
 NUMERICALLY INTEGRATED DENSITY     48.0000178514     48.0000178514
 TTTTTTTTTTTTTTTTTTTTTTTTTTTTTT NUMDFT      TELAPSE      313.73 TCPU      312.82
 CYC   7 ETOT(AU) -6.092922769627E+02 DETOT -1.01E-06 tst  3.69E-07 PX  1.07E-04
 TTTTTTTTTTTTTTTTTTTTTTTTTTTTTT DIIS        TELAPSE      313.82 TCPU      312.91
 DIIS TEST: 0.13342E-07 AT SCF   CYCLE   7 - DIIS ACTIVE - HISTORY:     7 CYCLES
 TTTTTTTTTTTTTTTTTTTTTTTTTTTTTT FDIK        TELAPSE      315.10 TCPU      314.19
 POSSIBLY CONDUCTING STATE - EFERMI(AU) -6.3080416E-02 (RES. CHARGE  5.68E-14;IT.  6)
 TTTTTTTTTTTTTTTTTTTTTTTTTTTTTT PDIG        TELAPSE      326.26 TCPU      325.35
 CHARGE NORMALIZATION FACTOR   1.00000000
 TOTAL ATOMIC CHARGES:
   6.0006954   6.0006954   6.0006954   6.0006954   6.0006954   6.0006954
   6.0006954   6.0006954   5.9993046   5.9993046   5.9993046   5.9993046
   5.9993046   5.9993046   5.9993046   5.9993046
 SUMMED SPIN DENSITY           0.00000000
 TOTAL ATOMIC SPINS  :
   0.0000000   0.0000000   0.0000000   0.0000000   0.0000000   0.0000000
   0.0000000   0.0000000  -0.0000000  -0.0000000  -0.0000000  -0.0000000
  -0.0000000  -0.0000000  -0.0000000  -0.0000000
 TTTTTTTTTTTTTTTTTTTTTTTTTTTTTT MOQGAD      TELAPSE      326.27 TCPU      325.35
 TTTTTTTTTTTTTTTTTTTTTTTTTTTTTT SHELLXN     TELAPSE      363.14 TCPU      362.21
 TTTTTTTTTTTTTTTTTTTTTTTTTTTTTT MONMO3      TELAPSE      363.18 TCPU      362.26
 NUMERICALLY INTEGRATED DENSITY     48.0000178516     48.0000178516
 TTTTTTTTTTTTTTTTTTTTTTTTTTTTTT NUMDFT      TELAPSE      363.70 TCPU      362.78
 CYC   8 ETOT(AU) -6.092922772772E+02 DETOT -3.15E-07 tst  4.76E-08 PX  3.81E-05
 TTTTTTTTTTTTTTTTTTTTTTTTTTTTTT DIIS        TELAPSE      363.79 TCPU      362.86
 DIIS TEST: 0.75863E-09 AT SCF   CYCLE   8 - DIIS ACTIVE - HISTORY:     8 CYCLES
 TTTTTTTTTTTTTTTTTTTTTTTTTTTTTT FDIK        TELAPSE      365.07 TCPU      364.14
 POSSIBLY CONDUCTING STATE - EFERMI(AU) -6.3082653E-02 (RES. CHARGE  3.88E-10;IT.  4)
 TTTTTTTTTTTTTTTTTTTTTTTTTTTTTT PDIG        TELAPSE      365.37 TCPU      364.44
 CHARGE NORMALIZATION FACTOR   1.00000000
 TOTAL ATOMIC CHARGES:
   6.0006947   6.0006947   6.0006947   6.0006947   6.0006947   6.0006947
   6.0006947   6.0006947   5.9993053   5.9993053   5.9993053   5.9993053
   5.9993053   5.9993053   5.9993053   5.9993053
 SUMMED SPIN DENSITY          -0.00000000
 TOTAL ATOMIC SPINS  :
   0.0000000   0.0000000   0.0000000   0.0000000   0.0000000   0.0000000
   0.0000000   0.0000000  -0.0000000  -0.0000000  -0.0000000  -0.0000000
  -0.0000000  -0.0000000  -0.0000000  -0.0000000
 TTTTTTTTTTTTTTTTTTTTTTTTTTTTTT MOQGAD      TELAPSE      365.38 TCPU      364.45
 TTTTTTTTTTTTTTTTTTTTTTTTTTTTTT SHELLXN     TELAPSE      402.24 TCPU      401.30
 TTTTTTTTTTTTTTTTTTTTTTTTTTTTTT MONMO3      TELAPSE      402.28 TCPU      401.34
 NUMERICALLY INTEGRATED DENSITY     48.0000178516     48.0000178516
 TTTTTTTTTTTTTTTTTTTTTTTTTTTTTT NUMDFT      TELAPSE      402.80 TCPU      401.86
 CYC   9 ETOT(AU) -6.092922773554E+02 DETOT -7.82E-08 tst  3.37E-09 PX  1.03E-05
 TTTTTTTTTTTTTTTTTTTTTTTTTTTTTT DIIS        TELAPSE      402.89 TCPU      401.95
 DIIS TEST: 0.57068E-10 AT SCF   CYCLE   9 - DIIS ACTIVE - HISTORY:     9 CYCLES
 TTTTTTTTTTTTTTTTTTTTTTTTTTTTTT FDIK        TELAPSE      404.08 TCPU      403.14
 POSSIBLY CONDUCTING STATE - EFERMI(AU) -6.3083254E-02 (RES. CHARGE  2.81E-11;IT.  4)
 TTTTTTTTTTTTTTTTTTTTTTTTTTTTTT PDIG        TELAPSE      404.38 TCPU      403.44
 CHARGE NORMALIZATION FACTOR   1.00000000
 TOTAL ATOMIC CHARGES:
   6.0006946   6.0006946   6.0006946   6.0006946   6.0006946   6.0006946
   6.0006946   6.0006946   5.9993054   5.9993054   5.9993054   5.9993054
   5.9993054   5.9993054   5.9993054   5.9993054
 SUMMED SPIN DENSITY           0.00000000
 TOTAL ATOMIC SPINS  :
   0.0000000   0.0000000   0.0000000   0.0000000   0.0000000   0.0000000
   0.0000000   0.0000000  -0.0000000  -0.0000000  -0.0000000  -0.0000000
  -0.0000000  -0.0000000  -0.0000000  -0.0000000
 TTTTTTTTTTTTTTTTTTTTTTTTTTTTTT MOQGAD      TELAPSE      404.39 TCPU      403.45
 TTTTTTTTTTTTTTTTTTTTTTTTTTTTTT SHELLXN     TELAPSE      441.24 TCPU      440.29
 TTTTTTTTTTTTTTTTTTTTTTTTTTTTTT MONMO3      TELAPSE      441.28 TCPU      440.33
 NUMERICALLY INTEGRATED DENSITY     48.0000178516     48.0000178516
 TTTTTTTTTTTTTTTTTTTTTTTTTTTTTT NUMDFT      TELAPSE      441.80 TCPU      440.85
 CYC  10 ETOT(AU) -6.092922773735E+02 DETOT -1.81E-08 tst  1.50E-10 PX  2.13E-06
 TTTTTTTTTTTTTTTTTTTTTTTTTTTTTT DIIS        TELAPSE      441.89 TCPU      440.94
 DIIS TEST: 0.22346E-11 AT SCF   CYCLE  10 - DIIS ACTIVE - HISTORY:    10 CYCLES
 TTTTTTTTTTTTTTTTTTTTTTTTTTTTTT FDIK        TELAPSE      442.79 TCPU      441.84
 POSSIBLY CONDUCTING STATE - EFERMI(AU) -6.3083263E-02 (RES. CHARGE  0.00E+00;IT.  4)
 TTTTTTTTTTTTTTTTTTTTTTTTTTTTTT PDIG        TELAPSE      443.15 TCPU      442.19
 CHARGE NORMALIZATION FACTOR   1.00000000
 TOTAL ATOMIC CHARGES:
   6.0006946   6.0006946   6.0006946   6.0006946   6.0006946   6.0006946
   6.0006946   6.0006946   5.9993054   5.9993054   5.9993054   5.9993054
   5.9993054   5.9993054   5.9993054   5.9993054
 SUMMED SPIN DENSITY           0.00000000
 TOTAL ATOMIC SPINS  :
  -0.0000000  -0.0000000  -0.0000000  -0.0000000  -0.0000000  -0.0000000
  -0.0000000  -0.0000000   0.0000000   0.0000000   0.0000000   0.0000000
   0.0000000   0.0000000   0.0000000   0.0000000
 TTTTTTTTTTTTTTTTTTTTTTTTTTTTTT MOQGAD      TELAPSE      443.16 TCPU      442.20
 TTTTTTTTTTTTTTTTTTTTTTTTTTTTTT SHELLXN     TELAPSE      480.01 TCPU      479.05
 TTTTTTTTTTTTTTTTTTTTTTTTTTTTTT MONMO3      TELAPSE      480.05 TCPU      479.09
 NUMERICALLY INTEGRATED DENSITY     48.0000178516     48.0000178516
 TTTTTTTTTTTTTTTTTTTTTTTTTTTTTT NUMDFT      TELAPSE      480.57 TCPU      479.61
 CYC  11 ETOT(AU) -6.092922773743E+02 DETOT -7.81E-10 tst  2.77E-13 PX  8.02E-08
 TTTTTTTTTTTTTTTTTTTTTTTTTTTTTT DIIS        TELAPSE      480.66 TCPU      479.70
 DIIS TEST: 0.11146E-11 AT SCF   CYCLE  11 - DIIS ACTIVE - HISTORY:    11 CYCLES
 TTTTTTTTTTTTTTTTTTTTTTTTTTTTTT FDIK        TELAPSE      481.53 TCPU      480.57
 POSSIBLY CONDUCTING STATE - EFERMI(AU) -6.3083278E-02 (RES. CHARGE  2.84E-14;IT.  4)
 TTTTTTTTTTTTTTTTTTTTTTTTTTTTTT PDIG        TELAPSE      481.85 TCPU      480.89
 CHARGE NORMALIZATION FACTOR   1.00000000
 TOTAL ATOMIC CHARGES:
   6.0006946   6.0006946   6.0006946   6.0006946   6.0006946   6.0006946
   6.0006946   6.0006946   5.9993054   5.9993054   5.9993054   5.9993054
   5.9993054   5.9993054   5.9993054   5.9993054
 SUMMED SPIN DENSITY           0.00000000
 TOTAL ATOMIC SPINS  :
  -0.0000000  -0.0000000  -0.0000000  -0.0000000  -0.0000000  -0.0000000
  -0.0000000  -0.0000000   0.0000000   0.0000000   0.0000000   0.0000000
   0.0000000   0.0000000   0.0000000   0.0000000
 TTTTTTTTTTTTTTTTTTTTTTTTTTTTTT MOQGAD      TELAPSE      481.86 TCPU      480.89
 TTTTTTTTTTTTTTTTTTTTTTTTTTTTTT SHELLXN     TELAPSE      518.69 TCPU      517.72
 +++ ENERGIES IN A.U. +++
 ::: EXT EL-POLE                                  -2.7913342903985E+03
 ::: EXT EL-SPHEROPOLE                             2.4713872380192E+01
 ::: BIELET ZONE E-E                               2.8806718734162E+03
 ::: TOTAL E-E                                     1.1405145539791E+02
 ::: TOTAL E-N + N-E                              -1.0493779340239E+03
 ::: TOTAL N-N                                    -2.1086184615924E+02
 ::: KINETIC ENERGY                                6.0719693601671E+02
 ::: PSEUDO TOTAL   ENERGY                        -5.3899138876857E+02
 ::: VIRIAL COEFFICIENT                            1.0595064055123E+00
 TTTTTTTTTTTTTTTTTTTTTTTTTTTTTT MONMO3      TELAPSE      518.74 TCPU      517.76
 NUMERICALLY INTEGRATED DENSITY     48.0000178516     48.0000178516
 EXCHANGE ENERGY: -0.662540266745E+02  CORRELATION ENERGY: -0.404686193158E+01
 TTTTTTTTTTTTTTTTTTTTTTTTTTTTTT NUMDFT      TELAPSE      519.26 TCPU      518.29
 CYC  12 ETOT(AU) -6.092922773746E+02 DETOT -3.58E-10 tst  7.12E-14 PX  8.02E-08

 == SCF ENDED - CONVERGENCE ON ENERGY      E(AU) -6.0929227737461E+02 CYCLES  12


 ENERGY EXPRESSION=HARTREE+FOCK EXCH*0.20000+(BECKE      EXCH)*0.80000+LYP        CORR


 TOTAL ENERGY(DFT)(AU)( 12) -6.0929227737461E+02 DE-3.6E-10 tester 7.1E-14
 TTTTTTTTTTTTTTTTTTTTTTTTTTTTTT EDFT        TELAPSE      519.27 TCPU      518.29
 
 INFORMATION **** DFTD3 ENERGY **** CALCULATE DFTD3 ENERGY

           DFT-D V3(BJ)
 DF                                         b3-lyp    
 parameters
 s6       :    1.0000
 s8       :    1.9889
 a1       :    0.3981
 a2       :    4.4211
 k1 k3    :   16.0000   -4.0000
 Cutoff   :   50.2022
 CN-Cutoff:   21.1671
 ABC-Cutoff:   21.1671
 
 Edisp /kcal,au:  -108.8378 -0.17344408

 E6    /kcal :   -52.2005
 E8    /kcal :   -56.6373
 
 INFORMATION **** DFTD3 ENERGY **** NORMAL TERMINATION OF DFTD3 MODULE

 *******************************************************************************

 DFT-D3 DISPERSION ENERGY CORRECTION

 D3 DISPERSION ENERGY (AU)       -1.7344407604361E-01
 TOTAL ENERGY + DISP (AU)        -6.0946572145065E+02

 *******************************************************************************


 NEIGHBORS OF THE NON-EQUIVALENT ATOMS

 N = NUMBER OF NEIGHBORS AT DISTANCE R
    ATOM  N     R/ANG      R/AU   NEIGHBORS (ATOM LABELS AND CELL INDICES)
   1 C    1     1.3365     2.5256    5 C    0-1 1
   1 C    1     1.4004     2.6464    2 C    0-1 0
   1 C    1     1.5075     2.8487   15 C    0 0 0
   1 C    2     2.3460     4.4333    6 C    0 0 1    6 C    1 0 1
   1 C    1     2.4579     4.6447   11 C    0-1 1
   1 C    1     2.4653     4.6588   11 C    0 0 1

   9 C    1     1.5075     2.8487    7 C    0 0 0
   9 C    1     1.5814     2.9885   13 C    1 0 0
   9 C    1     1.6150     3.0519   10 C    0 0 0
   9 C    1     1.7015     3.2154   12 C    1 0 0
   9 C    1     2.4579     4.6447    3 C    1-1 0
   9 C    1     2.4653     4.6588    3 C    1 0 0

 TTTTTTTTTTTTTTTTTTTTTTTTTTTTTT AFTER FIRST TELAPSE      519.36 TCPU      518.38
 MMMMMMMMMMMMMMMMMMMMMMMMMMMMMMMMMMMMMMMMMMMMMMMMMMMMMMMMMMMMMMMMMMMMMMMMMMMMMMM
     ALPHA+BETA ELECTRONS
 MULLIKEN POPULATION ANALYSIS - NO. OF ELECTRONS   96.000000

  ATOM    Z CHARGE  A.O. POPULATION

   1 C    6  6.001  0.854  1.120  0.765  0.403  0.521  0.468  0.404 -0.002
                    0.008 -0.037  0.424  0.422  0.607  0.005  0.008  0.006
                    0.012  0.013
   2 C    6  6.001  0.854  1.120  0.765  0.403  0.521  0.468  0.404 -0.002
                    0.008 -0.037  0.424  0.422  0.607  0.005  0.008  0.006
                    0.012  0.013
   3 C    6  6.001  0.854  1.120  0.765  0.403  0.521  0.468  0.404 -0.002
                    0.008 -0.037  0.424  0.422  0.607  0.005  0.008  0.006
                    0.012  0.013
   4 C    6  6.001  0.854  1.120  0.765  0.403  0.521  0.468  0.404 -0.002
                    0.008 -0.037  0.424  0.422  0.607  0.005  0.008  0.006
                    0.012  0.013
   5 C    6  6.001  0.854  1.120  0.765  0.403  0.521  0.468  0.404 -0.002
                    0.008 -0.037  0.424  0.422  0.607  0.005  0.008  0.006
                    0.012  0.013
   6 C    6  6.001  0.854  1.120  0.765  0.403  0.521  0.468  0.404 -0.002
                    0.008 -0.037  0.424  0.422  0.607  0.005  0.008  0.006
                    0.012  0.013
   7 C    6  6.001  0.854  1.120  0.765  0.403  0.521  0.468  0.404 -0.002
                    0.008 -0.037  0.424  0.422  0.607  0.005  0.008  0.006
                    0.012  0.013
   8 C    6  6.001  0.854  1.120  0.765  0.403  0.521  0.468  0.404 -0.002
                    0.008 -0.037  0.424  0.422  0.607  0.005  0.008  0.006
                    0.012  0.013
   9 C    6  5.999  0.853  1.121  0.753  0.487  0.413  0.447  0.406 -0.005
                    0.001 -0.008  0.504  0.482  0.504  0.008  0.008  0.007
                    0.010  0.007
  10 C    6  5.999  0.853  1.121  0.753  0.487  0.413  0.447  0.406 -0.005
                    0.001 -0.008  0.504  0.482  0.504  0.008  0.008  0.007
                    0.010  0.007
  11 C    6  5.999  0.853  1.121  0.753  0.487  0.413  0.447  0.406 -0.005
                    0.001 -0.008  0.504  0.482  0.504  0.008  0.008  0.007
                    0.010  0.007
  12 C    6  5.999  0.853  1.121  0.753  0.487  0.413  0.447  0.406 -0.005
                    0.001 -0.008  0.504  0.482  0.504  0.008  0.008  0.007
                    0.010  0.007
  13 C    6  5.999  0.853  1.121  0.753  0.487  0.413  0.447  0.406 -0.005
                    0.001 -0.008  0.504  0.482  0.504  0.008  0.008  0.007
                    0.010  0.007
  14 C    6  5.999  0.853  1.121  0.753  0.487  0.413  0.447  0.406 -0.005
                    0.001 -0.008  0.504  0.482  0.504  0.008  0.008  0.007
                    0.010  0.007
  15 C    6  5.999  0.853  1.121  0.753  0.487  0.413  0.447  0.406 -0.005
                    0.001 -0.008  0.504  0.482  0.504  0.008  0.008  0.007
                    0.010  0.007
  16 C    6  5.999  0.853  1.121  0.753  0.487  0.413  0.447  0.406 -0.005
                    0.001 -0.008  0.504  0.482  0.504  0.008  0.008  0.007
                    0.010  0.007

  ATOM    Z CHARGE  SHELL POPULATION

   1 C    6  6.001  0.854  1.120  0.765  0.403  1.393 -0.031  1.453  0.043
   2 C    6  6.001  0.854  1.120  0.765  0.403  1.393 -0.031  1.453  0.043
   3 C    6  6.001  0.854  1.120  0.765  0.403  1.393 -0.031  1.453  0.043
   4 C    6  6.001  0.854  1.120  0.765  0.403  1.393 -0.031  1.453  0.043
   5 C    6  6.001  0.854  1.120  0.765  0.403  1.393 -0.031  1.453  0.043
   6 C    6  6.001  0.854  1.120  0.765  0.403  1.393 -0.031  1.453  0.043
   7 C    6  6.001  0.854  1.120  0.765  0.403  1.393 -0.031  1.453  0.043
   8 C    6  6.001  0.854  1.120  0.765  0.403  1.393 -0.031  1.453  0.043
   9 C    6  5.999  0.853  1.121  0.753  0.487  1.267 -0.011  1.490  0.039
  10 C    6  5.999  0.853  1.121  0.753  0.487  1.267 -0.011  1.490  0.039
  11 C    6  5.999  0.853  1.121  0.753  0.487  1.267 -0.011  1.490  0.039
  12 C    6  5.999  0.853  1.121  0.753  0.487  1.267 -0.011  1.490  0.039
  13 C    6  5.999  0.853  1.121  0.753  0.487  1.267 -0.011  1.490  0.039
  14 C    6  5.999  0.853  1.121  0.753  0.487  1.267 -0.011  1.490  0.039
  15 C    6  5.999  0.853  1.121  0.753  0.487  1.267 -0.011  1.490  0.039
  16 C    6  5.999  0.853  1.121  0.753  0.487  1.267 -0.011  1.490  0.039

 OVERLAP POPULATION CONDENSED TO ATOMS FOR FIRST   6 NEIGHBORS

 ATOM A   1 C    ATOM B     CELL      R(AB)/AU R(AB)/ANG    OVPOP(AB)
                  5 C    (  0 -1  1)     2.526     1.336     0.482
                  2 C    (  0 -1  0)     2.646     1.400     0.410
                 15 C    (  0  0  0)     2.849     1.507     0.330
                  6 C    (  0  0  1)     4.433     2.346    -0.039
                 11 C    (  0 -1  1)     4.645     2.458    -0.031
                 11 C    (  0  0  1)     4.659     2.465    -0.017

 ATOM A   9 C    ATOM B     CELL      R(AB)/AU R(AB)/ANG    OVPOP(AB)
                  7 C    (  0  0  0)     2.849     1.507     0.330
                 13 C    (  1  0  0)     2.988     1.581     0.289
                 10 C    (  0  0  0)     3.052     1.615     0.332
                 12 C    (  1  0  0)     3.215     1.702     0.282
                  3 C    (  1 -1  0)     4.645     2.458    -0.031
                  3 C    (  1  0  0)     4.659     2.465    -0.017
 TTTTTTTTTTTTTTTTTTTTTTTTTTTTTT AFTER FIRST TELAPSE      519.68 TCPU      518.50
 MMMMMMMMMMMMMMMMMMMMMMMMMMMMMMMMMMMMMMMMMMMMMMMMMMMMMMMMMMMMMMMMMMMMMMMMMMMMMMM
     ALPHA-BETA ELECTRONS
 MULLIKEN POPULATION ANALYSIS - NO. OF ELECTRONS    0.000000

  ATOM    Z CHARGE  A.O. POPULATION

   1 C    6 -0.000 -0.000 -0.000 -0.000  0.000 -0.000 -0.000 -0.000  0.000
                    0.000  0.000 -0.000 -0.000  0.000 -0.000  0.000  0.000
                    0.000 -0.000
   2 C    6 -0.000 -0.000 -0.000 -0.000  0.000 -0.000 -0.000 -0.000  0.000
                    0.000  0.000 -0.000 -0.000  0.000 -0.000  0.000  0.000
                    0.000 -0.000
   3 C    6 -0.000 -0.000 -0.000 -0.000  0.000 -0.000 -0.000 -0.000  0.000
                    0.000  0.000 -0.000 -0.000  0.000 -0.000  0.000  0.000
                    0.000 -0.000
   4 C    6 -0.000 -0.000 -0.000 -0.000  0.000 -0.000 -0.000 -0.000  0.000
                    0.000  0.000 -0.000 -0.000  0.000 -0.000  0.000  0.000
                    0.000 -0.000
   5 C    6 -0.000 -0.000 -0.000 -0.000  0.000 -0.000 -0.000 -0.000  0.000
                    0.000  0.000 -0.000 -0.000  0.000 -0.000  0.000  0.000
                    0.000 -0.000
   6 C    6 -0.000 -0.000 -0.000 -0.000  0.000 -0.000 -0.000 -0.000  0.000
                    0.000  0.000 -0.000 -0.000  0.000 -0.000  0.000  0.000
                    0.000 -0.000
   7 C    6 -0.000 -0.000 -0.000 -0.000  0.000 -0.000 -0.000 -0.000  0.000
                    0.000  0.000 -0.000 -0.000  0.000 -0.000  0.000  0.000
                    0.000 -0.000
   8 C    6 -0.000 -0.000 -0.000 -0.000  0.000 -0.000 -0.000 -0.000  0.000
                    0.000  0.000 -0.000 -0.000  0.000 -0.000  0.000  0.000
                    0.000 -0.000
   9 C    6  0.000  0.000  0.000  0.000 -0.000  0.000 -0.000 -0.000 -0.000
                    0.000  0.000  0.000 -0.000 -0.000  0.000  0.000 -0.000
                   -0.000 -0.000
  10 C    6  0.000  0.000  0.000  0.000 -0.000  0.000 -0.000 -0.000 -0.000
                    0.000  0.000  0.000 -0.000 -0.000  0.000  0.000 -0.000
                   -0.000 -0.000
  11 C    6  0.000  0.000  0.000  0.000 -0.000  0.000 -0.000 -0.000 -0.000
                    0.000  0.000  0.000 -0.000 -0.000  0.000  0.000 -0.000
                   -0.000 -0.000
  12 C    6  0.000  0.000  0.000  0.000 -0.000  0.000 -0.000 -0.000 -0.000
                    0.000  0.000  0.000 -0.000 -0.000  0.000  0.000 -0.000
                   -0.000 -0.000
  13 C    6  0.000  0.000  0.000  0.000 -0.000  0.000 -0.000 -0.000 -0.000
                    0.000  0.000  0.000 -0.000 -0.000  0.000  0.000 -0.000
                   -0.000 -0.000
  14 C    6  0.000  0.000  0.000  0.000 -0.000  0.000 -0.000 -0.000 -0.000
                    0.000  0.000  0.000 -0.000 -0.000  0.000  0.000 -0.000
                   -0.000 -0.000
  15 C    6  0.000  0.000  0.000  0.000 -0.000  0.000 -0.000 -0.000 -0.000
                    0.000  0.000  0.000 -0.000 -0.000  0.000  0.000 -0.000
                   -0.000 -0.000
  16 C    6  0.000  0.000  0.000  0.000 -0.000  0.000 -0.000 -0.000 -0.000
                    0.000  0.000  0.000 -0.000 -0.000  0.000  0.000 -0.000
                   -0.000 -0.000

  ATOM    Z CHARGE  SHELL POPULATION

   1 C    6 -0.000 -0.000 -0.000 -0.000  0.000 -0.000  0.000 -0.000 -0.000
   2 C    6 -0.000 -0.000 -0.000 -0.000  0.000 -0.000  0.000 -0.000 -0.000
   3 C    6 -0.000 -0.000 -0.000 -0.000  0.000 -0.000  0.000 -0.000 -0.000
   4 C    6 -0.000 -0.000 -0.000 -0.000  0.000 -0.000  0.000 -0.000 -0.000
   5 C    6 -0.000 -0.000 -0.000 -0.000  0.000 -0.000  0.000 -0.000 -0.000
   6 C    6 -0.000 -0.000 -0.000 -0.000  0.000 -0.000  0.000 -0.000 -0.000
   7 C    6 -0.000 -0.000 -0.000 -0.000  0.000 -0.000  0.000 -0.000 -0.000
   8 C    6 -0.000 -0.000 -0.000 -0.000  0.000 -0.000  0.000 -0.000 -0.000
   9 C    6  0.000  0.000  0.000  0.000 -0.000  0.000 -0.000  0.000 -0.000
  10 C    6  0.000  0.000  0.000  0.000 -0.000  0.000 -0.000  0.000 -0.000
  11 C    6  0.000  0.000  0.000  0.000 -0.000  0.000 -0.000  0.000 -0.000
  12 C    6  0.000  0.000  0.000  0.000 -0.000  0.000 -0.000  0.000 -0.000
  13 C    6  0.000  0.000  0.000  0.000 -0.000  0.000 -0.000  0.000 -0.000
  14 C    6  0.000  0.000  0.000  0.000 -0.000  0.000 -0.000  0.000 -0.000
  15 C    6  0.000  0.000  0.000  0.000 -0.000  0.000 -0.000  0.000 -0.000
  16 C    6  0.000  0.000  0.000  0.000 -0.000  0.000 -0.000  0.000 -0.000

 OVERLAP POPULATION CONDENSED TO ATOMS FOR FIRST   6 NEIGHBORS

 ATOM A   1 C    ATOM B     CELL      R(AB)/AU R(AB)/ANG    OVPOP(AB)
                  5 C    (  0 -1  1)     2.526     1.336    -0.000
                  2 C    (  0 -1  0)     2.646     1.400    -0.000
                 15 C    (  0  0  0)     2.849     1.507    -0.000
                  6 C    (  0  0  1)     4.433     2.346     0.000
                 11 C    (  0 -1  1)     4.645     2.458     0.000
                 11 C    (  0  0  1)     4.659     2.465     0.000

 ATOM A   9 C    ATOM B     CELL      R(AB)/AU R(AB)/ANG    OVPOP(AB)
                  7 C    (  0  0  0)     2.849     1.507    -0.000
                 13 C    (  1  0  0)     2.988     1.581     0.000
                 10 C    (  0  0  0)     3.052     1.615     0.000
                 12 C    (  1  0  0)     3.215     1.702    -0.000
                  3 C    (  1 -1  0)     4.645     2.458     0.000
                  3 C    (  1  0  0)     4.659     2.465     0.000
 EIGENVECTORS IN FORTRAN UNIT  8
 TTTTTTTTTTTTTTTTTTTTTTTTTTTTTT END         TELAPSE      520.19 TCPU      518.98
 EEEEEEEEEE TERMINATION  DATE 21 01 2026 TIME 23:38:45.1
NODE    0 CPU TIME =       518.983
NODE    1 CPU TIME =       519.014
NODE    2 CPU TIME =       519.087
NODE    3 CPU TIME =       519.065
NODE    4 CPU TIME =       519.167
NODE    5 CPU TIME =       519.146
NODE    6 CPU TIME =       519.288
NODE    7 CPU TIME =       518.977
NODE    8 CPU TIME =       519.039
NODE    9 CPU TIME =       518.929
NODE   10 CPU TIME =       519.012
NODE   11 CPU TIME =       518.945
NODE   12 CPU TIME =       519.194
NODE   13 CPU TIME =       518.873
NODE   14 CPU TIME =       519.020
NODE   15 CPU TIME =       519.047
NODE   16 CPU TIME =       518.992
NODE   17 CPU TIME =       518.897
NODE   18 CPU TIME =       519.263
NODE   19 CPU TIME =       519.081
NODE   20 CPU TIME =       519.175
NODE   21 CPU TIME =       518.953
NODE   22 CPU TIME =       508.293
NODE   23 CPU TIME =       518.605
    TOTAL CPU TIME =     12446.044
