MPI startup(): Warning: I_MPI_PMI_LIBRARY will be ignored since the hydra process manager was found
MPI startup(): Warning: I_MPI_PMI_LIBRARY will be ignored since the hydra process manager was found
MPI startup(): Warning: I_MPI_PMI_LIBRARY will be ignored since the hydra process manager was found
MPI startup(): Warning: I_MPI_PMI_LIBRARY will be ignored since the hydra process manager was found
MPI startup(): Warning: I_MPI_PMI_LIBRARY will be ignored since the hydra process manager was found
MPI startup(): Warning: I_MPI_PMI_LIBRARY will be ignored since the hydra process manager was found
MPI startup(): Warning: I_MPI_PMI_LIBRARY will be ignored since the hydra process manager was found
MPI startup(): Warning: I_MPI_PMI_LIBRARY will be ignored since the hydra process manager was found
MPI startup(): Warning: I_MPI_PMI_LIBRARY will be ignored since the hydra process manager was found
MPI startup(): Warning: I_MPI_PMI_LIBRARY will be ignored since the hydra process manager was found
MPI startup(): Warning: I_MPI_PMI_LIBRARY will be ignored since the hydra process manager was found
MPI startup(): Warning: I_MPI_PMI_LIBRARY will be ignored since the hydra process manager was found
MPI startup(): Warning: I_MPI_PMI_LIBRARY will be ignored since the hydra process manager was found
MPI startup(): Warning: I_MPI_PMI_LIBRARY will be ignored since the hydra process manager was found
MPI startup(): Warning: I_MPI_PMI_LIBRARY will be ignored since the hydra process manager was found
MPI startup(): Warning: I_MPI_PMI_LIBRARY will be ignored since the hydra process manager was found
MPI startup(): Warning: I_MPI_PMI_LIBRARY will be ignored since the hydra process manager was found
MPI startup(): Warning: I_MPI_PMI_LIBRARY will be ignored since the hydra process manager was found
MPI startup(): Warning: I_MPI_PMI_LIBRARY will be ignored since the hydra process manager was found
MPI startup(): Warning: I_MPI_PMI_LIBRARY will be ignored since the hydra process manager was found
MPI startup(): Warning: I_MPI_PMI_LIBRARY will be ignored since the hydra process manager was found
MPI startup(): Warning: I_MPI_PMI_LIBRARY will be ignored since the hydra process manager was found
MPI startup(): Warning: I_MPI_PMI_LIBRARY will be ignored since the hydra process manager was found
MPI startup(): Warning: I_MPI_PMI_LIBRARY will be ignored since the hydra process manager was found
MPI startup(): Warning: I_MPI_PMI_LIBRARY will be ignored since the hydra process manager was found
MPI startup(): Warning: I_MPI_PMI_LIBRARY will be ignored since the hydra process manager was found
MPI startup(): Warning: I_MPI_PMI_LIBRARY will be ignored since the hydra process manager was found
MPI startup(): Warning: I_MPI_PMI_LIBRARY will be ignored since the hydra process manager was found
MPI startup(): Warning: I_MPI_PMI_LIBRARY will be ignored since the hydra process manager was found
MPI startup(): Warning: I_MPI_PMI_LIBRARY will be ignored since the hydra process manager was found
MPI startup(): Warning: I_MPI_PMI_LIBRARY will be ignored since the hydra process manager was found
MPI startup(): Warning: I_MPI_PMI_LIBRARY will be ignored since the hydra process manager was found
 PROCESS           17  OF           32  WORKING
 PROCESS           19  OF           32  WORKING
 PROCESS           21  OF           32  WORKING
 PROCESS           22  OF           32  WORKING
 PROCESS           23  OF           32  WORKING
 PROCESS            1  OF           32  WORKING
 PROCESS            3  OF           32  WORKING
 PROCESS           18  OF           32  WORKING
 PROCESS            7  OF           32  WORKING
 PROCESS            6  OF           32  WORKING
 PROCESS           16  OF           32  WORKING
 PROCESS           12  OF           32  WORKING
 PROCESS           15  OF           32  WORKING
 PROCESS           11  OF           32  WORKING
 PROCESS            4  OF           32  WORKING
 PROCESS           24  OF           32  WORKING
 PROCESS           28  OF           32  WORKING
 PROCESS           29  OF           32  WORKING
 PROCESS           26  OF           32  WORKING
 PROCESS            5  OF           32  WORKING
 PROCESS           10  OF           32  WORKING
 PROCESS            0  OF           32  WORKING
 PROCESS           25  OF           32  WORKING
 PROCESS            8  OF           32  WORKING

         
 *******************************************************************************
 *                                                                             *
 *                               CRYSTAL23                                     *
 *                      public : 1.0.1 - October 2022                          *
 *                       HTTP://WWW.CRYSTAL.UNITO.IT                           *
 *                                                                             *
 *                              MAIN AUTHORS                                   *
 *                                                                             *
 *  R. DOVESI(1,11), V.R. SAUNDERS(2), C. ROETTI(1,11), R. ORLANDO(1,11),      *
 *  C.M. ZICOVICH-WILSON(1,3), F. PASCALE(4), B. CIVALLERI(1,11),              *
 *  K. DOLL(5), N.M. HARRISON(6), I.J. BUSH(7), Ph. D'ARCO(8),                 *
 *  M. LLUNELL(9), M. CAUSA'(10), Y. NOEL(8), L. MASCHIO(1,11), A. ERBA(1,11)  *
 *  M. RE'RAT(14), S. CASASSA(1,11), B.G. SEARLE(2), J.K. DESMARAIS(1)         *
 *                                                                             *
 *        CONTRIBUTIONS TO THE CODE HAVE ALSO BEEN GIVEN BY                    *
 *                                                                             *
 *  M. FERRABONE(1,11), M. DE LA PIERRE(1,11), M. FERRERO(1,11),               *
 *  J. BAIMA(1,11), E. ALBANESE(1,11), M.F. PEINTINGER(12), R. BAST(13),       *
 *  B. KIRTMAN(15), V. LACIVITA(1,11), R. DEMICHELIS(1,16)                     *
 *  G. BRANDEBURG(17), S. SALUSTRO(1,11), G. SANSONE(1,11)                     *
 *  M.T. RUGGIERO(18), L.E. DAGA(1), L. DONA'(1), A. COSSARD(1)                *
 *                                                                             *
 * (1) THEORETICAL CHEMISTRY GROUP - UNIVERSITA' DI TORINO - TORINO (ITALY)    *
 * (2) SCIENTIFIC COMPUTING DEPARTMENT - STFC DARESBURY (UK)                   *
 * (3) UNIVERSIDAD AUTONOMA DEL ESTADO DE MORELOS - CUERNAVACA (MEXICO)        *
 * (4) UNIVERSITE' DE LORRAINE - NANCY (FRANCE)                                *
 * (5) UNIVERSITAET STUTTGART- STUTTGART (GERMANY)                             *
 * (6) IMPERIAL COLLEGE - LONDON (UK)                                          *
 * (7) SCIENTIFIC COMPUTING DEPARTMENT - STFC RAL (UK)                         *
 * (8) UPMC - SORBONNE UNIVERSITES - PARIS (FRANCE)                            *
 * (9) UNIVERSIDAD DE BARCELONA - BARCELONA (SPAIN)                            *
 *(10) UNIVERSITA' DI NAPOLI "FEDERICO II" - NAPOLI (ITALY)                    *
 *(11) NIS - NANOSTRUCTURED INTERFACES AND SURFACES - TORINO (ITALY)           *
 *(12) MPI FUER CHEMISCHE ENERGIEKONVERSION - MUELHEIM AN DER RUHR (GERMANY)   *
 *(13) UNIVERSITY OF TROMSO - TROMSO (NORWAY)                                  *
 *(14) UNIVERSITE' DE PAU ET DES PAYS DE L'ADOUR - PAU (FRANCE)                *
 *(15) UNIVERSITY OF CALIFORNIA SANTA BARBARA - SANTA BARBARA (USA)            *
 *(16) CURTIN UNIVERSITY - PERTH (AUSTRALIA)                                   *
 *(17) UNIVERSITY COLLEGE LONDON - LONDON (UK)                                 *
 *(18) UNIVERSITY OF VERMONT - BURLINGTON (USA)                                *
 *                                                                             *
 *******************************************************************************
 EEEEEEEEEE STARTING  DATE 30 01 2026 TIME 21:25:26.8
 ./3^2,4T51-CA_rev1_sp_B3LYP-D3-D3_optimized                                     
 PROCESS           14  OF           32  WORKING
 PROCESS           20  OF           32  WORKING
 PROCESS            2  OF           32  WORKING
 PROCESS           27  OF           32  WORKING
 PROCESS           30  OF           32  WORKING
 PROCESS           31  OF           32  WORKING
 PROCESS           13  OF           32  WORKING
 PROCESS            9  OF           32  WORKING

 CRYSTAL CALCULATION
 (INPUT ACCORDING TO THE INTERNATIONAL TABLES FOR X-RAY CRYSTALLOGRAPHY)
 CRYSTAL FAMILY                       :  HEXAGONAL   
 CRYSTAL CLASS  (GROTH - 1921)        :  HEXAGONAL PYRAMIDAL                  

 SPACE GROUP (NONCENTROSYMMETRIC)     :  P 61            

 LATTICE PARAMETERS  (ANGSTROMS AND DEGREES) - CONVENTIONAL CELL
        A           B           C        ALPHA        BETA       GAMMA
     7.42527     7.42527     3.68888    90.00000    90.00000   120.00000


 NUMBER OF IRREDUCIBLE ATOMS IN THE CONVENTIONAL CELL:    3

 INPUT COORDINATES

 ATOM AT. N.              COORDINATES
   1   6    -4.414232236473E-01  1.261406124954E-01 -2.916677309327E-01
   2   6    -2.061598693511E-01  2.888052888586E-01 -2.858562945775E-01
   3   6     3.896190272130E-01  4.774428436518E-01  2.617040255102E-01

 *******************************************************************************

 << INFORMATION >>: FROM NOW ON, ALL COORDINATES REFER TO THE PRIMITIVE CELL

 *******************************************************************************

 LATTICE PARAMETERS  (ANGSTROMS AND DEGREES) - PRIMITIVE CELL
       A          B          C        ALPHA      BETA     GAMMA        VOLUME
    7.42527    7.42527    3.68888    90.00000  90.00000 120.00000    176.136803

 COORDINATES OF THE EQUIVALENT ATOMS (FRACTIONAL UNITS)

 N. ATOM EQUIV AT. N.          X                  Y                  Z

   1   1   1    6 C    -4.41423223647E-01  1.26140612495E-01 -2.91667730933E-01
   2   1   2    6 C     4.41423223647E-01 -1.26140612495E-01  2.08332269067E-01
   3   1   3    6 C    -1.26140612495E-01  4.32436163857E-01  4.16656024006E-02
   4   1   4    6 C    -4.32436163857E-01  4.41423223647E-01  3.74998935734E-01
   5   1   5    6 C     4.32436163857E-01 -4.41423223647E-01 -1.25001064266E-01
   6   1   6    6 C     1.26140612495E-01 -4.32436163857E-01 -4.58334397599E-01

   7   2   1    6 C    -2.06159869351E-01  2.88805288859E-01 -2.85856294578E-01
   8   2   2    6 C     2.06159869351E-01 -2.88805288859E-01  2.14143705422E-01
   9   2   3    6 C    -2.88805288859E-01 -4.94965158210E-01  4.74770387558E-02
  10   2   4    6 C     4.94965158210E-01  2.06159869351E-01  3.80810372089E-01
  11   2   5    6 C    -4.94965158210E-01 -2.06159869351E-01 -1.19189627911E-01
  12   2   6    6 C     2.88805288859E-01  4.94965158210E-01 -4.52522961244E-01

  13   3   1    6 C     3.89619027213E-01  4.77442843652E-01  2.61704025510E-01
  14   3   2    6 C    -3.89619027213E-01 -4.77442843652E-01 -2.38295974490E-01
  15   3   3    6 C    -4.77442843652E-01 -8.78238164388E-02 -4.04962641156E-01
  16   3   4    6 C     8.78238164388E-02 -3.89619027213E-01 -7.16293078231E-02
  17   3   5    6 C    -8.78238164388E-02  3.89619027213E-01  4.28370692177E-01
  18   3   6    6 C     4.77442843652E-01  8.78238164388E-02  9.50373588435E-02

 NUMBER OF SYMMETRY OPERATORS         :    6
 *******************************************************************************
 * GEOMETRY EDITING - INPUT COORDINATES ARE GIVEN IN ANGSTROM         
 *******************************************************************************

 GEOMETRY NOW FULLY CONSISTENT WITH THE GROUP

 GCALCO - MAX INDICES DIRECT LATTICE VECTOR    12    12    21
 NO.OF VECTORS CREATED 6999 STARS  402 RMAX   125.46359 BOHR

 GEOMETRY FOR WAVE FUNCTION - DIMENSIONALITY OF THE SYSTEM    3
 (NON PERIODIC DIRECTION: LATTICE PARAMETER FORMALLY SET TO 500)
 *******************************************************************************
 LATTICE PARAMETERS (ANGSTROMS AND DEGREES) - BOHR = 0.5291772083 ANGSTROM
 PRIMITIVE CELL - CENTRING CODE 1/0 VOLUME=   176.136803 - DENSITY  2.036 g/cm^3
         A              B              C           ALPHA      BETA       GAMMA 
     7.42527208     7.42527208     3.68888175    90.000000  90.000000 120.000000
 *******************************************************************************
 ATOMS IN THE ASYMMETRIC UNIT    3 - ATOMS IN THE UNIT CELL:   18
     ATOM                 X/A                 Y/B                 Z/C    
 *******************************************************************************
      1 T   6 C    -4.414232236473E-01  1.261406124954E-01 -2.916677309327E-01
      2 F   6 C     4.414232236473E-01 -1.261406124954E-01  2.083322690673E-01
      3 F   6 C    -1.261406124954E-01  4.324361638573E-01  4.166560240063E-02
      4 F   6 C    -4.324361638573E-01  4.414232236473E-01  3.749989357340E-01
      5 F   6 C     4.324361638573E-01 -4.414232236473E-01 -1.250010642660E-01
      6 F   6 C     1.261406124954E-01 -4.324361638573E-01 -4.583343975994E-01
      7 T   6 C    -2.061598693511E-01  2.888052888586E-01 -2.858562945775E-01
      8 F   6 C     2.061598693511E-01 -2.888052888586E-01  2.141437054225E-01
      9 F   6 C    -2.888052888586E-01 -4.949651582097E-01  4.747703875583E-02
     10 F   6 C     4.949651582097E-01  2.061598693511E-01  3.808103720892E-01
     11 F   6 C    -4.949651582097E-01 -2.061598693511E-01 -1.191896279108E-01
     12 F   6 C     2.888052888586E-01  4.949651582097E-01 -4.525229612442E-01
     13 T   6 C     3.896190272130E-01  4.774428436518E-01  2.617040255102E-01
     14 F   6 C    -3.896190272130E-01 -4.774428436518E-01 -2.382959744898E-01
     15 F   6 C    -4.774428436518E-01 -8.782381643880E-02 -4.049626411565E-01
     16 F   6 C     8.782381643880E-02 -3.896190272130E-01 -7.162930782313E-02
     17 F   6 C    -8.782381643880E-02  3.896190272130E-01  4.283706921769E-01
     18 F   6 C     4.774428436518E-01  8.782381643880E-02  9.503735884353E-02

 T = ATOM BELONGING TO THE ASYMMETRIC UNIT

 ****    6 SYMMOPS - TRANSLATORS IN FRACTIONAL UNITS
 **** MATRICES AND TRANSLATORS IN THE CRYSTALLOGRAPHIC REFERENCE FRAME
   V INV                    ROTATION MATRICES                   TRANSLATORS
   1   1  1.00  0.00  0.00  0.00  1.00  0.00  0.00  0.00  1.00  0.00  0.00  0.00
   2   2 -1.00  0.00  0.00  0.00 -1.00  0.00  0.00  0.00  1.00  0.00  0.00  0.50
   3   4 -0.00 -1.00  0.00  1.00 -1.00  0.00  0.00  0.00  1.00  0.00  0.00  0.33
   4   3 -1.00  1.00  0.00 -1.00 -0.00  0.00  0.00  0.00  1.00  0.00  0.00  0.67
   5   6  1.00 -1.00  0.00  1.00  0.00  0.00  0.00  0.00  1.00  0.00  0.00  0.17
   6   5  0.00  1.00  0.00 -1.00  1.00  0.00  0.00  0.00  1.00  0.00  0.00  0.83

 DIRECT LATTICE VECTORS CARTESIAN COMPONENTS (ANGSTROM)
          X                    Y                    Z
   0.643047425129E+01  -0.371263604000E+01   0.000000000000E+00
   0.000000000000E+00   0.742527208000E+01   0.000000000000E+00
   0.000000000000E+00   0.000000000000E+00   0.368888175000E+01


 CARTESIAN COORDINATES - PRIMITIVE CELL
 *******************************************************************************
 *      ATOM          X(ANGSTROM)         Y(ANGSTROM)         Z(ANGSTROM)
 *******************************************************************************
    1     6 C     3.591913577705E+00 -1.137163902878E+00 -1.075927769702E+00
    2     6 C    -3.591913577705E+00  1.137163902878E+00  7.685131052985E-01
    3     6 C    -8.111439606938E-01  3.679270357930E+00  1.536994802985E-01
    4     6 C    -2.780769617012E+00 -2.542106455052E+00  1.383326730298E+00
    5     6 C     2.780769617012E+00  2.542106455052E+00 -4.611141447015E-01
    6     6 C     8.111439606938E-01 -3.679270357930E+00 -1.690741394702E+00
    7     6 C    -1.325705731512E+00  2.909854408873E+00 -1.054490068190E+00
    8     6 C     1.325705731512E+00 -2.909854408873E+00  7.899508068104E-01
    9     6 C    -1.857154973642E+00 -2.603022045868E+00  1.751371818104E-01
   10     6 C     3.182860705154E+00 -3.068323630045E-01  1.404764431810E+00
   11     6 C    -3.182860705154E+00  3.068323630045E-01 -4.396764431896E-01
   12     6 C     1.857154973642E+00  2.603022045868E+00 -1.669303693190E+00
   13     6 C     2.505435122306E+00  2.098629374463E+00  9.653952036061E-01
   14     6 C    -2.505435122306E+00 -2.098629374463E+00 -8.790456713939E-01
   15     6 C    -3.070183912566E+00  1.120455776220E+00 -1.493859296394E+00
   16     6 C     5.647487902598E-01 -3.219085150682E+00 -2.642320463939E-01
   17     6 C    -5.647487902598E-01  3.219085150682E+00  1.580208828606E+00
   18     6 C     3.070183912566E+00 -1.120455776220E+00  3.505815786061E-01

 *******************************************************************************
 LOCAL ATOMIC FUNCTIONS BASIS SET
 *******************************************************************************
   ATOM   X(AU)   Y(AU)   Z(AU)  N. TYPE  EXPONENT  S COEF   P COEF   D/F/G COEF
 *******************************************************************************
   1 C    6.788  -2.149  -2.033
                                  1 S  
                                         1.358E+04 2.225E-04 0.000E+00 0.000E+00
                                         2.035E+03 1.723E-03 0.000E+00 0.000E+00
                                         4.632E+02 8.926E-03 0.000E+00 0.000E+00
                                         1.312E+02 3.573E-02 0.000E+00 0.000E+00
                                         4.285E+01 1.108E-01 0.000E+00 0.000E+00
                                         1.558E+01 2.430E-01 0.000E+00 0.000E+00
                                  2 S  
                                         6.207E+00 4.144E-01 0.000E+00 0.000E+00
                                         2.576E+00 2.374E-01 0.000E+00 0.000E+00
                                  3 S  
                                         4.941E-01 1.000E+00 0.000E+00 0.000E+00
                                  4 S  
                                         1.644E-01 1.000E+00 0.000E+00 0.000E+00
                           5-     7 P  
                                         3.470E+01 0.000E+00 5.333E-03 0.000E+00
                                         7.958E+00 0.000E+00 3.586E-02 0.000E+00
                                         2.378E+00 0.000E+00 1.422E-01 0.000E+00
                                         8.143E-01 0.000E+00 3.427E-01 0.000E+00
                           8-    10 P  
                                         5.662E-01 0.000E+00 1.000E+00 0.000E+00
                          11-    13 P  
                                         2.674E-01 0.000E+00 1.000E+00 0.000E+00
                          14-    18 D  
                                         8.792E-01 0.000E+00 0.000E+00 1.000E+00
   2 C   -6.788   2.149   1.452
   3 C   -1.533   6.953   0.290
   4 C   -5.255  -4.804   2.614
   5 C    5.255   4.804  -0.871
   6 C    1.533  -6.953  -3.195
   7 C   -2.505   5.499  -1.993
   8 C    2.505  -5.499   1.493
   9 C   -3.510  -4.919   0.331
  10 C    6.015  -0.580   2.655
  11 C   -6.015   0.580  -0.831
  12 C    3.510   4.919  -3.155
  13 C    4.735   3.966   1.824
  14 C   -4.735  -3.966  -1.661
  15 C   -5.802   2.117  -2.823
  16 C    1.067  -6.083  -0.499
  17 C   -1.067   6.083   2.986
  18 C    5.802  -2.117   0.663
 INFORMATION **** SET_MPP **** PCRYSTAL CALCULATION
 INFORMATION **** READM2 **** NEW DEFAULT: FOCK/KS MATRIX MIXING SET TO 30 %
 INFORMATION **** READM2 **** NEW DEFAULT: FULL DIRECT SCF MODE
 INFORMATION **** READM2 **** NEW DEFAULT: COULOMB BIPOLAR BUFFER SET TO 32 Mb
 INFORMATION **** READM2 **** NEW DEFAULT: EXCHANGE BIPOLAR BUFFER SET TO 32 Mb

 *******************************************************************************
 NEW DEFAULT: DFT INTEGRATION GRID INCREASED TO XLGRID
 NEW DEFAULT: DIIS ACCELERATOR ACTIVE
 USE KEYWORD NODIIS TO TURN IT OFF
 *******************************************************************************

 INFORMATION **** DFTD3_INPUT **** PERFORM LATEST DISPERSION CORRECTION DFT-D3(BJ) WITH AUTOMATIC PARAMETER SETUP
 PLEASE CITE:
 (1) DFT-D3 Reference
  S. Grimme, J. Antony, S. Ehrlich, and H. Krieg, J. Chem. Phys. 132 (2010), 154104
 (2) BJ-Damping Reference
  S. Grimme, S. Ehrlich, and L. Goerigk, J. Comput. Chem. 32 (2011), 1456-1465
 (3) General DFT-D Review
  S. Grimme, A. Hansen, J. G. Brandenburg, and C. Bannwarth,
  Chem. Rev. 116 (2016), 5105-5154

 INFORMATION **** TOLINTEG **** COULOMB AND EXCHANGE SERIES TOLERANCES MODIFIED
 INFORMATION **** TOLDEE **** SCF TOL ON TOTAL ENERGY SET TO           9
 INFORMATION **** READM2 **** FULL DIRECT SCF (MONO AND BIEL INT) SELECTED
 INFORMATION **** MAXCYCLE **** MAX NUMBER OF SCF CYCLES SET TO         800
 INFORMATION **** DIIS **** DIIS FOR SCF ACTIVE
 INFORMATION **** DIIS **** LEVEL SHIFTER DISABLED
 INFORMATION **** PPAN ****  MULLIKEN POPULATION ANALYSIS AT THE END OF SCF
 *******************************************************************************
 N. OF ATOMS PER CELL        18  COULOMB OVERLAP TOL         (T1) 10**   -8
 NUMBER OF SHELLS           144  COULOMB PENETRATION TOL     (T2) 10**   -8
 NUMBER OF AO               324  EXCHANGE OVERLAP TOL        (T3) 10**   -8
 N. OF ELECTRONS PER CELL   108  EXCHANGE PSEUDO OVP (F(G))  (T4) 10**   -9
 CORE ELECTRONS PER CELL     36  EXCHANGE PSEUDO OVP (P(G))  (T5) 10**  -24
 N. OF SYMMETRY OPERATORS     6  POLE ORDER IN MONO ZONE                  4
 *******************************************************************************
 TYPE OF CALCULATION :  UNRESTRICTED OPEN SHELL
 KOHN-SHAM HAMILTONIAN

 (EXCHANGE)[CORRELATION] FUNCTIONAL:(BECKE 88)[LEE-YANG-PARR]

 NON-LOCAL WEIGHTING FACTOR (EXCHANGE) =           0.9000
 NON-LOCAL WEIGHTING FACTOR [CORRELATION] =        0.8100

 HYBRID EXCHANGE - PERCENTAGE OF FOCK EXCHANGE    20.0000

 SPIN POLARIZED DFT SELECTED

 CAPPA:IS1 12;IS2 12;IS3 12; K PTS MONK NET 182; SYMMOPS:K SPACE  12;G SPACE   6

 *******************************************************************************
 MAX NUMBER OF SCF CYCLES     800  CONVERGENCE ON DELTAP        10**-19
 WEIGHT OF F(I) IN F(I+1)      30% CONVERGENCE ON ENERGY        10**- 9
 SHRINK. FACT.(MONKH.)   12 12 12  NUMBER OF K POINTS IN THE IBZ    182
 SHRINKING FACTOR(GILAT NET)   24  NUMBER OF K POINTS(GILAT NET)   1274
 *******************************************************************************
 *** K POINTS COORDINATES (OBLIQUE COORDINATES IN UNITS OF IS = 12)
   1-R(  0  0  0)   2-C(  1  0  0)   3-C(  2  0  0)   4-C(  3  0  0)
   5-C(  4  0  0)   6-C(  5  0  0)   7-R(  6  0  0)   8-C(  1  1  0)
   9-C(  2  1  0)  10-C(  3  1  0)  11-C(  4  1  0)  12-C(  5  1  0)
  13-C(  6  1  0)  14-C(  7  1  0)  15-C(  8  1  0)  16-C(  9  1  0)
  17-C(  2  2  0)  18-C(  3  2  0)  19-C(  4  2  0)  20-C(  5  2  0)
  21-C(  6  2  0)  22-C(  7  2  0)  23-C(  3  3  0)  24-C(  4  3  0)
  25-C(  5  3  0)  26-C(  4  4  0)  27-C(  0  0  1)  28-C(  1  0  1)
  29-C(  2  0  1)  30-C(  3  0  1)  31-C(  4  0  1)  32-C(  5  0  1)
  33-C(  6  0  1)  34-C(  1  1  1)  35-C(  2  1  1)  36-C(  3  1  1)
  37-C(  4  1  1)  38-C(  5  1  1)  39-C(  6  1  1)  40-C(  7  1  1)
  41-C(  8  1  1)  42-C(  9  1  1)  43-C(  2  2  1)  44-C(  3  2  1)
  45-C(  4  2  1)  46-C(  5  2  1)  47-C(  6  2  1)  48-C(  7  2  1)
  49-C(  3  3  1)  50-C(  4  3  1)  51-C(  5  3  1)  52-C(  4  4  1)
  53-C(  0  0  2)  54-C(  1  0  2)  55-C(  2  0  2)  56-C(  3  0  2)
  57-C(  4  0  2)  58-C(  5  0  2)  59-C(  6  0  2)  60-C(  1  1  2)
  61-C(  2  1  2)  62-C(  3  1  2)  63-C(  4  1  2)  64-C(  5  1  2)
  65-C(  6  1  2)  66-C(  7  1  2)  67-C(  8  1  2)  68-C(  9  1  2)
  69-C(  2  2  2)  70-C(  3  2  2)  71-C(  4  2  2)  72-C(  5  2  2)
  73-C(  6  2  2)  74-C(  7  2  2)  75-C(  3  3  2)  76-C(  4  3  2)
  77-C(  5  3  2)  78-C(  4  4  2)  79-C(  0  0  3)  80-C(  1  0  3)
  81-C(  2  0  3)  82-C(  3  0  3)  83-C(  4  0  3)  84-C(  5  0  3)
  85-C(  6  0  3)  86-C(  1  1  3)  87-C(  2  1  3)  88-C(  3  1  3)
  89-C(  4  1  3)  90-C(  5  1  3)  91-C(  6  1  3)  92-C(  7  1  3)
  93-C(  8  1  3)  94-C(  9  1  3)  95-C(  2  2  3)  96-C(  3  2  3)
  97-C(  4  2  3)  98-C(  5  2  3)  99-C(  6  2  3) 100-C(  7  2  3)
 101-C(  3  3  3) 102-C(  4  3  3) 103-C(  5  3  3) 104-C(  4  4  3)
 105-C(  0  0  4) 106-C(  1  0  4) 107-C(  2  0  4) 108-C(  3  0  4)
 109-C(  4  0  4) 110-C(  5  0  4) 111-C(  6  0  4) 112-C(  1  1  4)
 113-C(  2  1  4) 114-C(  3  1  4) 115-C(  4  1  4) 116-C(  5  1  4)
 117-C(  6  1  4) 118-C(  7  1  4) 119-C(  8  1  4) 120-C(  9  1  4)
 121-C(  2  2  4) 122-C(  3  2  4) 123-C(  4  2  4) 124-C(  5  2  4)
 125-C(  6  2  4) 126-C(  7  2  4) 127-C(  3  3  4) 128-C(  4  3  4)
 129-C(  5  3  4) 130-C(  4  4  4) 131-C(  0  0  5) 132-C(  1  0  5)
 133-C(  2  0  5) 134-C(  3  0  5) 135-C(  4  0  5) 136-C(  5  0  5)
 137-C(  6  0  5) 138-C(  1  1  5) 139-C(  2  1  5) 140-C(  3  1  5)
 141-C(  4  1  5) 142-C(  5  1  5) 143-C(  6  1  5) 144-C(  7  1  5)
 145-C(  8  1  5) 146-C(  9  1  5) 147-C(  2  2  5) 148-C(  3  2  5)
 149-C(  4  2  5) 150-C(  5  2  5) 151-C(  6  2  5) 152-C(  7  2  5)
 153-C(  3  3  5) 154-C(  4  3  5) 155-C(  5  3  5) 156-C(  4  4  5)
 157-R(  0  0  6) 158-C(  1  0  6) 159-C(  2  0  6) 160-C(  3  0  6)
 161-C(  4  0  6) 162-C(  5  0  6) 163-R(  6  0  6) 164-C(  1  1  6)
 165-C(  2  1  6) 166-C(  3  1  6) 167-C(  4  1  6) 168-C(  5  1  6)
 169-C(  6  1  6) 170-C(  7  1  6) 171-C(  8  1  6) 172-C(  9  1  6)
 173-C(  2  2  6) 174-C(  3  2  6) 175-C(  4  2  6) 176-C(  5  2  6)
 177-C(  6  2  6) 178-C(  7  2  6) 179-C(  3  3  6) 180-C(  4  3  6)
 181-C(  5  3  6) 182-C(  4  4  6)

 DIRECT LATTICE VECTORS COMPON. (A.U.)     RECIP. LATTICE VECTORS COMPON. (A.U.) 
        X            Y            Z              X            Y            Z
   12.1518352   -7.0158654    0.0000000      0.5170565    0.0000000    0.0000000
    0.0000000   14.0317307    0.0000000      0.2585282    0.4477841    0.0000000
    0.0000000    0.0000000    6.9709762      0.0000000    0.0000000    0.9013351

 DISK SPACE FOR EIGENVECTORS (FTN 10)    37791360 REALS

 SYMMETRY ADAPTION OF THE BLOCH FUNCTIONS ENABLED
 TTTTTTTTTTTTTTTTTTTTTTTTTTTTTT gordsh1     TELAPSE        1.79 TCPU        0.71

 MATRIX SIZE: P(G) 1244376, F(G)  142200, P(G) IRR  105364, F(G) IRR   24055
 MAX G-VECTOR INDEX FOR 1- AND 2-ELECTRON INTEGRALS 245

 TTTTTTTTTTTTTTTTTTTTTTTTTTTTTT INPUT       TELAPSE        1.80 TCPU        0.72

 NEIGHBORS OF THE NON-EQUIVALENT ATOMS

 N = NUMBER OF NEIGHBORS AT DISTANCE R
    ATOM  N     R/ANG      R/AU   NEIGHBORS (ATOM LABELS AND CELL INDICES)
   1 C    1     1.5190     2.8705   18 C    0 0 0
   1 C    1     1.5220     2.8762   10 C    0 0-1
   1 C    1     1.5315     2.8941   15 C    1 0 0
   1 C    1     1.5495     2.9282    7 C    1 0 0
   1 C    1     2.3218     4.3876   18 C    0 0-1
   1 C    1     2.3812     4.4998   11 C    1 0 0

   7 C    1     1.3364     2.5254   17 C    0 0-1
   7 C    1     1.5220     2.8762    3 C    0 0 0
   7 C    1     1.5495     2.9282    1 C   -1 0 0
   7 C    2     2.3349     4.4123    9 C    0 1 0   10 C   -1 0-1
   7 C    1     2.3812     4.4998    6 C    0 1 0
   7 C    1     2.4246     4.5819   16 C    0 1 0

  13 C    1     1.3364     2.5254   12 C    0 0 1
  13 C    1     1.5190     2.8705    5 C    0 0 0
  13 C    1     1.5315     2.8941    4 C    1 1 0
  13 C    1     2.3218     4.3876    5 C    0 0 1
  13 C    2     2.3774     4.4927   14 C    1 1 0   14 C    1 1 1
  13 C    1     2.4246     4.5819    9 C    1 1 0


 SYMMETRY ALLOWED INTERNAL DEGREE(S) OF FREEDOM:   8
 TTTTTTTTTTTTTTTTTTTTTTTTTTTTTT SYMM        TELAPSE        1.85 TCPU        0.76
 TTTTTTTTTTTTTTTTTTTTTTTTTTTTTT INT_SCREEN  TELAPSE        1.85 TCPU        0.76

 DFT PARAMETERS

     ATOM       ELECTRONS   NET CHARGE   R(ANGSTROM)
   1   6  C       6.0000      0.0000     0.77000000

 SIZE OF GRID=      90754
 TTTTTTTTTTTTTTTTTTTTTTTTTTTTTT MAKE_GRID2  TELAPSE        2.11 TCPU        1.01
 BECKE WEIGHT FUNCTION
 RADSAFE =     2.00
 TOLERANCES - DENSITY:10**- 6; POTENTIAL:10**- 9; GRID WGT:10**-14

 RADIAL INTEGRATION  - INTERVALS (POINTS,UPPER LIMIT):            1( 75,  4.0*R)

 ANGULAR INTEGRATION - INTERVALS (ACCURACY LEVEL [N. POINTS] UPPER LIMIT):
  1(  4[  86]   0.2)  2(  8[ 194]   0.5)  3( 12[ 350]   0.9)  4( 16[ 974]   3.5)
  5( 12[ 350]9999.0)
 TTTTTTTTTTTTTTTTTTTTTTTTTTTTTT INT_CALC    TELAPSE        2.13 TCPU        1.03
 EEEEEEEEEE INT_CALC TERMINATION  DATE 30 01 2026 TIME 21:25:27.7

 *******************************************************************************
 ./3^2,4T51-CA_rev1_sp_B3LYP-D3-D3_optimized                                     
 CRYSTAL - SCF - TYPE OF CALCULATION :  UNRESTRICTED OPEN SHELL
 *******************************************************************************

 CAPPA:IS1 12;IS2 12;IS3 12; K PTS MONK NET 182; SYMMOPS:K SPACE  12;G SPACE   6

 TTTTTTTTTTTTTTTTTTTTTTTTTTTTTT SDIK        TELAPSE        2.57 TCPU        1.37

 AAAAAAAAAAAAAAAAAAAAAAAAAAAAAAAAAAAAAAAAAAAAAAAAAAAAAAAAAAAAAAAAAAAAAAAAAAAAAAA
         ATOMIC WAVEFUNCTION(S)


 NUCLEAR CHARGE  6.0  SYMMETRY SPECIES            S    P
 N. ELECTRONS    6.0  NUMBER OF PRIMITIVE GTOS   10    6
                      NUMBER OF CONTRACTED GTOS   4    3
                      NUMBER OF CLOSED SHELLS     2    0
                      OPEN SHELL OCCUPATION       0    2

  ZNUC  SCFIT    TOTAL HF ENERGY   KINETIC ENERGY   VIRIAL THEOREM ACCURACY
   6.0    10    -3.766702350E+01  3.783137943E+01 -1.995655566E+00  1.6E-06

 AAAAAAAAAAAAAAAAAAAAAAAAAAAAAAAAAAAAAAAAAAAAAAAAAAAAAAAAAAAAAAAAAAAAAAAAAAAAAAA

 CHARGE NORMALIZATION FACTOR   1.00000000
 TOTAL ATOMIC CHARGES:
   6.0000000   6.0000000   6.0000000   6.0000000   6.0000000   6.0000000
   6.0000000   6.0000000   6.0000000   6.0000000   6.0000000   6.0000000
   6.0000000   6.0000000   6.0000000   6.0000000   6.0000000   6.0000000
 SUMMED SPIN DENSITY           0.00000000
 TOTAL ATOMIC SPINS  :
   0.0000000   0.0000000   0.0000000   0.0000000   0.0000000   0.0000000
   0.0000000   0.0000000   0.0000000   0.0000000   0.0000000   0.0000000
   0.0000000   0.0000000   0.0000000   0.0000000   0.0000000   0.0000000
 TTTTTTTTTTTTTTTTTTTTTTTTTTTTTT MOQGAD      TELAPSE        2.58 TCPU        1.38
 TTTTTTTTTTTTTTTTTTTTTTTTTTTTTT SHELLXN     TELAPSE       18.02 TCPU       16.82
 TTTTTTTTTTTTTTTTTTTTTTTTTTTTTT MONMO3      TELAPSE       18.06 TCPU       16.85
 NUMERICALLY INTEGRATED DENSITY     54.0000204338     54.0000204338
 TTTTTTTTTTTTTTTTTTTTTTTTTTTTTT NUMDFT      TELAPSE       18.48 TCPU       17.28
 CYC   0 ETOT(AU) -6.907586795763E+02 DETOT -6.91E+02 tst  0.00E+00 PX  1.00E+00
 TTTTTTTTTTTTTTTTTTTTTTTTTTTTTT DIIS        TELAPSE       18.57 TCPU       17.35
 TTTTTTTTTTTTTTTTTTTTTTTTTTTTTT FDIK        TELAPSE       24.77 TCPU       23.40

    ALPHA      ELECTRONS
 INSULATING STATE
 TOP OF VALENCE BANDS -    BAND     54; K    7; EIG -2.3223813E-01 AU
 TOP OF VALENCE BANDS -    BAND     54; K    1; EIG -2.5454936E-01 AU
 BOTTOM OF VIRTUAL BANDS - BAND     55; K    1; EIG -1.3313608E-01 AU
 INDIRECT ENERGY BAND GAP:   2.6967 eV

    BETA       ELECTRONS
 INSULATING STATE
 TOP OF VALENCE BANDS -    BAND     54; K    7; EIG -2.3223813E-01 AU
 TOP OF VALENCE BANDS -    BAND     54; K    1; EIG -2.5454936E-01 AU
 BOTTOM OF VIRTUAL BANDS - BAND     55; K    1; EIG -1.3313608E-01 AU
 INDIRECT ENERGY BAND GAP:   2.6967 eV
 TTTTTTTTTTTTTTTTTTTTTTTTTTTTTT PDIG        TELAPSE       25.12 TCPU       23.76
 CHARGE NORMALIZATION FACTOR   1.00000000
 TOTAL ATOMIC CHARGES:
   5.9248450   5.9248450   5.9248450   5.9248450   5.9248450   5.9248450
   6.0302885   6.0302885   6.0302885   6.0302885   6.0302885   6.0302885
   6.0448665   6.0448665   6.0448665   6.0448665   6.0448665   6.0448665
 SUMMED SPIN DENSITY           0.00000000
 TOTAL ATOMIC SPINS  :
   0.0000000   0.0000000   0.0000000   0.0000000   0.0000000   0.0000000
  -0.0000000  -0.0000000  -0.0000000  -0.0000000  -0.0000000  -0.0000000
   0.0000000   0.0000000   0.0000000   0.0000000   0.0000000   0.0000000
 TTTTTTTTTTTTTTTTTTTTTTTTTTTTTT MOQGAD      TELAPSE       25.13 TCPU       23.76
 TTTTTTTTTTTTTTTTTTTTTTTTTTTTTT SHELLXN     TELAPSE       41.24 TCPU       39.87
 TTTTTTTTTTTTTTTTTTTTTTTTTTTTTT MONMO3      TELAPSE       41.27 TCPU       39.90
 NUMERICALLY INTEGRATED DENSITY     54.0000139007     54.0000139007
 TTTTTTTTTTTTTTTTTTTTTTTTTTTTTT NUMDFT      TELAPSE       41.71 TCPU       40.34
 CYC   1 ETOT(AU) -6.852939608257E+02 DETOT  5.46E+00 tst  0.00E+00 PX  1.00E+00
 TTTTTTTTTTTTTTTTTTTTTTTTTTTTTT DIIS        TELAPSE       41.79 TCPU       40.41
 DIIS TEST: 0.57293E+00 AT SCF   CYCLE   1 - MIX   30 %
 TTTTTTTTTTTTTTTTTTTTTTTTTTTTTT FDIK        TELAPSE       44.39 TCPU       43.01

    ALPHA      ELECTRONS
 INSULATING STATE
 TOP OF VALENCE BANDS -    BAND     54; K    7; EIG -1.7460246E-01 AU
 TOP OF VALENCE BANDS -    BAND     54; K    1; EIG -1.9834984E-01 AU
 BOTTOM OF VIRTUAL BANDS - BAND     55; K    1; EIG -5.1268047E-02 AU
 INDIRECT ENERGY BAND GAP:   3.3561 eV

    BETA       ELECTRONS
 INSULATING STATE
 TOP OF VALENCE BANDS -    BAND     54; K    7; EIG -1.7460246E-01 AU
 TOP OF VALENCE BANDS -    BAND     54; K    1; EIG -1.9834984E-01 AU
 BOTTOM OF VIRTUAL BANDS - BAND     55; K    1; EIG -5.1268047E-02 AU
 INDIRECT ENERGY BAND GAP:   3.3561 eV
 TTTTTTTTTTTTTTTTTTTTTTTTTTTTTT PDIG        TELAPSE       44.73 TCPU       43.35
 CHARGE NORMALIZATION FACTOR   1.00000000
 TOTAL ATOMIC CHARGES:
   6.0428039   6.0428039   6.0428039   6.0428039   6.0428039   6.0428039
   5.9942054   5.9942054   5.9942054   5.9942054   5.9942054   5.9942054
   5.9629906   5.9629906   5.9629906   5.9629906   5.9629906   5.9629906
 SUMMED SPIN DENSITY           0.00000000
 TOTAL ATOMIC SPINS  :
  -0.0000000  -0.0000000  -0.0000000  -0.0000000  -0.0000000  -0.0000000
  -0.0000000  -0.0000000  -0.0000000  -0.0000000  -0.0000000  -0.0000000
   0.0000000   0.0000000   0.0000000   0.0000000   0.0000000   0.0000000
 TTTTTTTTTTTTTTTTTTTTTTTTTTTTTT MOQGAD      TELAPSE       44.73 TCPU       43.35
 TTTTTTTTTTTTTTTTTTTTTTTTTTTTTT SHELLXN     TELAPSE       60.74 TCPU       59.35
 TTTTTTTTTTTTTTTTTTTTTTTTTTTTTT MONMO3      TELAPSE       60.77 TCPU       59.39
 NUMERICALLY INTEGRATED DENSITY     54.0000135598     54.0000135598
 TTTTTTTTTTTTTTTTTTTTTTTTTTTTTT NUMDFT      TELAPSE       61.20 TCPU       59.81
 CYC   2 ETOT(AU) -6.853409120504E+02 DETOT -4.70E-02 tst  3.59E-04 PX  7.21E-02
 TTTTTTTTTTTTTTTTTTTTTTTTTTTTTT DIIS        TELAPSE       61.28 TCPU       59.89
 DIIS TEST: 0.87792E-01 AT SCF   CYCLE   2 - DIIS ACTIVE - HISTORY:     2 CYCLES
 TTTTTTTTTTTTTTTTTTTTTTTTTTTTTT FDIK        TELAPSE       63.68 TCPU       62.28

    ALPHA      ELECTRONS
 INSULATING STATE
 TOP OF VALENCE BANDS -    BAND     54; K    7; EIG -1.6864026E-01 AU
 TOP OF VALENCE BANDS -    BAND     54; K    1; EIG -1.9069203E-01 AU
 BOTTOM OF VIRTUAL BANDS - BAND     55; K    1; EIG -3.4017892E-02 AU
 INDIRECT ENERGY BAND GAP:   3.6633 eV

    BETA       ELECTRONS
 INSULATING STATE
 TOP OF VALENCE BANDS -    BAND     54; K    7; EIG -1.6864026E-01 AU
 TOP OF VALENCE BANDS -    BAND     54; K    1; EIG -1.9069203E-01 AU
 BOTTOM OF VIRTUAL BANDS - BAND     55; K    1; EIG -3.4017892E-02 AU
 INDIRECT ENERGY BAND GAP:   3.6633 eV
 TTTTTTTTTTTTTTTTTTTTTTTTTTTTTT PDIG        TELAPSE       64.01 TCPU       62.61
 CHARGE NORMALIZATION FACTOR   1.00000000
 TOTAL ATOMIC CHARGES:
   5.9575147   5.9575147   5.9575147   5.9575147   5.9575147   5.9575147
   6.0082195   6.0082195   6.0082195   6.0082195   6.0082195   6.0082195
   6.0342657   6.0342657   6.0342657   6.0342657   6.0342657   6.0342657
 SUMMED SPIN DENSITY           0.00000000
 TOTAL ATOMIC SPINS  :
   0.0000000   0.0000000   0.0000000   0.0000000   0.0000000   0.0000000
   0.0000000   0.0000000   0.0000000   0.0000000   0.0000000   0.0000000
  -0.0000000  -0.0000000  -0.0000000  -0.0000000  -0.0000000  -0.0000000
 TTTTTTTTTTTTTTTTTTTTTTTTTTTTTT MOQGAD      TELAPSE       64.02 TCPU       62.62
 TTTTTTTTTTTTTTTTTTTTTTTTTTTTTT SHELLXN     TELAPSE       80.07 TCPU       78.66
 TTTTTTTTTTTTTTTTTTTTTTTTTTTTTT MONMO3      TELAPSE       80.11 TCPU       78.70
 NUMERICALLY INTEGRATED DENSITY     54.0000135527     54.0000135527
 TTTTTTTTTTTTTTTTTTTTTTTTTTTTTT NUMDFT      TELAPSE       80.56 TCPU       79.14
 CYC   3 ETOT(AU) -6.853453101719E+02 DETOT -4.40E-03 tst  6.65E-05 PX  3.18E-02
 TTTTTTTTTTTTTTTTTTTTTTTTTTTTTT DIIS        TELAPSE       80.63 TCPU       79.22
 DIIS TEST: 0.22955E-01 AT SCF   CYCLE   3 - DIIS ACTIVE - HISTORY:     3 CYCLES
 TTTTTTTTTTTTTTTTTTTTTTTTTTTTTT FDIK        TELAPSE       83.15 TCPU       81.73

    ALPHA      ELECTRONS
 INSULATING STATE
 TOP OF VALENCE BANDS -    BAND     54; K    7; EIG -1.7399328E-01 AU
 TOP OF VALENCE BANDS -    BAND     54; K    1; EIG -1.9593734E-01 AU
 BOTTOM OF VIRTUAL BANDS - BAND     55; K    1; EIG -3.7873943E-02 AU
 INDIRECT ENERGY BAND GAP:   3.7040 eV

    BETA       ELECTRONS
 INSULATING STATE
 TOP OF VALENCE BANDS -    BAND     54; K    7; EIG -1.7399328E-01 AU
 TOP OF VALENCE BANDS -    BAND     54; K    1; EIG -1.9593734E-01 AU
 BOTTOM OF VIRTUAL BANDS - BAND     55; K    1; EIG -3.7873943E-02 AU
 INDIRECT ENERGY BAND GAP:   3.7040 eV
 TTTTTTTTTTTTTTTTTTTTTTTTTTTTTT PDIG        TELAPSE       83.48 TCPU       82.06
 CHARGE NORMALIZATION FACTOR   1.00000000
 TOTAL ATOMIC CHARGES:
   5.9861984   5.9861984   5.9861984   5.9861984   5.9861984   5.9861984
   6.0173267   6.0173267   6.0173267   6.0173267   6.0173267   6.0173267
   5.9964748   5.9964748   5.9964748   5.9964748   5.9964748   5.9964748
 SUMMED SPIN DENSITY           0.00000000
 TOTAL ATOMIC SPINS  :
   0.0000000   0.0000000   0.0000000   0.0000000   0.0000000   0.0000000
  -0.0000000  -0.0000000  -0.0000000  -0.0000000  -0.0000000  -0.0000000
  -0.0000000  -0.0000000  -0.0000000  -0.0000000  -0.0000000  -0.0000000
 TTTTTTTTTTTTTTTTTTTTTTTTTTTTTT MOQGAD      TELAPSE       83.48 TCPU       82.07
 TTTTTTTTTTTTTTTTTTTTTTTTTTTTTT SHELLXN     TELAPSE       99.57 TCPU       98.15
 TTTTTTTTTTTTTTTTTTTTTTTTTTTTTT MONMO3      TELAPSE       99.60 TCPU       98.18
 NUMERICALLY INTEGRATED DENSITY     54.0000135939     54.0000135939
 TTTTTTTTTTTTTTTTTTTTTTTTTTTTTT NUMDFT      TELAPSE      100.02 TCPU       98.60
 CYC   4 ETOT(AU) -6.853467196744E+02 DETOT -1.41E-03 tst  1.87E-05 PX  1.29E-02
 TTTTTTTTTTTTTTTTTTTTTTTTTTTTTT DIIS        TELAPSE      100.09 TCPU       98.67
 DIIS TEST: 0.26936E-02 AT SCF   CYCLE   4 - DIIS ACTIVE - HISTORY:     4 CYCLES
 TTTTTTTTTTTTTTTTTTTTTTTTTTTTTT FDIK        TELAPSE      102.55 TCPU      101.12

    ALPHA      ELECTRONS
 INSULATING STATE
 TOP OF VALENCE BANDS -    BAND     54; K    7; EIG -1.7344235E-01 AU
 TOP OF VALENCE BANDS -    BAND     54; K    1; EIG -1.9512895E-01 AU
 BOTTOM OF VIRTUAL BANDS - BAND     55; K    1; EIG -3.7435012E-02 AU
 INDIRECT ENERGY BAND GAP:   3.7009 eV

    BETA       ELECTRONS
 INSULATING STATE
 TOP OF VALENCE BANDS -    BAND     54; K    7; EIG -1.7344235E-01 AU
 TOP OF VALENCE BANDS -    BAND     54; K    1; EIG -1.9512895E-01 AU
 BOTTOM OF VIRTUAL BANDS - BAND     55; K    1; EIG -3.7435012E-02 AU
 INDIRECT ENERGY BAND GAP:   3.7009 eV
 TTTTTTTTTTTTTTTTTTTTTTTTTTTTTT PDIG        TELAPSE      102.88 TCPU      101.45
 CHARGE NORMALIZATION FACTOR   1.00000000
 TOTAL ATOMIC CHARGES:
   5.9876018   5.9876018   5.9876018   5.9876018   5.9876018   5.9876018
   6.0029391   6.0029391   6.0029391   6.0029391   6.0029391   6.0029391
   6.0094591   6.0094591   6.0094591   6.0094591   6.0094591   6.0094591
 SUMMED SPIN DENSITY           0.00000000
 TOTAL ATOMIC SPINS  :
   0.0000000   0.0000000   0.0000000   0.0000000   0.0000000   0.0000000
  -0.0000000  -0.0000000  -0.0000000  -0.0000000  -0.0000000  -0.0000000
   0.0000000   0.0000000   0.0000000   0.0000000   0.0000000   0.0000000
 TTTTTTTTTTTTTTTTTTTTTTTTTTTTTT MOQGAD      TELAPSE      102.88 TCPU      101.45
 TTTTTTTTTTTTTTTTTTTTTTTTTTTTTT SHELLXN     TELAPSE      118.90 TCPU      117.47
 TTTTTTTTTTTTTTTTTTTTTTTTTTTTTT MONMO3      TELAPSE      118.94 TCPU      117.50
 NUMERICALLY INTEGRATED DENSITY     54.0000135525     54.0000135525
 TTTTTTTTTTTTTTTTTTTTTTTTTTTTTT NUMDFT      TELAPSE      119.37 TCPU      117.93
 CYC   5 ETOT(AU) -6.853468292523E+02 DETOT -1.10E-04 tst  4.08E-06 PX  2.56E-03
 TTTTTTTTTTTTTTTTTTTTTTTTTTTTTT DIIS        TELAPSE      119.45 TCPU      118.01
 DIIS TEST: 0.85193E-03 AT SCF   CYCLE   5 - DIIS ACTIVE - HISTORY:     5 CYCLES
 TTTTTTTTTTTTTTTTTTTTTTTTTTTTTT FDIK        TELAPSE      121.87 TCPU      120.43

    ALPHA      ELECTRONS
 INSULATING STATE
 TOP OF VALENCE BANDS -    BAND     54; K    7; EIG -1.7336482E-01 AU
 TOP OF VALENCE BANDS -    BAND     54; K    1; EIG -1.9521501E-01 AU
 BOTTOM OF VIRTUAL BANDS - BAND     55; K    1; EIG -3.7144865E-02 AU
 INDIRECT ENERGY BAND GAP:   3.7067 eV

    BETA       ELECTRONS
 INSULATING STATE
 TOP OF VALENCE BANDS -    BAND     54; K    7; EIG -1.7336482E-01 AU
 TOP OF VALENCE BANDS -    BAND     54; K    1; EIG -1.9521501E-01 AU
 BOTTOM OF VIRTUAL BANDS - BAND     55; K    1; EIG -3.7144865E-02 AU
 INDIRECT ENERGY BAND GAP:   3.7067 eV
 TTTTTTTTTTTTTTTTTTTTTTTTTTTTTT PDIG        TELAPSE      122.20 TCPU      120.76
 CHARGE NORMALIZATION FACTOR   1.00000000
 TOTAL ATOMIC CHARGES:
   5.9847838   5.9847838   5.9847838   5.9847838   5.9847838   5.9847838
   6.0095919   6.0095919   6.0095919   6.0095919   6.0095919   6.0095919
   6.0056243   6.0056243   6.0056243   6.0056243   6.0056243   6.0056243
 SUMMED SPIN DENSITY           0.00000000
 TOTAL ATOMIC SPINS  :
   0.0000000   0.0000000   0.0000000   0.0000000   0.0000000   0.0000000
  -0.0000000  -0.0000000  -0.0000000  -0.0000000  -0.0000000  -0.0000000
   0.0000000   0.0000000   0.0000000   0.0000000   0.0000000   0.0000000
 TTTTTTTTTTTTTTTTTTTTTTTTTTTTTT MOQGAD      TELAPSE      122.21 TCPU      120.76
 TTTTTTTTTTTTTTTTTTTTTTTTTTTTTT SHELLXN     TELAPSE      138.27 TCPU      136.82
 TTTTTTTTTTTTTTTTTTTTTTTTTTTTTT MONMO3      TELAPSE      138.30 TCPU      136.85
 NUMERICALLY INTEGRATED DENSITY     54.0000135592     54.0000135592
 TTTTTTTTTTTTTTTTTTTTTTTTTTTTTT NUMDFT      TELAPSE      138.74 TCPU      137.30
 CYC   6 ETOT(AU) -6.853468733791E+02 DETOT -4.41E-05 tst  5.45E-07 PX  1.07E-03
 TTTTTTTTTTTTTTTTTTTTTTTTTTTTTT DIIS        TELAPSE      138.82 TCPU      137.37
 DIIS TEST: 0.12602E-04 AT SCF   CYCLE   6 - DIIS ACTIVE - HISTORY:     6 CYCLES
 TTTTTTTTTTTTTTTTTTTTTTTTTTTTTT FDIK        TELAPSE      141.37 TCPU      139.91

    ALPHA      ELECTRONS
 INSULATING STATE
 TOP OF VALENCE BANDS -    BAND     54; K    7; EIG -1.7341590E-01 AU
 TOP OF VALENCE BANDS -    BAND     54; K    1; EIG -1.9521408E-01 AU
 BOTTOM OF VIRTUAL BANDS - BAND     55; K    1; EIG -3.7203045E-02 AU
 INDIRECT ENERGY BAND GAP:   3.7065 eV

    BETA       ELECTRONS
 INSULATING STATE
 TOP OF VALENCE BANDS -    BAND     54; K    7; EIG -1.7341590E-01 AU
 TOP OF VALENCE BANDS -    BAND     54; K    1; EIG -1.9521408E-01 AU
 BOTTOM OF VIRTUAL BANDS - BAND     55; K    1; EIG -3.7203045E-02 AU
 INDIRECT ENERGY BAND GAP:   3.7065 eV
 TTTTTTTTTTTTTTTTTTTTTTTTTTTTTT PDIG        TELAPSE      141.70 TCPU      140.24
 CHARGE NORMALIZATION FACTOR   1.00000000
 TOTAL ATOMIC CHARGES:
   5.9848714   5.9848714   5.9848714   5.9848714   5.9848714   5.9848714
   6.0090467   6.0090467   6.0090467   6.0090467   6.0090467   6.0090467
   6.0060819   6.0060819   6.0060819   6.0060819   6.0060819   6.0060819
 SUMMED SPIN DENSITY           0.00000000
 TOTAL ATOMIC SPINS  :
   0.0000000   0.0000000   0.0000000   0.0000000   0.0000000   0.0000000
  -0.0000000  -0.0000000  -0.0000000  -0.0000000  -0.0000000  -0.0000000
  -0.0000000  -0.0000000  -0.0000000  -0.0000000  -0.0000000  -0.0000000
 TTTTTTTTTTTTTTTTTTTTTTTTTTTTTT MOQGAD      TELAPSE      141.70 TCPU      140.25
 TTTTTTTTTTTTTTTTTTTTTTTTTTTTTT SHELLXN     TELAPSE      157.76 TCPU      156.30
 TTTTTTTTTTTTTTTTTTTTTTTTTTTTTT MONMO3      TELAPSE      157.79 TCPU      156.34
 NUMERICALLY INTEGRATED DENSITY     54.0000135604     54.0000135604
 TTTTTTTTTTTTTTTTTTTTTTTTTTTTTT NUMDFT      TELAPSE      158.20 TCPU      156.74
 CYC   7 ETOT(AU) -6.853468741894E+02 DETOT -8.10E-07 tst  1.52E-08 PX  2.57E-04
 TTTTTTTTTTTTTTTTTTTTTTTTTTTTTT DIIS        TELAPSE      158.28 TCPU      156.82
 DIIS TEST: 0.36549E-06 AT SCF   CYCLE   7 - DIIS ACTIVE - HISTORY:     7 CYCLES
 TTTTTTTTTTTTTTTTTTTTTTTTTTTTTT FDIK        TELAPSE      160.79 TCPU      159.32

    ALPHA      ELECTRONS
 INSULATING STATE
 TOP OF VALENCE BANDS -    BAND     54; K    7; EIG -1.7340717E-01 AU
 TOP OF VALENCE BANDS -    BAND     54; K    1; EIG -1.9521152E-01 AU
 BOTTOM OF VIRTUAL BANDS - BAND     55; K    1; EIG -3.7190874E-02 AU
 INDIRECT ENERGY BAND GAP:   3.7066 eV

    BETA       ELECTRONS
 INSULATING STATE
 TOP OF VALENCE BANDS -    BAND     54; K    7; EIG -1.7340717E-01 AU
 TOP OF VALENCE BANDS -    BAND     54; K    1; EIG -1.9521152E-01 AU
 BOTTOM OF VIRTUAL BANDS - BAND     55; K    1; EIG -3.7190874E-02 AU
 INDIRECT ENERGY BAND GAP:   3.7066 eV
 TTTTTTTTTTTTTTTTTTTTTTTTTTTTTT PDIG        TELAPSE      161.12 TCPU      159.66
 CHARGE NORMALIZATION FACTOR   1.00000000
 TOTAL ATOMIC CHARGES:
   5.9848590   5.9848590   5.9848590   5.9848590   5.9848590   5.9848590
   6.0091220   6.0091220   6.0091220   6.0091220   6.0091220   6.0091220
   6.0060190   6.0060190   6.0060190   6.0060190   6.0060190   6.0060190
 SUMMED SPIN DENSITY           0.00000000
 TOTAL ATOMIC SPINS  :
  -0.0000000  -0.0000000  -0.0000000  -0.0000000  -0.0000000  -0.0000000
   0.0000000   0.0000000   0.0000000   0.0000000   0.0000000   0.0000000
  -0.0000000  -0.0000000  -0.0000000  -0.0000000  -0.0000000  -0.0000000
 TTTTTTTTTTTTTTTTTTTTTTTTTTTTTT MOQGAD      TELAPSE      161.13 TCPU      159.66
 TTTTTTTTTTTTTTTTTTTTTTTTTTTTTT SHELLXN     TELAPSE      177.22 TCPU      175.74
 TTTTTTTTTTTTTTTTTTTTTTTTTTTTTT MONMO3      TELAPSE      177.25 TCPU      175.78
 NUMERICALLY INTEGRATED DENSITY     54.0000135603     54.0000135603
 TTTTTTTTTTTTTTTTTTTTTTTTTTTTTT NUMDFT      TELAPSE      177.68 TCPU      176.21
 CYC   8 ETOT(AU) -6.853468742829E+02 DETOT -9.35E-08 tst  1.61E-10 PX  5.65E-05
 TTTTTTTTTTTTTTTTTTTTTTTTTTTTTT DIIS        TELAPSE      177.76 TCPU      176.28
 DIIS TEST: 0.24672E-07 AT SCF   CYCLE   8 - DIIS ACTIVE - HISTORY:     8 CYCLES
 TTTTTTTTTTTTTTTTTTTTTTTTTTTTTT FDIK        TELAPSE      180.31 TCPU      178.83

    ALPHA      ELECTRONS
 INSULATING STATE
 TOP OF VALENCE BANDS -    BAND     54; K    7; EIG -1.7341026E-01 AU
 TOP OF VALENCE BANDS -    BAND     54; K    1; EIG -1.9521266E-01 AU
 BOTTOM OF VIRTUAL BANDS - BAND     55; K    1; EIG -3.7193041E-02 AU
 INDIRECT ENERGY BAND GAP:   3.7067 eV

    BETA       ELECTRONS
 INSULATING STATE
 TOP OF VALENCE BANDS -    BAND     54; K    7; EIG -1.7341026E-01 AU
 TOP OF VALENCE BANDS -    BAND     54; K    1; EIG -1.9521266E-01 AU
 BOTTOM OF VIRTUAL BANDS - BAND     55; K    1; EIG -3.7193041E-02 AU
 INDIRECT ENERGY BAND GAP:   3.7067 eV
 TTTTTTTTTTTTTTTTTTTTTTTTTTTTTT PDIG        TELAPSE      180.64 TCPU      179.16
 CHARGE NORMALIZATION FACTOR   1.00000000
 TOTAL ATOMIC CHARGES:
   5.9848559   5.9848559   5.9848559   5.9848559   5.9848559   5.9848559
   6.0091049   6.0091049   6.0091049   6.0091049   6.0091049   6.0091049
   6.0060392   6.0060392   6.0060392   6.0060392   6.0060392   6.0060392
 SUMMED SPIN DENSITY           0.00000000
 TOTAL ATOMIC SPINS  :
  -0.0000000  -0.0000000  -0.0000000  -0.0000000  -0.0000000  -0.0000000
   0.0000000   0.0000000   0.0000000   0.0000000   0.0000000   0.0000000
   0.0000000   0.0000000   0.0000000   0.0000000   0.0000000   0.0000000
 TTTTTTTTTTTTTTTTTTTTTTTTTTTTTT MOQGAD      TELAPSE      180.64 TCPU      179.16
 TTTTTTTTTTTTTTTTTTTTTTTTTTTTTT SHELLXN     TELAPSE      196.53 TCPU      195.04
 TTTTTTTTTTTTTTTTTTTTTTTTTTTTTT MONMO3      TELAPSE      196.56 TCPU      195.07
 NUMERICALLY INTEGRATED DENSITY     54.0000135603     54.0000135603
 TTTTTTTTTTTTTTTTTTTTTTTTTTTTTT NUMDFT      TELAPSE      196.99 TCPU      195.51
 CYC   9 ETOT(AU) -6.853468742743E+02 DETOT  8.66E-09 tst  3.34E-11 PX  8.82E-06
 TTTTTTTTTTTTTTTTTTTTTTTTTTTTTT DIIS        TELAPSE      197.06 TCPU      195.58
 DIIS TEST: 0.76908E-10 AT SCF   CYCLE   9 - DIIS ACTIVE - HISTORY:     9 CYCLES
 TTTTTTTTTTTTTTTTTTTTTTTTTTTTTT FDIK        TELAPSE      199.31 TCPU      197.82

    ALPHA      ELECTRONS
 INSULATING STATE
 TOP OF VALENCE BANDS -    BAND     54; K    7; EIG -1.7341012E-01 AU
 TOP OF VALENCE BANDS -    BAND     54; K    1; EIG -1.9521246E-01 AU
 BOTTOM OF VIRTUAL BANDS - BAND     55; K    1; EIG -3.7192792E-02 AU
 INDIRECT ENERGY BAND GAP:   3.7067 eV

    BETA       ELECTRONS
 INSULATING STATE
 TOP OF VALENCE BANDS -    BAND     54; K    7; EIG -1.7341012E-01 AU
 TOP OF VALENCE BANDS -    BAND     54; K    1; EIG -1.9521246E-01 AU
 BOTTOM OF VIRTUAL BANDS - BAND     55; K    1; EIG -3.7192792E-02 AU
 INDIRECT ENERGY BAND GAP:   3.7067 eV
 TTTTTTTTTTTTTTTTTTTTTTTTTTTTTT PDIG        TELAPSE      199.65 TCPU      198.16
 CHARGE NORMALIZATION FACTOR   1.00000000
 TOTAL ATOMIC CHARGES:
   5.9848552   5.9848552   5.9848552   5.9848552   5.9848552   5.9848552
   6.0091052   6.0091052   6.0091052   6.0091052   6.0091052   6.0091052
   6.0060396   6.0060396   6.0060396   6.0060396   6.0060396   6.0060396
 SUMMED SPIN DENSITY           0.00000000
 TOTAL ATOMIC SPINS  :
  -0.0000000  -0.0000000  -0.0000000  -0.0000000  -0.0000000  -0.0000000
   0.0000000   0.0000000   0.0000000   0.0000000   0.0000000   0.0000000
   0.0000000   0.0000000   0.0000000   0.0000000   0.0000000   0.0000000
 TTTTTTTTTTTTTTTTTTTTTTTTTTTTTT MOQGAD      TELAPSE      199.65 TCPU      198.16
 TTTTTTTTTTTTTTTTTTTTTTTTTTTTTT SHELLXN     TELAPSE      215.67 TCPU      214.18
 TTTTTTTTTTTTTTTTTTTTTTTTTTTTTT MONMO3      TELAPSE      215.70 TCPU      214.21
 NUMERICALLY INTEGRATED DENSITY     54.0000135603     54.0000135603
 TTTTTTTTTTTTTTTTTTTTTTTTTTTTTT NUMDFT      TELAPSE      216.10 TCPU      214.60
 CYC  10 ETOT(AU) -6.853468742736E+02 DETOT  6.11E-10 tst  5.06E-13 PX  7.29E-07
 TTTTTTTTTTTTTTTTTTTTTTTTTTTTTT DIIS        TELAPSE      216.18 TCPU      214.68
 DIIS TEST: 0.53077E-11 AT SCF   CYCLE  10 - DIIS ACTIVE - HISTORY:    10 CYCLES
 TTTTTTTTTTTTTTTTTTTTTTTTTTTTTT FDIK        TELAPSE      217.80 TCPU      216.30

    ALPHA      ELECTRONS
 INSULATING STATE
 TOP OF VALENCE BANDS -    BAND     54; K    7; EIG -1.7341013E-01 AU
 TOP OF VALENCE BANDS -    BAND     54; K    1; EIG -1.9521245E-01 AU
 BOTTOM OF VIRTUAL BANDS - BAND     55; K    1; EIG -3.7192763E-02 AU
 INDIRECT ENERGY BAND GAP:   3.7067 eV

    BETA       ELECTRONS
 INSULATING STATE
 TOP OF VALENCE BANDS -    BAND     54; K    7; EIG -1.7341013E-01 AU
 TOP OF VALENCE BANDS -    BAND     54; K    1; EIG -1.9521245E-01 AU
 BOTTOM OF VIRTUAL BANDS - BAND     55; K    1; EIG -3.7192763E-02 AU
 INDIRECT ENERGY BAND GAP:   3.7067 eV
 TTTTTTTTTTTTTTTTTTTTTTTTTTTTTT PDIG        TELAPSE      218.13 TCPU      216.62
 CHARGE NORMALIZATION FACTOR   1.00000000
 TOTAL ATOMIC CHARGES:
   5.9848551   5.9848551   5.9848551   5.9848551   5.9848551   5.9848551
   6.0091052   6.0091052   6.0091052   6.0091052   6.0091052   6.0091052
   6.0060397   6.0060397   6.0060397   6.0060397   6.0060397   6.0060397
 SUMMED SPIN DENSITY           0.00000000
 TOTAL ATOMIC SPINS  :
  -0.0000000  -0.0000000  -0.0000000  -0.0000000  -0.0000000  -0.0000000
   0.0000000   0.0000000   0.0000000   0.0000000   0.0000000   0.0000000
   0.0000000   0.0000000   0.0000000   0.0000000   0.0000000   0.0000000
 TTTTTTTTTTTTTTTTTTTTTTTTTTTTTT MOQGAD      TELAPSE      218.13 TCPU      216.63
 TTTTTTTTTTTTTTTTTTTTTTTTTTTTTT SHELLXN     TELAPSE      234.19 TCPU      232.69
 +++ ENERGIES IN A.U. +++
 ::: EXT EL-POLE                                  -2.1106607429206E+03
 ::: EXT EL-SPHEROPOLE                             1.8284585935239E+01
 ::: BIELET ZONE E-E                               2.3559328317970E+03
 ::: TOTAL E-E                                     2.6355667481157E+02
 ::: TOTAL E-N + N-E                              -1.4724442838266E+03
 ::: TOTAL N-N                                    -8.0746701023166E+01
 ::: KINETIC ENERGY                                6.8332142384729E+02
 ::: PSEUDO TOTAL   ENERGY                        -6.0631288619095E+02
 ::: VIRIAL COEFFICIENT                            1.0597134684282E+00
 TTTTTTTTTTTTTTTTTTTTTTTTTTTTTT MONMO3      TELAPSE      234.22 TCPU      232.72
 NUMERICALLY INTEGRATED DENSITY     54.0000135603     54.0000135603
 EXCHANGE ENERGY: -0.745196267146E+02  CORRELATION ENERGY: -0.451436136815E+01
 TTTTTTTTTTTTTTTTTTTTTTTTTTTTTT NUMDFT      TELAPSE      234.66 TCPU      233.16
 CYC  11 ETOT(AU) -6.853468742737E+02 DETOT -7.38E-11 tst  1.84E-14 PX  7.29E-07

 == SCF ENDED - CONVERGENCE ON ENERGY      E(AU) -6.8534687427372E+02 CYCLES  11


 ENERGY EXPRESSION=HARTREE+FOCK EXCH*0.20000+(BECKE      EXCH)*0.80000+LYP        CORR


 TOTAL ENERGY(DFT)(AU)( 11) -6.8534687427372E+02 DE-7.4E-11 tester 1.8E-14
 TTTTTTTTTTTTTTTTTTTTTTTTTTTTTT EDFT        TELAPSE      234.68 TCPU      233.16
 
 INFORMATION **** DFTD3 ENERGY **** CALCULATE DFTD3 ENERGY

           DFT-D V3(BJ)
 DF                                         b3-lyp    
 parameters
 s6       :    1.0000
 s8       :    1.9889
 a1       :    0.3981
 a2       :    4.4211
 k1 k3    :   16.0000   -4.0000
 Cutoff   :   50.2022
 CN-Cutoff:   21.1671
 ABC-Cutoff:   21.1671
 
 Edisp /kcal,au:   -89.0593 -0.14192501

 E6    /kcal :   -42.2488
 E8    /kcal :   -46.8105
 
 INFORMATION **** DFTD3 ENERGY **** NORMAL TERMINATION OF DFTD3 MODULE

 *******************************************************************************

 DFT-D3 DISPERSION ENERGY CORRECTION

 D3 DISPERSION ENERGY (AU)       -1.4192501258500E-01
 TOTAL ENERGY + DISP (AU)        -6.8548879928630E+02

 *******************************************************************************


 NEIGHBORS OF THE NON-EQUIVALENT ATOMS

 N = NUMBER OF NEIGHBORS AT DISTANCE R
    ATOM  N     R/ANG      R/AU   NEIGHBORS (ATOM LABELS AND CELL INDICES)
   1 C    1     1.5190     2.8705   18 C    0 0 0
   1 C    1     1.5220     2.8762   10 C    0 0-1
   1 C    1     1.5315     2.8941   15 C    1 0 0
   1 C    1     1.5495     2.9282    7 C    1 0 0
   1 C    1     2.3218     4.3876   18 C    0 0-1
   1 C    1     2.3812     4.4998   11 C    1 0 0

   7 C    1     1.3364     2.5254   17 C    0 0-1
   7 C    1     1.5220     2.8762    3 C    0 0 0
   7 C    1     1.5495     2.9282    1 C   -1 0 0
   7 C    2     2.3349     4.4123    9 C    0 1 0   10 C   -1 0-1
   7 C    1     2.3812     4.4998    6 C    0 1 0
   7 C    1     2.4246     4.5819   16 C    0 1 0

  13 C    1     1.3364     2.5254   12 C    0 0 1
  13 C    1     1.5190     2.8705    5 C    0 0 0
  13 C    1     1.5315     2.8941    4 C    1 1 0
  13 C    1     2.3218     4.3876    5 C    0 0 1
  13 C    2     2.3774     4.4927   14 C    1 1 0   14 C    1 1 1
  13 C    1     2.4246     4.5819    9 C    1 1 0

 TTTTTTTTTTTTTTTTTTTTTTTTTTTTTT AFTER FIRST TELAPSE      234.75 TCPU      233.23
 MMMMMMMMMMMMMMMMMMMMMMMMMMMMMMMMMMMMMMMMMMMMMMMMMMMMMMMMMMMMMMMMMMMMMMMMMMMMMMM
     ALPHA+BETA ELECTRONS
 MULLIKEN POPULATION ANALYSIS - NO. OF ELECTRONS  108.000000

  ATOM    Z CHARGE  A.O. POPULATION

   1 C    6  5.985  0.853  1.122  0.755  0.438  0.422  0.445  0.449  0.000
                    0.007  0.012  0.489  0.474  0.471  0.013  0.008  0.009
                    0.011  0.007
   2 C    6  5.985  0.853  1.122  0.755  0.438  0.422  0.445  0.449  0.000
                    0.007  0.012  0.489  0.474  0.471  0.013  0.008  0.009
                    0.011  0.007
   3 C    6  5.985  0.853  1.122  0.755  0.438  0.449  0.418  0.449  0.008
                   -0.001  0.012  0.474  0.489  0.471  0.013  0.008  0.009
                    0.007  0.011
   4 C    6  5.985  0.853  1.122  0.755  0.438  0.429  0.438  0.449  0.002
                    0.005  0.012  0.481  0.482  0.471  0.013  0.010  0.007
                    0.009  0.009
   5 C    6  5.985  0.853  1.122  0.755  0.438  0.429  0.438  0.449  0.002
                    0.005  0.012  0.481  0.482  0.471  0.013  0.010  0.007
                    0.009  0.009
   6 C    6  5.985  0.853  1.122  0.755  0.438  0.449  0.418  0.449  0.008
                   -0.001  0.012  0.474  0.489  0.471  0.013  0.008  0.009
                    0.007  0.011
   7 C    6  6.009  0.854  1.120  0.762  0.500  0.441  0.408  0.483 -0.003
                   -0.044  0.001  0.438  0.574  0.437  0.008  0.010  0.009
                    0.007  0.005
   8 C    6  6.009  0.854  1.120  0.762  0.500  0.441  0.408  0.483 -0.003
                   -0.044  0.001  0.438  0.574  0.437  0.008  0.010  0.009
                    0.007  0.005
   9 C    6  6.009  0.854  1.120  0.762  0.500  0.437  0.412  0.483 -0.011
                   -0.036  0.001  0.474  0.538  0.437  0.008  0.012  0.007
                    0.005  0.007
  10 C    6  6.009  0.854  1.120  0.762  0.500  0.395  0.453  0.483 -0.056
                    0.009  0.001  0.606  0.406  0.437  0.008  0.006  0.013
                    0.006  0.006
  11 C    6  6.009  0.854  1.120  0.762  0.500  0.395  0.453  0.483 -0.056
                    0.009  0.001  0.606  0.406  0.437  0.008  0.006  0.013
                    0.006  0.006
  12 C    6  6.009  0.854  1.120  0.762  0.500  0.437  0.412  0.483 -0.011
                   -0.036  0.001  0.474  0.538  0.437  0.008  0.012  0.007
                    0.005  0.007
  13 C    6  6.006  0.854  1.121  0.762  0.434  0.434  0.434  0.482 -0.031
                   -0.039  0.005  0.527  0.573  0.413  0.011  0.009  0.008
                    0.004  0.005
  14 C    6  6.006  0.854  1.121  0.762  0.434  0.434  0.434  0.482 -0.031
                   -0.039  0.005  0.527  0.573  0.413  0.011  0.009  0.008
                    0.004  0.005
  15 C    6  6.006  0.854  1.121  0.762  0.434  0.406  0.462  0.482 -0.068
                   -0.001  0.005  0.652  0.448  0.413  0.011  0.007  0.010
                    0.006  0.004
  16 C    6  6.006  0.854  1.121  0.762  0.434  0.462  0.406  0.482 -0.005
                   -0.064  0.005  0.471  0.628  0.413  0.011  0.010  0.007
                    0.005  0.005
  17 C    6  6.006  0.854  1.121  0.762  0.434  0.462  0.406  0.482 -0.005
                   -0.064  0.005  0.471  0.628  0.413  0.011  0.010  0.007
                    0.005  0.005
  18 C    6  6.006  0.854  1.121  0.762  0.434  0.406  0.462  0.482 -0.068
                   -0.001  0.005  0.652  0.448  0.413  0.011  0.007  0.010
                    0.006  0.004

  ATOM    Z CHARGE  SHELL POPULATION

   1 C    6  5.985  0.853  1.122  0.755  0.438  1.316  0.019  1.434  0.048
   2 C    6  5.985  0.853  1.122  0.755  0.438  1.316  0.019  1.434  0.048
   3 C    6  5.985  0.853  1.122  0.755  0.438  1.316  0.019  1.434  0.048
   4 C    6  5.985  0.853  1.122  0.755  0.438  1.316  0.019  1.434  0.048
   5 C    6  5.985  0.853  1.122  0.755  0.438  1.316  0.019  1.434  0.048
   6 C    6  5.985  0.853  1.122  0.755  0.438  1.316  0.019  1.434  0.048
   7 C    6  6.009  0.854  1.120  0.762  0.500  1.332 -0.046  1.448  0.039
   8 C    6  6.009  0.854  1.120  0.762  0.500  1.332 -0.046  1.448  0.039
   9 C    6  6.009  0.854  1.120  0.762  0.500  1.332 -0.046  1.448  0.039
  10 C    6  6.009  0.854  1.120  0.762  0.500  1.332 -0.046  1.448  0.039
  11 C    6  6.009  0.854  1.120  0.762  0.500  1.332 -0.046  1.448  0.039
  12 C    6  6.009  0.854  1.120  0.762  0.500  1.332 -0.046  1.448  0.039
  13 C    6  6.006  0.854  1.121  0.762  0.434  1.350 -0.065  1.513  0.037
  14 C    6  6.006  0.854  1.121  0.762  0.434  1.350 -0.065  1.513  0.037
  15 C    6  6.006  0.854  1.121  0.762  0.434  1.350 -0.065  1.513  0.037
  16 C    6  6.006  0.854  1.121  0.762  0.434  1.350 -0.065  1.513  0.037
  17 C    6  6.006  0.854  1.121  0.762  0.434  1.350 -0.065  1.513  0.037
  18 C    6  6.006  0.854  1.121  0.762  0.434  1.350 -0.065  1.513  0.037

 OVERLAP POPULATION CONDENSED TO ATOMS FOR FIRST   6 NEIGHBORS

 ATOM A   1 C    ATOM B     CELL      R(AB)/AU R(AB)/ANG    OVPOP(AB)
                 18 C    (  0  0  0)     2.871     1.519     0.321
                 10 C    (  0  0 -1)     2.876     1.522     0.322
                 15 C    (  1  0  0)     2.894     1.531     0.329
                  7 C    (  1  0  0)     2.928     1.550     0.304
                 18 C    (  0  0 -1)     4.388     2.322    -0.038
                 11 C    (  1  0  0)     4.500     2.381    -0.039

 ATOM A   7 C    ATOM B     CELL      R(AB)/AU R(AB)/ANG    OVPOP(AB)
                 17 C    (  0  0 -1)     2.525     1.336     0.517
                  3 C    (  0  0  0)     2.876     1.522     0.322
                  1 C    ( -1  0  0)     2.928     1.550     0.304
                  9 C    (  0  1  0)     4.412     2.335    -0.030
                  6 C    (  0  1  0)     4.500     2.381    -0.039
                 16 C    (  0  1  0)     4.582     2.425    -0.032

 ATOM A  13 C    ATOM B     CELL      R(AB)/AU R(AB)/ANG    OVPOP(AB)
                 12 C    (  0  0  1)     2.525     1.336     0.517
                  5 C    (  0  0  0)     2.871     1.519     0.321
                  4 C    (  1  1  0)     2.894     1.531     0.329
                  5 C    (  0  0  1)     4.388     2.322    -0.038
                 14 C    (  1  1  0)     4.493     2.377    -0.034
                  9 C    (  1  1  0)     4.582     2.425    -0.032
 TTTTTTTTTTTTTTTTTTTTTTTTTTTTTT AFTER FIRST TELAPSE      235.85 TCPU      233.43
 MMMMMMMMMMMMMMMMMMMMMMMMMMMMMMMMMMMMMMMMMMMMMMMMMMMMMMMMMMMMMMMMMMMMMMMMMMMMMMM
     ALPHA-BETA ELECTRONS
 MULLIKEN POPULATION ANALYSIS - NO. OF ELECTRONS    0.000000

  ATOM    Z CHARGE  A.O. POPULATION

   1 C    6 -0.000 -0.000 -0.000  0.000 -0.000  0.000 -0.000  0.000 -0.000
                    0.000  0.000 -0.000 -0.000 -0.000 -0.000  0.000 -0.000
                    0.000 -0.000
   2 C    6 -0.000 -0.000 -0.000  0.000 -0.000  0.000 -0.000  0.000 -0.000
                    0.000  0.000 -0.000 -0.000 -0.000 -0.000  0.000 -0.000
                    0.000 -0.000
   3 C    6 -0.000 -0.000 -0.000  0.000 -0.000  0.000  0.000  0.000  0.000
                   -0.000  0.000 -0.000 -0.000 -0.000 -0.000 -0.000 -0.000
                   -0.000  0.000
   4 C    6 -0.000 -0.000 -0.000  0.000 -0.000 -0.000  0.000  0.000 -0.000
                    0.000  0.000 -0.000 -0.000 -0.000 -0.000 -0.000  0.000
                    0.000  0.000
   5 C    6 -0.000 -0.000 -0.000  0.000 -0.000 -0.000  0.000  0.000 -0.000
                    0.000  0.000 -0.000 -0.000 -0.000 -0.000 -0.000  0.000
                    0.000  0.000
   6 C    6 -0.000 -0.000 -0.000  0.000 -0.000  0.000  0.000  0.000  0.000
                   -0.000  0.000 -0.000 -0.000 -0.000 -0.000 -0.000 -0.000
                   -0.000  0.000
   7 C    6  0.000 -0.000  0.000 -0.000  0.000 -0.000 -0.000  0.000  0.000
                    0.000 -0.000  0.000  0.000  0.000 -0.000 -0.000 -0.000
                    0.000 -0.000
   8 C    6  0.000 -0.000  0.000 -0.000  0.000 -0.000 -0.000  0.000  0.000
                    0.000 -0.000  0.000  0.000  0.000 -0.000 -0.000 -0.000
                    0.000 -0.000
   9 C    6  0.000 -0.000  0.000 -0.000  0.000 -0.000 -0.000  0.000  0.000
                    0.000 -0.000  0.000  0.000  0.000 -0.000 -0.000 -0.000
                    0.000  0.000
  10 C    6  0.000 -0.000  0.000 -0.000  0.000 -0.000 -0.000  0.000 -0.000
                    0.000 -0.000  0.000  0.000  0.000 -0.000 -0.000 -0.000
                   -0.000  0.000
  11 C    6  0.000 -0.000  0.000 -0.000  0.000 -0.000 -0.000  0.000 -0.000
                    0.000 -0.000  0.000  0.000  0.000 -0.000 -0.000 -0.000
                   -0.000  0.000
  12 C    6  0.000 -0.000  0.000 -0.000  0.000 -0.000 -0.000  0.000  0.000
                    0.000 -0.000  0.000  0.000  0.000 -0.000 -0.000 -0.000
                    0.000  0.000
  13 C    6  0.000 -0.000  0.000 -0.000 -0.000  0.000 -0.000 -0.000 -0.000
                   -0.000 -0.000  0.000  0.000  0.000 -0.000  0.000  0.000
                   -0.000  0.000
  14 C    6  0.000 -0.000  0.000 -0.000 -0.000  0.000 -0.000 -0.000 -0.000
                   -0.000 -0.000  0.000  0.000  0.000 -0.000  0.000  0.000
                   -0.000  0.000
  15 C    6  0.000 -0.000  0.000 -0.000 -0.000 -0.000  0.000 -0.000 -0.000
                   -0.000 -0.000 -0.000  0.000  0.000 -0.000  0.000  0.000
                    0.000  0.000
  16 C    6  0.000 -0.000  0.000 -0.000 -0.000  0.000  0.000 -0.000 -0.000
                   -0.000 -0.000  0.000  0.000  0.000 -0.000  0.000 -0.000
                    0.000  0.000
  17 C    6  0.000 -0.000  0.000 -0.000 -0.000  0.000  0.000 -0.000 -0.000
                   -0.000 -0.000  0.000  0.000  0.000 -0.000  0.000 -0.000
                    0.000  0.000
  18 C    6  0.000 -0.000  0.000 -0.000 -0.000 -0.000  0.000 -0.000 -0.000
                   -0.000 -0.000 -0.000  0.000  0.000 -0.000  0.000  0.000
                    0.000  0.000

  ATOM    Z CHARGE  SHELL POPULATION

   1 C    6 -0.000 -0.000 -0.000  0.000 -0.000  0.000  0.000 -0.000 -0.000
   2 C    6 -0.000 -0.000 -0.000  0.000 -0.000  0.000  0.000 -0.000 -0.000
   3 C    6 -0.000 -0.000 -0.000  0.000 -0.000  0.000  0.000 -0.000 -0.000
   4 C    6 -0.000 -0.000 -0.000  0.000 -0.000  0.000  0.000 -0.000 -0.000
   5 C    6 -0.000 -0.000 -0.000  0.000 -0.000  0.000  0.000 -0.000 -0.000
   6 C    6 -0.000 -0.000 -0.000  0.000 -0.000  0.000  0.000 -0.000 -0.000
   7 C    6  0.000 -0.000  0.000 -0.000  0.000 -0.000  0.000  0.000 -0.000
   8 C    6  0.000 -0.000  0.000 -0.000  0.000 -0.000  0.000  0.000 -0.000
   9 C    6  0.000 -0.000  0.000 -0.000  0.000 -0.000  0.000  0.000 -0.000
  10 C    6  0.000 -0.000  0.000 -0.000  0.000 -0.000  0.000  0.000 -0.000
  11 C    6  0.000 -0.000  0.000 -0.000  0.000 -0.000  0.000  0.000 -0.000
  12 C    6  0.000 -0.000  0.000 -0.000  0.000 -0.000  0.000  0.000 -0.000
  13 C    6  0.000 -0.000  0.000 -0.000 -0.000  0.000 -0.000  0.000  0.000
  14 C    6  0.000 -0.000  0.000 -0.000 -0.000  0.000 -0.000  0.000  0.000
  15 C    6  0.000 -0.000  0.000 -0.000 -0.000  0.000 -0.000  0.000  0.000
  16 C    6  0.000 -0.000  0.000 -0.000 -0.000  0.000 -0.000  0.000  0.000
  17 C    6  0.000 -0.000  0.000 -0.000 -0.000  0.000 -0.000  0.000  0.000
  18 C    6  0.000 -0.000  0.000 -0.000 -0.000  0.000 -0.000  0.000  0.000

 OVERLAP POPULATION CONDENSED TO ATOMS FOR FIRST   6 NEIGHBORS

 ATOM A   1 C    ATOM B     CELL      R(AB)/AU R(AB)/ANG    OVPOP(AB)
                 18 C    (  0  0  0)     2.871     1.519    -0.000
                 10 C    (  0  0 -1)     2.876     1.522    -0.000
                 15 C    (  1  0  0)     2.894     1.531    -0.000
                  7 C    (  1  0  0)     2.928     1.550     0.000
                 18 C    (  0  0 -1)     4.388     2.322    -0.000
                 11 C    (  1  0  0)     4.500     2.381    -0.000

 ATOM A   7 C    ATOM B     CELL      R(AB)/AU R(AB)/ANG    OVPOP(AB)
                 17 C    (  0  0 -1)     2.525     1.336     0.000
                  3 C    (  0  0  0)     2.876     1.522    -0.000
                  1 C    ( -1  0  0)     2.928     1.550     0.000
                  9 C    (  0  1  0)     4.412     2.335    -0.000
                  6 C    (  0  1  0)     4.500     2.381    -0.000
                 16 C    (  0  1  0)     4.582     2.425     0.000

 ATOM A  13 C    ATOM B     CELL      R(AB)/AU R(AB)/ANG    OVPOP(AB)
                 12 C    (  0  0  1)     2.525     1.336     0.000
                  5 C    (  0  0  0)     2.871     1.519    -0.000
                  4 C    (  1  1  0)     2.894     1.531    -0.000
                  5 C    (  0  0  1)     4.388     2.322    -0.000
                 14 C    (  1  1  0)     4.493     2.377     0.000
                  9 C    (  1  1  0)     4.582     2.425     0.000
 EIGENVECTORS IN FORTRAN UNIT 10
 TTTTTTTTTTTTTTTTTTTTTTTTTTTTTT END         TELAPSE      236.43 TCPU      233.97
 EEEEEEEEEE TERMINATION  DATE 30 01 2026 TIME 21:29:22.0
NODE    0 CPU TIME =       233.966
NODE    1 CPU TIME =       234.095
NODE    2 CPU TIME =       234.034
NODE    3 CPU TIME =       234.757
NODE    4 CPU TIME =       234.477
NODE    5 CPU TIME =       234.259
NODE    6 CPU TIME =       234.449
NODE    7 CPU TIME =       234.188
NODE    8 CPU TIME =       234.261
NODE    9 CPU TIME =       234.145
NODE   10 CPU TIME =       234.265
NODE   11 CPU TIME =       234.480
NODE   12 CPU TIME =       234.953
NODE   13 CPU TIME =       234.652
NODE   14 CPU TIME =       234.602
NODE   15 CPU TIME =       234.421
NODE   16 CPU TIME =       234.295
NODE   17 CPU TIME =       234.221
NODE   18 CPU TIME =       234.488
NODE   19 CPU TIME =       234.285
NODE   20 CPU TIME =       234.409
NODE   21 CPU TIME =       234.327
NODE   22 CPU TIME =       234.276
NODE   23 CPU TIME =       234.327
NODE   24 CPU TIME =       235.266
NODE   25 CPU TIME =       234.275
NODE   26 CPU TIME =       234.251
NODE   27 CPU TIME =       234.424
NODE   28 CPU TIME =       234.214
NODE   29 CPU TIME =       233.978
NODE   30 CPU TIME =       234.173
NODE   31 CPU TIME =       234.014
    TOTAL CPU TIME =      7499.227
