MPI startup(): Warning: I_MPI_PMI_LIBRARY will be ignored since the hydra process manager was found
MPI startup(): Warning: I_MPI_PMI_LIBRARY will be ignored since the hydra process manager was found
MPI startup(): Warning: I_MPI_PMI_LIBRARY will be ignored since the hydra process manager was found
MPI startup(): Warning: I_MPI_PMI_LIBRARY will be ignored since the hydra process manager was found
MPI startup(): Warning: I_MPI_PMI_LIBRARY will be ignored since the hydra process manager was found
MPI startup(): Warning: I_MPI_PMI_LIBRARY will be ignored since the hydra process manager was found
MPI startup(): Warning: I_MPI_PMI_LIBRARY will be ignored since the hydra process manager was found
MPI startup(): Warning: I_MPI_PMI_LIBRARY will be ignored since the hydra process manager was found
MPI startup(): Warning: I_MPI_PMI_LIBRARY will be ignored since the hydra process manager was found
MPI startup(): Warning: I_MPI_PMI_LIBRARY will be ignored since the hydra process manager was found
MPI startup(): Warning: I_MPI_PMI_LIBRARY will be ignored since the hydra process manager was found
MPI startup(): Warning: I_MPI_PMI_LIBRARY will be ignored since the hydra process manager was found
MPI startup(): Warning: I_MPI_PMI_LIBRARY will be ignored since the hydra process manager was found
MPI startup(): Warning: I_MPI_PMI_LIBRARY will be ignored since the hydra process manager was found
MPI startup(): Warning: I_MPI_PMI_LIBRARY will be ignored since the hydra process manager was found
MPI startup(): Warning: I_MPI_PMI_LIBRARY will be ignored since the hydra process manager was found
MPI startup(): Warning: I_MPI_PMI_LIBRARY will be ignored since the hydra process manager was found
MPI startup(): Warning: I_MPI_PMI_LIBRARY will be ignored since the hydra process manager was found
MPI startup(): Warning: I_MPI_PMI_LIBRARY will be ignored since the hydra process manager was found
MPI startup(): Warning: I_MPI_PMI_LIBRARY will be ignored since the hydra process manager was found
MPI startup(): Warning: I_MPI_PMI_LIBRARY will be ignored since the hydra process manager was found
MPI startup(): Warning: I_MPI_PMI_LIBRARY will be ignored since the hydra process manager was found
MPI startup(): Warning: I_MPI_PMI_LIBRARY will be ignored since the hydra process manager was found
MPI startup(): Warning: I_MPI_PMI_LIBRARY will be ignored since the hydra process manager was found
MPI startup(): Warning: I_MPI_PMI_LIBRARY will be ignored since the hydra process manager was found
MPI startup(): Warning: I_MPI_PMI_LIBRARY will be ignored since the hydra process manager was found
MPI startup(): Warning: I_MPI_PMI_LIBRARY will be ignored since the hydra process manager was found
MPI startup(): Warning: I_MPI_PMI_LIBRARY will be ignored since the hydra process manager was found
MPI startup(): Warning: I_MPI_PMI_LIBRARY will be ignored since the hydra process manager was found
MPI startup(): Warning: I_MPI_PMI_LIBRARY will be ignored since the hydra process manager was found
MPI startup(): Warning: I_MPI_PMI_LIBRARY will be ignored since the hydra process manager was found
MPI startup(): Warning: I_MPI_PMI_LIBRARY will be ignored since the hydra process manager was found
 PROCESS            6  OF           32  WORKING
 PROCESS           10  OF           32  WORKING
 PROCESS            1  OF           32  WORKING
 PROCESS            4  OF           32  WORKING
 PROCESS           18  OF           32  WORKING
 PROCESS           19  OF           32  WORKING
 PROCESS           20  OF           32  WORKING
 PROCESS           23  OF           32  WORKING
 PROCESS           28  OF           32  WORKING
 PROCESS            8  OF           32  WORKING
 PROCESS           24  OF           32  WORKING
 PROCESS           26  OF           32  WORKING
 PROCESS           30  OF           32  WORKING
 PROCESS           15  OF           32  WORKING
 PROCESS           16  OF           32  WORKING
 PROCESS           17  OF           32  WORKING
 PROCESS           29  OF           32  WORKING
 PROCESS            5  OF           32  WORKING
 PROCESS           11  OF           32  WORKING
 PROCESS           21  OF           32  WORKING
 PROCESS            3  OF           32  WORKING
 PROCESS           22  OF           32  WORKING
 PROCESS            2  OF           32  WORKING
 PROCESS            7  OF           32  WORKING
 PROCESS            0  OF           32  WORKING
 PROCESS           31  OF           32  WORKING
 PROCESS           14  OF           32  WORKING
 PROCESS           27  OF           32  WORKING
 PROCESS           13  OF           32  WORKING
 PROCESS           25  OF           32  WORKING
 PROCESS           12  OF           32  WORKING

         
 *******************************************************************************
 *                                                                             *
 *                               CRYSTAL23                                     *
 *                      public : 1.0.1 - October 2022                          *
 *                       HTTP://WWW.CRYSTAL.UNITO.IT                           *
 *                                                                             *
 *                              MAIN AUTHORS                                   *
 *                                                                             *
 *  R. DOVESI(1,11), V.R. SAUNDERS(2), C. ROETTI(1,11), R. ORLANDO(1,11),      *
 *  C.M. ZICOVICH-WILSON(1,3), F. PASCALE(4), B. CIVALLERI(1,11),              *
 *  K. DOLL(5), N.M. HARRISON(6), I.J. BUSH(7), Ph. D'ARCO(8),                 *
 *  M. LLUNELL(9), M. CAUSA'(10), Y. NOEL(8), L. MASCHIO(1,11), A. ERBA(1,11)  *
 *  M. RE'RAT(14), S. CASASSA(1,11), B.G. SEARLE(2), J.K. DESMARAIS(1)         *
 *                                                                             *
 *        CONTRIBUTIONS TO THE CODE HAVE ALSO BEEN GIVEN BY                    *
 *                                                                             *
 *  M. FERRABONE(1,11), M. DE LA PIERRE(1,11), M. FERRERO(1,11),               *
 *  J. BAIMA(1,11), E. ALBANESE(1,11), M.F. PEINTINGER(12), R. BAST(13),       *
 *  B. KIRTMAN(15), V. LACIVITA(1,11), R. DEMICHELIS(1,16)                     *
 *  G. BRANDEBURG(17), S. SALUSTRO(1,11), G. SANSONE(1,11)                     *
 *  M.T. RUGGIERO(18), L.E. DAGA(1), L. DONA'(1), A. COSSARD(1)                *
 *                                                                             *
 * (1) THEORETICAL CHEMISTRY GROUP - UNIVERSITA' DI TORINO - TORINO (ITALY)    *
 * (2) SCIENTIFIC COMPUTING DEPARTMENT - STFC DARESBURY (UK)                   *
 * (3) UNIVERSIDAD AUTONOMA DEL ESTADO DE MORELOS - CUERNAVACA (MEXICO)        *
 * (4) UNIVERSITE' DE LORRAINE - NANCY (FRANCE)                                *
 * (5) UNIVERSITAET STUTTGART- STUTTGART (GERMANY)                             *
 * (6) IMPERIAL COLLEGE - LONDON (UK)                                          *
 * (7) SCIENTIFIC COMPUTING DEPARTMENT - STFC RAL (UK)                         *
 * (8) UPMC - SORBONNE UNIVERSITES - PARIS (FRANCE)                            *
 * (9) UNIVERSIDAD DE BARCELONA - BARCELONA (SPAIN)                            *
 *(10) UNIVERSITA' DI NAPOLI "FEDERICO II" - NAPOLI (ITALY)                    *
 *(11) NIS - NANOSTRUCTURED INTERFACES AND SURFACES - TORINO (ITALY)           *
 *(12) MPI FUER CHEMISCHE ENERGIEKONVERSION - MUELHEIM AN DER RUHR (GERMANY)   *
 *(13) UNIVERSITY OF TROMSO - TROMSO (NORWAY)                                  *
 *(14) UNIVERSITE' DE PAU ET DES PAYS DE L'ADOUR - PAU (FRANCE)                *
 *(15) UNIVERSITY OF CALIFORNIA SANTA BARBARA - SANTA BARBARA (USA)            *
 *(16) CURTIN UNIVERSITY - PERTH (AUSTRALIA)                                   *
 *(17) UNIVERSITY COLLEGE LONDON - LONDON (UK)                                 *
 *(18) UNIVERSITY OF VERMONT - BURLINGTON (USA)                                *
 *                                                                             *
 *******************************************************************************
 EEEEEEEEEE STARTING  DATE 30 01 2026 TIME 22:44:17.2
 ./3^2,4^6T21-CA_rev1_sp_B3LYP-D3-D3_optimized                                   

 CRYSTAL CALCULATION
 (INPUT ACCORDING TO THE INTERNATIONAL TABLES FOR X-RAY CRYSTALLOGRAPHY)
 CRYSTAL FAMILY                       :  TRICLINIC   
 CRYSTAL CLASS  (GROTH - 1921)        :  TRICLINIC PEDIAL                     

 SPACE GROUP (NONCENTROSYMMETRIC)     :  P 1             

 LATTICE PARAMETERS  (ANGSTROMS AND DEGREES) - CONVENTIONAL CELL
        A           B           C        ALPHA        BETA       GAMMA
     2.79158     4.02904     5.15583    73.43292    77.83307    77.24634


 NUMBER OF IRREDUCIBLE ATOMS IN THE CONVENTIONAL CELL:    8

 INPUT COORDINATES

 ATOM AT. N.              COORDINATES
   1   6    -1.478478438346E-01  3.821866488139E-01 -4.701237678953E-01
   2   6    -1.436813212395E-01  3.028220843033E-01  2.705850210431E-01
   3   6     2.623322215759E-01  4.354441398112E-02  1.714459651718E-01
   4   6    -3.572944973806E-02  1.534294296256E-01 -2.375363825398E-01
   5   6    -3.071009489294E-01 -2.689632539196E-01 -4.243440417401E-01
   6   6    -2.813100258759E-01 -2.869526779193E-02  3.004596697667E-01
   7   6     1.130098103768E-01 -2.426574441806E-01 -2.519810663117E-01
   8   6     5.436755766484E-02  3.634833891681E-01 -4.273539749478E-02

 *******************************************************************************

 << INFORMATION >>: FROM NOW ON, ALL COORDINATES REFER TO THE PRIMITIVE CELL

 *******************************************************************************

 LATTICE PARAMETERS  (ANGSTROMS AND DEGREES) - PRIMITIVE CELL
       A          B          C        ALPHA      BETA     GAMMA        VOLUME
    2.79158    4.02904    5.15583    73.43292  77.83307  77.24634     53.528986

 COORDINATES OF THE EQUIVALENT ATOMS (FRACTIONAL UNITS)

 N. ATOM EQUIV AT. N.          X                  Y                  Z

   1   1   1    6 C    -1.47847843835E-01  3.82186648814E-01 -4.70123767895E-01

   2   2   1    6 C    -1.43681321240E-01  3.02822084303E-01  2.70585021043E-01

   3   3   1    6 C     2.62332221576E-01  4.35444139811E-02  1.71445965172E-01

   4   4   1    6 C    -3.57294497381E-02  1.53429429626E-01 -2.37536382540E-01

   5   5   1    6 C    -3.07100948929E-01 -2.68963253920E-01 -4.24344041740E-01

   6   6   1    6 C    -2.81310025876E-01 -2.86952677919E-02  3.00459669767E-01

   7   7   1    6 C     1.13009810377E-01 -2.42657444181E-01 -2.51981066312E-01

   8   8   1    6 C     5.43675576648E-02  3.63483389168E-01 -4.27353974948E-02

 NUMBER OF SYMMETRY OPERATORS         :    1
 *******************************************************************************
 * GEOMETRY EDITING - INPUT COORDINATES ARE GIVEN IN ANGSTROM         
 *******************************************************************************

 GCALCO - MAX INDICES DIRECT LATTICE VECTOR    20    14    11
 NO.OF VECTORS CREATED 6999 STARS 3500 RMAX    84.57326 BOHR

 GEOMETRY FOR WAVE FUNCTION - DIMENSIONALITY OF THE SYSTEM    3
 (NON PERIODIC DIRECTION: LATTICE PARAMETER FORMALLY SET TO 500)
 *******************************************************************************
 LATTICE PARAMETERS (ANGSTROMS AND DEGREES) - BOHR = 0.5291772083 ANGSTROM
 PRIMITIVE CELL - CENTRING CODE 1/0 VOLUME=    53.528986 - DENSITY  2.978 g/cm^3
         A              B              C           ALPHA      BETA       GAMMA 
     2.79157716     4.02903878     5.15583483    73.432923  77.833074  77.246339
 *******************************************************************************
 ATOMS IN THE ASYMMETRIC UNIT    8 - ATOMS IN THE UNIT CELL:    8
     ATOM                 X/A                 Y/B                 Z/C    
 *******************************************************************************
      1 T   6 C    -1.478478438346E-01  3.821866488139E-01 -4.701237678953E-01
      2 T   6 C    -1.436813212395E-01  3.028220843033E-01  2.705850210431E-01
      3 T   6 C     2.623322215759E-01  4.354441398112E-02  1.714459651718E-01
      4 T   6 C    -3.572944973806E-02  1.534294296256E-01 -2.375363825398E-01
      5 T   6 C    -3.071009489294E-01 -2.689632539196E-01 -4.243440417401E-01
      6 T   6 C    -2.813100258759E-01 -2.869526779193E-02  3.004596697667E-01
      7 T   6 C     1.130098103768E-01 -2.426574441806E-01 -2.519810663117E-01
      8 T   6 C     5.436755766484E-02  3.634833891681E-01 -4.273539749478E-02

 T = ATOM BELONGING TO THE ASYMMETRIC UNIT

 ****    1 SYMMOPS - TRANSLATORS IN FRACTIONAL UNITS
 **** MATRICES AND TRANSLATORS IN THE CRYSTALLOGRAPHIC REFERENCE FRAME
   V INV                    ROTATION MATRICES                   TRANSLATORS
   1   1  1.00  0.00  0.00  0.00  1.00  0.00  0.00  0.00  1.00  0.00  0.00  0.00

 DIRECT LATTICE VECTORS CARTESIAN COMPONENTS (ANGSTROM)
          X                    Y                    Z
   0.272270397331E+01   0.616267891400E+00   0.000000000000E+00
   0.000000000000E+00   0.402903878000E+01   0.000000000000E+00
   0.781380712197E+00   0.147012264776E+01   0.487963281174E+01


 CARTESIAN COORDINATES - PRIMITIVE CELL
 *******************************************************************************
 *      ATOM          X(ANGSTROM)         Y(ANGSTROM)         Z(ANGSTROM)
 *******************************************************************************
    1     6 C    -7.698915564323E-01  7.575913518694E-01 -2.294031363400E+00
    2     6 C    -1.797717877763E-01  1.529328903804E+00  1.320355547047E+00
    3     6 C     8.482175523805E-01  5.891556538848E-01  8.365933570925E-01
    4     6 C    -2.828870625276E-01  2.469465936657E-01 -1.159090326223E+00
    5     6 C    -3.863385112108E-01 -4.266349731260E-01  2.808989702198E+00
    6     6 C    -5.311505344347E-01  1.527358820495E-01  1.466132863198E+00
    7     6 C     1.107991146808E-01 -1.278475007702E+00 -1.229575079111E+00
    8     6 C     1.146341499426E-01  1.435167375249E+00 -2.085330478382E-01

 *******************************************************************************
 LOCAL ATOMIC FUNCTIONS BASIS SET
 *******************************************************************************
   ATOM   X(AU)   Y(AU)   Z(AU)  N. TYPE  EXPONENT  S COEF   P COEF   D/F/G COEF
 *******************************************************************************
   1 C   -1.455   1.432  -4.335
                                  1 S  
                                         1.358E+04 2.225E-04 0.000E+00 0.000E+00
                                         2.035E+03 1.723E-03 0.000E+00 0.000E+00
                                         4.632E+02 8.926E-03 0.000E+00 0.000E+00
                                         1.312E+02 3.573E-02 0.000E+00 0.000E+00
                                         4.285E+01 1.108E-01 0.000E+00 0.000E+00
                                         1.558E+01 2.430E-01 0.000E+00 0.000E+00
                                  2 S  
                                         6.207E+00 4.144E-01 0.000E+00 0.000E+00
                                         2.576E+00 2.374E-01 0.000E+00 0.000E+00
                                  3 S  
                                         4.941E-01 1.000E+00 0.000E+00 0.000E+00
                                  4 S  
                                         1.644E-01 1.000E+00 0.000E+00 0.000E+00
                           5-     7 P  
                                         3.470E+01 0.000E+00 5.333E-03 0.000E+00
                                         7.958E+00 0.000E+00 3.586E-02 0.000E+00
                                         2.378E+00 0.000E+00 1.422E-01 0.000E+00
                                         8.143E-01 0.000E+00 3.427E-01 0.000E+00
                           8-    10 P  
                                         5.662E-01 0.000E+00 1.000E+00 0.000E+00
                          11-    13 P  
                                         2.674E-01 0.000E+00 1.000E+00 0.000E+00
                          14-    18 D  
                                         8.792E-01 0.000E+00 0.000E+00 1.000E+00
   2 C   -0.340   2.890   2.495
   3 C    1.603   1.113   1.581
   4 C   -0.535   0.467  -2.190
   5 C   -0.730  -0.806   5.308
   6 C   -1.004   0.289   2.771
   7 C    0.209  -2.416  -2.324
   8 C    0.217   2.712  -0.394
 INFORMATION **** SET_MPP **** PCRYSTAL CALCULATION
 INFORMATION **** READM2 **** NEW DEFAULT: FOCK/KS MATRIX MIXING SET TO 30 %
 INFORMATION **** READM2 **** NEW DEFAULT: FULL DIRECT SCF MODE
 INFORMATION **** READM2 **** NEW DEFAULT: COULOMB BIPOLAR BUFFER SET TO 32 Mb
 INFORMATION **** READM2 **** NEW DEFAULT: EXCHANGE BIPOLAR BUFFER SET TO 32 Mb

 *******************************************************************************
 NEW DEFAULT: DFT INTEGRATION GRID INCREASED TO XLGRID
 NEW DEFAULT: DIIS ACCELERATOR ACTIVE
 USE KEYWORD NODIIS TO TURN IT OFF
 *******************************************************************************

 INFORMATION **** DFTD3_INPUT **** PERFORM LATEST DISPERSION CORRECTION DFT-D3(BJ) WITH AUTOMATIC PARAMETER SETUP
 PLEASE CITE:
 (1) DFT-D3 Reference
  S. Grimme, J. Antony, S. Ehrlich, and H. Krieg, J. Chem. Phys. 132 (2010), 154104
 (2) BJ-Damping Reference
  S. Grimme, S. Ehrlich, and L. Goerigk, J. Comput. Chem. 32 (2011), 1456-1465
 (3) General DFT-D Review
  S. Grimme, A. Hansen, J. G. Brandenburg, and C. Bannwarth,
  Chem. Rev. 116 (2016), 5105-5154

 INFORMATION **** TOLINTEG **** COULOMB AND EXCHANGE SERIES TOLERANCES MODIFIED
 INFORMATION **** TOLDEE **** SCF TOL ON TOTAL ENERGY SET TO           9
 INFORMATION **** READM2 **** FULL DIRECT SCF (MONO AND BIEL INT) SELECTED
 INFORMATION **** BIPOSIZE **** COULOMB BIPOLAR BUFFER SET TO   110000000
 INFORMATION **** EXCHSIZE **** EXCHANGE BIPOLAR BUFFER SIZE SET TO   110000000
 INFORMATION **** MAXCYCLE **** MAX NUMBER OF SCF CYCLES SET TO         800
 INFORMATION **** DIIS **** DIIS FOR SCF ACTIVE
 INFORMATION **** DIIS **** LEVEL SHIFTER DISABLED
 INFORMATION **** PPAN ****  MULLIKEN POPULATION ANALYSIS AT THE END OF SCF
 *******************************************************************************
 N. OF ATOMS PER CELL         8  COULOMB OVERLAP TOL         (T1) 10**   -8
 NUMBER OF SHELLS            64  COULOMB PENETRATION TOL     (T2) 10**   -8
 NUMBER OF AO               144  EXCHANGE OVERLAP TOL        (T3) 10**   -8
 N. OF ELECTRONS PER CELL    48  EXCHANGE PSEUDO OVP (F(G))  (T4) 10**   -9
 CORE ELECTRONS PER CELL     16  EXCHANGE PSEUDO OVP (P(G))  (T5) 10**  -24
 N. OF SYMMETRY OPERATORS     1  POLE ORDER IN MONO ZONE                  4
 *******************************************************************************
 TYPE OF CALCULATION :  UNRESTRICTED OPEN SHELL
 KOHN-SHAM HAMILTONIAN

 (EXCHANGE)[CORRELATION] FUNCTIONAL:(BECKE 88)[LEE-YANG-PARR]

 NON-LOCAL WEIGHTING FACTOR (EXCHANGE) =           0.9000
 NON-LOCAL WEIGHTING FACTOR [CORRELATION] =        0.8100

 HYBRID EXCHANGE - PERCENTAGE OF FOCK EXCHANGE    20.0000

 SPIN POLARIZED DFT SELECTED

 CAPPA:IS1 15;IS2 10;IS3  8; K PTS MONK NET 602; SYMMOPS:K SPACE   2;G SPACE   1

 *******************************************************************************
 MAX NUMBER OF SCF CYCLES     800  CONVERGENCE ON DELTAP        10**-19
 WEIGHT OF F(I) IN F(I+1)      30% CONVERGENCE ON ENERGY        10**- 9
 SHRINK. FACT.(MONKH.)   15 10  8  NUMBER OF K POINTS IN THE IBZ    602
 SHRINKING FACTOR(GILAT NET)   30  NUMBER OF K POINTS(GILAT NET)   4804
 *******************************************************************************
 *** K POINTS COORDINATES (OBLIQUE COORDINATES IN UNITS OF IS = 15)
   1-R(  0  0  0)   2-C(  1  0  0)   3-C(  2  0  0)   4-C(  3  0  0)
   5-C(  4  0  0)   6-C(  5  0  0)   7-C(  6  0  0)   8-C(  7  0  0)
   9-C(  0  1  0)  10-C(  1  1  0)  11-C(  2  1  0)  12-C(  3  1  0)
  13-C(  4  1  0)  14-C(  5  1  0)  15-C(  6  1  0)  16-C(  7  1  0)
  17-C(  8  1  0)  18-C(  9  1  0)  19-C( 10  1  0)  20-C( 11  1  0)
  21-C( 12  1  0)  22-C( 13  1  0)  23-C( 14  1  0)  24-C(  0  2  0)
  25-C(  1  2  0)  26-C(  2  2  0)  27-C(  3  2  0)  28-C(  4  2  0)
  29-C(  5  2  0)  30-C(  6  2  0)  31-C(  7  2  0)  32-C(  8  2  0)
  33-C(  9  2  0)  34-C( 10  2  0)  35-C( 11  2  0)  36-C( 12  2  0)
  37-C( 13  2  0)  38-C( 14  2  0)  39-C(  0  3  0)  40-C(  1  3  0)
  41-C(  2  3  0)  42-C(  3  3  0)  43-C(  4  3  0)  44-C(  5  3  0)
  45-C(  6  3  0)  46-C(  7  3  0)  47-C(  8  3  0)  48-C(  9  3  0)
  49-C( 10  3  0)  50-C( 11  3  0)  51-C( 12  3  0)  52-C( 13  3  0)
  53-C( 14  3  0)  54-C(  0  4  0)  55-C(  1  4  0)  56-C(  2  4  0)
  57-C(  3  4  0)  58-C(  4  4  0)  59-C(  5  4  0)  60-C(  6  4  0)
  61-C(  7  4  0)  62-C(  8  4  0)  63-C(  9  4  0)  64-C( 10  4  0)
  65-C( 11  4  0)  66-C( 12  4  0)  67-C( 13  4  0)  68-C( 14  4  0)
  69-R(  0  5  0)  70-C(  1  5  0)  71-C(  2  5  0)  72-C(  3  5  0)
  73-C(  4  5  0)  74-C(  5  5  0)  75-C(  6  5  0)  76-C(  7  5  0)
  77-C(  0  0  1)  78-C(  1  0  1)  79-C(  2  0  1)  80-C(  3  0  1)
  81-C(  4  0  1)  82-C(  5  0  1)  83-C(  6  0  1)  84-C(  7  0  1)
  85-C(  8  0  1)  86-C(  9  0  1)  87-C( 10  0  1)  88-C( 11  0  1)
  89-C( 12  0  1)  90-C( 13  0  1)  91-C( 14  0  1)  92-C(  0  1  1)
  93-C(  1  1  1)  94-C(  2  1  1)  95-C(  3  1  1)  96-C(  4  1  1)
  97-C(  5  1  1)  98-C(  6  1  1)  99-C(  7  1  1) 100-C(  8  1  1)
 101-C(  9  1  1) 102-C( 10  1  1) 103-C( 11  1  1) 104-C( 12  1  1)
 105-C( 13  1  1) 106-C( 14  1  1) 107-C(  0  2  1) 108-C(  1  2  1)
 109-C(  2  2  1) 110-C(  3  2  1) 111-C(  4  2  1) 112-C(  5  2  1)
 113-C(  6  2  1) 114-C(  7  2  1) 115-C(  8  2  1) 116-C(  9  2  1)
 117-C( 10  2  1) 118-C( 11  2  1) 119-C( 12  2  1) 120-C( 13  2  1)
 121-C( 14  2  1) 122-C(  0  3  1) 123-C(  1  3  1) 124-C(  2  3  1)
 125-C(  3  3  1) 126-C(  4  3  1) 127-C(  5  3  1) 128-C(  6  3  1)
 129-C(  7  3  1) 130-C(  8  3  1) 131-C(  9  3  1) 132-C( 10  3  1)
 133-C( 11  3  1) 134-C( 12  3  1) 135-C( 13  3  1) 136-C( 14  3  1)
 137-C(  0  4  1) 138-C(  1  4  1) 139-C(  2  4  1) 140-C(  3  4  1)
 141-C(  4  4  1) 142-C(  5  4  1) 143-C(  6  4  1) 144-C(  7  4  1)
 145-C(  8  4  1) 146-C(  9  4  1) 147-C( 10  4  1) 148-C( 11  4  1)
 149-C( 12  4  1) 150-C( 13  4  1) 151-C( 14  4  1) 152-C(  0  5  1)
 153-C(  1  5  1) 154-C(  2  5  1) 155-C(  3  5  1) 156-C(  4  5  1)
 157-C(  5  5  1) 158-C(  6  5  1) 159-C(  7  5  1) 160-C(  8  5  1)
 161-C(  9  5  1) 162-C( 10  5  1) 163-C( 11  5  1) 164-C( 12  5  1)
 165-C( 13  5  1) 166-C( 14  5  1) 167-C(  0  6  1) 168-C(  1  6  1)
 169-C(  2  6  1) 170-C(  3  6  1) 171-C(  4  6  1) 172-C(  5  6  1)
 173-C(  6  6  1) 174-C(  7  6  1) 175-C(  8  6  1) 176-C(  9  6  1)
 177-C( 10  6  1) 178-C( 11  6  1) 179-C( 12  6  1) 180-C( 13  6  1)
 181-C( 14  6  1) 182-C(  0  7  1) 183-C(  1  7  1) 184-C(  2  7  1)
 185-C(  3  7  1) 186-C(  4  7  1) 187-C(  5  7  1) 188-C(  6  7  1)
 189-C(  7  7  1) 190-C(  8  7  1) 191-C(  9  7  1) 192-C( 10  7  1)
 193-C( 11  7  1) 194-C( 12  7  1) 195-C( 13  7  1) 196-C( 14  7  1)
 197-C(  0  8  1) 198-C(  1  8  1) 199-C(  2  8  1) 200-C(  3  8  1)
 201-C(  4  8  1) 202-C(  5  8  1) 203-C(  6  8  1) 204-C(  7  8  1)
 205-C(  8  8  1) 206-C(  9  8  1) 207-C( 10  8  1) 208-C( 11  8  1)
 209-C( 12  8  1) 210-C( 13  8  1) 211-C( 14  8  1) 212-C(  0  9  1)
 213-C(  1  9  1) 214-C(  2  9  1) 215-C(  3  9  1) 216-C(  4  9  1)
 217-C(  5  9  1) 218-C(  6  9  1) 219-C(  7  9  1) 220-C(  8  9  1)
 221-C(  9  9  1) 222-C( 10  9  1) 223-C( 11  9  1) 224-C( 12  9  1)
 225-C( 13  9  1) 226-C( 14  9  1) 227-C(  0  0  2) 228-C(  1  0  2)
 229-C(  2  0  2) 230-C(  3  0  2) 231-C(  4  0  2) 232-C(  5  0  2)
 233-C(  6  0  2) 234-C(  7  0  2) 235-C(  8  0  2) 236-C(  9  0  2)
 237-C( 10  0  2) 238-C( 11  0  2) 239-C( 12  0  2) 240-C( 13  0  2)
 241-C( 14  0  2) 242-C(  0  1  2) 243-C(  1  1  2) 244-C(  2  1  2)
 245-C(  3  1  2) 246-C(  4  1  2) 247-C(  5  1  2) 248-C(  6  1  2)
 249-C(  7  1  2) 250-C(  8  1  2) 251-C(  9  1  2) 252-C( 10  1  2)
 253-C( 11  1  2) 254-C( 12  1  2) 255-C( 13  1  2) 256-C( 14  1  2)
 257-C(  0  2  2) 258-C(  1  2  2) 259-C(  2  2  2) 260-C(  3  2  2)
 261-C(  4  2  2) 262-C(  5  2  2) 263-C(  6  2  2) 264-C(  7  2  2)
 265-C(  8  2  2) 266-C(  9  2  2) 267-C( 10  2  2) 268-C( 11  2  2)
 269-C( 12  2  2) 270-C( 13  2  2) 271-C( 14  2  2) 272-C(  0  3  2)
 273-C(  1  3  2) 274-C(  2  3  2) 275-C(  3  3  2) 276-C(  4  3  2)
 277-C(  5  3  2) 278-C(  6  3  2) 279-C(  7  3  2) 280-C(  8  3  2)
 281-C(  9  3  2) 282-C( 10  3  2) 283-C( 11  3  2) 284-C( 12  3  2)
 285-C( 13  3  2) 286-C( 14  3  2) 287-C(  0  4  2) 288-C(  1  4  2)
 289-C(  2  4  2) 290-C(  3  4  2) 291-C(  4  4  2) 292-C(  5  4  2)
 293-C(  6  4  2) 294-C(  7  4  2) 295-C(  8  4  2) 296-C(  9  4  2)
 297-C( 10  4  2) 298-C( 11  4  2) 299-C( 12  4  2) 300-C( 13  4  2)
 301-C( 14  4  2) 302-C(  0  5  2) 303-C(  1  5  2) 304-C(  2  5  2)
 305-C(  3  5  2) 306-C(  4  5  2) 307-C(  5  5  2) 308-C(  6  5  2)
 309-C(  7  5  2) 310-C(  8  5  2) 311-C(  9  5  2) 312-C( 10  5  2)
 313-C( 11  5  2) 314-C( 12  5  2) 315-C( 13  5  2) 316-C( 14  5  2)
 317-C(  0  6  2) 318-C(  1  6  2) 319-C(  2  6  2) 320-C(  3  6  2)
 321-C(  4  6  2) 322-C(  5  6  2) 323-C(  6  6  2) 324-C(  7  6  2)
 325-C(  8  6  2) 326-C(  9  6  2) 327-C( 10  6  2) 328-C( 11  6  2)
 329-C( 12  6  2) 330-C( 13  6  2) 331-C( 14  6  2) 332-C(  0  7  2)
 333-C(  1  7  2) 334-C(  2  7  2) 335-C(  3  7  2) 336-C(  4  7  2)
 337-C(  5  7  2) 338-C(  6  7  2) 339-C(  7  7  2) 340-C(  8  7  2)
 341-C(  9  7  2) 342-C( 10  7  2) 343-C( 11  7  2) 344-C( 12  7  2)
 345-C( 13  7  2) 346-C( 14  7  2) 347-C(  0  8  2) 348-C(  1  8  2)
 349-C(  2  8  2) 350-C(  3  8  2) 351-C(  4  8  2) 352-C(  5  8  2)
 353-C(  6  8  2) 354-C(  7  8  2) 355-C(  8  8  2) 356-C(  9  8  2)
 357-C( 10  8  2) 358-C( 11  8  2) 359-C( 12  8  2) 360-C( 13  8  2)
 361-C( 14  8  2) 362-C(  0  9  2) 363-C(  1  9  2) 364-C(  2  9  2)
 365-C(  3  9  2) 366-C(  4  9  2) 367-C(  5  9  2) 368-C(  6  9  2)
 369-C(  7  9  2) 370-C(  8  9  2) 371-C(  9  9  2) 372-C( 10  9  2)
 373-C( 11  9  2) 374-C( 12  9  2) 375-C( 13  9  2) 376-C( 14  9  2)
 377-C(  0  0  3) 378-C(  1  0  3) 379-C(  2  0  3) 380-C(  3  0  3)
 381-C(  4  0  3) 382-C(  5  0  3) 383-C(  6  0  3) 384-C(  7  0  3)
 385-C(  8  0  3) 386-C(  9  0  3) 387-C( 10  0  3) 388-C( 11  0  3)
 389-C( 12  0  3) 390-C( 13  0  3) 391-C( 14  0  3) 392-C(  0  1  3)
 393-C(  1  1  3) 394-C(  2  1  3) 395-C(  3  1  3) 396-C(  4  1  3)
 397-C(  5  1  3) 398-C(  6  1  3) 399-C(  7  1  3) 400-C(  8  1  3)
 401-C(  9  1  3) 402-C( 10  1  3) 403-C( 11  1  3) 404-C( 12  1  3)
 405-C( 13  1  3) 406-C( 14  1  3) 407-C(  0  2  3) 408-C(  1  2  3)
 409-C(  2  2  3) 410-C(  3  2  3) 411-C(  4  2  3) 412-C(  5  2  3)
 413-C(  6  2  3) 414-C(  7  2  3) 415-C(  8  2  3) 416-C(  9  2  3)
 417-C( 10  2  3) 418-C( 11  2  3) 419-C( 12  2  3) 420-C( 13  2  3)
 421-C( 14  2  3) 422-C(  0  3  3) 423-C(  1  3  3) 424-C(  2  3  3)
 425-C(  3  3  3) 426-C(  4  3  3) 427-C(  5  3  3) 428-C(  6  3  3)
 429-C(  7  3  3) 430-C(  8  3  3) 431-C(  9  3  3) 432-C( 10  3  3)
 433-C( 11  3  3) 434-C( 12  3  3) 435-C( 13  3  3) 436-C( 14  3  3)
 437-C(  0  4  3) 438-C(  1  4  3) 439-C(  2  4  3) 440-C(  3  4  3)
 441-C(  4  4  3) 442-C(  5  4  3) 443-C(  6  4  3) 444-C(  7  4  3)
 445-C(  8  4  3) 446-C(  9  4  3) 447-C( 10  4  3) 448-C( 11  4  3)
 449-C( 12  4  3) 450-C( 13  4  3) 451-C( 14  4  3) 452-C(  0  5  3)
 453-C(  1  5  3) 454-C(  2  5  3) 455-C(  3  5  3) 456-C(  4  5  3)
 457-C(  5  5  3) 458-C(  6  5  3) 459-C(  7  5  3) 460-C(  8  5  3)
 461-C(  9  5  3) 462-C( 10  5  3) 463-C( 11  5  3) 464-C( 12  5  3)
 465-C( 13  5  3) 466-C( 14  5  3) 467-C(  0  6  3) 468-C(  1  6  3)
 469-C(  2  6  3) 470-C(  3  6  3) 471-C(  4  6  3) 472-C(  5  6  3)
 473-C(  6  6  3) 474-C(  7  6  3) 475-C(  8  6  3) 476-C(  9  6  3)
 477-C( 10  6  3) 478-C( 11  6  3) 479-C( 12  6  3) 480-C( 13  6  3)
 481-C( 14  6  3) 482-C(  0  7  3) 483-C(  1  7  3) 484-C(  2  7  3)
 485-C(  3  7  3) 486-C(  4  7  3) 487-C(  5  7  3) 488-C(  6  7  3)
 489-C(  7  7  3) 490-C(  8  7  3) 491-C(  9  7  3) 492-C( 10  7  3)
 493-C( 11  7  3) 494-C( 12  7  3) 495-C( 13  7  3) 496-C( 14  7  3)
 497-C(  0  8  3) 498-C(  1  8  3) 499-C(  2  8  3) 500-C(  3  8  3)
 501-C(  4  8  3) 502-C(  5  8  3) 503-C(  6  8  3) 504-C(  7  8  3)
 505-C(  8  8  3) 506-C(  9  8  3) 507-C( 10  8  3) 508-C( 11  8  3)
 509-C( 12  8  3) 510-C( 13  8  3) 511-C( 14  8  3) 512-C(  0  9  3)
 513-C(  1  9  3) 514-C(  2  9  3) 515-C(  3  9  3) 516-C(  4  9  3)
 517-C(  5  9  3) 518-C(  6  9  3) 519-C(  7  9  3) 520-C(  8  9  3)
 521-C(  9  9  3) 522-C( 10  9  3) 523-C( 11  9  3) 524-C( 12  9  3)
 525-C( 13  9  3) 526-C( 14  9  3) 527-R(  0  0  4) 528-C(  1  0  4)
 529-C(  2  0  4) 530-C(  3  0  4) 531-C(  4  0  4) 532-C(  5  0  4)
 533-C(  6  0  4) 534-C(  7  0  4) 535-C(  0  1  4) 536-C(  1  1  4)
 537-C(  2  1  4) 538-C(  3  1  4) 539-C(  4  1  4) 540-C(  5  1  4)
 541-C(  6  1  4) 542-C(  7  1  4) 543-C(  8  1  4) 544-C(  9  1  4)
 545-C( 10  1  4) 546-C( 11  1  4) 547-C( 12  1  4) 548-C( 13  1  4)
 549-C( 14  1  4) 550-C(  0  2  4) 551-C(  1  2  4) 552-C(  2  2  4)
 553-C(  3  2  4) 554-C(  4  2  4) 555-C(  5  2  4) 556-C(  6  2  4)
 557-C(  7  2  4) 558-C(  8  2  4) 559-C(  9  2  4) 560-C( 10  2  4)
 561-C( 11  2  4) 562-C( 12  2  4) 563-C( 13  2  4) 564-C( 14  2  4)
 565-C(  0  3  4) 566-C(  1  3  4) 567-C(  2  3  4) 568-C(  3  3  4)
 569-C(  4  3  4) 570-C(  5  3  4) 571-C(  6  3  4) 572-C(  7  3  4)
 573-C(  8  3  4) 574-C(  9  3  4) 575-C( 10  3  4) 576-C( 11  3  4)
 577-C( 12  3  4) 578-C( 13  3  4) 579-C( 14  3  4) 580-C(  0  4  4)
 581-C(  1  4  4) 582-C(  2  4  4) 583-C(  3  4  4) 584-C(  4  4  4)
 585-C(  5  4  4) 586-C(  6  4  4) 587-C(  7  4  4) 588-C(  8  4  4)
 589-C(  9  4  4) 590-C( 10  4  4) 591-C( 11  4  4) 592-C( 12  4  4)
 593-C( 13  4  4) 594-C( 14  4  4) 595-R(  0  5  4) 596-C(  1  5  4)
 597-C(  2  5  4) 598-C(  3  5  4) 599-C(  4  5  4) 600-C(  5  5  4)
 601-C(  6  5  4) 602-C(  7  5  4)

 DIRECT LATTICE VECTORS COMPON. (A.U.)     RECIP. LATTICE VECTORS COMPON. (A.U.) 
        X            Y            Z              X            Y            Z
    5.1451649    1.1645775    0.0000000      1.2211825    0.0000000   -0.1955492
 PROCESS            9  OF           32  WORKING
    0.0000000    7.6137799    0.0000000     -0.1867879    0.8252386   -0.2187151
    1.4765956    2.7781292    9.2211696      0.0000000    0.0000000    0.6813870

 DISK SPACE FOR EIGENVECTORS (FTN 10)    24883200 REALS

 SYMMETRY ADAPTION OF THE BLOCH FUNCTIONS DISABLED
 TTTTTTTTTTTTTTTTTTTTTTTTTTTTTT gordsh1     TELAPSE        1.95 TCPU        0.68

 MATRIX SIZE: P(G)  810470, F(G)   93390, P(G) IRR  413331, F(G) IRR   94470
 MAX G-VECTOR INDEX FOR 1- AND 2-ELECTRON INTEGRALS 445

 TTTTTTTTTTTTTTTTTTTTTTTTTTTTTT INPUT       TELAPSE        1.96 TCPU        0.69

 NEIGHBORS OF THE NON-EQUIVALENT ATOMS

 N = NUMBER OF NEIGHBORS AT DISTANCE R
    ATOM  N     R/ANG      R/AU   NEIGHBORS (ATOM LABELS AND CELL INDICES)
   1 C    1     1.3364     2.5255    4 C    0 0 0
   1 C    1     1.4484     2.7371    5 C    0 1-1
   1 C    1     1.4578     2.7548    2 C    0 0-1
   1 C    1     2.3165     4.3775    6 C    0 1-1
   1 C    1     2.3645     4.4682    8 C    0 0 0
   1 C    1     2.4193     4.5719    6 C    0 0-1

   2 C    1     1.4282     2.6989    6 C    0 0 0
   2 C    1     1.4578     2.7548    1 C    0 0 1
   2 C    1     1.4747     2.7868    3 C    0 0 0
   2 C    1     1.5598     2.9476    8 C    0 0 0
   2 C    1     2.3513     4.4433    3 C   -1 0 0
   2 C    1     2.4667     4.6613    5 C    0 0 0

   3 C    1     1.4747     2.7868    2 C    0 0 0
   3 C    1     1.4944     2.8240    6 C    1 0 0
   3 C    1     1.5317     2.8945    8 C    0 0 0
   3 C    1     1.5778     2.9816    6 C    0 0 0
   3 C    1     2.3193     4.3829    4 C    0 0 0
   3 C    1     2.3513     4.4433    2 C    1 0 0

   4 C    1     1.3364     2.5255    1 C    0 0 0
   4 C    1     1.5727     2.9720    8 C    0 0 0
   4 C    1     1.5770     2.9801    7 C    0 0 0
   4 C    1     2.2734     4.2961    5 C    0 1-1
   4 C    1     2.3193     4.3829    3 C    0 0 0
   4 C    1     2.4919     4.7089    5 C    0 0-1

   5 C    1     1.4484     2.7371    1 C    0-1 1
   5 C    1     1.4697     2.7773    6 C    0 0 0
   5 C    1     1.6505     3.1191    7 C    0 0 1
   5 C    1     1.6712     3.1582    7 C   -1 0 1
   5 C    1     2.2734     4.2961    4 C    0-1 1
   5 C    1     2.3660     4.4711    8 C    0-1 1

   6 C    1     1.4282     2.6989    2 C    0 0 0
   6 C    1     1.4697     2.7773    5 C    0 0 0
   6 C    1     1.4944     2.8240    3 C   -1 0 0
   6 C    1     1.5778     2.9816    3 C    0 0 0
   6 C    1     2.2059     4.1686    8 C    0 0 0
   6 C    1     2.3165     4.3775    1 C    0-1 1

   7 C    1     1.5770     2.9801    4 C    0 0 0
   7 C    1     1.6505     3.1191    5 C    0 0-1
   7 C    1     1.6652     3.1467    8 C    0-1 0
   7 C    1     1.6712     3.1582    5 C    1 0-1
   7 C    1     2.4250     4.5826    1 C    0-1 0
   7 C    1     2.4605     4.6497    1 C    0 0 0

   8 C    1     1.5317     2.8945    3 C    0 0 0
   8 C    1     1.5598     2.9476    2 C    0 0 0
   8 C    1     1.5727     2.9720    4 C    0 0 0
   8 C    1     1.6652     3.1467    7 C    0 1 0
   8 C    1     2.2059     4.1686    6 C    0 0 0
   8 C    1     2.3645     4.4682    1 C    0 0 0


 SYMMETRY ALLOWED INTERNAL DEGREE(S) OF FREEDOM:  21
 TTTTTTTTTTTTTTTTTTTTTTTTTTTTTT SYMM        TELAPSE        1.97 TCPU        0.69
 TTTTTTTTTTTTTTTTTTTTTTTTTTTTTT INT_SCREEN  TELAPSE        2.01 TCPU        0.73

 DFT PARAMETERS

     ATOM       ELECTRONS   NET CHARGE   R(ANGSTROM)
   1   6  C       6.0000      0.0000     0.77000000

 SIZE OF GRID=     219999
 TTTTTTTTTTTTTTTTTTTTTTTTTTTTTT MAKE_GRID2  TELAPSE        2.87 TCPU        1.57
 BECKE WEIGHT FUNCTION
 RADSAFE =     2.00
 TOLERANCES - DENSITY:10**- 6; POTENTIAL:10**- 9; GRID WGT:10**-14

 RADIAL INTEGRATION  - INTERVALS (POINTS,UPPER LIMIT):            1( 75,  4.0*R)

 ANGULAR INTEGRATION - INTERVALS (ACCURACY LEVEL [N. POINTS] UPPER LIMIT):
  1(  4[  86]   0.2)  2(  8[ 194]   0.5)  3( 12[ 350]   0.9)  4( 16[ 974]   3.5)
  5( 12[ 350]9999.0)
 TTTTTTTTTTTTTTTTTTTTTTTTTTTTTT INT_CALC    TELAPSE        2.88 TCPU        1.59
 EEEEEEEEEE INT_CALC TERMINATION  DATE 30 01 2026 TIME 22:44:18.4

 *******************************************************************************
 ./3^2,4^6T21-CA_rev1_sp_B3LYP-D3-D3_optimized                                   
 CRYSTAL - SCF - TYPE OF CALCULATION :  UNRESTRICTED OPEN SHELL
 *******************************************************************************

 CAPPA:IS1 15;IS2 10;IS3  8; K PTS MONK NET 602; SYMMOPS:K SPACE   2;G SPACE   1

 TTTTTTTTTTTTTTTTTTTTTTTTTTTTTT SDIK        TELAPSE        2.96 TCPU        1.67

 AAAAAAAAAAAAAAAAAAAAAAAAAAAAAAAAAAAAAAAAAAAAAAAAAAAAAAAAAAAAAAAAAAAAAAAAAAAAAAA
         ATOMIC WAVEFUNCTION(S)


 NUCLEAR CHARGE  6.0  SYMMETRY SPECIES            S    P
 N. ELECTRONS    6.0  NUMBER OF PRIMITIVE GTOS   10    6
                      NUMBER OF CONTRACTED GTOS   4    3
                      NUMBER OF CLOSED SHELLS     2    0
                      OPEN SHELL OCCUPATION       0    2

  ZNUC  SCFIT    TOTAL HF ENERGY   KINETIC ENERGY   VIRIAL THEOREM ACCURACY
   6.0    10    -3.766702350E+01  3.783137943E+01 -1.995655566E+00  1.6E-06

 AAAAAAAAAAAAAAAAAAAAAAAAAAAAAAAAAAAAAAAAAAAAAAAAAAAAAAAAAAAAAAAAAAAAAAAAAAAAAAA

 CHARGE NORMALIZATION FACTOR   1.00000000
 TOTAL ATOMIC CHARGES:
   6.0000000   6.0000000   6.0000000   6.0000000   6.0000000   6.0000000
   6.0000000   6.0000000
 SUMMED SPIN DENSITY           0.00000000
 TOTAL ATOMIC SPINS  :
   0.0000000   0.0000000   0.0000000   0.0000000   0.0000000   0.0000000
   0.0000000   0.0000000
 TTTTTTTTTTTTTTTTTTTTTTTTTTTTTT MOQGAD      TELAPSE        2.97 TCPU        1.67
 TTTTTTTTTTTTTTTTTTTTTTTTTTTTTT SHELLXN     TELAPSE       63.16 TCPU       61.84
 TTTTTTTTTTTTTTTTTTTTTTTTTTTTTT MONMO3      TELAPSE       63.21 TCPU       61.89
 NUMERICALLY INTEGRATED DENSITY     23.9999945640     23.9999945640
 TTTTTTTTTTTTTTTTTTTTTTTTTTTTTT NUMDFT      TELAPSE       63.87 TCPU       62.56
 CYC   0 ETOT(AU) -3.071501282004E+02 DETOT -3.07E+02 tst  0.00E+00 PX  1.00E+00
 TTTTTTTTTTTTTTTTTTTTTTTTTTTTTT DIIS        TELAPSE       63.91 TCPU       62.59
 TTTTTTTTTTTTTTTTTTTTTTTTTTTTTT FDIK        TELAPSE       64.98 TCPU       63.66

    ALPHA      ELECTRONS
 INSULATING STATE
 TOP OF VALENCE BANDS -    BAND     24; K  595; EIG -1.6990572E-01 AU
 TOP OF VALENCE BANDS -    BAND     24; K    1; EIG -2.0159761E-01 AU
 BOTTOM OF VIRTUAL BANDS - BAND     25; K  534; EIG -1.1705114E-01 AU
 INDIRECT ENERGY BAND GAP:   1.4382 eV
 BOTTOM OF VIRTUAL BANDS - BAND     25; K    1; EIG -5.5956711E-02 AU

    BETA       ELECTRONS
 INSULATING STATE
 TOP OF VALENCE BANDS -    BAND     24; K  595; EIG -1.6990572E-01 AU
 TOP OF VALENCE BANDS -    BAND     24; K    1; EIG -2.0159761E-01 AU
 BOTTOM OF VIRTUAL BANDS - BAND     25; K  534; EIG -1.1705114E-01 AU
 INDIRECT ENERGY BAND GAP:   1.4382 eV
 BOTTOM OF VIRTUAL BANDS - BAND     25; K    1; EIG -5.5956711E-02 AU
 TTTTTTTTTTTTTTTTTTTTTTTTTTTTTT PDIG        TELAPSE       65.10 TCPU       63.78
 CHARGE NORMALIZATION FACTOR   1.00000000
 TOTAL ATOMIC CHARGES:
   6.0839906   6.0794574   6.0635806   6.0655390   6.0104155   5.9993429
   5.8231029   5.8745710
 SUMMED SPIN DENSITY          -0.00000000
 TOTAL ATOMIC SPINS  :
  -0.0000000  -0.0000000  -0.0000000  -0.0000000   0.0000000  -0.0000000
  -0.0000000   0.0000000
 TTTTTTTTTTTTTTTTTTTTTTTTTTTTTT MOQGAD      TELAPSE       65.11 TCPU       63.79
 TTTTTTTTTTTTTTTTTTTTTTTTTTTTTT SHELLXN     TELAPSE      127.79 TCPU      126.45
 TTTTTTTTTTTTTTTTTTTTTTTTTTTTTT MONMO3      TELAPSE      127.84 TCPU      126.50
 NUMERICALLY INTEGRATED DENSITY     23.9999926771     23.9999926771
 TTTTTTTTTTTTTTTTTTTTTTTTTTTTTT NUMDFT      TELAPSE      128.57 TCPU      127.22
 CYC   1 ETOT(AU) -3.044333909876E+02 DETOT  2.72E+00 tst  0.00E+00 PX  1.00E+00
 TTTTTTTTTTTTTTTTTTTTTTTTTTTTTT DIIS        TELAPSE      128.60 TCPU      127.25
 DIIS TEST: 0.42129E+00 AT SCF   CYCLE   1 - MIX   30 %
 TTTTTTTTTTTTTTTTTTTTTTTTTTTTTT FDIK        TELAPSE      129.10 TCPU      127.76

    ALPHA      ELECTRONS
 INSULATING STATE
 TOP OF VALENCE BANDS -    BAND     24; K   69; EIG -9.0269248E-02 AU
 TOP OF VALENCE BANDS -    BAND     24; K    1; EIG -1.2765138E-01 AU
 BOTTOM OF VIRTUAL BANDS - BAND     25; K  534; EIG -2.3684230E-02 AU
 INDIRECT ENERGY BAND GAP:   1.8119 eV
 BOTTOM OF VIRTUAL BANDS - BAND     25; K    1; EIG  1.9781703E-02 AU

    BETA       ELECTRONS
 INSULATING STATE
 TOP OF VALENCE BANDS -    BAND     24; K   69; EIG -9.0269248E-02 AU
 TOP OF VALENCE BANDS -    BAND     24; K    1; EIG -1.2765138E-01 AU
 BOTTOM OF VIRTUAL BANDS - BAND     25; K  534; EIG -2.3684230E-02 AU
 INDIRECT ENERGY BAND GAP:   1.8119 eV
 BOTTOM OF VIRTUAL BANDS - BAND     25; K    1; EIG  1.9781703E-02 AU
 TTTTTTTTTTTTTTTTTTTTTTTTTTTTTT PDIG        TELAPSE      129.23 TCPU      127.89
 CHARGE NORMALIZATION FACTOR   1.00000000
 TOTAL ATOMIC CHARGES:
   5.8122874   5.9770828   6.0493481   5.9720090   5.9767971   5.9418187
   6.1302339   6.1404230
 SUMMED SPIN DENSITY          -0.00000000
 TOTAL ATOMIC SPINS  :
  -0.0000000  -0.0000000   0.0000000  -0.0000000   0.0000000  -0.0000000
   0.0000000  -0.0000000
 TTTTTTTTTTTTTTTTTTTTTTTTTTTTTT MOQGAD      TELAPSE      129.24 TCPU      127.89
 TTTTTTTTTTTTTTTTTTTTTTTTTTTTTT SHELLXN     TELAPSE      192.00 TCPU      190.64
 TTTTTTTTTTTTTTTTTTTTTTTTTTTTTT MONMO3      TELAPSE      192.05 TCPU      190.69
 NUMERICALLY INTEGRATED DENSITY     23.9999920898     23.9999920898
 TTTTTTTTTTTTTTTTTTTTTTTTTTTTTT NUMDFT      TELAPSE      192.78 TCPU      191.42
 CYC   2 ETOT(AU) -3.044465328963E+02 DETOT -1.31E-02 tst  1.09E-03 PX  9.90E-02
 TTTTTTTTTTTTTTTTTTTTTTTTTTTTTT DIIS        TELAPSE      192.82 TCPU      191.45
 DIIS TEST: 0.33791E+00 AT SCF   CYCLE   2 - DIIS ACTIVE - HISTORY:     2 CYCLES
 TTTTTTTTTTTTTTTTTTTTTTTTTTTTTT FDIK        TELAPSE      193.99 TCPU      192.62

    ALPHA      ELECTRONS
 INSULATING STATE
 TOP OF VALENCE BANDS -    BAND     24; K   69; EIG -7.9797621E-02 AU
 TOP OF VALENCE BANDS -    BAND     24; K    1; EIG -1.1506719E-01 AU
 BOTTOM OF VIRTUAL BANDS - BAND     25; K  534; EIG  5.2615295E-04 AU
 INDIRECT ENERGY BAND GAP:   2.1857 eV
 BOTTOM OF VIRTUAL BANDS - BAND     25; K    1; EIG  5.6566025E-02 AU

    BETA       ELECTRONS
 INSULATING STATE
 TOP OF VALENCE BANDS -    BAND     24; K   69; EIG -7.9797621E-02 AU
 TOP OF VALENCE BANDS -    BAND     24; K    1; EIG -1.1506719E-01 AU
 BOTTOM OF VIRTUAL BANDS - BAND     25; K  534; EIG  5.2615295E-04 AU
 INDIRECT ENERGY BAND GAP:   2.1857 eV
 BOTTOM OF VIRTUAL BANDS - BAND     25; K    1; EIG  5.6566025E-02 AU
 TTTTTTTTTTTTTTTTTTTTTTTTTTTTTT PDIG        TELAPSE      194.12 TCPU      192.75
 CHARGE NORMALIZATION FACTOR   1.00000000
 TOTAL ATOMIC CHARGES:
   6.0194138   6.0586500   6.0334978   5.9145454   6.0291602   5.9975970
   5.9917271   5.9554087
 SUMMED SPIN DENSITY          -0.00000000
 TOTAL ATOMIC SPINS  :
  -0.0000000  -0.0000000   0.0000000  -0.0000000   0.0000000  -0.0000000
   0.0000000  -0.0000000
 TTTTTTTTTTTTTTTTTTTTTTTTTTTTTT MOQGAD      TELAPSE      194.12 TCPU      192.75
 TTTTTTTTTTTTTTTTTTTTTTTTTTTTTT SHELLXN     TELAPSE      256.88 TCPU      255.48
 TTTTTTTTTTTTTTTTTTTTTTTTTTTTTT MONMO3      TELAPSE      256.92 TCPU      255.53
 NUMERICALLY INTEGRATED DENSITY     23.9999921092     23.9999921092
 TTTTTTTTTTTTTTTTTTTTTTTTTTTTTT NUMDFT      TELAPSE      257.65 TCPU      256.26
 CYC   3 ETOT(AU) -3.044612955538E+02 DETOT -1.48E-02 tst  5.20E-04 PX  4.94E-02
 TTTTTTTTTTTTTTTTTTTTTTTTTTTTTT DIIS        TELAPSE      257.68 TCPU      256.29
 DIIS TEST: 0.61243E-01 AT SCF   CYCLE   3 - DIIS ACTIVE - HISTORY:     3 CYCLES
 TTTTTTTTTTTTTTTTTTTTTTTTTTTTTT FDIK        TELAPSE      258.30 TCPU      256.91

    ALPHA      ELECTRONS
 INSULATING STATE
 TOP OF VALENCE BANDS -    BAND     24; K   69; EIG -8.6977210E-02 AU
 TOP OF VALENCE BANDS -    BAND     24; K    1; EIG -1.2320691E-01 AU
 BOTTOM OF VIRTUAL BANDS - BAND     25; K  534; EIG -4.5937332E-03 AU
 INDIRECT ENERGY BAND GAP:   2.2418 eV
 BOTTOM OF VIRTUAL BANDS - BAND     25; K    1; EIG  5.5179384E-02 AU

    BETA       ELECTRONS
 INSULATING STATE
 TOP OF VALENCE BANDS -    BAND     24; K   69; EIG -8.6977210E-02 AU
 TOP OF VALENCE BANDS -    BAND     24; K    1; EIG -1.2320691E-01 AU
 BOTTOM OF VIRTUAL BANDS - BAND     25; K  534; EIG -4.5937332E-03 AU
 INDIRECT ENERGY BAND GAP:   2.2418 eV
 BOTTOM OF VIRTUAL BANDS - BAND     25; K    1; EIG  5.5179384E-02 AU
 TTTTTTTTTTTTTTTTTTTTTTTTTTTTTT PDIG        TELAPSE      258.43 TCPU      257.04
 CHARGE NORMALIZATION FACTOR   1.00000000
 TOTAL ATOMIC CHARGES:
   5.9550664   6.0284636   6.0638897   6.0254918   6.0007781   5.9642260
   5.9662851   5.9957992
 SUMMED SPIN DENSITY          -0.00000000
 TOTAL ATOMIC SPINS  :
   0.0000000  -0.0000000   0.0000000  -0.0000000  -0.0000000  -0.0000000
   0.0000000   0.0000000
 TTTTTTTTTTTTTTTTTTTTTTTTTTTTTT MOQGAD      TELAPSE      258.44 TCPU      257.04
 TTTTTTTTTTTTTTTTTTTTTTTTTTTTTT SHELLXN     TELAPSE      321.19 TCPU      319.77
 TTTTTTTTTTTTTTTTTTTTTTTTTTTTTT MONMO3      TELAPSE      321.24 TCPU      319.82
 NUMERICALLY INTEGRATED DENSITY     23.9999921261     23.9999921261
 TTTTTTTTTTTTTTTTTTTTTTTTTTTTTT NUMDFT      TELAPSE      321.95 TCPU      320.53
 CYC   4 ETOT(AU) -3.044638567749E+02 DETOT -2.56E-03 tst  1.91E-04 PX  2.03E-02
 TTTTTTTTTTTTTTTTTTTTTTTTTTTTTT DIIS        TELAPSE      321.98 TCPU      320.56
 DIIS TEST: 0.76906E-02 AT SCF   CYCLE   4 - DIIS ACTIVE - HISTORY:     4 CYCLES
 TTTTTTTTTTTTTTTTTTTTTTTTTTTTTT FDIK        TELAPSE      322.47 TCPU      321.05

    ALPHA      ELECTRONS
 INSULATING STATE
 TOP OF VALENCE BANDS -    BAND     24; K   69; EIG -8.7248041E-02 AU
 TOP OF VALENCE BANDS -    BAND     24; K    1; EIG -1.2324765E-01 AU
 BOTTOM OF VIRTUAL BANDS - BAND     25; K  534; EIG -4.2019934E-03 AU
 INDIRECT ENERGY BAND GAP:   2.2598 eV
 BOTTOM OF VIRTUAL BANDS - BAND     25; K    1; EIG  5.2875443E-02 AU

    BETA       ELECTRONS
 INSULATING STATE
 TOP OF VALENCE BANDS -    BAND     24; K   69; EIG -8.7248041E-02 AU
 TOP OF VALENCE BANDS -    BAND     24; K    1; EIG -1.2324765E-01 AU
 BOTTOM OF VIRTUAL BANDS - BAND     25; K  534; EIG -4.2019934E-03 AU
 INDIRECT ENERGY BAND GAP:   2.2598 eV
 BOTTOM OF VIRTUAL BANDS - BAND     25; K    1; EIG  5.2875443E-02 AU
 TTTTTTTTTTTTTTTTTTTTTTTTTTTTTT PDIG        TELAPSE      322.59 TCPU      321.18
 CHARGE NORMALIZATION FACTOR   1.00000000
 TOTAL ATOMIC CHARGES:
   5.9771963   6.0356648   6.0507443   5.9745596   6.0021831   5.9695461
   5.9939559   5.9961499
 SUMMED SPIN DENSITY          -0.00000000
 TOTAL ATOMIC SPINS  :
   0.0000000  -0.0000000   0.0000000   0.0000000   0.0000000   0.0000000
  -0.0000000  -0.0000000
 TTTTTTTTTTTTTTTTTTTTTTTTTTTTTT MOQGAD      TELAPSE      322.60 TCPU      321.18
 TTTTTTTTTTTTTTTTTTTTTTTTTTTTTT SHELLXN     TELAPSE      385.10 TCPU      383.67
 TTTTTTTTTTTTTTTTTTTTTTTTTTTTTT MONMO3      TELAPSE      385.15 TCPU      383.72
 NUMERICALLY INTEGRATED DENSITY     23.9999921522     23.9999921522
 TTTTTTTTTTTTTTTTTTTTTTTTTTTTTT NUMDFT      TELAPSE      385.87 TCPU      384.43
 CYC   5 ETOT(AU) -3.044642380976E+02 DETOT -3.81E-04 tst  3.29E-05 PX  7.80E-03
 TTTTTTTTTTTTTTTTTTTTTTTTTTTTTT DIIS        TELAPSE      385.90 TCPU      384.46
 DIIS TEST: 0.74446E-03 AT SCF   CYCLE   5 - DIIS ACTIVE - HISTORY:     5 CYCLES
 TTTTTTTTTTTTTTTTTTTTTTTTTTTTTT FDIK        TELAPSE      386.38 TCPU      384.94

    ALPHA      ELECTRONS
 INSULATING STATE
 TOP OF VALENCE BANDS -    BAND     24; K   69; EIG -8.6978825E-02 AU
 TOP OF VALENCE BANDS -    BAND     24; K    1; EIG -1.2309186E-01 AU
 BOTTOM OF VIRTUAL BANDS - BAND     25; K  534; EIG -3.9853522E-03 AU
 INDIRECT ENERGY BAND GAP:   2.2584 eV
 BOTTOM OF VIRTUAL BANDS - BAND     25; K    1; EIG  5.3344003E-02 AU

    BETA       ELECTRONS
 INSULATING STATE
 TOP OF VALENCE BANDS -    BAND     24; K   69; EIG -8.6978825E-02 AU
 TOP OF VALENCE BANDS -    BAND     24; K    1; EIG -1.2309186E-01 AU
 BOTTOM OF VIRTUAL BANDS - BAND     25; K  534; EIG -3.9853522E-03 AU
 INDIRECT ENERGY BAND GAP:   2.2584 eV
 BOTTOM OF VIRTUAL BANDS - BAND     25; K    1; EIG  5.3344003E-02 AU
 TTTTTTTTTTTTTTTTTTTTTTTTTTTTTT PDIG        TELAPSE      386.51 TCPU      385.07
 CHARGE NORMALIZATION FACTOR   1.00000000
 TOTAL ATOMIC CHARGES:
   5.9654122   6.0335938   6.0545426   5.9874233   6.0068676   5.9727832
   5.9883921   5.9909852
 SUMMED SPIN DENSITY           0.00000000
 TOTAL ATOMIC SPINS  :
   0.0000000  -0.0000000   0.0000000   0.0000000   0.0000000  -0.0000000
  -0.0000000  -0.0000000
 TTTTTTTTTTTTTTTTTTTTTTTTTTTTTT MOQGAD      TELAPSE      386.52 TCPU      385.07
 TTTTTTTTTTTTTTTTTTTTTTTTTTTTTT SHELLXN     TELAPSE      448.89 TCPU      447.42
 TTTTTTTTTTTTTTTTTTTTTTTTTTTTTT MONMO3      TELAPSE      448.94 TCPU      447.47
 NUMERICALLY INTEGRATED DENSITY     23.9999921425     23.9999921425
 TTTTTTTTTTTTTTTTTTTTTTTTTTTTTT NUMDFT      TELAPSE      449.65 TCPU      448.18
 CYC   6 ETOT(AU) -3.044642733524E+02 DETOT -3.53E-05 tst  3.15E-06 PX  2.27E-03
 TTTTTTTTTTTTTTTTTTTTTTTTTTTTTT DIIS        TELAPSE      449.68 TCPU      448.22
 DIIS TEST: 0.10383E-03 AT SCF   CYCLE   6 - DIIS ACTIVE - HISTORY:     6 CYCLES
 TTTTTTTTTTTTTTTTTTTTTTTTTTTTTT FDIK        TELAPSE      450.16 TCPU      448.69

    ALPHA      ELECTRONS
 INSULATING STATE
 TOP OF VALENCE BANDS -    BAND     24; K   69; EIG -8.7053306E-02 AU
 TOP OF VALENCE BANDS -    BAND     24; K    1; EIG -1.2313082E-01 AU
 BOTTOM OF VIRTUAL BANDS - BAND     25; K  534; EIG -4.0431502E-03 AU
 INDIRECT ENERGY BAND GAP:   2.2588 eV
 BOTTOM OF VIRTUAL BANDS - BAND     25; K    1; EIG  5.3471225E-02 AU

    BETA       ELECTRONS
 INSULATING STATE
 TOP OF VALENCE BANDS -    BAND     24; K   69; EIG -8.7053306E-02 AU
 TOP OF VALENCE BANDS -    BAND     24; K    1; EIG -1.2313082E-01 AU
 BOTTOM OF VIRTUAL BANDS - BAND     25; K  534; EIG -4.0431502E-03 AU
 INDIRECT ENERGY BAND GAP:   2.2588 eV
 BOTTOM OF VIRTUAL BANDS - BAND     25; K    1; EIG  5.3471225E-02 AU
 TTTTTTTTTTTTTTTTTTTTTTTTTTTTTT PDIG        TELAPSE      450.29 TCPU      448.82
 CHARGE NORMALIZATION FACTOR   1.00000000
 TOTAL ATOMIC CHARGES:
   5.9693612   6.0345799   6.0537051   5.9854916   6.0044215   5.9701879
   5.9878131   5.9944397
 SUMMED SPIN DENSITY           0.00000000
 TOTAL ATOMIC SPINS  :
   0.0000000  -0.0000000   0.0000000   0.0000000   0.0000000  -0.0000000
  -0.0000000  -0.0000000
 TTTTTTTTTTTTTTTTTTTTTTTTTTTTTT MOQGAD      TELAPSE      450.29 TCPU      448.82
 TTTTTTTTTTTTTTTTTTTTTTTTTTTTTT SHELLXN     TELAPSE      513.02 TCPU      511.53
 TTTTTTTTTTTTTTTTTTTTTTTTTTTTTT MONMO3      TELAPSE      513.07 TCPU      511.58
 NUMERICALLY INTEGRATED DENSITY     23.9999921402     23.9999921402
 TTTTTTTTTTTTTTTTTTTTTTTTTTTTTT NUMDFT      TELAPSE      513.78 TCPU      512.29
 CYC   7 ETOT(AU) -3.044642783298E+02 DETOT -4.98E-06 tst  1.31E-07 PX  7.77E-04
 TTTTTTTTTTTTTTTTTTTTTTTTTTTTTT DIIS        TELAPSE      513.82 TCPU      512.33
 DIIS TEST: 0.67246E-05 AT SCF   CYCLE   7 - DIIS ACTIVE - HISTORY:     7 CYCLES
 TTTTTTTTTTTTTTTTTTTTTTTTTTTTTT FDIK        TELAPSE      514.30 TCPU      512.81

    ALPHA      ELECTRONS
 INSULATING STATE
 TOP OF VALENCE BANDS -    BAND     24; K   69; EIG -8.7079707E-02 AU
 TOP OF VALENCE BANDS -    BAND     24; K    1; EIG -1.2313895E-01 AU
 BOTTOM OF VIRTUAL BANDS - BAND     25; K  534; EIG -4.0467835E-03 AU
 INDIRECT ENERGY BAND GAP:   2.2594 eV
 BOTTOM OF VIRTUAL BANDS - BAND     25; K    1; EIG  5.3419774E-02 AU

    BETA       ELECTRONS
 INSULATING STATE
 TOP OF VALENCE BANDS -    BAND     24; K   69; EIG -8.7079707E-02 AU
 TOP OF VALENCE BANDS -    BAND     24; K    1; EIG -1.2313895E-01 AU
 BOTTOM OF VIRTUAL BANDS - BAND     25; K  534; EIG -4.0467835E-03 AU
 INDIRECT ENERGY BAND GAP:   2.2594 eV
 BOTTOM OF VIRTUAL BANDS - BAND     25; K    1; EIG  5.3419774E-02 AU
 TTTTTTTTTTTTTTTTTTTTTTTTTTTTTT PDIG        TELAPSE      514.43 TCPU      512.94
 CHARGE NORMALIZATION FACTOR   1.00000000
 TOTAL ATOMIC CHARGES:
   5.9690651   6.0341927   6.0540322   5.9856716   6.0043629   5.9706467
   5.9886998   5.9933291
 SUMMED SPIN DENSITY           0.00000000
 TOTAL ATOMIC SPINS  :
   0.0000000  -0.0000000   0.0000000  -0.0000000  -0.0000000   0.0000000
   0.0000000  -0.0000000
 TTTTTTTTTTTTTTTTTTTTTTTTTTTTTT MOQGAD      TELAPSE      514.43 TCPU      512.94
 TTTTTTTTTTTTTTTTTTTTTTTTTTTTTT SHELLXN     TELAPSE      577.27 TCPU      575.76
 TTTTTTTTTTTTTTTTTTTTTTTTTTTTTT MONMO3      TELAPSE      577.33 TCPU      575.81
 NUMERICALLY INTEGRATED DENSITY     23.9999921403     23.9999921403
 TTTTTTTTTTTTTTTTTTTTTTTTTTTTTT NUMDFT      TELAPSE      578.04 TCPU      576.53
 CYC   8 ETOT(AU) -3.044642786842E+02 DETOT -3.54E-07 tst  8.64E-09 PX  2.37E-04
 TTTTTTTTTTTTTTTTTTTTTTTTTTTTTT DIIS        TELAPSE      578.07 TCPU      576.56
 DIIS TEST: 0.73321E-06 AT SCF   CYCLE   8 - DIIS ACTIVE - HISTORY:     8 CYCLES
 TTTTTTTTTTTTTTTTTTTTTTTTTTTTTT FDIK        TELAPSE      578.55 TCPU      577.04

    ALPHA      ELECTRONS
 INSULATING STATE
 TOP OF VALENCE BANDS -    BAND     24; K   69; EIG -8.7068455E-02 AU
 TOP OF VALENCE BANDS -    BAND     24; K    1; EIG -1.2314413E-01 AU
 BOTTOM OF VIRTUAL BANDS - BAND     25; K  534; EIG -4.0381392E-03 AU
 INDIRECT ENERGY BAND GAP:   2.2594 eV
 BOTTOM OF VIRTUAL BANDS - BAND     25; K    1; EIG  5.3425759E-02 AU

    BETA       ELECTRONS
 INSULATING STATE
 TOP OF VALENCE BANDS -    BAND     24; K   69; EIG -8.7068455E-02 AU
 TOP OF VALENCE BANDS -    BAND     24; K    1; EIG -1.2314413E-01 AU
 BOTTOM OF VIRTUAL BANDS - BAND     25; K  534; EIG -4.0381392E-03 AU
 INDIRECT ENERGY BAND GAP:   2.2594 eV
 BOTTOM OF VIRTUAL BANDS - BAND     25; K    1; EIG  5.3425759E-02 AU
 TTTTTTTTTTTTTTTTTTTTTTTTTTTTTT PDIG        TELAPSE      578.68 TCPU      577.17
 CHARGE NORMALIZATION FACTOR   1.00000000
 TOTAL ATOMIC CHARGES:
   5.9689318   6.0342875   6.0538920   5.9855840   6.0046701   5.9706843
   5.9882794   5.9936710
 SUMMED SPIN DENSITY           0.00000000
 TOTAL ATOMIC SPINS  :
  -0.0000000  -0.0000000   0.0000000   0.0000000   0.0000000  -0.0000000
  -0.0000000   0.0000000
 TTTTTTTTTTTTTTTTTTTTTTTTTTTTTT MOQGAD      TELAPSE      578.69 TCPU      577.17
 TTTTTTTTTTTTTTTTTTTTTTTTTTTTTT SHELLXN     TELAPSE      641.53 TCPU      639.99
 TTTTTTTTTTTTTTTTTTTTTTTTTTTTTT MONMO3      TELAPSE      641.58 TCPU      640.04
 NUMERICALLY INTEGRATED DENSITY     23.9999921405     23.9999921405
 TTTTTTTTTTTTTTTTTTTTTTTTTTTTTT NUMDFT      TELAPSE      642.29 TCPU      640.76
 CYC   9 ETOT(AU) -3.044642787371E+02 DETOT -5.29E-08 tst  9.35E-10 PX  7.88E-05
 TTTTTTTTTTTTTTTTTTTTTTTTTTTTTT DIIS        TELAPSE      642.33 TCPU      640.79
 DIIS TEST: 0.92196E-07 AT SCF   CYCLE   9 - DIIS ACTIVE - HISTORY:     9 CYCLES
 TTTTTTTTTTTTTTTTTTTTTTTTTTTTTT FDIK        TELAPSE      642.81 TCPU      641.27

    ALPHA      ELECTRONS
 INSULATING STATE
 TOP OF VALENCE BANDS -    BAND     24; K   69; EIG -8.7077779E-02 AU
 TOP OF VALENCE BANDS -    BAND     24; K    1; EIG -1.2314637E-01 AU
 BOTTOM OF VIRTUAL BANDS - BAND     25; K  534; EIG -4.0458024E-03 AU
 INDIRECT ENERGY BAND GAP:   2.2594 eV
 BOTTOM OF VIRTUAL BANDS - BAND     25; K    1; EIG  5.3420202E-02 AU

    BETA       ELECTRONS
 INSULATING STATE
 TOP OF VALENCE BANDS -    BAND     24; K   69; EIG -8.7077779E-02 AU
 TOP OF VALENCE BANDS -    BAND     24; K    1; EIG -1.2314637E-01 AU
 BOTTOM OF VIRTUAL BANDS - BAND     25; K  534; EIG -4.0458024E-03 AU
 INDIRECT ENERGY BAND GAP:   2.2594 eV
 BOTTOM OF VIRTUAL BANDS - BAND     25; K    1; EIG  5.3420202E-02 AU
 TTTTTTTTTTTTTTTTTTTTTTTTTTTTTT PDIG        TELAPSE      642.94 TCPU      641.40
 CHARGE NORMALIZATION FACTOR   1.00000000
 TOTAL ATOMIC CHARGES:
   5.9689622   6.0342818   6.0539099   5.9856423   6.0045966   5.9706441
   5.9883891   5.9935741
 SUMMED SPIN DENSITY           0.00000000
 TOTAL ATOMIC SPINS  :
  -0.0000000  -0.0000000   0.0000000   0.0000000   0.0000000  -0.0000000
  -0.0000000   0.0000000
 TTTTTTTTTTTTTTTTTTTTTTTTTTTTTT MOQGAD      TELAPSE      642.94 TCPU      641.41
 TTTTTTTTTTTTTTTTTTTTTTTTTTTTTT SHELLXN     TELAPSE      705.05 TCPU      703.49
 TTTTTTTTTTTTTTTTTTTTTTTTTTTTTT MONMO3      TELAPSE      705.10 TCPU      703.54
 NUMERICALLY INTEGRATED DENSITY     23.9999921404     23.9999921404
 TTTTTTTTTTTTTTTTTTTTTTTTTTTTTT NUMDFT      TELAPSE      705.79 TCPU      704.23
 CYC  10 ETOT(AU) -3.044642787359E+02 DETOT  1.14E-09 tst  8.72E-11 PX  2.05E-05
 TTTTTTTTTTTTTTTTTTTTTTTTTTTTTT DIIS        TELAPSE      705.82 TCPU      704.26
 DIIS TEST: 0.35691E-08 AT SCF   CYCLE  10 - DIIS ACTIVE - HISTORY:    10 CYCLES
 TTTTTTTTTTTTTTTTTTTTTTTTTTTTTT FDIK        TELAPSE      706.28 TCPU      704.71

    ALPHA      ELECTRONS
 INSULATING STATE
 TOP OF VALENCE BANDS -    BAND     24; K   69; EIG -8.7076255E-02 AU
 TOP OF VALENCE BANDS -    BAND     24; K    1; EIG -1.2314709E-01 AU
 BOTTOM OF VIRTUAL BANDS - BAND     25; K  534; EIG -4.0447492E-03 AU
 INDIRECT ENERGY BAND GAP:   2.2594 eV
 BOTTOM OF VIRTUAL BANDS - BAND     25; K    1; EIG  5.3421031E-02 AU

    BETA       ELECTRONS
 INSULATING STATE
 TOP OF VALENCE BANDS -    BAND     24; K   69; EIG -8.7076255E-02 AU
 TOP OF VALENCE BANDS -    BAND     24; K    1; EIG -1.2314709E-01 AU
 BOTTOM OF VIRTUAL BANDS - BAND     25; K  534; EIG -4.0447492E-03 AU
 INDIRECT ENERGY BAND GAP:   2.2594 eV
 BOTTOM OF VIRTUAL BANDS - BAND     25; K    1; EIG  5.3421031E-02 AU
 TTTTTTTTTTTTTTTTTTTTTTTTTTTTTT PDIG        TELAPSE      706.40 TCPU      704.84
 CHARGE NORMALIZATION FACTOR   1.00000000
 TOTAL ATOMIC CHARGES:
   5.9689627   6.0342716   6.0539298   5.9856231   6.0045832   5.9706568
   5.9883810   5.9935919
 SUMMED SPIN DENSITY           0.00000000
 TOTAL ATOMIC SPINS  :
   0.0000000  -0.0000000   0.0000000   0.0000000   0.0000000  -0.0000000
  -0.0000000   0.0000000
 TTTTTTTTTTTTTTTTTTTTTTTTTTTTTT MOQGAD      TELAPSE      706.40 TCPU      704.84
 TTTTTTTTTTTTTTTTTTTTTTTTTTTTTT SHELLXN     TELAPSE      768.29 TCPU      766.70
 TTTTTTTTTTTTTTTTTTTTTTTTTTTTTT MONMO3      TELAPSE      768.34 TCPU      766.75
 NUMERICALLY INTEGRATED DENSITY     23.9999921404     23.9999921404
 TTTTTTTTTTTTTTTTTTTTTTTTTTTTTT NUMDFT      TELAPSE      769.04 TCPU      767.46
 CYC  11 ETOT(AU) -3.044642787397E+02 DETOT -3.74E-09 tst  9.62E-12 PX  5.73E-06
 TTTTTTTTTTTTTTTTTTTTTTTTTTTTTT DIIS        TELAPSE      769.08 TCPU      767.49
 DIIS TEST: 0.84985E-09 AT SCF   CYCLE  11 - DIIS ACTIVE - HISTORY:    11 CYCLES
 TTTTTTTTTTTTTTTTTTTTTTTTTTTTTT FDIK        TELAPSE      769.55 TCPU      767.96

    ALPHA      ELECTRONS
 INSULATING STATE
 TOP OF VALENCE BANDS -    BAND     24; K   69; EIG -8.7077141E-02 AU
 TOP OF VALENCE BANDS -    BAND     24; K    1; EIG -1.2314716E-01 AU
 BOTTOM OF VIRTUAL BANDS - BAND     25; K  534; EIG -4.0451080E-03 AU
 INDIRECT ENERGY BAND GAP:   2.2594 eV
 BOTTOM OF VIRTUAL BANDS - BAND     25; K    1; EIG  5.3420356E-02 AU

    BETA       ELECTRONS
 INSULATING STATE
 TOP OF VALENCE BANDS -    BAND     24; K   69; EIG -8.7077141E-02 AU
 TOP OF VALENCE BANDS -    BAND     24; K    1; EIG -1.2314716E-01 AU
 BOTTOM OF VIRTUAL BANDS - BAND     25; K  534; EIG -4.0451080E-03 AU
 INDIRECT ENERGY BAND GAP:   2.2594 eV
 BOTTOM OF VIRTUAL BANDS - BAND     25; K    1; EIG  5.3420356E-02 AU
 TTTTTTTTTTTTTTTTTTTTTTTTTTTTTT PDIG        TELAPSE      769.68 TCPU      768.09
 CHARGE NORMALIZATION FACTOR   1.00000000
 TOTAL ATOMIC CHARGES:
   5.9689603   6.0342718   6.0539187   5.9856313   6.0045909   5.9706538
   5.9883811   5.9935921
 SUMMED SPIN DENSITY           0.00000000
 TOTAL ATOMIC SPINS  :
   0.0000000  -0.0000000   0.0000000  -0.0000000  -0.0000000  -0.0000000
   0.0000000   0.0000000
 TTTTTTTTTTTTTTTTTTTTTTTTTTTTTT MOQGAD      TELAPSE      769.68 TCPU      768.09
 TTTTTTTTTTTTTTTTTTTTTTTTTTTTTT SHELLXN     TELAPSE      832.42 TCPU      830.81
 TTTTTTTTTTTTTTTTTTTTTTTTTTTTTT MONMO3      TELAPSE      832.47 TCPU      830.86
 NUMERICALLY INTEGRATED DENSITY     23.9999921404     23.9999921404
 TTTTTTTTTTTTTTTTTTTTTTTTTTTTTT NUMDFT      TELAPSE      833.19 TCPU      831.58
 CYC  12 ETOT(AU) -3.044642787381E+02 DETOT  1.56E-09 tst  1.45E-12 PX  2.78E-06
 TTTTTTTTTTTTTTTTTTTTTTTTTTTTTT DIIS        TELAPSE      833.22 TCPU      831.61
 DIIS TEST: 0.65248E-10 AT SCF   CYCLE  12 - DIIS ACTIVE - HISTORY:    12 CYCLES
 TTTTTTTTTTTTTTTTTTTTTTTTTTTTTT FDIK        TELAPSE      833.65 TCPU      832.04

    ALPHA      ELECTRONS
 INSULATING STATE
 TOP OF VALENCE BANDS -    BAND     24; K   69; EIG -8.7076877E-02 AU
 TOP OF VALENCE BANDS -    BAND     24; K    1; EIG -1.2314706E-01 AU
 BOTTOM OF VIRTUAL BANDS - BAND     25; K  534; EIG -4.0449353E-03 AU
 INDIRECT ENERGY BAND GAP:   2.2594 eV
 BOTTOM OF VIRTUAL BANDS - BAND     25; K    1; EIG  5.3420601E-02 AU

    BETA       ELECTRONS
 INSULATING STATE
 TOP OF VALENCE BANDS -    BAND     24; K   69; EIG -8.7076877E-02 AU
 TOP OF VALENCE BANDS -    BAND     24; K    1; EIG -1.2314706E-01 AU
 BOTTOM OF VIRTUAL BANDS - BAND     25; K  534; EIG -4.0449353E-03 AU
 INDIRECT ENERGY BAND GAP:   2.2594 eV
 BOTTOM OF VIRTUAL BANDS - BAND     25; K    1; EIG  5.3420601E-02 AU
 TTTTTTTTTTTTTTTTTTTTTTTTTTTTTT PDIG        TELAPSE      833.78 TCPU      832.17
 CHARGE NORMALIZATION FACTOR   1.00000000
 TOTAL ATOMIC CHARGES:
   5.9689599   6.0342744   6.0539215   5.9856301   6.0045899   5.9706529
   5.9883816   5.9935897
 SUMMED SPIN DENSITY           0.00000000
 TOTAL ATOMIC SPINS  :
   0.0000000   0.0000000   0.0000000  -0.0000000   0.0000000  -0.0000000
   0.0000000  -0.0000000
 TTTTTTTTTTTTTTTTTTTTTTTTTTTTTT MOQGAD      TELAPSE      833.78 TCPU      832.17
 TTTTTTTTTTTTTTTTTTTTTTTTTTTTTT SHELLXN     TELAPSE      895.68 TCPU      894.05
 TTTTTTTTTTTTTTTTTTTTTTTTTTTTTT MONMO3      TELAPSE      895.73 TCPU      894.10
 NUMERICALLY INTEGRATED DENSITY     23.9999921404     23.9999921404
 TTTTTTTTTTTTTTTTTTTTTTTTTTTTTT NUMDFT      TELAPSE      896.42 TCPU      894.79
 CYC  13 ETOT(AU) -3.044642787383E+02 DETOT -1.83E-10 tst  9.04E-14 PX  6.22E-07
 TTTTTTTTTTTTTTTTTTTTTTTTTTTTTT DIIS        TELAPSE      896.46 TCPU      894.82
 DIIS TEST: 0.56899E-11 AT SCF   CYCLE  13 - DIIS ACTIVE - HISTORY:    13 CYCLES
 TTTTTTTTTTTTTTTTTTTTTTTTTTTTTT FDIK        TELAPSE      896.86 TCPU      895.22

    ALPHA      ELECTRONS
 INSULATING STATE
 TOP OF VALENCE BANDS -    BAND     24; K   69; EIG -8.7076927E-02 AU
 TOP OF VALENCE BANDS -    BAND     24; K    1; EIG -1.2314706E-01 AU
 BOTTOM OF VIRTUAL BANDS - BAND     25; K  534; EIG -4.0449621E-03 AU
 INDIRECT ENERGY BAND GAP:   2.2594 eV
 BOTTOM OF VIRTUAL BANDS - BAND     25; K    1; EIG  5.3420580E-02 AU

    BETA       ELECTRONS
 INSULATING STATE
 TOP OF VALENCE BANDS -    BAND     24; K   69; EIG -8.7076927E-02 AU
 TOP OF VALENCE BANDS -    BAND     24; K    1; EIG -1.2314706E-01 AU
 BOTTOM OF VIRTUAL BANDS - BAND     25; K  534; EIG -4.0449621E-03 AU
 INDIRECT ENERGY BAND GAP:   2.2594 eV
 BOTTOM OF VIRTUAL BANDS - BAND     25; K    1; EIG  5.3420580E-02 AU
 TTTTTTTTTTTTTTTTTTTTTTTTTTTTTT PDIG        TELAPSE      896.99 TCPU      895.35
 CHARGE NORMALIZATION FACTOR   1.00000000
 TOTAL ATOMIC CHARGES:
   5.9689607   6.0342729   6.0539210   5.9856302   6.0045899   5.9706537
   5.9883814   5.9935903
 SUMMED SPIN DENSITY          -0.00000000
 TOTAL ATOMIC SPINS  :
   0.0000000   0.0000000   0.0000000  -0.0000000   0.0000000  -0.0000000
   0.0000000   0.0000000
 TTTTTTTTTTTTTTTTTTTTTTTTTTTTTT MOQGAD      TELAPSE      896.99 TCPU      895.35
 TTTTTTTTTTTTTTTTTTTTTTTTTTTTTT SHELLXN     TELAPSE      958.97 TCPU      957.31
 +++ ENERGIES IN A.U. +++
 ::: EXT EL-POLE                                  -1.3547315489222E+03
 ::: EXT EL-SPHEROPOLE                             1.1726785873641E+01
 ::: BIELET ZONE E-E                               1.4050625736536E+03
 ::: TOTAL E-E                                     6.2057810605010E+01
 ::: TOTAL E-N + N-E                              -5.3604215752492E+02
 ::: TOTAL N-N                                    -9.8888846224937E+01
 ::: KINETIC ENERGY                                3.0352236767749E+02
 ::: PSEUDO TOTAL   ENERGY                        -2.6935082546735E+02
 ::: VIRIAL COEFFICIENT                            1.0596493999353E+00
 TTTTTTTTTTTTTTTTTTTTTTTTTTTTTT MONMO3      TELAPSE      959.02 TCPU      957.36
 NUMERICALLY INTEGRATED DENSITY     23.9999921404     23.9999921404
 EXCHANGE ENERGY: -0.330920381336E+02  CORRELATION ENERGY: -0.202141513733E+01
 TTTTTTTTTTTTTTTTTTTTTTTTTTTTTT NUMDFT      TELAPSE      959.73 TCPU      958.08
 CYC  14 ETOT(AU) -3.044642787383E+02 DETOT  4.06E-11 tst  6.82E-15 PX  6.22E-07

 == SCF ENDED - CONVERGENCE ON ENERGY      E(AU) -3.0446427873825E+02 CYCLES  14


 ENERGY EXPRESSION=HARTREE+FOCK EXCH*0.20000+(BECKE      EXCH)*0.80000+LYP        CORR


 TOTAL ENERGY(DFT)(AU)( 14) -3.0446427873825E+02 DE 4.1E-11 tester 6.8E-15
 TTTTTTTTTTTTTTTTTTTTTTTTTTTTTT EDFT        TELAPSE      959.74 TCPU      958.08
 
 INFORMATION **** DFTD3 ENERGY **** CALCULATE DFTD3 ENERGY

           DFT-D V3(BJ)
 DF                                         b3-lyp    
 parameters
 s6       :    1.0000
 s8       :    1.9889
 a1       :    0.3981
 a2       :    4.4211
 k1 k3    :   16.0000   -4.0000
 Cutoff   :   50.2022
 CN-Cutoff:   21.1671
 ABC-Cutoff:   21.1671
 
 Edisp /kcal,au:   -49.7172 -0.07922938

 E6    /kcal :   -23.9005
 E8    /kcal :   -25.8167
 
 INFORMATION **** DFTD3 ENERGY **** NORMAL TERMINATION OF DFTD3 MODULE

 *******************************************************************************

 DFT-D3 DISPERSION ENERGY CORRECTION

 D3 DISPERSION ENERGY (AU)       -7.9229378619240E-02
 TOTAL ENERGY + DISP (AU)        -3.0454350811687E+02

 *******************************************************************************


 NEIGHBORS OF THE NON-EQUIVALENT ATOMS

 N = NUMBER OF NEIGHBORS AT DISTANCE R
    ATOM  N     R/ANG      R/AU   NEIGHBORS (ATOM LABELS AND CELL INDICES)
   1 C    1     1.3364     2.5255    4 C    0 0 0
   1 C    1     1.4484     2.7371    5 C    0 1-1
   1 C    1     1.4578     2.7548    2 C    0 0-1
   1 C    1     2.3165     4.3775    6 C    0 1-1
   1 C    1     2.3645     4.4682    8 C    0 0 0
   1 C    1     2.4193     4.5719    6 C    0 0-1

   2 C    1     1.4282     2.6989    6 C    0 0 0
   2 C    1     1.4578     2.7548    1 C    0 0 1
   2 C    1     1.4747     2.7868    3 C    0 0 0
   2 C    1     1.5598     2.9476    8 C    0 0 0
   2 C    1     2.3513     4.4433    3 C   -1 0 0
   2 C    1     2.4667     4.6613    5 C    0 0 0

   3 C    1     1.4747     2.7868    2 C    0 0 0
   3 C    1     1.4944     2.8240    6 C    1 0 0
   3 C    1     1.5317     2.8945    8 C    0 0 0
   3 C    1     1.5778     2.9816    6 C    0 0 0
   3 C    1     2.3193     4.3829    4 C    0 0 0
   3 C    1     2.3513     4.4433    2 C    1 0 0

   4 C    1     1.3364     2.5255    1 C    0 0 0
   4 C    1     1.5727     2.9720    8 C    0 0 0
   4 C    1     1.5770     2.9801    7 C    0 0 0
   4 C    1     2.2734     4.2961    5 C    0 1-1
   4 C    1     2.3193     4.3829    3 C    0 0 0
   4 C    1     2.4919     4.7089    5 C    0 0-1

   5 C    1     1.4484     2.7371    1 C    0-1 1
   5 C    1     1.4697     2.7773    6 C    0 0 0
   5 C    1     1.6505     3.1191    7 C    0 0 1
   5 C    1     1.6712     3.1582    7 C   -1 0 1
   5 C    1     2.2734     4.2961    4 C    0-1 1
   5 C    1     2.3660     4.4711    8 C    0-1 1

   6 C    1     1.4282     2.6989    2 C    0 0 0
   6 C    1     1.4697     2.7773    5 C    0 0 0
   6 C    1     1.4944     2.8240    3 C   -1 0 0
   6 C    1     1.5778     2.9816    3 C    0 0 0
   6 C    1     2.2059     4.1686    8 C    0 0 0
   6 C    1     2.3165     4.3775    1 C    0-1 1

   7 C    1     1.5770     2.9801    4 C    0 0 0
   7 C    1     1.6505     3.1191    5 C    0 0-1
   7 C    1     1.6652     3.1467    8 C    0-1 0
   7 C    1     1.6712     3.1582    5 C    1 0-1
   7 C    1     2.4250     4.5826    1 C    0-1 0
   7 C    1     2.4605     4.6497    1 C    0 0 0

   8 C    1     1.5317     2.8945    3 C    0 0 0
   8 C    1     1.5598     2.9476    2 C    0 0 0
   8 C    1     1.5727     2.9720    4 C    0 0 0
   8 C    1     1.6652     3.1467    7 C    0 1 0
   8 C    1     2.2059     4.1686    6 C    0 0 0
   8 C    1     2.3645     4.4682    1 C    0 0 0

 TTTTTTTTTTTTTTTTTTTTTTTTTTTTTT AFTER FIRST TELAPSE      959.82 TCPU      958.13
 MMMMMMMMMMMMMMMMMMMMMMMMMMMMMMMMMMMMMMMMMMMMMMMMMMMMMMMMMMMMMMMMMMMMMMMMMMMMMMM
     ALPHA+BETA ELECTRONS
 MULLIKEN POPULATION ANALYSIS - NO. OF ELECTRONS   48.000000

  ATOM    Z CHARGE  A.O. POPULATION

   1 C    6  5.969  0.854  1.120  0.766  0.377  0.416  0.488  0.479 -0.035
                   -0.003  0.003  0.586  0.447  0.425  0.012  0.008  0.012
                    0.007  0.006
   2 C    6  6.034  0.853  1.121  0.742  0.475  0.485  0.467  0.435 -0.022
                    0.014  0.026  0.560  0.399  0.424  0.015  0.009  0.010
                    0.010  0.010
   3 C    6  6.054  0.854  1.121  0.750  0.550  0.420  0.443  0.464  0.027
                   -0.017 -0.007  0.369  0.528  0.503  0.006  0.014  0.008
                    0.011  0.013
   4 C    6  5.986  0.854  1.120  0.765  0.462  0.426  0.417  0.468 -0.036
                    0.014 -0.008  0.598  0.419  0.445  0.009  0.008  0.010
                    0.008  0.006
   5 C    6  6.005  0.854  1.121  0.756  0.452  0.402  0.475  0.438 -0.010
                   -0.003  0.003  0.523  0.480  0.468  0.010  0.009  0.009
                    0.011  0.007
   6 C    6  5.971  0.853  1.121  0.755  0.416  0.414  0.486  0.459  0.018
                   -0.005 -0.004  0.430  0.466  0.504  0.011  0.011  0.008
                    0.016  0.011
   7 C    6  5.988  0.854  1.121  0.763  0.529  0.403  0.416  0.389 -0.003
                    0.010 -0.014  0.491  0.476  0.520  0.004  0.007  0.007
                    0.011  0.006
   8 C    6  5.994  0.853  1.121  0.754  0.506  0.440  0.406  0.405 -0.028
                    0.011  0.022  0.578  0.467  0.412  0.011  0.009  0.015
                    0.005  0.006

  ATOM    Z CHARGE  SHELL POPULATION

   1 C    6  5.969  0.854  1.120  0.766  0.377  1.384 -0.034  1.458  0.045
   2 C    6  6.034  0.853  1.121  0.742  0.475  1.387  0.018  1.383  0.055
   3 C    6  6.054  0.854  1.121  0.750  0.550  1.326  0.003  1.399  0.052
   4 C    6  5.986  0.854  1.120  0.765  0.462  1.312 -0.030  1.462  0.040
   5 C    6  6.005  0.854  1.121  0.756  0.452  1.316 -0.010  1.472  0.045
   6 C    6  5.971  0.853  1.121  0.755  0.416  1.359  0.010  1.401  0.056
   7 C    6  5.988  0.854  1.121  0.763  0.529  1.207 -0.007  1.486  0.035
   8 C    6  5.994  0.853  1.121  0.754  0.506  1.251  0.006  1.457  0.046

 OVERLAP POPULATION CONDENSED TO ATOMS FOR FIRST   6 NEIGHBORS

 ATOM A   1 C    ATOM B     CELL      R(AB)/AU R(AB)/ANG    OVPOP(AB)
                  4 C    (  0  0  0)     2.525     1.336     0.511
                  5 C    (  0  1 -1)     2.737     1.448     0.327
                  2 C    (  0  0 -1)     2.755     1.458     0.360
                  6 C    (  0  1 -1)     4.377     2.316    -0.049
                  8 C    (  0  0  0)     4.468     2.364    -0.050
                  6 C    (  0  0 -1)     4.572     2.419    -0.015

 ATOM A   2 C    ATOM B     CELL      R(AB)/AU R(AB)/ANG    OVPOP(AB)
                  6 C    (  0  0  0)     2.699     1.428     0.213
                  1 C    (  0  0  1)     2.755     1.458     0.360
                  3 C    (  0  0  0)     2.787     1.475     0.025
                  8 C    (  0  0  0)     2.948     1.560     0.242
                  3 C    ( -1  0  0)     4.443     2.351    -0.028
                  5 C    (  0  0  0)     4.661     2.467    -0.014

 ATOM A   3 C    ATOM B     CELL      R(AB)/AU R(AB)/ANG    OVPOP(AB)
                  2 C    (  0  0  0)     2.787     1.475     0.025
                  6 C    (  1  0  0)     2.824     1.494     0.254
                  8 C    (  0  0  0)     2.895     1.532     0.244
                  6 C    (  0  0  0)     2.982     1.578     0.260
                  4 C    (  0  0  0)     4.383     2.319    -0.064
                  2 C    (  1  0  0)     4.443     2.351    -0.028

 ATOM A   4 C    ATOM B     CELL      R(AB)/AU R(AB)/ANG    OVPOP(AB)
                  1 C    (  0  0  0)     2.525     1.336     0.511
                  8 C    (  0  0  0)     2.972     1.573     0.332
                  7 C    (  0  0  0)     2.980     1.577     0.318
                  5 C    (  0  1 -1)     4.296     2.273    -0.039
                  3 C    (  0  0  0)     4.383     2.319    -0.064
                  5 C    (  0  0 -1)     4.709     2.492    -0.025

 ATOM A   5 C    ATOM B     CELL      R(AB)/AU R(AB)/ANG    OVPOP(AB)
                  1 C    (  0 -1  1)     2.737     1.448     0.327
                  6 C    (  0  0  0)     2.777     1.470     0.314
                  7 C    (  0  0  1)     3.119     1.651     0.316
                  7 C    ( -1  0  1)     3.158     1.671     0.263
                  4 C    (  0 -1  1)     4.296     2.273    -0.039
                  8 C    (  0 -1  1)     4.471     2.366    -0.042

 ATOM A   6 C    ATOM B     CELL      R(AB)/AU R(AB)/ANG    OVPOP(AB)
                  2 C    (  0  0  0)     2.699     1.428     0.213
                  5 C    (  0  0  0)     2.777     1.470     0.314
                  3 C    ( -1  0  0)     2.824     1.494     0.254
                  3 C    (  0  0  0)     2.982     1.578     0.260
                  8 C    (  0  0  0)     4.169     2.206    -0.036
                  1 C    (  0 -1  1)     4.377     2.316    -0.049

 ATOM A   7 C    ATOM B     CELL      R(AB)/AU R(AB)/ANG    OVPOP(AB)
                  4 C    (  0  0  0)     2.980     1.577     0.318
                  5 C    (  0  0 -1)     3.119     1.651     0.316
                  8 C    (  0 -1  0)     3.147     1.665     0.311
                  5 C    (  1  0 -1)     3.158     1.671     0.263
                  1 C    (  0 -1  0)     4.583     2.425    -0.023
                  1 C    (  0  0  0)     4.650     2.461    -0.027

 ATOM A   8 C    ATOM B     CELL      R(AB)/AU R(AB)/ANG    OVPOP(AB)
                  3 C    (  0  0  0)     2.895     1.532     0.244
                  2 C    (  0  0  0)     2.948     1.560     0.242
                  4 C    (  0  0  0)     2.972     1.573     0.332
                  7 C    (  0  1  0)     3.147     1.665     0.311
                  6 C    (  0  0  0)     4.169     2.206    -0.036
                  1 C    (  0  0  0)     4.468     2.364    -0.050
 TTTTTTTTTTTTTTTTTTTTTTTTTTTTTT AFTER FIRST TELAPSE      959.91 TCPU      958.14
 MMMMMMMMMMMMMMMMMMMMMMMMMMMMMMMMMMMMMMMMMMMMMMMMMMMMMMMMMMMMMMMMMMMMMMMMMMMMMMM
     ALPHA-BETA ELECTRONS
 MULLIKEN POPULATION ANALYSIS - NO. OF ELECTRONS   -0.000000

  ATOM    Z CHARGE  A.O. POPULATION

   1 C    6  0.000  0.000 -0.000  0.000 -0.000  0.000 -0.000  0.000 -0.000
                   -0.000 -0.000  0.000 -0.000  0.000 -0.000  0.000  0.000
                   -0.000  0.000
   2 C    6  0.000 -0.000  0.000 -0.000  0.000  0.000  0.000 -0.000 -0.000
                   -0.000  0.000  0.000 -0.000 -0.000  0.000 -0.000  0.000
                    0.000 -0.000
   3 C    6  0.000  0.000  0.000 -0.000  0.000 -0.000  0.000  0.000  0.000
                   -0.000 -0.000  0.000 -0.000  0.000  0.000 -0.000 -0.000
                   -0.000 -0.000
   4 C    6 -0.000 -0.000 -0.000  0.000 -0.000  0.000  0.000  0.000 -0.000
                   -0.000 -0.000  0.000  0.000 -0.000  0.000 -0.000 -0.000
                    0.000  0.000
   5 C    6  0.000  0.000 -0.000 -0.000  0.000 -0.000  0.000  0.000 -0.000
                   -0.000  0.000  0.000  0.000 -0.000  0.000  0.000  0.000
                   -0.000  0.000
   6 C    6 -0.000  0.000 -0.000  0.000 -0.000 -0.000 -0.000 -0.000  0.000
                    0.000  0.000 -0.000 -0.000 -0.000  0.000 -0.000  0.000
                    0.000  0.000
   7 C    6  0.000  0.000 -0.000  0.000 -0.000 -0.000 -0.000 -0.000  0.000
                   -0.000  0.000 -0.000 -0.000  0.000  0.000 -0.000  0.000
                    0.000  0.000
   8 C    6  0.000 -0.000  0.000 -0.000  0.000 -0.000 -0.000 -0.000  0.000
                   -0.000  0.000 -0.000  0.000 -0.000 -0.000  0.000  0.000
                   -0.000 -0.000

  ATOM    Z CHARGE  SHELL POPULATION

   1 C    6  0.000  0.000 -0.000  0.000 -0.000 -0.000 -0.000  0.000  0.000
   2 C    6  0.000 -0.000  0.000 -0.000  0.000  0.000  0.000 -0.000  0.000
   3 C    6  0.000  0.000  0.000 -0.000  0.000  0.000 -0.000  0.000 -0.000
   4 C    6 -0.000 -0.000 -0.000  0.000 -0.000  0.000 -0.000 -0.000  0.000
   5 C    6  0.000  0.000 -0.000 -0.000  0.000  0.000 -0.000  0.000  0.000
   6 C    6 -0.000  0.000 -0.000  0.000 -0.000 -0.000  0.000 -0.000  0.000
   7 C    6  0.000  0.000 -0.000  0.000 -0.000 -0.000  0.000  0.000  0.000
   8 C    6  0.000 -0.000  0.000 -0.000  0.000 -0.000  0.000 -0.000  0.000

 OVERLAP POPULATION CONDENSED TO ATOMS FOR FIRST   6 NEIGHBORS

 ATOM A   1 C    ATOM B     CELL      R(AB)/AU R(AB)/ANG    OVPOP(AB)
                  4 C    (  0  0  0)     2.525     1.336    -0.000
                  5 C    (  0  1 -1)     2.737     1.448    -0.000
                  2 C    (  0  0 -1)     2.755     1.458    -0.000
                  6 C    (  0  1 -1)     4.377     2.316    -0.000
                  8 C    (  0  0  0)     4.468     2.364    -0.000
                  6 C    (  0  0 -1)     4.572     2.419    -0.000

 ATOM A   2 C    ATOM B     CELL      R(AB)/AU R(AB)/ANG    OVPOP(AB)
                  6 C    (  0  0  0)     2.699     1.428     0.000
                  1 C    (  0  0  1)     2.755     1.458    -0.000
                  3 C    (  0  0  0)     2.787     1.475    -0.000
                  8 C    (  0  0  0)     2.948     1.560     0.000
                  3 C    ( -1  0  0)     4.443     2.351     0.000
                  5 C    (  0  0  0)     4.661     2.467    -0.000

 ATOM A   3 C    ATOM B     CELL      R(AB)/AU R(AB)/ANG    OVPOP(AB)
                  2 C    (  0  0  0)     2.787     1.475    -0.000
                  6 C    (  1  0  0)     2.824     1.494     0.000
                  8 C    (  0  0  0)     2.895     1.532    -0.000
                  6 C    (  0  0  0)     2.982     1.578     0.000
                  4 C    (  0  0  0)     4.383     2.319    -0.000
                  2 C    (  1  0  0)     4.443     2.351     0.000

 ATOM A   4 C    ATOM B     CELL      R(AB)/AU R(AB)/ANG    OVPOP(AB)
                  1 C    (  0  0  0)     2.525     1.336    -0.000
                  8 C    (  0  0  0)     2.972     1.573     0.000
                  7 C    (  0  0  0)     2.980     1.577     0.000
                  5 C    (  0  1 -1)     4.296     2.273    -0.000
                  3 C    (  0  0  0)     4.383     2.319    -0.000
                  5 C    (  0  0 -1)     4.709     2.492     0.000

 ATOM A   5 C    ATOM B     CELL      R(AB)/AU R(AB)/ANG    OVPOP(AB)
                  1 C    (  0 -1  1)     2.737     1.448    -0.000
                  6 C    (  0  0  0)     2.777     1.470     0.000
                  7 C    (  0  0  1)     3.119     1.651     0.000
                  7 C    ( -1  0  1)     3.158     1.671    -0.000
                  4 C    (  0 -1  1)     4.296     2.273    -0.000
                  8 C    (  0 -1  1)     4.471     2.366     0.000

 ATOM A   6 C    ATOM B     CELL      R(AB)/AU R(AB)/ANG    OVPOP(AB)
                  2 C    (  0  0  0)     2.699     1.428     0.000
                  5 C    (  0  0  0)     2.777     1.470     0.000
                  3 C    ( -1  0  0)     2.824     1.494     0.000
                  3 C    (  0  0  0)     2.982     1.578     0.000
                  8 C    (  0  0  0)     4.169     2.206    -0.000
                  1 C    (  0 -1  1)     4.377     2.316    -0.000

 ATOM A   7 C    ATOM B     CELL      R(AB)/AU R(AB)/ANG    OVPOP(AB)
                  4 C    (  0  0  0)     2.980     1.577     0.000
                  5 C    (  0  0 -1)     3.119     1.651     0.000
                  8 C    (  0 -1  0)     3.147     1.665    -0.000
                  5 C    (  1  0 -1)     3.158     1.671    -0.000
                  1 C    (  0 -1  0)     4.583     2.425    -0.000
                  1 C    (  0  0  0)     4.650     2.461    -0.000

 ATOM A   8 C    ATOM B     CELL      R(AB)/AU R(AB)/ANG    OVPOP(AB)
                  3 C    (  0  0  0)     2.895     1.532    -0.000
                  2 C    (  0  0  0)     2.948     1.560     0.000
                  4 C    (  0  0  0)     2.972     1.573     0.000
                  7 C    (  0  1  0)     3.147     1.665    -0.000
                  6 C    (  0  0  0)     4.169     2.206    -0.000
                  1 C    (  0  0  0)     4.468     2.364    -0.000
 EIGENVECTORS IN FORTRAN UNIT  8
 TTTTTTTTTTTTTTTTTTTTTTTTTTTTTT END         TELAPSE      963.11 TCPU      961.24
 EEEEEEEEEE TERMINATION  DATE 30 01 2026 TIME 23:00:18.7
NODE    0 CPU TIME =       961.237
NODE    1 CPU TIME =       961.625
NODE    2 CPU TIME =       961.525
NODE    3 CPU TIME =       961.538
NODE    4 CPU TIME =       961.480
NODE    5 CPU TIME =       961.581
NODE    6 CPU TIME =       961.536
NODE    7 CPU TIME =       961.528
NODE    8 CPU TIME =       961.526
NODE    9 CPU TIME =       961.439
NODE   10 CPU TIME =       961.510
NODE   11 CPU TIME =       961.547
NODE   12 CPU TIME =       961.581
NODE   13 CPU TIME =       961.532
NODE   14 CPU TIME =       961.534
NODE   15 CPU TIME =       961.557
NODE   16 CPU TIME =       961.604
NODE   17 CPU TIME =       961.550
NODE   18 CPU TIME =       961.567
NODE   19 CPU TIME =       961.533
NODE   20 CPU TIME =       961.547
NODE   21 CPU TIME =       961.572
NODE   22 CPU TIME =       961.558
NODE   23 CPU TIME =       961.555
NODE   24 CPU TIME =       961.418
NODE   25 CPU TIME =       961.565
NODE   26 CPU TIME =       961.531
NODE   27 CPU TIME =       961.374
NODE   28 CPU TIME =       961.587
NODE   29 CPU TIME =       961.615
NODE   30 CPU TIME =       961.701
NODE   31 CPU TIME =       961.633
    TOTAL CPU TIME =     30769.187
