MPI startup(): Warning: I_MPI_PMI_LIBRARY will be ignored since the hydra process manager was found
MPI startup(): Warning: I_MPI_PMI_LIBRARY will be ignored since the hydra process manager was found
MPI startup(): Warning: I_MPI_PMI_LIBRARY will be ignored since the hydra process manager was found
MPI startup(): Warning: I_MPI_PMI_LIBRARY will be ignored since the hydra process manager was found
MPI startup(): Warning: I_MPI_PMI_LIBRARY will be ignored since the hydra process manager was found
MPI startup(): Warning: I_MPI_PMI_LIBRARY will be ignored since the hydra process manager was found
MPI startup(): Warning: I_MPI_PMI_LIBRARY will be ignored since the hydra process manager was found
MPI startup(): Warning: I_MPI_PMI_LIBRARY will be ignored since the hydra process manager was found
MPI startup(): Warning: I_MPI_PMI_LIBRARY will be ignored since the hydra process manager was found
MPI startup(): Warning: I_MPI_PMI_LIBRARY will be ignored since the hydra process manager was found
MPI startup(): Warning: I_MPI_PMI_LIBRARY will be ignored since the hydra process manager was found
MPI startup(): Warning: I_MPI_PMI_LIBRARY will be ignored since the hydra process manager was found
MPI startup(): Warning: I_MPI_PMI_LIBRARY will be ignored since the hydra process manager was found
MPI startup(): Warning: I_MPI_PMI_LIBRARY will be ignored since the hydra process manager was found
MPI startup(): Warning: I_MPI_PMI_LIBRARY will be ignored since the hydra process manager was found
MPI startup(): Warning: I_MPI_PMI_LIBRARY will be ignored since the hydra process manager was found
MPI startup(): Warning: I_MPI_PMI_LIBRARY will be ignored since the hydra process manager was found
MPI startup(): Warning: I_MPI_PMI_LIBRARY will be ignored since the hydra process manager was found
MPI startup(): Warning: I_MPI_PMI_LIBRARY will be ignored since the hydra process manager was found
MPI startup(): Warning: I_MPI_PMI_LIBRARY will be ignored since the hydra process manager was found
MPI startup(): Warning: I_MPI_PMI_LIBRARY will be ignored since the hydra process manager was found
MPI startup(): Warning: I_MPI_PMI_LIBRARY will be ignored since the hydra process manager was found
MPI startup(): Warning: I_MPI_PMI_LIBRARY will be ignored since the hydra process manager was found
MPI startup(): Warning: I_MPI_PMI_LIBRARY will be ignored since the hydra process manager was found
MPI startup(): Warning: I_MPI_PMI_LIBRARY will be ignored since the hydra process manager was found
MPI startup(): Warning: I_MPI_PMI_LIBRARY will be ignored since the hydra process manager was found
MPI startup(): Warning: I_MPI_PMI_LIBRARY will be ignored since the hydra process manager was found
MPI startup(): Warning: I_MPI_PMI_LIBRARY will be ignored since the hydra process manager was found
MPI startup(): Warning: I_MPI_PMI_LIBRARY will be ignored since the hydra process manager was found
MPI startup(): Warning: I_MPI_PMI_LIBRARY will be ignored since the hydra process manager was found
MPI startup(): Warning: I_MPI_PMI_LIBRARY will be ignored since the hydra process manager was found
MPI startup(): Warning: I_MPI_PMI_LIBRARY will be ignored since the hydra process manager was found
 PROCESS           11  OF           32  WORKING
 PROCESS           14  OF           32  WORKING
 PROCESS           29  OF           32  WORKING
 PROCESS            7  OF           32  WORKING
 PROCESS           10  OF           32  WORKING
 PROCESS           22  OF           32  WORKING
 PROCESS            4  OF           32  WORKING
 PROCESS            0  OF           32  WORKING
 PROCESS           26  OF           32  WORKING
 PROCESS           19  OF           32  WORKING
 PROCESS           21  OF           32  WORKING

 PROCESS           25  OF           32  WORKING
 PROCESS            1  OF           32  WORKING
 PROCESS            5  OF           32  WORKING
 PROCESS            3  OF           32  WORKING
 PROCESS           24  OF           32  WORKING
 PROCESS            8  OF           32  WORKING
         
 PROCESS           15  OF           32  WORKING
 *******************************************************************************
 PROCESS           13  OF           32  WORKING
 PROCESS           23  OF           32  WORKING
 PROCESS           12  OF           32  WORKING
 *                                                                             *
 PROCESS           31  OF           32  WORKING
 *                               CRYSTAL23                                     *
 PROCESS            6  OF           32  WORKING
 PROCESS           27  OF           32  WORKING
 PROCESS           30  OF           32  WORKING
 PROCESS           16  OF           32  WORKING
 PROCESS           20  OF           32  WORKING
 PROCESS           28  OF           32  WORKING
 PROCESS           17  OF           32  WORKING
 *                      public : 1.0.1 - October 2022                          *
 PROCESS            2  OF           32  WORKING
 PROCESS           18  OF           32  WORKING
 *                       HTTP://WWW.CRYSTAL.UNITO.IT                           *
 *                                                                             *
 *                              MAIN AUTHORS                                   *
 *                                                                             *
 *  R. DOVESI(1,11), V.R. SAUNDERS(2), C. ROETTI(1,11), R. ORLANDO(1,11),      *
 *  C.M. ZICOVICH-WILSON(1,3), F. PASCALE(4), B. CIVALLERI(1,11),              *
 *  K. DOLL(5), N.M. HARRISON(6), I.J. BUSH(7), Ph. D'ARCO(8),                 *
 *  M. LLUNELL(9), M. CAUSA'(10), Y. NOEL(8), L. MASCHIO(1,11), A. ERBA(1,11)  *
 *  M. RE'RAT(14), S. CASASSA(1,11), B.G. SEARLE(2), J.K. DESMARAIS(1)         *
 *                                                                             *
 *        CONTRIBUTIONS TO THE CODE HAVE ALSO BEEN GIVEN BY                    *
 *                                                                             *
 *  M. FERRABONE(1,11), M. DE LA PIERRE(1,11), M. FERRERO(1,11),               *
 *  J. BAIMA(1,11), E. ALBANESE(1,11), M.F. PEINTINGER(12), R. BAST(13),       *
 *  B. KIRTMAN(15), V. LACIVITA(1,11), R. DEMICHELIS(1,16)                     *
 *  G. BRANDEBURG(17), S. SALUSTRO(1,11), G. SANSONE(1,11)                     *
 *  M.T. RUGGIERO(18), L.E. DAGA(1), L. DONA'(1), A. COSSARD(1)                *
 *                                                                             *
 * (1) THEORETICAL CHEMISTRY GROUP - UNIVERSITA' DI TORINO - TORINO (ITALY)    *
 * (2) SCIENTIFIC COMPUTING DEPARTMENT - STFC DARESBURY (UK)                   *
 * (3) UNIVERSIDAD AUTONOMA DEL ESTADO DE MORELOS - CUERNAVACA (MEXICO)        *
 * (4) UNIVERSITE' DE LORRAINE - NANCY (FRANCE)                                *
 * (5) UNIVERSITAET STUTTGART- STUTTGART (GERMANY)                             *
 * (6) IMPERIAL COLLEGE - LONDON (UK)                                          *
 * (7) SCIENTIFIC COMPUTING DEPARTMENT - STFC RAL (UK)                         *
 * (8) UPMC - SORBONNE UNIVERSITES - PARIS (FRANCE)                            *
 * (9) UNIVERSIDAD DE BARCELONA - BARCELONA (SPAIN)                            *
 *(10) UNIVERSITA' DI NAPOLI "FEDERICO II" - NAPOLI (ITALY)                    *
 *(11) NIS - NANOSTRUCTURED INTERFACES AND SURFACES - TORINO (ITALY)           *
 *(12) MPI FUER CHEMISCHE ENERGIEKONVERSION - MUELHEIM AN DER RUHR (GERMANY)   *
 *(13) UNIVERSITY OF TROMSO - TROMSO (NORWAY)                                  *
 *(14) UNIVERSITE' DE PAU ET DES PAYS DE L'ADOUR - PAU (FRANCE)                *
 *(15) UNIVERSITY OF CALIFORNIA SANTA BARBARA - SANTA BARBARA (USA)            *
 *(16) CURTIN UNIVERSITY - PERTH (AUSTRALIA)                                   *
 *(17) UNIVERSITY COLLEGE LONDON - LONDON (UK)                                 *
 *(18) UNIVERSITY OF VERMONT - BURLINGTON (USA)                                *
 *                                                                             *
 *******************************************************************************
 EEEEEEEEEE STARTING  DATE 30 01 2026 TIME 21:33:08.0
 ./3^2,4T32-CA_rev1_sp_B3LYP-D3-D3_optimized                                     
 PROCESS            9  OF           32  WORKING

 CRYSTAL CALCULATION
 (INPUT ACCORDING TO THE INTERNATIONAL TABLES FOR X-RAY CRYSTALLOGRAPHY)
 CRYSTAL FAMILY                       :  TETRAGONAL  
 CRYSTAL CLASS  (GROTH - 1921)        :  TETRAGONAL TRAPEZOHEDRAL             

 SPACE GROUP (NONCENTROSYMMETRIC)     :  P 41 2 2        

 LATTICE PARAMETERS  (ANGSTROMS AND DEGREES) - CONVENTIONAL CELL
        A           B           C        ALPHA        BETA       GAMMA
     6.66833     6.66833     3.37830    90.00000    90.00000    90.00000


 NUMBER OF IRREDUCIBLE ATOMS IN THE CONVENTIONAL CELL:    3

 INPUT COORDINATES

 ATOM AT. N.              COORDINATES
   1   6    -2.880072748279E-01  8.288452847417E-02 -9.992392565313E-02
   2   6    -2.515298915792E-01 -3.921150066105E-01  2.721053068242E-01
   3   6     9.157191576432E-02  9.157191576432E-02 -1.250000000000E-01

 *******************************************************************************

 << INFORMATION >>: FROM NOW ON, ALL COORDINATES REFER TO THE PRIMITIVE CELL

 *******************************************************************************

 LATTICE PARAMETERS  (ANGSTROMS AND DEGREES) - PRIMITIVE CELL
       A          B          C        ALPHA      BETA     GAMMA        VOLUME
    6.66833    6.66833    3.37830    90.00000  90.00000  90.00000    150.221561

 COORDINATES OF THE EQUIVALENT ATOMS (FRACTIONAL UNITS)

 N. ATOM EQUIV AT. N.          X                  Y                  Z

   1   1   1    6 C    -2.88007274828E-01  8.28845284742E-02 -9.99239256531E-02
   2   1   2    6 C     2.88007274828E-01 -8.28845284742E-02  4.00076074347E-01
   3   1   3    6 C    -2.88007274828E-01 -8.28845284742E-02 -4.00076074347E-01
   4   1   4    6 C     2.88007274828E-01  8.28845284742E-02  9.99239256531E-02
   5   1   5    6 C    -8.28845284742E-02  2.88007274828E-01  3.49923925653E-01
   6   1   6    6 C     8.28845284742E-02 -2.88007274828E-01 -1.50076074347E-01
   7   1   7    6 C     8.28845284742E-02  2.88007274828E-01 -3.49923925653E-01
   8   1   8    6 C    -8.28845284742E-02 -2.88007274828E-01  1.50076074347E-01

   9   2   1    6 C    -2.51529891579E-01 -3.92115006611E-01  2.72105306824E-01
  10   2   2    6 C     2.51529891579E-01  3.92115006611E-01 -2.27894693176E-01
  11   2   3    6 C    -2.51529891579E-01  3.92115006611E-01  2.27894693176E-01
  12   2   4    6 C     2.51529891579E-01 -3.92115006611E-01 -2.72105306824E-01
  13   2   5    6 C     3.92115006611E-01  2.51529891579E-01 -2.21053068242E-02
  14   2   6    6 C    -3.92115006611E-01 -2.51529891579E-01  4.77894693176E-01
  15   2   7    6 C    -3.92115006611E-01  2.51529891579E-01  2.21053068242E-02
  16   2   8    6 C     3.92115006611E-01 -2.51529891579E-01 -4.77894693176E-01

  17   3   1    6 C     9.15719157643E-02  9.15719157643E-02 -1.25000000000E-01
  18   3   2    6 C    -9.15719157643E-02 -9.15719157643E-02  3.75000000000E-01
  19   3   3    6 C     9.15719157643E-02 -9.15719157643E-02 -3.75000000000E-01
  20   3   4    6 C    -9.15719157643E-02  9.15719157643E-02  1.25000000000E-01

 NUMBER OF SYMMETRY OPERATORS         :    8
 *******************************************************************************
 * GEOMETRY EDITING - INPUT COORDINATES ARE GIVEN IN ANGSTROM         
 *******************************************************************************

 GEOMETRY NOW FULLY CONSISTENT WITH THE GROUP

 GCALCO - MAX INDICES DIRECT LATTICE VECTOR    11    11    23
 NO.OF VECTORS CREATED 6999 STARS  540 RMAX   119.05181 BOHR

 GEOMETRY FOR WAVE FUNCTION - DIMENSIONALITY OF THE SYSTEM    3
 (NON PERIODIC DIRECTION: LATTICE PARAMETER FORMALLY SET TO 500)
 *******************************************************************************
 LATTICE PARAMETERS (ANGSTROMS AND DEGREES) - BOHR = 0.5291772083 ANGSTROM
 PRIMITIVE CELL - CENTRING CODE 1/0 VOLUME=   150.221561 - DENSITY  2.653 g/cm^3
         A              B              C           ALPHA      BETA       GAMMA 
     6.66832552     6.66832552     3.37830367    90.000000  90.000000  90.000000
 *******************************************************************************
 ATOMS IN THE ASYMMETRIC UNIT    3 - ATOMS IN THE UNIT CELL:   20
     ATOM                 X/A                 Y/B                 Z/C    
 *******************************************************************************
      1 T   6 C    -2.880072748279E-01  8.288452847417E-02 -9.992392565313E-02
      2 F   6 C     2.880072748279E-01 -8.288452847417E-02  4.000760743469E-01
      3 F   6 C    -2.880072748279E-01 -8.288452847417E-02 -4.000760743469E-01
      4 F   6 C     2.880072748279E-01  8.288452847417E-02  9.992392565313E-02
      5 F   6 C    -8.288452847417E-02  2.880072748279E-01  3.499239256531E-01
      6 F   6 C     8.288452847417E-02 -2.880072748279E-01 -1.500760743469E-01
      7 F   6 C     8.288452847417E-02  2.880072748279E-01 -3.499239256531E-01
      8 F   6 C    -8.288452847417E-02 -2.880072748279E-01  1.500760743469E-01
      9 T   6 C    -2.515298915792E-01 -3.921150066105E-01  2.721053068242E-01
     10 F   6 C     2.515298915792E-01  3.921150066105E-01 -2.278946931758E-01
     11 F   6 C    -2.515298915792E-01  3.921150066105E-01  2.278946931758E-01
     12 F   6 C     2.515298915792E-01 -3.921150066105E-01 -2.721053068242E-01
     13 F   6 C     3.921150066105E-01  2.515298915792E-01 -2.210530682420E-02
     14 F   6 C    -3.921150066105E-01 -2.515298915792E-01  4.778946931758E-01
     15 F   6 C    -3.921150066105E-01  2.515298915792E-01  2.210530682420E-02
     16 F   6 C     3.921150066105E-01 -2.515298915792E-01 -4.778946931758E-01
     17 T   6 C     9.157191576432E-02  9.157191576432E-02 -1.250000000000E-01
     18 F   6 C    -9.157191576432E-02 -9.157191576432E-02  3.750000000000E-01
     19 F   6 C     9.157191576432E-02 -9.157191576432E-02 -3.750000000000E-01
     20 F   6 C    -9.157191576432E-02  9.157191576432E-02  1.250000000000E-01

 T = ATOM BELONGING TO THE ASYMMETRIC UNIT

 ****    8 SYMMOPS - TRANSLATORS IN FRACTIONAL UNITS
 **** MATRICES AND TRANSLATORS IN THE CRYSTALLOGRAPHIC REFERENCE FRAME
   V INV                    ROTATION MATRICES                   TRANSLATORS
   1   1  1.00  0.00  0.00  0.00  1.00  0.00  0.00  0.00  1.00  0.00  0.00  0.00
   2   2 -1.00  0.00  0.00  0.00 -1.00  0.00  0.00  0.00  1.00  0.00  0.00  0.50
   3   3  1.00  0.00  0.00  0.00 -1.00  0.00  0.00  0.00 -1.00  0.00  0.00  0.50
   4   4 -1.00  0.00  0.00  0.00  1.00  0.00  0.00  0.00 -1.00  0.00  0.00  0.00
   5   5  0.00 -1.00  0.00 -1.00  0.00  0.00  0.00  0.00 -1.00  0.00  0.00  0.25
   6   6  0.00  1.00  0.00  1.00  0.00  0.00  0.00  0.00 -1.00  0.00  0.00  0.75
   7   8  0.00  1.00  0.00 -1.00  0.00  0.00  0.00  0.00  1.00  0.00  0.00  0.75
   8   7  0.00 -1.00  0.00  1.00  0.00  0.00  0.00  0.00  1.00  0.00  0.00  0.25

 DIRECT LATTICE VECTORS CARTESIAN COMPONENTS (ANGSTROM)
          X                    Y                    Z
   0.666832552000E+01   0.000000000000E+00   0.000000000000E+00
   0.000000000000E+00   0.666832552000E+01   0.000000000000E+00
   0.000000000000E+00   0.000000000000E+00   0.337830367000E+01


 CARTESIAN COORDINATES - PRIMITIVE CELL
 *******************************************************************************
 *      ATOM          X(ANGSTROM)         Y(ANGSTROM)         Z(ANGSTROM)
 *******************************************************************************
    1     6 C    -1.920526260681E+00  5.527010164375E-01 -3.375733647548E-01
    2     6 C     1.920526260681E+00 -5.527010164375E-01  1.351578470245E+00
    3     6 C    -1.920526260681E+00 -5.527010164375E-01 -1.351578470245E+00
    4     6 C     1.920526260681E+00  5.527010164375E-01  3.375733647548E-01
    5     6 C    -5.527010164375E-01  1.920526260681E+00  1.182149282255E+00
    6     6 C     5.527010164375E-01 -1.920526260681E+00 -5.070025527452E-01
    7     6 C     5.527010164375E-01  1.920526260681E+00 -1.182149282255E+00
    8     6 C    -5.527010164375E-01 -1.920526260681E+00  5.070025527452E-01
    9     6 C    -1.677283195060E+00 -2.614750505356E+00  9.192543566707E-01
   10     6 C     1.677283195060E+00  2.614750505356E+00 -7.698974783293E-01
   11     6 C    -1.677283195060E+00  2.614750505356E+00  7.698974783293E-01
   12     6 C     1.677283195060E+00 -2.614750505356E+00 -9.192543566707E-01
   13     6 C     2.614750505356E+00  1.677283195060E+00 -7.467843917067E-02
   14     6 C    -2.614750505356E+00 -1.677283195060E+00  1.614473395829E+00
   15     6 C    -2.614750505356E+00  1.677283195060E+00  7.467843917067E-02
   16     6 C     2.614750505356E+00 -1.677283195060E+00 -1.614473395829E+00
   17     6 C     6.106313428065E-01  6.106313428065E-01 -4.222879587500E-01
   18     6 C    -6.106313428065E-01 -6.106313428065E-01  1.266863876250E+00
   19     6 C     6.106313428065E-01 -6.106313428065E-01 -1.266863876250E+00
   20     6 C    -6.106313428065E-01  6.106313428065E-01  4.222879587500E-01

 *******************************************************************************
 LOCAL ATOMIC FUNCTIONS BASIS SET
 *******************************************************************************
   ATOM   X(AU)   Y(AU)   Z(AU)  N. TYPE  EXPONENT  S COEF   P COEF   D/F/G COEF
 *******************************************************************************
   1 C   -3.629   1.044  -0.638
                                  1 S  
                                         1.358E+04 2.225E-04 0.000E+00 0.000E+00
                                         2.035E+03 1.723E-03 0.000E+00 0.000E+00
                                         4.632E+02 8.926E-03 0.000E+00 0.000E+00
                                         1.312E+02 3.573E-02 0.000E+00 0.000E+00
                                         4.285E+01 1.108E-01 0.000E+00 0.000E+00
                                         1.558E+01 2.430E-01 0.000E+00 0.000E+00
                                  2 S  
                                         6.207E+00 4.144E-01 0.000E+00 0.000E+00
                                         2.576E+00 2.374E-01 0.000E+00 0.000E+00
                                  3 S  
                                         4.941E-01 1.000E+00 0.000E+00 0.000E+00
                                  4 S  
                                         1.644E-01 1.000E+00 0.000E+00 0.000E+00
                           5-     7 P  
                                         3.470E+01 0.000E+00 5.333E-03 0.000E+00
                                         7.958E+00 0.000E+00 3.586E-02 0.000E+00
                                         2.378E+00 0.000E+00 1.422E-01 0.000E+00
                                         8.143E-01 0.000E+00 3.427E-01 0.000E+00
                           8-    10 P  
                                         5.662E-01 0.000E+00 1.000E+00 0.000E+00
                          11-    13 P  
                                         2.674E-01 0.000E+00 1.000E+00 0.000E+00
                          14-    18 D  
                                         8.792E-01 0.000E+00 0.000E+00 1.000E+00
   2 C    3.629  -1.044   2.554
   3 C   -3.629  -1.044  -2.554
   4 C    3.629   1.044   0.638
   5 C   -1.044   3.629   2.234
   6 C    1.044  -3.629  -0.958
   7 C    1.044   3.629  -2.234
   8 C   -1.044  -3.629   0.958
   9 C   -3.170  -4.941   1.737
  10 C    3.170   4.941  -1.455
  11 C   -3.170   4.941   1.455
  12 C    3.170  -4.941  -1.737
  13 C    4.941   3.170  -0.141
  14 C   -4.941  -3.170   3.051
  15 C   -4.941   3.170   0.141
  16 C    4.941  -3.170  -3.051
  17 C    1.154   1.154  -0.798
  18 C   -1.154  -1.154   2.394
  19 C    1.154  -1.154  -2.394
  20 C   -1.154   1.154   0.798
 INFORMATION **** SET_MPP **** PCRYSTAL CALCULATION
 INFORMATION **** READM2 **** NEW DEFAULT: FOCK/KS MATRIX MIXING SET TO 30 %
 INFORMATION **** READM2 **** NEW DEFAULT: FULL DIRECT SCF MODE
 INFORMATION **** READM2 **** NEW DEFAULT: COULOMB BIPOLAR BUFFER SET TO 32 Mb
 INFORMATION **** READM2 **** NEW DEFAULT: EXCHANGE BIPOLAR BUFFER SET TO 32 Mb

 *******************************************************************************
 NEW DEFAULT: DFT INTEGRATION GRID INCREASED TO XLGRID
 NEW DEFAULT: DIIS ACCELERATOR ACTIVE
 USE KEYWORD NODIIS TO TURN IT OFF
 *******************************************************************************

 INFORMATION **** DFTD3_INPUT **** PERFORM LATEST DISPERSION CORRECTION DFT-D3(BJ) WITH AUTOMATIC PARAMETER SETUP
 PLEASE CITE:
 (1) DFT-D3 Reference
  S. Grimme, J. Antony, S. Ehrlich, and H. Krieg, J. Chem. Phys. 132 (2010), 154104
 (2) BJ-Damping Reference
  S. Grimme, S. Ehrlich, and L. Goerigk, J. Comput. Chem. 32 (2011), 1456-1465
 (3) General DFT-D Review
  S. Grimme, A. Hansen, J. G. Brandenburg, and C. Bannwarth,
  Chem. Rev. 116 (2016), 5105-5154

 INFORMATION **** TOLINTEG **** COULOMB AND EXCHANGE SERIES TOLERANCES MODIFIED
 INFORMATION **** TOLDEE **** SCF TOL ON TOTAL ENERGY SET TO           9
 INFORMATION **** READM2 **** FULL DIRECT SCF (MONO AND BIEL INT) SELECTED
 INFORMATION **** MAXCYCLE **** MAX NUMBER OF SCF CYCLES SET TO         800
 INFORMATION **** DIIS **** DIIS FOR SCF ACTIVE
 INFORMATION **** DIIS **** LEVEL SHIFTER DISABLED
 INFORMATION **** PPAN ****  MULLIKEN POPULATION ANALYSIS AT THE END OF SCF
 *******************************************************************************
 N. OF ATOMS PER CELL        20  COULOMB OVERLAP TOL         (T1) 10**   -8
 NUMBER OF SHELLS           160  COULOMB PENETRATION TOL     (T2) 10**   -8
 NUMBER OF AO               360  EXCHANGE OVERLAP TOL        (T3) 10**   -8
 N. OF ELECTRONS PER CELL   120  EXCHANGE PSEUDO OVP (F(G))  (T4) 10**   -9
 CORE ELECTRONS PER CELL     40  EXCHANGE PSEUDO OVP (P(G))  (T5) 10**  -24
 N. OF SYMMETRY OPERATORS     8  POLE ORDER IN MONO ZONE                  4
 *******************************************************************************
 TYPE OF CALCULATION :  UNRESTRICTED OPEN SHELL
 KOHN-SHAM HAMILTONIAN

 (EXCHANGE)[CORRELATION] FUNCTIONAL:(BECKE 88)[LEE-YANG-PARR]

 NON-LOCAL WEIGHTING FACTOR (EXCHANGE) =           0.9000
 NON-LOCAL WEIGHTING FACTOR [CORRELATION] =        0.8100

 HYBRID EXCHANGE - PERCENTAGE OF FOCK EXCHANGE    20.0000

 SPIN POLARIZED DFT SELECTED

 CAPPA:IS1 12;IS2 12;IS3 12; K PTS MONK NET 196; SYMMOPS:K SPACE  16;G SPACE   8

 *******************************************************************************
 MAX NUMBER OF SCF CYCLES     800  CONVERGENCE ON DELTAP        10**-19
 WEIGHT OF F(I) IN F(I+1)      30% CONVERGENCE ON ENERGY        10**- 9
 SHRINK. FACT.(MONKH.)   12 12 12  NUMBER OF K POINTS IN THE IBZ    196
 SHRINKING FACTOR(GILAT NET)   24  NUMBER OF K POINTS(GILAT NET)   1183
 *******************************************************************************
 *** K POINTS COORDINATES (OBLIQUE COORDINATES IN UNITS OF IS = 12)
   1-R(  0  0  0)   2-C(  1  0  0)   3-C(  2  0  0)   4-C(  3  0  0)
   5-C(  4  0  0)   6-C(  5  0  0)   7-R(  6  0  0)   8-C(  1  1  0)
   9-C(  2  1  0)  10-C(  3  1  0)  11-C(  4  1  0)  12-C(  5  1  0)
  13-C(  6  1  0)  14-C(  2  2  0)  15-C(  3  2  0)  16-C(  4  2  0)
  17-C(  5  2  0)  18-C(  6  2  0)  19-C(  3  3  0)  20-C(  4  3  0)
  21-C(  5  3  0)  22-C(  6  3  0)  23-C(  4  4  0)  24-C(  5  4  0)
  25-C(  6  4  0)  26-C(  5  5  0)  27-C(  6  5  0)  28-R(  6  6  0)
  29-C(  0  0  1)  30-C(  1  0  1)  31-C(  2  0  1)  32-C(  3  0  1)
  33-C(  4  0  1)  34-C(  5  0  1)  35-C(  6  0  1)  36-C(  1  1  1)
  37-C(  2  1  1)  38-C(  3  1  1)  39-C(  4  1  1)  40-C(  5  1  1)
  41-C(  6  1  1)  42-C(  2  2  1)  43-C(  3  2  1)  44-C(  4  2  1)
  45-C(  5  2  1)  46-C(  6  2  1)  47-C(  3  3  1)  48-C(  4  3  1)
  49-C(  5  3  1)  50-C(  6  3  1)  51-C(  4  4  1)  52-C(  5  4  1)
  53-C(  6  4  1)  54-C(  5  5  1)  55-C(  6  5  1)  56-C(  6  6  1)
  57-C(  0  0  2)  58-C(  1  0  2)  59-C(  2  0  2)  60-C(  3  0  2)
  61-C(  4  0  2)  62-C(  5  0  2)  63-C(  6  0  2)  64-C(  1  1  2)
  65-C(  2  1  2)  66-C(  3  1  2)  67-C(  4  1  2)  68-C(  5  1  2)
  69-C(  6  1  2)  70-C(  2  2  2)  71-C(  3  2  2)  72-C(  4  2  2)
  73-C(  5  2  2)  74-C(  6  2  2)  75-C(  3  3  2)  76-C(  4  3  2)
  77-C(  5  3  2)  78-C(  6  3  2)  79-C(  4  4  2)  80-C(  5  4  2)
  81-C(  6  4  2)  82-C(  5  5  2)  83-C(  6  5  2)  84-C(  6  6  2)
  85-C(  0  0  3)  86-C(  1  0  3)  87-C(  2  0  3)  88-C(  3  0  3)
  89-C(  4  0  3)  90-C(  5  0  3)  91-C(  6  0  3)  92-C(  1  1  3)
  93-C(  2  1  3)  94-C(  3  1  3)  95-C(  4  1  3)  96-C(  5  1  3)
  97-C(  6  1  3)  98-C(  2  2  3)  99-C(  3  2  3) 100-C(  4  2  3)
 101-C(  5  2  3) 102-C(  6  2  3) 103-C(  3  3  3) 104-C(  4  3  3)
 105-C(  5  3  3) 106-C(  6  3  3) 107-C(  4  4  3) 108-C(  5  4  3)
 109-C(  6  4  3) 110-C(  5  5  3) 111-C(  6  5  3) 112-C(  6  6  3)
 113-C(  0  0  4) 114-C(  1  0  4) 115-C(  2  0  4) 116-C(  3  0  4)
 117-C(  4  0  4) 118-C(  5  0  4) 119-C(  6  0  4) 120-C(  1  1  4)
 121-C(  2  1  4) 122-C(  3  1  4) 123-C(  4  1  4) 124-C(  5  1  4)
 125-C(  6  1  4) 126-C(  2  2  4) 127-C(  3  2  4) 128-C(  4  2  4)
 129-C(  5  2  4) 130-C(  6  2  4) 131-C(  3  3  4) 132-C(  4  3  4)
 133-C(  5  3  4) 134-C(  6  3  4) 135-C(  4  4  4) 136-C(  5  4  4)
 137-C(  6  4  4) 138-C(  5  5  4) 139-C(  6  5  4) 140-C(  6  6  4)
 141-C(  0  0  5) 142-C(  1  0  5) 143-C(  2  0  5) 144-C(  3  0  5)
 145-C(  4  0  5) 146-C(  5  0  5) 147-C(  6  0  5) 148-C(  1  1  5)
 149-C(  2  1  5) 150-C(  3  1  5) 151-C(  4  1  5) 152-C(  5  1  5)
 153-C(  6  1  5) 154-C(  2  2  5) 155-C(  3  2  5) 156-C(  4  2  5)
 157-C(  5  2  5) 158-C(  6  2  5) 159-C(  3  3  5) 160-C(  4  3  5)
 161-C(  5  3  5) 162-C(  6  3  5) 163-C(  4  4  5) 164-C(  5  4  5)
 165-C(  6  4  5) 166-C(  5  5  5) 167-C(  6  5  5) 168-C(  6  6  5)
 169-R(  0  0  6) 170-C(  1  0  6) 171-C(  2  0  6) 172-C(  3  0  6)
 173-C(  4  0  6) 174-C(  5  0  6) 175-R(  6  0  6) 176-C(  1  1  6)
 177-C(  2  1  6) 178-C(  3  1  6) 179-C(  4  1  6) 180-C(  5  1  6)
 181-C(  6  1  6) 182-C(  2  2  6) 183-C(  3  2  6) 184-C(  4  2  6)
 185-C(  5  2  6) 186-C(  6  2  6) 187-C(  3  3  6) 188-C(  4  3  6)
 189-C(  5  3  6) 190-C(  6  3  6) 191-C(  4  4  6) 192-C(  5  4  6)
 193-C(  6  4  6) 194-C(  5  5  6) 195-C(  6  5  6) 196-R(  6  6  6)

 DIRECT LATTICE VECTORS COMPON. (A.U.)     RECIP. LATTICE VECTORS COMPON. (A.U.) 
        X            Y            Z              X            Y            Z
   12.6013090    0.0000000    0.0000000      0.4986137    0.0000000    0.0000000
    0.0000000   12.6013090    0.0000000      0.0000000    0.4986137    0.0000000
    0.0000000    0.0000000    6.3840687      0.0000000    0.0000000    0.9841976

 DISK SPACE FOR EIGENVECTORS (FTN 10)    50025600 REALS

 SYMMETRY ADAPTION OF THE BLOCH FUNCTIONS ENABLED
 TTTTTTTTTTTTTTTTTTTTTTTTTTTTTT gordsh1     TELAPSE        1.65 TCPU        0.71

 MATRIX SIZE: P(G) 1801544, F(G)  205020, P(G) IRR  117490, F(G) IRR   26833
 MAX G-VECTOR INDEX FOR 1- AND 2-ELECTRON INTEGRALS 215

 TTTTTTTTTTTTTTTTTTTTTTTTTTTTTT INPUT       TELAPSE        1.65 TCPU        0.71

 NEIGHBORS OF THE NON-EQUIVALENT ATOMS

 N = NUMBER OF NEIGHBORS AT DISTANCE R
    ATOM  N     R/ANG      R/AU   NEIGHBORS (ATOM LABELS AND CELL INDICES)
   1 C    1     1.3844     2.6162   15 C    0 0 0
   1 C    1     1.5000     2.8347    3 C    0 0 0
   1 C    1     1.5154     2.8638   20 C    0 0 0
   1 C    1     2.3532     4.4470   11 C    0 0 0
   1 C    1     2.3756     4.4892   18 C    0 0 0
   1 C    1     2.4256     4.5838   13 C   -1 0 0

   9 C    1     1.3844     2.6162    8 C    0 0 0
   9 C    1     1.4466     2.7336   11 C    0-1 0
   9 C    1     1.4970     2.8289   14 C    0 0 0
   9 C    1     2.2968     4.3402   18 C    0 0 0
   9 C    1     2.3532     4.4470    3 C    0 0 1
   9 C    1     2.4256     4.5838    5 C    0-1 0

  17 C    2     1.4849     2.8060   19 C    0 0 0   20 C    0 0 0
  17 C    2     1.5154     2.8638    4 C    0 0 0    7 C    0 0 0
  17 C    2     2.2968     4.3402   10 C    0 0 0   13 C    0 0 0
  17 C    2     2.3756     4.4892    2 C    0 0-1    5 C    0 0 0
  17 C    2     2.4158     4.5652   18 C    0 0 0   18 C    0 0-1
  17 C    2     2.4931     4.7114    2 C    0 0 0    5 C    0 0-1


 SYMMETRY ALLOWED INTERNAL DEGREE(S) OF FREEDOM:   7
 TTTTTTTTTTTTTTTTTTTTTTTTTTTTTT SYMM        TELAPSE        1.71 TCPU        0.76
 TTTTTTTTTTTTTTTTTTTTTTTTTTTTTT INT_SCREEN  TELAPSE        1.72 TCPU        0.76

 DFT PARAMETERS

     ATOM       ELECTRONS   NET CHARGE   R(ANGSTROM)
   1   6  C       6.0000      0.0000     0.77000000

 SIZE OF GRID=      72104
 TTTTTTTTTTTTTTTTTTTTTTTTTTTTTT MAKE_GRID2  TELAPSE        2.05 TCPU        1.09
 BECKE WEIGHT FUNCTION
 RADSAFE =     2.00
 TOLERANCES - DENSITY:10**- 6; POTENTIAL:10**- 9; GRID WGT:10**-14

 RADIAL INTEGRATION  - INTERVALS (POINTS,UPPER LIMIT):            1( 75,  4.0*R)

 ANGULAR INTEGRATION - INTERVALS (ACCURACY LEVEL [N. POINTS] UPPER LIMIT):
  1(  4[  86]   0.2)  2(  8[ 194]   0.5)  3( 12[ 350]   0.9)  4( 16[ 974]   3.5)
  5( 12[ 350]9999.0)
 TTTTTTTTTTTTTTTTTTTTTTTTTTTTTT INT_CALC    TELAPSE        2.07 TCPU        1.12
 EEEEEEEEEE INT_CALC TERMINATION  DATE 30 01 2026 TIME 21:33:08.9

 *******************************************************************************
 ./3^2,4T32-CA_rev1_sp_B3LYP-D3-D3_optimized                                     
 CRYSTAL - SCF - TYPE OF CALCULATION :  UNRESTRICTED OPEN SHELL
 *******************************************************************************

 CAPPA:IS1 12;IS2 12;IS3 12; K PTS MONK NET 196; SYMMOPS:K SPACE  16;G SPACE   8

 TTTTTTTTTTTTTTTTTTTTTTTTTTTTTT SDIK        TELAPSE        2.65 TCPU        1.69

 AAAAAAAAAAAAAAAAAAAAAAAAAAAAAAAAAAAAAAAAAAAAAAAAAAAAAAAAAAAAAAAAAAAAAAAAAAAAAAA
         ATOMIC WAVEFUNCTION(S)


 NUCLEAR CHARGE  6.0  SYMMETRY SPECIES            S    P
 N. ELECTRONS    6.0  NUMBER OF PRIMITIVE GTOS   10    6
                      NUMBER OF CONTRACTED GTOS   4    3
                      NUMBER OF CLOSED SHELLS     2    0
                      OPEN SHELL OCCUPATION       0    2

  ZNUC  SCFIT    TOTAL HF ENERGY   KINETIC ENERGY   VIRIAL THEOREM ACCURACY
   6.0    10    -3.766702350E+01  3.783137943E+01 -1.995655566E+00  1.6E-06

 AAAAAAAAAAAAAAAAAAAAAAAAAAAAAAAAAAAAAAAAAAAAAAAAAAAAAAAAAAAAAAAAAAAAAAAAAAAAAAA

 CHARGE NORMALIZATION FACTOR   1.00000000
 TOTAL ATOMIC CHARGES:
   6.0000000   6.0000000   6.0000000   6.0000000   6.0000000   6.0000000
   6.0000000   6.0000000   6.0000000   6.0000000   6.0000000   6.0000000
   6.0000000   6.0000000   6.0000000   6.0000000   6.0000000   6.0000000
   6.0000000   6.0000000
 SUMMED SPIN DENSITY           0.00000000
 TOTAL ATOMIC SPINS  :
   0.0000000   0.0000000   0.0000000   0.0000000   0.0000000   0.0000000
   0.0000000   0.0000000   0.0000000   0.0000000   0.0000000   0.0000000
   0.0000000   0.0000000   0.0000000   0.0000000   0.0000000   0.0000000
   0.0000000   0.0000000
 TTTTTTTTTTTTTTTTTTTTTTTTTTTTTT MOQGAD      TELAPSE        2.66 TCPU        1.70
 TTTTTTTTTTTTTTTTTTTTTTTTTTTTTT SHELLXN     TELAPSE       33.14 TCPU       32.18
 TTTTTTTTTTTTTTTTTTTTTTTTTTTTTT MONMO3      TELAPSE       33.18 TCPU       32.22
 NUMERICALLY INTEGRATED DENSITY     59.9999438090     59.9999438090
 TTTTTTTTTTTTTTTTTTTTTTTTTTTTTT NUMDFT      TELAPSE       33.66 TCPU       32.70
 CYC   0 ETOT(AU) -7.677151011515E+02 DETOT -7.68E+02 tst  0.00E+00 PX  1.00E+00
 TTTTTTTTTTTTTTTTTTTTTTTTTTTTTT DIIS        TELAPSE       33.84 TCPU       32.87
 TTTTTTTTTTTTTTTTTTTTTTTTTTTTTT FDIK        TELAPSE       39.99 TCPU       39.02

    ALPHA      ELECTRONS
 INSULATING STATE
 TOP OF VALENCE BANDS -    BAND     60; K  141; EIG -1.7943093E-01 AU
 TOP OF VALENCE BANDS -    BAND     60; K    1; EIG -2.3313469E-01 AU
 BOTTOM OF VIRTUAL BANDS - BAND     61; K   84; EIG -1.6089031E-01 AU
 INDIRECT ENERGY BAND GAP:   0.5045 eV
 BOTTOM OF VIRTUAL BANDS - BAND     61; K    1; EIG -1.2597321E-01 AU

    BETA       ELECTRONS
 INSULATING STATE
 TOP OF VALENCE BANDS -    BAND     60; K  141; EIG -1.7943093E-01 AU
 TOP OF VALENCE BANDS -    BAND     60; K    1; EIG -2.3313469E-01 AU
 BOTTOM OF VIRTUAL BANDS - BAND     61; K   84; EIG -1.6089031E-01 AU
 INDIRECT ENERGY BAND GAP:   0.5045 eV
 BOTTOM OF VIRTUAL BANDS - BAND     61; K    1; EIG -1.2597321E-01 AU
 TTTTTTTTTTTTTTTTTTTTTTTTTTTTTT PDIG        TELAPSE       40.44 TCPU       39.48
 CHARGE NORMALIZATION FACTOR   1.00000000
 TOTAL ATOMIC CHARGES:
   5.9454540   5.9454540   5.9454540   5.9454540   5.9454540   5.9454540
   5.9454540   5.9454540   6.0239647   6.0239647   6.0239647   6.0239647
   6.0239647   6.0239647   6.0239647   6.0239647   6.0611626   6.0611626
   6.0611626   6.0611626
 SUMMED SPIN DENSITY           0.00000000
 TOTAL ATOMIC SPINS  :
  -0.0000000  -0.0000000  -0.0000000  -0.0000000  -0.0000000  -0.0000000
  -0.0000000  -0.0000000   0.0000000   0.0000000   0.0000000   0.0000000
   0.0000000   0.0000000   0.0000000   0.0000000   0.0000000   0.0000000
   0.0000000   0.0000000
 TTTTTTTTTTTTTTTTTTTTTTTTTTTTTT MOQGAD      TELAPSE       40.45 TCPU       39.48
 TTTTTTTTTTTTTTTTTTTTTTTTTTTTTT SHELLXN     TELAPSE       72.23 TCPU       71.25
 TTTTTTTTTTTTTTTTTTTTTTTTTTTTTT MONMO3      TELAPSE       72.26 TCPU       71.28
 NUMERICALLY INTEGRATED DENSITY     59.9999577629     59.9999577629
 TTTTTTTTTTTTTTTTTTTTTTTTTTTTTT NUMDFT      TELAPSE       72.74 TCPU       71.76
 CYC   1 ETOT(AU) -7.614866236121E+02 DETOT  6.23E+00 tst  0.00E+00 PX  1.00E+00
 TTTTTTTTTTTTTTTTTTTTTTTTTTTTTT DIIS        TELAPSE       72.89 TCPU       71.91
 DIIS TEST: 0.60387E+00 AT SCF   CYCLE   1 - MIX   30 %
 TTTTTTTTTTTTTTTTTTTTTTTTTTTTTT FDIK        TELAPSE       76.06 TCPU       75.08

    ALPHA      ELECTRONS
 INSULATING STATE
 TOP OF VALENCE BANDS -    BAND     60; K  141; EIG -1.1874946E-01 AU
 TOP OF VALENCE BANDS -    BAND     60; K    1; EIG -1.8004869E-01 AU
 BOTTOM OF VIRTUAL BANDS - BAND     61; K   84; EIG -9.6006551E-02 AU
 INDIRECT ENERGY BAND GAP:   0.6189 eV
 BOTTOM OF VIRTUAL BANDS - BAND     61; K    1; EIG -4.9054123E-02 AU

    BETA       ELECTRONS
 INSULATING STATE
 TOP OF VALENCE BANDS -    BAND     60; K  141; EIG -1.1874946E-01 AU
 TOP OF VALENCE BANDS -    BAND     60; K    1; EIG -1.8004869E-01 AU
 BOTTOM OF VIRTUAL BANDS - BAND     61; K   84; EIG -9.6006551E-02 AU
 INDIRECT ENERGY BAND GAP:   0.6189 eV
 BOTTOM OF VIRTUAL BANDS - BAND     61; K    1; EIG -4.9054123E-02 AU
 TTTTTTTTTTTTTTTTTTTTTTTTTTTTTT PDIG        TELAPSE       76.51 TCPU       75.52
 CHARGE NORMALIZATION FACTOR   1.00000000
 TOTAL ATOMIC CHARGES:
   6.0147222   6.0147222   6.0147222   6.0147222   6.0147222   6.0147222
   6.0147222   6.0147222   5.9584924   5.9584924   5.9584924   5.9584924
   5.9584924   5.9584924   5.9584924   5.9584924   6.0535708   6.0535708
   6.0535708   6.0535708
 SUMMED SPIN DENSITY           0.00000000
 TOTAL ATOMIC SPINS  :
  -0.0000000  -0.0000000  -0.0000000  -0.0000000  -0.0000000  -0.0000000
  -0.0000000  -0.0000000  -0.0000000  -0.0000000  -0.0000000  -0.0000000
  -0.0000000  -0.0000000  -0.0000000  -0.0000000   0.0000000   0.0000000
   0.0000000   0.0000000
 TTTTTTTTTTTTTTTTTTTTTTTTTTTTTT MOQGAD      TELAPSE       76.51 TCPU       75.53
 TTTTTTTTTTTTTTTTTTTTTTTTTTTTTT SHELLXN     TELAPSE      108.31 TCPU      107.31
 TTTTTTTTTTTTTTTTTTTTTTTTTTTTTT MONMO3      TELAPSE      108.35 TCPU      107.35
 NUMERICALLY INTEGRATED DENSITY     59.9999534622     59.9999534622
 TTTTTTTTTTTTTTTTTTTTTTTTTTTTTT NUMDFT      TELAPSE      108.82 TCPU      107.81
 CYC   2 ETOT(AU) -7.615260198003E+02 DETOT -3.94E-02 tst  3.59E-04 PX  1.12E-01
 TTTTTTTTTTTTTTTTTTTTTTTTTTTTTT DIIS        TELAPSE      109.01 TCPU      108.00
 DIIS TEST: 0.26119E+00 AT SCF   CYCLE   2 - DIIS ACTIVE - HISTORY:     2 CYCLES
 TTTTTTTTTTTTTTTTTTTTTTTTTTTTTT FDIK        TELAPSE      111.97 TCPU      110.97

    ALPHA      ELECTRONS
 INSULATING STATE
 TOP OF VALENCE BANDS -    BAND     60; K  141; EIG -1.0874950E-01 AU
 TOP OF VALENCE BANDS -    BAND     60; K    1; EIG -1.6818652E-01 AU
 BOTTOM OF VIRTUAL BANDS - BAND     61; K   84; EIG -6.9921920E-02 AU
 INDIRECT ENERGY BAND GAP:   1.0566 eV
 BOTTOM OF VIRTUAL BANDS - BAND     61; K    1; EIG -3.1257268E-02 AU

    BETA       ELECTRONS
 INSULATING STATE
 TOP OF VALENCE BANDS -    BAND     60; K  141; EIG -1.0874950E-01 AU
 TOP OF VALENCE BANDS -    BAND     60; K    1; EIG -1.6818652E-01 AU
 BOTTOM OF VIRTUAL BANDS - BAND     61; K   84; EIG -6.9921920E-02 AU
 INDIRECT ENERGY BAND GAP:   1.0566 eV
 BOTTOM OF VIRTUAL BANDS - BAND     61; K    1; EIG -3.1257268E-02 AU
 TTTTTTTTTTTTTTTTTTTTTTTTTTTTTT PDIG        TELAPSE      112.42 TCPU      111.41
 CHARGE NORMALIZATION FACTOR   1.00000000
 TOTAL ATOMIC CHARGES:
   5.9335075   5.9335075   5.9335075   5.9335075   5.9335075   5.9335075
   5.9335075   5.9335075   6.0639191   6.0639191   6.0639191   6.0639191
   6.0639191   6.0639191   6.0639191   6.0639191   6.0051469   6.0051469
   6.0051469   6.0051469
 SUMMED SPIN DENSITY           0.00000000
 TOTAL ATOMIC SPINS  :
  -0.0000000  -0.0000000  -0.0000000  -0.0000000  -0.0000000  -0.0000000
  -0.0000000  -0.0000000   0.0000000   0.0000000   0.0000000   0.0000000
   0.0000000   0.0000000   0.0000000   0.0000000   0.0000000   0.0000000
   0.0000000   0.0000000
 TTTTTTTTTTTTTTTTTTTTTTTTTTTTTT MOQGAD      TELAPSE      112.43 TCPU      111.42
 TTTTTTTTTTTTTTTTTTTTTTTTTTTTTT SHELLXN     TELAPSE      144.17 TCPU      143.16
 TTTTTTTTTTTTTTTTTTTTTTTTTTTTTT MONMO3      TELAPSE      144.21 TCPU      143.20
 NUMERICALLY INTEGRATED DENSITY     59.9999518726     59.9999518726
 TTTTTTTTTTTTTTTTTTTTTTTTTTTTTT NUMDFT      TELAPSE      144.68 TCPU      143.66
 CYC   3 ETOT(AU) -7.615129146668E+02 DETOT  1.31E-02 tst  7.85E-04 PX  3.08E-02
 TTTTTTTTTTTTTTTTTTTTTTTTTTTTTT DIIS        TELAPSE      144.82 TCPU      143.80
 DIIS TEST: 0.77025E+00 AT SCF   CYCLE   3 - DIIS ACTIVE - HISTORY:     3 CYCLES
 TTTTTTTTTTTTTTTTTTTTTTTTTTTTTT FDIK        TELAPSE      147.70 TCPU      146.68

    ALPHA      ELECTRONS
 INSULATING STATE
 TOP OF VALENCE BANDS -    BAND     60; K  141; EIG -1.1092806E-01 AU
 TOP OF VALENCE BANDS -    BAND     60; K    1; EIG -1.7350538E-01 AU
 BOTTOM OF VIRTUAL BANDS - BAND     61; K   84; EIG -7.6468621E-02 AU
 INDIRECT ENERGY BAND GAP:   0.9377 eV
 BOTTOM OF VIRTUAL BANDS - BAND     61; K    1; EIG -3.1008512E-02 AU

    BETA       ELECTRONS
 INSULATING STATE
 TOP OF VALENCE BANDS -    BAND     60; K  141; EIG -1.1092806E-01 AU
 TOP OF VALENCE BANDS -    BAND     60; K    1; EIG -1.7350538E-01 AU
 BOTTOM OF VIRTUAL BANDS - BAND     61; K   84; EIG -7.6468621E-02 AU
 INDIRECT ENERGY BAND GAP:   0.9377 eV
 BOTTOM OF VIRTUAL BANDS - BAND     61; K    1; EIG -3.1008512E-02 AU
 TTTTTTTTTTTTTTTTTTTTTTTTTTTTTT PDIG        TELAPSE      148.15 TCPU      147.12
 CHARGE NORMALIZATION FACTOR   1.00000000
 TOTAL ATOMIC CHARGES:
   5.9787813   5.9787813   5.9787813   5.9787813   5.9787813   5.9787813
   5.9787813   5.9787813   5.9962684   5.9962684   5.9962684   5.9962684
   5.9962684   5.9962684   5.9962684   5.9962684   6.0499006   6.0499006
   6.0499006   6.0499006
 SUMMED SPIN DENSITY           0.00000000
 TOTAL ATOMIC SPINS  :
  -0.0000000  -0.0000000  -0.0000000  -0.0000000  -0.0000000  -0.0000000
  -0.0000000  -0.0000000   0.0000000   0.0000000   0.0000000   0.0000000
   0.0000000   0.0000000   0.0000000   0.0000000  -0.0000000  -0.0000000
  -0.0000000  -0.0000000
 TTTTTTTTTTTTTTTTTTTTTTTTTTTTTT MOQGAD      TELAPSE      148.15 TCPU      147.13
 TTTTTTTTTTTTTTTTTTTTTTTTTTTTTT SHELLXN     TELAPSE      179.96 TCPU      178.91
 TTTTTTTTTTTTTTTTTTTTTTTTTTTTTT MONMO3      TELAPSE      180.00 TCPU      178.95
 NUMERICALLY INTEGRATED DENSITY     59.9999528786     59.9999528786
 TTTTTTTTTTTTTTTTTTTTTTTTTTTTTT NUMDFT      TELAPSE      180.46 TCPU      179.42
 CYC   4 ETOT(AU) -7.615345095859E+02 DETOT -2.16E-02 tst  3.51E-04 PX  2.20E-02
 TTTTTTTTTTTTTTTTTTTTTTTTTTTTTT DIIS        TELAPSE      180.60 TCPU      179.56
 DIIS TEST: 0.47146E-02 AT SCF   CYCLE   4 - DIIS ACTIVE - HISTORY:     4 CYCLES
 TTTTTTTTTTTTTTTTTTTTTTTTTTTTTT FDIK        TELAPSE      183.56 TCPU      182.52

    ALPHA      ELECTRONS
 INSULATING STATE
 TOP OF VALENCE BANDS -    BAND     60; K  141; EIG -1.1225200E-01 AU
 TOP OF VALENCE BANDS -    BAND     60; K    1; EIG -1.7389825E-01 AU
 BOTTOM OF VIRTUAL BANDS - BAND     61; K   84; EIG -7.7371426E-02 AU
 INDIRECT ENERGY BAND GAP:   0.9491 eV
 BOTTOM OF VIRTUAL BANDS - BAND     61; K    1; EIG -3.1941533E-02 AU

    BETA       ELECTRONS
 INSULATING STATE
 TOP OF VALENCE BANDS -    BAND     60; K  141; EIG -1.1225200E-01 AU
 TOP OF VALENCE BANDS -    BAND     60; K    1; EIG -1.7389825E-01 AU
 BOTTOM OF VIRTUAL BANDS - BAND     61; K   84; EIG -7.7371426E-02 AU
 INDIRECT ENERGY BAND GAP:   0.9491 eV
 BOTTOM OF VIRTUAL BANDS - BAND     61; K    1; EIG -3.1941533E-02 AU
 TTTTTTTTTTTTTTTTTTTTTTTTTTTTTT PDIG        TELAPSE      184.01 TCPU      182.96
 CHARGE NORMALIZATION FACTOR   1.00000000
 TOTAL ATOMIC CHARGES:
   5.9872043   5.9872043   5.9872043   5.9872043   5.9872043   5.9872043
   5.9872043   5.9872043   5.9955232   5.9955232   5.9955232   5.9955232
   5.9955232   5.9955232   5.9955232   5.9955232   6.0345452   6.0345452
   6.0345452   6.0345452
 SUMMED SPIN DENSITY           0.00000000
 TOTAL ATOMIC SPINS  :
   0.0000000   0.0000000   0.0000000   0.0000000   0.0000000   0.0000000
   0.0000000   0.0000000   0.0000000   0.0000000   0.0000000   0.0000000
   0.0000000   0.0000000   0.0000000   0.0000000  -0.0000000  -0.0000000
  -0.0000000  -0.0000000
 TTTTTTTTTTTTTTTTTTTTTTTTTTTTTT MOQGAD      TELAPSE      184.01 TCPU      182.97
 TTTTTTTTTTTTTTTTTTTTTTTTTTTTTT SHELLXN     TELAPSE      215.81 TCPU      214.75
 TTTTTTTTTTTTTTTTTTTTTTTTTTTTTT MONMO3      TELAPSE      215.85 TCPU      214.79
 NUMERICALLY INTEGRATED DENSITY     59.9999529424     59.9999529424
 TTTTTTTTTTTTTTTTTTTTTTTTTTTTTT NUMDFT      TELAPSE      216.31 TCPU      215.25
 CYC   5 ETOT(AU) -7.615346211693E+02 DETOT -1.12E-04 tst  3.97E-06 PX  7.89E-03
 TTTTTTTTTTTTTTTTTTTTTTTTTTTTTT DIIS        TELAPSE      216.44 TCPU      215.38
 DIIS TEST: 0.23663E-02 AT SCF   CYCLE   5 - DIIS ACTIVE - HISTORY:     5 CYCLES
 TTTTTTTTTTTTTTTTTTTTTTTTTTTTTT FDIK        TELAPSE      219.24 TCPU      218.18

    ALPHA      ELECTRONS
 INSULATING STATE
 TOP OF VALENCE BANDS -    BAND     60; K  141; EIG -1.1208525E-01 AU
 TOP OF VALENCE BANDS -    BAND     60; K    1; EIG -1.7418821E-01 AU
 BOTTOM OF VIRTUAL BANDS - BAND     61; K   84; EIG -7.7001132E-02 AU
 INDIRECT ENERGY BAND GAP:   0.9547 eV
 BOTTOM OF VIRTUAL BANDS - BAND     61; K    1; EIG -3.1893295E-02 AU

    BETA       ELECTRONS
 INSULATING STATE
 TOP OF VALENCE BANDS -    BAND     60; K  141; EIG -1.1208525E-01 AU
 TOP OF VALENCE BANDS -    BAND     60; K    1; EIG -1.7418821E-01 AU
 BOTTOM OF VIRTUAL BANDS - BAND     61; K   84; EIG -7.7001132E-02 AU
 INDIRECT ENERGY BAND GAP:   0.9547 eV
 BOTTOM OF VIRTUAL BANDS - BAND     61; K    1; EIG -3.1893295E-02 AU
 TTTTTTTTTTTTTTTTTTTTTTTTTTTTTT PDIG        TELAPSE      219.68 TCPU      218.62
 CHARGE NORMALIZATION FACTOR   1.00000000
 TOTAL ATOMIC CHARGES:
   5.9816295   5.9816295   5.9816295   5.9816295   5.9816295   5.9816295
   5.9816295   5.9816295   5.9971894   5.9971894   5.9971894   5.9971894
   5.9971894   5.9971894   5.9971894   5.9971894   6.0423622   6.0423622
   6.0423622   6.0423622
 SUMMED SPIN DENSITY           0.00000000
 TOTAL ATOMIC SPINS  :
   0.0000000   0.0000000   0.0000000   0.0000000   0.0000000   0.0000000
   0.0000000   0.0000000  -0.0000000  -0.0000000  -0.0000000  -0.0000000
  -0.0000000  -0.0000000  -0.0000000  -0.0000000  -0.0000000  -0.0000000
  -0.0000000  -0.0000000
 TTTTTTTTTTTTTTTTTTTTTTTTTTTTTT MOQGAD      TELAPSE      219.69 TCPU      218.63
 TTTTTTTTTTTTTTTTTTTTTTTTTTTTTT SHELLXN     TELAPSE      251.44 TCPU      250.37
 TTTTTTTTTTTTTTTTTTTTTTTTTTTTTT MONMO3      TELAPSE      251.48 TCPU      250.41
 NUMERICALLY INTEGRATED DENSITY     59.9999529206     59.9999529206
 TTTTTTTTTTTTTTTTTTTTTTTTTTTTTT NUMDFT      TELAPSE      251.95 TCPU      250.88
 CYC   6 ETOT(AU) -7.615346968006E+02 DETOT -7.56E-05 tst  7.69E-07 PX  2.34E-03
 TTTTTTTTTTTTTTTTTTTTTTTTTTTTTT DIIS        TELAPSE      252.08 TCPU      251.00
 DIIS TEST: 0.11542E-03 AT SCF   CYCLE   6 - DIIS ACTIVE - HISTORY:     6 CYCLES
 TTTTTTTTTTTTTTTTTTTTTTTTTTTTTT FDIK        TELAPSE      255.06 TCPU      253.98

    ALPHA      ELECTRONS
 INSULATING STATE
 TOP OF VALENCE BANDS -    BAND     60; K  141; EIG -1.1203921E-01 AU
 TOP OF VALENCE BANDS -    BAND     60; K    1; EIG -1.7403106E-01 AU
 BOTTOM OF VIRTUAL BANDS - BAND     61; K   84; EIG -7.6853141E-02 AU
 INDIRECT ENERGY BAND GAP:   0.9575 eV
 BOTTOM OF VIRTUAL BANDS - BAND     61; K    1; EIG -3.1747056E-02 AU

    BETA       ELECTRONS
 INSULATING STATE
 TOP OF VALENCE BANDS -    BAND     60; K  141; EIG -1.1203921E-01 AU
 TOP OF VALENCE BANDS -    BAND     60; K    1; EIG -1.7403106E-01 AU
 BOTTOM OF VIRTUAL BANDS - BAND     61; K   84; EIG -7.6853141E-02 AU
 INDIRECT ENERGY BAND GAP:   0.9575 eV
 BOTTOM OF VIRTUAL BANDS - BAND     61; K    1; EIG -3.1747056E-02 AU
 TTTTTTTTTTTTTTTTTTTTTTTTTTTTTT PDIG        TELAPSE      255.51 TCPU      254.43
 CHARGE NORMALIZATION FACTOR   1.00000000
 TOTAL ATOMIC CHARGES:
   5.9824581   5.9824581   5.9824581   5.9824581   5.9824581   5.9824581
   5.9824581   5.9824581   5.9970143   5.9970143   5.9970143   5.9970143
   5.9970143   5.9970143   5.9970143   5.9970143   6.0410553   6.0410553
   6.0410553   6.0410553
 SUMMED SPIN DENSITY           0.00000000
 TOTAL ATOMIC SPINS  :
   0.0000000   0.0000000   0.0000000   0.0000000   0.0000000   0.0000000
   0.0000000   0.0000000   0.0000000   0.0000000   0.0000000   0.0000000
   0.0000000   0.0000000   0.0000000   0.0000000  -0.0000000  -0.0000000
  -0.0000000  -0.0000000
 TTTTTTTTTTTTTTTTTTTTTTTTTTTTTT MOQGAD      TELAPSE      255.51 TCPU      254.43
 TTTTTTTTTTTTTTTTTTTTTTTTTTTTTT SHELLXN     TELAPSE      287.29 TCPU      286.19
 TTTTTTTTTTTTTTTTTTTTTTTTTTTTTT MONMO3      TELAPSE      287.33 TCPU      286.23
 NUMERICALLY INTEGRATED DENSITY     59.9999529012     59.9999529012
 TTTTTTTTTTTTTTTTTTTTTTTTTTTTTT NUMDFT      TELAPSE      287.79 TCPU      286.70
 CYC   7 ETOT(AU) -7.615347005098E+02 DETOT -3.71E-06 tst  1.17E-07 PX  4.66E-04
 TTTTTTTTTTTTTTTTTTTTTTTTTTTTTT DIIS        TELAPSE      287.93 TCPU      286.83
 DIIS TEST: 0.58404E-06 AT SCF   CYCLE   7 - DIIS ACTIVE - HISTORY:     7 CYCLES
 TTTTTTTTTTTTTTTTTTTTTTTTTTTTTT FDIK        TELAPSE      290.92 TCPU      289.82

    ALPHA      ELECTRONS
 INSULATING STATE
 TOP OF VALENCE BANDS -    BAND     60; K  141; EIG -1.1207986E-01 AU
 TOP OF VALENCE BANDS -    BAND     60; K    1; EIG -1.7405920E-01 AU
 BOTTOM OF VIRTUAL BANDS - BAND     61; K   84; EIG -7.6870052E-02 AU
 INDIRECT ENERGY BAND GAP:   0.9581 eV
 BOTTOM OF VIRTUAL BANDS - BAND     61; K    1; EIG -3.1775965E-02 AU

    BETA       ELECTRONS
 INSULATING STATE
 TOP OF VALENCE BANDS -    BAND     60; K  141; EIG -1.1207986E-01 AU
 TOP OF VALENCE BANDS -    BAND     60; K    1; EIG -1.7405920E-01 AU
 BOTTOM OF VIRTUAL BANDS - BAND     61; K   84; EIG -7.6870052E-02 AU
 INDIRECT ENERGY BAND GAP:   0.9581 eV
 BOTTOM OF VIRTUAL BANDS - BAND     61; K    1; EIG -3.1775965E-02 AU
 TTTTTTTTTTTTTTTTTTTTTTTTTTTTTT PDIG        TELAPSE      291.37 TCPU      290.26
 CHARGE NORMALIZATION FACTOR   1.00000000
 TOTAL ATOMIC CHARGES:
   5.9824379   5.9824379   5.9824379   5.9824379   5.9824379   5.9824379
   5.9824379   5.9824379   5.9970396   5.9970396   5.9970396   5.9970396
   5.9970396   5.9970396   5.9970396   5.9970396   6.0410450   6.0410450
   6.0410450   6.0410450
 SUMMED SPIN DENSITY           0.00000000
 TOTAL ATOMIC SPINS  :
   0.0000000   0.0000000   0.0000000   0.0000000   0.0000000   0.0000000
   0.0000000   0.0000000   0.0000000   0.0000000   0.0000000   0.0000000
   0.0000000   0.0000000   0.0000000   0.0000000  -0.0000000  -0.0000000
  -0.0000000  -0.0000000
 TTTTTTTTTTTTTTTTTTTTTTTTTTTTTT MOQGAD      TELAPSE      291.37 TCPU      290.27
 TTTTTTTTTTTTTTTTTTTTTTTTTTTTTT SHELLXN     TELAPSE      323.16 TCPU      322.05
 TTTTTTTTTTTTTTTTTTTTTTTTTTTTTT MONMO3      TELAPSE      323.20 TCPU      322.08
 NUMERICALLY INTEGRATED DENSITY     59.9999529038     59.9999529038
 TTTTTTTTTTTTTTTTTTTTTTTTTTTTTT NUMDFT      TELAPSE      323.66 TCPU      322.55
 CYC   8 ETOT(AU) -7.615347004546E+02 DETOT  5.52E-08 tst  5.83E-09 PX  8.95E-05
 TTTTTTTTTTTTTTTTTTTTTTTTTTTTTT DIIS        TELAPSE      323.80 TCPU      322.68
 DIIS TEST: 0.84285E-07 AT SCF   CYCLE   8 - DIIS ACTIVE - HISTORY:     8 CYCLES
 TTTTTTTTTTTTTTTTTTTTTTTTTTTTTT FDIK        TELAPSE      326.76 TCPU      325.63

    ALPHA      ELECTRONS
 INSULATING STATE
 TOP OF VALENCE BANDS -    BAND     60; K  141; EIG -1.1207944E-01 AU
 TOP OF VALENCE BANDS -    BAND     60; K    1; EIG -1.7405676E-01 AU
 BOTTOM OF VIRTUAL BANDS - BAND     61; K   84; EIG -7.6862070E-02 AU
 INDIRECT ENERGY BAND GAP:   0.9583 eV
 BOTTOM OF VIRTUAL BANDS - BAND     61; K    1; EIG -3.1771207E-02 AU

    BETA       ELECTRONS
 INSULATING STATE
 TOP OF VALENCE BANDS -    BAND     60; K  141; EIG -1.1207944E-01 AU
 TOP OF VALENCE BANDS -    BAND     60; K    1; EIG -1.7405676E-01 AU
 BOTTOM OF VIRTUAL BANDS - BAND     61; K   84; EIG -7.6862070E-02 AU
 INDIRECT ENERGY BAND GAP:   0.9583 eV
 BOTTOM OF VIRTUAL BANDS - BAND     61; K    1; EIG -3.1771207E-02 AU
 TTTTTTTTTTTTTTTTTTTTTTTTTTTTTT PDIG        TELAPSE      327.20 TCPU      326.08
 CHARGE NORMALIZATION FACTOR   1.00000000
 TOTAL ATOMIC CHARGES:
   5.9824400   5.9824400   5.9824400   5.9824400   5.9824400   5.9824400
   5.9824400   5.9824400   5.9970266   5.9970266   5.9970266   5.9970266
   5.9970266   5.9970266   5.9970266   5.9970266   6.0410667   6.0410667
   6.0410667   6.0410667
 SUMMED SPIN DENSITY           0.00000000
 TOTAL ATOMIC SPINS  :
   0.0000000   0.0000000   0.0000000   0.0000000   0.0000000   0.0000000
   0.0000000   0.0000000   0.0000000   0.0000000   0.0000000   0.0000000
   0.0000000   0.0000000   0.0000000   0.0000000  -0.0000000  -0.0000000
  -0.0000000  -0.0000000
 TTTTTTTTTTTTTTTTTTTTTTTTTTTTTT MOQGAD      TELAPSE      327.21 TCPU      326.08
 TTTTTTTTTTTTTTTTTTTTTTTTTTTTTT SHELLXN     TELAPSE      358.96 TCPU      357.83
 TTTTTTTTTTTTTTTTTTTTTTTTTTTTTT MONMO3      TELAPSE      359.00 TCPU      357.87
 NUMERICALLY INTEGRATED DENSITY     59.9999529037     59.9999529037
 TTTTTTTTTTTTTTTTTTTTTTTTTTTTTT NUMDFT      TELAPSE      359.47 TCPU      358.33
 CYC   9 ETOT(AU) -7.615347004764E+02 DETOT -2.18E-08 tst  3.90E-10 PX  1.66E-05
 TTTTTTTTTTTTTTTTTTTTTTTTTTTTTT DIIS        TELAPSE      359.61 TCPU      358.47
 DIIS TEST: 0.23998E-08 AT SCF   CYCLE   9 - DIIS ACTIVE - HISTORY:     9 CYCLES
 TTTTTTTTTTTTTTTTTTTTTTTTTTTTTT FDIK        TELAPSE      362.47 TCPU      361.33

    ALPHA      ELECTRONS
 INSULATING STATE
 TOP OF VALENCE BANDS -    BAND     60; K  141; EIG -1.1208084E-01 AU
 TOP OF VALENCE BANDS -    BAND     60; K    1; EIG -1.7405682E-01 AU
 BOTTOM OF VIRTUAL BANDS - BAND     61; K   84; EIG -7.6860247E-02 AU
 INDIRECT ENERGY BAND GAP:   0.9584 eV
 BOTTOM OF VIRTUAL BANDS - BAND     61; K    1; EIG -3.1770652E-02 AU

    BETA       ELECTRONS
 INSULATING STATE
 TOP OF VALENCE BANDS -    BAND     60; K  141; EIG -1.1208084E-01 AU
 TOP OF VALENCE BANDS -    BAND     60; K    1; EIG -1.7405682E-01 AU
 BOTTOM OF VIRTUAL BANDS - BAND     61; K   84; EIG -7.6860247E-02 AU
 INDIRECT ENERGY BAND GAP:   0.9584 eV
 BOTTOM OF VIRTUAL BANDS - BAND     61; K    1; EIG -3.1770652E-02 AU
 TTTTTTTTTTTTTTTTTTTTTTTTTTTTTT PDIG        TELAPSE      362.92 TCPU      361.77
 CHARGE NORMALIZATION FACTOR   1.00000000
 TOTAL ATOMIC CHARGES:
   5.9824388   5.9824388   5.9824388   5.9824388   5.9824388   5.9824388
   5.9824388   5.9824388   5.9970267   5.9970267   5.9970267   5.9970267
   5.9970267   5.9970267   5.9970267   5.9970267   6.0410691   6.0410691
   6.0410691   6.0410691
 SUMMED SPIN DENSITY           0.00000000
 TOTAL ATOMIC SPINS  :
  -0.0000000  -0.0000000  -0.0000000  -0.0000000  -0.0000000  -0.0000000
  -0.0000000  -0.0000000  -0.0000000  -0.0000000  -0.0000000  -0.0000000
  -0.0000000  -0.0000000  -0.0000000  -0.0000000   0.0000000   0.0000000
   0.0000000   0.0000000
 TTTTTTTTTTTTTTTTTTTTTTTTTTTTTT MOQGAD      TELAPSE      362.92 TCPU      361.78
 TTTTTTTTTTTTTTTTTTTTTTTTTTTTTT SHELLXN     TELAPSE      394.70 TCPU      393.54
 TTTTTTTTTTTTTTTTTTTTTTTTTTTTTT MONMO3      TELAPSE      394.74 TCPU      393.58
 NUMERICALLY INTEGRATED DENSITY     59.9999529038     59.9999529038
 TTTTTTTTTTTTTTTTTTTTTTTTTTTTTT NUMDFT      TELAPSE      395.20 TCPU      394.05
 CYC  10 ETOT(AU) -7.615347004705E+02 DETOT  5.89E-09 tst  9.59E-11 PX  3.13E-06
 TTTTTTTTTTTTTTTTTTTTTTTTTTTTTT DIIS        TELAPSE      395.35 TCPU      394.19
 DIIS TEST: 0.21978E-09 AT SCF   CYCLE  10 - DIIS ACTIVE - HISTORY:    10 CYCLES
 TTTTTTTTTTTTTTTTTTTTTTTTTTTTTT FDIK        TELAPSE      397.93 TCPU      396.78

    ALPHA      ELECTRONS
 INSULATING STATE
 TOP OF VALENCE BANDS -    BAND     60; K  141; EIG -1.1208115E-01 AU
 TOP OF VALENCE BANDS -    BAND     60; K    1; EIG -1.7405667E-01 AU
 BOTTOM OF VIRTUAL BANDS - BAND     61; K   84; EIG -7.6859519E-02 AU
 INDIRECT ENERGY BAND GAP:   0.9584 eV
 BOTTOM OF VIRTUAL BANDS - BAND     61; K    1; EIG -3.1770352E-02 AU

    BETA       ELECTRONS
 INSULATING STATE
 TOP OF VALENCE BANDS -    BAND     60; K  141; EIG -1.1208115E-01 AU
 TOP OF VALENCE BANDS -    BAND     60; K    1; EIG -1.7405667E-01 AU
 BOTTOM OF VIRTUAL BANDS - BAND     61; K   84; EIG -7.6859519E-02 AU
 INDIRECT ENERGY BAND GAP:   0.9584 eV
 BOTTOM OF VIRTUAL BANDS - BAND     61; K    1; EIG -3.1770352E-02 AU
 TTTTTTTTTTTTTTTTTTTTTTTTTTTTTT PDIG        TELAPSE      398.38 TCPU      397.22
 CHARGE NORMALIZATION FACTOR   1.00000000
 TOTAL ATOMIC CHARGES:
   5.9824382   5.9824382   5.9824382   5.9824382   5.9824382   5.9824382
   5.9824382   5.9824382   5.9970268   5.9970268   5.9970268   5.9970268
   5.9970268   5.9970268   5.9970268   5.9970268   6.0410701   6.0410701
   6.0410701   6.0410701
 SUMMED SPIN DENSITY           0.00000000
 TOTAL ATOMIC SPINS  :
  -0.0000000  -0.0000000  -0.0000000  -0.0000000  -0.0000000  -0.0000000
  -0.0000000  -0.0000000   0.0000000   0.0000000   0.0000000   0.0000000
   0.0000000   0.0000000   0.0000000   0.0000000   0.0000000   0.0000000
   0.0000000   0.0000000
 TTTTTTTTTTTTTTTTTTTTTTTTTTTTTT MOQGAD      TELAPSE      398.38 TCPU      397.23
 TTTTTTTTTTTTTTTTTTTTTTTTTTTTTT SHELLXN     TELAPSE      430.18 TCPU      429.01
 TTTTTTTTTTTTTTTTTTTTTTTTTTTTTT MONMO3      TELAPSE      430.22 TCPU      429.05
 NUMERICALLY INTEGRATED DENSITY     59.9999529038     59.9999529038
 TTTTTTTTTTTTTTTTTTTTTTTTTTTTTT NUMDFT      TELAPSE      430.68 TCPU      429.51
 CYC  11 ETOT(AU) -7.615347004665E+02 DETOT  4.07E-09 tst  7.81E-12 PX  7.06E-07
 TTTTTTTTTTTTTTTTTTTTTTTTTTTTTT DIIS        TELAPSE      430.83 TCPU      429.66
 DIIS TEST: 0.24469E-10 AT SCF   CYCLE  11 - DIIS ACTIVE - HISTORY:    11 CYCLES
 TTTTTTTTTTTTTTTTTTTTTTTTTTTTTT FDIK        TELAPSE      433.12 TCPU      431.95

    ALPHA      ELECTRONS
 INSULATING STATE
 TOP OF VALENCE BANDS -    BAND     60; K  141; EIG -1.1208123E-01 AU
 TOP OF VALENCE BANDS -    BAND     60; K    1; EIG -1.7405666E-01 AU
 BOTTOM OF VIRTUAL BANDS - BAND     61; K   84; EIG -7.6859370E-02 AU
 INDIRECT ENERGY BAND GAP:   0.9584 eV
 BOTTOM OF VIRTUAL BANDS - BAND     61; K    1; EIG -3.1770287E-02 AU

    BETA       ELECTRONS
 INSULATING STATE
 TOP OF VALENCE BANDS -    BAND     60; K  141; EIG -1.1208123E-01 AU
 TOP OF VALENCE BANDS -    BAND     60; K    1; EIG -1.7405666E-01 AU
 BOTTOM OF VIRTUAL BANDS - BAND     61; K   84; EIG -7.6859370E-02 AU
 INDIRECT ENERGY BAND GAP:   0.9584 eV
 BOTTOM OF VIRTUAL BANDS - BAND     61; K    1; EIG -3.1770287E-02 AU
 TTTTTTTTTTTTTTTTTTTTTTTTTTTTTT PDIG        TELAPSE      433.56 TCPU      432.39
 CHARGE NORMALIZATION FACTOR   1.00000000
 TOTAL ATOMIC CHARGES:
   5.9824382   5.9824382   5.9824382   5.9824382   5.9824382   5.9824382
   5.9824382   5.9824382   5.9970266   5.9970266   5.9970266   5.9970266
   5.9970266   5.9970266   5.9970266   5.9970266   6.0410704   6.0410704
   6.0410704   6.0410704
 SUMMED SPIN DENSITY           0.00000000
 TOTAL ATOMIC SPINS  :
  -0.0000000  -0.0000000  -0.0000000  -0.0000000  -0.0000000  -0.0000000
  -0.0000000  -0.0000000   0.0000000   0.0000000   0.0000000   0.0000000
   0.0000000   0.0000000   0.0000000   0.0000000  -0.0000000  -0.0000000
  -0.0000000  -0.0000000
 TTTTTTTTTTTTTTTTTTTTTTTTTTTTTT MOQGAD      TELAPSE      433.57 TCPU      432.40
 TTTTTTTTTTTTTTTTTTTTTTTTTTTTTT SHELLXN     TELAPSE      465.33 TCPU      464.14
 TTTTTTTTTTTTTTTTTTTTTTTTTTTTTT MONMO3      TELAPSE      465.37 TCPU      464.18
 NUMERICALLY INTEGRATED DENSITY     59.9999529038     59.9999529038
 TTTTTTTTTTTTTTTTTTTTTTTTTTTTTT NUMDFT      TELAPSE      465.83 TCPU      464.65
 CYC  12 ETOT(AU) -7.615347004661E+02 DETOT  3.89E-10 tst  4.98E-13 PX  2.06E-07
 TTTTTTTTTTTTTTTTTTTTTTTTTTTTTT DIIS        TELAPSE      465.97 TCPU      464.79
 DIIS TEST: 0.83300E-11 AT SCF   CYCLE  12 - DIIS ACTIVE - HISTORY:    12 CYCLES
 TTTTTTTTTTTTTTTTTTTTTTTTTTTTTT FDIK        TELAPSE      468.05 TCPU      466.86

    ALPHA      ELECTRONS
 INSULATING STATE
 TOP OF VALENCE BANDS -    BAND     60; K  141; EIG -1.1208124E-01 AU
 TOP OF VALENCE BANDS -    BAND     60; K    1; EIG -1.7405665E-01 AU
 BOTTOM OF VIRTUAL BANDS - BAND     61; K   84; EIG -7.6859352E-02 AU
 INDIRECT ENERGY BAND GAP:   0.9584 eV
 BOTTOM OF VIRTUAL BANDS - BAND     61; K    1; EIG -3.1770278E-02 AU

    BETA       ELECTRONS
 INSULATING STATE
 TOP OF VALENCE BANDS -    BAND     60; K  141; EIG -1.1208124E-01 AU
 TOP OF VALENCE BANDS -    BAND     60; K    1; EIG -1.7405665E-01 AU
 BOTTOM OF VIRTUAL BANDS - BAND     61; K   84; EIG -7.6859352E-02 AU
 INDIRECT ENERGY BAND GAP:   0.9584 eV
 BOTTOM OF VIRTUAL BANDS - BAND     61; K    1; EIG -3.1770278E-02 AU
 TTTTTTTTTTTTTTTTTTTTTTTTTTTTTT PDIG        TELAPSE      468.50 TCPU      467.31
 CHARGE NORMALIZATION FACTOR   1.00000000
 TOTAL ATOMIC CHARGES:
   5.9824382   5.9824382   5.9824382   5.9824382   5.9824382   5.9824382
   5.9824382   5.9824382   5.9970266   5.9970266   5.9970266   5.9970266
   5.9970266   5.9970266   5.9970266   5.9970266   6.0410704   6.0410704
   6.0410704   6.0410704
 SUMMED SPIN DENSITY           0.00000000
 TOTAL ATOMIC SPINS  :
  -0.0000000  -0.0000000  -0.0000000  -0.0000000  -0.0000000  -0.0000000
  -0.0000000  -0.0000000   0.0000000   0.0000000   0.0000000   0.0000000
   0.0000000   0.0000000   0.0000000   0.0000000   0.0000000   0.0000000
   0.0000000   0.0000000
 TTTTTTTTTTTTTTTTTTTTTTTTTTTTTT MOQGAD      TELAPSE      468.51 TCPU      467.32
 TTTTTTTTTTTTTTTTTTTTTTTTTTTTTT SHELLXN     TELAPSE      500.27 TCPU      499.07
 +++ ENERGIES IN A.U. +++
 ::: EXT EL-POLE                                  -2.9997592630700E+03
 ::: EXT EL-SPHEROPOLE                             2.6922982929750E+01
 ::: BIELET ZONE E-E                               3.1558877387189E+03
 ::: TOTAL E-E                                     1.8305145857859E+02
 ::: TOTAL E-N + N-E                              -1.4033103369676E+03
 ::: TOTAL N-N                                    -2.1264185814540E+02
 ::: KINETIC ENERGY                                7.5918374241108E+02
 ::: PSEUDO TOTAL   ENERGY                        -6.7371699412334E+02
 ::: VIRIAL COEFFICIENT                            1.0596459657732E+00
 TTTTTTTTTTTTTTTTTTTTTTTTTTTTTT MONMO3      TELAPSE      500.31 TCPU      499.11
 NUMERICALLY INTEGRATED DENSITY     59.9999529038     59.9999529038
 EXCHANGE ENERGY: -0.827878728447E+02  CORRELATION ENERGY: -0.502983349800E+01
 TTTTTTTTTTTTTTTTTTTTTTTTTTTTTT NUMDFT      TELAPSE      500.78 TCPU      499.58
 CYC  13 ETOT(AU) -7.615347004661E+02 DETOT  6.93E-12 tst  5.75E-15 PX  2.06E-07

 == SCF ENDED - CONVERGENCE ON ENERGY      E(AU) -7.6153470046606E+02 CYCLES  13


 ENERGY EXPRESSION=HARTREE+FOCK EXCH*0.20000+(BECKE      EXCH)*0.80000+LYP        CORR


 TOTAL ENERGY(DFT)(AU)( 13) -7.6153470046606E+02 DE 6.9E-12 tester 5.8E-15
 TTTTTTTTTTTTTTTTTTTTTTTTTTTTTT EDFT        TELAPSE      500.79 TCPU      499.59
 
 INFORMATION **** DFTD3 ENERGY **** CALCULATE DFTD3 ENERGY

           DFT-D V3(BJ)
 DF                                         b3-lyp    
 parameters
 s6       :    1.0000
 s8       :    1.9889
 a1       :    0.3981
 a2       :    4.4211
 k1 k3    :   16.0000   -4.0000
 Cutoff   :   50.2022
 CN-Cutoff:   21.1671
 ABC-Cutoff:   21.1671
 
 Edisp /kcal,au:  -129.5867 -0.20650961

 E6    /kcal :   -62.2205
 E8    /kcal :   -67.3662
 
 INFORMATION **** DFTD3 ENERGY **** NORMAL TERMINATION OF DFTD3 MODULE

 *******************************************************************************

 DFT-D3 DISPERSION ENERGY CORRECTION

 D3 DISPERSION ENERGY (AU)       -2.0650960663717E-01
 TOTAL ENERGY + DISP (AU)        -7.6174121007270E+02

 *******************************************************************************


 NEIGHBORS OF THE NON-EQUIVALENT ATOMS

 N = NUMBER OF NEIGHBORS AT DISTANCE R
    ATOM  N     R/ANG      R/AU   NEIGHBORS (ATOM LABELS AND CELL INDICES)
   1 C    1     1.3844     2.6162   15 C    0 0 0
   1 C    1     1.5000     2.8347    3 C    0 0 0
   1 C    1     1.5154     2.8638   20 C    0 0 0
   1 C    1     2.3532     4.4470   11 C    0 0 0
   1 C    1     2.3756     4.4892   18 C    0 0 0
   1 C    1     2.4256     4.5838   13 C   -1 0 0

   9 C    1     1.3844     2.6162    8 C    0 0 0
   9 C    1     1.4466     2.7336   11 C    0-1 0
   9 C    1     1.4970     2.8289   14 C    0 0 0
   9 C    1     2.2968     4.3402   18 C    0 0 0
   9 C    1     2.3532     4.4470    3 C    0 0 1
   9 C    1     2.4256     4.5838    5 C    0-1 0

  17 C    2     1.4849     2.8060   19 C    0 0 0   20 C    0 0 0
  17 C    2     1.5154     2.8638    4 C    0 0 0    7 C    0 0 0
  17 C    2     2.2968     4.3402   10 C    0 0 0   13 C    0 0 0
  17 C    2     2.3756     4.4892    2 C    0 0-1    5 C    0 0 0
  17 C    2     2.4158     4.5652   18 C    0 0 0   18 C    0 0-1
  17 C    2     2.4931     4.7114    2 C    0 0 0    5 C    0 0-1

 TTTTTTTTTTTTTTTTTTTTTTTTTTTTTT AFTER FIRST TELAPSE      500.90 TCPU      499.68
 MMMMMMMMMMMMMMMMMMMMMMMMMMMMMMMMMMMMMMMMMMMMMMMMMMMMMMMMMMMMMMMMMMMMMMMMMMMMMMM
     ALPHA+BETA ELECTRONS
 MULLIKEN POPULATION ANALYSIS - NO. OF ELECTRONS  120.000000

  ATOM    Z CHARGE  A.O. POPULATION

   1 C    6  5.982  0.854  1.121  0.767  0.441  0.462  0.448  0.412 -0.004
                   -0.006 -0.017  0.470  0.475  0.522  0.005  0.007  0.008
                    0.010  0.007
   2 C    6  5.982  0.854  1.121  0.767  0.441  0.462  0.448  0.412 -0.004
                   -0.006 -0.017  0.470  0.475  0.522  0.005  0.007  0.008
                    0.010  0.007
   3 C    6  5.982  0.854  1.121  0.767  0.441  0.462  0.448  0.412 -0.004
                   -0.006 -0.017  0.470  0.475  0.522  0.005  0.007  0.008
                    0.010  0.007
   4 C    6  5.982  0.854  1.121  0.767  0.441  0.462  0.448  0.412 -0.004
                   -0.006 -0.017  0.470  0.475  0.522  0.005  0.007  0.008
                    0.010  0.007
   5 C    6  5.982  0.854  1.121  0.767  0.441  0.448  0.462  0.412 -0.006
                   -0.004 -0.017  0.475  0.470  0.522  0.005  0.008  0.007
                    0.010  0.007
   6 C    6  5.982  0.854  1.121  0.767  0.441  0.448  0.462  0.412 -0.006
                   -0.004 -0.017  0.475  0.470  0.522  0.005  0.008  0.007
                    0.010  0.007
   7 C    6  5.982  0.854  1.121  0.767  0.441  0.448  0.462  0.412 -0.006
                   -0.004 -0.017  0.475  0.470  0.522  0.005  0.008  0.007
                    0.010  0.007
   8 C    6  5.982  0.854  1.121  0.767  0.441  0.448  0.462  0.412 -0.006
                   -0.004 -0.017  0.475  0.470  0.522  0.005  0.008  0.007
                    0.010  0.007
   9 C    6  5.997  0.854  1.121  0.765  0.421  0.453  0.475  0.410 -0.003
                    0.019 -0.044  0.470  0.406  0.610  0.005  0.005  0.007
                    0.011  0.012
  10 C    6  5.997  0.854  1.121  0.765  0.421  0.453  0.475  0.410 -0.003
                    0.019 -0.044  0.470  0.406  0.610  0.005  0.005  0.007
                    0.011  0.012
  11 C    6  5.997  0.854  1.121  0.765  0.421  0.453  0.475  0.410 -0.003
                    0.019 -0.044  0.470  0.406  0.610  0.005  0.005  0.007
                    0.011  0.012
  12 C    6  5.997  0.854  1.121  0.765  0.421  0.453  0.475  0.410 -0.003
                    0.019 -0.044  0.470  0.406  0.610  0.005  0.005  0.007
                    0.011  0.012
  13 C    6  5.997  0.854  1.121  0.765  0.421  0.475  0.453  0.410  0.019
                   -0.003 -0.044  0.406  0.470  0.610  0.005  0.007  0.005
                    0.011  0.012
  14 C    6  5.997  0.854  1.121  0.765  0.421  0.475  0.453  0.410  0.019
                   -0.003 -0.044  0.406  0.470  0.610  0.005  0.007  0.005
                    0.011  0.012
  15 C    6  5.997  0.854  1.121  0.765  0.421  0.475  0.453  0.410  0.019
                   -0.003 -0.044  0.406  0.470  0.610  0.005  0.007  0.005
                    0.011  0.012
  16 C    6  5.997  0.854  1.121  0.765  0.421  0.475  0.453  0.410  0.019
                   -0.003 -0.044  0.406  0.470  0.610  0.005  0.007  0.005
                    0.011  0.012
  17 C    6  6.041  0.853  1.120  0.748  0.426  0.459  0.459  0.456 -0.004
                   -0.004 -0.018  0.481  0.481  0.533  0.006  0.012  0.012
                    0.014  0.007
  18 C    6  6.041  0.853  1.120  0.748  0.426  0.459  0.459  0.456 -0.004
                   -0.004 -0.018  0.481  0.481  0.533  0.006  0.012  0.012
                    0.014  0.007
  19 C    6  6.041  0.853  1.120  0.748  0.426  0.459  0.459  0.456 -0.004
                   -0.004 -0.018  0.481  0.481  0.533  0.006  0.012  0.012
                    0.014  0.007
  20 C    6  6.041  0.853  1.120  0.748  0.426  0.459  0.459  0.456 -0.004
                   -0.004 -0.018  0.481  0.481  0.533  0.006  0.012  0.012
                    0.014  0.007

  ATOM    Z CHARGE  SHELL POPULATION

   1 C    6  5.982  0.854  1.121  0.767  0.441  1.322 -0.027  1.467  0.037
   2 C    6  5.982  0.854  1.121  0.767  0.441  1.322 -0.027  1.467  0.037
   3 C    6  5.982  0.854  1.121  0.767  0.441  1.322 -0.027  1.467  0.037
   4 C    6  5.982  0.854  1.121  0.767  0.441  1.322 -0.027  1.467  0.037
   5 C    6  5.982  0.854  1.121  0.767  0.441  1.322 -0.027  1.467  0.037
   6 C    6  5.982  0.854  1.121  0.767  0.441  1.322 -0.027  1.467  0.037
   7 C    6  5.982  0.854  1.121  0.767  0.441  1.322 -0.027  1.467  0.037
   8 C    6  5.982  0.854  1.121  0.767  0.441  1.322 -0.027  1.467  0.037
   9 C    6  5.997  0.854  1.121  0.765  0.421  1.338 -0.028  1.486  0.040
  10 C    6  5.997  0.854  1.121  0.765  0.421  1.338 -0.028  1.486  0.040
  11 C    6  5.997  0.854  1.121  0.765  0.421  1.338 -0.028  1.486  0.040
  12 C    6  5.997  0.854  1.121  0.765  0.421  1.338 -0.028  1.486  0.040
  13 C    6  5.997  0.854  1.121  0.765  0.421  1.338 -0.028  1.486  0.040
  14 C    6  5.997  0.854  1.121  0.765  0.421  1.338 -0.028  1.486  0.040
  15 C    6  5.997  0.854  1.121  0.765  0.421  1.338 -0.028  1.486  0.040
  16 C    6  5.997  0.854  1.121  0.765  0.421  1.338 -0.028  1.486  0.040
  17 C    6  6.041  0.853  1.120  0.748  0.426  1.374 -0.026  1.494  0.051
  18 C    6  6.041  0.853  1.120  0.748  0.426  1.374 -0.026  1.494  0.051
  19 C    6  6.041  0.853  1.120  0.748  0.426  1.374 -0.026  1.494  0.051
  20 C    6  6.041  0.853  1.120  0.748  0.426  1.374 -0.026  1.494  0.051

 OVERLAP POPULATION CONDENSED TO ATOMS FOR FIRST   6 NEIGHBORS

 ATOM A   1 C    ATOM B     CELL      R(AB)/AU R(AB)/ANG    OVPOP(AB)
                 15 C    (  0  0  0)     2.616     1.384     0.480
                  3 C    (  0  0  0)     2.835     1.500     0.399
                 20 C    (  0  0  0)     2.864     1.515     0.296
                 11 C    (  0  0  0)     4.447     2.353    -0.032
                 18 C    (  0  0  0)     4.489     2.376    -0.053
                 13 C    ( -1  0  0)     4.584     2.426    -0.029

 ATOM A   9 C    ATOM B     CELL      R(AB)/AU R(AB)/ANG    OVPOP(AB)
                  8 C    (  0  0  0)     2.616     1.384     0.480
                 11 C    (  0 -1  0)     2.734     1.447     0.363
                 14 C    (  0  0  0)     2.829     1.497     0.386
                 18 C    (  0  0  0)     4.340     2.297    -0.051
                  3 C    (  0  0  1)     4.447     2.353    -0.032
                  5 C    (  0 -1  0)     4.584     2.426    -0.029

 ATOM A  17 C    ATOM B     CELL      R(AB)/AU R(AB)/ANG    OVPOP(AB)
                 19 C    (  0  0  0)     2.806     1.485     0.234
                  4 C    (  0  0  0)     2.864     1.515     0.296
                 10 C    (  0  0  0)     4.340     2.297    -0.051
                  2 C    (  0  0 -1)     4.489     2.376    -0.053
                 18 C    (  0  0  0)     4.565     2.416    -0.033
                  2 C    (  0  0  0)     4.711     2.493    -0.022
 TTTTTTTTTTTTTTTTTTTTTTTTTTTTTT AFTER FIRST TELAPSE      501.39 TCPU      499.72
 MMMMMMMMMMMMMMMMMMMMMMMMMMMMMMMMMMMMMMMMMMMMMMMMMMMMMMMMMMMMMMMMMMMMMMMMMMMMMMM
     ALPHA-BETA ELECTRONS
 MULLIKEN POPULATION ANALYSIS - NO. OF ELECTRONS    0.000000

  ATOM    Z CHARGE  A.O. POPULATION

   1 C    6 -0.000  0.000  0.000 -0.000  0.000  0.000 -0.000  0.000 -0.000
                    0.000  0.000 -0.000 -0.000 -0.000  0.000 -0.000 -0.000
                    0.000 -0.000
   2 C    6 -0.000  0.000  0.000 -0.000  0.000  0.000 -0.000  0.000 -0.000
                    0.000  0.000 -0.000 -0.000 -0.000  0.000 -0.000 -0.000
                    0.000 -0.000
   3 C    6 -0.000  0.000  0.000 -0.000  0.000  0.000 -0.000  0.000 -0.000
                    0.000  0.000 -0.000 -0.000 -0.000  0.000 -0.000 -0.000
                    0.000 -0.000
   4 C    6 -0.000  0.000  0.000 -0.000  0.000  0.000 -0.000  0.000 -0.000
                    0.000  0.000 -0.000 -0.000 -0.000  0.000 -0.000 -0.000
                    0.000 -0.000
   5 C    6 -0.000  0.000  0.000 -0.000  0.000 -0.000  0.000  0.000  0.000
                   -0.000  0.000 -0.000 -0.000 -0.000  0.000 -0.000 -0.000
                    0.000 -0.000
   6 C    6 -0.000  0.000  0.000 -0.000  0.000 -0.000  0.000  0.000  0.000
                   -0.000  0.000 -0.000 -0.000 -0.000  0.000 -0.000 -0.000
                    0.000 -0.000
   7 C    6 -0.000  0.000  0.000 -0.000  0.000 -0.000  0.000  0.000  0.000
                   -0.000  0.000 -0.000 -0.000 -0.000  0.000 -0.000 -0.000
                    0.000 -0.000
   8 C    6 -0.000  0.000  0.000 -0.000  0.000 -0.000  0.000  0.000  0.000
                   -0.000  0.000 -0.000 -0.000 -0.000  0.000 -0.000 -0.000
                    0.000 -0.000
   9 C    6  0.000 -0.000 -0.000 -0.000  0.000 -0.000  0.000 -0.000  0.000
                   -0.000  0.000 -0.000  0.000 -0.000  0.000  0.000 -0.000
                    0.000 -0.000
  10 C    6  0.000 -0.000 -0.000 -0.000  0.000 -0.000  0.000 -0.000  0.000
                   -0.000  0.000 -0.000  0.000 -0.000  0.000  0.000 -0.000
                    0.000 -0.000
  11 C    6  0.000 -0.000 -0.000 -0.000  0.000 -0.000  0.000 -0.000  0.000
                   -0.000  0.000 -0.000  0.000 -0.000  0.000  0.000 -0.000
                    0.000 -0.000
  12 C    6  0.000 -0.000 -0.000 -0.000  0.000 -0.000  0.000 -0.000  0.000
                   -0.000  0.000 -0.000  0.000 -0.000  0.000  0.000 -0.000
                    0.000 -0.000
  13 C    6  0.000 -0.000 -0.000 -0.000  0.000  0.000 -0.000 -0.000 -0.000
                    0.000  0.000  0.000 -0.000 -0.000  0.000 -0.000  0.000
                    0.000 -0.000
  14 C    6  0.000 -0.000 -0.000 -0.000  0.000  0.000 -0.000 -0.000 -0.000
                    0.000  0.000  0.000 -0.000 -0.000  0.000 -0.000  0.000
                    0.000 -0.000
  15 C    6  0.000 -0.000 -0.000 -0.000  0.000  0.000 -0.000 -0.000 -0.000
                    0.000  0.000  0.000 -0.000 -0.000  0.000 -0.000  0.000
                    0.000 -0.000
  16 C    6  0.000 -0.000 -0.000 -0.000  0.000  0.000 -0.000 -0.000 -0.000
                    0.000  0.000  0.000 -0.000 -0.000  0.000 -0.000  0.000
                    0.000 -0.000
  17 C    6  0.000 -0.000 -0.000 -0.000  0.000  0.000  0.000  0.000 -0.000
                   -0.000 -0.000  0.000  0.000  0.000  0.000  0.000  0.000
                    0.000 -0.000
  18 C    6  0.000 -0.000 -0.000 -0.000  0.000  0.000  0.000  0.000 -0.000
                   -0.000 -0.000  0.000  0.000  0.000  0.000  0.000  0.000
                    0.000 -0.000
  19 C    6  0.000 -0.000 -0.000 -0.000  0.000  0.000  0.000  0.000 -0.000
                   -0.000 -0.000  0.000  0.000  0.000  0.000  0.000  0.000
                    0.000 -0.000
  20 C    6  0.000 -0.000 -0.000 -0.000  0.000  0.000  0.000  0.000 -0.000
                   -0.000 -0.000  0.000  0.000  0.000  0.000  0.000  0.000
                    0.000 -0.000

  ATOM    Z CHARGE  SHELL POPULATION

   1 C    6 -0.000  0.000  0.000 -0.000  0.000 -0.000  0.000 -0.000 -0.000
   2 C    6 -0.000  0.000  0.000 -0.000  0.000 -0.000  0.000 -0.000 -0.000
   3 C    6 -0.000  0.000  0.000 -0.000  0.000 -0.000  0.000 -0.000 -0.000
   4 C    6 -0.000  0.000  0.000 -0.000  0.000 -0.000  0.000 -0.000 -0.000
   5 C    6 -0.000  0.000  0.000 -0.000  0.000 -0.000  0.000 -0.000 -0.000
   6 C    6 -0.000  0.000  0.000 -0.000  0.000 -0.000  0.000 -0.000 -0.000
   7 C    6 -0.000  0.000  0.000 -0.000  0.000 -0.000  0.000 -0.000 -0.000
   8 C    6 -0.000  0.000  0.000 -0.000  0.000 -0.000  0.000 -0.000 -0.000
   9 C    6  0.000 -0.000 -0.000 -0.000  0.000 -0.000  0.000  0.000 -0.000
  10 C    6  0.000 -0.000 -0.000 -0.000  0.000 -0.000  0.000  0.000 -0.000
  11 C    6  0.000 -0.000 -0.000 -0.000  0.000 -0.000  0.000  0.000 -0.000
  12 C    6  0.000 -0.000 -0.000 -0.000  0.000 -0.000  0.000  0.000 -0.000
  13 C    6  0.000 -0.000 -0.000 -0.000  0.000 -0.000  0.000  0.000 -0.000
  14 C    6  0.000 -0.000 -0.000 -0.000  0.000 -0.000  0.000  0.000 -0.000
  15 C    6  0.000 -0.000 -0.000 -0.000  0.000 -0.000  0.000  0.000 -0.000
  16 C    6  0.000 -0.000 -0.000 -0.000  0.000 -0.000  0.000  0.000 -0.000
  17 C    6  0.000 -0.000 -0.000 -0.000  0.000  0.000 -0.000  0.000  0.000
  18 C    6  0.000 -0.000 -0.000 -0.000  0.000  0.000 -0.000  0.000  0.000
  19 C    6  0.000 -0.000 -0.000 -0.000  0.000  0.000 -0.000  0.000  0.000
  20 C    6  0.000 -0.000 -0.000 -0.000  0.000  0.000 -0.000  0.000  0.000

 OVERLAP POPULATION CONDENSED TO ATOMS FOR FIRST   6 NEIGHBORS

 ATOM A   1 C    ATOM B     CELL      R(AB)/AU R(AB)/ANG    OVPOP(AB)
                 15 C    (  0  0  0)     2.616     1.384    -0.000
                  3 C    (  0  0  0)     2.835     1.500     0.000
                 20 C    (  0  0  0)     2.864     1.515     0.000
                 11 C    (  0  0  0)     4.447     2.353    -0.000
                 18 C    (  0  0  0)     4.489     2.376    -0.000
                 13 C    ( -1  0  0)     4.584     2.426     0.000

 ATOM A   9 C    ATOM B     CELL      R(AB)/AU R(AB)/ANG    OVPOP(AB)
                  8 C    (  0  0  0)     2.616     1.384    -0.000
                 11 C    (  0 -1  0)     2.734     1.447    -0.000
                 14 C    (  0  0  0)     2.829     1.497     0.000
                 18 C    (  0  0  0)     4.340     2.297     0.000
                  3 C    (  0  0  1)     4.447     2.353    -0.000
                  5 C    (  0 -1  0)     4.584     2.426     0.000

 ATOM A  17 C    ATOM B     CELL      R(AB)/AU R(AB)/ANG    OVPOP(AB)
                 19 C    (  0  0  0)     2.806     1.485    -0.000
                  4 C    (  0  0  0)     2.864     1.515     0.000
                 10 C    (  0  0  0)     4.340     2.297     0.000
                  2 C    (  0  0 -1)     4.489     2.376    -0.000
                 18 C    (  0  0  0)     4.565     2.416    -0.000
                  2 C    (  0  0  0)     4.711     2.493    -0.000
 EIGENVECTORS IN FORTRAN UNIT 10
 TTTTTTTTTTTTTTTTTTTTTTTTTTTTTT END         TELAPSE      501.84 TCPU      500.12
 EEEEEEEEEE TERMINATION  DATE 30 01 2026 TIME 21:41:28.7
NODE    0 CPU TIME =       500.117
NODE    1 CPU TIME =       500.101
NODE    2 CPU TIME =       499.957
NODE    3 CPU TIME =       500.206
NODE    4 CPU TIME =       500.155
NODE    5 CPU TIME =       499.968
NODE    6 CPU TIME =       499.959
NODE    7 CPU TIME =       500.021
NODE    8 CPU TIME =       499.710
NODE    9 CPU TIME =       500.110
NODE   10 CPU TIME =       500.221
NODE   11 CPU TIME =       500.223
NODE   12 CPU TIME =       499.711
NODE   13 CPU TIME =       499.818
NODE   14 CPU TIME =       499.961
NODE   15 CPU TIME =       499.614
NODE   16 CPU TIME =       499.614
NODE   17 CPU TIME =       499.673
NODE   18 CPU TIME =       499.708
NODE   19 CPU TIME =       500.052
NODE   20 CPU TIME =       500.275
NODE   21 CPU TIME =       500.055
NODE   22 CPU TIME =       499.978
NODE   23 CPU TIME =       500.377
NODE   24 CPU TIME =       499.878
NODE   25 CPU TIME =       500.093
NODE   26 CPU TIME =       500.339
NODE   27 CPU TIME =       499.867
NODE   28 CPU TIME =       500.539
NODE   29 CPU TIME =       500.380
NODE   30 CPU TIME =       500.350
NODE   31 CPU TIME =       499.901
    TOTAL CPU TIME =     16000.930
