MPI startup(): Warning: I_MPI_PMI_LIBRARY will be ignored since the hydra process manager was found
MPI startup(): Warning: I_MPI_PMI_LIBRARY will be ignored since the hydra process manager was found
MPI startup(): Warning: I_MPI_PMI_LIBRARY will be ignored since the hydra process manager was found
MPI startup(): Warning: I_MPI_PMI_LIBRARY will be ignored since the hydra process manager was found
MPI startup(): Warning: I_MPI_PMI_LIBRARY will be ignored since the hydra process manager was found
MPI startup(): Warning: I_MPI_PMI_LIBRARY will be ignored since the hydra process manager was found
MPI startup(): Warning: I_MPI_PMI_LIBRARY will be ignored since the hydra process manager was found
MPI startup(): Warning: I_MPI_PMI_LIBRARY will be ignored since the hydra process manager was found
MPI startup(): Warning: I_MPI_PMI_LIBRARY will be ignored since the hydra process manager was found
MPI startup(): Warning: I_MPI_PMI_LIBRARY will be ignored since the hydra process manager was found
MPI startup(): Warning: I_MPI_PMI_LIBRARY will be ignored since the hydra process manager was found
MPI startup(): Warning: I_MPI_PMI_LIBRARY will be ignored since the hydra process manager was found
MPI startup(): Warning: I_MPI_PMI_LIBRARY will be ignored since the hydra process manager was found
MPI startup(): Warning: I_MPI_PMI_LIBRARY will be ignored since the hydra process manager was found
MPI startup(): Warning: I_MPI_PMI_LIBRARY will be ignored since the hydra process manager was found
MPI startup(): Warning: I_MPI_PMI_LIBRARY will be ignored since the hydra process manager was found
MPI startup(): Warning: I_MPI_PMI_LIBRARY will be ignored since the hydra process manager was found
MPI startup(): Warning: I_MPI_PMI_LIBRARY will be ignored since the hydra process manager was found
MPI startup(): Warning: I_MPI_PMI_LIBRARY will be ignored since the hydra process manager was found
MPI startup(): Warning: I_MPI_PMI_LIBRARY will be ignored since the hydra process manager was found
MPI startup(): Warning: I_MPI_PMI_LIBRARY will be ignored since the hydra process manager was found
MPI startup(): Warning: I_MPI_PMI_LIBRARY will be ignored since the hydra process manager was found
MPI startup(): Warning: I_MPI_PMI_LIBRARY will be ignored since the hydra process manager was found
MPI startup(): Warning: I_MPI_PMI_LIBRARY will be ignored since the hydra process manager was found
MPI startup(): Warning: I_MPI_PMI_LIBRARY will be ignored since the hydra process manager was found
MPI startup(): Warning: I_MPI_PMI_LIBRARY will be ignored since the hydra process manager was found
MPI startup(): Warning: I_MPI_PMI_LIBRARY will be ignored since the hydra process manager was found
MPI startup(): Warning: I_MPI_PMI_LIBRARY will be ignored since the hydra process manager was found
MPI startup(): Warning: I_MPI_PMI_LIBRARY will be ignored since the hydra process manager was found
MPI startup(): Warning: I_MPI_PMI_LIBRARY will be ignored since the hydra process manager was found
MPI startup(): Warning: I_MPI_PMI_LIBRARY will be ignored since the hydra process manager was found
MPI startup(): Warning: I_MPI_PMI_LIBRARY will be ignored since the hydra process manager was found
 PROCESS            1  OF           32  WORKING
 PROCESS            6  OF           32  WORKING
 PROCESS            7  OF           32  WORKING
 PROCESS           16  OF           32  WORKING
 PROCESS           10  OF           32  WORKING
 PROCESS            0  OF           32  WORKING
 PROCESS           17  OF           32  WORKING
 PROCESS           22  OF           32  WORKING
 PROCESS            8  OF           32  WORKING
 PROCESS           18  OF           32  WORKING
 PROCESS            5  OF           32  WORKING
 PROCESS           11  OF           32  WORKING
 PROCESS           13  OF           32  WORKING
 PROCESS            4  OF           32  WORKING
 PROCESS           15  OF           32  WORKING
 PROCESS           25  OF           32  WORKING
 PROCESS           29  OF           32  WORKING
 PROCESS           20  OF           32  WORKING
 PROCESS           19  OF           32  WORKING
 PROCESS           30  OF           32  WORKING
 PROCESS           31  OF           32  WORKING

         
 *******************************************************************************
 *                                                                             *
 *                               CRYSTAL23                                     *
 *                      public : 1.0.1 - October 2022                          *
 *                       HTTP://WWW.CRYSTAL.UNITO.IT                           *
 *                                                                             *
 *                              MAIN AUTHORS                                   *
 *                                                                             *
 *  R. DOVESI(1,11), V.R. SAUNDERS(2), C. ROETTI(1,11), R. ORLANDO(1,11),      *
 *  C.M. ZICOVICH-WILSON(1,3), F. PASCALE(4), B. CIVALLERI(1,11),              *
 *  K. DOLL(5), N.M. HARRISON(6), I.J. BUSH(7), Ph. D'ARCO(8),                 *
 *  M. LLUNELL(9), M. CAUSA'(10), Y. NOEL(8), L. MASCHIO(1,11), A. ERBA(1,11)  *
 *  M. RE'RAT(14), S. CASASSA(1,11), B.G. SEARLE(2), J.K. DESMARAIS(1)         *
 *                                                                             *
 *        CONTRIBUTIONS TO THE CODE HAVE ALSO BEEN GIVEN BY                    *
 *                                                                             *
 *  M. FERRABONE(1,11), M. DE LA PIERRE(1,11), M. FERRERO(1,11),               *
 *  J. BAIMA(1,11), E. ALBANESE(1,11), M.F. PEINTINGER(12), R. BAST(13),       *
 *  B. KIRTMAN(15), V. LACIVITA(1,11), R. DEMICHELIS(1,16)                     *
 *  G. BRANDEBURG(17), S. SALUSTRO(1,11), G. SANSONE(1,11)                     *
 *  M.T. RUGGIERO(18), L.E. DAGA(1), L. DONA'(1), A. COSSARD(1)                *
 *                                                                             *
 * (1) THEORETICAL CHEMISTRY GROUP - UNIVERSITA' DI TORINO - TORINO (ITALY)    *
 * (2) SCIENTIFIC COMPUTING DEPARTMENT - STFC DARESBURY (UK)                   *
 * (3) UNIVERSIDAD AUTONOMA DEL ESTADO DE MORELOS - CUERNAVACA (MEXICO)        *
 * (4) UNIVERSITE' DE LORRAINE - NANCY (FRANCE)                                *
 * (5) UNIVERSITAET STUTTGART- STUTTGART (GERMANY)                             *
 * (6) IMPERIAL COLLEGE - LONDON (UK)                                          *
 * (7) SCIENTIFIC COMPUTING DEPARTMENT - STFC RAL (UK)                         *
 * (8) UPMC - SORBONNE UNIVERSITES - PARIS (FRANCE)                            *
 * (9) UNIVERSIDAD DE BARCELONA - BARCELONA (SPAIN)                            *
 *(10) UNIVERSITA' DI NAPOLI "FEDERICO II" - NAPOLI (ITALY)                    *
 *(11) NIS - NANOSTRUCTURED INTERFACES AND SURFACES - TORINO (ITALY)           *
 *(12) MPI FUER CHEMISCHE ENERGIEKONVERSION - MUELHEIM AN DER RUHR (GERMANY)   *
 *(13) UNIVERSITY OF TROMSO - TROMSO (NORWAY)                                  *
 *(14) UNIVERSITE' DE PAU ET DES PAYS DE L'ADOUR - PAU (FRANCE)                *
 *(15) UNIVERSITY OF CALIFORNIA SANTA BARBARA - SANTA BARBARA (USA)            *
 *(16) CURTIN UNIVERSITY - PERTH (AUSTRALIA)                                   *
 *(17) UNIVERSITY COLLEGE LONDON - LONDON (UK)                                 *
 *(18) UNIVERSITY OF VERMONT - BURLINGTON (USA)                                *
 *                                                                             *
 *******************************************************************************
 PROCESS            2  OF           32  WORKING
 PROCESS            3  OF           32  WORKING
 PROCESS           23  OF           32  WORKING
 PROCESS           27  OF           32  WORKING
 PROCESS           28  OF           32  WORKING
 EEEEEEEEEE STARTING  DATE 30 01 2026 TIME 18:40:50.4
 ./3^2,4^3T4-CA_rev1_sp_B3LYP-D3-D3_optimized                                    
 PROCESS           12  OF           32  WORKING
 PROCESS           24  OF           32  WORKING
 PROCESS           26  OF           32  WORKING
 PROCESS           14  OF           32  WORKING
 PROCESS           21  OF           32  WORKING

 CRYSTAL CALCULATION
 (INPUT ACCORDING TO THE INTERNATIONAL TABLES FOR X-RAY CRYSTALLOGRAPHY)
 CRYSTAL FAMILY                       :  ORTHORHOMBIC
 CRYSTAL CLASS  (GROTH - 1921)        :  ORTHORHOMBIC PYRAMIDAL               

 SPACE GROUP (NONCENTROSYMMETRIC)     :  P C A 21        

 LATTICE PARAMETERS  (ANGSTROMS AND DEGREES) - CONVENTIONAL CELL
        A           B           C        ALPHA        BETA       GAMMA
     4.85739     5.43683     4.94748    90.00000    90.00000    90.00000


 NUMBER OF IRREDUCIBLE ATOMS IN THE CONVENTIONAL CELL:    5

 INPUT COORDINATES

 ATOM AT. N.              COORDINATES
   1   6     1.675690435190E-01  2.260609313469E-01  2.409449473615E-01
   2   6     2.881548191326E-01 -3.799638459000E-01  4.893474065891E-01
   3   6    -7.322212115160E-02  1.351414033295E-01  4.390147256083E-01
   4   6     2.203764920095E-01  4.987597870447E-01  2.488917900172E-01
   5   6     2.502485660862E-01  9.785982970589E-02 -1.076886957622E-02

 *******************************************************************************

 << INFORMATION >>: FROM NOW ON, ALL COORDINATES REFER TO THE PRIMITIVE CELL

 *******************************************************************************

 LATTICE PARAMETERS  (ANGSTROMS AND DEGREES) - PRIMITIVE CELL
       A          B          C        ALPHA      BETA     GAMMA        VOLUME
    4.85739    5.43683    4.94748    90.00000  90.00000  90.00000    130.657039

 COORDINATES OF THE EQUIVALENT ATOMS (FRACTIONAL UNITS)

 N. ATOM EQUIV AT. N.          X                  Y                  Z

   1   1   1    6 C     1.67569043519E-01  2.26060931347E-01  2.40944947361E-01
   2   1   2    6 C    -1.67569043519E-01 -2.26060931347E-01 -2.59055052639E-01
   3   1   3    6 C     3.32430956481E-01  2.26060931347E-01 -2.59055052639E-01
   4   1   4    6 C    -3.32430956481E-01 -2.26060931347E-01  2.40944947361E-01

   5   2   1    6 C     2.88154819133E-01 -3.79963845900E-01  4.89347406589E-01
   6   2   2    6 C    -2.88154819133E-01  3.79963845900E-01 -1.06525934109E-02
   7   2   3    6 C     2.11845180867E-01 -3.79963845900E-01 -1.06525934109E-02
   8   2   4    6 C    -2.11845180867E-01  3.79963845900E-01  4.89347406589E-01

   9   3   1    6 C    -7.32221211516E-02  1.35141403330E-01  4.39014725608E-01
  10   3   2    6 C     7.32221211516E-02 -1.35141403330E-01 -6.09852743917E-02
  11   3   3    6 C    -4.26777878848E-01  1.35141403330E-01 -6.09852743917E-02
  12   3   4    6 C     4.26777878848E-01 -1.35141403330E-01  4.39014725608E-01

  13   4   1    6 C     2.20376492009E-01  4.98759787045E-01  2.48891790017E-01
  14   4   2    6 C    -2.20376492009E-01 -4.98759787045E-01 -2.51108209983E-01
  15   4   3    6 C     2.79623507991E-01  4.98759787045E-01 -2.51108209983E-01
  16   4   4    6 C    -2.79623507991E-01 -4.98759787045E-01  2.48891790017E-01

  17   5   1    6 C     2.50248566086E-01  9.78598297059E-02 -1.07688695762E-02
  18   5   2    6 C    -2.50248566086E-01 -9.78598297059E-02  4.89231130424E-01
  19   5   3    6 C     2.49751433914E-01  9.78598297059E-02  4.89231130424E-01
  20   5   4    6 C    -2.49751433914E-01 -9.78598297059E-02 -1.07688695762E-02

 NUMBER OF SYMMETRY OPERATORS         :    4
 *******************************************************************************
 * GEOMETRY EDITING - INPUT COORDINATES ARE GIVEN IN ANGSTROM         
 *******************************************************************************

 GEOMETRY NOW FULLY CONSISTENT WITH THE GROUP

 GCALCO - MAX INDICES DIRECT LATTICE VECTOR    15    14    15
 NO.OF VECTORS CREATED 6999 STARS 1052 RMAX   113.65540 BOHR

 GEOMETRY FOR WAVE FUNCTION - DIMENSIONALITY OF THE SYSTEM    3
 (NON PERIODIC DIRECTION: LATTICE PARAMETER FORMALLY SET TO 500)
 *******************************************************************************
 LATTICE PARAMETERS (ANGSTROMS AND DEGREES) - BOHR = 0.5291772083 ANGSTROM
 PRIMITIVE CELL - CENTRING CODE 1/0 VOLUME=   130.657039 - DENSITY  3.050 g/cm^3
         A              B              C           ALPHA      BETA       GAMMA 
     4.85739321     5.43683116     4.94747609    90.000000  90.000000  90.000000
 *******************************************************************************
 ATOMS IN THE ASYMMETRIC UNIT    5 - ATOMS IN THE UNIT CELL:   20
     ATOM                 X/A                 Y/B                 Z/C    
 *******************************************************************************
      1 T   6 C     1.675690435190E-01  2.260609313469E-01  2.409449473615E-01
      2 F   6 C    -1.675690435190E-01 -2.260609313469E-01 -2.590550526385E-01
      3 F   6 C     3.324309564810E-01  2.260609313469E-01 -2.590550526385E-01
      4 F   6 C    -3.324309564810E-01 -2.260609313469E-01  2.409449473615E-01
      5 T   6 C     2.881548191326E-01 -3.799638459000E-01  4.893474065891E-01
      6 F   6 C    -2.881548191326E-01  3.799638459000E-01 -1.065259341090E-02
      7 F   6 C     2.118451808674E-01 -3.799638459000E-01 -1.065259341090E-02
      8 F   6 C    -2.118451808674E-01  3.799638459000E-01  4.893474065891E-01
      9 T   6 C    -7.322212115160E-02  1.351414033295E-01  4.390147256083E-01
     10 F   6 C     7.322212115160E-02 -1.351414033295E-01 -6.098527439170E-02
     11 F   6 C    -4.267778788484E-01  1.351414033295E-01 -6.098527439170E-02
     12 F   6 C     4.267778788484E-01 -1.351414033295E-01  4.390147256083E-01
     13 T   6 C     2.203764920095E-01  4.987597870447E-01  2.488917900172E-01
     14 F   6 C    -2.203764920095E-01 -4.987597870447E-01 -2.511082099828E-01
     15 F   6 C     2.796235079905E-01  4.987597870447E-01 -2.511082099828E-01
     16 F   6 C    -2.796235079905E-01 -4.987597870447E-01  2.488917900172E-01
     17 T   6 C     2.502485660862E-01  9.785982970589E-02 -1.076886957622E-02
     18 F   6 C    -2.502485660862E-01 -9.785982970589E-02  4.892311304238E-01
     19 F   6 C     2.497514339138E-01  9.785982970589E-02  4.892311304238E-01
     20 F   6 C    -2.497514339138E-01 -9.785982970589E-02 -1.076886957622E-02

 T = ATOM BELONGING TO THE ASYMMETRIC UNIT

 ****    4 SYMMOPS - TRANSLATORS IN FRACTIONAL UNITS
 **** MATRICES AND TRANSLATORS IN THE CRYSTALLOGRAPHIC REFERENCE FRAME
   V INV                    ROTATION MATRICES                   TRANSLATORS
   1   1  1.00  0.00  0.00  0.00  1.00  0.00  0.00  0.00  1.00  0.00  0.00  0.00
   2   2 -1.00  0.00  0.00  0.00 -1.00  0.00  0.00  0.00  1.00  0.00  0.00  0.50
   3   3 -1.00  0.00  0.00  0.00  1.00  0.00  0.00  0.00  1.00  0.50  0.00  0.50
   4   4  1.00  0.00  0.00  0.00 -1.00  0.00  0.00  0.00  1.00  0.50  0.00  0.00

 DIRECT LATTICE VECTORS CARTESIAN COMPONENTS (ANGSTROM)
          X                    Y                    Z
   0.485739321000E+01   0.000000000000E+00   0.000000000000E+00
   0.000000000000E+00   0.543683116000E+01   0.000000000000E+00
   0.000000000000E+00   0.000000000000E+00   0.494747609000E+01


 CARTESIAN COORDINATES - PRIMITIVE CELL
 *******************************************************************************
 *      ATOM          X(ANGSTROM)         Y(ANGSTROM)         Z(ANGSTROM)
 *******************************************************************************
    1     6 C     8.139487341954E-01  1.229055115605E+00  1.192069366077E+00
    2     6 C    -8.139487341954E-01 -1.229055115605E+00 -1.281668678923E+00
    3     6 C     1.614747870805E+00  1.229055115605E+00 -1.281668678923E+00
    4     6 C    -1.614747870805E+00 -1.229055115605E+00  1.192069366077E+00
    5     6 C     1.399681261883E+00 -2.065799277063E+00  2.421034593803E+00
    6     6 C    -1.399681261883E+00  2.065799277063E+00 -5.270345119692E-02
    7     6 C     1.029015343117E+00 -2.065799277063E+00 -5.270345119692E-02
    8     6 C    -1.029015343117E+00  2.065799277063E+00  2.421034593803E+00
    9     6 C    -3.556686341036E-01  7.347409926280E-01  2.172014858105E+00
   10     6 C     3.556686341036E-01 -7.347409926280E-01 -3.017231868950E-01
   11     6 C    -2.073027970896E+00  7.347409926280E-01 -3.017231868950E-01
   12     6 C     2.073027970896E+00 -7.347409926280E-01  2.172014858105E+00
   13     6 C     1.070455275931E+00  2.711672751560E+00  1.231386180107E+00
   14     6 C    -1.070455275931E+00 -2.711672751560E+00 -1.242351864893E+00
   15     6 C     1.358241329069E+00  2.711672751560E+00 -1.242351864893E+00
   16     6 C    -1.358241329069E+00 -2.711672751560E+00  1.231386180107E+00
   17     6 C     1.215555685719E+00  5.320473714573E-01 -5.327872474468E-02
   18     6 C    -1.215555685719E+00 -5.320473714573E-01  2.420459320255E+00
   19     6 C     1.213140919281E+00  5.320473714573E-01  2.420459320255E+00
   20     6 C    -1.213140919281E+00 -5.320473714573E-01 -5.327872474468E-02

 *******************************************************************************
 LOCAL ATOMIC FUNCTIONS BASIS SET
 *******************************************************************************
   ATOM   X(AU)   Y(AU)   Z(AU)  N. TYPE  EXPONENT  S COEF   P COEF   D/F/G COEF
 *******************************************************************************
   1 C    1.538   2.323   2.253
                                  1 S  
                                         1.358E+04 2.225E-04 0.000E+00 0.000E+00
                                         2.035E+03 1.723E-03 0.000E+00 0.000E+00
                                         4.632E+02 8.926E-03 0.000E+00 0.000E+00
                                         1.312E+02 3.573E-02 0.000E+00 0.000E+00
                                         4.285E+01 1.108E-01 0.000E+00 0.000E+00
                                         1.558E+01 2.430E-01 0.000E+00 0.000E+00
                                  2 S  
                                         6.207E+00 4.144E-01 0.000E+00 0.000E+00
                                         2.576E+00 2.374E-01 0.000E+00 0.000E+00
                                  3 S  
                                         4.941E-01 1.000E+00 0.000E+00 0.000E+00
                                  4 S  
                                         1.644E-01 1.000E+00 0.000E+00 0.000E+00
                           5-     7 P  
                                         3.470E+01 0.000E+00 5.333E-03 0.000E+00
                                         7.958E+00 0.000E+00 3.586E-02 0.000E+00
                                         2.378E+00 0.000E+00 1.422E-01 0.000E+00
                                         8.143E-01 0.000E+00 3.427E-01 0.000E+00
                           8-    10 P  
                                         5.662E-01 0.000E+00 1.000E+00 0.000E+00
                          11-    13 P  
                                         2.674E-01 0.000E+00 1.000E+00 0.000E+00
                          14-    18 D  
                                         8.792E-01 0.000E+00 0.000E+00 1.000E+00
   2 C   -1.538  -2.323  -2.422
   3 C    3.051   2.323  -2.422
   4 C   -3.051  -2.323   2.253
   5 C    2.645  -3.904   4.575
   6 C   -2.645   3.904  -0.100
   7 C    1.945  -3.904  -0.100
   8 C   -1.945   3.904   4.575
   9 C   -0.672   1.388   4.105
  10 C    0.672  -1.388  -0.570
  11 C   -3.917   1.388  -0.570
  12 C    3.917  -1.388   4.105
  13 C    2.023   5.124   2.327
  14 C   -2.023  -5.124  -2.348
  15 C    2.567   5.124  -2.348
  16 C   -2.567  -5.124   2.327
  17 C    2.297   1.005  -0.101
  18 C   -2.297  -1.005   4.574
  19 C    2.293   1.005   4.574
  20 C   -2.293  -1.005  -0.101
 INFORMATION **** SET_MPP **** PCRYSTAL CALCULATION
 INFORMATION **** READM2 **** NEW DEFAULT: FOCK/KS MATRIX MIXING SET TO 30 %
 INFORMATION **** READM2 **** NEW DEFAULT: FULL DIRECT SCF MODE
 INFORMATION **** READM2 **** NEW DEFAULT: COULOMB BIPOLAR BUFFER SET TO 32 Mb
 INFORMATION **** READM2 **** NEW DEFAULT: EXCHANGE BIPOLAR BUFFER SET TO 32 Mb

 *******************************************************************************
 NEW DEFAULT: DFT INTEGRATION GRID INCREASED TO XLGRID
 NEW DEFAULT: DIIS ACCELERATOR ACTIVE
 USE KEYWORD NODIIS TO TURN IT OFF
 *******************************************************************************

 INFORMATION **** DFTD3_INPUT **** PERFORM LATEST DISPERSION CORRECTION DFT-D3(BJ) WITH AUTOMATIC PARAMETER SETUP
 PLEASE CITE:
 (1) DFT-D3 Reference
  S. Grimme, J. Antony, S. Ehrlich, and H. Krieg, J. Chem. Phys. 132 (2010), 154104
 (2) BJ-Damping Reference
  S. Grimme, S. Ehrlich, and L. Goerigk, J. Comput. Chem. 32 (2011), 1456-1465
 (3) General DFT-D Review
  S. Grimme, A. Hansen, J. G. Brandenburg, and C. Bannwarth,
  Chem. Rev. 116 (2016), 5105-5154

 INFORMATION **** TOLINTEG **** COULOMB AND EXCHANGE SERIES TOLERANCES MODIFIED
 INFORMATION **** TOLDEE **** SCF TOL ON TOTAL ENERGY SET TO           9
 INFORMATION **** READM2 **** FULL DIRECT SCF (MONO AND BIEL INT) SELECTED
 INFORMATION **** MAXCYCLE **** MAX NUMBER OF SCF CYCLES SET TO         800
 INFORMATION **** DIIS **** DIIS FOR SCF ACTIVE
 INFORMATION **** DIIS **** LEVEL SHIFTER DISABLED
 INFORMATION **** PPAN ****  MULLIKEN POPULATION ANALYSIS AT THE END OF SCF
 *******************************************************************************
 N. OF ATOMS PER CELL        20  COULOMB OVERLAP TOL         (T1) 10**   -8
 NUMBER OF SHELLS           160  COULOMB PENETRATION TOL     (T2) 10**   -8
 NUMBER OF AO               360  EXCHANGE OVERLAP TOL        (T3) 10**   -8
 N. OF ELECTRONS PER CELL   120  EXCHANGE PSEUDO OVP (F(G))  (T4) 10**   -9
 CORE ELECTRONS PER CELL     40  EXCHANGE PSEUDO OVP (P(G))  (T5) 10**  -24
 N. OF SYMMETRY OPERATORS     4  POLE ORDER IN MONO ZONE                  4
 *******************************************************************************
 TYPE OF CALCULATION :  UNRESTRICTED OPEN SHELL
 KOHN-SHAM HAMILTONIAN

 (EXCHANGE)[CORRELATION] FUNCTIONAL:(BECKE 88)[LEE-YANG-PARR]

 NON-LOCAL WEIGHTING FACTOR (EXCHANGE) =           0.9000
 NON-LOCAL WEIGHTING FACTOR [CORRELATION] =        0.8100

 HYBRID EXCHANGE - PERCENTAGE OF FOCK EXCHANGE    20.0000

 SPIN POLARIZED DFT SELECTED

 CAPPA:IS1  9;IS2  9;IS3  9; K PTS MONK NET 125; SYMMOPS:K SPACE   8;G SPACE   4

 *******************************************************************************
 MAX NUMBER OF SCF CYCLES     800  CONVERGENCE ON DELTAP        10**-19
 WEIGHT OF F(I) IN F(I+1)      30% CONVERGENCE ON ENERGY        10**- 9
 SHRINK. FACT.(MONKH.)    9  9  9  NUMBER OF K POINTS IN THE IBZ    125
 SHRINKING FACTOR(GILAT NET)   18  NUMBER OF K POINTS(GILAT NET)   1000
 *******************************************************************************
 *** K POINTS COORDINATES (OBLIQUE COORDINATES IN UNITS OF IS =  9)
   1-R(  0  0  0)   2-C(  1  0  0)   3-C(  2  0  0)   4-C(  3  0  0)
   5-C(  4  0  0)   6-C(  0  1  0)   7-C(  1  1  0)   8-C(  2  1  0)
   9-C(  3  1  0)  10-C(  4  1  0)  11-C(  0  2  0)  12-C(  1  2  0)
  13-C(  2  2  0)  14-C(  3  2  0)  15-C(  4  2  0)  16-C(  0  3  0)
  17-C(  1  3  0)  18-C(  2  3  0)  19-C(  3  3  0)  20-C(  4  3  0)
  21-C(  0  4  0)  22-C(  1  4  0)  23-C(  2  4  0)  24-C(  3  4  0)
  25-C(  4  4  0)  26-C(  0  0  1)  27-C(  1  0  1)  28-C(  2  0  1)
  29-C(  3  0  1)  30-C(  4  0  1)  31-C(  0  1  1)  32-C(  1  1  1)
  33-C(  2  1  1)  34-C(  3  1  1)  35-C(  4  1  1)  36-C(  0  2  1)
  37-C(  1  2  1)  38-C(  2  2  1)  39-C(  3  2  1)  40-C(  4  2  1)
  41-C(  0  3  1)  42-C(  1  3  1)  43-C(  2  3  1)  44-C(  3  3  1)
  45-C(  4  3  1)  46-C(  0  4  1)  47-C(  1  4  1)  48-C(  2  4  1)
  49-C(  3  4  1)  50-C(  4  4  1)  51-C(  0  0  2)  52-C(  1  0  2)
  53-C(  2  0  2)  54-C(  3  0  2)  55-C(  4  0  2)  56-C(  0  1  2)
  57-C(  1  1  2)  58-C(  2  1  2)  59-C(  3  1  2)  60-C(  4  1  2)
  61-C(  0  2  2)  62-C(  1  2  2)  63-C(  2  2  2)  64-C(  3  2  2)
  65-C(  4  2  2)  66-C(  0  3  2)  67-C(  1  3  2)  68-C(  2  3  2)
  69-C(  3  3  2)  70-C(  4  3  2)  71-C(  0  4  2)  72-C(  1  4  2)
  73-C(  2  4  2)  74-C(  3  4  2)  75-C(  4  4  2)  76-C(  0  0  3)
  77-C(  1  0  3)  78-C(  2  0  3)  79-C(  3  0  3)  80-C(  4  0  3)
  81-C(  0  1  3)  82-C(  1  1  3)  83-C(  2  1  3)  84-C(  3  1  3)
  85-C(  4  1  3)  86-C(  0  2  3)  87-C(  1  2  3)  88-C(  2  2  3)
  89-C(  3  2  3)  90-C(  4  2  3)  91-C(  0  3  3)  92-C(  1  3  3)
  93-C(  2  3  3)  94-C(  3  3  3)  95-C(  4  3  3)  96-C(  0  4  3)
  97-C(  1  4  3)  98-C(  2  4  3)  99-C(  3  4  3) 100-C(  4  4  3)
 101-C(  0  0  4) 102-C(  1  0  4) 103-C(  2  0  4) 104-C(  3  0  4)
 105-C(  4  0  4) 106-C(  0  1  4) 107-C(  1  1  4) 108-C(  2  1  4)
 109-C(  3  1  4) 110-C(  4  1  4) 111-C(  0  2  4) 112-C(  1  2  4)
 113-C(  2  2  4) 114-C(  3  2  4) 115-C(  4  2  4) 116-C(  0  3  4)
 117-C(  1  3  4) 118-C(  2  3  4) 119-C(  3  3  4) 120-C(  4  3  4)
 121-C(  0  4  4) 122-C(  1  4  4) 123-C(  2  4  4) 124-C(  3  4  4)
 125-C(  4  4  4)

 DIRECT LATTICE VECTORS COMPON. (A.U.)     RECIP. LATTICE VECTORS COMPON. (A.U.) 
        X            Y            Z              X            Y            Z
    9.1791429    0.0000000    0.0000000      0.6845068    0.0000000    0.0000000
    0.0000000   10.2741219    0.0000000      0.0000000    0.6115545    0.0000000
    0.0000000    0.0000000    9.3493749      0.0000000    0.0000000    0.6720434

 DISK SPACE FOR EIGENVECTORS (FTN 10)    32270400 REALS

 SYMMETRY ADAPTION OF THE BLOCH FUNCTIONS ENABLED
 PROCESS            9  OF           32  WORKING
 TTTTTTTTTTTTTTTTTTTTTTTTTTTTTT gordsh1     TELAPSE        1.86 TCPU        0.68

 MATRIX SIZE: P(G) 2072832, F(G)  236524, P(G) IRR  267083, F(G) IRR   60821
 MAX G-VECTOR INDEX FOR 1- AND 2-ELECTRON INTEGRALS 249

 TTTTTTTTTTTTTTTTTTTTTTTTTTTTTT INPUT       TELAPSE        1.88 TCPU        0.70

 NEIGHBORS OF THE NON-EQUIVALENT ATOMS

 N = NUMBER OF NEIGHBORS AT DISTANCE R
    ATOM  N     R/ANG      R/AU   NEIGHBORS (ATOM LABELS AND CELL INDICES)
   1 C    1     1.4677     2.7735   19 C    0 0 0
   1 C    1     1.4826     2.8016   17 C    0 0 0
   1 C    1     1.5052     2.8443   13 C    0 0 0
   1 C    1     1.6039     3.0310    9 C    0 0 0
   1 C    1     2.3679     4.4747    8 C    0 0 0
   1 C    1     2.4867     4.6992    7 C    0 1 0

   5 C    1     1.3994     2.6445   13 C    0-1 0
   5 C    1     1.4441     2.7289   15 C    0-1 1
   5 C    1     1.5123     2.8579   12 C    0 0 0
   5 C    1     2.3679     4.4747    4 C    1 0 0
   5 C    1     2.4867     4.6992    3 C    0-1 1
   5 C    1     2.4980     4.7206   16 C    1 0 0

   9 C    1     1.5123     2.8579    8 C    0 0 0
   9 C    1     1.5511     2.9311   18 C    0 0 0
   9 C    1     1.6012     3.0259   19 C    0 0 0
   9 C    1     1.6039     3.0310    1 C    0 0 0
   9 C    1     2.4190     4.5713   16 C    0 1 0
   9 C    1     2.5096     4.7424    2 C    0 0 1

  13 C    1     1.3994     2.6445    5 C    0 1 0
  13 C    1     1.4441     2.7289    7 C    0 1 0
  13 C    1     1.5052     2.8443    1 C    0 0 0
  13 C    1     2.4190     4.5713   12 C    0 1 0
  13 C    2     2.4287     4.5896   16 C    0 1 0   16 C    1 1 0
  13 C    1     2.4870     4.6997   19 C    0 0 0

  17 C    1     1.4677     2.7735    3 C    0 0 0
  17 C    1     1.4826     2.8016    1 C    0 0 0
  17 C    1     1.5511     2.9311   10 C    0 0 0
  17 C    1     1.6012     3.0259   11 C    1 0 0
  17 C    2     2.4737     4.6747   19 C    0 0 0   19 C    0 0-1
  17 C    1     2.4870     4.6997   15 C    0 0 0


 SYMMETRY ALLOWED INTERNAL DEGREE(S) OF FREEDOM:  14
 TTTTTTTTTTTTTTTTTTTTTTTTTTTTTT SYMM        TELAPSE        1.95 TCPU        0.75
 TTTTTTTTTTTTTTTTTTTTTTTTTTTTTT INT_SCREEN  TELAPSE        2.04 TCPU        0.83

 DFT PARAMETERS

     ATOM       ELECTRONS   NET CHARGE   R(ANGSTROM)
   1   6  C       6.0000      0.0000     0.77000000

 SIZE OF GRID=     136359
 TTTTTTTTTTTTTTTTTTTTTTTTTTTTTT MAKE_GRID2  TELAPSE        3.77 TCPU        2.55
 BECKE WEIGHT FUNCTION
 RADSAFE =     2.00
 TOLERANCES - DENSITY:10**- 6; POTENTIAL:10**- 9; GRID WGT:10**-14

 RADIAL INTEGRATION  - INTERVALS (POINTS,UPPER LIMIT):            1( 75,  4.0*R)

 ANGULAR INTEGRATION - INTERVALS (ACCURACY LEVEL [N. POINTS] UPPER LIMIT):
  1(  4[  86]   0.2)  2(  8[ 194]   0.5)  3( 12[ 350]   0.9)  4( 16[ 974]   3.5)
  5( 12[ 350]9999.0)
 TTTTTTTTTTTTTTTTTTTTTTTTTTTTTT INT_CALC    TELAPSE        3.78 TCPU        2.57
 EEEEEEEEEE INT_CALC TERMINATION  DATE 30 01 2026 TIME 18:40:52.8

 *******************************************************************************
 ./3^2,4^3T4-CA_rev1_sp_B3LYP-D3-D3_optimized                                    
 CRYSTAL - SCF - TYPE OF CALCULATION :  UNRESTRICTED OPEN SHELL
 *******************************************************************************

 CAPPA:IS1  9;IS2  9;IS3  9; K PTS MONK NET 125; SYMMOPS:K SPACE   8;G SPACE   4

 TTTTTTTTTTTTTTTTTTTTTTTTTTTTTT SDIK        TELAPSE        3.97 TCPU        2.75

 AAAAAAAAAAAAAAAAAAAAAAAAAAAAAAAAAAAAAAAAAAAAAAAAAAAAAAAAAAAAAAAAAAAAAAAAAAAAAAA
         ATOMIC WAVEFUNCTION(S)


 NUCLEAR CHARGE  6.0  SYMMETRY SPECIES            S    P
 N. ELECTRONS    6.0  NUMBER OF PRIMITIVE GTOS   10    6
                      NUMBER OF CONTRACTED GTOS   4    3
                      NUMBER OF CLOSED SHELLS     2    0
                      OPEN SHELL OCCUPATION       0    2

  ZNUC  SCFIT    TOTAL HF ENERGY   KINETIC ENERGY   VIRIAL THEOREM ACCURACY
   6.0    10    -3.766702350E+01  3.783137943E+01 -1.995655566E+00  1.6E-06

 AAAAAAAAAAAAAAAAAAAAAAAAAAAAAAAAAAAAAAAAAAAAAAAAAAAAAAAAAAAAAAAAAAAAAAAAAAAAAAA

 CHARGE NORMALIZATION FACTOR   1.00000000
 TOTAL ATOMIC CHARGES:
   6.0000000   6.0000000   6.0000000   6.0000000   6.0000000   6.0000000
   6.0000000   6.0000000   6.0000000   6.0000000   6.0000000   6.0000000
   6.0000000   6.0000000   6.0000000   6.0000000   6.0000000   6.0000000
   6.0000000   6.0000000
 SUMMED SPIN DENSITY           0.00000000
 TOTAL ATOMIC SPINS  :
   0.0000000   0.0000000   0.0000000   0.0000000   0.0000000   0.0000000
   0.0000000   0.0000000   0.0000000   0.0000000   0.0000000   0.0000000
   0.0000000   0.0000000   0.0000000   0.0000000   0.0000000   0.0000000
   0.0000000   0.0000000
 TTTTTTTTTTTTTTTTTTTTTTTTTTTTTT MOQGAD      TELAPSE        3.97 TCPU        2.76
 TTTTTTTTTTTTTTTTTTTTTTTTTTTTTT SHELLXN     TELAPSE       59.36 TCPU       58.10
 TTTTTTTTTTTTTTTTTTTTTTTTTTTTTT MONMO3      TELAPSE       59.43 TCPU       58.18
 NUMERICALLY INTEGRATED DENSITY     59.9999389308     59.9999389308
 TTTTTTTTTTTTTTTTTTTTTTTTTTTTTT NUMDFT      TELAPSE       60.65 TCPU       59.40
 CYC   0 ETOT(AU) -7.678339305552E+02 DETOT -7.68E+02 tst  0.00E+00 PX  1.00E+00
 TTTTTTTTTTTTTTTTTTTTTTTTTTTTTT DIIS        TELAPSE       60.76 TCPU       59.50
 TTTTTTTTTTTTTTTTTTTTTTTTTTTTTT FDIK        TELAPSE       63.51 TCPU       62.25
 POSSIBLY CONDUCTING STATE - EFERMI(AU) -1.5881738E-01 (RES. CHARGE  1.42E-14;IT. 10)
 TTTTTTTTTTTTTTTTTTTTTTTTTTTTTT PDIG        TELAPSE       63.71 TCPU       62.44
 CHARGE NORMALIZATION FACTOR   1.00000000
 TOTAL ATOMIC CHARGES:
   6.0086192   6.0086192   6.0086192   6.0086192   6.0590972   6.0590972
   6.0590972   6.0590972   5.9763194   5.9763194   5.9763194   5.9763194
   5.9708976   5.9708976   5.9708976   5.9708976   5.9850667   5.9850667
   5.9850667   5.9850667
 SUMMED SPIN DENSITY           0.00000000
 TOTAL ATOMIC SPINS  :
  -0.0000000  -0.0000000  -0.0000000  -0.0000000   0.0000000   0.0000000
   0.0000000   0.0000000  -0.0000000  -0.0000000  -0.0000000  -0.0000000
  -0.0000000  -0.0000000  -0.0000000  -0.0000000   0.0000000   0.0000000
   0.0000000   0.0000000
 TTTTTTTTTTTTTTTTTTTTTTTTTTTTTT MOQGAD      TELAPSE       63.71 TCPU       62.45
 TTTTTTTTTTTTTTTTTTTTTTTTTTTTTT SHELLXN     TELAPSE      116.56 TCPU      115.27
 TTTTTTTTTTTTTTTTTTTTTTTTTTTTTT MONMO3      TELAPSE      116.64 TCPU      115.35
 NUMERICALLY INTEGRATED DENSITY     59.9999514572     59.9999514572
 TTTTTTTTTTTTTTTTTTTTTTTTTTTTTT NUMDFT      TELAPSE      117.33 TCPU      116.04
 CYC   1 ETOT(AU) -7.613027366702E+02 DETOT  6.53E+00 tst  0.00E+00 PX  1.00E+00
 TTTTTTTTTTTTTTTTTTTTTTTTTTTTTT DIIS        TELAPSE      117.38 TCPU      116.09
 DIIS TEST: 0.31298E+00 AT SCF   CYCLE   1 - MIX   30 %
 TTTTTTTTTTTTTTTTTTTTTTTTTTTTTT FDIK        TELAPSE      118.57 TCPU      117.28
 POSSIBLY CONDUCTING STATE - EFERMI(AU) -7.8297513E-02 (RES. CHARGE  6.96E-13;IT. 10)
 TTTTTTTTTTTTTTTTTTTTTTTTTTTTTT PDIG        TELAPSE      118.76 TCPU      117.48
 CHARGE NORMALIZATION FACTOR   1.00000000
 TOTAL ATOMIC CHARGES:
   5.9745830   5.9745830   5.9745830   5.9745830   5.9599671   5.9599671
   5.9599671   5.9599671   6.1066620   6.1066620   6.1066620   6.1066620
   5.9614528   5.9614528   5.9614528   5.9614528   5.9973350   5.9973350
   5.9973350   5.9973350
 SUMMED SPIN DENSITY          -0.00000000
 TOTAL ATOMIC SPINS  :
   0.0000000   0.0000000   0.0000000   0.0000000  -0.0000000  -0.0000000
  -0.0000000  -0.0000000   0.0000000   0.0000000   0.0000000   0.0000000
  -0.0000000  -0.0000000  -0.0000000  -0.0000000  -0.0000000  -0.0000000
  -0.0000000  -0.0000000
 TTTTTTTTTTTTTTTTTTTTTTTTTTTTTT MOQGAD      TELAPSE      118.77 TCPU      117.48
 TTTTTTTTTTTTTTTTTTTTTTTTTTTTTT SHELLXN     TELAPSE      171.58 TCPU      170.28
 TTTTTTTTTTTTTTTTTTTTTTTTTTTTTT MONMO3      TELAPSE      171.66 TCPU      170.36
 NUMERICALLY INTEGRATED DENSITY     59.9999488108     59.9999488108
 TTTTTTTTTTTTTTTTTTTTTTTTTTTTTT NUMDFT      TELAPSE      172.34 TCPU      171.04
 CYC   2 ETOT(AU) -7.613350849124E+02 DETOT -3.23E-02 tst  1.85E-03 PX  7.18E-02
 TTTTTTTTTTTTTTTTTTTTTTTTTTTTTT DIIS        TELAPSE      172.39 TCPU      171.09
 DIIS TEST: 0.12990E+00 AT SCF   CYCLE   2 - DIIS ACTIVE - HISTORY:     2 CYCLES
 TTTTTTTTTTTTTTTTTTTTTTTTTTTTTT FDIK        TELAPSE      174.31 TCPU      173.00
 POSSIBLY CONDUCTING STATE - EFERMI(AU) -6.4148629E-02 (RES. CHARGE  1.36E-11;IT. 10)
 TTTTTTTTTTTTTTTTTTTTTTTTTTTTTT PDIG        TELAPSE      174.50 TCPU      173.19
 CHARGE NORMALIZATION FACTOR   1.00000000
 TOTAL ATOMIC CHARGES:
   5.9915506   5.9915506   5.9915506   5.9915506   6.0204966   6.0204966
   6.0204966   6.0204966   6.0169922   6.0169922   6.0169922   6.0169922
   6.0090789   6.0090789   6.0090789   6.0090789   5.9618818   5.9618818
   5.9618818   5.9618818
 SUMMED SPIN DENSITY          -0.00000000
 TOTAL ATOMIC SPINS  :
   0.0000000   0.0000000   0.0000000   0.0000000   0.0000000   0.0000000
   0.0000000   0.0000000   0.0000000   0.0000000   0.0000000   0.0000000
  -0.0000000  -0.0000000  -0.0000000  -0.0000000  -0.0000000  -0.0000000
  -0.0000000  -0.0000000
 TTTTTTTTTTTTTTTTTTTTTTTTTTTTTT MOQGAD      TELAPSE      174.50 TCPU      173.20
 TTTTTTTTTTTTTTTTTTTTTTTTTTTTTT SHELLXN     TELAPSE      227.22 TCPU      225.90
 TTTTTTTTTTTTTTTTTTTTTTTTTTTTTT MONMO3      TELAPSE      227.30 TCPU      225.98
 NUMERICALLY INTEGRATED DENSITY     59.9999482418     59.9999482418
 TTTTTTTTTTTTTTTTTTTTTTTTTTTTTT NUMDFT      TELAPSE      227.97 TCPU      226.65
 CYC   3 ETOT(AU) -7.613397609715E+02 DETOT -4.68E-03 tst  1.66E-03 PX  3.25E-02
 TTTTTTTTTTTTTTTTTTTTTTTTTTTTTT DIIS        TELAPSE      228.03 TCPU      226.71
 DIIS TEST: 0.67307E-01 AT SCF   CYCLE   3 - DIIS ACTIVE - HISTORY:     3 CYCLES
 TTTTTTTTTTTTTTTTTTTTTTTTTTTTTT FDIK        TELAPSE      229.43 TCPU      228.10
 POSSIBLY CONDUCTING STATE - EFERMI(AU) -6.4196958E-02 (RES. CHARGE  4.55E-11;IT.  6)
 TTTTTTTTTTTTTTTTTTTTTTTTTTTTTT PDIG        TELAPSE      229.62 TCPU      228.29
 CHARGE NORMALIZATION FACTOR   1.00000000
 TOTAL ATOMIC CHARGES:
   5.9732301   5.9732301   5.9732301   5.9732301   6.0226600   6.0226600
   6.0226600   6.0226600   6.0472841   6.0472841   6.0472841   6.0472841
   5.9660447   5.9660447   5.9660447   5.9660447   5.9907811   5.9907811
   5.9907811   5.9907811
 SUMMED SPIN DENSITY          -0.00000000
 TOTAL ATOMIC SPINS  :
  -0.0000000  -0.0000000  -0.0000000  -0.0000000  -0.0000000  -0.0000000
  -0.0000000  -0.0000000  -0.0000000  -0.0000000  -0.0000000  -0.0000000
  -0.0000000  -0.0000000  -0.0000000  -0.0000000   0.0000000   0.0000000
   0.0000000   0.0000000
 TTTTTTTTTTTTTTTTTTTTTTTTTTTTTT MOQGAD      TELAPSE      229.62 TCPU      228.30
 TTTTTTTTTTTTTTTTTTTTTTTTTTTTTT SHELLXN     TELAPSE      282.34 TCPU      281.00
 TTTTTTTTTTTTTTTTTTTTTTTTTTTTTT MONMO3      TELAPSE      282.42 TCPU      281.08
 NUMERICALLY INTEGRATED DENSITY     59.9999486003     59.9999486003
 TTTTTTTTTTTTTTTTTTTTTTTTTTTTTT NUMDFT      TELAPSE      283.10 TCPU      281.76
 CYC   4 ETOT(AU) -7.613433080939E+02 DETOT -3.55E-03 tst  1.04E-04 PX  1.61E-02
 TTTTTTTTTTTTTTTTTTTTTTTTTTTTTT DIIS        TELAPSE      283.15 TCPU      281.81
 DIIS TEST: 0.55103E-02 AT SCF   CYCLE   4 - DIIS ACTIVE - HISTORY:     4 CYCLES
 TTTTTTTTTTTTTTTTTTTTTTTTTTTTTT FDIK        TELAPSE      284.30 TCPU      282.96
 POSSIBLY CONDUCTING STATE - EFERMI(AU) -6.4410602E-02 (RES. CHARGE  4.39E-10;IT.  8)
 TTTTTTTTTTTTTTTTTTTTTTTTTTTTTT PDIG        TELAPSE      284.50 TCPU      283.15
 CHARGE NORMALIZATION FACTOR   1.00000000
 TOTAL ATOMIC CHARGES:
   5.9786372   5.9786372   5.9786372   5.9786372   5.9994407   5.9994407
   5.9994407   5.9994407   6.0530164   6.0530164   6.0530164   6.0530164
   5.9885287   5.9885287   5.9885287   5.9885287   5.9803769   5.9803769
   5.9803769   5.9803769
 SUMMED SPIN DENSITY          -0.00000000
 TOTAL ATOMIC SPINS  :
  -0.0000000  -0.0000000  -0.0000000  -0.0000000  -0.0000000  -0.0000000
  -0.0000000  -0.0000000   0.0000000   0.0000000   0.0000000   0.0000000
   0.0000000   0.0000000   0.0000000   0.0000000   0.0000000   0.0000000
   0.0000000   0.0000000
 TTTTTTTTTTTTTTTTTTTTTTTTTTTTTT MOQGAD      TELAPSE      284.50 TCPU      283.16
 TTTTTTTTTTTTTTTTTTTTTTTTTTTTTT SHELLXN     TELAPSE      340.55 TCPU      339.11
 TTTTTTTTTTTTTTTTTTTTTTTTTTTTTT MONMO3      TELAPSE      340.62 TCPU      339.18
 NUMERICALLY INTEGRATED DENSITY     59.9999486215     59.9999486215
 TTTTTTTTTTTTTTTTTTTTTTTTTTTTTT NUMDFT      TELAPSE      341.47 TCPU      340.02
 CYC   5 ETOT(AU) -7.613435865907E+02 DETOT -2.78E-04 tst  2.41E-05 PX  4.01E-03
 TTTTTTTTTTTTTTTTTTTTTTTTTTTTTT DIIS        TELAPSE      341.54 TCPU      340.10
 DIIS TEST: 0.78206E-03 AT SCF   CYCLE   5 - DIIS ACTIVE - HISTORY:     5 CYCLES
 TTTTTTTTTTTTTTTTTTTTTTTTTTTTTT FDIK        TELAPSE      342.69 TCPU      341.25
 POSSIBLY CONDUCTING STATE - EFERMI(AU) -6.4284319E-02 (RES. CHARGE  8.53E-14;IT.  8)
 TTTTTTTTTTTTTTTTTTTTTTTTTTTTTT PDIG        TELAPSE      342.88 TCPU      341.44
 CHARGE NORMALIZATION FACTOR   1.00000000
 TOTAL ATOMIC CHARGES:
   5.9780963   5.9780963   5.9780963   5.9780963   6.0078726   6.0078726
   6.0078726   6.0078726   6.0521596   6.0521596   6.0521596   6.0521596
   5.9812222   5.9812222   5.9812222   5.9812222   5.9806493   5.9806493
   5.9806493   5.9806493
 SUMMED SPIN DENSITY          -0.00000000
 TOTAL ATOMIC SPINS  :
  -0.0000000  -0.0000000  -0.0000000  -0.0000000   0.0000000   0.0000000
   0.0000000   0.0000000  -0.0000000  -0.0000000  -0.0000000  -0.0000000
   0.0000000   0.0000000   0.0000000   0.0000000   0.0000000   0.0000000
   0.0000000   0.0000000
 TTTTTTTTTTTTTTTTTTTTTTTTTTTTTT MOQGAD      TELAPSE      342.89 TCPU      341.44
 TTTTTTTTTTTTTTTTTTTTTTTTTTTTTT SHELLXN     TELAPSE      395.79 TCPU      394.32
 TTTTTTTTTTTTTTTTTTTTTTTTTTTTTT MONMO3      TELAPSE      395.86 TCPU      394.40
 NUMERICALLY INTEGRATED DENSITY     59.9999485847     59.9999485847
 TTTTTTTTTTTTTTTTTTTTTTTTTTTTTT NUMDFT      TELAPSE      396.55 TCPU      395.09
 CYC   6 ETOT(AU) -7.613436375394E+02 DETOT -5.09E-05 tst  2.43E-06 PX  1.60E-03
 TTTTTTTTTTTTTTTTTTTTTTTTTTTTTT DIIS        TELAPSE      396.61 TCPU      395.14
 DIIS TEST: 0.35457E-04 AT SCF   CYCLE   6 - DIIS ACTIVE - HISTORY:     6 CYCLES
 TTTTTTTTTTTTTTTTTTTTTTTTTTTTTT FDIK        TELAPSE      397.75 TCPU      396.29
 POSSIBLY CONDUCTING STATE - EFERMI(AU) -6.4257831E-02 (RES. CHARGE  1.72E-11;IT.  6)
 TTTTTTTTTTTTTTTTTTTTTTTTTTTTTT PDIG        TELAPSE      397.95 TCPU      396.48
 CHARGE NORMALIZATION FACTOR   1.00000000
 TOTAL ATOMIC CHARGES:
   5.9776741   5.9776741   5.9776741   5.9776741   6.0069163   6.0069163
   6.0069163   6.0069163   6.0509656   6.0509656   6.0509656   6.0509656
   5.9822074   5.9822074   5.9822074   5.9822074   5.9822367   5.9822367
   5.9822367   5.9822367
 SUMMED SPIN DENSITY          -0.00000000
 TOTAL ATOMIC SPINS  :
  -0.0000000  -0.0000000  -0.0000000  -0.0000000  -0.0000000  -0.0000000
  -0.0000000  -0.0000000  -0.0000000  -0.0000000  -0.0000000  -0.0000000
   0.0000000   0.0000000   0.0000000   0.0000000   0.0000000   0.0000000
   0.0000000   0.0000000
 TTTTTTTTTTTTTTTTTTTTTTTTTTTTTT MOQGAD      TELAPSE      397.95 TCPU      396.48
 TTTTTTTTTTTTTTTTTTTTTTTTTTTTTT SHELLXN     TELAPSE      450.80 TCPU      449.31
 TTTTTTTTTTTTTTTTTTTTTTTTTTTTTT MONMO3      TELAPSE      450.87 TCPU      449.39
 NUMERICALLY INTEGRATED DENSITY     59.9999485833     59.9999485833
 TTTTTTTTTTTTTTTTTTTTTTTTTTTTTT NUMDFT      TELAPSE      451.55 TCPU      450.06
 CYC   7 ETOT(AU) -7.613436396023E+02 DETOT -2.06E-06 tst  4.72E-08 PX  2.95E-04
 TTTTTTTTTTTTTTTTTTTTTTTTTTTTTT DIIS        TELAPSE      451.61 TCPU      450.12
 DIIS TEST: 0.44611E-05 AT SCF   CYCLE   7 - DIIS ACTIVE - HISTORY:     7 CYCLES
 TTTTTTTTTTTTTTTTTTTTTTTTTTTTTT FDIK        TELAPSE      452.75 TCPU      451.27
 POSSIBLY CONDUCTING STATE - EFERMI(AU) -6.4289488E-02 (RES. CHARGE  8.91E-12;IT.  6)
 TTTTTTTTTTTTTTTTTTTTTTTTTTTTTT PDIG        TELAPSE      452.95 TCPU      451.46
 CHARGE NORMALIZATION FACTOR   1.00000000
 TOTAL ATOMIC CHARGES:
   5.9776442   5.9776442   5.9776442   5.9776442   6.0070418   6.0070418
   6.0070418   6.0070418   6.0513985   6.0513985   6.0513985   6.0513985
   5.9821927   5.9821927   5.9821927   5.9821927   5.9817228   5.9817228
   5.9817228   5.9817228
 SUMMED SPIN DENSITY          -0.00000000
 TOTAL ATOMIC SPINS  :
  -0.0000000  -0.0000000  -0.0000000  -0.0000000  -0.0000000  -0.0000000
  -0.0000000  -0.0000000  -0.0000000  -0.0000000  -0.0000000  -0.0000000
   0.0000000   0.0000000   0.0000000   0.0000000   0.0000000   0.0000000
   0.0000000   0.0000000
 TTTTTTTTTTTTTTTTTTTTTTTTTTTTTT MOQGAD      TELAPSE      452.95 TCPU      451.47
 TTTTTTTTTTTTTTTTTTTTTTTTTTTTTT SHELLXN     TELAPSE      505.77 TCPU      504.27
 TTTTTTTTTTTTTTTTTTTTTTTTTTTTTT MONMO3      TELAPSE      505.84 TCPU      504.34
 NUMERICALLY INTEGRATED DENSITY     59.9999485846     59.9999485846
 TTTTTTTTTTTTTTTTTTTTTTTTTTTTTT NUMDFT      TELAPSE      506.53 TCPU      505.02
 CYC   8 ETOT(AU) -7.613436399752E+02 DETOT -3.73E-07 tst  2.71E-08 PX  9.71E-05
 TTTTTTTTTTTTTTTTTTTTTTTTTTTTTT DIIS        TELAPSE      506.58 TCPU      505.08
 DIIS TEST: 0.20648E-06 AT SCF   CYCLE   8 - DIIS ACTIVE - HISTORY:     8 CYCLES
 TTTTTTTTTTTTTTTTTTTTTTTTTTTTTT FDIK        TELAPSE      507.74 TCPU      506.23
 POSSIBLY CONDUCTING STATE - EFERMI(AU) -6.4282290E-02 (RES. CHARGE  9.22E-11;IT.  6)
 TTTTTTTTTTTTTTTTTTTTTTTTTTTTTT PDIG        TELAPSE      507.93 TCPU      506.42
 CHARGE NORMALIZATION FACTOR   1.00000000
 TOTAL ATOMIC CHARGES:
   5.9777779   5.9777779   5.9777779   5.9777779   6.0070158   6.0070158
   6.0070158   6.0070158   6.0513208   6.0513208   6.0513208   6.0513208
   5.9821490   5.9821490   5.9821490   5.9821490   5.9817365   5.9817365
   5.9817365   5.9817365
 SUMMED SPIN DENSITY          -0.00000000
 TOTAL ATOMIC SPINS  :
  -0.0000000  -0.0000000  -0.0000000  -0.0000000  -0.0000000  -0.0000000
  -0.0000000  -0.0000000   0.0000000   0.0000000   0.0000000   0.0000000
  -0.0000000  -0.0000000  -0.0000000  -0.0000000  -0.0000000  -0.0000000
  -0.0000000  -0.0000000
 TTTTTTTTTTTTTTTTTTTTTTTTTTTTTT MOQGAD      TELAPSE      507.94 TCPU      506.43
 TTTTTTTTTTTTTTTTTTTTTTTTTTTTTT SHELLXN     TELAPSE      560.78 TCPU      559.27
 TTTTTTTTTTTTTTTTTTTTTTTTTTTTTT MONMO3      TELAPSE      560.86 TCPU      559.34
 NUMERICALLY INTEGRATED DENSITY     59.9999485847     59.9999485847
 TTTTTTTTTTTTTTTTTTTTTTTTTTTTTT NUMDFT      TELAPSE      561.54 TCPU      560.02
 CYC   9 ETOT(AU) -7.613436400477E+02 DETOT -7.25E-08 tst  6.90E-09 PX  3.14E-05
 TTTTTTTTTTTTTTTTTTTTTTTTTTTTTT DIIS        TELAPSE      561.59 TCPU      560.07
 DIIS TEST: 0.40715E-07 AT SCF   CYCLE   9 - DIIS ACTIVE - HISTORY:     9 CYCLES
 TTTTTTTTTTTTTTTTTTTTTTTTTTTTTT FDIK        TELAPSE      562.74 TCPU      561.22
 POSSIBLY CONDUCTING STATE - EFERMI(AU) -6.4283598E-02 (RES. CHARGE  0.00E+00;IT.  6)
 TTTTTTTTTTTTTTTTTTTTTTTTTTTTTT PDIG        TELAPSE      562.93 TCPU      561.41
 CHARGE NORMALIZATION FACTOR   1.00000000
 TOTAL ATOMIC CHARGES:
   5.9777279   5.9777279   5.9777279   5.9777279   6.0070074   6.0070074
   6.0070074   6.0070074   6.0513380   6.0513380   6.0513380   6.0513380
   5.9821862   5.9821862   5.9821862   5.9821862   5.9817405   5.9817405
   5.9817405   5.9817405
 SUMMED SPIN DENSITY          -0.00000000
 TOTAL ATOMIC SPINS  :
  -0.0000000  -0.0000000  -0.0000000  -0.0000000  -0.0000000  -0.0000000
  -0.0000000  -0.0000000   0.0000000   0.0000000   0.0000000   0.0000000
  -0.0000000  -0.0000000  -0.0000000  -0.0000000  -0.0000000  -0.0000000
  -0.0000000  -0.0000000
 TTTTTTTTTTTTTTTTTTTTTTTTTTTTTT MOQGAD      TELAPSE      562.93 TCPU      561.41
 TTTTTTTTTTTTTTTTTTTTTTTTTTTTTT SHELLXN     TELAPSE      615.83 TCPU      614.29
 TTTTTTTTTTTTTTTTTTTTTTTTTTTTTT MONMO3      TELAPSE      615.90 TCPU      614.36
 NUMERICALLY INTEGRATED DENSITY     59.9999485847     59.9999485847
 TTTTTTTTTTTTTTTTTTTTTTTTTTTTTT NUMDFT      TELAPSE      616.58 TCPU      615.04
 CYC  10 ETOT(AU) -7.613436400544E+02 DETOT -6.68E-09 tst  1.39E-09 PX  1.19E-05
 TTTTTTTTTTTTTTTTTTTTTTTTTTTTTT DIIS        TELAPSE      616.64 TCPU      615.10
 DIIS TEST: 0.15634E-08 AT SCF   CYCLE  10 - DIIS ACTIVE - HISTORY:    10 CYCLES
 TTTTTTTTTTTTTTTTTTTTTTTTTTTTTT FDIK        TELAPSE      617.82 TCPU      616.28
 POSSIBLY CONDUCTING STATE - EFERMI(AU) -6.4282178E-02 (RES. CHARGE  1.42E-14;IT.  6)
 TTTTTTTTTTTTTTTTTTTTTTTTTTTTTT PDIG        TELAPSE      618.01 TCPU      616.47
 CHARGE NORMALIZATION FACTOR   1.00000000
 TOTAL ATOMIC CHARGES:
   5.9777332   5.9777332   5.9777332   5.9777332   6.0070038   6.0070038
   6.0070038   6.0070038   6.0513382   6.0513382   6.0513382   6.0513382
   5.9821837   5.9821837   5.9821837   5.9821837   5.9817411   5.9817411
   5.9817411   5.9817411
 SUMMED SPIN DENSITY          -0.00000000
 TOTAL ATOMIC SPINS  :
  -0.0000000  -0.0000000  -0.0000000  -0.0000000   0.0000000   0.0000000
   0.0000000   0.0000000   0.0000000   0.0000000   0.0000000   0.0000000
  -0.0000000  -0.0000000  -0.0000000  -0.0000000  -0.0000000  -0.0000000
  -0.0000000  -0.0000000
 TTTTTTTTTTTTTTTTTTTTTTTTTTTTTT MOQGAD      TELAPSE      618.02 TCPU      616.47
 TTTTTTTTTTTTTTTTTTTTTTTTTTTTTT SHELLXN     TELAPSE      670.87 TCPU      669.32
 TTTTTTTTTTTTTTTTTTTTTTTTTTTTTT MONMO3      TELAPSE      670.95 TCPU      669.39
 NUMERICALLY INTEGRATED DENSITY     59.9999485848     59.9999485848
 TTTTTTTTTTTTTTTTTTTTTTTTTTTTTT NUMDFT      TELAPSE      671.62 TCPU      670.06
 CYC  11 ETOT(AU) -7.613436400680E+02 DETOT -1.36E-08 tst  9.58E-10 PX  5.62E-06
 TTTTTTTTTTTTTTTTTTTTTTTTTTTTTT DIIS        TELAPSE      671.68 TCPU      670.12
 DIIS TEST: 0.19701E-09 AT SCF   CYCLE  11 - DIIS ACTIVE - HISTORY:    11 CYCLES
 TTTTTTTTTTTTTTTTTTTTTTTTTTTTTT FDIK        TELAPSE      672.75 TCPU      671.19
 POSSIBLY CONDUCTING STATE - EFERMI(AU) -6.4281668E-02 (RES. CHARGE  1.45E-10;IT.  4)
 TTTTTTTTTTTTTTTTTTTTTTTTTTTTTT PDIG        TELAPSE      673.02 TCPU      671.46
 CHARGE NORMALIZATION FACTOR   1.00000000
 TOTAL ATOMIC CHARGES:
   5.9777338   5.9777338   5.9777338   5.9777338   6.0070016   6.0070016
   6.0070016   6.0070016   6.0513382   6.0513382   6.0513382   6.0513382
   5.9821861   5.9821861   5.9821861   5.9821861   5.9817403   5.9817403
   5.9817403   5.9817403
 SUMMED SPIN DENSITY           0.00000000
 TOTAL ATOMIC SPINS  :
   0.0000000   0.0000000   0.0000000   0.0000000  -0.0000000  -0.0000000
  -0.0000000  -0.0000000   0.0000000   0.0000000   0.0000000   0.0000000
  -0.0000000  -0.0000000  -0.0000000  -0.0000000  -0.0000000  -0.0000000
  -0.0000000  -0.0000000
 TTTTTTTTTTTTTTTTTTTTTTTTTTTTTT MOQGAD      TELAPSE      673.02 TCPU      671.46
 TTTTTTTTTTTTTTTTTTTTTTTTTTTTTT SHELLXN     TELAPSE      725.87 TCPU      724.29
 TTTTTTTTTTTTTTTTTTTTTTTTTTTTTT MONMO3      TELAPSE      725.94 TCPU      724.37
 NUMERICALLY INTEGRATED DENSITY     59.9999485848     59.9999485848
 TTTTTTTTTTTTTTTTTTTTTTTTTTTTTT NUMDFT      TELAPSE      726.61 TCPU      725.04
 CYC  12 ETOT(AU) -7.613436400722E+02 DETOT -4.20E-09 tst  1.57E-10 PX  2.17E-06
 TTTTTTTTTTTTTTTTTTTTTTTTTTTTTT DIIS        TELAPSE      726.67 TCPU      725.09
 DIIS TEST: 0.26037E-10 AT SCF   CYCLE  12 - DIIS ACTIVE - HISTORY:    12 CYCLES
 TTTTTTTTTTTTTTTTTTTTTTTTTTTTTT FDIK        TELAPSE      727.63 TCPU      726.05
 POSSIBLY CONDUCTING STATE - EFERMI(AU) -6.4281500E-02 (RES. CHARGE  1.57E-11;IT.  4)
 TTTTTTTTTTTTTTTTTTTTTTTTTTTTTT PDIG        TELAPSE      727.82 TCPU      726.24
 CHARGE NORMALIZATION FACTOR   1.00000000
 TOTAL ATOMIC CHARGES:
   5.9777339   5.9777339   5.9777339   5.9777339   6.0070010   6.0070010
   6.0070010   6.0070010   6.0513385   6.0513385   6.0513385   6.0513385
   5.9821862   5.9821862   5.9821862   5.9821862   5.9817404   5.9817404
   5.9817404   5.9817404
 SUMMED SPIN DENSITY          -0.00000000
 TOTAL ATOMIC SPINS  :
   0.0000000   0.0000000   0.0000000   0.0000000  -0.0000000  -0.0000000
  -0.0000000  -0.0000000  -0.0000000  -0.0000000  -0.0000000  -0.0000000
  -0.0000000  -0.0000000  -0.0000000  -0.0000000   0.0000000   0.0000000
   0.0000000   0.0000000
 TTTTTTTTTTTTTTTTTTTTTTTTTTTTTT MOQGAD      TELAPSE      727.83 TCPU      726.25
 TTTTTTTTTTTTTTTTTTTTTTTTTTTTTT SHELLXN     TELAPSE      780.68 TCPU      779.08
 TTTTTTTTTTTTTTTTTTTTTTTTTTTTTT MONMO3      TELAPSE      780.75 TCPU      779.15
 NUMERICALLY INTEGRATED DENSITY     59.9999485848     59.9999485848
 TTTTTTTTTTTTTTTTTTTTTTTTTTTTTT NUMDFT      TELAPSE      781.43 TCPU      779.83
 CYC  13 ETOT(AU) -7.613436400734E+02 DETOT -1.14E-09 tst  2.11E-11 PX  7.66E-07
 TTTTTTTTTTTTTTTTTTTTTTTTTTTTTT DIIS        TELAPSE      781.48 TCPU      779.89
 DIIS TEST: 0.56402E-11 AT SCF   CYCLE  13 - DIIS ACTIVE - HISTORY:    13 CYCLES
 TTTTTTTTTTTTTTTTTTTTTTTTTTTTTT FDIK        TELAPSE      782.38 TCPU      780.78
 POSSIBLY CONDUCTING STATE - EFERMI(AU) -6.4281469E-02 (RES. CHARGE  5.68E-13;IT.  4)
 TTTTTTTTTTTTTTTTTTTTTTTTTTTTTT PDIG        TELAPSE      782.57 TCPU      780.97
 CHARGE NORMALIZATION FACTOR   1.00000000
 TOTAL ATOMIC CHARGES:
   5.9777339   5.9777339   5.9777339   5.9777339   6.0070009   6.0070009
   6.0070009   6.0070009   6.0513385   6.0513385   6.0513385   6.0513385
   5.9821862   5.9821862   5.9821862   5.9821862   5.9817404   5.9817404
   5.9817404   5.9817404
 SUMMED SPIN DENSITY          -0.00000000
 TOTAL ATOMIC SPINS  :
   0.0000000   0.0000000   0.0000000   0.0000000   0.0000000   0.0000000
   0.0000000   0.0000000  -0.0000000  -0.0000000  -0.0000000  -0.0000000
  -0.0000000  -0.0000000  -0.0000000  -0.0000000   0.0000000   0.0000000
   0.0000000   0.0000000
 TTTTTTTTTTTTTTTTTTTTTTTTTTTTTT MOQGAD      TELAPSE      782.58 TCPU      780.98
 TTTTTTTTTTTTTTTTTTTTTTTTTTTTTT SHELLXN     TELAPSE      835.41 TCPU      833.80
 TTTTTTTTTTTTTTTTTTTTTTTTTTTTTT MONMO3      TELAPSE      835.48 TCPU      833.87
 NUMERICALLY INTEGRATED DENSITY     59.9999485848     59.9999485848
 TTTTTTTTTTTTTTTTTTTTTTTTTTTTTT NUMDFT      TELAPSE      836.16 TCPU      834.55
 CYC  14 ETOT(AU) -7.613436400735E+02 DETOT -1.32E-10 tst  5.15E-13 PX  1.16E-07
 TTTTTTTTTTTTTTTTTTTTTTTTTTTTTT DIIS        TELAPSE      836.21 TCPU      834.60
 DIIS TEST: 0.32950E-11 AT SCF   CYCLE  14 - DIIS ACTIVE - HISTORY:    14 CYCLES
 TTTTTTTTTTTTTTTTTTTTTTTTTTTTTT FDIK        TELAPSE      836.98 TCPU      835.37
 POSSIBLY CONDUCTING STATE - EFERMI(AU) -6.4281464E-02 (RES. CHARGE  1.42E-14;IT.  4)
 TTTTTTTTTTTTTTTTTTTTTTTTTTTTTT PDIG        TELAPSE      837.18 TCPU      835.56
 CHARGE NORMALIZATION FACTOR   1.00000000
 TOTAL ATOMIC CHARGES:
   5.9777339   5.9777339   5.9777339   5.9777339   6.0070009   6.0070009
   6.0070009   6.0070009   6.0513385   6.0513385   6.0513385   6.0513385
   5.9821862   5.9821862   5.9821862   5.9821862   5.9817404   5.9817404
   5.9817404   5.9817404
 SUMMED SPIN DENSITY          -0.00000000
 TOTAL ATOMIC SPINS  :
  -0.0000000  -0.0000000  -0.0000000  -0.0000000  -0.0000000  -0.0000000
  -0.0000000  -0.0000000   0.0000000   0.0000000   0.0000000   0.0000000
   0.0000000   0.0000000   0.0000000   0.0000000  -0.0000000  -0.0000000
  -0.0000000  -0.0000000
 TTTTTTTTTTTTTTTTTTTTTTTTTTTTTT MOQGAD      TELAPSE      837.18 TCPU      835.56
 TTTTTTTTTTTTTTTTTTTTTTTTTTTTTT SHELLXN     TELAPSE      890.03 TCPU      888.41
 +++ ENERGIES IN A.U. +++
 ::: EXT EL-POLE                                  -3.4358324643790E+03
 ::: EXT EL-SPHEROPOLE                             3.0240132147536E+01
 ::: BIELET ZONE E-E                               3.5526139853861E+03
 ::: TOTAL E-E                                     1.4702165315467E+02
 ::: TOTAL E-N + N-E                              -1.3220686739179E+03
 ::: TOTAL N-N                                    -2.5739272478917E+02
 ::: KINETIC ENERGY                                7.5894894527432E+02
 ::: PSEUDO TOTAL   ENERGY                        -6.7349080027803E+02
 ::: VIRIAL COEFFICIENT                            1.0596591551314E+00
 TTTTTTTTTTTTTTTTTTTTTTTTTTTTTT MONMO3      TELAPSE      890.11 TCPU      888.48
 NUMERICALLY INTEGRATED DENSITY     59.9999485848     59.9999485848
 EXCHANGE ENERGY: -0.827943811385E+02  CORRELATION ENERGY: -0.505845865695E+01
 TTTTTTTTTTTTTTTTTTTTTTTTTTTTTT NUMDFT      TELAPSE      890.78 TCPU      889.15
 CYC  15 ETOT(AU) -7.613436400735E+02 DETOT -3.74E-11 tst  1.28E-14 PX  1.16E-07

 == SCF ENDED - CONVERGENCE ON ENERGY      E(AU) -7.6134364007352E+02 CYCLES  15


 ENERGY EXPRESSION=HARTREE+FOCK EXCH*0.20000+(BECKE      EXCH)*0.80000+LYP        CORR


 TOTAL ENERGY(DFT)(AU)( 15) -7.6134364007352E+02 DE-3.7E-11 tester 1.3E-14
 TTTTTTTTTTTTTTTTTTTTTTTTTTTTTT EDFT        TELAPSE      890.79 TCPU      889.16
 
 INFORMATION **** DFTD3 ENERGY **** CALCULATE DFTD3 ENERGY

           DFT-D V3(BJ)
 DF                                         b3-lyp    
 parameters
 s6       :    1.0000
 s8       :    1.9889
 a1       :    0.3981
 a2       :    4.4211
 k1 k3    :   16.0000   -4.0000
 Cutoff   :   50.2022
 CN-Cutoff:   21.1671
 ABC-Cutoff:   21.1671
 
 Edisp /kcal,au:  -133.5385 -0.21280711

 E6    /kcal :   -64.0397
 E8    /kcal :   -69.4988
 
 INFORMATION **** DFTD3 ENERGY **** NORMAL TERMINATION OF DFTD3 MODULE

 *******************************************************************************

 DFT-D3 DISPERSION ENERGY CORRECTION

 D3 DISPERSION ENERGY (AU)       -2.1280710653226E-01
 TOTAL ENERGY + DISP (AU)        -7.6155644718006E+02

 *******************************************************************************


 NEIGHBORS OF THE NON-EQUIVALENT ATOMS

 N = NUMBER OF NEIGHBORS AT DISTANCE R
    ATOM  N     R/ANG      R/AU   NEIGHBORS (ATOM LABELS AND CELL INDICES)
   1 C    1     1.4677     2.7735   19 C    0 0 0
   1 C    1     1.4826     2.8016   17 C    0 0 0
   1 C    1     1.5052     2.8443   13 C    0 0 0
   1 C    1     1.6039     3.0310    9 C    0 0 0
   1 C    1     2.3679     4.4747    8 C    0 0 0
   1 C    1     2.4867     4.6992    7 C    0 1 0

   5 C    1     1.3994     2.6445   13 C    0-1 0
   5 C    1     1.4441     2.7289   15 C    0-1 1
   5 C    1     1.5123     2.8579   12 C    0 0 0
   5 C    1     2.3679     4.4747    4 C    1 0 0
   5 C    1     2.4867     4.6992    3 C    0-1 1
   5 C    1     2.4980     4.7206   16 C    1 0 0

   9 C    1     1.5123     2.8579    8 C    0 0 0
   9 C    1     1.5511     2.9311   18 C    0 0 0
   9 C    1     1.6012     3.0259   19 C    0 0 0
   9 C    1     1.6039     3.0310    1 C    0 0 0
   9 C    1     2.4190     4.5713   16 C    0 1 0
   9 C    1     2.5096     4.7424    2 C    0 0 1

  13 C    1     1.3994     2.6445    5 C    0 1 0
  13 C    1     1.4441     2.7289    7 C    0 1 0
  13 C    1     1.5052     2.8443    1 C    0 0 0
  13 C    1     2.4190     4.5713   12 C    0 1 0
  13 C    2     2.4287     4.5896   16 C    0 1 0   16 C    1 1 0
  13 C    1     2.4870     4.6997   19 C    0 0 0

  17 C    1     1.4677     2.7735    3 C    0 0 0
  17 C    1     1.4826     2.8016    1 C    0 0 0
  17 C    1     1.5511     2.9311   10 C    0 0 0
  17 C    1     1.6012     3.0259   11 C    1 0 0
  17 C    2     2.4737     4.6747   19 C    0 0 0   19 C    0 0-1
  17 C    1     2.4870     4.6997   15 C    0 0 0

 TTTTTTTTTTTTTTTTTTTTTTTTTTTTTT AFTER FIRST TELAPSE      890.85 TCPU      889.22
 MMMMMMMMMMMMMMMMMMMMMMMMMMMMMMMMMMMMMMMMMMMMMMMMMMMMMMMMMMMMMMMMMMMMMMMMMMMMMMM
     ALPHA+BETA ELECTRONS
 MULLIKEN POPULATION ANALYSIS - NO. OF ELECTRONS  120.000000

  ATOM    Z CHARGE  A.O. POPULATION

   1 C    6  5.978  0.853  1.121  0.760  0.424  0.426  0.455  0.455 -0.013
                    0.011  0.016  0.537  0.458  0.423  0.012  0.011  0.012
                    0.008  0.008
   2 C    6  5.978  0.853  1.121  0.760  0.424  0.426  0.455  0.455 -0.013
                    0.011  0.016  0.537  0.458  0.423  0.012  0.011  0.012
                    0.008  0.008
   3 C    6  5.978  0.853  1.121  0.760  0.424  0.426  0.455  0.455 -0.013
                    0.011  0.016  0.537  0.458  0.423  0.012  0.011  0.012
                    0.008  0.008
   4 C    6  5.978  0.853  1.121  0.760  0.424  0.426  0.455  0.455 -0.013
                    0.011  0.016  0.537  0.458  0.423  0.012  0.011  0.012
                    0.008  0.008
   5 C    6  6.007  0.854  1.121  0.759  0.438  0.417  0.445  0.484 -0.045
                    0.007  0.008  0.622  0.440  0.418  0.010  0.007  0.013
                    0.004  0.006
   6 C    6  6.007  0.854  1.121  0.759  0.438  0.417  0.445  0.484 -0.045
                    0.007  0.008  0.622  0.440  0.418  0.010  0.007  0.013
                    0.004  0.006
   7 C    6  6.007  0.854  1.121  0.759  0.438  0.417  0.445  0.484 -0.045
                    0.007  0.008  0.622  0.440  0.418  0.010  0.007  0.013
                    0.004  0.006
   8 C    6  6.007  0.854  1.121  0.759  0.438  0.417  0.445  0.484 -0.045
                    0.007  0.008  0.622  0.440  0.418  0.010  0.007  0.013
                    0.004  0.006
   9 C    6  6.051  0.853  1.122  0.740  0.480  0.393  0.443  0.468  0.012
                    0.008 -0.032  0.435  0.465  0.624  0.005  0.007  0.005
                    0.012  0.012
  10 C    6  6.051  0.853  1.122  0.740  0.480  0.393  0.443  0.468  0.012
                    0.008 -0.032  0.435  0.465  0.624  0.005  0.007  0.005
                    0.012  0.012
  11 C    6  6.051  0.853  1.122  0.740  0.480  0.393  0.443  0.468  0.012
                    0.008 -0.032  0.435  0.465  0.624  0.005  0.007  0.005
                    0.012  0.012
  12 C    6  6.051  0.853  1.122  0.740  0.480  0.393  0.443  0.468  0.012
                    0.008 -0.032  0.435  0.465  0.624  0.005  0.007  0.005
                    0.012  0.012
  13 C    6  5.982  0.854  1.120  0.776  0.420  0.384  0.458  0.490 -0.046
                    0.008  0.010  0.608  0.440  0.420  0.011  0.007  0.011
                    0.008  0.005
  14 C    6  5.982  0.854  1.120  0.776  0.420  0.384  0.458  0.490 -0.046
                    0.008  0.010  0.608  0.440  0.420  0.011  0.007  0.011
                    0.008  0.005
  15 C    6  5.982  0.854  1.120  0.776  0.420  0.384  0.458  0.490 -0.046
                    0.008  0.010  0.608  0.440  0.420  0.011  0.007  0.011
                    0.008  0.005
  16 C    6  5.982  0.854  1.120  0.776  0.420  0.384  0.458  0.490 -0.046
                    0.008  0.010  0.608  0.440  0.420  0.011  0.007  0.011
                    0.008  0.005
  17 C    6  5.982  0.853  1.121  0.753  0.432  0.406  0.454  0.473  0.013
                   -0.003  0.007  0.460  0.514  0.452  0.011  0.010  0.011
                    0.009  0.007
  18 C    6  5.982  0.853  1.121  0.753  0.432  0.406  0.454  0.473  0.013
                   -0.003  0.007  0.460  0.514  0.452  0.011  0.010  0.011
                    0.009  0.007
  19 C    6  5.982  0.853  1.121  0.753  0.432  0.406  0.454  0.473  0.013
                   -0.003  0.007  0.460  0.514  0.452  0.011  0.010  0.011
                    0.009  0.007
  20 C    6  5.982  0.853  1.121  0.753  0.432  0.406  0.454  0.473  0.013
                   -0.003  0.007  0.460  0.514  0.452  0.011  0.010  0.011
                    0.009  0.007

  ATOM    Z CHARGE  SHELL POPULATION

   1 C    6  5.978  0.853  1.121  0.760  0.424  1.336  0.014  1.419  0.051
   2 C    6  5.978  0.853  1.121  0.760  0.424  1.336  0.014  1.419  0.051
   3 C    6  5.978  0.853  1.121  0.760  0.424  1.336  0.014  1.419  0.051
   4 C    6  5.978  0.853  1.121  0.760  0.424  1.336  0.014  1.419  0.051
   5 C    6  6.007  0.854  1.121  0.759  0.438  1.346 -0.030  1.479  0.040
   6 C    6  6.007  0.854  1.121  0.759  0.438  1.346 -0.030  1.479  0.040
   7 C    6  6.007  0.854  1.121  0.759  0.438  1.346 -0.030  1.479  0.040
   8 C    6  6.007  0.854  1.121  0.759  0.438  1.346 -0.030  1.479  0.040
   9 C    6  6.051  0.853  1.122  0.740  0.480  1.304 -0.012  1.525  0.041
  10 C    6  6.051  0.853  1.122  0.740  0.480  1.304 -0.012  1.525  0.041
  11 C    6  6.051  0.853  1.122  0.740  0.480  1.304 -0.012  1.525  0.041
  12 C    6  6.051  0.853  1.122  0.740  0.480  1.304 -0.012  1.525  0.041
  13 C    6  5.982  0.854  1.120  0.776  0.420  1.332 -0.029  1.467  0.042
  14 C    6  5.982  0.854  1.120  0.776  0.420  1.332 -0.029  1.467  0.042
  15 C    6  5.982  0.854  1.120  0.776  0.420  1.332 -0.029  1.467  0.042
  16 C    6  5.982  0.854  1.120  0.776  0.420  1.332 -0.029  1.467  0.042
  17 C    6  5.982  0.853  1.121  0.753  0.432  1.333  0.017  1.425  0.047
  18 C    6  5.982  0.853  1.121  0.753  0.432  1.333  0.017  1.425  0.047
  19 C    6  5.982  0.853  1.121  0.753  0.432  1.333  0.017  1.425  0.047
  20 C    6  5.982  0.853  1.121  0.753  0.432  1.333  0.017  1.425  0.047

 OVERLAP POPULATION CONDENSED TO ATOMS FOR FIRST   6 NEIGHBORS

 ATOM A   1 C    ATOM B     CELL      R(AB)/AU R(AB)/ANG    OVPOP(AB)
                 19 C    (  0  0  0)     2.774     1.468     0.222
                 17 C    (  0  0  0)     2.802     1.483     0.306
                 13 C    (  0  0  0)     2.844     1.505     0.328
                  9 C    (  0  0  0)     3.031     1.604     0.209
                  8 C    (  0  0  0)     4.475     2.368    -0.038
                  7 C    (  0  1  0)     4.699     2.487    -0.026

 ATOM A   5 C    ATOM B     CELL      R(AB)/AU R(AB)/ANG    OVPOP(AB)
                 13 C    (  0 -1  0)     2.645     1.399     0.466
                 15 C    (  0 -1  1)     2.729     1.444     0.388
                 12 C    (  0  0  0)     2.858     1.512     0.342
                  4 C    (  1  0  0)     4.475     2.368    -0.038
                  3 C    (  0 -1  1)     4.699     2.487    -0.026
                 16 C    (  1  0  0)     4.721     2.498     0.018

 ATOM A   9 C    ATOM B     CELL      R(AB)/AU R(AB)/ANG    OVPOP(AB)
                  8 C    (  0  0  0)     2.858     1.512     0.342
                 18 C    (  0  0  0)     2.931     1.551     0.313
                 19 C    (  0  0  0)     3.026     1.601     0.198
                  1 C    (  0  0  0)     3.031     1.604     0.209
                 16 C    (  0  1  0)     4.571     2.419    -0.039
                  2 C    (  0  0  1)     4.742     2.510    -0.025

 ATOM A  13 C    ATOM B     CELL      R(AB)/AU R(AB)/ANG    OVPOP(AB)
                  5 C    (  0  1  0)     2.645     1.399     0.466
                  7 C    (  0  1  0)     2.729     1.444     0.388
                  1 C    (  0  0  0)     2.844     1.505     0.328
                 12 C    (  0  1  0)     4.571     2.419    -0.039
                 16 C    (  0  1  0)     4.590     2.429     0.006
                 19 C    (  0  0  0)     4.700     2.487    -0.018

 ATOM A  17 C    ATOM B     CELL      R(AB)/AU R(AB)/ANG    OVPOP(AB)
                  3 C    (  0  0  0)     2.774     1.468     0.222
                  1 C    (  0  0  0)     2.802     1.483     0.306
                 10 C    (  0  0  0)     2.931     1.551     0.313
                 11 C    (  1  0  0)     3.026     1.601     0.198
                 19 C    (  0  0  0)     4.675     2.474    -0.026
                 15 C    (  0  0  0)     4.700     2.487    -0.018
 TTTTTTTTTTTTTTTTTTTTTTTTTTTTTT AFTER FIRST TELAPSE      891.08 TCPU      889.34
 MMMMMMMMMMMMMMMMMMMMMMMMMMMMMMMMMMMMMMMMMMMMMMMMMMMMMMMMMMMMMMMMMMMMMMMMMMMMMMM
     ALPHA-BETA ELECTRONS
 MULLIKEN POPULATION ANALYSIS - NO. OF ELECTRONS   -0.000000

  ATOM    Z CHARGE  A.O. POPULATION

   1 C    6 -0.000 -0.000  0.000  0.000 -0.000  0.000  0.000  0.000  0.000
                   -0.000  0.000 -0.000  0.000 -0.000 -0.000  0.000 -0.000
                    0.000  0.000
   2 C    6 -0.000 -0.000  0.000  0.000 -0.000  0.000  0.000  0.000  0.000
                   -0.000  0.000 -0.000  0.000 -0.000 -0.000  0.000 -0.000
                    0.000  0.000
   3 C    6 -0.000 -0.000  0.000  0.000 -0.000  0.000  0.000  0.000  0.000
                   -0.000  0.000 -0.000  0.000 -0.000 -0.000  0.000 -0.000
                    0.000  0.000
   4 C    6 -0.000 -0.000  0.000  0.000 -0.000  0.000  0.000  0.000  0.000
                   -0.000  0.000 -0.000  0.000 -0.000 -0.000  0.000 -0.000
                    0.000  0.000
   5 C    6 -0.000 -0.000 -0.000 -0.000 -0.000 -0.000 -0.000  0.000  0.000
                   -0.000  0.000  0.000  0.000 -0.000 -0.000 -0.000 -0.000
                   -0.000 -0.000
   6 C    6 -0.000 -0.000 -0.000 -0.000 -0.000 -0.000 -0.000  0.000  0.000
                   -0.000  0.000  0.000  0.000 -0.000 -0.000 -0.000 -0.000
                   -0.000 -0.000
   7 C    6 -0.000 -0.000 -0.000 -0.000 -0.000 -0.000 -0.000  0.000  0.000
                   -0.000  0.000  0.000  0.000 -0.000 -0.000 -0.000 -0.000
                   -0.000 -0.000
   8 C    6 -0.000 -0.000 -0.000 -0.000 -0.000 -0.000 -0.000  0.000  0.000
                   -0.000  0.000  0.000  0.000 -0.000 -0.000 -0.000 -0.000
                   -0.000 -0.000
   9 C    6  0.000 -0.000  0.000 -0.000  0.000 -0.000  0.000  0.000 -0.000
                   -0.000 -0.000  0.000  0.000  0.000 -0.000 -0.000  0.000
                    0.000  0.000
  10 C    6  0.000 -0.000  0.000 -0.000  0.000 -0.000  0.000  0.000 -0.000
                   -0.000 -0.000  0.000  0.000  0.000 -0.000 -0.000  0.000
                    0.000  0.000
  11 C    6  0.000 -0.000  0.000 -0.000  0.000 -0.000  0.000  0.000 -0.000
                   -0.000 -0.000  0.000  0.000  0.000 -0.000 -0.000  0.000
                    0.000  0.000
  12 C    6  0.000 -0.000  0.000 -0.000  0.000 -0.000  0.000  0.000 -0.000
                   -0.000 -0.000  0.000  0.000  0.000 -0.000 -0.000  0.000
                    0.000  0.000
  13 C    6  0.000 -0.000  0.000 -0.000  0.000 -0.000 -0.000  0.000  0.000
                   -0.000 -0.000 -0.000  0.000  0.000 -0.000 -0.000  0.000
                    0.000 -0.000
  14 C    6  0.000 -0.000  0.000 -0.000  0.000 -0.000 -0.000  0.000  0.000
                   -0.000 -0.000 -0.000  0.000  0.000 -0.000 -0.000  0.000
                    0.000 -0.000
  15 C    6  0.000 -0.000  0.000 -0.000  0.000 -0.000 -0.000  0.000  0.000
                   -0.000 -0.000 -0.000  0.000  0.000 -0.000 -0.000  0.000
                    0.000 -0.000
  16 C    6  0.000 -0.000  0.000 -0.000  0.000 -0.000 -0.000  0.000  0.000
                   -0.000 -0.000 -0.000  0.000  0.000 -0.000 -0.000  0.000
                    0.000 -0.000
  17 C    6 -0.000 -0.000  0.000 -0.000 -0.000  0.000  0.000  0.000  0.000
                   -0.000  0.000 -0.000  0.000 -0.000 -0.000 -0.000 -0.000
                    0.000 -0.000
  18 C    6 -0.000 -0.000  0.000 -0.000 -0.000  0.000  0.000  0.000  0.000
                   -0.000  0.000 -0.000  0.000 -0.000 -0.000 -0.000 -0.000
                    0.000 -0.000
  19 C    6 -0.000 -0.000  0.000 -0.000 -0.000  0.000  0.000  0.000  0.000
                   -0.000  0.000 -0.000  0.000 -0.000 -0.000 -0.000 -0.000
                    0.000 -0.000
  20 C    6 -0.000 -0.000  0.000 -0.000 -0.000  0.000  0.000  0.000  0.000
                   -0.000  0.000 -0.000  0.000 -0.000 -0.000 -0.000 -0.000
                    0.000 -0.000

  ATOM    Z CHARGE  SHELL POPULATION

   1 C    6 -0.000 -0.000  0.000  0.000 -0.000  0.000  0.000 -0.000  0.000
   2 C    6 -0.000 -0.000  0.000  0.000 -0.000  0.000  0.000 -0.000  0.000
   3 C    6 -0.000 -0.000  0.000  0.000 -0.000  0.000  0.000 -0.000  0.000
   4 C    6 -0.000 -0.000  0.000  0.000 -0.000  0.000  0.000 -0.000  0.000
   5 C    6 -0.000 -0.000 -0.000 -0.000 -0.000 -0.000 -0.000 -0.000 -0.000
   6 C    6 -0.000 -0.000 -0.000 -0.000 -0.000 -0.000 -0.000 -0.000 -0.000
   7 C    6 -0.000 -0.000 -0.000 -0.000 -0.000 -0.000 -0.000 -0.000 -0.000
   8 C    6 -0.000 -0.000 -0.000 -0.000 -0.000 -0.000 -0.000 -0.000 -0.000
   9 C    6  0.000 -0.000  0.000 -0.000  0.000  0.000 -0.000  0.000  0.000
  10 C    6  0.000 -0.000  0.000 -0.000  0.000  0.000 -0.000  0.000  0.000
  11 C    6  0.000 -0.000  0.000 -0.000  0.000  0.000 -0.000  0.000  0.000
  12 C    6  0.000 -0.000  0.000 -0.000  0.000  0.000 -0.000  0.000  0.000
  13 C    6  0.000 -0.000  0.000 -0.000  0.000  0.000 -0.000  0.000  0.000
  14 C    6  0.000 -0.000  0.000 -0.000  0.000  0.000 -0.000  0.000  0.000
  15 C    6  0.000 -0.000  0.000 -0.000  0.000  0.000 -0.000  0.000  0.000
  16 C    6  0.000 -0.000  0.000 -0.000  0.000  0.000 -0.000  0.000  0.000
  17 C    6 -0.000 -0.000  0.000 -0.000 -0.000  0.000 -0.000 -0.000 -0.000
  18 C    6 -0.000 -0.000  0.000 -0.000 -0.000  0.000 -0.000 -0.000 -0.000
  19 C    6 -0.000 -0.000  0.000 -0.000 -0.000  0.000 -0.000 -0.000 -0.000
  20 C    6 -0.000 -0.000  0.000 -0.000 -0.000  0.000 -0.000 -0.000 -0.000

 OVERLAP POPULATION CONDENSED TO ATOMS FOR FIRST   6 NEIGHBORS

 ATOM A   1 C    ATOM B     CELL      R(AB)/AU R(AB)/ANG    OVPOP(AB)
                 19 C    (  0  0  0)     2.774     1.468    -0.000
                 17 C    (  0  0  0)     2.802     1.483    -0.000
                 13 C    (  0  0  0)     2.844     1.505     0.000
                  9 C    (  0  0  0)     3.031     1.604     0.000
                  8 C    (  0  0  0)     4.475     2.368    -0.000
                  7 C    (  0  1  0)     4.699     2.487    -0.000

 ATOM A   5 C    ATOM B     CELL      R(AB)/AU R(AB)/ANG    OVPOP(AB)
                 13 C    (  0 -1  0)     2.645     1.399     0.000
                 15 C    (  0 -1  1)     2.729     1.444    -0.000
                 12 C    (  0  0  0)     2.858     1.512     0.000
                  4 C    (  1  0  0)     4.475     2.368    -0.000
                  3 C    (  0 -1  1)     4.699     2.487    -0.000
                 16 C    (  1  0  0)     4.721     2.498    -0.000

 ATOM A   9 C    ATOM B     CELL      R(AB)/AU R(AB)/ANG    OVPOP(AB)
                  8 C    (  0  0  0)     2.858     1.512     0.000
                 18 C    (  0  0  0)     2.931     1.551     0.000
                 19 C    (  0  0  0)     3.026     1.601     0.000
                  1 C    (  0  0  0)     3.031     1.604     0.000
                 16 C    (  0  1  0)     4.571     2.419     0.000
                  2 C    (  0  0  1)     4.742     2.510     0.000

 ATOM A  13 C    ATOM B     CELL      R(AB)/AU R(AB)/ANG    OVPOP(AB)
                  5 C    (  0  1  0)     2.645     1.399     0.000
                  7 C    (  0  1  0)     2.729     1.444    -0.000
                  1 C    (  0  0  0)     2.844     1.505     0.000
                 12 C    (  0  1  0)     4.571     2.419     0.000
                 16 C    (  0  1  0)     4.590     2.429     0.000
                 19 C    (  0  0  0)     4.700     2.487    -0.000

 ATOM A  17 C    ATOM B     CELL      R(AB)/AU R(AB)/ANG    OVPOP(AB)
                  3 C    (  0  0  0)     2.774     1.468    -0.000
                  1 C    (  0  0  0)     2.802     1.483    -0.000
                 10 C    (  0  0  0)     2.931     1.551     0.000
                 11 C    (  1  0  0)     3.026     1.601     0.000
                 19 C    (  0  0  0)     4.675     2.474     0.000
                 15 C    (  0  0  0)     4.700     2.487    -0.000
 EIGENVECTORS IN FORTRAN UNIT 10
 TTTTTTTTTTTTTTTTTTTTTTTTTTTTTT END         TELAPSE      893.60 TCPU      891.80
 EEEEEEEEEE TERMINATION  DATE 30 01 2026 TIME 18:55:42.6
NODE    0 CPU TIME =       891.801
NODE    1 CPU TIME =       892.040
NODE    2 CPU TIME =       891.641
NODE    3 CPU TIME =       891.803
NODE    4 CPU TIME =       891.968
NODE    5 CPU TIME =       891.739
NODE    6 CPU TIME =       891.704
NODE    7 CPU TIME =       891.752
NODE    8 CPU TIME =       891.727
NODE    9 CPU TIME =       891.709
NODE   10 CPU TIME =       891.933
NODE   11 CPU TIME =       891.857
NODE   12 CPU TIME =       891.934
NODE   13 CPU TIME =       891.946
NODE   14 CPU TIME =       891.755
NODE   15 CPU TIME =       891.799
NODE   16 CPU TIME =       891.265
NODE   17 CPU TIME =       891.921
NODE   18 CPU TIME =       891.694
NODE   19 CPU TIME =       891.816
NODE   20 CPU TIME =       891.759
NODE   21 CPU TIME =       891.915
NODE   22 CPU TIME =       891.875
NODE   23 CPU TIME =       891.904
NODE   24 CPU TIME =       891.900
NODE   25 CPU TIME =       891.794
NODE   26 CPU TIME =       891.955
NODE   27 CPU TIME =       891.993
NODE   28 CPU TIME =       891.970
NODE   29 CPU TIME =       892.024
NODE   30 CPU TIME =       891.961
NODE   31 CPU TIME =       891.879
    TOTAL CPU TIME =     28538.734
