MPI startup(): Warning: I_MPI_PMI_LIBRARY will be ignored since the hydra process manager was found
MPI startup(): Warning: I_MPI_PMI_LIBRARY will be ignored since the hydra process manager was found
MPI startup(): Warning: I_MPI_PMI_LIBRARY will be ignored since the hydra process manager was found
MPI startup(): Warning: I_MPI_PMI_LIBRARY will be ignored since the hydra process manager was found
MPI startup(): Warning: I_MPI_PMI_LIBRARY will be ignored since the hydra process manager was found
MPI startup(): Warning: I_MPI_PMI_LIBRARY will be ignored since the hydra process manager was found
MPI startup(): Warning: I_MPI_PMI_LIBRARY will be ignored since the hydra process manager was found
MPI startup(): Warning: I_MPI_PMI_LIBRARY will be ignored since the hydra process manager was found
MPI startup(): Warning: I_MPI_PMI_LIBRARY will be ignored since the hydra process manager was found
MPI startup(): Warning: I_MPI_PMI_LIBRARY will be ignored since the hydra process manager was found
MPI startup(): Warning: I_MPI_PMI_LIBRARY will be ignored since the hydra process manager was found
MPI startup(): Warning: I_MPI_PMI_LIBRARY will be ignored since the hydra process manager was found
MPI startup(): Warning: I_MPI_PMI_LIBRARY will be ignored since the hydra process manager was found
MPI startup(): Warning: I_MPI_PMI_LIBRARY will be ignored since the hydra process manager was found
MPI startup(): Warning: I_MPI_PMI_LIBRARY will be ignored since the hydra process manager was found
MPI startup(): Warning: I_MPI_PMI_LIBRARY will be ignored since the hydra process manager was found
MPI startup(): Warning: I_MPI_PMI_LIBRARY will be ignored since the hydra process manager was found
MPI startup(): Warning: I_MPI_PMI_LIBRARY will be ignored since the hydra process manager was found
MPI startup(): Warning: I_MPI_PMI_LIBRARY will be ignored since the hydra process manager was found
MPI startup(): Warning: I_MPI_PMI_LIBRARY will be ignored since the hydra process manager was found
MPI startup(): Warning: I_MPI_PMI_LIBRARY will be ignored since the hydra process manager was found
MPI startup(): Warning: I_MPI_PMI_LIBRARY will be ignored since the hydra process manager was found
MPI startup(): Warning: I_MPI_PMI_LIBRARY will be ignored since the hydra process manager was found
MPI startup(): Warning: I_MPI_PMI_LIBRARY will be ignored since the hydra process manager was found
 PROCESS            6  OF           24  WORKING
 PROCESS           17  OF           24  WORKING
 PROCESS            8  OF           24  WORKING
 PROCESS           12  OF           24  WORKING
 PROCESS            2  OF           24  WORKING
 PROCESS           19  OF           24  WORKING
 PROCESS            3  OF           24  WORKING
 PROCESS            4  OF           24  WORKING
 PROCESS            5  OF           24  WORKING
 PROCESS           22  OF           24  WORKING
 PROCESS           15  OF           24  WORKING
 PROCESS           20  OF           24  WORKING
 PROCESS            7  OF           24  WORKING
 PROCESS           10  OF           24  WORKING
 PROCESS           21  OF           24  WORKING
 PROCESS           18  OF           24  WORKING
 PROCESS           23  OF           24  WORKING
 PROCESS           16  OF           24  WORKING
 PROCESS            0  OF           24  WORKING

         
 *******************************************************************************
 *                                                                             *
 *                               CRYSTAL23                                     *
 *                      public : 1.0.1 - October 2022                          *
 *                       HTTP://WWW.CRYSTAL.UNITO.IT                           *
 *                                                                             *
 *                              MAIN AUTHORS                                   *
 *                                                                             *
 *  R. DOVESI(1,11), V.R. SAUNDERS(2), C. ROETTI(1,11), R. ORLANDO(1,11),      *
 *  C.M. ZICOVICH-WILSON(1,3), F. PASCALE(4), B. CIVALLERI(1,11),              *
 *  K. DOLL(5), N.M. HARRISON(6), I.J. BUSH(7), Ph. D'ARCO(8),                 *
 *  M. LLUNELL(9), M. CAUSA'(10), Y. NOEL(8), L. MASCHIO(1,11), A. ERBA(1,11)  *
 *  M. RE'RAT(14), S. CASASSA(1,11), B.G. SEARLE(2), J.K. DESMARAIS(1)         *
 *                                                                             *
 *        CONTRIBUTIONS TO THE CODE HAVE ALSO BEEN GIVEN BY                    *
 *                                                                             *
 *  M. FERRABONE(1,11), M. DE LA PIERRE(1,11), M. FERRERO(1,11),               *
 *  J. BAIMA(1,11), E. ALBANESE(1,11), M.F. PEINTINGER(12), R. BAST(13),       *
 *  B. KIRTMAN(15), V. LACIVITA(1,11), R. DEMICHELIS(1,16)                     *
 *  G. BRANDEBURG(17), S. SALUSTRO(1,11), G. SANSONE(1,11)                     *
 *  M.T. RUGGIERO(18), L.E. DAGA(1), L. DONA'(1), A. COSSARD(1)                *
 *                                                                             *
 * (1) THEORETICAL CHEMISTRY GROUP - UNIVERSITA' DI TORINO - TORINO (ITALY)    *
 * (2) SCIENTIFIC COMPUTING DEPARTMENT - STFC DARESBURY (UK)                   *
 * (3) UNIVERSIDAD AUTONOMA DEL ESTADO DE MORELOS - CUERNAVACA (MEXICO)        *
 * (4) UNIVERSITE' DE LORRAINE - NANCY (FRANCE)                                *
 * (5) UNIVERSITAET STUTTGART- STUTTGART (GERMANY)                             *
 * (6) IMPERIAL COLLEGE - LONDON (UK)                                          *
 * (7) SCIENTIFIC COMPUTING DEPARTMENT - STFC RAL (UK)                         *
 * (8) UPMC - SORBONNE UNIVERSITES - PARIS (FRANCE)                            *
 * (9) UNIVERSIDAD DE BARCELONA - BARCELONA (SPAIN)                            *
 *(10) UNIVERSITA' DI NAPOLI "FEDERICO II" - NAPOLI (ITALY)                    *
 *(11) NIS - NANOSTRUCTURED INTERFACES AND SURFACES - TORINO (ITALY)           *
 *(12) MPI FUER CHEMISCHE ENERGIEKONVERSION - MUELHEIM AN DER RUHR (GERMANY)   *
 *(13) UNIVERSITY OF TROMSO - TROMSO (NORWAY)                                  *
 *(14) UNIVERSITE' DE PAU ET DES PAYS DE L'ADOUR - PAU (FRANCE)                *
 *(15) UNIVERSITY OF CALIFORNIA SANTA BARBARA - SANTA BARBARA (USA)            *
 *(16) CURTIN UNIVERSITY - PERTH (AUSTRALIA)                                   *
 *(17) UNIVERSITY COLLEGE LONDON - LONDON (UK)                                 *
 *(18) UNIVERSITY OF VERMONT - BURLINGTON (USA)                                *
 *                                                                             *
 *******************************************************************************
 EEEEEEEEEE STARTING  DATE 23 01 2026 TIME 00:36:14.8
 ./3^2,4^4T6-CA_rev1_sp_B3LYP-D3-D3_optimized                                    
 PROCESS            1  OF           24  WORKING
 PROCESS           11  OF           24  WORKING
 PROCESS           13  OF           24  WORKING
 PROCESS           14  OF           24  WORKING
 PROCESS            9  OF           24  WORKING

 CRYSTAL CALCULATION
 (INPUT ACCORDING TO THE INTERNATIONAL TABLES FOR X-RAY CRYSTALLOGRAPHY)
 CRYSTAL FAMILY                       :  ORTHORHOMBIC
 CRYSTAL CLASS  (GROTH - 1921)        :  ORTHORHOMBIC PYRAMIDAL               

 SPACE GROUP (NONCENTROSYMMETRIC)     :  P M A 2         

 LATTICE PARAMETERS  (ANGSTROMS AND DEGREES) - CONVENTIONAL CELL
        A           B           C        ALPHA        BETA       GAMMA
    11.35253     3.26510     3.33413    90.00000    90.00000    90.00000


 NUMBER OF IRREDUCIBLE ATOMS IN THE CONVENTIONAL CELL:    6

 INPUT COORDINATES

 ATOM AT. N.              COORDINATES
   1   6     3.680104513263E-01 -3.377291904327E-01  2.201433168803E-01
   2   6     3.630657703125E-01  3.062919420812E-01 -1.382030915337E-01
   3   6     6.372445998325E-02 -4.171065588661E-01 -4.042213148806E-01
   4   6    -4.360266133936E-01  6.391016744940E-02 -7.089563636327E-02
   5   6     2.500000000000E-01 -1.484416927440E-01  3.787262579326E-01
   6   6     2.500000000000E-01  1.477348369325E-01 -3.232028061379E-01

 *******************************************************************************

 << INFORMATION >>: FROM NOW ON, ALL COORDINATES REFER TO THE PRIMITIVE CELL

 *******************************************************************************

 LATTICE PARAMETERS  (ANGSTROMS AND DEGREES) - PRIMITIVE CELL
       A          B          C        ALPHA      BETA     GAMMA        VOLUME
   11.35253    3.26510    3.33413    90.00000  90.00000  90.00000    123.586649

 COORDINATES OF THE EQUIVALENT ATOMS (FRACTIONAL UNITS)

 N. ATOM EQUIV AT. N.          X                  Y                  Z

   1   1   1    6 C     3.68010451326E-01 -3.37729190433E-01  2.20143316880E-01
   2   1   2    6 C    -3.68010451326E-01  3.37729190433E-01  2.20143316880E-01
   3   1   3    6 C     1.31989548674E-01 -3.37729190433E-01  2.20143316880E-01
   4   1   4    6 C    -1.31989548674E-01  3.37729190433E-01  2.20143316880E-01

   5   2   1    6 C     3.63065770312E-01  3.06291942081E-01 -1.38203091534E-01
   6   2   2    6 C    -3.63065770312E-01 -3.06291942081E-01 -1.38203091534E-01
   7   2   3    6 C     1.36934229688E-01  3.06291942081E-01 -1.38203091534E-01
   8   2   4    6 C    -1.36934229688E-01 -3.06291942081E-01 -1.38203091534E-01

   9   3   1    6 C     6.37244599833E-02 -4.17106558866E-01 -4.04221314881E-01
  10   3   2    6 C    -6.37244599833E-02  4.17106558866E-01 -4.04221314881E-01
  11   3   3    6 C     4.36275540017E-01 -4.17106558866E-01 -4.04221314881E-01
  12   3   4    6 C    -4.36275540017E-01  4.17106558866E-01 -4.04221314881E-01

  13   4   1    6 C    -4.36026613394E-01  6.39101674494E-02 -7.08956363633E-02
  14   4   2    6 C     4.36026613394E-01 -6.39101674494E-02 -7.08956363633E-02
  15   4   3    6 C    -6.39733866064E-02  6.39101674494E-02 -7.08956363633E-02
  16   4   4    6 C     6.39733866064E-02 -6.39101674494E-02 -7.08956363633E-02

  17   5   1    6 C     2.50000000000E-01 -1.48441692744E-01  3.78726257933E-01
  18   5   2    6 C    -2.50000000000E-01  1.48441692744E-01  3.78726257933E-01

  19   6   1    6 C     2.50000000000E-01  1.47734836933E-01 -3.23202806138E-01
  20   6   2    6 C    -2.50000000000E-01 -1.47734836933E-01 -3.23202806138E-01

 NUMBER OF SYMMETRY OPERATORS         :    4
 *******************************************************************************
 * GEOMETRY EDITING - INPUT COORDINATES ARE GIVEN IN ANGSTROM         
 *******************************************************************************

 GEOMETRY NOW FULLY CONSISTENT WITH THE GROUP

 GCALCO - MAX INDICES DIRECT LATTICE VECTOR     6    23    22
 NO.OF VECTORS CREATED 6999 STARS 1086 RMAX   111.73072 BOHR

 GEOMETRY FOR WAVE FUNCTION - DIMENSIONALITY OF THE SYSTEM    3
 (NON PERIODIC DIRECTION: LATTICE PARAMETER FORMALLY SET TO 500)
 *******************************************************************************
 LATTICE PARAMETERS (ANGSTROMS AND DEGREES) - BOHR = 0.5291772083 ANGSTROM
 PRIMITIVE CELL - CENTRING CODE 1/0 VOLUME=   123.586649 - DENSITY  3.225 g/cm^3
         A              B              C           ALPHA      BETA       GAMMA 
    11.35252602     3.26509972     3.33413055    90.000000  90.000000  90.000000
 *******************************************************************************
 ATOMS IN THE ASYMMETRIC UNIT    6 - ATOMS IN THE UNIT CELL:   20
     ATOM                 X/A                 Y/B                 Z/C    
 *******************************************************************************
      1 T   6 C     3.680104513263E-01 -3.377291904327E-01  2.201433168803E-01
      2 F   6 C    -3.680104513263E-01  3.377291904327E-01  2.201433168803E-01
      3 F   6 C     1.319895486737E-01 -3.377291904327E-01  2.201433168803E-01
      4 F   6 C    -1.319895486737E-01  3.377291904327E-01  2.201433168803E-01
      5 T   6 C     3.630657703125E-01  3.062919420812E-01 -1.382030915337E-01
      6 F   6 C    -3.630657703125E-01 -3.062919420812E-01 -1.382030915337E-01
      7 F   6 C     1.369342296875E-01  3.062919420812E-01 -1.382030915337E-01
      8 F   6 C    -1.369342296875E-01 -3.062919420812E-01 -1.382030915337E-01
      9 T   6 C     6.372445998325E-02 -4.171065588661E-01 -4.042213148806E-01
     10 F   6 C    -6.372445998325E-02  4.171065588661E-01 -4.042213148806E-01
     11 F   6 C     4.362755400168E-01 -4.171065588661E-01 -4.042213148806E-01
     12 F   6 C    -4.362755400167E-01  4.171065588661E-01 -4.042213148806E-01
     13 T   6 C    -4.360266133936E-01  6.391016744940E-02 -7.089563636327E-02
     14 F   6 C     4.360266133936E-01 -6.391016744940E-02 -7.089563636327E-02
     15 F   6 C    -6.397338660640E-02  6.391016744940E-02 -7.089563636327E-02
     16 F   6 C     6.397338660640E-02 -6.391016744940E-02 -7.089563636327E-02
     17 T   6 C     2.500000000000E-01 -1.484416927440E-01  3.787262579326E-01
     18 F   6 C    -2.500000000000E-01  1.484416927440E-01  3.787262579326E-01
     19 T   6 C     2.500000000000E-01  1.477348369325E-01 -3.232028061379E-01
     20 F   6 C    -2.500000000000E-01 -1.477348369325E-01 -3.232028061379E-01

 T = ATOM BELONGING TO THE ASYMMETRIC UNIT

 ****    4 SYMMOPS - TRANSLATORS IN FRACTIONAL UNITS
 **** MATRICES AND TRANSLATORS IN THE CRYSTALLOGRAPHIC REFERENCE FRAME
   V INV                    ROTATION MATRICES                   TRANSLATORS
   1   1  1.00  0.00  0.00  0.00  1.00  0.00  0.00  0.00  1.00  0.00  0.00  0.00
   2   2 -1.00  0.00  0.00  0.00 -1.00  0.00  0.00  0.00  1.00  0.00  0.00  0.00
   3   3 -1.00  0.00  0.00  0.00  1.00  0.00  0.00  0.00  1.00  0.50  0.00  0.00
   4   4  1.00  0.00  0.00  0.00 -1.00  0.00  0.00  0.00  1.00  0.50  0.00  0.00

 DIRECT LATTICE VECTORS CARTESIAN COMPONENTS (ANGSTROM)
          X                    Y                    Z
   0.113525260200E+02   0.000000000000E+00   0.000000000000E+00
   0.000000000000E+00   0.326509972000E+01   0.000000000000E+00
   0.000000000000E+00   0.000000000000E+00   0.333413055000E+01


 CARTESIAN COORDINATES - PRIMITIVE CELL
 *******************************************************************************
 *      ATOM          X(ANGSTROM)         Y(ANGSTROM)         Z(ANGSTROM)
 *******************************************************************************
    1     6 C     4.177848224314E+00 -1.102719485118E+00  7.339865581889E-01
    2     6 C    -4.177848224314E+00  1.102719485118E+00  7.339865581889E-01
    3     6 C     1.498414785686E+00 -1.102719485118E+00  7.339865581889E-01
    4     6 C    -1.498414785686E+00  1.102719485118E+00  7.339865581889E-01
    5     6 C     4.121713604444E+00  1.000073734328E+00 -4.607871495870E-01
    6     6 C    -4.121713604444E+00 -1.000073734328E+00 -4.607871495870E-01
    7     6 C     1.554549405556E+00  1.000073734328E+00 -4.607871495870E-01
    8     6 C    -1.554549405556E+00 -1.000073734328E+00 -4.607871495870E-01
    9     6 C     7.234335900703E-01 -1.361894508564E+00 -1.347726634905E+00
   10     6 C    -7.234335900703E-01  1.361894508564E+00 -1.347726634905E+00
   11     6 C     4.952829419930E+00 -1.361894508564E+00 -1.347726634905E+00
   12     6 C    -4.952829419930E+00  1.361894508564E+00 -1.347726634905E+00
   13     6 C    -4.950003473963E+00  2.086730698442E-01 -2.363753070605E-01
   14     6 C     4.950003473963E+00 -2.086730698442E-01 -2.363753070605E-01
   15     6 C    -7.262595360367E-01  2.086730698442E-01 -2.363753070605E-01
   16     6 C     7.262595360367E-01 -2.086730698442E-01 -2.363753070605E-01
   17     6 C     2.838131505000E+00 -4.846769294148E-01  1.262722786660E+00
   18     6 C    -2.838131505000E+00  4.846769294148E-01  1.262722786660E+00
   19     6 C     2.838131505000E+00  4.823689747026E-01 -1.077600349790E+00
   20     6 C    -2.838131505000E+00 -4.823689747026E-01 -1.077600349790E+00

 *******************************************************************************
 LOCAL ATOMIC FUNCTIONS BASIS SET
 *******************************************************************************
   ATOM   X(AU)   Y(AU)   Z(AU)  N. TYPE  EXPONENT  S COEF   P COEF   D/F/G COEF
 *******************************************************************************
   1 C    7.895  -2.084   1.387
                                  1 S  
                                         1.358E+04 2.225E-04 0.000E+00 0.000E+00
                                         2.035E+03 1.723E-03 0.000E+00 0.000E+00
                                         4.632E+02 8.926E-03 0.000E+00 0.000E+00
                                         1.312E+02 3.573E-02 0.000E+00 0.000E+00
                                         4.285E+01 1.108E-01 0.000E+00 0.000E+00
                                         1.558E+01 2.430E-01 0.000E+00 0.000E+00
                                  2 S  
                                         6.207E+00 4.144E-01 0.000E+00 0.000E+00
                                         2.576E+00 2.374E-01 0.000E+00 0.000E+00
                                  3 S  
                                         4.941E-01 1.000E+00 0.000E+00 0.000E+00
                                  4 S  
                                         1.644E-01 1.000E+00 0.000E+00 0.000E+00
                           5-     7 P  
                                         3.470E+01 0.000E+00 5.333E-03 0.000E+00
                                         7.958E+00 0.000E+00 3.586E-02 0.000E+00
                                         2.378E+00 0.000E+00 1.422E-01 0.000E+00
                                         8.143E-01 0.000E+00 3.427E-01 0.000E+00
                           8-    10 P  
                                         5.662E-01 0.000E+00 1.000E+00 0.000E+00
                          11-    13 P  
                                         2.674E-01 0.000E+00 1.000E+00 0.000E+00
                          14-    18 D  
                                         8.792E-01 0.000E+00 0.000E+00 1.000E+00
   2 C   -7.895   2.084   1.387
   3 C    2.832  -2.084   1.387
   4 C   -2.832   2.084   1.387
   5 C    7.789   1.890  -0.871
   6 C   -7.789  -1.890  -0.871
   7 C    2.938   1.890  -0.871
   8 C   -2.938  -1.890  -0.871
   9 C    1.367  -2.574  -2.547
  10 C   -1.367   2.574  -2.547
  11 C    9.359  -2.574  -2.547
  12 C   -9.359   2.574  -2.547
  13 C   -9.354   0.394  -0.447
  14 C    9.354  -0.394  -0.447
  15 C   -1.372   0.394  -0.447
  16 C    1.372  -0.394  -0.447
  17 C    5.363  -0.916   2.386
  18 C   -5.363   0.916   2.386
  19 C    5.363   0.912  -2.036
  20 C   -5.363  -0.912  -2.036
 INFORMATION **** SET_MPP **** PCRYSTAL CALCULATION
 INFORMATION **** READM2 **** NEW DEFAULT: FOCK/KS MATRIX MIXING SET TO 30 %
 INFORMATION **** READM2 **** NEW DEFAULT: FULL DIRECT SCF MODE
 INFORMATION **** READM2 **** NEW DEFAULT: COULOMB BIPOLAR BUFFER SET TO 32 Mb
 INFORMATION **** READM2 **** NEW DEFAULT: EXCHANGE BIPOLAR BUFFER SET TO 32 Mb

 *******************************************************************************
 NEW DEFAULT: DFT INTEGRATION GRID INCREASED TO XLGRID
 NEW DEFAULT: DIIS ACCELERATOR ACTIVE
 USE KEYWORD NODIIS TO TURN IT OFF
 *******************************************************************************

 INFORMATION **** DFTD3_INPUT **** PERFORM LATEST DISPERSION CORRECTION DFT-D3(BJ) WITH AUTOMATIC PARAMETER SETUP
 PLEASE CITE:
 (1) DFT-D3 Reference
  S. Grimme, J. Antony, S. Ehrlich, and H. Krieg, J. Chem. Phys. 132 (2010), 154104
 (2) BJ-Damping Reference
  S. Grimme, S. Ehrlich, and L. Goerigk, J. Comput. Chem. 32 (2011), 1456-1465
 (3) General DFT-D Review
  S. Grimme, A. Hansen, J. G. Brandenburg, and C. Bannwarth,
  Chem. Rev. 116 (2016), 5105-5154

 INFORMATION **** TOLINTEG **** COULOMB AND EXCHANGE SERIES TOLERANCES MODIFIED
 INFORMATION **** TOLDEE **** SCF TOL ON TOTAL ENERGY SET TO           9
 INFORMATION **** READM2 **** FULL DIRECT SCF (MONO AND BIEL INT) SELECTED
 INFORMATION **** BIPOSIZE **** COULOMB BIPOLAR BUFFER SET TO   110000000
 INFORMATION **** EXCHSIZE **** EXCHANGE BIPOLAR BUFFER SIZE SET TO   110000000
 INFORMATION **** MAXCYCLE **** MAX NUMBER OF SCF CYCLES SET TO        1600
 INFORMATION **** DIIS **** DIIS FOR SCF ACTIVE
 INFORMATION **** DIIS **** LEVEL SHIFTER DISABLED
 INFORMATION **** PPAN ****  MULLIKEN POPULATION ANALYSIS AT THE END OF SCF
 *******************************************************************************
 N. OF ATOMS PER CELL        20  COULOMB OVERLAP TOL         (T1) 10**   -8
 NUMBER OF SHELLS           160  COULOMB PENETRATION TOL     (T2) 10**   -8
 NUMBER OF AO               360  EXCHANGE OVERLAP TOL        (T3) 10**   -8
 N. OF ELECTRONS PER CELL   120  EXCHANGE PSEUDO OVP (F(G))  (T4) 10**   -9
 CORE ELECTRONS PER CELL     40  EXCHANGE PSEUDO OVP (P(G))  (T5) 10**  -24
 N. OF SYMMETRY OPERATORS     4  POLE ORDER IN MONO ZONE                  4
 *******************************************************************************
 TYPE OF CALCULATION :  UNRESTRICTED OPEN SHELL
 KOHN-SHAM HAMILTONIAN

 (EXCHANGE)[CORRELATION] FUNCTIONAL:(BECKE 88)[LEE-YANG-PARR]

 NON-LOCAL WEIGHTING FACTOR (EXCHANGE) =           0.9000
 NON-LOCAL WEIGHTING FACTOR [CORRELATION] =        0.8100

 HYBRID EXCHANGE - PERCENTAGE OF FOCK EXCHANGE    20.0000

 SPIN POLARIZED DFT SELECTED

 CAPPA:IS1 15;IS2 15;IS3 15; K PTS MONK NET 512; SYMMOPS:K SPACE   8;G SPACE   4

 *******************************************************************************
 MAX NUMBER OF SCF CYCLES    1600  CONVERGENCE ON DELTAP        10**-19
 WEIGHT OF F(I) IN F(I+1)      30% CONVERGENCE ON ENERGY        10**- 9
 SHRINK. FACT.(MONKH.)   15 15 15  NUMBER OF K POINTS IN THE IBZ    512
 SHRINKING FACTOR(GILAT NET)   30  NUMBER OF K POINTS(GILAT NET)   4096
 *******************************************************************************
 *** K POINTS COORDINATES (OBLIQUE COORDINATES IN UNITS OF IS = 15)
   1-R(  0  0  0)   2-C(  1  0  0)   3-C(  2  0  0)   4-C(  3  0  0)
   5-C(  4  0  0)   6-C(  5  0  0)   7-C(  6  0  0)   8-C(  7  0  0)
   9-C(  0  1  0)  10-C(  1  1  0)  11-C(  2  1  0)  12-C(  3  1  0)
  13-C(  4  1  0)  14-C(  5  1  0)  15-C(  6  1  0)  16-C(  7  1  0)
  17-C(  0  2  0)  18-C(  1  2  0)  19-C(  2  2  0)  20-C(  3  2  0)
  21-C(  4  2  0)  22-C(  5  2  0)  23-C(  6  2  0)  24-C(  7  2  0)
  25-C(  0  3  0)  26-C(  1  3  0)  27-C(  2  3  0)  28-C(  3  3  0)
  29-C(  4  3  0)  30-C(  5  3  0)  31-C(  6  3  0)  32-C(  7  3  0)
  33-C(  0  4  0)  34-C(  1  4  0)  35-C(  2  4  0)  36-C(  3  4  0)
  37-C(  4  4  0)  38-C(  5  4  0)  39-C(  6  4  0)  40-C(  7  4  0)
  41-C(  0  5  0)  42-C(  1  5  0)  43-C(  2  5  0)  44-C(  3  5  0)
  45-C(  4  5  0)  46-C(  5  5  0)  47-C(  6  5  0)  48-C(  7  5  0)
  49-C(  0  6  0)  50-C(  1  6  0)  51-C(  2  6  0)  52-C(  3  6  0)
  53-C(  4  6  0)  54-C(  5  6  0)  55-C(  6  6  0)  56-C(  7  6  0)
  57-C(  0  7  0)  58-C(  1  7  0)  59-C(  2  7  0)  60-C(  3  7  0)
  61-C(  4  7  0)  62-C(  5  7  0)  63-C(  6  7  0)  64-C(  7  7  0)
  65-C(  0  0  1)  66-C(  1  0  1)  67-C(  2  0  1)  68-C(  3  0  1)
  69-C(  4  0  1)  70-C(  5  0  1)  71-C(  6  0  1)  72-C(  7  0  1)
  73-C(  0  1  1)  74-C(  1  1  1)  75-C(  2  1  1)  76-C(  3  1  1)
  77-C(  4  1  1)  78-C(  5  1  1)  79-C(  6  1  1)  80-C(  7  1  1)
  81-C(  0  2  1)  82-C(  1  2  1)  83-C(  2  2  1)  84-C(  3  2  1)
  85-C(  4  2  1)  86-C(  5  2  1)  87-C(  6  2  1)  88-C(  7  2  1)
  89-C(  0  3  1)  90-C(  1  3  1)  91-C(  2  3  1)  92-C(  3  3  1)
  93-C(  4  3  1)  94-C(  5  3  1)  95-C(  6  3  1)  96-C(  7  3  1)
  97-C(  0  4  1)  98-C(  1  4  1)  99-C(  2  4  1) 100-C(  3  4  1)
 101-C(  4  4  1) 102-C(  5  4  1) 103-C(  6  4  1) 104-C(  7  4  1)
 105-C(  0  5  1) 106-C(  1  5  1) 107-C(  2  5  1) 108-C(  3  5  1)
 109-C(  4  5  1) 110-C(  5  5  1) 111-C(  6  5  1) 112-C(  7  5  1)
 113-C(  0  6  1) 114-C(  1  6  1) 115-C(  2  6  1) 116-C(  3  6  1)
 117-C(  4  6  1) 118-C(  5  6  1) 119-C(  6  6  1) 120-C(  7  6  1)
 121-C(  0  7  1) 122-C(  1  7  1) 123-C(  2  7  1) 124-C(  3  7  1)
 125-C(  4  7  1) 126-C(  5  7  1) 127-C(  6  7  1) 128-C(  7  7  1)
 129-C(  0  0  2) 130-C(  1  0  2) 131-C(  2  0  2) 132-C(  3  0  2)
 133-C(  4  0  2) 134-C(  5  0  2) 135-C(  6  0  2) 136-C(  7  0  2)
 137-C(  0  1  2) 138-C(  1  1  2) 139-C(  2  1  2) 140-C(  3  1  2)
 141-C(  4  1  2) 142-C(  5  1  2) 143-C(  6  1  2) 144-C(  7  1  2)
 145-C(  0  2  2) 146-C(  1  2  2) 147-C(  2  2  2) 148-C(  3  2  2)
 149-C(  4  2  2) 150-C(  5  2  2) 151-C(  6  2  2) 152-C(  7  2  2)
 153-C(  0  3  2) 154-C(  1  3  2) 155-C(  2  3  2) 156-C(  3  3  2)
 157-C(  4  3  2) 158-C(  5  3  2) 159-C(  6  3  2) 160-C(  7  3  2)
 161-C(  0  4  2) 162-C(  1  4  2) 163-C(  2  4  2) 164-C(  3  4  2)
 165-C(  4  4  2) 166-C(  5  4  2) 167-C(  6  4  2) 168-C(  7  4  2)
 169-C(  0  5  2) 170-C(  1  5  2) 171-C(  2  5  2) 172-C(  3  5  2)
 173-C(  4  5  2) 174-C(  5  5  2) 175-C(  6  5  2) 176-C(  7  5  2)
 177-C(  0  6  2) 178-C(  1  6  2) 179-C(  2  6  2) 180-C(  3  6  2)
 181-C(  4  6  2) 182-C(  5  6  2) 183-C(  6  6  2) 184-C(  7  6  2)
 185-C(  0  7  2) 186-C(  1  7  2) 187-C(  2  7  2) 188-C(  3  7  2)
 189-C(  4  7  2) 190-C(  5  7  2) 191-C(  6  7  2) 192-C(  7  7  2)
 193-C(  0  0  3) 194-C(  1  0  3) 195-C(  2  0  3) 196-C(  3  0  3)
 197-C(  4  0  3) 198-C(  5  0  3) 199-C(  6  0  3) 200-C(  7  0  3)
 201-C(  0  1  3) 202-C(  1  1  3) 203-C(  2  1  3) 204-C(  3  1  3)
 205-C(  4  1  3) 206-C(  5  1  3) 207-C(  6  1  3) 208-C(  7  1  3)
 209-C(  0  2  3) 210-C(  1  2  3) 211-C(  2  2  3) 212-C(  3  2  3)
 213-C(  4  2  3) 214-C(  5  2  3) 215-C(  6  2  3) 216-C(  7  2  3)
 217-C(  0  3  3) 218-C(  1  3  3) 219-C(  2  3  3) 220-C(  3  3  3)
 221-C(  4  3  3) 222-C(  5  3  3) 223-C(  6  3  3) 224-C(  7  3  3)
 225-C(  0  4  3) 226-C(  1  4  3) 227-C(  2  4  3) 228-C(  3  4  3)
 229-C(  4  4  3) 230-C(  5  4  3) 231-C(  6  4  3) 232-C(  7  4  3)
 233-C(  0  5  3) 234-C(  1  5  3) 235-C(  2  5  3) 236-C(  3  5  3)
 237-C(  4  5  3) 238-C(  5  5  3) 239-C(  6  5  3) 240-C(  7  5  3)
 241-C(  0  6  3) 242-C(  1  6  3) 243-C(  2  6  3) 244-C(  3  6  3)
 245-C(  4  6  3) 246-C(  5  6  3) 247-C(  6  6  3) 248-C(  7  6  3)
 249-C(  0  7  3) 250-C(  1  7  3) 251-C(  2  7  3) 252-C(  3  7  3)
 253-C(  4  7  3) 254-C(  5  7  3) 255-C(  6  7  3) 256-C(  7  7  3)
 257-C(  0  0  4) 258-C(  1  0  4) 259-C(  2  0  4) 260-C(  3  0  4)
 261-C(  4  0  4) 262-C(  5  0  4) 263-C(  6  0  4) 264-C(  7  0  4)
 265-C(  0  1  4) 266-C(  1  1  4) 267-C(  2  1  4) 268-C(  3  1  4)
 269-C(  4  1  4) 270-C(  5  1  4) 271-C(  6  1  4) 272-C(  7  1  4)
 273-C(  0  2  4) 274-C(  1  2  4) 275-C(  2  2  4) 276-C(  3  2  4)
 277-C(  4  2  4) 278-C(  5  2  4) 279-C(  6  2  4) 280-C(  7  2  4)
 281-C(  0  3  4) 282-C(  1  3  4) 283-C(  2  3  4) 284-C(  3  3  4)
 285-C(  4  3  4) 286-C(  5  3  4) 287-C(  6  3  4) 288-C(  7  3  4)
 289-C(  0  4  4) 290-C(  1  4  4) 291-C(  2  4  4) 292-C(  3  4  4)
 293-C(  4  4  4) 294-C(  5  4  4) 295-C(  6  4  4) 296-C(  7  4  4)
 297-C(  0  5  4) 298-C(  1  5  4) 299-C(  2  5  4) 300-C(  3  5  4)
 301-C(  4  5  4) 302-C(  5  5  4) 303-C(  6  5  4) 304-C(  7  5  4)
 305-C(  0  6  4) 306-C(  1  6  4) 307-C(  2  6  4) 308-C(  3  6  4)
 309-C(  4  6  4) 310-C(  5  6  4) 311-C(  6  6  4) 312-C(  7  6  4)
 313-C(  0  7  4) 314-C(  1  7  4) 315-C(  2  7  4) 316-C(  3  7  4)
 317-C(  4  7  4) 318-C(  5  7  4) 319-C(  6  7  4) 320-C(  7  7  4)
 321-C(  0  0  5) 322-C(  1  0  5) 323-C(  2  0  5) 324-C(  3  0  5)
 325-C(  4  0  5) 326-C(  5  0  5) 327-C(  6  0  5) 328-C(  7  0  5)
 329-C(  0  1  5) 330-C(  1  1  5) 331-C(  2  1  5) 332-C(  3  1  5)
 333-C(  4  1  5) 334-C(  5  1  5) 335-C(  6  1  5) 336-C(  7  1  5)
 337-C(  0  2  5) 338-C(  1  2  5) 339-C(  2  2  5) 340-C(  3  2  5)
 341-C(  4  2  5) 342-C(  5  2  5) 343-C(  6  2  5) 344-C(  7  2  5)
 345-C(  0  3  5) 346-C(  1  3  5) 347-C(  2  3  5) 348-C(  3  3  5)
 349-C(  4  3  5) 350-C(  5  3  5) 351-C(  6  3  5) 352-C(  7  3  5)
 353-C(  0  4  5) 354-C(  1  4  5) 355-C(  2  4  5) 356-C(  3  4  5)
 357-C(  4  4  5) 358-C(  5  4  5) 359-C(  6  4  5) 360-C(  7  4  5)
 361-C(  0  5  5) 362-C(  1  5  5) 363-C(  2  5  5) 364-C(  3  5  5)
 365-C(  4  5  5) 366-C(  5  5  5) 367-C(  6  5  5) 368-C(  7  5  5)
 369-C(  0  6  5) 370-C(  1  6  5) 371-C(  2  6  5) 372-C(  3  6  5)
 373-C(  4  6  5) 374-C(  5  6  5) 375-C(  6  6  5) 376-C(  7  6  5)
 377-C(  0  7  5) 378-C(  1  7  5) 379-C(  2  7  5) 380-C(  3  7  5)
 381-C(  4  7  5) 382-C(  5  7  5) 383-C(  6  7  5) 384-C(  7  7  5)
 385-C(  0  0  6) 386-C(  1  0  6) 387-C(  2  0  6) 388-C(  3  0  6)
 389-C(  4  0  6) 390-C(  5  0  6) 391-C(  6  0  6) 392-C(  7  0  6)
 393-C(  0  1  6) 394-C(  1  1  6) 395-C(  2  1  6) 396-C(  3  1  6)
 397-C(  4  1  6) 398-C(  5  1  6) 399-C(  6  1  6) 400-C(  7  1  6)
 401-C(  0  2  6) 402-C(  1  2  6) 403-C(  2  2  6) 404-C(  3  2  6)
 405-C(  4  2  6) 406-C(  5  2  6) 407-C(  6  2  6) 408-C(  7  2  6)
 409-C(  0  3  6) 410-C(  1  3  6) 411-C(  2  3  6) 412-C(  3  3  6)
 413-C(  4  3  6) 414-C(  5  3  6) 415-C(  6  3  6) 416-C(  7  3  6)
 417-C(  0  4  6) 418-C(  1  4  6) 419-C(  2  4  6) 420-C(  3  4  6)
 421-C(  4  4  6) 422-C(  5  4  6) 423-C(  6  4  6) 424-C(  7  4  6)
 425-C(  0  5  6) 426-C(  1  5  6) 427-C(  2  5  6) 428-C(  3  5  6)
 429-C(  4  5  6) 430-C(  5  5  6) 431-C(  6  5  6) 432-C(  7  5  6)
 433-C(  0  6  6) 434-C(  1  6  6) 435-C(  2  6  6) 436-C(  3  6  6)
 437-C(  4  6  6) 438-C(  5  6  6) 439-C(  6  6  6) 440-C(  7  6  6)
 441-C(  0  7  6) 442-C(  1  7  6) 443-C(  2  7  6) 444-C(  3  7  6)
 445-C(  4  7  6) 446-C(  5  7  6) 447-C(  6  7  6) 448-C(  7  7  6)
 449-C(  0  0  7) 450-C(  1  0  7) 451-C(  2  0  7) 452-C(  3  0  7)
 453-C(  4  0  7) 454-C(  5  0  7) 455-C(  6  0  7) 456-C(  7  0  7)
 457-C(  0  1  7) 458-C(  1  1  7) 459-C(  2  1  7) 460-C(  3  1  7)
 461-C(  4  1  7) 462-C(  5  1  7) 463-C(  6  1  7) 464-C(  7  1  7)
 465-C(  0  2  7) 466-C(  1  2  7) 467-C(  2  2  7) 468-C(  3  2  7)
 469-C(  4  2  7) 470-C(  5  2  7) 471-C(  6  2  7) 472-C(  7  2  7)
 473-C(  0  3  7) 474-C(  1  3  7) 475-C(  2  3  7) 476-C(  3  3  7)
 477-C(  4  3  7) 478-C(  5  3  7) 479-C(  6  3  7) 480-C(  7  3  7)
 481-C(  0  4  7) 482-C(  1  4  7) 483-C(  2  4  7) 484-C(  3  4  7)
 485-C(  4  4  7) 486-C(  5  4  7) 487-C(  6  4  7) 488-C(  7  4  7)
 489-C(  0  5  7) 490-C(  1  5  7) 491-C(  2  5  7) 492-C(  3  5  7)
 493-C(  4  5  7) 494-C(  5  5  7) 495-C(  6  5  7) 496-C(  7  5  7)
 497-C(  0  6  7) 498-C(  1  6  7) 499-C(  2  6  7) 500-C(  3  6  7)
 501-C(  4  6  7) 502-C(  5  6  7) 503-C(  6  6  7) 504-C(  7  6  7)
 505-C(  0  7  7) 506-C(  1  7  7) 507-C(  2  7  7) 508-C(  3  7  7)
 509-C(  4  7  7) 510-C(  5  7  7) 511-C(  6  7  7) 512-C(  7  7  7)

 DIRECT LATTICE VECTORS COMPON. (A.U.)     RECIP. LATTICE VECTORS COMPON. (A.U.) 
        X            Y            Z              X            Y            Z
   21.4531651    0.0000000    0.0000000      0.2928792    0.0000000    0.0000000
    0.0000000    6.1701443    0.0000000      0.0000000    1.0183206    0.0000000
    0.0000000    0.0000000    6.3005936      0.0000000    0.0000000    0.9972370

 DISK SPACE FOR EIGENVECTORS (FTN 10)   132580800 REALS

 SYMMETRY ADAPTION OF THE BLOCH FUNCTIONS ENABLED
 TTTTTTTTTTTTTTTTTTTTTTTTTTTTTT gordsh1     TELAPSE        1.19 TCPU        0.43

 MATRIX SIZE: P(G) 2190332, F(G)  250364, P(G) IRR  287331, F(G) IRR   66238
 MAX G-VECTOR INDEX FOR 1- AND 2-ELECTRON INTEGRALS 433

 TTTTTTTTTTTTTTTTTTTTTTTTTTTTTT INPUT       TELAPSE        1.19 TCPU        0.44

 NEIGHBORS OF THE NON-EQUIVALENT ATOMS

 N = NUMBER OF NEIGHBORS AT DISTANCE R
    ATOM  N     R/ANG      R/AU   NEIGHBORS (ATOM LABELS AND CELL INDICES)
   1 C    1     1.4954     2.8260   11 C    0 0 1
   1 C    1     1.5288     2.8890   14 C    0 0 0
   1 C    1     1.5673     2.9617   17 C    0 0 0
   1 C    1     1.6678     3.1517    5 C    0-1 0
   1 C    1     2.2364     4.2261   11 C    0 0 0
   1 C    1     2.4192     4.5716    5 C    0 0 0

   5 C    1     1.4824     2.8013   14 C    0 0 0
   5 C    1     1.5143     2.8616   11 C    0 1 0
   5 C    1     1.5153     2.8635   19 C    0 0 0
   5 C    1     1.6678     3.1517    1 C    0 1 0
   5 C    1     2.2282     4.2107   14 C    0 1 0
   5 C    1     2.4192     4.5716    1 C    0 0 0

   9 C    1     1.4954     2.8260    3 C    0 0-1
   9 C    1     1.5143     2.8616    7 C    0-1 0
   9 C    1     1.5448     2.9193   10 C    0-1 0
   9 C    1     1.6016     3.0265   16 C    0 0 0
   9 C    1     2.2364     4.2261    3 C    0 0 0
   9 C    1     2.3864     4.5097   16 C    0-1 0

  13 C    1     1.4824     2.8013    6 C    0 0 0
  13 C    1     1.5113     2.8559   14 C   -1 0 0
  13 C    1     1.5288     2.8890    2 C    0 0 0
  13 C    1     1.6016     3.0265   12 C    0 0 0
  13 C    1     2.2282     4.2107    6 C    0 1 0
  13 C    1     2.3760     4.4899   20 C    0 0 0

  17 C    1     1.3867     2.6204   19 C    0 0 1
  17 C    2     1.5673     2.9617    1 C    0 0 0    3 C    0 0 0
  17 C    2     2.4011     4.5374    9 C    0 0 1   11 C    0 0 1
  17 C    1     2.5037     4.7314   19 C    0-1 1
  17 C    1     2.5323     4.7853   19 C    0 0 0
  17 C    2     2.5389     4.7979    5 C    0 0 1    7 C    0 0 1

  19 C    1     1.3867     2.6204   17 C    0 0-1
  19 C    2     1.5153     2.8635    5 C    0 0 0    7 C    0 0 0
  19 C    2     2.3760     4.4899   14 C    0 0 0   16 C    0 0 0
  19 C    1     2.5037     4.7314   17 C    0 1-1
  19 C    1     2.5323     4.7853   17 C    0 0 0
  19 C    2     2.5620     4.8414    9 C    0 1 0   11 C    0 1 0


 SYMMETRY ALLOWED INTERNAL DEGREE(S) OF FREEDOM:  15
 TTTTTTTTTTTTTTTTTTTTTTTTTTTTTT SYMM        TELAPSE        1.27 TCPU        0.50
 TTTTTTTTTTTTTTTTTTTTTTTTTTTTTT INT_SCREEN  TELAPSE        1.28 TCPU        0.51

 DFT PARAMETERS

     ATOM       ELECTRONS   NET CHARGE   R(ANGSTROM)
   1   6  C       6.0000      0.0000     0.77000000

 SIZE OF GRID=     134696
 TTTTTTTTTTTTTTTTTTTTTTTTTTTTTT MAKE_GRID2  TELAPSE        1.70 TCPU        0.93
 BECKE WEIGHT FUNCTION
 RADSAFE =     2.00
 TOLERANCES - DENSITY:10**- 6; POTENTIAL:10**- 9; GRID WGT:10**-14

 RADIAL INTEGRATION  - INTERVALS (POINTS,UPPER LIMIT):            1( 75,  4.0*R)

 ANGULAR INTEGRATION - INTERVALS (ACCURACY LEVEL [N. POINTS] UPPER LIMIT):
  1(  4[  86]   0.2)  2(  8[ 194]   0.5)  3( 12[ 350]   0.9)  4( 16[ 974]   3.5)
  5( 12[ 350]9999.0)
 TTTTTTTTTTTTTTTTTTTTTTTTTTTTTT INT_CALC    TELAPSE        1.72 TCPU        0.95
 EEEEEEEEEE INT_CALC TERMINATION  DATE 23 01 2026 TIME 00:36:15.7

 *******************************************************************************
 ./3^2,4^4T6-CA_rev1_sp_B3LYP-D3-D3_optimized                                    
 CRYSTAL - SCF - TYPE OF CALCULATION :  UNRESTRICTED OPEN SHELL
 *******************************************************************************

 CAPPA:IS1 15;IS2 15;IS3 15; K PTS MONK NET 512; SYMMOPS:K SPACE   8;G SPACE   4

 TTTTTTTTTTTTTTTTTTTTTTTTTTTTTT SDIK        TELAPSE        3.26 TCPU        2.42

 AAAAAAAAAAAAAAAAAAAAAAAAAAAAAAAAAAAAAAAAAAAAAAAAAAAAAAAAAAAAAAAAAAAAAAAAAAAAAAA
         ATOMIC WAVEFUNCTION(S)


 NUCLEAR CHARGE  6.0  SYMMETRY SPECIES            S    P
 N. ELECTRONS    6.0  NUMBER OF PRIMITIVE GTOS   10    6
                      NUMBER OF CONTRACTED GTOS   4    3
                      NUMBER OF CLOSED SHELLS     2    0
                      OPEN SHELL OCCUPATION       0    2

  ZNUC  SCFIT    TOTAL HF ENERGY   KINETIC ENERGY   VIRIAL THEOREM ACCURACY
   6.0    10    -3.766702350E+01  3.783137943E+01 -1.995655566E+00  1.6E-06

 AAAAAAAAAAAAAAAAAAAAAAAAAAAAAAAAAAAAAAAAAAAAAAAAAAAAAAAAAAAAAAAAAAAAAAAAAAAAAAA

 CHARGE NORMALIZATION FACTOR   1.00000000
 TOTAL ATOMIC CHARGES:
   6.0000000   6.0000000   6.0000000   6.0000000   6.0000000   6.0000000
   6.0000000   6.0000000   6.0000000   6.0000000   6.0000000   6.0000000
   6.0000000   6.0000000   6.0000000   6.0000000   6.0000000   6.0000000
   6.0000000   6.0000000
 SUMMED SPIN DENSITY           0.00000000
 TOTAL ATOMIC SPINS  :
   0.0000000   0.0000000   0.0000000   0.0000000   0.0000000   0.0000000
   0.0000000   0.0000000   0.0000000   0.0000000   0.0000000   0.0000000
   0.0000000   0.0000000   0.0000000   0.0000000   0.0000000   0.0000000
   0.0000000   0.0000000
 TTTTTTTTTTTTTTTTTTTTTTTTTTTTTT MOQGAD      TELAPSE        3.28 TCPU        2.43
 TTTTTTTTTTTTTTTTTTTTTTTTTTTTTT SHELLXN     TELAPSE       89.91 TCPU       89.03
 TTTTTTTTTTTTTTTTTTTTTTTTTTTTTT MONMO3      TELAPSE       90.03 TCPU       89.16
 NUMERICALLY INTEGRATED DENSITY     60.0000476839     60.0000476839
 TTTTTTTTTTTTTTTTTTTTTTTTTTTTTT NUMDFT      TELAPSE       91.05 TCPU       90.17
 CYC   0 ETOT(AU) -7.678817759948E+02 DETOT -7.68E+02 tst  0.00E+00 PX  1.00E+00
 TTTTTTTTTTTTTTTTTTTTTTTTTTTTTT DIIS        TELAPSE       91.57 TCPU       90.48
 TTTTTTTTTTTTTTTTTTTTTTTTTTTTTT FDIK        TELAPSE      131.90 TCPU      114.80

    ALPHA      ELECTRONS
 INSULATING STATE
 TOP OF VALENCE BANDS -    BAND     60; K    2; EIG -2.0302484E-01 AU
 TOP OF VALENCE BANDS -    BAND     60; K    1; EIG -2.0302549E-01 AU
 BOTTOM OF VIRTUAL BANDS - BAND     61; K    1; EIG -1.5338893E-01 AU
 INDIRECT ENERGY BAND GAP:   1.3507 eV

    BETA       ELECTRONS
 INSULATING STATE
 TOP OF VALENCE BANDS -    BAND     60; K    2; EIG -2.0302484E-01 AU
 TOP OF VALENCE BANDS -    BAND     60; K    1; EIG -2.0302549E-01 AU
 BOTTOM OF VIRTUAL BANDS - BAND     61; K    1; EIG -1.5338893E-01 AU
 INDIRECT ENERGY BAND GAP:   1.3507 eV
 TTTTTTTTTTTTTTTTTTTTTTTTTTTTTT PDIG        TELAPSE      133.30 TCPU      116.10
 CHARGE NORMALIZATION FACTOR   1.00000000
 TOTAL ATOMIC CHARGES:
   5.9119781   5.9119781   5.9119781   5.9119781   5.9901815   5.9901815
   5.9901815   5.9901815   6.0264904   6.0264904   6.0264904   6.0264904
   6.0372752   6.0372752   6.0372752   6.0372752   6.0250003   6.0250003
   6.0431493   6.0431493
 SUMMED SPIN DENSITY           0.00000000
 TOTAL ATOMIC SPINS  :
   0.0000000   0.0000000   0.0000000   0.0000000  -0.0000000  -0.0000000
  -0.0000000  -0.0000000   0.0000000   0.0000000   0.0000000   0.0000000
   0.0000000   0.0000000   0.0000000   0.0000000   0.0000000   0.0000000
  -0.0000000  -0.0000000
 TTTTTTTTTTTTTTTTTTTTTTTTTTTTTT MOQGAD      TELAPSE      133.31 TCPU      116.11
 TTTTTTTTTTTTTTTTTTTTTTTTTTTTTT SHELLXN     TELAPSE      223.55 TCPU      206.32
 TTTTTTTTTTTTTTTTTTTTTTTTTTTTTT MONMO3      TELAPSE      223.69 TCPU      206.46
 NUMERICALLY INTEGRATED DENSITY     60.0000213294     60.0000213294
 TTTTTTTTTTTTTTTTTTTTTTTTTTTTTT NUMDFT      TELAPSE      224.88 TCPU      207.65
 CYC   1 ETOT(AU) -7.615271606498E+02 DETOT  6.35E+00 tst  0.00E+00 PX  1.00E+00
 TTTTTTTTTTTTTTTTTTTTTTTTTTTTTT DIIS        TELAPSE      225.34 TCPU      207.86
 DIIS TEST: 0.27753E+00 AT SCF   CYCLE   1 - MIX   30 %
 TTTTTTTTTTTTTTTTTTTTTTTTTTTTTT FDIK        TELAPSE      236.30 TCPU      218.74

    ALPHA      ELECTRONS
 INSULATING STATE
 TOP OF VALENCE BANDS -    BAND     60; K    4; EIG -1.4143106E-01 AU
 TOP OF VALENCE BANDS -    BAND     60; K    1; EIG -1.4148092E-01 AU
 BOTTOM OF VIRTUAL BANDS - BAND     61; K    1; EIG -7.0844149E-02 AU
 INDIRECT ENERGY BAND GAP:   1.9208 eV

    BETA       ELECTRONS
 INSULATING STATE
 TOP OF VALENCE BANDS -    BAND     60; K    4; EIG -1.4143106E-01 AU
 TOP OF VALENCE BANDS -    BAND     60; K    1; EIG -1.4148092E-01 AU
 BOTTOM OF VIRTUAL BANDS - BAND     61; K    1; EIG -7.0844149E-02 AU
 INDIRECT ENERGY BAND GAP:   1.9208 eV
 TTTTTTTTTTTTTTTTTTTTTTTTTTTTTT PDIG        TELAPSE      237.73 TCPU      220.13
 CHARGE NORMALIZATION FACTOR   1.00000000
 TOTAL ATOMIC CHARGES:
   6.0024189   6.0024189   6.0024189   6.0024189   5.9688549   5.9688549
   5.9688549   5.9688549   5.9989050   5.9989050   5.9989050   5.9989050
   5.9837821   5.9837821   5.9837821   5.9837821   6.0862732   6.0862732
   6.0058049   6.0058049
 SUMMED SPIN DENSITY          -0.00000000
 TOTAL ATOMIC SPINS  :
  -0.0000000  -0.0000000  -0.0000000  -0.0000000   0.0000000   0.0000000
   0.0000000   0.0000000  -0.0000000  -0.0000000  -0.0000000  -0.0000000
  -0.0000000  -0.0000000  -0.0000000  -0.0000000   0.0000000   0.0000000
  -0.0000000  -0.0000000
 TTTTTTTTTTTTTTTTTTTTTTTTTTTTTT MOQGAD      TELAPSE      237.74 TCPU      220.15
 TTTTTTTTTTTTTTTTTTTTTTTTTTTTTT SHELLXN     TELAPSE      332.64 TCPU      315.00
 TTTTTTTTTTTTTTTTTTTTTTTTTTTTTT MONMO3      TELAPSE      332.77 TCPU      315.12
 NUMERICALLY INTEGRATED DENSITY     60.0000224217     60.0000224217
 TTTTTTTTTTTTTTTTTTTTTTTTTTTTTT NUMDFT      TELAPSE      333.98 TCPU      316.33
 CYC   2 ETOT(AU) -7.615620808584E+02 DETOT -3.49E-02 tst  4.00E-04 PX  7.04E-02
 TTTTTTTTTTTTTTTTTTTTTTTTTTTTTT DIIS        TELAPSE      334.46 TCPU      316.60
 DIIS TEST: 0.77832E-01 AT SCF   CYCLE   2 - DIIS ACTIVE - HISTORY:     2 CYCLES
 TTTTTTTTTTTTTTTTTTTTTTTTTTTTTT FDIK        TELAPSE      344.82 TCPU      326.81

    ALPHA      ELECTRONS
 INSULATING STATE
 TOP OF VALENCE BANDS -    BAND     60; K    1; EIG -1.1608097E-01 AU
 BOTTOM OF VIRTUAL BANDS - BAND     61; K    1; EIG -3.3407939E-02 AU
 DIRECT ENERGY BAND GAP:   2.2496 eV

    BETA       ELECTRONS
 INSULATING STATE
 TOP OF VALENCE BANDS -    BAND     60; K    1; EIG -1.1608097E-01 AU
 BOTTOM OF VIRTUAL BANDS - BAND     61; K    1; EIG -3.3407939E-02 AU
 DIRECT ENERGY BAND GAP:   2.2496 eV
 TTTTTTTTTTTTTTTTTTTTTTTTTTTTTT PDIG        TELAPSE      346.26 TCPU      328.22
 CHARGE NORMALIZATION FACTOR   1.00000000
 TOTAL ATOMIC CHARGES:
   5.9245845   5.9245845   5.9245845   5.9245845   5.9645927   5.9645927
   5.9645927   5.9645927   6.0333153   6.0333153   6.0333153   6.0333153
   6.0375141   6.0375141   6.0375141   6.0375141   6.0189535   6.0189535
   6.0610333   6.0610333
 SUMMED SPIN DENSITY           0.00000000
 TOTAL ATOMIC SPINS  :
   0.0000000   0.0000000   0.0000000   0.0000000   0.0000000   0.0000000
   0.0000000   0.0000000   0.0000000   0.0000000   0.0000000   0.0000000
  -0.0000000  -0.0000000  -0.0000000  -0.0000000   0.0000000   0.0000000
  -0.0000000  -0.0000000
 TTTTTTTTTTTTTTTTTTTTTTTTTTTTTT MOQGAD      TELAPSE      346.27 TCPU      328.23
 TTTTTTTTTTTTTTTTTTTTTTTTTTTTTT SHELLXN     TELAPSE      441.58 TCPU      423.53
 TTTTTTTTTTTTTTTTTTTTTTTTTTTTTT MONMO3      TELAPSE      441.71 TCPU      423.65
 NUMERICALLY INTEGRATED DENSITY     60.0000229625     60.0000229625
 TTTTTTTTTTTTTTTTTTTTTTTTTTTTTT NUMDFT      TELAPSE      442.81 TCPU      424.75
 CYC   3 ETOT(AU) -7.615641564467E+02 DETOT -2.08E-03 tst  2.28E-04 PX  3.15E-02
 TTTTTTTTTTTTTTTTTTTTTTTTTTTTTT DIIS        TELAPSE      443.33 TCPU      425.13
 DIIS TEST: 0.60310E-01 AT SCF   CYCLE   3 - DIIS ACTIVE - HISTORY:     3 CYCLES
 TTTTTTTTTTTTTTTTTTTTTTTTTTTTTT FDIK        TELAPSE      453.62 TCPU      434.89

    ALPHA      ELECTRONS
 INSULATING STATE
 TOP OF VALENCE BANDS -    BAND     60; K    4; EIG -1.2414089E-01 AU
 TOP OF VALENCE BANDS -    BAND     60; K    1; EIG -1.2418882E-01 AU
 BOTTOM OF VIRTUAL BANDS - BAND     61; K    1; EIG -3.9663311E-02 AU
 INDIRECT ENERGY BAND GAP:   2.2988 eV

    BETA       ELECTRONS
 INSULATING STATE
 TOP OF VALENCE BANDS -    BAND     60; K    4; EIG -1.2414089E-01 AU
 TOP OF VALENCE BANDS -    BAND     60; K    1; EIG -1.2418882E-01 AU
 BOTTOM OF VIRTUAL BANDS - BAND     61; K    1; EIG -3.9663311E-02 AU
 INDIRECT ENERGY BAND GAP:   2.2988 eV
 TTTTTTTTTTTTTTTTTTTTTTTTTTTTTT PDIG        TELAPSE      454.99 TCPU      436.24
 CHARGE NORMALIZATION FACTOR   1.00000000
 TOTAL ATOMIC CHARGES:
   5.9457236   5.9457236   5.9457236   5.9457236   5.9702065   5.9702065
   5.9702065   5.9702065   6.0112717   6.0112717   6.0112717   6.0112717
   6.0088763   6.0088763   6.0088763   6.0088763   6.0771728   6.0771728
   6.0506708   6.0506708
 SUMMED SPIN DENSITY          -0.00000000
 TOTAL ATOMIC SPINS  :
   0.0000000   0.0000000   0.0000000   0.0000000   0.0000000   0.0000000
   0.0000000   0.0000000   0.0000000   0.0000000   0.0000000   0.0000000
  -0.0000000  -0.0000000  -0.0000000  -0.0000000   0.0000000   0.0000000
  -0.0000000  -0.0000000
 TTTTTTTTTTTTTTTTTTTTTTTTTTTTTT MOQGAD      TELAPSE      455.00 TCPU      436.25
 TTTTTTTTTTTTTTTTTTTTTTTTTTTTTT SHELLXN     TELAPSE      550.55 TCPU      531.79
 TTTTTTTTTTTTTTTTTTTTTTTTTTTTTT MONMO3      TELAPSE      550.67 TCPU      531.91
 NUMERICALLY INTEGRATED DENSITY     60.0000226497     60.0000226497
 TTTTTTTTTTTTTTTTTTTTTTTTTTTTTT NUMDFT      TELAPSE      551.78 TCPU      533.02
 CYC   4 ETOT(AU) -7.615668896742E+02 DETOT -2.73E-03 tst  5.21E-05 PX  1.17E-02
 TTTTTTTTTTTTTTTTTTTTTTTTTTTTTT DIIS        TELAPSE      552.25 TCPU      533.36
 DIIS TEST: 0.62686E-02 AT SCF   CYCLE   4 - DIIS ACTIVE - HISTORY:     4 CYCLES
 TTTTTTTTTTTTTTTTTTTTTTTTTTTTTT FDIK        TELAPSE      561.80 TCPU      542.63

    ALPHA      ELECTRONS
 INSULATING STATE
 TOP OF VALENCE BANDS -    BAND     60; K    3; EIG -1.2162026E-01 AU
 TOP OF VALENCE BANDS -    BAND     60; K    1; EIG -1.2162910E-01 AU
 BOTTOM OF VIRTUAL BANDS - BAND     61; K    1; EIG -3.7055947E-02 AU
 INDIRECT ENERGY BAND GAP:   2.3011 eV

    BETA       ELECTRONS
 INSULATING STATE
 TOP OF VALENCE BANDS -    BAND     60; K    3; EIG -1.2162026E-01 AU
 TOP OF VALENCE BANDS -    BAND     60; K    1; EIG -1.2162910E-01 AU
 BOTTOM OF VIRTUAL BANDS - BAND     61; K    1; EIG -3.7055947E-02 AU
 INDIRECT ENERGY BAND GAP:   2.3011 eV
 TTTTTTTTTTTTTTTTTTTTTTTTTTTTTT PDIG        TELAPSE      563.27 TCPU      544.09
 CHARGE NORMALIZATION FACTOR   1.00000000
 TOTAL ATOMIC CHARGES:
   5.9571759   5.9571759   5.9571759   5.9571759   5.9632350   5.9632350
   5.9632350   5.9632350   6.0184171   6.0184171   6.0184171   6.0184171
   6.0115087   6.0115087   6.0115087   6.0115087   6.0617695   6.0617695
   6.0375571   6.0375571
 SUMMED SPIN DENSITY          -0.00000000
 TOTAL ATOMIC SPINS  :
   0.0000000   0.0000000   0.0000000   0.0000000   0.0000000   0.0000000
   0.0000000   0.0000000  -0.0000000  -0.0000000  -0.0000000  -0.0000000
  -0.0000000  -0.0000000  -0.0000000  -0.0000000   0.0000000   0.0000000
  -0.0000000  -0.0000000
 TTTTTTTTTTTTTTTTTTTTTTTTTTTTTT MOQGAD      TELAPSE      563.29 TCPU      544.10
 TTTTTTTTTTTTTTTTTTTTTTTTTTTTTT SHELLXN     TELAPSE      658.87 TCPU      639.67
 TTTTTTTTTTTTTTTTTTTTTTTTTTTTTT MONMO3      TELAPSE      658.99 TCPU      639.80
 NUMERICALLY INTEGRATED DENSITY     60.0000226530     60.0000226530
 TTTTTTTTTTTTTTTTTTTTTTTTTTTTTT NUMDFT      TELAPSE      660.10 TCPU      640.90
 CYC   5 ETOT(AU) -7.615671492468E+02 DETOT -2.60E-04 tst  4.36E-06 PX  3.47E-03
 TTTTTTTTTTTTTTTTTTTTTTTTTTTTTT DIIS        TELAPSE      660.48 TCPU      641.15
 DIIS TEST: 0.92280E-03 AT SCF   CYCLE   5 - DIIS ACTIVE - HISTORY:     5 CYCLES
 TTTTTTTTTTTTTTTTTTTTTTTTTTTTTT FDIK        TELAPSE      669.85 TCPU      650.29

    ALPHA      ELECTRONS
 INSULATING STATE
 TOP OF VALENCE BANDS -    BAND     60; K    3; EIG -1.2226934E-01 AU
 TOP OF VALENCE BANDS -    BAND     60; K    1; EIG -1.2228318E-01 AU
 BOTTOM OF VIRTUAL BANDS - BAND     61; K    1; EIG -3.7529048E-02 AU
 INDIRECT ENERGY BAND GAP:   2.3059 eV

    BETA       ELECTRONS
 INSULATING STATE
 TOP OF VALENCE BANDS -    BAND     60; K    3; EIG -1.2226934E-01 AU
 TOP OF VALENCE BANDS -    BAND     60; K    1; EIG -1.2228318E-01 AU
 BOTTOM OF VIRTUAL BANDS - BAND     61; K    1; EIG -3.7529048E-02 AU
 INDIRECT ENERGY BAND GAP:   2.3059 eV
 TTTTTTTTTTTTTTTTTTTTTTTTTTTTTT PDIG        TELAPSE      671.29 TCPU      651.71
 CHARGE NORMALIZATION FACTOR   1.00000000
 TOTAL ATOMIC CHARGES:
   5.9531375   5.9531375   5.9531375   5.9531375   5.9665401   5.9665401
   5.9665401   5.9665401   6.0153737   6.0153737   6.0153737   6.0153737
   6.0114174   6.0114174   6.0114174   6.0114174   6.0604871   6.0604871
   6.0465756   6.0465756
 SUMMED SPIN DENSITY          -0.00000000
 TOTAL ATOMIC SPINS  :
   0.0000000   0.0000000   0.0000000   0.0000000   0.0000000   0.0000000
   0.0000000   0.0000000  -0.0000000  -0.0000000  -0.0000000  -0.0000000
  -0.0000000  -0.0000000  -0.0000000  -0.0000000  -0.0000000  -0.0000000
  -0.0000000  -0.0000000
 TTTTTTTTTTTTTTTTTTTTTTTTTTTTTT MOQGAD      TELAPSE      671.31 TCPU      651.72
 TTTTTTTTTTTTTTTTTTTTTTTTTTTTTT SHELLXN     TELAPSE      764.74 TCPU      745.14
 TTTTTTTTTTTTTTTTTTTTTTTTTTTTTT MONMO3      TELAPSE      764.86 TCPU      745.26
 NUMERICALLY INTEGRATED DENSITY     60.0000226577     60.0000226577
 TTTTTTTTTTTTTTTTTTTTTTTTTTTTTT NUMDFT      TELAPSE      765.91 TCPU      746.31
 CYC   6 ETOT(AU) -7.615671977567E+02 DETOT -4.85E-05 tst  1.24E-06 PX  1.32E-03
 TTTTTTTTTTTTTTTTTTTTTTTTTTTTTT DIIS        TELAPSE      766.35 TCPU      746.61
 DIIS TEST: 0.76401E-04 AT SCF   CYCLE   6 - DIIS ACTIVE - HISTORY:     6 CYCLES
 TTTTTTTTTTTTTTTTTTTTTTTTTTTTTT FDIK        TELAPSE      775.13 TCPU      755.02

    ALPHA      ELECTRONS
 INSULATING STATE
 TOP OF VALENCE BANDS -    BAND     60; K    3; EIG -1.2236880E-01 AU
 TOP OF VALENCE BANDS -    BAND     60; K    1; EIG -1.2238388E-01 AU
 BOTTOM OF VIRTUAL BANDS - BAND     61; K    1; EIG -3.7516549E-02 AU
 INDIRECT ENERGY BAND GAP:   2.3089 eV

    BETA       ELECTRONS
 INSULATING STATE
 TOP OF VALENCE BANDS -    BAND     60; K    3; EIG -1.2236880E-01 AU
 TOP OF VALENCE BANDS -    BAND     60; K    1; EIG -1.2238388E-01 AU
 BOTTOM OF VIRTUAL BANDS - BAND     61; K    1; EIG -3.7516549E-02 AU
 INDIRECT ENERGY BAND GAP:   2.3089 eV
 TTTTTTTTTTTTTTTTTTTTTTTTTTTTTT PDIG        TELAPSE      776.43 TCPU      756.31
 CHARGE NORMALIZATION FACTOR   1.00000000
 TOTAL ATOMIC CHARGES:
   5.9523828   5.9523828   5.9523828   5.9523828   5.9656351   5.9656351
   5.9656351   5.9656351   6.0163705   6.0163705   6.0163705   6.0163705
   6.0117097   6.0117097   6.0117097   6.0117097   6.0641297   6.0641297
   6.0436743   6.0436743
 SUMMED SPIN DENSITY          -0.00000000
 TOTAL ATOMIC SPINS  :
   0.0000000   0.0000000   0.0000000   0.0000000   0.0000000   0.0000000
   0.0000000   0.0000000   0.0000000   0.0000000   0.0000000   0.0000000
  -0.0000000  -0.0000000  -0.0000000  -0.0000000   0.0000000   0.0000000
  -0.0000000  -0.0000000
 TTTTTTTTTTTTTTTTTTTTTTTTTTTTTT MOQGAD      TELAPSE      776.44 TCPU      756.32
 TTTTTTTTTTTTTTTTTTTTTTTTTTTTTT SHELLXN     TELAPSE      866.10 TCPU      845.92
 TTTTTTTTTTTTTTTTTTTTTTTTTTTTTT MONMO3      TELAPSE      866.22 TCPU      846.05
 NUMERICALLY INTEGRATED DENSITY     60.0000226595     60.0000226595
 TTTTTTTTTTTTTTTTTTTTTTTTTTTTTT NUMDFT      TELAPSE      867.27 TCPU      847.10
 CYC   7 ETOT(AU) -7.615672019003E+02 DETOT -4.14E-06 tst  3.62E-07 PX  5.41E-04
 TTTTTTTTTTTTTTTTTTTTTTTTTTTTTT DIIS        TELAPSE      867.72 TCPU      847.48
 DIIS TEST: 0.83045E-05 AT SCF   CYCLE   7 - DIIS ACTIVE - HISTORY:     7 CYCLES
 TTTTTTTTTTTTTTTTTTTTTTTTTTTTTT FDIK        TELAPSE      876.57 TCPU      856.03

    ALPHA      ELECTRONS
 INSULATING STATE
 TOP OF VALENCE BANDS -    BAND     60; K    3; EIG -1.2236069E-01 AU
 TOP OF VALENCE BANDS -    BAND     60; K    1; EIG -1.2237521E-01 AU
 BOTTOM OF VIRTUAL BANDS - BAND     61; K    1; EIG -3.7503284E-02 AU
 INDIRECT ENERGY BAND GAP:   2.3091 eV

    BETA       ELECTRONS
 INSULATING STATE
 TOP OF VALENCE BANDS -    BAND     60; K    3; EIG -1.2236069E-01 AU
 TOP OF VALENCE BANDS -    BAND     60; K    1; EIG -1.2237521E-01 AU
 BOTTOM OF VIRTUAL BANDS - BAND     61; K    1; EIG -3.7503284E-02 AU
 INDIRECT ENERGY BAND GAP:   2.3091 eV
 TTTTTTTTTTTTTTTTTTTTTTTTTTTTTT PDIG        TELAPSE      877.87 TCPU      857.32
 CHARGE NORMALIZATION FACTOR   1.00000000
 TOTAL ATOMIC CHARGES:
   5.9526927   5.9526927   5.9526927   5.9526927   5.9657318   5.9657318
   5.9657318   5.9657318   6.0162491   6.0162491   6.0162491   6.0162491
   6.0115904   6.0115904   6.0115904   6.0115904   6.0630424   6.0630424
   6.0444298   6.0444298
 SUMMED SPIN DENSITY           0.00000000
 TOTAL ATOMIC SPINS  :
  -0.0000000  -0.0000000  -0.0000000  -0.0000000  -0.0000000  -0.0000000
  -0.0000000  -0.0000000  -0.0000000  -0.0000000  -0.0000000  -0.0000000
   0.0000000   0.0000000   0.0000000   0.0000000   0.0000000   0.0000000
   0.0000000   0.0000000
 TTTTTTTTTTTTTTTTTTTTTTTTTTTTTT MOQGAD      TELAPSE      877.88 TCPU      857.33
 TTTTTTTTTTTTTTTTTTTTTTTTTTTTTT SHELLXN     TELAPSE      967.58 TCPU      947.01
 TTTTTTTTTTTTTTTTTTTTTTTTTTTTTT MONMO3      TELAPSE      967.70 TCPU      947.13
 NUMERICALLY INTEGRATED DENSITY     60.0000226607     60.0000226607
 TTTTTTTTTTTTTTTTTTTTTTTTTTTTTT NUMDFT      TELAPSE      968.75 TCPU      948.18
 CYC   8 ETOT(AU) -7.615672023865E+02 DETOT -4.86E-07 tst  2.80E-08 PX  2.00E-04
 TTTTTTTTTTTTTTTTTTTTTTTTTTTTTT DIIS        TELAPSE      969.12 TCPU      948.46
 DIIS TEST: 0.12333E-06 AT SCF   CYCLE   8 - DIIS ACTIVE - HISTORY:     8 CYCLES
 TTTTTTTTTTTTTTTTTTTTTTTTTTTTTT FDIK        TELAPSE      978.50 TCPU      957.50

    ALPHA      ELECTRONS
 INSULATING STATE
 TOP OF VALENCE BANDS -    BAND     60; K    3; EIG -1.2236877E-01 AU
 TOP OF VALENCE BANDS -    BAND     60; K    1; EIG -1.2238332E-01 AU
 BOTTOM OF VIRTUAL BANDS - BAND     61; K    1; EIG -3.7507548E-02 AU
 INDIRECT ENERGY BAND GAP:   2.3092 eV

    BETA       ELECTRONS
 INSULATING STATE
 TOP OF VALENCE BANDS -    BAND     60; K    3; EIG -1.2236877E-01 AU
 TOP OF VALENCE BANDS -    BAND     60; K    1; EIG -1.2238332E-01 AU
 BOTTOM OF VIRTUAL BANDS - BAND     61; K    1; EIG -3.7507548E-02 AU
 INDIRECT ENERGY BAND GAP:   2.3092 eV
 TTTTTTTTTTTTTTTTTTTTTTTTTTTTTT PDIG        TELAPSE      979.78 TCPU      958.76
 CHARGE NORMALIZATION FACTOR   1.00000000
 TOTAL ATOMIC CHARGES:
   5.9526724   5.9526724   5.9526724   5.9526724   5.9657984   5.9657984
   5.9657984   5.9657984   6.0161744   6.0161744   6.0161744   6.0161744
   6.0116393   6.0116393   6.0116393   6.0116393   6.0631191   6.0631191
   6.0443119   6.0443119
 SUMMED SPIN DENSITY          -0.00000000
 TOTAL ATOMIC SPINS  :
   0.0000000   0.0000000   0.0000000   0.0000000   0.0000000   0.0000000
   0.0000000   0.0000000  -0.0000000  -0.0000000  -0.0000000  -0.0000000
   0.0000000   0.0000000   0.0000000   0.0000000   0.0000000   0.0000000
  -0.0000000  -0.0000000
 TTTTTTTTTTTTTTTTTTTTTTTTTTTTTT MOQGAD      TELAPSE      979.79 TCPU      958.77
 TTTTTTTTTTTTTTTTTTTTTTTTTTTTTT SHELLXN     TELAPSE     1069.52 TCPU     1048.49
 TTTTTTTTTTTTTTTTTTTTTTTTTTTTTT MONMO3      TELAPSE     1069.64 TCPU     1048.61
 NUMERICALLY INTEGRATED DENSITY     60.0000226605     60.0000226605
 TTTTTTTTTTTTTTTTTTTTTTTTTTTTTT NUMDFT      TELAPSE     1070.68 TCPU     1049.65
 CYC   9 ETOT(AU) -7.615672024060E+02 DETOT -1.95E-08 tst  2.83E-10 PX  1.51E-05
 TTTTTTTTTTTTTTTTTTTTTTTTTTTTTT DIIS        TELAPSE     1071.04 TCPU     1049.93
 DIIS TEST: 0.43972E-07 AT SCF   CYCLE   9 - DIIS ACTIVE - HISTORY:     9 CYCLES
 TTTTTTTTTTTTTTTTTTTTTTTTTTTTTT FDIK        TELAPSE     1079.71 TCPU     1058.46

    ALPHA      ELECTRONS
 INSULATING STATE
 TOP OF VALENCE BANDS -    BAND     60; K    3; EIG -1.2237295E-01 AU
 TOP OF VALENCE BANDS -    BAND     60; K    1; EIG -1.2238751E-01 AU
 BOTTOM OF VIRTUAL BANDS - BAND     61; K    1; EIG -3.7510570E-02 AU
 INDIRECT ENERGY BAND GAP:   2.3092 eV

    BETA       ELECTRONS
 INSULATING STATE
 TOP OF VALENCE BANDS -    BAND     60; K    3; EIG -1.2237295E-01 AU
 TOP OF VALENCE BANDS -    BAND     60; K    1; EIG -1.2238751E-01 AU
 BOTTOM OF VIRTUAL BANDS - BAND     61; K    1; EIG -3.7510570E-02 AU
 INDIRECT ENERGY BAND GAP:   2.3092 eV
 TTTTTTTTTTTTTTTTTTTTTTTTTTTTTT PDIG        TELAPSE     1081.03 TCPU     1059.77
 CHARGE NORMALIZATION FACTOR   1.00000000
 TOTAL ATOMIC CHARGES:
   5.9526732   5.9526732   5.9526732   5.9526732   5.9657657   5.9657657
   5.9657657   5.9657657   6.0162151   6.0162151   6.0162151   6.0162151
   6.0116136   6.0116136   6.0116136   6.0116136   6.0631064   6.0631064
   6.0443584   6.0443584
 SUMMED SPIN DENSITY          -0.00000000
 TOTAL ATOMIC SPINS  :
   0.0000000   0.0000000   0.0000000   0.0000000  -0.0000000  -0.0000000
  -0.0000000  -0.0000000   0.0000000   0.0000000   0.0000000   0.0000000
   0.0000000   0.0000000   0.0000000   0.0000000   0.0000000   0.0000000
   0.0000000   0.0000000
 TTTTTTTTTTTTTTTTTTTTTTTTTTTTTT MOQGAD      TELAPSE     1081.04 TCPU     1059.78
 TTTTTTTTTTTTTTTTTTTTTTTTTTTTTT SHELLXN     TELAPSE     1170.79 TCPU     1149.50
 TTTTTTTTTTTTTTTTTTTTTTTTTTTTTT MONMO3      TELAPSE     1170.91 TCPU     1149.62
 NUMERICALLY INTEGRATED DENSITY     60.0000226605     60.0000226605
 TTTTTTTTTTTTTTTTTTTTTTTTTTTTTT NUMDFT      TELAPSE     1171.95 TCPU     1150.66
 CYC  10 ETOT(AU) -7.615672024138E+02 DETOT -7.80E-09 tst  3.03E-11 PX  9.33E-06
 TTTTTTTTTTTTTTTTTTTTTTTTTTTTTT DIIS        TELAPSE     1172.35 TCPU     1150.91
 DIIS TEST: 0.85092E-09 AT SCF   CYCLE  10 - DIIS ACTIVE - HISTORY:    10 CYCLES
 TTTTTTTTTTTTTTTTTTTTTTTTTTTTTT FDIK        TELAPSE     1180.75 TCPU     1158.98

    ALPHA      ELECTRONS
 INSULATING STATE
 TOP OF VALENCE BANDS -    BAND     60; K    3; EIG -1.2237286E-01 AU
 TOP OF VALENCE BANDS -    BAND     60; K    1; EIG -1.2238741E-01 AU
 BOTTOM OF VIRTUAL BANDS - BAND     61; K    1; EIG -3.7510071E-02 AU
 INDIRECT ENERGY BAND GAP:   2.3092 eV

    BETA       ELECTRONS
 INSULATING STATE
 TOP OF VALENCE BANDS -    BAND     60; K    3; EIG -1.2237286E-01 AU
 TOP OF VALENCE BANDS -    BAND     60; K    1; EIG -1.2238741E-01 AU
 BOTTOM OF VIRTUAL BANDS - BAND     61; K    1; EIG -3.7510071E-02 AU
 INDIRECT ENERGY BAND GAP:   2.3092 eV
 TTTTTTTTTTTTTTTTTTTTTTTTTTTTTT PDIG        TELAPSE     1182.04 TCPU     1160.26
 CHARGE NORMALIZATION FACTOR   1.00000000
 TOTAL ATOMIC CHARGES:
   5.9526730   5.9526730   5.9526730   5.9526730   5.9657676   5.9657676
   5.9657676   5.9657676   6.0162107   6.0162107   6.0162107   6.0162107
   6.0116188   6.0116188   6.0116188   6.0116188   6.0631060   6.0631060
   6.0443538   6.0443538
 SUMMED SPIN DENSITY          -0.00000000
 TOTAL ATOMIC SPINS  :
   0.0000000   0.0000000   0.0000000   0.0000000   0.0000000   0.0000000
   0.0000000   0.0000000  -0.0000000  -0.0000000  -0.0000000  -0.0000000
   0.0000000   0.0000000   0.0000000   0.0000000  -0.0000000  -0.0000000
   0.0000000   0.0000000
 TTTTTTTTTTTTTTTTTTTTTTTTTTTTTT MOQGAD      TELAPSE     1182.05 TCPU     1160.27
 TTTTTTTTTTTTTTTTTTTTTTTTTTTTTT SHELLXN     TELAPSE     1271.76 TCPU     1249.95
 TTTTTTTTTTTTTTTTTTTTTTTTTTTTTT MONMO3      TELAPSE     1271.88 TCPU     1250.07
 NUMERICALLY INTEGRATED DENSITY     60.0000226604     60.0000226604
 TTTTTTTTTTTTTTTTTTTTTTTTTTTTTT NUMDFT      TELAPSE     1272.92 TCPU     1251.11
 CYC  11 ETOT(AU) -7.615672024146E+02 DETOT -7.77E-10 tst  3.28E-13 PX  1.30E-06
 TTTTTTTTTTTTTTTTTTTTTTTTTTTTTT DIIS        TELAPSE     1273.44 TCPU     1251.42
 DIIS TEST: 0.42141E-10 AT SCF   CYCLE  11 - DIIS ACTIVE - HISTORY:    11 CYCLES
 TTTTTTTTTTTTTTTTTTTTTTTTTTTTTT FDIK        TELAPSE     1280.39 TCPU     1257.91

    ALPHA      ELECTRONS
 INSULATING STATE
 TOP OF VALENCE BANDS -    BAND     60; K    3; EIG -1.2237292E-01 AU
 TOP OF VALENCE BANDS -    BAND     60; K    1; EIG -1.2238747E-01 AU
 BOTTOM OF VIRTUAL BANDS - BAND     61; K    1; EIG -3.7509959E-02 AU
 INDIRECT ENERGY BAND GAP:   2.3092 eV

    BETA       ELECTRONS
 INSULATING STATE
 TOP OF VALENCE BANDS -    BAND     60; K    3; EIG -1.2237292E-01 AU
 TOP OF VALENCE BANDS -    BAND     60; K    1; EIG -1.2238747E-01 AU
 BOTTOM OF VIRTUAL BANDS - BAND     61; K    1; EIG -3.7509959E-02 AU
 INDIRECT ENERGY BAND GAP:   2.3092 eV
 TTTTTTTTTTTTTTTTTTTTTTTTTTTTTT PDIG        TELAPSE     1281.67 TCPU     1259.19
 CHARGE NORMALIZATION FACTOR   1.00000000
 TOTAL ATOMIC CHARGES:
   5.9526730   5.9526730   5.9526730   5.9526730   5.9657687   5.9657687
   5.9657687   5.9657687   6.0162110   6.0162110   6.0162110   6.0162110
   6.0116174   6.0116174   6.0116174   6.0116174   6.0631062   6.0631062
   6.0443535   6.0443535
 SUMMED SPIN DENSITY          -0.00000000
 TOTAL ATOMIC SPINS  :
  -0.0000000  -0.0000000  -0.0000000  -0.0000000   0.0000000   0.0000000
   0.0000000   0.0000000  -0.0000000  -0.0000000  -0.0000000  -0.0000000
   0.0000000   0.0000000   0.0000000   0.0000000  -0.0000000  -0.0000000
   0.0000000   0.0000000
 TTTTTTTTTTTTTTTTTTTTTTTTTTTTTT MOQGAD      TELAPSE     1281.68 TCPU     1259.20
 TTTTTTTTTTTTTTTTTTTTTTTTTTTTTT SHELLXN     TELAPSE     1371.38 TCPU     1348.88
 +++ ENERGIES IN A.U. +++
 ::: EXT EL-POLE                                  -3.6183014438912E+03
 ::: EXT EL-SPHEROPOLE                             3.1707742902505E+01
 ::: BIELET ZONE E-E                               3.7274492936294E+03
 ::: TOTAL E-E                                     1.4085559264067E+02
 ::: TOTAL E-N + N-E                              -1.3053182756254E+03
 ::: TOTAL N-N                                    -2.6835449827124E+02
 ::: KINETIC ENERGY                                7.5923716612536E+02
 ::: PSEUDO TOTAL   ENERGY                        -6.7358001513058E+02
 ::: VIRIAL COEFFICIENT                            1.0597823310017E+00
 TTTTTTTTTTTTTTTTTTTTTTTTTTTTTT MONMO3      TELAPSE     1371.50 TCPU     1349.00
 NUMERICALLY INTEGRATED DENSITY     60.0000226604     60.0000226604
 EXCHANGE ENERGY: -0.829113158416E+02  CORRELATION ENERGY: -0.507587144237E+01
 TTTTTTTTTTTTTTTTTTTTTTTTTTTTTT NUMDFT      TELAPSE     1372.55 TCPU     1350.04
 CYC  12 ETOT(AU) -7.615672024145E+02 DETOT  4.45E-11 tst  3.59E-14 PX  1.30E-06

 == SCF ENDED - CONVERGENCE ON ENERGY      E(AU) -7.6156720241453E+02 CYCLES  12


 ENERGY EXPRESSION=HARTREE+FOCK EXCH*0.20000+(BECKE      EXCH)*0.80000+LYP        CORR


 TOTAL ENERGY(DFT)(AU)( 12) -7.6156720241453E+02 DE 4.4E-11 tester 3.6E-14
 TTTTTTTTTTTTTTTTTTTTTTTTTTTTTT EDFT        TELAPSE     1372.56 TCPU     1350.06
 
 INFORMATION **** DFTD3 ENERGY **** CALCULATE DFTD3 ENERGY

           DFT-D V3(BJ)
 DF                                         b3-lyp    
 parameters
 s6       :    1.0000
 s8       :    1.9889
 a1       :    0.3981
 a2       :    4.4211
 k1 k3    :   16.0000   -4.0000
 Cutoff   :   50.2022
 CN-Cutoff:   21.1671
 ABC-Cutoff:   21.1671
 
 Edisp /kcal,au:  -135.6877 -0.21623209

 E6    /kcal :   -65.0852
 E8    /kcal :   -70.6025
 
 INFORMATION **** DFTD3 ENERGY **** NORMAL TERMINATION OF DFTD3 MODULE

 *******************************************************************************

 DFT-D3 DISPERSION ENERGY CORRECTION

 D3 DISPERSION ENERGY (AU)       -2.1623209081177E-01
 TOTAL ENERGY + DISP (AU)        -7.6178343450534E+02

 *******************************************************************************


 NEIGHBORS OF THE NON-EQUIVALENT ATOMS

 N = NUMBER OF NEIGHBORS AT DISTANCE R
    ATOM  N     R/ANG      R/AU   NEIGHBORS (ATOM LABELS AND CELL INDICES)
   1 C    1     1.4954     2.8260   11 C    0 0 1
   1 C    1     1.5288     2.8890   14 C    0 0 0
   1 C    1     1.5673     2.9617   17 C    0 0 0
   1 C    1     1.6678     3.1517    5 C    0-1 0
   1 C    1     2.2364     4.2261   11 C    0 0 0
   1 C    1     2.4192     4.5716    5 C    0 0 0

   5 C    1     1.4824     2.8013   14 C    0 0 0
   5 C    1     1.5143     2.8616   11 C    0 1 0
   5 C    1     1.5153     2.8635   19 C    0 0 0
   5 C    1     1.6678     3.1517    1 C    0 1 0
   5 C    1     2.2282     4.2107   14 C    0 1 0
   5 C    1     2.4192     4.5716    1 C    0 0 0

   9 C    1     1.4954     2.8260    3 C    0 0-1
   9 C    1     1.5143     2.8616    7 C    0-1 0
   9 C    1     1.5448     2.9193   10 C    0-1 0
   9 C    1     1.6016     3.0265   16 C    0 0 0
   9 C    1     2.2364     4.2261    3 C    0 0 0
   9 C    1     2.3864     4.5097   16 C    0-1 0

  13 C    1     1.4824     2.8013    6 C    0 0 0
  13 C    1     1.5113     2.8559   14 C   -1 0 0
  13 C    1     1.5288     2.8890    2 C    0 0 0
  13 C    1     1.6016     3.0265   12 C    0 0 0
  13 C    1     2.2282     4.2107    6 C    0 1 0
  13 C    1     2.3760     4.4899   20 C    0 0 0

  17 C    1     1.3867     2.6204   19 C    0 0 1
  17 C    2     1.5673     2.9617    1 C    0 0 0    3 C    0 0 0
  17 C    2     2.4011     4.5374    9 C    0 0 1   11 C    0 0 1
  17 C    1     2.5037     4.7314   19 C    0-1 1
  17 C    1     2.5323     4.7853   19 C    0 0 0
  17 C    2     2.5389     4.7979    5 C    0 0 1    7 C    0 0 1

  19 C    1     1.3867     2.6204   17 C    0 0-1
  19 C    2     1.5153     2.8635    5 C    0 0 0    7 C    0 0 0
  19 C    2     2.3760     4.4899   14 C    0 0 0   16 C    0 0 0
  19 C    1     2.5037     4.7314   17 C    0 1-1
  19 C    1     2.5323     4.7853   17 C    0 0 0
  19 C    2     2.5620     4.8414    9 C    0 1 0   11 C    0 1 0

 TTTTTTTTTTTTTTTTTTTTTTTTTTTTTT AFTER FIRST TELAPSE     1372.74 TCPU     1350.20
 MMMMMMMMMMMMMMMMMMMMMMMMMMMMMMMMMMMMMMMMMMMMMMMMMMMMMMMMMMMMMMMMMMMMMMMMMMMMMMM
     ALPHA+BETA ELECTRONS
 MULLIKEN POPULATION ANALYSIS - NO. OF ELECTRONS  120.000000

  ATOM    Z CHARGE  A.O. POPULATION

   1 C    6  5.953  0.853  1.121  0.763  0.413  0.430  0.421  0.449  0.006
                   -0.011  0.001  0.475  0.522  0.468  0.008  0.011  0.011
                    0.006  0.008
   2 C    6  5.953  0.853  1.121  0.763  0.413  0.430  0.421  0.449  0.006
                   -0.011  0.001  0.475  0.522  0.468  0.008  0.011  0.011
                    0.006  0.008
   3 C    6  5.953  0.853  1.121  0.763  0.413  0.430  0.421  0.449  0.006
                   -0.011  0.001  0.475  0.522  0.468  0.008  0.011  0.011
                    0.006  0.008
   4 C    6  5.953  0.853  1.121  0.763  0.413  0.430  0.421  0.449  0.006
                   -0.011  0.001  0.475  0.522  0.468  0.008  0.011  0.011
                    0.006  0.008
   5 C    6  5.966  0.854  1.120  0.762  0.395  0.457  0.450  0.423  0.001
                   -0.004 -0.010  0.474  0.477  0.519  0.007  0.008  0.011
                    0.008  0.012
   6 C    6  5.966  0.854  1.120  0.762  0.395  0.457  0.450  0.423  0.001
                   -0.004 -0.010  0.474  0.477  0.519  0.007  0.008  0.011
                    0.008  0.012
   7 C    6  5.966  0.854  1.120  0.762  0.395  0.457  0.450  0.423  0.001
                   -0.004 -0.010  0.474  0.477  0.519  0.007  0.008  0.011
                    0.008  0.012
   8 C    6  5.966  0.854  1.120  0.762  0.395  0.457  0.450  0.423  0.001
                   -0.004 -0.010  0.474  0.477  0.519  0.007  0.008  0.011
                    0.008  0.012
   9 C    6  6.016  0.854  1.120  0.761  0.412  0.448  0.437  0.454 -0.008
                   -0.014 -0.012  0.504  0.515  0.498  0.008  0.010  0.010
                    0.008  0.008
  10 C    6  6.016  0.854  1.120  0.761  0.412  0.448  0.437  0.454 -0.008
                   -0.014 -0.012  0.504  0.515  0.498  0.008  0.010  0.010
                    0.008  0.008
  11 C    6  6.016  0.854  1.120  0.761  0.412  0.448  0.437  0.454 -0.008
                   -0.014 -0.012  0.504  0.515  0.498  0.008  0.010  0.010
                    0.008  0.008
  12 C    6  6.016  0.854  1.120  0.761  0.412  0.448  0.437  0.454 -0.008
                   -0.014 -0.012  0.504  0.515  0.498  0.008  0.010  0.010
                    0.008  0.008
  13 C    6  6.012  0.854  1.120  0.761  0.409  0.457  0.456  0.432 -0.006
                   -0.007 -0.017  0.491  0.479  0.536  0.007  0.007  0.011
                    0.010  0.012
  14 C    6  6.012  0.854  1.120  0.761  0.409  0.457  0.456  0.432 -0.006
                   -0.007 -0.017  0.491  0.479  0.536  0.007  0.007  0.011
                    0.010  0.012
  15 C    6  6.012  0.854  1.120  0.761  0.409  0.457  0.456  0.432 -0.006
                   -0.007 -0.017  0.491  0.479  0.536  0.007  0.007  0.011
                    0.010  0.012
  16 C    6  6.012  0.854  1.120  0.761  0.409  0.457  0.456  0.432 -0.006
                   -0.007 -0.017  0.491  0.479  0.536  0.007  0.007  0.011
                    0.010  0.012
  17 C    6  6.063  0.854  1.120  0.759  0.486  0.435  0.431  0.439  0.006
                   -0.027 -0.027  0.463  0.552  0.537  0.007  0.007  0.006
                    0.008  0.008
  18 C    6  6.063  0.854  1.120  0.759  0.486  0.435  0.431  0.439  0.006
                   -0.027 -0.027  0.463  0.552  0.537  0.007  0.007  0.006
                    0.008  0.008
  19 C    6  6.044  0.854  1.120  0.762  0.457  0.461  0.435  0.433  0.006
                   -0.028 -0.024  0.458  0.535  0.537  0.007  0.009  0.006
                    0.009  0.008
  20 C    6  6.044  0.854  1.120  0.762  0.457  0.461  0.435  0.433  0.006
                   -0.028 -0.024  0.458  0.535  0.537  0.007  0.009  0.006
                    0.009  0.008

  ATOM    Z CHARGE  SHELL POPULATION

   1 C    6  5.953  0.853  1.121  0.763  0.413  1.300 -0.005  1.464  0.044
   2 C    6  5.953  0.853  1.121  0.763  0.413  1.300 -0.005  1.464  0.044
   3 C    6  5.953  0.853  1.121  0.763  0.413  1.300 -0.005  1.464  0.044
   4 C    6  5.953  0.853  1.121  0.763  0.413  1.300 -0.005  1.464  0.044
   5 C    6  5.966  0.854  1.120  0.762  0.395  1.331 -0.013  1.470  0.046
   6 C    6  5.966  0.854  1.120  0.762  0.395  1.331 -0.013  1.470  0.046
   7 C    6  5.966  0.854  1.120  0.762  0.395  1.331 -0.013  1.470  0.046
   8 C    6  5.966  0.854  1.120  0.762  0.395  1.331 -0.013  1.470  0.046
   9 C    6  6.016  0.854  1.120  0.761  0.412  1.340 -0.033  1.518  0.045
  10 C    6  6.016  0.854  1.120  0.761  0.412  1.340 -0.033  1.518  0.045
  11 C    6  6.016  0.854  1.120  0.761  0.412  1.340 -0.033  1.518  0.045
  12 C    6  6.016  0.854  1.120  0.761  0.412  1.340 -0.033  1.518  0.045
  13 C    6  6.012  0.854  1.120  0.761  0.409  1.345 -0.029  1.506  0.047
  14 C    6  6.012  0.854  1.120  0.761  0.409  1.345 -0.029  1.506  0.047
  15 C    6  6.012  0.854  1.120  0.761  0.409  1.345 -0.029  1.506  0.047
  16 C    6  6.012  0.854  1.120  0.761  0.409  1.345 -0.029  1.506  0.047
  17 C    6  6.063  0.854  1.120  0.759  0.486  1.305 -0.048  1.552  0.035
  18 C    6  6.063  0.854  1.120  0.759  0.486  1.305 -0.048  1.552  0.035
  19 C    6  6.044  0.854  1.120  0.762  0.457  1.329 -0.045  1.530  0.038
  20 C    6  6.044  0.854  1.120  0.762  0.457  1.329 -0.045  1.530  0.038

 OVERLAP POPULATION CONDENSED TO ATOMS FOR FIRST   6 NEIGHBORS

 ATOM A   1 C    ATOM B     CELL      R(AB)/AU R(AB)/ANG    OVPOP(AB)
                 11 C    (  0  0  1)     2.826     1.495     0.327
                 14 C    (  0  0  0)     2.889     1.529     0.294
                 17 C    (  0  0  0)     2.962     1.567     0.334
                  5 C    (  0 -1  0)     3.152     1.668     0.333
                 11 C    (  0  0  0)     4.226     2.236    -0.091
                  5 C    (  0  0  0)     4.572     2.419    -0.023

 ATOM A   5 C    ATOM B     CELL      R(AB)/AU R(AB)/ANG    OVPOP(AB)
                 14 C    (  0  0  0)     2.801     1.482     0.320
                 11 C    (  0  1  0)     2.862     1.514     0.316
                 19 C    (  0  0  0)     2.863     1.515     0.330
                  1 C    (  0  1  0)     3.152     1.668     0.333
                 14 C    (  0  1  0)     4.211     2.228    -0.098
                  1 C    (  0  0  0)     4.572     2.419    -0.023

 ATOM A   9 C    ATOM B     CELL      R(AB)/AU R(AB)/ANG    OVPOP(AB)
                  3 C    (  0  0 -1)     2.826     1.495     0.327
                  7 C    (  0 -1  0)     2.862     1.514     0.316
                 10 C    (  0 -1  0)     2.919     1.545     0.290
                 16 C    (  0  0  0)     3.027     1.602     0.349
                  3 C    (  0  0  0)     4.226     2.236    -0.091
                 16 C    (  0 -1  0)     4.510     2.386    -0.024

 ATOM A  13 C    ATOM B     CELL      R(AB)/AU R(AB)/ANG    OVPOP(AB)
                  6 C    (  0  0  0)     2.801     1.482     0.320
                 14 C    ( -1  0  0)     2.856     1.511     0.309
                  2 C    (  0  0  0)     2.889     1.529     0.294
                 12 C    (  0  0  0)     3.027     1.602     0.349
                  6 C    (  0  1  0)     4.211     2.228    -0.098
                 20 C    (  0  0  0)     4.490     2.376    -0.014

 ATOM A  17 C    ATOM B     CELL      R(AB)/AU R(AB)/ANG    OVPOP(AB)
                 19 C    (  0  0  1)     2.620     1.387     0.534
                  1 C    (  0  0  0)     2.962     1.567     0.334
                  9 C    (  0  0  1)     4.537     2.401    -0.025
                 19 C    (  0 -1  1)     4.731     2.504     0.013
                 19 C    (  0  0  0)     4.785     2.532     0.017
                  5 C    (  0  0  1)     4.798     2.539    -0.024

 ATOM A  19 C    ATOM B     CELL      R(AB)/AU R(AB)/ANG    OVPOP(AB)
                 17 C    (  0  0 -1)     2.620     1.387     0.534
                  5 C    (  0  0  0)     2.863     1.515     0.330
                 14 C    (  0  0  0)     4.490     2.376    -0.014
                 17 C    (  0  1 -1)     4.731     2.504     0.013
                 17 C    (  0  0  0)     4.785     2.532     0.017
                  9 C    (  0  1  0)     4.841     2.562    -0.027
 TTTTTTTTTTTTTTTTTTTTTTTTTTTTTT AFTER FIRST TELAPSE     1372.88 TCPU     1350.26
 MMMMMMMMMMMMMMMMMMMMMMMMMMMMMMMMMMMMMMMMMMMMMMMMMMMMMMMMMMMMMMMMMMMMMMMMMMMMMMM
     ALPHA-BETA ELECTRONS
 MULLIKEN POPULATION ANALYSIS - NO. OF ELECTRONS   -0.000000

  ATOM    Z CHARGE  A.O. POPULATION

   1 C    6 -0.000  0.000 -0.000  0.000 -0.000 -0.000  0.000 -0.000  0.000
                   -0.000  0.000  0.000  0.000 -0.000 -0.000  0.000 -0.000
                    0.000 -0.000
   2 C    6 -0.000  0.000 -0.000  0.000 -0.000 -0.000  0.000 -0.000  0.000
                   -0.000  0.000  0.000  0.000 -0.000 -0.000  0.000 -0.000
                    0.000 -0.000
   3 C    6 -0.000  0.000 -0.000  0.000 -0.000 -0.000  0.000 -0.000  0.000
                   -0.000  0.000  0.000  0.000 -0.000 -0.000  0.000 -0.000
                    0.000 -0.000
   4 C    6 -0.000  0.000 -0.000  0.000 -0.000 -0.000  0.000 -0.000  0.000
                   -0.000  0.000  0.000  0.000 -0.000 -0.000  0.000 -0.000
                    0.000 -0.000
   5 C    6  0.000 -0.000  0.000  0.000 -0.000 -0.000  0.000 -0.000 -0.000
                   -0.000  0.000  0.000  0.000  0.000 -0.000 -0.000  0.000
                    0.000 -0.000
   6 C    6  0.000 -0.000  0.000  0.000 -0.000 -0.000  0.000 -0.000 -0.000
                   -0.000  0.000  0.000  0.000  0.000 -0.000 -0.000  0.000
                    0.000 -0.000
   7 C    6  0.000 -0.000  0.000  0.000 -0.000 -0.000  0.000 -0.000 -0.000
                   -0.000  0.000  0.000  0.000  0.000 -0.000 -0.000  0.000
                    0.000 -0.000
   8 C    6  0.000 -0.000  0.000  0.000 -0.000 -0.000  0.000 -0.000 -0.000
                   -0.000  0.000  0.000  0.000  0.000 -0.000 -0.000  0.000
                    0.000 -0.000
   9 C    6 -0.000  0.000  0.000 -0.000  0.000 -0.000 -0.000 -0.000  0.000
                    0.000  0.000 -0.000 -0.000 -0.000  0.000  0.000 -0.000
                   -0.000  0.000
  10 C    6 -0.000  0.000  0.000 -0.000  0.000 -0.000 -0.000 -0.000  0.000
                    0.000  0.000 -0.000 -0.000 -0.000  0.000  0.000 -0.000
                   -0.000  0.000
  11 C    6 -0.000  0.000  0.000 -0.000  0.000 -0.000 -0.000 -0.000  0.000
                    0.000  0.000 -0.000 -0.000 -0.000  0.000  0.000 -0.000
                   -0.000  0.000
  12 C    6 -0.000  0.000  0.000 -0.000  0.000 -0.000 -0.000 -0.000  0.000
                    0.000  0.000 -0.000 -0.000 -0.000  0.000  0.000 -0.000
                   -0.000  0.000
  13 C    6  0.000  0.000  0.000 -0.000  0.000  0.000  0.000  0.000  0.000
                   -0.000 -0.000 -0.000  0.000  0.000  0.000  0.000 -0.000
                    0.000  0.000
  14 C    6  0.000  0.000  0.000 -0.000  0.000  0.000  0.000  0.000  0.000
                   -0.000 -0.000 -0.000  0.000  0.000  0.000  0.000 -0.000
                    0.000  0.000
  15 C    6  0.000  0.000  0.000 -0.000  0.000  0.000  0.000  0.000  0.000
                   -0.000 -0.000 -0.000  0.000  0.000  0.000  0.000 -0.000
                    0.000  0.000
  16 C    6  0.000  0.000  0.000 -0.000  0.000  0.000  0.000  0.000  0.000
                   -0.000 -0.000 -0.000  0.000  0.000  0.000  0.000 -0.000
                    0.000  0.000
  17 C    6 -0.000 -0.000  0.000 -0.000 -0.000  0.000  0.000  0.000  0.000
                    0.000 -0.000 -0.000 -0.000  0.000 -0.000  0.000 -0.000
                    0.000 -0.000
  18 C    6 -0.000 -0.000  0.000 -0.000 -0.000  0.000  0.000  0.000  0.000
                    0.000 -0.000 -0.000 -0.000  0.000 -0.000  0.000 -0.000
                    0.000 -0.000
  19 C    6  0.000 -0.000 -0.000  0.000  0.000  0.000 -0.000  0.000 -0.000
                   -0.000 -0.000  0.000  0.000  0.000 -0.000 -0.000  0.000
                   -0.000 -0.000
  20 C    6  0.000 -0.000 -0.000  0.000  0.000  0.000 -0.000  0.000 -0.000
                   -0.000 -0.000  0.000  0.000  0.000 -0.000 -0.000  0.000
                   -0.000 -0.000

  ATOM    Z CHARGE  SHELL POPULATION

   1 C    6 -0.000  0.000 -0.000  0.000 -0.000 -0.000  0.000 -0.000 -0.000
   2 C    6 -0.000  0.000 -0.000  0.000 -0.000 -0.000  0.000 -0.000 -0.000
   3 C    6 -0.000  0.000 -0.000  0.000 -0.000 -0.000  0.000 -0.000 -0.000
   4 C    6 -0.000  0.000 -0.000  0.000 -0.000 -0.000  0.000 -0.000 -0.000
   5 C    6  0.000 -0.000  0.000  0.000 -0.000  0.000 -0.000  0.000 -0.000
   6 C    6  0.000 -0.000  0.000  0.000 -0.000  0.000 -0.000  0.000 -0.000
   7 C    6  0.000 -0.000  0.000  0.000 -0.000  0.000 -0.000  0.000 -0.000
   8 C    6  0.000 -0.000  0.000  0.000 -0.000  0.000 -0.000  0.000 -0.000
   9 C    6 -0.000  0.000  0.000 -0.000  0.000 -0.000  0.000 -0.000  0.000
  10 C    6 -0.000  0.000  0.000 -0.000  0.000 -0.000  0.000 -0.000  0.000
  11 C    6 -0.000  0.000  0.000 -0.000  0.000 -0.000  0.000 -0.000  0.000
  12 C    6 -0.000  0.000  0.000 -0.000  0.000 -0.000  0.000 -0.000  0.000
  13 C    6  0.000  0.000  0.000 -0.000  0.000  0.000 -0.000  0.000  0.000
  14 C    6  0.000  0.000  0.000 -0.000  0.000  0.000 -0.000  0.000  0.000
  15 C    6  0.000  0.000  0.000 -0.000  0.000  0.000 -0.000  0.000  0.000
  16 C    6  0.000  0.000  0.000 -0.000  0.000  0.000 -0.000  0.000  0.000
  17 C    6 -0.000 -0.000  0.000 -0.000 -0.000  0.000 -0.000 -0.000 -0.000
  18 C    6 -0.000 -0.000  0.000 -0.000 -0.000  0.000 -0.000 -0.000 -0.000
  19 C    6  0.000 -0.000 -0.000  0.000  0.000  0.000 -0.000  0.000 -0.000
  20 C    6  0.000 -0.000 -0.000  0.000  0.000  0.000 -0.000  0.000 -0.000

 OVERLAP POPULATION CONDENSED TO ATOMS FOR FIRST   6 NEIGHBORS

 ATOM A   1 C    ATOM B     CELL      R(AB)/AU R(AB)/ANG    OVPOP(AB)
                 11 C    (  0  0  1)     2.826     1.495     0.000
                 14 C    (  0  0  0)     2.889     1.529    -0.000
                 17 C    (  0  0  0)     2.962     1.567    -0.000
                  5 C    (  0 -1  0)     3.152     1.668     0.000
                 11 C    (  0  0  0)     4.226     2.236    -0.000
                  5 C    (  0  0  0)     4.572     2.419     0.000

 ATOM A   5 C    ATOM B     CELL      R(AB)/AU R(AB)/ANG    OVPOP(AB)
                 14 C    (  0  0  0)     2.801     1.482     0.000
                 11 C    (  0  1  0)     2.862     1.514     0.000
                 19 C    (  0  0  0)     2.863     1.515    -0.000
                  1 C    (  0  1  0)     3.152     1.668     0.000
                 14 C    (  0  1  0)     4.211     2.228    -0.000
                  1 C    (  0  0  0)     4.572     2.419     0.000

 ATOM A   9 C    ATOM B     CELL      R(AB)/AU R(AB)/ANG    OVPOP(AB)
                  3 C    (  0  0 -1)     2.826     1.495     0.000
                  7 C    (  0 -1  0)     2.862     1.514     0.000
                 10 C    (  0 -1  0)     2.919     1.545    -0.000
                 16 C    (  0  0  0)     3.027     1.602     0.000
                  3 C    (  0  0  0)     4.226     2.236    -0.000
                 16 C    (  0 -1  0)     4.510     2.386    -0.000

 ATOM A  13 C    ATOM B     CELL      R(AB)/AU R(AB)/ANG    OVPOP(AB)
                  6 C    (  0  0  0)     2.801     1.482     0.000
                 14 C    ( -1  0  0)     2.856     1.511     0.000
                  2 C    (  0  0  0)     2.889     1.529    -0.000
                 12 C    (  0  0  0)     3.027     1.602     0.000
                  6 C    (  0  1  0)     4.211     2.228    -0.000
                 20 C    (  0  0  0)     4.490     2.376    -0.000

 ATOM A  17 C    ATOM B     CELL      R(AB)/AU R(AB)/ANG    OVPOP(AB)
                 19 C    (  0  0  1)     2.620     1.387    -0.000
                  1 C    (  0  0  0)     2.962     1.567    -0.000
                  9 C    (  0  0  1)     4.537     2.401     0.000
                 19 C    (  0 -1  1)     4.731     2.504     0.000
                 19 C    (  0  0  0)     4.785     2.532    -0.000
                  5 C    (  0  0  1)     4.798     2.539     0.000

 ATOM A  19 C    ATOM B     CELL      R(AB)/AU R(AB)/ANG    OVPOP(AB)
                 17 C    (  0  0 -1)     2.620     1.387    -0.000
                  5 C    (  0  0  0)     2.863     1.515    -0.000
                 14 C    (  0  0  0)     4.490     2.376    -0.000
                 17 C    (  0  1 -1)     4.731     2.504     0.000
                 17 C    (  0  0  0)     4.785     2.532    -0.000
                  9 C    (  0  1  0)     4.841     2.562    -0.000
 EIGENVECTORS IN FORTRAN UNIT  8
 TTTTTTTTTTTTTTTTTTTTTTTTTTTTTT END         TELAPSE     1374.29 TCPU     1351.47
 EEEEEEEEEE TERMINATION  DATE 23 01 2026 TIME 00:59:08.3
NODE    0 CPU TIME =      1351.466
NODE    1 CPU TIME =      1355.753
NODE    2 CPU TIME =      1352.614
NODE    3 CPU TIME =      1367.779
NODE    4 CPU TIME =      1354.156
NODE    5 CPU TIME =      1356.493
NODE    6 CPU TIME =      1353.254
NODE    7 CPU TIME =      1368.480
NODE    8 CPU TIME =      1368.529
NODE    9 CPU TIME =      1350.112
NODE   10 CPU TIME =      1368.798
NODE   11 CPU TIME =      1368.206
NODE   12 CPU TIME =      1368.114
NODE   13 CPU TIME =      1354.106
NODE   14 CPU TIME =      1354.367
NODE   15 CPU TIME =      1368.064
NODE   16 CPU TIME =      1368.550
NODE   17 CPU TIME =      1355.661
NODE   18 CPU TIME =      1367.750
NODE   19 CPU TIME =      1368.228
NODE   20 CPU TIME =      1368.528
NODE   21 CPU TIME =      1367.698
NODE   22 CPU TIME =      1355.092
NODE   23 CPU TIME =      1355.201
    TOTAL CPU TIME =     32666.997
