MPI startup(): Warning: I_MPI_PMI_LIBRARY will be ignored since the hydra process manager was found
MPI startup(): Warning: I_MPI_PMI_LIBRARY will be ignored since the hydra process manager was found
MPI startup(): Warning: I_MPI_PMI_LIBRARY will be ignored since the hydra process manager was found
MPI startup(): Warning: I_MPI_PMI_LIBRARY will be ignored since the hydra process manager was found
MPI startup(): Warning: I_MPI_PMI_LIBRARY will be ignored since the hydra process manager was found
MPI startup(): Warning: I_MPI_PMI_LIBRARY will be ignored since the hydra process manager was found
MPI startup(): Warning: I_MPI_PMI_LIBRARY will be ignored since the hydra process manager was found
MPI startup(): Warning: I_MPI_PMI_LIBRARY will be ignored since the hydra process manager was found
MPI startup(): Warning: I_MPI_PMI_LIBRARY will be ignored since the hydra process manager was found
MPI startup(): Warning: I_MPI_PMI_LIBRARY will be ignored since the hydra process manager was found
MPI startup(): Warning: I_MPI_PMI_LIBRARY will be ignored since the hydra process manager was found
MPI startup(): Warning: I_MPI_PMI_LIBRARY will be ignored since the hydra process manager was found
MPI startup(): Warning: I_MPI_PMI_LIBRARY will be ignored since the hydra process manager was found
MPI startup(): Warning: I_MPI_PMI_LIBRARY will be ignored since the hydra process manager was found
MPI startup(): Warning: I_MPI_PMI_LIBRARY will be ignored since the hydra process manager was found
MPI startup(): Warning: I_MPI_PMI_LIBRARY will be ignored since the hydra process manager was found
MPI startup(): Warning: I_MPI_PMI_LIBRARY will be ignored since the hydra process manager was found
MPI startup(): Warning: I_MPI_PMI_LIBRARY will be ignored since the hydra process manager was found
MPI startup(): Warning: I_MPI_PMI_LIBRARY will be ignored since the hydra process manager was found
MPI startup(): Warning: I_MPI_PMI_LIBRARY will be ignored since the hydra process manager was found
MPI startup(): Warning: I_MPI_PMI_LIBRARY will be ignored since the hydra process manager was found
MPI startup(): Warning: I_MPI_PMI_LIBRARY will be ignored since the hydra process manager was found
MPI startup(): Warning: I_MPI_PMI_LIBRARY will be ignored since the hydra process manager was found
MPI startup(): Warning: I_MPI_PMI_LIBRARY will be ignored since the hydra process manager was found
MPI startup(): Warning: I_MPI_PMI_LIBRARY will be ignored since the hydra process manager was found
MPI startup(): Warning: I_MPI_PMI_LIBRARY will be ignored since the hydra process manager was found
MPI startup(): Warning: I_MPI_PMI_LIBRARY will be ignored since the hydra process manager was found
MPI startup(): Warning: I_MPI_PMI_LIBRARY will be ignored since the hydra process manager was found
MPI startup(): Warning: I_MPI_PMI_LIBRARY will be ignored since the hydra process manager was found
MPI startup(): Warning: I_MPI_PMI_LIBRARY will be ignored since the hydra process manager was found
MPI startup(): Warning: I_MPI_PMI_LIBRARY will be ignored since the hydra process manager was found
MPI startup(): Warning: I_MPI_PMI_LIBRARY will be ignored since the hydra process manager was found
 PROCESS           12  OF           32  WORKING
 PROCESS           16  OF           32  WORKING
 PROCESS           20  OF           32  WORKING
 PROCESS           31  OF           32  WORKING
 PROCESS           28  OF           32  WORKING
 PROCESS            2  OF           32  WORKING
 PROCESS           30  OF           32  WORKING
 PROCESS            8  OF           32  WORKING
 PROCESS           27  OF           32  WORKING
 PROCESS            0  OF           32  WORKING
 PROCESS           29  OF           32  WORKING
 PROCESS            4  OF           32  WORKING
 PROCESS           25  OF           32  WORKING
 PROCESS           18  OF           32  WORKING
 PROCESS           19  OF           32  WORKING
 PROCESS           23  OF           32  WORKING
 PROCESS            6  OF           32  WORKING
 PROCESS           10  OF           32  WORKING

         
 *******************************************************************************
 *                                                                             *
 *                               CRYSTAL23                                     *
 *                      public : 1.0.1 - October 2022                          *
 *                       HTTP://WWW.CRYSTAL.UNITO.IT                           *
 *                                                                             *
 *                              MAIN AUTHORS                                   *
 *                                                                             *
 *  R. DOVESI(1,11), V.R. SAUNDERS(2), C. ROETTI(1,11), R. ORLANDO(1,11),      *
 *  C.M. ZICOVICH-WILSON(1,3), F. PASCALE(4), B. CIVALLERI(1,11),              *
 *  K. DOLL(5), N.M. HARRISON(6), I.J. BUSH(7), Ph. D'ARCO(8),                 *
 *  M. LLUNELL(9), M. CAUSA'(10), Y. NOEL(8), L. MASCHIO(1,11), A. ERBA(1,11)  *
 *  M. RE'RAT(14), S. CASASSA(1,11), B.G. SEARLE(2), J.K. DESMARAIS(1)         *
 *                                                                             *
 *        CONTRIBUTIONS TO THE CODE HAVE ALSO BEEN GIVEN BY                    *
 *                                                                             *
 *  M. FERRABONE(1,11), M. DE LA PIERRE(1,11), M. FERRERO(1,11),               *
 *  J. BAIMA(1,11), E. ALBANESE(1,11), M.F. PEINTINGER(12), R. BAST(13),       *
 *  B. KIRTMAN(15), V. LACIVITA(1,11), R. DEMICHELIS(1,16)                     *
 *  G. BRANDEBURG(17), S. SALUSTRO(1,11), G. SANSONE(1,11)                     *
 *  M.T. RUGGIERO(18), L.E. DAGA(1), L. DONA'(1), A. COSSARD(1)                *
 *                                                                             *
 * (1) THEORETICAL CHEMISTRY GROUP - UNIVERSITA' DI TORINO - TORINO (ITALY)    *
 * (2) SCIENTIFIC COMPUTING DEPARTMENT - STFC DARESBURY (UK)                   *
 * (3) UNIVERSIDAD AUTONOMA DEL ESTADO DE MORELOS - CUERNAVACA (MEXICO)        *
 * (4) UNIVERSITE' DE LORRAINE - NANCY (FRANCE)                                *
 * (5) UNIVERSITAET STUTTGART- STUTTGART (GERMANY)                             *
 * (6) IMPERIAL COLLEGE - LONDON (UK)                                          *
 * (7) SCIENTIFIC COMPUTING DEPARTMENT - STFC RAL (UK)                         *
 * (8) UPMC - SORBONNE UNIVERSITES - PARIS (FRANCE)                            *
 * (9) UNIVERSIDAD DE BARCELONA - BARCELONA (SPAIN)                            *
 *(10) UNIVERSITA' DI NAPOLI "FEDERICO II" - NAPOLI (ITALY)                    *
 *(11) NIS - NANOSTRUCTURED INTERFACES AND SURFACES - TORINO (ITALY)           *
 *(12) MPI FUER CHEMISCHE ENERGIEKONVERSION - MUELHEIM AN DER RUHR (GERMANY)   *
 *(13) UNIVERSITY OF TROMSO - TROMSO (NORWAY)                                  *
 *(14) UNIVERSITE' DE PAU ET DES PAYS DE L'ADOUR - PAU (FRANCE)                *
 *(15) UNIVERSITY OF CALIFORNIA SANTA BARBARA - SANTA BARBARA (USA)            *
 *(16) CURTIN UNIVERSITY - PERTH (AUSTRALIA)                                   *
 *(17) UNIVERSITY COLLEGE LONDON - LONDON (UK)                                 *
 *(18) UNIVERSITY OF VERMONT - BURLINGTON (USA)                                *
 *                                                                             *
 PROCESS            3  OF           32  WORKING
 *******************************************************************************
 PROCESS           17  OF           32  WORKING
 EEEEEEEEEE STARTING  DATE 28 01 2026 TIME 20:43:32.4
 PROCESS           21  OF           32  WORKING
 ./3^2,4T17-CA_rev1_sp_B3LYP-D3-D3_optimized                                     
 PROCESS            5  OF           32  WORKING
 PROCESS           26  OF           32  WORKING
 PROCESS           15  OF           32  WORKING
 PROCESS           24  OF           32  WORKING
 PROCESS           13  OF           32  WORKING
 PROCESS           11  OF           32  WORKING
 PROCESS            7  OF           32  WORKING
 PROCESS            1  OF           32  WORKING
 PROCESS           14  OF           32  WORKING
 PROCESS           22  OF           32  WORKING
 PROCESS            9  OF           32  WORKING

 CRYSTAL CALCULATION
 (INPUT ACCORDING TO THE INTERNATIONAL TABLES FOR X-RAY CRYSTALLOGRAPHY)
 CRYSTAL FAMILY                       :  ORTHORHOMBIC
 CRYSTAL CLASS  (GROTH - 1921)        :  ORTHORHOMBIC BIPYRAMIDAL             

 SPACE GROUP (CENTROSYMMETRIC)        :  P M N A         

 LATTICE PARAMETERS  (ANGSTROMS AND DEGREES) - CONVENTIONAL CELL
        A           B           C        ALPHA        BETA       GAMMA
     2.46325     6.59994     4.94185    90.00000    90.00000    90.00000


 NUMBER OF IRREDUCIBLE ATOMS IN THE CONVENTIONAL CELL:    3

 INPUT COORDINATES

 ATOM AT. N.              COORDINATES
   1   6     0.000000000000E+00 -7.679298899042E-02 -1.484105440237E-01
   2   6     0.000000000000E+00 -2.881509205538E-01 -2.757037442591E-02
   3   6    -5.000000000000E-01 -3.907255740773E-01 -5.524356169856E-03

 *******************************************************************************

 << INFORMATION >>: FROM NOW ON, ALL COORDINATES REFER TO THE PRIMITIVE CELL

 *******************************************************************************

 LATTICE PARAMETERS  (ANGSTROMS AND DEGREES) - PRIMITIVE CELL
       A          B          C        ALPHA      BETA     GAMMA        VOLUME
    2.46325    6.59994    4.94185    90.00000  90.00000  90.00000     80.340977

 COORDINATES OF THE EQUIVALENT ATOMS (FRACTIONAL UNITS)

 N. ATOM EQUIV AT. N.          X                  Y                  Z

   1   1   1    6 C     0.00000000000E+00 -7.67929889904E-02 -1.48410544024E-01
   2   1   2    6 C    -5.00000000000E-01  7.67929889904E-02  3.51589455976E-01
   3   1   3    6 C     0.00000000000E+00  7.67929889904E-02  1.48410544024E-01
   4   1   4    6 C    -5.00000000000E-01 -7.67929889904E-02 -3.51589455976E-01

   5   2   1    6 C     0.00000000000E+00 -2.88150920554E-01 -2.75703744259E-02
   6   2   2    6 C    -5.00000000000E-01  2.88150920554E-01  4.72429625574E-01
   7   2   3    6 C     0.00000000000E+00  2.88150920554E-01  2.75703744259E-02
   8   2   4    6 C    -5.00000000000E-01 -2.88150920554E-01 -4.72429625574E-01

   9   3   1    6 C     5.00000000000E-01 -3.90725574077E-01 -5.52435616986E-03
  10   3   2    6 C     0.00000000000E+00  3.90725574077E-01  4.94475643830E-01
  11   3   3    6 C     5.00000000000E-01  3.90725574077E-01  5.52435616986E-03
  12   3   4    6 C     0.00000000000E+00 -3.90725574077E-01 -4.94475643830E-01

 NUMBER OF SYMMETRY OPERATORS         :    8
 *******************************************************************************
 * GEOMETRY EDITING - INPUT COORDINATES ARE GIVEN IN ANGSTROM         
 *******************************************************************************

 GEOMETRY NOW FULLY CONSISTENT WITH THE GROUP

 GCALCO - MAX INDICES DIRECT LATTICE VECTOR    26     9    13
 NO.OF VECTORS CREATED 6999 STARS 1064 RMAX    96.77339 BOHR

 GEOMETRY FOR WAVE FUNCTION - DIMENSIONALITY OF THE SYSTEM    3
 (NON PERIODIC DIRECTION: LATTICE PARAMETER FORMALLY SET TO 500)
 *******************************************************************************
 LATTICE PARAMETERS (ANGSTROMS AND DEGREES) - BOHR = 0.5291772083 ANGSTROM
 PRIMITIVE CELL - CENTRING CODE 1/0 VOLUME=    80.340977 - DENSITY  2.976 g/cm^3
         A              B              C           ALPHA      BETA       GAMMA 
     2.46324595     6.59993766     4.94184933    90.000000  90.000000  90.000000
 *******************************************************************************
 ATOMS IN THE ASYMMETRIC UNIT    3 - ATOMS IN THE UNIT CELL:   12
     ATOM                 X/A                 Y/B                 Z/C    
 *******************************************************************************
      1 T   6 C     0.000000000000E+00 -7.679298899042E-02 -1.484105440237E-01
      2 F   6 C    -5.000000000000E-01  7.679298899042E-02  3.515894559763E-01
      3 F   6 C     0.000000000000E+00  7.679298899042E-02  1.484105440237E-01
      4 F   6 C    -5.000000000000E-01 -7.679298899042E-02 -3.515894559763E-01
      5 T   6 C     0.000000000000E+00 -2.881509205538E-01 -2.757037442591E-02
      6 F   6 C    -5.000000000000E-01  2.881509205538E-01  4.724296255741E-01
      7 F   6 C     0.000000000000E+00  2.881509205538E-01  2.757037442591E-02
      8 F   6 C    -5.000000000000E-01 -2.881509205538E-01 -4.724296255741E-01
      9 T   6 C    -5.000000000000E-01 -3.907255740773E-01 -5.524356169856E-03
     10 F   6 C     0.000000000000E+00  3.907255740773E-01  4.944756438301E-01
     11 F   6 C    -5.000000000000E-01  3.907255740773E-01  5.524356169856E-03
     12 F   6 C     0.000000000000E+00 -3.907255740773E-01 -4.944756438301E-01

 T = ATOM BELONGING TO THE ASYMMETRIC UNIT

 ****    8 SYMMOPS - TRANSLATORS IN FRACTIONAL UNITS
 **** MATRICES AND TRANSLATORS IN THE CRYSTALLOGRAPHIC REFERENCE FRAME
   V INV                    ROTATION MATRICES                   TRANSLATORS
   1   1  1.00  0.00  0.00  0.00  1.00  0.00  0.00  0.00  1.00  0.00  0.00  0.00
   2   2 -1.00  0.00  0.00  0.00 -1.00  0.00  0.00  0.00  1.00  0.50  0.00  0.50
   3   3  1.00  0.00  0.00  0.00 -1.00  0.00  0.00  0.00 -1.00  0.00  0.00  0.00
   4   4 -1.00  0.00  0.00  0.00  1.00  0.00  0.00  0.00 -1.00  0.50  0.00  0.50
   5   5 -1.00  0.00  0.00  0.00 -1.00  0.00  0.00  0.00 -1.00  0.00  0.00  0.00
   6   6  1.00  0.00  0.00  0.00  1.00  0.00  0.00  0.00 -1.00  0.50  0.00  0.50
   7   7 -1.00  0.00  0.00  0.00  1.00  0.00  0.00  0.00  1.00  0.00  0.00  0.00
   8   8  1.00  0.00  0.00  0.00 -1.00  0.00  0.00  0.00  1.00  0.50  0.00  0.50

 DIRECT LATTICE VECTORS CARTESIAN COMPONENTS (ANGSTROM)
          X                    Y                    Z
   0.246324595000E+01   0.000000000000E+00   0.000000000000E+00
   0.000000000000E+00   0.659993766000E+01   0.000000000000E+00
   0.000000000000E+00   0.000000000000E+00   0.494184933000E+01


 CARTESIAN COORDINATES - PRIMITIVE CELL
 *******************************************************************************
 *      ATOM          X(ANGSTROM)         Y(ANGSTROM)         Z(ANGSTROM)
 *******************************************************************************
    1     6 C     0.000000000000E+00 -5.068289400618E-01 -7.334225475485E-01
    2     6 C     1.231622975000E+00  5.068289400618E-01  1.737502117452E+00
    3     6 C     0.000000000000E+00  5.068289400618E-01  7.334225475485E-01
    4     6 C     1.231622975000E+00 -5.068289400618E-01 -1.737502117452E+00
    5     6 C     0.000000000000E+00 -1.901778112327E+00 -1.362486363845E-01
    6     6 C     1.231622975000E+00  1.901778112327E+00  2.334676028615E+00
    7     6 C     0.000000000000E+00  1.901778112327E+00  1.362486363845E-01
    8     6 C     1.231622975000E+00 -1.901778112327E+00 -2.334676028615E+00
    9     6 C     1.231622975000E+00 -2.578764431078E+00 -2.730053583668E-02
   10     6 C     0.000000000000E+00  2.578764431078E+00  2.443624129163E+00
   11     6 C     1.231622975000E+00  2.578764431078E+00  2.730053583668E-02
   12     6 C     0.000000000000E+00 -2.578764431078E+00 -2.443624129163E+00

 *******************************************************************************
 LOCAL ATOMIC FUNCTIONS BASIS SET
 *******************************************************************************
   ATOM   X(AU)   Y(AU)   Z(AU)  N. TYPE  EXPONENT  S COEF   P COEF   D/F/G COEF
 *******************************************************************************
   1 C    0.000  -0.958  -1.386
                                  1 S  
                                         1.358E+04 2.225E-04 0.000E+00 0.000E+00
                                         2.035E+03 1.723E-03 0.000E+00 0.000E+00
                                         4.632E+02 8.926E-03 0.000E+00 0.000E+00
                                         1.312E+02 3.573E-02 0.000E+00 0.000E+00
                                         4.285E+01 1.108E-01 0.000E+00 0.000E+00
                                         1.558E+01 2.430E-01 0.000E+00 0.000E+00
                                  2 S  
                                         6.207E+00 4.144E-01 0.000E+00 0.000E+00
                                         2.576E+00 2.374E-01 0.000E+00 0.000E+00
                                  3 S  
                                         4.941E-01 1.000E+00 0.000E+00 0.000E+00
                                  4 S  
                                         1.644E-01 1.000E+00 0.000E+00 0.000E+00
                           5-     7 P  
                                         3.470E+01 0.000E+00 5.333E-03 0.000E+00
                                         7.958E+00 0.000E+00 3.586E-02 0.000E+00
                                         2.378E+00 0.000E+00 1.422E-01 0.000E+00
                                         8.143E-01 0.000E+00 3.427E-01 0.000E+00
                           8-    10 P  
                                         5.662E-01 0.000E+00 1.000E+00 0.000E+00
                          11-    13 P  
                                         2.674E-01 0.000E+00 1.000E+00 0.000E+00
                          14-    18 D  
                                         8.792E-01 0.000E+00 0.000E+00 1.000E+00
   2 C    2.327   0.958   3.283
   3 C    0.000   0.958   1.386
   4 C    2.327  -0.958  -3.283
   5 C    0.000  -3.594  -0.257
   6 C    2.327   3.594   4.412
   7 C    0.000   3.594   0.257
   8 C    2.327  -3.594  -4.412
   9 C    2.327  -4.873  -0.052
  10 C    0.000   4.873   4.618
  11 C    2.327   4.873   0.052
  12 C    0.000  -4.873  -4.618
 INFORMATION **** SET_MPP **** PCRYSTAL CALCULATION
 INFORMATION **** READM2 **** NEW DEFAULT: FOCK/KS MATRIX MIXING SET TO 30 %
 INFORMATION **** READM2 **** NEW DEFAULT: FULL DIRECT SCF MODE
 INFORMATION **** READM2 **** NEW DEFAULT: COULOMB BIPOLAR BUFFER SET TO 32 Mb
 INFORMATION **** READM2 **** NEW DEFAULT: EXCHANGE BIPOLAR BUFFER SET TO 32 Mb

 *******************************************************************************
 NEW DEFAULT: DFT INTEGRATION GRID INCREASED TO XLGRID
 NEW DEFAULT: DIIS ACCELERATOR ACTIVE
 USE KEYWORD NODIIS TO TURN IT OFF
 *******************************************************************************

 INFORMATION **** DFTD3_INPUT **** PERFORM LATEST DISPERSION CORRECTION DFT-D3(BJ) WITH AUTOMATIC PARAMETER SETUP
 PLEASE CITE:
 (1) DFT-D3 Reference
  S. Grimme, J. Antony, S. Ehrlich, and H. Krieg, J. Chem. Phys. 132 (2010), 154104
 (2) BJ-Damping Reference
  S. Grimme, S. Ehrlich, and L. Goerigk, J. Comput. Chem. 32 (2011), 1456-1465
 (3) General DFT-D Review
  S. Grimme, A. Hansen, J. G. Brandenburg, and C. Bannwarth,
  Chem. Rev. 116 (2016), 5105-5154

 INFORMATION **** TOLINTEG **** COULOMB AND EXCHANGE SERIES TOLERANCES MODIFIED
 INFORMATION **** TOLDEE **** SCF TOL ON TOTAL ENERGY SET TO           9
 INFORMATION **** READM2 **** FULL DIRECT SCF (MONO AND BIEL INT) SELECTED
 INFORMATION **** MAXCYCLE **** MAX NUMBER OF SCF CYCLES SET TO         800
 INFORMATION **** DIIS **** DIIS FOR SCF ACTIVE
 INFORMATION **** DIIS **** LEVEL SHIFTER DISABLED
 INFORMATION **** PPAN ****  MULLIKEN POPULATION ANALYSIS AT THE END OF SCF
 *******************************************************************************
 N. OF ATOMS PER CELL        12  COULOMB OVERLAP TOL         (T1) 10**   -8
 NUMBER OF SHELLS            96  COULOMB PENETRATION TOL     (T2) 10**   -8
 NUMBER OF AO               216  EXCHANGE OVERLAP TOL        (T3) 10**   -8
 N. OF ELECTRONS PER CELL    72  EXCHANGE PSEUDO OVP (F(G))  (T4) 10**   -9
 CORE ELECTRONS PER CELL     24  EXCHANGE PSEUDO OVP (P(G))  (T5) 10**  -24
 N. OF SYMMETRY OPERATORS     8  POLE ORDER IN MONO ZONE                  4
 *******************************************************************************
 TYPE OF CALCULATION :  UNRESTRICTED OPEN SHELL
 KOHN-SHAM HAMILTONIAN

 (EXCHANGE)[CORRELATION] FUNCTIONAL:(BECKE 88)[LEE-YANG-PARR]

 NON-LOCAL WEIGHTING FACTOR (EXCHANGE) =           0.9000
 NON-LOCAL WEIGHTING FACTOR [CORRELATION] =        0.8100

 HYBRID EXCHANGE - PERCENTAGE OF FOCK EXCHANGE    20.0000

 SPIN POLARIZED DFT SELECTED

 CAPPA:IS1 18;IS2 18;IS3 18; K PTS MONK NET1000; SYMMOPS:K SPACE   8;G SPACE   8

 *******************************************************************************
 MAX NUMBER OF SCF CYCLES     800  CONVERGENCE ON DELTAP        10**-19
 WEIGHT OF F(I) IN F(I+1)      30% CONVERGENCE ON ENERGY        10**- 9
 SHRINK. FACT.(MONKH.)   18 18 18  NUMBER OF K POINTS IN THE IBZ   1000
 SHRINKING FACTOR(GILAT NET)   36  NUMBER OF K POINTS(GILAT NET)   6859
 *******************************************************************************
 *** K POINTS COORDINATES (OBLIQUE COORDINATES IN UNITS OF IS = 18)
   1-R(  0  0  0)   2-C(  1  0  0)   3-C(  2  0  0)   4-C(  3  0  0)
   5-C(  4  0  0)   6-C(  5  0  0)   7-C(  6  0  0)   8-C(  7  0  0)
   9-C(  8  0  0)  10-R(  9  0  0)  11-C(  0  1  0)  12-C(  1  1  0)
  13-C(  2  1  0)  14-C(  3  1  0)  15-C(  4  1  0)  16-C(  5  1  0)
  17-C(  6  1  0)  18-C(  7  1  0)  19-C(  8  1  0)  20-C(  9  1  0)
  21-C(  0  2  0)  22-C(  1  2  0)  23-C(  2  2  0)  24-C(  3  2  0)
  25-C(  4  2  0)  26-C(  5  2  0)  27-C(  6  2  0)  28-C(  7  2  0)
  29-C(  8  2  0)  30-C(  9  2  0)  31-C(  0  3  0)  32-C(  1  3  0)
  33-C(  2  3  0)  34-C(  3  3  0)  35-C(  4  3  0)  36-C(  5  3  0)
  37-C(  6  3  0)  38-C(  7  3  0)  39-C(  8  3  0)  40-C(  9  3  0)
  41-C(  0  4  0)  42-C(  1  4  0)  43-C(  2  4  0)  44-C(  3  4  0)
  45-C(  4  4  0)  46-C(  5  4  0)  47-C(  6  4  0)  48-C(  7  4  0)
  49-C(  8  4  0)  50-C(  9  4  0)  51-C(  0  5  0)  52-C(  1  5  0)
  53-C(  2  5  0)  54-C(  3  5  0)  55-C(  4  5  0)  56-C(  5  5  0)
  57-C(  6  5  0)  58-C(  7  5  0)  59-C(  8  5  0)  60-C(  9  5  0)
  61-C(  0  6  0)  62-C(  1  6  0)  63-C(  2  6  0)  64-C(  3  6  0)
  65-C(  4  6  0)  66-C(  5  6  0)  67-C(  6  6  0)  68-C(  7  6  0)
  69-C(  8  6  0)  70-C(  9  6  0)  71-C(  0  7  0)  72-C(  1  7  0)
  73-C(  2  7  0)  74-C(  3  7  0)  75-C(  4  7  0)  76-C(  5  7  0)
  77-C(  6  7  0)  78-C(  7  7  0)  79-C(  8  7  0)  80-C(  9  7  0)
  81-C(  0  8  0)  82-C(  1  8  0)  83-C(  2  8  0)  84-C(  3  8  0)
  85-C(  4  8  0)  86-C(  5  8  0)  87-C(  6  8  0)  88-C(  7  8  0)
  89-C(  8  8  0)  90-C(  9  8  0)  91-R(  0  9  0)  92-C(  1  9  0)
  93-C(  2  9  0)  94-C(  3  9  0)  95-C(  4  9  0)  96-C(  5  9  0)
  97-C(  6  9  0)  98-C(  7  9  0)  99-C(  8  9  0) 100-R(  9  9  0)
 101-C(  0  0  1) 102-C(  1  0  1) 103-C(  2  0  1) 104-C(  3  0  1)
 105-C(  4  0  1) 106-C(  5  0  1) 107-C(  6  0  1) 108-C(  7  0  1)
 109-C(  8  0  1) 110-C(  9  0  1) 111-C(  0  1  1) 112-C(  1  1  1)
 113-C(  2  1  1) 114-C(  3  1  1) 115-C(  4  1  1) 116-C(  5  1  1)
 117-C(  6  1  1) 118-C(  7  1  1) 119-C(  8  1  1) 120-C(  9  1  1)
 121-C(  0  2  1) 122-C(  1  2  1) 123-C(  2  2  1) 124-C(  3  2  1)
 125-C(  4  2  1) 126-C(  5  2  1) 127-C(  6  2  1) 128-C(  7  2  1)
 129-C(  8  2  1) 130-C(  9  2  1) 131-C(  0  3  1) 132-C(  1  3  1)
 133-C(  2  3  1) 134-C(  3  3  1) 135-C(  4  3  1) 136-C(  5  3  1)
 137-C(  6  3  1) 138-C(  7  3  1) 139-C(  8  3  1) 140-C(  9  3  1)
 141-C(  0  4  1) 142-C(  1  4  1) 143-C(  2  4  1) 144-C(  3  4  1)
 145-C(  4  4  1) 146-C(  5  4  1) 147-C(  6  4  1) 148-C(  7  4  1)
 149-C(  8  4  1) 150-C(  9  4  1) 151-C(  0  5  1) 152-C(  1  5  1)
 153-C(  2  5  1) 154-C(  3  5  1) 155-C(  4  5  1) 156-C(  5  5  1)
 157-C(  6  5  1) 158-C(  7  5  1) 159-C(  8  5  1) 160-C(  9  5  1)
 161-C(  0  6  1) 162-C(  1  6  1) 163-C(  2  6  1) 164-C(  3  6  1)
 165-C(  4  6  1) 166-C(  5  6  1) 167-C(  6  6  1) 168-C(  7  6  1)
 169-C(  8  6  1) 170-C(  9  6  1) 171-C(  0  7  1) 172-C(  1  7  1)
 173-C(  2  7  1) 174-C(  3  7  1) 175-C(  4  7  1) 176-C(  5  7  1)
 177-C(  6  7  1) 178-C(  7  7  1) 179-C(  8  7  1) 180-C(  9  7  1)
 181-C(  0  8  1) 182-C(  1  8  1) 183-C(  2  8  1) 184-C(  3  8  1)
 185-C(  4  8  1) 186-C(  5  8  1) 187-C(  6  8  1) 188-C(  7  8  1)
 189-C(  8  8  1) 190-C(  9  8  1) 191-C(  0  9  1) 192-C(  1  9  1)
 193-C(  2  9  1) 194-C(  3  9  1) 195-C(  4  9  1) 196-C(  5  9  1)
 197-C(  6  9  1) 198-C(  7  9  1) 199-C(  8  9  1) 200-C(  9  9  1)
 201-C(  0  0  2) 202-C(  1  0  2) 203-C(  2  0  2) 204-C(  3  0  2)
 205-C(  4  0  2) 206-C(  5  0  2) 207-C(  6  0  2) 208-C(  7  0  2)
 209-C(  8  0  2) 210-C(  9  0  2) 211-C(  0  1  2) 212-C(  1  1  2)
 213-C(  2  1  2) 214-C(  3  1  2) 215-C(  4  1  2) 216-C(  5  1  2)
 217-C(  6  1  2) 218-C(  7  1  2) 219-C(  8  1  2) 220-C(  9  1  2)
 221-C(  0  2  2) 222-C(  1  2  2) 223-C(  2  2  2) 224-C(  3  2  2)
 225-C(  4  2  2) 226-C(  5  2  2) 227-C(  6  2  2) 228-C(  7  2  2)
 229-C(  8  2  2) 230-C(  9  2  2) 231-C(  0  3  2) 232-C(  1  3  2)
 233-C(  2  3  2) 234-C(  3  3  2) 235-C(  4  3  2) 236-C(  5  3  2)
 237-C(  6  3  2) 238-C(  7  3  2) 239-C(  8  3  2) 240-C(  9  3  2)
 241-C(  0  4  2) 242-C(  1  4  2) 243-C(  2  4  2) 244-C(  3  4  2)
 245-C(  4  4  2) 246-C(  5  4  2) 247-C(  6  4  2) 248-C(  7  4  2)
 249-C(  8  4  2) 250-C(  9  4  2) 251-C(  0  5  2) 252-C(  1  5  2)
 253-C(  2  5  2) 254-C(  3  5  2) 255-C(  4  5  2) 256-C(  5  5  2)
 257-C(  6  5  2) 258-C(  7  5  2) 259-C(  8  5  2) 260-C(  9  5  2)
 261-C(  0  6  2) 262-C(  1  6  2) 263-C(  2  6  2) 264-C(  3  6  2)
 265-C(  4  6  2) 266-C(  5  6  2) 267-C(  6  6  2) 268-C(  7  6  2)
 269-C(  8  6  2) 270-C(  9  6  2) 271-C(  0  7  2) 272-C(  1  7  2)
 273-C(  2  7  2) 274-C(  3  7  2) 275-C(  4  7  2) 276-C(  5  7  2)
 277-C(  6  7  2) 278-C(  7  7  2) 279-C(  8  7  2) 280-C(  9  7  2)
 281-C(  0  8  2) 282-C(  1  8  2) 283-C(  2  8  2) 284-C(  3  8  2)
 285-C(  4  8  2) 286-C(  5  8  2) 287-C(  6  8  2) 288-C(  7  8  2)
 289-C(  8  8  2) 290-C(  9  8  2) 291-C(  0  9  2) 292-C(  1  9  2)
 293-C(  2  9  2) 294-C(  3  9  2) 295-C(  4  9  2) 296-C(  5  9  2)
 297-C(  6  9  2) 298-C(  7  9  2) 299-C(  8  9  2) 300-C(  9  9  2)
 301-C(  0  0  3) 302-C(  1  0  3) 303-C(  2  0  3) 304-C(  3  0  3)
 305-C(  4  0  3) 306-C(  5  0  3) 307-C(  6  0  3) 308-C(  7  0  3)
 309-C(  8  0  3) 310-C(  9  0  3) 311-C(  0  1  3) 312-C(  1  1  3)
 313-C(  2  1  3) 314-C(  3  1  3) 315-C(  4  1  3) 316-C(  5  1  3)
 317-C(  6  1  3) 318-C(  7  1  3) 319-C(  8  1  3) 320-C(  9  1  3)
 321-C(  0  2  3) 322-C(  1  2  3) 323-C(  2  2  3) 324-C(  3  2  3)
 325-C(  4  2  3) 326-C(  5  2  3) 327-C(  6  2  3) 328-C(  7  2  3)
 329-C(  8  2  3) 330-C(  9  2  3) 331-C(  0  3  3) 332-C(  1  3  3)
 333-C(  2  3  3) 334-C(  3  3  3) 335-C(  4  3  3) 336-C(  5  3  3)
 337-C(  6  3  3) 338-C(  7  3  3) 339-C(  8  3  3) 340-C(  9  3  3)
 341-C(  0  4  3) 342-C(  1  4  3) 343-C(  2  4  3) 344-C(  3  4  3)
 345-C(  4  4  3) 346-C(  5  4  3) 347-C(  6  4  3) 348-C(  7  4  3)
 349-C(  8  4  3) 350-C(  9  4  3) 351-C(  0  5  3) 352-C(  1  5  3)
 353-C(  2  5  3) 354-C(  3  5  3) 355-C(  4  5  3) 356-C(  5  5  3)
 357-C(  6  5  3) 358-C(  7  5  3) 359-C(  8  5  3) 360-C(  9  5  3)
 361-C(  0  6  3) 362-C(  1  6  3) 363-C(  2  6  3) 364-C(  3  6  3)
 365-C(  4  6  3) 366-C(  5  6  3) 367-C(  6  6  3) 368-C(  7  6  3)
 369-C(  8  6  3) 370-C(  9  6  3) 371-C(  0  7  3) 372-C(  1  7  3)
 373-C(  2  7  3) 374-C(  3  7  3) 375-C(  4  7  3) 376-C(  5  7  3)
 377-C(  6  7  3) 378-C(  7  7  3) 379-C(  8  7  3) 380-C(  9  7  3)
 381-C(  0  8  3) 382-C(  1  8  3) 383-C(  2  8  3) 384-C(  3  8  3)
 385-C(  4  8  3) 386-C(  5  8  3) 387-C(  6  8  3) 388-C(  7  8  3)
 389-C(  8  8  3) 390-C(  9  8  3) 391-C(  0  9  3) 392-C(  1  9  3)
 393-C(  2  9  3) 394-C(  3  9  3) 395-C(  4  9  3) 396-C(  5  9  3)
 397-C(  6  9  3) 398-C(  7  9  3) 399-C(  8  9  3) 400-C(  9  9  3)
 401-C(  0  0  4) 402-C(  1  0  4) 403-C(  2  0  4) 404-C(  3  0  4)
 405-C(  4  0  4) 406-C(  5  0  4) 407-C(  6  0  4) 408-C(  7  0  4)
 409-C(  8  0  4) 410-C(  9  0  4) 411-C(  0  1  4) 412-C(  1  1  4)
 413-C(  2  1  4) 414-C(  3  1  4) 415-C(  4  1  4) 416-C(  5  1  4)
 417-C(  6  1  4) 418-C(  7  1  4) 419-C(  8  1  4) 420-C(  9  1  4)
 421-C(  0  2  4) 422-C(  1  2  4) 423-C(  2  2  4) 424-C(  3  2  4)
 425-C(  4  2  4) 426-C(  5  2  4) 427-C(  6  2  4) 428-C(  7  2  4)
 429-C(  8  2  4) 430-C(  9  2  4) 431-C(  0  3  4) 432-C(  1  3  4)
 433-C(  2  3  4) 434-C(  3  3  4) 435-C(  4  3  4) 436-C(  5  3  4)
 437-C(  6  3  4) 438-C(  7  3  4) 439-C(  8  3  4) 440-C(  9  3  4)
 441-C(  0  4  4) 442-C(  1  4  4) 443-C(  2  4  4) 444-C(  3  4  4)
 445-C(  4  4  4) 446-C(  5  4  4) 447-C(  6  4  4) 448-C(  7  4  4)
 449-C(  8  4  4) 450-C(  9  4  4) 451-C(  0  5  4) 452-C(  1  5  4)
 453-C(  2  5  4) 454-C(  3  5  4) 455-C(  4  5  4) 456-C(  5  5  4)
 457-C(  6  5  4) 458-C(  7  5  4) 459-C(  8  5  4) 460-C(  9  5  4)
 461-C(  0  6  4) 462-C(  1  6  4) 463-C(  2  6  4) 464-C(  3  6  4)
 465-C(  4  6  4) 466-C(  5  6  4) 467-C(  6  6  4) 468-C(  7  6  4)
 469-C(  8  6  4) 470-C(  9  6  4) 471-C(  0  7  4) 472-C(  1  7  4)
 473-C(  2  7  4) 474-C(  3  7  4) 475-C(  4  7  4) 476-C(  5  7  4)
 477-C(  6  7  4) 478-C(  7  7  4) 479-C(  8  7  4) 480-C(  9  7  4)
 481-C(  0  8  4) 482-C(  1  8  4) 483-C(  2  8  4) 484-C(  3  8  4)
 485-C(  4  8  4) 486-C(  5  8  4) 487-C(  6  8  4) 488-C(  7  8  4)
 489-C(  8  8  4) 490-C(  9  8  4) 491-C(  0  9  4) 492-C(  1  9  4)
 493-C(  2  9  4) 494-C(  3  9  4) 495-C(  4  9  4) 496-C(  5  9  4)
 497-C(  6  9  4) 498-C(  7  9  4) 499-C(  8  9  4) 500-C(  9  9  4)
 501-C(  0  0  5) 502-C(  1  0  5) 503-C(  2  0  5) 504-C(  3  0  5)
 505-C(  4  0  5) 506-C(  5  0  5) 507-C(  6  0  5) 508-C(  7  0  5)
 509-C(  8  0  5) 510-C(  9  0  5) 511-C(  0  1  5) 512-C(  1  1  5)
 513-C(  2  1  5) 514-C(  3  1  5) 515-C(  4  1  5) 516-C(  5  1  5)
 517-C(  6  1  5) 518-C(  7  1  5) 519-C(  8  1  5) 520-C(  9  1  5)
 521-C(  0  2  5) 522-C(  1  2  5) 523-C(  2  2  5) 524-C(  3  2  5)
 525-C(  4  2  5) 526-C(  5  2  5) 527-C(  6  2  5) 528-C(  7  2  5)
 529-C(  8  2  5) 530-C(  9  2  5) 531-C(  0  3  5) 532-C(  1  3  5)
 533-C(  2  3  5) 534-C(  3  3  5) 535-C(  4  3  5) 536-C(  5  3  5)
 537-C(  6  3  5) 538-C(  7  3  5) 539-C(  8  3  5) 540-C(  9  3  5)
 541-C(  0  4  5) 542-C(  1  4  5) 543-C(  2  4  5) 544-C(  3  4  5)
 545-C(  4  4  5) 546-C(  5  4  5) 547-C(  6  4  5) 548-C(  7  4  5)
 549-C(  8  4  5) 550-C(  9  4  5) 551-C(  0  5  5) 552-C(  1  5  5)
 553-C(  2  5  5) 554-C(  3  5  5) 555-C(  4  5  5) 556-C(  5  5  5)
 557-C(  6  5  5) 558-C(  7  5  5) 559-C(  8  5  5) 560-C(  9  5  5)
 561-C(  0  6  5) 562-C(  1  6  5) 563-C(  2  6  5) 564-C(  3  6  5)
 565-C(  4  6  5) 566-C(  5  6  5) 567-C(  6  6  5) 568-C(  7  6  5)
 569-C(  8  6  5) 570-C(  9  6  5) 571-C(  0  7  5) 572-C(  1  7  5)
 573-C(  2  7  5) 574-C(  3  7  5) 575-C(  4  7  5) 576-C(  5  7  5)
 577-C(  6  7  5) 578-C(  7  7  5) 579-C(  8  7  5) 580-C(  9  7  5)
 581-C(  0  8  5) 582-C(  1  8  5) 583-C(  2  8  5) 584-C(  3  8  5)
 585-C(  4  8  5) 586-C(  5  8  5) 587-C(  6  8  5) 588-C(  7  8  5)
 589-C(  8  8  5) 590-C(  9  8  5) 591-C(  0  9  5) 592-C(  1  9  5)
 593-C(  2  9  5) 594-C(  3  9  5) 595-C(  4  9  5) 596-C(  5  9  5)
 597-C(  6  9  5) 598-C(  7  9  5) 599-C(  8  9  5) 600-C(  9  9  5)
 601-C(  0  0  6) 602-C(  1  0  6) 603-C(  2  0  6) 604-C(  3  0  6)
 605-C(  4  0  6) 606-C(  5  0  6) 607-C(  6  0  6) 608-C(  7  0  6)
 609-C(  8  0  6) 610-C(  9  0  6) 611-C(  0  1  6) 612-C(  1  1  6)
 613-C(  2  1  6) 614-C(  3  1  6) 615-C(  4  1  6) 616-C(  5  1  6)
 617-C(  6  1  6) 618-C(  7  1  6) 619-C(  8  1  6) 620-C(  9  1  6)
 621-C(  0  2  6) 622-C(  1  2  6) 623-C(  2  2  6) 624-C(  3  2  6)
 625-C(  4  2  6) 626-C(  5  2  6) 627-C(  6  2  6) 628-C(  7  2  6)
 629-C(  8  2  6) 630-C(  9  2  6) 631-C(  0  3  6) 632-C(  1  3  6)
 633-C(  2  3  6) 634-C(  3  3  6) 635-C(  4  3  6) 636-C(  5  3  6)
 637-C(  6  3  6) 638-C(  7  3  6) 639-C(  8  3  6) 640-C(  9  3  6)
 641-C(  0  4  6) 642-C(  1  4  6) 643-C(  2  4  6) 644-C(  3  4  6)
 645-C(  4  4  6) 646-C(  5  4  6) 647-C(  6  4  6) 648-C(  7  4  6)
 649-C(  8  4  6) 650-C(  9  4  6) 651-C(  0  5  6) 652-C(  1  5  6)
 653-C(  2  5  6) 654-C(  3  5  6) 655-C(  4  5  6) 656-C(  5  5  6)
 657-C(  6  5  6) 658-C(  7  5  6) 659-C(  8  5  6) 660-C(  9  5  6)
 661-C(  0  6  6) 662-C(  1  6  6) 663-C(  2  6  6) 664-C(  3  6  6)
 665-C(  4  6  6) 666-C(  5  6  6) 667-C(  6  6  6) 668-C(  7  6  6)
 669-C(  8  6  6) 670-C(  9  6  6) 671-C(  0  7  6) 672-C(  1  7  6)
 673-C(  2  7  6) 674-C(  3  7  6) 675-C(  4  7  6) 676-C(  5  7  6)
 677-C(  6  7  6) 678-C(  7  7  6) 679-C(  8  7  6) 680-C(  9  7  6)
 681-C(  0  8  6) 682-C(  1  8  6) 683-C(  2  8  6) 684-C(  3  8  6)
 685-C(  4  8  6) 686-C(  5  8  6) 687-C(  6  8  6) 688-C(  7  8  6)
 689-C(  8  8  6) 690-C(  9  8  6) 691-C(  0  9  6) 692-C(  1  9  6)
 693-C(  2  9  6) 694-C(  3  9  6) 695-C(  4  9  6) 696-C(  5  9  6)
 697-C(  6  9  6) 698-C(  7  9  6) 699-C(  8  9  6) 700-C(  9  9  6)
 701-C(  0  0  7) 702-C(  1  0  7) 703-C(  2  0  7) 704-C(  3  0  7)
 705-C(  4  0  7) 706-C(  5  0  7) 707-C(  6  0  7) 708-C(  7  0  7)
 709-C(  8  0  7) 710-C(  9  0  7) 711-C(  0  1  7) 712-C(  1  1  7)
 713-C(  2  1  7) 714-C(  3  1  7) 715-C(  4  1  7) 716-C(  5  1  7)
 717-C(  6  1  7) 718-C(  7  1  7) 719-C(  8  1  7) 720-C(  9  1  7)
 721-C(  0  2  7) 722-C(  1  2  7) 723-C(  2  2  7) 724-C(  3  2  7)
 725-C(  4  2  7) 726-C(  5  2  7) 727-C(  6  2  7) 728-C(  7  2  7)
 729-C(  8  2  7) 730-C(  9  2  7) 731-C(  0  3  7) 732-C(  1  3  7)
 733-C(  2  3  7) 734-C(  3  3  7) 735-C(  4  3  7) 736-C(  5  3  7)
 737-C(  6  3  7) 738-C(  7  3  7) 739-C(  8  3  7) 740-C(  9  3  7)
 741-C(  0  4  7) 742-C(  1  4  7) 743-C(  2  4  7) 744-C(  3  4  7)
 745-C(  4  4  7) 746-C(  5  4  7) 747-C(  6  4  7) 748-C(  7  4  7)
 749-C(  8  4  7) 750-C(  9  4  7) 751-C(  0  5  7) 752-C(  1  5  7)
 753-C(  2  5  7) 754-C(  3  5  7) 755-C(  4  5  7) 756-C(  5  5  7)
 757-C(  6  5  7) 758-C(  7  5  7) 759-C(  8  5  7) 760-C(  9  5  7)
 761-C(  0  6  7) 762-C(  1  6  7) 763-C(  2  6  7) 764-C(  3  6  7)
 765-C(  4  6  7) 766-C(  5  6  7) 767-C(  6  6  7) 768-C(  7  6  7)
 769-C(  8  6  7) 770-C(  9  6  7) 771-C(  0  7  7) 772-C(  1  7  7)
 773-C(  2  7  7) 774-C(  3  7  7) 775-C(  4  7  7) 776-C(  5  7  7)
 777-C(  6  7  7) 778-C(  7  7  7) 779-C(  8  7  7) 780-C(  9  7  7)
 781-C(  0  8  7) 782-C(  1  8  7) 783-C(  2  8  7) 784-C(  3  8  7)
 785-C(  4  8  7) 786-C(  5  8  7) 787-C(  6  8  7) 788-C(  7  8  7)
 789-C(  8  8  7) 790-C(  9  8  7) 791-C(  0  9  7) 792-C(  1  9  7)
 793-C(  2  9  7) 794-C(  3  9  7) 795-C(  4  9  7) 796-C(  5  9  7)
 797-C(  6  9  7) 798-C(  7  9  7) 799-C(  8  9  7) 800-C(  9  9  7)
 801-C(  0  0  8) 802-C(  1  0  8) 803-C(  2  0  8) 804-C(  3  0  8)
 805-C(  4  0  8) 806-C(  5  0  8) 807-C(  6  0  8) 808-C(  7  0  8)
 809-C(  8  0  8) 810-C(  9  0  8) 811-C(  0  1  8) 812-C(  1  1  8)
 813-C(  2  1  8) 814-C(  3  1  8) 815-C(  4  1  8) 816-C(  5  1  8)
 817-C(  6  1  8) 818-C(  7  1  8) 819-C(  8  1  8) 820-C(  9  1  8)
 821-C(  0  2  8) 822-C(  1  2  8) 823-C(  2  2  8) 824-C(  3  2  8)
 825-C(  4  2  8) 826-C(  5  2  8) 827-C(  6  2  8) 828-C(  7  2  8)
 829-C(  8  2  8) 830-C(  9  2  8) 831-C(  0  3  8) 832-C(  1  3  8)
 833-C(  2  3  8) 834-C(  3  3  8) 835-C(  4  3  8) 836-C(  5  3  8)
 837-C(  6  3  8) 838-C(  7  3  8) 839-C(  8  3  8) 840-C(  9  3  8)
 841-C(  0  4  8) 842-C(  1  4  8) 843-C(  2  4  8) 844-C(  3  4  8)
 845-C(  4  4  8) 846-C(  5  4  8) 847-C(  6  4  8) 848-C(  7  4  8)
 849-C(  8  4  8) 850-C(  9  4  8) 851-C(  0  5  8) 852-C(  1  5  8)
 853-C(  2  5  8) 854-C(  3  5  8) 855-C(  4  5  8) 856-C(  5  5  8)
 857-C(  6  5  8) 858-C(  7  5  8) 859-C(  8  5  8) 860-C(  9  5  8)
 861-C(  0  6  8) 862-C(  1  6  8) 863-C(  2  6  8) 864-C(  3  6  8)
 865-C(  4  6  8) 866-C(  5  6  8) 867-C(  6  6  8) 868-C(  7  6  8)
 869-C(  8  6  8) 870-C(  9  6  8) 871-C(  0  7  8) 872-C(  1  7  8)
 873-C(  2  7  8) 874-C(  3  7  8) 875-C(  4  7  8) 876-C(  5  7  8)
 877-C(  6  7  8) 878-C(  7  7  8) 879-C(  8  7  8) 880-C(  9  7  8)
 881-C(  0  8  8) 882-C(  1  8  8) 883-C(  2  8  8) 884-C(  3  8  8)
 885-C(  4  8  8) 886-C(  5  8  8) 887-C(  6  8  8) 888-C(  7  8  8)
 889-C(  8  8  8) 890-C(  9  8  8) 891-C(  0  9  8) 892-C(  1  9  8)
 893-C(  2  9  8) 894-C(  3  9  8) 895-C(  4  9  8) 896-C(  5  9  8)
 897-C(  6  9  8) 898-C(  7  9  8) 899-C(  8  9  8) 900-C(  9  9  8)
 901-R(  0  0  9) 902-C(  1  0  9) 903-C(  2  0  9) 904-C(  3  0  9)
 905-C(  4  0  9) 906-C(  5  0  9) 907-C(  6  0  9) 908-C(  7  0  9)
 909-C(  8  0  9) 910-R(  9  0  9) 911-C(  0  1  9) 912-C(  1  1  9)
 913-C(  2  1  9) 914-C(  3  1  9) 915-C(  4  1  9) 916-C(  5  1  9)
 917-C(  6  1  9) 918-C(  7  1  9) 919-C(  8  1  9) 920-C(  9  1  9)
 921-C(  0  2  9) 922-C(  1  2  9) 923-C(  2  2  9) 924-C(  3  2  9)
 925-C(  4  2  9) 926-C(  5  2  9) 927-C(  6  2  9) 928-C(  7  2  9)
 929-C(  8  2  9) 930-C(  9  2  9) 931-C(  0  3  9) 932-C(  1  3  9)
 933-C(  2  3  9) 934-C(  3  3  9) 935-C(  4  3  9) 936-C(  5  3  9)
 937-C(  6  3  9) 938-C(  7  3  9) 939-C(  8  3  9) 940-C(  9  3  9)
 941-C(  0  4  9) 942-C(  1  4  9) 943-C(  2  4  9) 944-C(  3  4  9)
 945-C(  4  4  9) 946-C(  5  4  9) 947-C(  6  4  9) 948-C(  7  4  9)
 949-C(  8  4  9) 950-C(  9  4  9) 951-C(  0  5  9) 952-C(  1  5  9)
 953-C(  2  5  9) 954-C(  3  5  9) 955-C(  4  5  9) 956-C(  5  5  9)
 957-C(  6  5  9) 958-C(  7  5  9) 959-C(  8  5  9) 960-C(  9  5  9)
 961-C(  0  6  9) 962-C(  1  6  9) 963-C(  2  6  9) 964-C(  3  6  9)
 965-C(  4  6  9) 966-C(  5  6  9) 967-C(  6  6  9) 968-C(  7  6  9)
 969-C(  8  6  9) 970-C(  9  6  9) 971-C(  0  7  9) 972-C(  1  7  9)
 973-C(  2  7  9) 974-C(  3  7  9) 975-C(  4  7  9) 976-C(  5  7  9)
 977-C(  6  7  9) 978-C(  7  7  9) 979-C(  8  7  9) 980-C(  9  7  9)
 981-C(  0  8  9) 982-C(  1  8  9) 983-C(  2  8  9) 984-C(  3  8  9)
 985-C(  4  8  9) 986-C(  5  8  9) 987-C(  6  8  9) 988-C(  7  8  9)
 989-C(  8  8  9) 990-C(  9  8  9) 991-R(  0  9  9) 992-C(  1  9  9)
 993-C(  2  9  9) 994-C(  3  9  9) 995-C(  4  9  9) 996-C(  5  9  9)
 997-C(  6  9  9) 998-C(  7  9  9) 999-C(  8  9  9)1000-R(  9  9  9)

 DIRECT LATTICE VECTORS COMPON. (A.U.)     RECIP. LATTICE VECTORS COMPON. (A.U.) 
        X            Y            Z              X            Y            Z
    4.6548602    0.0000000    0.0000000      1.3498118    0.0000000    0.0000000
    0.0000000   12.4720747    0.0000000      0.0000000    0.5037803    0.0000000
    0.0000000    0.0000000    9.3387418      0.0000000    0.0000000    0.6728085

 DISK SPACE FOR EIGENVECTORS (FTN 10)    92938752 REALS

 SYMMETRY ADAPTION OF THE BLOCH FUNCTIONS ENABLED
 TTTTTTTTTTTTTTTTTTTTTTTTTTTTTT gordsh1     TELAPSE        1.48 TCPU        0.62

 MATRIX SIZE: P(G) 1211980, F(G)  138610, P(G) IRR   88387, F(G) IRR   21366
 MAX G-VECTOR INDEX FOR 1- AND 2-ELECTRON INTEGRALS 447

 TTTTTTTTTTTTTTTTTTTTTTTTTTTTTT INPUT       TELAPSE        1.49 TCPU        0.62

 NEIGHBORS OF THE NON-EQUIVALENT ATOMS

 N = NUMBER OF NEIGHBORS AT DISTANCE R
    ATOM  N     R/ANG      R/AU   NEIGHBORS (ATOM LABELS AND CELL INDICES)
   1 C    1     1.5174     2.8675    5 C    0 0 0
   1 C    2     1.5890     3.0029    4 C    0 0 0    4 C   -1 0 0
   1 C    1     1.7830     3.3694    3 C    0 0 0
   1 C    2     2.4550     4.6392    8 C    0 0 0    8 C   -1 0 0
   1 C    2     2.4632     4.6549    1 C   -1 0 0    1 C    1 0 0
   1 C    2     2.5117     4.7463    9 C    0 0 0    9 C   -1 0 0

   5 C    2     1.4096     2.6638    9 C    0 0 0    9 C   -1 0 0
   5 C    1     1.5174     2.8675    1 C    0 0 0
   5 C    1     2.4046     4.5441   12 C    0 0 0
   5 C    2     2.4550     4.6392    4 C    0 0 0    4 C   -1 0 0
   5 C    2     2.4567     4.6425   11 C    0-1 0   11 C   -1-1 0
   5 C    2     2.4632     4.6549    5 C   -1 0 0    5 C    1 0 0

   9 C    2     1.4096     2.6638    5 C    0 0 0    5 C    1 0 0
   9 C    1     1.4434     2.7277   11 C    0-1 0
   9 C    1     2.4046     4.5441    8 C    0 0 0
   9 C    2     2.4567     4.6425    7 C    0-1 0    7 C    1-1 0
   9 C    2     2.4632     4.6549    9 C   -1 0 0    9 C    1 0 0
   9 C    2     2.5117     4.7463    1 C    0 0 0    1 C    1 0 0


 SYMMETRY ALLOWED INTERNAL DEGREE(S) OF FREEDOM:   6
 TTTTTTTTTTTTTTTTTTTTTTTTTTTTTT SYMM        TELAPSE        1.60 TCPU        0.72
 TTTTTTTTTTTTTTTTTTTTTTTTTTTTTT INT_SCREEN  TELAPSE        1.61 TCPU        0.73

 DFT PARAMETERS

     ATOM       ELECTRONS   NET CHARGE   R(ANGSTROM)
   1   6  C       6.0000      0.0000     0.77000000

 SIZE OF GRID=      43180
 TTTTTTTTTTTTTTTTTTTTTTTTTTTTTT MAKE_GRID2  TELAPSE        1.83 TCPU        0.95
 BECKE WEIGHT FUNCTION
 RADSAFE =     2.00
 TOLERANCES - DENSITY:10**- 6; POTENTIAL:10**- 9; GRID WGT:10**-14

 RADIAL INTEGRATION  - INTERVALS (POINTS,UPPER LIMIT):            1( 75,  4.0*R)

 ANGULAR INTEGRATION - INTERVALS (ACCURACY LEVEL [N. POINTS] UPPER LIMIT):
  1(  4[  86]   0.2)  2(  8[ 194]   0.5)  3( 12[ 350]   0.9)  4( 16[ 974]   3.5)
  5( 12[ 350]9999.0)
 TTTTTTTTTTTTTTTTTTTTTTTTTTTTTT INT_CALC    TELAPSE        1.85 TCPU        0.97
 EEEEEEEEEE INT_CALC TERMINATION  DATE 28 01 2026 TIME 20:43:33.2

 *******************************************************************************
 ./3^2,4T17-CA_rev1_sp_B3LYP-D3-D3_optimized                                     
 CRYSTAL - SCF - TYPE OF CALCULATION :  UNRESTRICTED OPEN SHELL
 *******************************************************************************

 CAPPA:IS1 18;IS2 18;IS3 18; K PTS MONK NET1000; SYMMOPS:K SPACE   8;G SPACE   8

 TTTTTTTTTTTTTTTTTTTTTTTTTTTTTT SDIK        TELAPSE        2.39 TCPU        1.39

 AAAAAAAAAAAAAAAAAAAAAAAAAAAAAAAAAAAAAAAAAAAAAAAAAAAAAAAAAAAAAAAAAAAAAAAAAAAAAAA
         ATOMIC WAVEFUNCTION(S)


 NUCLEAR CHARGE  6.0  SYMMETRY SPECIES            S    P
 N. ELECTRONS    6.0  NUMBER OF PRIMITIVE GTOS   10    6
                      NUMBER OF CONTRACTED GTOS   4    3
                      NUMBER OF CLOSED SHELLS     2    0
                      OPEN SHELL OCCUPATION       0    2

  ZNUC  SCFIT    TOTAL HF ENERGY   KINETIC ENERGY   VIRIAL THEOREM ACCURACY
   6.0    10    -3.766702350E+01  3.783137943E+01 -1.995655566E+00  1.6E-06

 AAAAAAAAAAAAAAAAAAAAAAAAAAAAAAAAAAAAAAAAAAAAAAAAAAAAAAAAAAAAAAAAAAAAAAAAAAAAAAA

 CHARGE NORMALIZATION FACTOR   1.00000000
 TOTAL ATOMIC CHARGES:
   6.0000000   6.0000000   6.0000000   6.0000000   6.0000000   6.0000000
   6.0000000   6.0000000   6.0000000   6.0000000   6.0000000   6.0000000
 SUMMED SPIN DENSITY           0.00000000
 TOTAL ATOMIC SPINS  :
   0.0000000   0.0000000   0.0000000   0.0000000   0.0000000   0.0000000
   0.0000000   0.0000000   0.0000000   0.0000000   0.0000000   0.0000000
 TTTTTTTTTTTTTTTTTTTTTTTTTTTTTT MOQGAD      TELAPSE        2.39 TCPU        1.40
 TTTTTTTTTTTTTTTTTTTTTTTTTTTTTT SHELLXN     TELAPSE       25.43 TCPU       24.42
 TTTTTTTTTTTTTTTTTTTTTTTTTTTTTT MONMO3      TELAPSE       25.45 TCPU       24.45
 NUMERICALLY INTEGRATED DENSITY     35.9999810531     35.9999810531
 TTTTTTTTTTTTTTTTTTTTTTTTTTTTTT NUMDFT      TELAPSE       25.80 TCPU       24.80
 CYC   0 ETOT(AU) -4.604010432939E+02 DETOT -4.60E+02 tst  0.00E+00 PX  1.00E+00
 TTTTTTTTTTTTTTTTTTTTTTTTTTTTTT DIIS        TELAPSE       26.05 TCPU       24.97
 TTTTTTTTTTTTTTTTTTTTTTTTTTTTTT FDIK        TELAPSE       31.04 TCPU       29.82
 POSSIBLY CONDUCTING STATE - EFERMI(AU) -1.5471690E-01 (RES. CHARGE  2.25E-11;IT. 10)
 TTTTTTTTTTTTTTTTTTTTTTTTTTTTTT PDIG        TELAPSE       33.12 TCPU       31.86
 CHARGE NORMALIZATION FACTOR   1.00000000
 TOTAL ATOMIC CHARGES:
   5.9266874   5.9266874   5.9266874   5.9266874   6.0607270   6.0607270
   6.0607270   6.0607270   6.0125857   6.0125857   6.0125857   6.0125857
 SUMMED SPIN DENSITY          -0.00000000
 TOTAL ATOMIC SPINS  :
  -0.0000000  -0.0000000  -0.0000000  -0.0000000   0.0000000   0.0000000
   0.0000000   0.0000000   0.0000000   0.0000000   0.0000000   0.0000000
 TTTTTTTTTTTTTTTTTTTTTTTTTTTTTT MOQGAD      TELAPSE       33.12 TCPU       31.87
 TTTTTTTTTTTTTTTTTTTTTTTTTTTTTT SHELLXN     TELAPSE       57.07 TCPU       55.81
 TTTTTTTTTTTTTTTTTTTTTTTTTTTTTT MONMO3      TELAPSE       57.10 TCPU       55.83
 NUMERICALLY INTEGRATED DENSITY     35.9999928154     35.9999928154
 TTTTTTTTTTTTTTTTTTTTTTTTTTTTTT NUMDFT      TELAPSE       57.45 TCPU       56.18
 CYC   1 ETOT(AU) -4.568557212974E+02 DETOT  3.55E+00 tst  0.00E+00 PX  1.00E+00
 TTTTTTTTTTTTTTTTTTTTTTTTTTTTTT DIIS        TELAPSE       57.64 TCPU       56.37
 DIIS TEST: 0.53792E+00 AT SCF   CYCLE   1 - MIX   30 %
 TTTTTTTTTTTTTTTTTTTTTTTTTTTTTT FDIK        TELAPSE       60.27 TCPU       58.83
 POSSIBLY CONDUCTING STATE - EFERMI(AU) -6.9792798E-02 (RES. CHARGE  2.25E-10;IT.  8)
 TTTTTTTTTTTTTTTTTTTTTTTTTTTTTT PDIG        TELAPSE       62.31 TCPU       60.87
 CHARGE NORMALIZATION FACTOR   1.00000000
 TOTAL ATOMIC CHARGES:
   6.0868403   6.0868403   6.0868403   6.0868403   6.0840201   6.0840201
   6.0840201   6.0840201   5.8291396   5.8291396   5.8291396   5.8291396
 SUMMED SPIN DENSITY          -0.00000000
 TOTAL ATOMIC SPINS  :
   0.0000000   0.0000000   0.0000000   0.0000000  -0.0000000  -0.0000000
  -0.0000000  -0.0000000  -0.0000000  -0.0000000  -0.0000000  -0.0000000
 TTTTTTTTTTTTTTTTTTTTTTTTTTTTTT MOQGAD      TELAPSE       62.32 TCPU       60.88
 TTTTTTTTTTTTTTTTTTTTTTTTTTTTTT SHELLXN     TELAPSE       86.48 TCPU       85.03
 TTTTTTTTTTTTTTTTTTTTTTTTTTTTTT MONMO3      TELAPSE       86.51 TCPU       85.06
 NUMERICALLY INTEGRATED DENSITY     35.9999918893     35.9999918893
 TTTTTTTTTTTTTTTTTTTTTTTTTTTTTT NUMDFT      TELAPSE       86.86 TCPU       85.40
 CYC   2 ETOT(AU) -4.568601609085E+02 DETOT -4.44E-03 tst  8.68E-02 PX  7.60E-02
 TTTTTTTTTTTTTTTTTTTTTTTTTTTTTT DIIS        TELAPSE       87.08 TCPU       85.57
 DIIS TEST: 0.85171E+00 AT SCF   CYCLE   2 - DIIS ACTIVE - HISTORY:     2 CYCLES
 TTTTTTTTTTTTTTTTTTTTTTTTTTTTTT FDIK        TELAPSE       89.54 TCPU       88.02
 POSSIBLY CONDUCTING STATE - EFERMI(AU) -5.4058063E-02 (RES. CHARGE  7.47E-12;IT. 10)
 TTTTTTTTTTTTTTTTTTTTTTTTTTTTTT PDIG        TELAPSE       91.61 TCPU       90.08
 CHARGE NORMALIZATION FACTOR   1.00000000
 TOTAL ATOMIC CHARGES:
   6.0037778   6.0037778   6.0037778   6.0037778   5.9999192   5.9999192
   5.9999192   5.9999192   5.9963030   5.9963030   5.9963030   5.9963030
 SUMMED SPIN DENSITY           0.00000000
 TOTAL ATOMIC SPINS  :
   0.0000000   0.0000000   0.0000000   0.0000000  -0.0000000  -0.0000000
  -0.0000000  -0.0000000  -0.0000000  -0.0000000  -0.0000000  -0.0000000
 TTTTTTTTTTTTTTTTTTTTTTTTTTTTTT MOQGAD      TELAPSE       91.61 TCPU       90.08
 TTTTTTTTTTTTTTTTTTTTTTTTTTTTTT SHELLXN     TELAPSE      115.58 TCPU      114.04
 TTTTTTTTTTTTTTTTTTTTTTTTTTTTTT MONMO3      TELAPSE      115.61 TCPU      114.07
 NUMERICALLY INTEGRATED DENSITY     35.9999915372     35.9999915372
 TTTTTTTTTTTTTTTTTTTTTTTTTTTTTT NUMDFT      TELAPSE      115.96 TCPU      114.42
 CYC   3 ETOT(AU) -4.568968483330E+02 DETOT -3.67E-02 tst  4.59E-02 PX  4.65E-02
 TTTTTTTTTTTTTTTTTTTTTTTTTTTTTT DIIS        TELAPSE      116.20 TCPU      114.65
 DIIS TEST: 0.48248E-01 AT SCF   CYCLE   3 - DIIS ACTIVE - HISTORY:     3 CYCLES
 TTTTTTTTTTTTTTTTTTTTTTTTTTTTTT FDIK        TELAPSE      118.72 TCPU      117.10
 POSSIBLY CONDUCTING STATE - EFERMI(AU) -6.3449034E-02 (RES. CHARGE  2.84E-14;IT. 10)
 TTTTTTTTTTTTTTTTTTTTTTTTTTTTTT PDIG        TELAPSE      120.79 TCPU      119.16
 CHARGE NORMALIZATION FACTOR   1.00000000
 TOTAL ATOMIC CHARGES:
   5.9934783   5.9934783   5.9934783   5.9934783   6.0620129   6.0620129
   6.0620129   6.0620129   5.9445089   5.9445089   5.9445089   5.9445089
 SUMMED SPIN DENSITY          -0.00000000
 TOTAL ATOMIC SPINS  :
   0.0000000   0.0000000   0.0000000   0.0000000  -0.0000000  -0.0000000
  -0.0000000  -0.0000000  -0.0000000  -0.0000000  -0.0000000  -0.0000000
 TTTTTTTTTTTTTTTTTTTTTTTTTTTTTT MOQGAD      TELAPSE      120.79 TCPU      119.17
 TTTTTTTTTTTTTTTTTTTTTTTTTTTTTT SHELLXN     TELAPSE      144.76 TCPU      143.13
 TTTTTTTTTTTTTTTTTTTTTTTTTTTTTT MONMO3      TELAPSE      144.79 TCPU      143.15
 NUMERICALLY INTEGRATED DENSITY     35.9999918390     35.9999918390
 TTTTTTTTTTTTTTTTTTTTTTTTTTTTTT NUMDFT      TELAPSE      145.13 TCPU      143.50
 CYC   4 ETOT(AU) -4.568991733025E+02 DETOT -2.32E-03 tst  1.12E-04 PX  1.44E-02
 TTTTTTTTTTTTTTTTTTTTTTTTTTTTTT DIIS        TELAPSE      145.38 TCPU      143.74
 DIIS TEST: 0.51306E-02 AT SCF   CYCLE   4 - DIIS ACTIVE - HISTORY:     4 CYCLES
 TTTTTTTTTTTTTTTTTTTTTTTTTTTTTT FDIK        TELAPSE      147.97 TCPU      146.25
 POSSIBLY CONDUCTING STATE - EFERMI(AU) -6.3019291E-02 (RES. CHARGE  6.47E-11;IT.  8)
 TTTTTTTTTTTTTTTTTTTTTTTTTTTTTT PDIG        TELAPSE      150.03 TCPU      148.30
 CHARGE NORMALIZATION FACTOR   1.00000000
 TOTAL ATOMIC CHARGES:
   6.0016519   6.0016519   6.0016519   6.0016519   6.0419070   6.0419070
   6.0419070   6.0419070   5.9564411   5.9564411   5.9564411   5.9564411
 SUMMED SPIN DENSITY           0.00000000
 TOTAL ATOMIC SPINS  :
   0.0000000   0.0000000   0.0000000   0.0000000   0.0000000   0.0000000
   0.0000000   0.0000000  -0.0000000  -0.0000000  -0.0000000  -0.0000000
 TTTTTTTTTTTTTTTTTTTTTTTTTTTTTT MOQGAD      TELAPSE      150.03 TCPU      148.31
 TTTTTTTTTTTTTTTTTTTTTTTTTTTTTT SHELLXN     TELAPSE      173.96 TCPU      172.23
 TTTTTTTTTTTTTTTTTTTTTTTTTTTTTT MONMO3      TELAPSE      173.99 TCPU      172.26
 NUMERICALLY INTEGRATED DENSITY     35.9999918472     35.9999918472
 TTTTTTTTTTTTTTTTTTTTTTTTTTTTTT NUMDFT      TELAPSE      174.34 TCPU      172.60
 CYC   5 ETOT(AU) -4.568994858054E+02 DETOT -3.13E-04 tst  4.14E-05 PX  3.86E-03
 TTTTTTTTTTTTTTTTTTTTTTTTTTTTTT DIIS        TELAPSE      174.54 TCPU      172.80
 DIIS TEST: 0.81075E-04 AT SCF   CYCLE   5 - DIIS ACTIVE - HISTORY:     5 CYCLES
 TTTTTTTTTTTTTTTTTTTTTTTTTTTTTT FDIK        TELAPSE      177.16 TCPU      175.24
 POSSIBLY CONDUCTING STATE - EFERMI(AU) -6.3123745E-02 (RES. CHARGE  4.55E-13;IT.  8)
 TTTTTTTTTTTTTTTTTTTTTTTTTTTTTT PDIG        TELAPSE      179.23 TCPU      177.30
 CHARGE NORMALIZATION FACTOR   1.00000000
 TOTAL ATOMIC CHARGES:
   6.0006961   6.0006961   6.0006961   6.0006961   6.0441943   6.0441943
   6.0441943   6.0441943   5.9551095   5.9551095   5.9551095   5.9551095
 SUMMED SPIN DENSITY          -0.00000000
 TOTAL ATOMIC SPINS  :
  -0.0000000  -0.0000000  -0.0000000  -0.0000000   0.0000000   0.0000000
   0.0000000   0.0000000  -0.0000000  -0.0000000  -0.0000000  -0.0000000
 TTTTTTTTTTTTTTTTTTTTTTTTTTTTTT MOQGAD      TELAPSE      179.23 TCPU      177.30
 TTTTTTTTTTTTTTTTTTTTTTTTTTTTTT SHELLXN     TELAPSE      203.39 TCPU      201.45
 TTTTTTTTTTTTTTTTTTTTTTTTTTTTTT MONMO3      TELAPSE      203.41 TCPU      201.48
 NUMERICALLY INTEGRATED DENSITY     35.9999918337     35.9999918337
 TTTTTTTTTTTTTTTTTTTTTTTTTTTTTT NUMDFT      TELAPSE      203.76 TCPU      201.82
 CYC   6 ETOT(AU) -4.568994971286E+02 DETOT -1.13E-05 tst  3.84E-06 PX  9.62E-04
 TTTTTTTTTTTTTTTTTTTTTTTTTTTTTT DIIS        TELAPSE      204.00 TCPU      201.98
 DIIS TEST: 0.31839E-05 AT SCF   CYCLE   6 - DIIS ACTIVE - HISTORY:     6 CYCLES
 TTTTTTTTTTTTTTTTTTTTTTTTTTTTTT FDIK        TELAPSE      206.68 TCPU      204.40
 POSSIBLY CONDUCTING STATE - EFERMI(AU) -6.3106486E-02 (RES. CHARGE  1.17E-11;IT.  6)
 TTTTTTTTTTTTTTTTTTTTTTTTTTTTTT PDIG        TELAPSE      208.72 TCPU      206.44
 CHARGE NORMALIZATION FACTOR   1.00000000
 TOTAL ATOMIC CHARGES:
   6.0007385   6.0007385   6.0007385   6.0007385   6.0438561   6.0438561
   6.0438561   6.0438561   5.9554054   5.9554054   5.9554054   5.9554054
 SUMMED SPIN DENSITY          -0.00000000
 TOTAL ATOMIC SPINS  :
   0.0000000   0.0000000   0.0000000   0.0000000   0.0000000   0.0000000
   0.0000000   0.0000000  -0.0000000  -0.0000000  -0.0000000  -0.0000000
 TTTTTTTTTTTTTTTTTTTTTTTTTTTTTT MOQGAD      TELAPSE      208.73 TCPU      206.45
 TTTTTTTTTTTTTTTTTTTTTTTTTTTTTT SHELLXN     TELAPSE      232.66 TCPU      230.37
 TTTTTTTTTTTTTTTTTTTTTTTTTTTTTT MONMO3      TELAPSE      232.68 TCPU      230.39
 NUMERICALLY INTEGRATED DENSITY     35.9999918352     35.9999918352
 TTTTTTTTTTTTTTTTTTTTTTTTTTTTTT NUMDFT      TELAPSE      233.03 TCPU      230.74
 CYC   7 ETOT(AU) -4.568994980730E+02 DETOT -9.44E-07 tst  1.59E-07 PX  1.82E-04
 TTTTTTTTTTTTTTTTTTTTTTTTTTTTTT DIIS        TELAPSE      233.23 TCPU      230.93
 DIIS TEST: 0.22273E-06 AT SCF   CYCLE   7 - DIIS ACTIVE - HISTORY:     7 CYCLES
 TTTTTTTTTTTTTTTTTTTTTTTTTTTTTT FDIK        TELAPSE      235.71 TCPU      233.25
 POSSIBLY CONDUCTING STATE - EFERMI(AU) -6.3107162E-02 (RES. CHARGE  4.48E-10;IT.  4)
 TTTTTTTTTTTTTTTTTTTTTTTTTTTTTT PDIG        TELAPSE      237.75 TCPU      235.29
 CHARGE NORMALIZATION FACTOR   1.00000000
 TOTAL ATOMIC CHARGES:
   6.0007100   6.0007100   6.0007100   6.0007100   6.0438824   6.0438824
   6.0438824   6.0438824   5.9554076   5.9554076   5.9554076   5.9554076
 SUMMED SPIN DENSITY          -0.00000000
 TOTAL ATOMIC SPINS  :
   0.0000000   0.0000000   0.0000000   0.0000000   0.0000000   0.0000000
   0.0000000   0.0000000  -0.0000000  -0.0000000  -0.0000000  -0.0000000
 TTTTTTTTTTTTTTTTTTTTTTTTTTTTTT MOQGAD      TELAPSE      237.76 TCPU      235.30
 TTTTTTTTTTTTTTTTTTTTTTTTTTTTTT SHELLXN     TELAPSE      261.68 TCPU      259.21
 TTTTTTTTTTTTTTTTTTTTTTTTTTTTTT MONMO3      TELAPSE      261.71 TCPU      259.24
 NUMERICALLY INTEGRATED DENSITY     35.9999918341     35.9999918341
 TTTTTTTTTTTTTTTTTTTTTTTTTTTTTT NUMDFT      TELAPSE      262.06 TCPU      259.58
 CYC   8 ETOT(AU) -4.568994987125E+02 DETOT -6.39E-07 tst  8.32E-08 PX  1.04E-04
 TTTTTTTTTTTTTTTTTTTTTTTTTTTTTT DIIS        TELAPSE      262.23 TCPU      259.75
 DIIS TEST: 0.38860E-07 AT SCF   CYCLE   8 - DIIS ACTIVE - HISTORY:     8 CYCLES
 TTTTTTTTTTTTTTTTTTTTTTTTTTTTTT FDIK        TELAPSE      264.63 TCPU      262.15
 POSSIBLY CONDUCTING STATE - EFERMI(AU) -6.3104089E-02 (RES. CHARGE  2.84E-13;IT.  6)
 TTTTTTTTTTTTTTTTTTTTTTTTTTTTTT PDIG        TELAPSE      266.68 TCPU      264.18
 CHARGE NORMALIZATION FACTOR   1.00000000
 TOTAL ATOMIC CHARGES:
   6.0007255   6.0007255   6.0007255   6.0007255   6.0438859   6.0438859
   6.0438859   6.0438859   5.9553887   5.9553887   5.9553887   5.9553887
 SUMMED SPIN DENSITY          -0.00000000
 TOTAL ATOMIC SPINS  :
  -0.0000000  -0.0000000  -0.0000000  -0.0000000   0.0000000   0.0000000
   0.0000000   0.0000000  -0.0000000  -0.0000000  -0.0000000  -0.0000000
 TTTTTTTTTTTTTTTTTTTTTTTTTTTTTT MOQGAD      TELAPSE      266.68 TCPU      264.19
 TTTTTTTTTTTTTTTTTTTTTTTTTTTTTT SHELLXN     TELAPSE      290.62 TCPU      288.11
 TTTTTTTTTTTTTTTTTTTTTTTTTTTTTT MONMO3      TELAPSE      290.64 TCPU      288.13
 NUMERICALLY INTEGRATED DENSITY     35.9999918342     35.9999918342
 TTTTTTTTTTTTTTTTTTTTTTTTTTTTTT NUMDFT      TELAPSE      290.99 TCPU      288.48
 CYC   9 ETOT(AU) -4.568994989541E+02 DETOT -2.42E-07 tst  9.31E-09 PX  4.33E-05
 TTTTTTTTTTTTTTTTTTTTTTTTTTTTTT DIIS        TELAPSE      291.16 TCPU      288.65
 DIIS TEST: 0.37252E-08 AT SCF   CYCLE   9 - DIIS ACTIVE - HISTORY:     9 CYCLES
 TTTTTTTTTTTTTTTTTTTTTTTTTTTTTT FDIK        TELAPSE      293.45 TCPU      290.94
 POSSIBLY CONDUCTING STATE - EFERMI(AU) -6.3100389E-02 (RES. CHARGE  5.68E-14;IT.  6)
 TTTTTTTTTTTTTTTTTTTTTTTTTTTTTT PDIG        TELAPSE      295.49 TCPU      292.97
 CHARGE NORMALIZATION FACTOR   1.00000000
 TOTAL ATOMIC CHARGES:
   6.0007286   6.0007286   6.0007286   6.0007286   6.0438830   6.0438830
   6.0438830   6.0438830   5.9553884   5.9553884   5.9553884   5.9553884
 SUMMED SPIN DENSITY           0.00000000
 TOTAL ATOMIC SPINS  :
  -0.0000000  -0.0000000  -0.0000000  -0.0000000   0.0000000   0.0000000
   0.0000000   0.0000000  -0.0000000  -0.0000000  -0.0000000  -0.0000000
 TTTTTTTTTTTTTTTTTTTTTTTTTTTTTT MOQGAD      TELAPSE      295.50 TCPU      292.98
 TTTTTTTTTTTTTTTTTTTTTTTTTTTTTT SHELLXN     TELAPSE      319.43 TCPU      316.90
 TTTTTTTTTTTTTTTTTTTTTTTTTTTTTT MONMO3      TELAPSE      319.45 TCPU      316.92
 NUMERICALLY INTEGRATED DENSITY     35.9999918342     35.9999918342
 TTTTTTTTTTTTTTTTTTTTTTTTTTTTTT NUMDFT      TELAPSE      319.79 TCPU      317.26
 CYC  10 ETOT(AU) -4.568994990959E+02 DETOT -1.42E-07 tst  2.71E-09 PX  2.49E-05
 TTTTTTTTTTTTTTTTTTTTTTTTTTTTTT DIIS        TELAPSE      319.97 TCPU      317.44
 DIIS TEST: 0.95563E-09 AT SCF   CYCLE  10 - DIIS ACTIVE - HISTORY:    10 CYCLES
 TTTTTTTTTTTTTTTTTTTTTTTTTTTTTT FDIK        TELAPSE      322.33 TCPU      319.79
 POSSIBLY CONDUCTING STATE - EFERMI(AU) -6.3099002E-02 (RES. CHARGE  2.84E-14;IT.  6)
 TTTTTTTTTTTTTTTTTTTTTTTTTTTTTT PDIG        TELAPSE      324.39 TCPU      321.85
 CHARGE NORMALIZATION FACTOR   1.00000000
 TOTAL ATOMIC CHARGES:
   6.0007302   6.0007302   6.0007302   6.0007302   6.0438824   6.0438824
   6.0438824   6.0438824   5.9553874   5.9553874   5.9553874   5.9553874
 SUMMED SPIN DENSITY           0.00000000
 TOTAL ATOMIC SPINS  :
  -0.0000000  -0.0000000  -0.0000000  -0.0000000   0.0000000   0.0000000
   0.0000000   0.0000000   0.0000000   0.0000000   0.0000000   0.0000000
 TTTTTTTTTTTTTTTTTTTTTTTTTTTTTT MOQGAD      TELAPSE      324.40 TCPU      321.86
 TTTTTTTTTTTTTTTTTTTTTTTTTTTTTT SHELLXN     TELAPSE      348.56 TCPU      346.00
 TTTTTTTTTTTTTTTTTTTTTTTTTTTTTT MONMO3      TELAPSE      348.58 TCPU      346.03
 NUMERICALLY INTEGRATED DENSITY     35.9999918342     35.9999918342
 TTTTTTTTTTTTTTTTTTTTTTTTTTTTTT NUMDFT      TELAPSE      348.93 TCPU      346.38
 CYC  11 ETOT(AU) -4.568994991454E+02 DETOT -4.95E-08 tst  2.39E-10 PX  8.95E-06
 TTTTTTTTTTTTTTTTTTTTTTTTTTTTTT DIIS        TELAPSE      349.17 TCPU      346.61
 DIIS TEST: 0.12169E-09 AT SCF   CYCLE  11 - DIIS ACTIVE - HISTORY:    11 CYCLES
 TTTTTTTTTTTTTTTTTTTTTTTTTTTTTT FDIK        TELAPSE      351.48 TCPU      348.91
 POSSIBLY CONDUCTING STATE - EFERMI(AU) -6.3098544E-02 (RES. CHARGE  1.30E-10;IT.  4)
 TTTTTTTTTTTTTTTTTTTTTTTTTTTTTT PDIG        TELAPSE      353.51 TCPU      350.94
 CHARGE NORMALIZATION FACTOR   1.00000000
 TOTAL ATOMIC CHARGES:
   6.0007308   6.0007308   6.0007308   6.0007308   6.0438825   6.0438825
   6.0438825   6.0438825   5.9553866   5.9553866   5.9553866   5.9553866
 SUMMED SPIN DENSITY          -0.00000000
 TOTAL ATOMIC SPINS  :
  -0.0000000  -0.0000000  -0.0000000  -0.0000000   0.0000000   0.0000000
   0.0000000   0.0000000  -0.0000000  -0.0000000  -0.0000000  -0.0000000
 TTTTTTTTTTTTTTTTTTTTTTTTTTTTTT MOQGAD      TELAPSE      353.52 TCPU      350.95
 TTTTTTTTTTTTTTTTTTTTTTTTTTTTTT SHELLXN     TELAPSE      377.43 TCPU      374.85
 TTTTTTTTTTTTTTTTTTTTTTTTTTTTTT MONMO3      TELAPSE      377.46 TCPU      374.87
 NUMERICALLY INTEGRATED DENSITY     35.9999918341     35.9999918341
 TTTTTTTTTTTTTTTTTTTTTTTTTTTTTT NUMDFT      TELAPSE      377.81 TCPU      375.22
 CYC  12 ETOT(AU) -4.568994991639E+02 DETOT -1.85E-08 tst  2.88E-11 PX  3.33E-06
 TTTTTTTTTTTTTTTTTTTTTTTTTTTTTT DIIS        TELAPSE      377.99 TCPU      375.40
 DIIS TEST: 0.86152E-11 AT SCF   CYCLE  12 - DIIS ACTIVE - HISTORY:    12 CYCLES
 TTTTTTTTTTTTTTTTTTTTTTTTTTTTTT FDIK        TELAPSE      380.18 TCPU      377.58
 POSSIBLY CONDUCTING STATE - EFERMI(AU) -6.3098419E-02 (RES. CHARGE  9.66E-12;IT.  4)
 TTTTTTTTTTTTTTTTTTTTTTTTTTTTTT PDIG        TELAPSE      382.21 TCPU      379.61
 CHARGE NORMALIZATION FACTOR   1.00000000
 TOTAL ATOMIC CHARGES:
   6.0007310   6.0007310   6.0007310   6.0007310   6.0438825   6.0438825
   6.0438825   6.0438825   5.9553865   5.9553865   5.9553865   5.9553865
 SUMMED SPIN DENSITY           0.00000000
 TOTAL ATOMIC SPINS  :
  -0.0000000  -0.0000000  -0.0000000  -0.0000000   0.0000000   0.0000000
   0.0000000   0.0000000  -0.0000000  -0.0000000  -0.0000000  -0.0000000
 TTTTTTTTTTTTTTTTTTTTTTTTTTTTTT MOQGAD      TELAPSE      382.22 TCPU      379.62
 TTTTTTTTTTTTTTTTTTTTTTTTTTTTTT SHELLXN     TELAPSE      406.15 TCPU      403.53
 TTTTTTTTTTTTTTTTTTTTTTTTTTTTTT MONMO3      TELAPSE      406.17 TCPU      403.56
 NUMERICALLY INTEGRATED DENSITY     35.9999918341     35.9999918341
 TTTTTTTTTTTTTTTTTTTTTTTTTTTTTT NUMDFT      TELAPSE      406.52 TCPU      403.90
 CYC  13 ETOT(AU) -4.568994991681E+02 DETOT -4.19E-09 tst  1.68E-12 PX  8.76E-07
 TTTTTTTTTTTTTTTTTTTTTTTTTTTTTT DIIS        TELAPSE      406.70 TCPU      404.08
 DIIS TEST: 0.18718E-11 AT SCF   CYCLE  13 - DIIS ACTIVE - HISTORY:    13 CYCLES
 TTTTTTTTTTTTTTTTTTTTTTTTTTTTTT FDIK        TELAPSE      408.62 TCPU      406.00
 POSSIBLY CONDUCTING STATE - EFERMI(AU) -6.3098394E-02 (RES. CHARGE  3.98E-13;IT.  4)
 TTTTTTTTTTTTTTTTTTTTTTTTTTTTTT PDIG        TELAPSE      410.66 TCPU      408.04
 CHARGE NORMALIZATION FACTOR   1.00000000
 TOTAL ATOMIC CHARGES:
   6.0007310   6.0007310   6.0007310   6.0007310   6.0438825   6.0438825
   6.0438825   6.0438825   5.9553865   5.9553865   5.9553865   5.9553865
 SUMMED SPIN DENSITY           0.00000000
 TOTAL ATOMIC SPINS  :
   0.0000000   0.0000000   0.0000000   0.0000000  -0.0000000  -0.0000000
  -0.0000000  -0.0000000   0.0000000   0.0000000   0.0000000   0.0000000
 TTTTTTTTTTTTTTTTTTTTTTTTTTTTTT MOQGAD      TELAPSE      410.67 TCPU      408.04
 TTTTTTTTTTTTTTTTTTTTTTTTTTTTTT SHELLXN     TELAPSE      434.59 TCPU      431.95
 TTTTTTTTTTTTTTTTTTTTTTTTTTTTTT MONMO3      TELAPSE      434.62 TCPU      431.98
 NUMERICALLY INTEGRATED DENSITY     35.9999918341     35.9999918341
 TTTTTTTTTTTTTTTTTTTTTTTTTTTTTT NUMDFT      TELAPSE      434.96 TCPU      432.32
 CYC  14 ETOT(AU) -4.568994991688E+02 DETOT -6.56E-10 tst  2.65E-14 PX  1.64E-07
 TTTTTTTTTTTTTTTTTTTTTTTTTTTTTT DIIS        TELAPSE      435.15 TCPU      432.50
 DIIS TEST: 0.11382E-11 AT SCF   CYCLE  14 - DIIS ACTIVE - HISTORY:    14 CYCLES
 TTTTTTTTTTTTTTTTTTTTTTTTTTTTTT FDIK        TELAPSE      437.07 TCPU      434.41
 POSSIBLY CONDUCTING STATE - EFERMI(AU) -6.3098392E-02 (RES. CHARGE  0.00E+00;IT.  4)
 TTTTTTTTTTTTTTTTTTTTTTTTTTTTTT PDIG        TELAPSE      439.10 TCPU      436.44
 CHARGE NORMALIZATION FACTOR   1.00000000
 TOTAL ATOMIC CHARGES:
   6.0007310   6.0007310   6.0007310   6.0007310   6.0438825   6.0438825
   6.0438825   6.0438825   5.9553865   5.9553865   5.9553865   5.9553865
 SUMMED SPIN DENSITY          -0.00000000
 TOTAL ATOMIC SPINS  :
   0.0000000   0.0000000   0.0000000   0.0000000   0.0000000   0.0000000
   0.0000000   0.0000000  -0.0000000  -0.0000000  -0.0000000  -0.0000000
 TTTTTTTTTTTTTTTTTTTTTTTTTTTTTT MOQGAD      TELAPSE      439.10 TCPU      436.44
 TTTTTTTTTTTTTTTTTTTTTTTTTTTTTT SHELLXN     TELAPSE      463.21 TCPU      460.54
 +++ ENERGIES IN A.U. +++
 ::: EXT EL-POLE                                  -2.0232754577427E+03
 ::: EXT EL-SPHEROPOLE                             1.7949924070601E+01
 ::: BIELET ZONE E-E                               2.0963093003000E+03
 ::: TOTAL E-E                                     9.0983766627901E+01
 ::: TOTAL E-N + N-E                              -7.9943676186909E+02
 ::: TOTAL N-N                                    -1.5104238993952E+02
 ::: KINETIC ENERGY                                4.5527165228247E+02
 ::: PSEUDO TOTAL   ENERGY                        -4.0422373289824E+02
 ::: VIRIAL COEFFICIENT                            1.0593928952550E+00
 TTTTTTTTTTTTTTTTTTTTTTTTTTTTTT MONMO3      TELAPSE      463.24 TCPU      460.57
 NUMERICALLY INTEGRATED DENSITY     35.9999918341     35.9999918341
 EXCHANGE ENERGY: -0.496466496770E+02  CORRELATION ENERGY: -0.302911659369E+01
 TTTTTTTTTTTTTTTTTTTTTTTTTTTTTT NUMDFT      TELAPSE      463.58 TCPU      460.91
 CYC  15 ETOT(AU) -4.568994991689E+02 DETOT -1.41E-10 tst  5.05E-15 PX  1.64E-07

 == SCF ENDED - CONVERGENCE ON ENERGY      E(AU) -4.5689949916892E+02 CYCLES  15


 ENERGY EXPRESSION=HARTREE+FOCK EXCH*0.20000+(BECKE      EXCH)*0.80000+LYP        CORR


 TOTAL ENERGY(DFT)(AU)( 15) -4.5689949916892E+02 DE-1.4E-10 tester 5.0E-15
 TTTTTTTTTTTTTTTTTTTTTTTTTTTTTT EDFT        TELAPSE      463.59 TCPU      460.92
 
 INFORMATION **** DFTD3 ENERGY **** CALCULATE DFTD3 ENERGY

           DFT-D V3(BJ)
 DF                                         b3-lyp    
 parameters
 s6       :    1.0000
 s8       :    1.9889
 a1       :    0.3981
 a2       :    4.4211
 k1 k3    :   16.0000   -4.0000
 Cutoff   :   50.2022
 CN-Cutoff:   21.1671
 ABC-Cutoff:   21.1671
 
 Edisp /kcal,au:   -81.0152 -0.12910597

 E6    /kcal :   -38.8897
 E8    /kcal :   -42.1256
 
 INFORMATION **** DFTD3 ENERGY **** NORMAL TERMINATION OF DFTD3 MODULE

 *******************************************************************************

 DFT-D3 DISPERSION ENERGY CORRECTION

 D3 DISPERSION ENERGY (AU)       -1.2910596612278E-01
 TOTAL ENERGY + DISP (AU)        -4.5702860513505E+02

 *******************************************************************************


 NEIGHBORS OF THE NON-EQUIVALENT ATOMS

 N = NUMBER OF NEIGHBORS AT DISTANCE R
    ATOM  N     R/ANG      R/AU   NEIGHBORS (ATOM LABELS AND CELL INDICES)
   1 C    1     1.5174     2.8675    5 C    0 0 0
   1 C    2     1.5890     3.0029    4 C    0 0 0    4 C   -1 0 0
   1 C    1     1.7830     3.3694    3 C    0 0 0
   1 C    2     2.4550     4.6392    8 C    0 0 0    8 C   -1 0 0
   1 C    2     2.4632     4.6549    1 C   -1 0 0    1 C    1 0 0
   1 C    2     2.5117     4.7463    9 C    0 0 0    9 C   -1 0 0

   5 C    2     1.4096     2.6638    9 C    0 0 0    9 C   -1 0 0
   5 C    1     1.5174     2.8675    1 C    0 0 0
   5 C    1     2.4046     4.5441   12 C    0 0 0
   5 C    2     2.4550     4.6392    4 C    0 0 0    4 C   -1 0 0
   5 C    2     2.4567     4.6425   11 C    0-1 0   11 C   -1-1 0
   5 C    2     2.4632     4.6549    5 C   -1 0 0    5 C    1 0 0

   9 C    2     1.4096     2.6638    5 C    0 0 0    5 C    1 0 0
   9 C    1     1.4434     2.7277   11 C    0-1 0
   9 C    1     2.4046     4.5441    8 C    0 0 0
   9 C    2     2.4567     4.6425    7 C    0-1 0    7 C    1-1 0
   9 C    2     2.4632     4.6549    9 C   -1 0 0    9 C    1 0 0
   9 C    2     2.5117     4.7463    1 C    0 0 0    1 C    1 0 0

 TTTTTTTTTTTTTTTTTTTTTTTTTTTTTT AFTER FIRST TELAPSE      463.73 TCPU      461.04
 MMMMMMMMMMMMMMMMMMMMMMMMMMMMMMMMMMMMMMMMMMMMMMMMMMMMMMMMMMMMMMMMMMMMMMMMMMMMMMM
     ALPHA+BETA ELECTRONS
 MULLIKEN POPULATION ANALYSIS - NO. OF ELECTRONS   72.000000

  ATOM    Z CHARGE  A.O. POPULATION

   1 C    6  6.001  0.853  1.121  0.744  0.519  0.439  0.433  0.387 -0.008
                   -0.011 -0.003  0.489  0.507  0.493  0.006  0.011  0.009
                    0.010  0.003
   2 C    6  6.001  0.853  1.121  0.744  0.519  0.439  0.433  0.387 -0.008
                   -0.011 -0.003  0.489  0.507  0.493  0.006  0.011  0.009
                    0.010  0.003
   3 C    6  6.001  0.853  1.121  0.744  0.519  0.439  0.433  0.387 -0.008
                   -0.011 -0.003  0.489  0.507  0.493  0.006  0.011  0.009
                    0.010  0.003
   4 C    6  6.001  0.853  1.121  0.744  0.519  0.439  0.433  0.387 -0.008
                   -0.011 -0.003  0.489  0.507  0.493  0.006  0.011  0.009
                    0.010  0.003
   5 C    6  6.044  0.854  1.120  0.762  0.447  0.498  0.455  0.402  0.002
                    0.002 -0.046  0.447  0.442  0.618  0.005  0.007  0.006
                    0.011  0.012
   6 C    6  6.044  0.854  1.120  0.762  0.447  0.498  0.455  0.402  0.002
                    0.002 -0.046  0.447  0.442  0.618  0.005  0.007  0.006
                    0.011  0.012
   7 C    6  6.044  0.854  1.120  0.762  0.447  0.498  0.455  0.402  0.002
                    0.002 -0.046  0.447  0.442  0.618  0.005  0.007  0.006
                    0.011  0.012
   8 C    6  6.044  0.854  1.120  0.762  0.447  0.498  0.455  0.402  0.002
                    0.002 -0.046  0.447  0.442  0.618  0.005  0.007  0.006
                    0.011  0.012
   9 C    6  5.955  0.854  1.121  0.762  0.389  0.495  0.479  0.398  0.013
                    0.014 -0.042  0.402  0.408  0.621  0.005  0.007  0.005
                    0.013  0.012
  10 C    6  5.955  0.854  1.121  0.762  0.389  0.495  0.479  0.398  0.013
                    0.014 -0.042  0.402  0.408  0.621  0.005  0.007  0.005
                    0.013  0.012
  11 C    6  5.955  0.854  1.121  0.762  0.389  0.495  0.479  0.398  0.013
                    0.014 -0.042  0.402  0.408  0.621  0.005  0.007  0.005
                    0.013  0.012
  12 C    6  5.955  0.854  1.121  0.762  0.389  0.495  0.479  0.398  0.013
                    0.014 -0.042  0.402  0.408  0.621  0.005  0.007  0.005
                    0.013  0.012

  ATOM    Z CHARGE  SHELL POPULATION

   1 C    6  6.001  0.853  1.121  0.744  0.519  1.259 -0.023  1.489  0.038
   2 C    6  6.001  0.853  1.121  0.744  0.519  1.259 -0.023  1.489  0.038
   3 C    6  6.001  0.853  1.121  0.744  0.519  1.259 -0.023  1.489  0.038
   4 C    6  6.001  0.853  1.121  0.744  0.519  1.259 -0.023  1.489  0.038
   5 C    6  6.044  0.854  1.120  0.762  0.447  1.355 -0.042  1.507  0.041
   6 C    6  6.044  0.854  1.120  0.762  0.447  1.355 -0.042  1.507  0.041
   7 C    6  6.044  0.854  1.120  0.762  0.447  1.355 -0.042  1.507  0.041
   8 C    6  6.044  0.854  1.120  0.762  0.447  1.355 -0.042  1.507  0.041
   9 C    6  5.955  0.854  1.121  0.762  0.389  1.372 -0.015  1.431  0.042
  10 C    6  5.955  0.854  1.121  0.762  0.389  1.372 -0.015  1.431  0.042
  11 C    6  5.955  0.854  1.121  0.762  0.389  1.372 -0.015  1.431  0.042
  12 C    6  5.955  0.854  1.121  0.762  0.389  1.372 -0.015  1.431  0.042

 OVERLAP POPULATION CONDENSED TO ATOMS FOR FIRST   6 NEIGHBORS

 ATOM A   1 C    ATOM B     CELL      R(AB)/AU R(AB)/ANG    OVPOP(AB)
                  5 C    (  0  0  0)     2.867     1.517     0.330
                  4 C    (  0  0  0)     3.003     1.589     0.315
                  3 C    (  0  0  0)     3.369     1.783     0.287
                  8 C    (  0  0  0)     4.639     2.455    -0.027
                  1 C    ( -1  0  0)     4.655     2.463    -0.032
                  9 C    (  0  0  0)     4.746     2.512    -0.029

 ATOM A   5 C    ATOM B     CELL      R(AB)/AU R(AB)/ANG    OVPOP(AB)
                  9 C    (  0  0  0)     2.664     1.410     0.437
                  1 C    (  0  0  0)     2.867     1.517     0.330
                 12 C    (  0  0  0)     4.544     2.405     0.011
                  4 C    (  0  0  0)     4.639     2.455    -0.027
                 11 C    (  0 -1  0)     4.643     2.457    -0.025
                  5 C    ( -1  0  0)     4.655     2.463    -0.030

 ATOM A   9 C    ATOM B     CELL      R(AB)/AU R(AB)/ANG    OVPOP(AB)
                  5 C    (  0  0  0)     2.664     1.410     0.437
                 11 C    (  0 -1  0)     2.728     1.443     0.439
                  8 C    (  0  0  0)     4.544     2.405     0.011
                  7 C    (  0 -1  0)     4.643     2.457    -0.025
                  9 C    ( -1  0  0)     4.655     2.463    -0.020
                  1 C    (  0  0  0)     4.746     2.512    -0.029
 TTTTTTTTTTTTTTTTTTTTTTTTTTTTTT AFTER FIRST TELAPSE      464.42 TCPU      461.10
 MMMMMMMMMMMMMMMMMMMMMMMMMMMMMMMMMMMMMMMMMMMMMMMMMMMMMMMMMMMMMMMMMMMMMMMMMMMMMMM
     ALPHA-BETA ELECTRONS
 MULLIKEN POPULATION ANALYSIS - NO. OF ELECTRONS   -0.000000

  ATOM    Z CHARGE  A.O. POPULATION

   1 C    6  0.000  0.000 -0.000  0.000  0.000  0.000  0.000 -0.000 -0.000
                   -0.000  0.000  0.000  0.000 -0.000  0.000 -0.000 -0.000
                   -0.000  0.000
   2 C    6  0.000  0.000 -0.000  0.000  0.000  0.000  0.000 -0.000 -0.000
                   -0.000  0.000  0.000  0.000 -0.000  0.000 -0.000 -0.000
                   -0.000  0.000
   3 C    6  0.000  0.000 -0.000  0.000  0.000  0.000  0.000 -0.000 -0.000
                   -0.000  0.000  0.000  0.000 -0.000  0.000 -0.000 -0.000
                   -0.000  0.000
   4 C    6  0.000  0.000 -0.000  0.000  0.000  0.000  0.000 -0.000 -0.000
                   -0.000  0.000  0.000  0.000 -0.000  0.000 -0.000 -0.000
                   -0.000  0.000
   5 C    6  0.000  0.000  0.000 -0.000 -0.000  0.000 -0.000  0.000 -0.000
                    0.000 -0.000  0.000  0.000  0.000 -0.000  0.000 -0.000
                    0.000  0.000
   6 C    6  0.000  0.000  0.000 -0.000 -0.000  0.000 -0.000  0.000 -0.000
                    0.000 -0.000  0.000  0.000  0.000 -0.000  0.000 -0.000
                    0.000  0.000
   7 C    6  0.000  0.000  0.000 -0.000 -0.000  0.000 -0.000  0.000 -0.000
                    0.000 -0.000  0.000  0.000  0.000 -0.000  0.000 -0.000
                    0.000  0.000
   8 C    6  0.000  0.000  0.000 -0.000 -0.000  0.000 -0.000  0.000 -0.000
                    0.000 -0.000  0.000  0.000  0.000 -0.000  0.000 -0.000
                    0.000  0.000
   9 C    6 -0.000  0.000 -0.000 -0.000  0.000 -0.000 -0.000 -0.000  0.000
                   -0.000  0.000 -0.000  0.000 -0.000 -0.000 -0.000 -0.000
                   -0.000 -0.000
  10 C    6 -0.000  0.000 -0.000 -0.000  0.000 -0.000 -0.000 -0.000  0.000
                   -0.000  0.000 -0.000  0.000 -0.000 -0.000 -0.000 -0.000
                   -0.000 -0.000
  11 C    6 -0.000  0.000 -0.000 -0.000  0.000 -0.000 -0.000 -0.000  0.000
                   -0.000  0.000 -0.000  0.000 -0.000 -0.000 -0.000 -0.000
                   -0.000 -0.000
  12 C    6 -0.000  0.000 -0.000 -0.000  0.000 -0.000 -0.000 -0.000  0.000
                   -0.000  0.000 -0.000  0.000 -0.000 -0.000 -0.000 -0.000
                   -0.000 -0.000

  ATOM    Z CHARGE  SHELL POPULATION

   1 C    6  0.000  0.000 -0.000  0.000  0.000  0.000  0.000  0.000 -0.000
   2 C    6  0.000  0.000 -0.000  0.000  0.000  0.000  0.000  0.000 -0.000
   3 C    6  0.000  0.000 -0.000  0.000  0.000  0.000  0.000  0.000 -0.000
   4 C    6  0.000  0.000 -0.000  0.000  0.000  0.000  0.000  0.000 -0.000
   5 C    6  0.000  0.000  0.000 -0.000 -0.000  0.000 -0.000  0.000  0.000
   6 C    6  0.000  0.000  0.000 -0.000 -0.000  0.000 -0.000  0.000  0.000
   7 C    6  0.000  0.000  0.000 -0.000 -0.000  0.000 -0.000  0.000  0.000
   8 C    6  0.000  0.000  0.000 -0.000 -0.000  0.000 -0.000  0.000  0.000
   9 C    6 -0.000  0.000 -0.000 -0.000  0.000 -0.000  0.000 -0.000 -0.000
  10 C    6 -0.000  0.000 -0.000 -0.000  0.000 -0.000  0.000 -0.000 -0.000
  11 C    6 -0.000  0.000 -0.000 -0.000  0.000 -0.000  0.000 -0.000 -0.000
  12 C    6 -0.000  0.000 -0.000 -0.000  0.000 -0.000  0.000 -0.000 -0.000

 OVERLAP POPULATION CONDENSED TO ATOMS FOR FIRST   6 NEIGHBORS

 ATOM A   1 C    ATOM B     CELL      R(AB)/AU R(AB)/ANG    OVPOP(AB)
                  5 C    (  0  0  0)     2.867     1.517     0.000
                  4 C    (  0  0  0)     3.003     1.589    -0.000
                  3 C    (  0  0  0)     3.369     1.783     0.000
                  8 C    (  0  0  0)     4.639     2.455    -0.000
                  1 C    ( -1  0  0)     4.655     2.463     0.000
                  9 C    (  0  0  0)     4.746     2.512     0.000

 ATOM A   5 C    ATOM B     CELL      R(AB)/AU R(AB)/ANG    OVPOP(AB)
                  9 C    (  0  0  0)     2.664     1.410    -0.000
                  1 C    (  0  0  0)     2.867     1.517     0.000
                 12 C    (  0  0  0)     4.544     2.405    -0.000
                  4 C    (  0  0  0)     4.639     2.455    -0.000
                 11 C    (  0 -1  0)     4.643     2.457     0.000
                  5 C    ( -1  0  0)     4.655     2.463    -0.000

 ATOM A   9 C    ATOM B     CELL      R(AB)/AU R(AB)/ANG    OVPOP(AB)
                  5 C    (  0  0  0)     2.664     1.410    -0.000
                 11 C    (  0 -1  0)     2.728     1.443    -0.000
                  8 C    (  0  0  0)     4.544     2.405    -0.000
                  7 C    (  0 -1  0)     4.643     2.457     0.000
                  9 C    ( -1  0  0)     4.655     2.463     0.000
                  1 C    (  0  0  0)     4.746     2.512     0.000
 EIGENVECTORS IN FORTRAN UNIT 10
 TTTTTTTTTTTTTTTTTTTTTTTTTTTTTT END         TELAPSE      464.75 TCPU      461.40
 EEEEEEEEEE TERMINATION  DATE 28 01 2026 TIME 20:51:16.1
NODE    0 CPU TIME =       461.398
NODE    1 CPU TIME =       462.322
NODE    2 CPU TIME =       461.497
NODE    3 CPU TIME =       462.038
NODE    4 CPU TIME =       462.238
NODE    5 CPU TIME =       462.178
NODE    6 CPU TIME =       461.434
NODE    7 CPU TIME =       462.269
NODE    8 CPU TIME =       461.506
NODE    9 CPU TIME =       462.221
NODE   10 CPU TIME =       461.762
NODE   11 CPU TIME =       462.837
NODE   12 CPU TIME =       461.715
NODE   13 CPU TIME =       462.387
NODE   14 CPU TIME =       461.777
NODE   15 CPU TIME =       462.028
NODE   16 CPU TIME =       461.473
NODE   17 CPU TIME =       462.267
NODE   18 CPU TIME =       461.416
NODE   19 CPU TIME =       462.208
NODE   20 CPU TIME =       461.640
NODE   21 CPU TIME =       462.337
NODE   22 CPU TIME =       461.377
NODE   23 CPU TIME =       462.205
NODE   24 CPU TIME =       461.604
NODE   25 CPU TIME =       462.109
NODE   26 CPU TIME =       461.527
NODE   27 CPU TIME =       462.062
NODE   28 CPU TIME =       461.814
NODE   29 CPU TIME =       462.299
NODE   30 CPU TIME =       461.846
NODE   31 CPU TIME =       462.120
    TOTAL CPU TIME =     14781.913
