MPI startup(): Warning: I_MPI_PMI_LIBRARY will be ignored since the hydra process manager was found
MPI startup(): Warning: I_MPI_PMI_LIBRARY will be ignored since the hydra process manager was found
MPI startup(): Warning: I_MPI_PMI_LIBRARY will be ignored since the hydra process manager was found
MPI startup(): Warning: I_MPI_PMI_LIBRARY will be ignored since the hydra process manager was found
MPI startup(): Warning: I_MPI_PMI_LIBRARY will be ignored since the hydra process manager was found
MPI startup(): Warning: I_MPI_PMI_LIBRARY will be ignored since the hydra process manager was found
MPI startup(): Warning: I_MPI_PMI_LIBRARY will be ignored since the hydra process manager was found
MPI startup(): Warning: I_MPI_PMI_LIBRARY will be ignored since the hydra process manager was found
MPI startup(): Warning: I_MPI_PMI_LIBRARY will be ignored since the hydra process manager was found
MPI startup(): Warning: I_MPI_PMI_LIBRARY will be ignored since the hydra process manager was found
MPI startup(): Warning: I_MPI_PMI_LIBRARY will be ignored since the hydra process manager was found
MPI startup(): Warning: I_MPI_PMI_LIBRARY will be ignored since the hydra process manager was found
MPI startup(): Warning: I_MPI_PMI_LIBRARY will be ignored since the hydra process manager was found
MPI startup(): Warning: I_MPI_PMI_LIBRARY will be ignored since the hydra process manager was found
MPI startup(): Warning: I_MPI_PMI_LIBRARY will be ignored since the hydra process manager was found
MPI startup(): Warning: I_MPI_PMI_LIBRARY will be ignored since the hydra process manager was found
MPI startup(): Warning: I_MPI_PMI_LIBRARY will be ignored since the hydra process manager was found
MPI startup(): Warning: I_MPI_PMI_LIBRARY will be ignored since the hydra process manager was found
MPI startup(): Warning: I_MPI_PMI_LIBRARY will be ignored since the hydra process manager was found
MPI startup(): Warning: I_MPI_PMI_LIBRARY will be ignored since the hydra process manager was found
MPI startup(): Warning: I_MPI_PMI_LIBRARY will be ignored since the hydra process manager was found
MPI startup(): Warning: I_MPI_PMI_LIBRARY will be ignored since the hydra process manager was found
MPI startup(): Warning: I_MPI_PMI_LIBRARY will be ignored since the hydra process manager was found
MPI startup(): Warning: I_MPI_PMI_LIBRARY will be ignored since the hydra process manager was found
MPI startup(): Warning: I_MPI_PMI_LIBRARY will be ignored since the hydra process manager was found
MPI startup(): Warning: I_MPI_PMI_LIBRARY will be ignored since the hydra process manager was found
MPI startup(): Warning: I_MPI_PMI_LIBRARY will be ignored since the hydra process manager was found
MPI startup(): Warning: I_MPI_PMI_LIBRARY will be ignored since the hydra process manager was found
MPI startup(): Warning: I_MPI_PMI_LIBRARY will be ignored since the hydra process manager was found
MPI startup(): Warning: I_MPI_PMI_LIBRARY will be ignored since the hydra process manager was found
MPI startup(): Warning: I_MPI_PMI_LIBRARY will be ignored since the hydra process manager was found
MPI startup(): Warning: I_MPI_PMI_LIBRARY will be ignored since the hydra process manager was found
 PROCESS           26  OF           32  WORKING
 PROCESS           16  OF           32  WORKING
 PROCESS            8  OF           32  WORKING
 PROCESS           15  OF           32  WORKING
 PROCESS           29  OF           32  WORKING
 PROCESS           10  OF           32  WORKING
 PROCESS           14  OF           32  WORKING
 PROCESS           17  OF           32  WORKING
 PROCESS           21  OF           32  WORKING
 PROCESS            6  OF           32  WORKING
 PROCESS           11  OF           32  WORKING
 PROCESS           13  OF           32  WORKING
 PROCESS           12  OF           32  WORKING
 PROCESS           18  OF           32  WORKING
 PROCESS           28  OF           32  WORKING
 PROCESS            1  OF           32  WORKING
 PROCESS           30  OF           32  WORKING
 PROCESS            2  OF           32  WORKING
 PROCESS            5  OF           32  WORKING
 PROCESS           22  OF           32  WORKING
 PROCESS           24  OF           32  WORKING
 PROCESS            3  OF           32  WORKING
 PROCESS           25  OF           32  WORKING
 PROCESS           27  OF           32  WORKING
 PROCESS           20  OF           32  WORKING
 PROCESS           23  OF           32  WORKING
 PROCESS           19  OF           32  WORKING
 PROCESS            0  OF           32  WORKING
 PROCESS            7  OF           32  WORKING
 PROCESS           31  OF           32  WORKING
 PROCESS            4  OF           32  WORKING

         
 *******************************************************************************
 *                                                                             *
 *                               CRYSTAL23                                     *
 *                      public : 1.0.1 - October 2022                          *
 *                       HTTP://WWW.CRYSTAL.UNITO.IT                           *
 *                                                                             *
 *                              MAIN AUTHORS                                   *
 *                                                                             *
 *  R. DOVESI(1,11), V.R. SAUNDERS(2), C. ROETTI(1,11), R. ORLANDO(1,11),      *
 *  C.M. ZICOVICH-WILSON(1,3), F. PASCALE(4), B. CIVALLERI(1,11),              *
 *  K. DOLL(5), N.M. HARRISON(6), I.J. BUSH(7), Ph. D'ARCO(8),                 *
 *  M. LLUNELL(9), M. CAUSA'(10), Y. NOEL(8), L. MASCHIO(1,11), A. ERBA(1,11)  *
 *  M. RE'RAT(14), S. CASASSA(1,11), B.G. SEARLE(2), J.K. DESMARAIS(1)         *
 *                                                                             *
 *        CONTRIBUTIONS TO THE CODE HAVE ALSO BEEN GIVEN BY                    *
 *                                                                             *
 *  M. FERRABONE(1,11), M. DE LA PIERRE(1,11), M. FERRERO(1,11),               *
 *  J. BAIMA(1,11), E. ALBANESE(1,11), M.F. PEINTINGER(12), R. BAST(13),       *
 *  B. KIRTMAN(15), V. LACIVITA(1,11), R. DEMICHELIS(1,16)                     *
 *  G. BRANDEBURG(17), S. SALUSTRO(1,11), G. SANSONE(1,11)                     *
 *  M.T. RUGGIERO(18), L.E. DAGA(1), L. DONA'(1), A. COSSARD(1)                *
 *                                                                             *
 * (1) THEORETICAL CHEMISTRY GROUP - UNIVERSITA' DI TORINO - TORINO (ITALY)    *
 * (2) SCIENTIFIC COMPUTING DEPARTMENT - STFC DARESBURY (UK)                   *
 * (3) UNIVERSIDAD AUTONOMA DEL ESTADO DE MORELOS - CUERNAVACA (MEXICO)        *
 * (4) UNIVERSITE' DE LORRAINE - NANCY (FRANCE)                                *
 * (5) UNIVERSITAET STUTTGART- STUTTGART (GERMANY)                             *
 * (6) IMPERIAL COLLEGE - LONDON (UK)                                          *
 * (7) SCIENTIFIC COMPUTING DEPARTMENT - STFC RAL (UK)                         *
 * (8) UPMC - SORBONNE UNIVERSITES - PARIS (FRANCE)                            *
 * (9) UNIVERSIDAD DE BARCELONA - BARCELONA (SPAIN)                            *
 *(10) UNIVERSITA' DI NAPOLI "FEDERICO II" - NAPOLI (ITALY)                    *
 *(11) NIS - NANOSTRUCTURED INTERFACES AND SURFACES - TORINO (ITALY)           *
 *(12) MPI FUER CHEMISCHE ENERGIEKONVERSION - MUELHEIM AN DER RUHR (GERMANY)   *
 *(13) UNIVERSITY OF TROMSO - TROMSO (NORWAY)                                  *
 *(14) UNIVERSITE' DE PAU ET DES PAYS DE L'ADOUR - PAU (FRANCE)                *
 *(15) UNIVERSITY OF CALIFORNIA SANTA BARBARA - SANTA BARBARA (USA)            *
 *(16) CURTIN UNIVERSITY - PERTH (AUSTRALIA)                                   *
 *(17) UNIVERSITY COLLEGE LONDON - LONDON (UK)                                 *
 *(18) UNIVERSITY OF VERMONT - BURLINGTON (USA)                                *
 *                                                                             *
 *******************************************************************************
 EEEEEEEEEE STARTING  DATE 30 01 2026 TIME 23:24:01.7
 ./3^3T39-CA_rev1_sp_B3LYP-D3-D3_optimized                                       
 PROCESS            9  OF           32  WORKING

 CRYSTAL CALCULATION
 (INPUT ACCORDING TO THE INTERNATIONAL TABLES FOR X-RAY CRYSTALLOGRAPHY)
 CRYSTAL FAMILY                       :  TETRAGONAL  
 CRYSTAL CLASS  (GROTH - 1921)        :  DITETRAGONAL DIPYRAMIDAL             

 SPACE GROUP (CENTROSYMMETRIC)        :  P 42/N M C      

 LATTICE PARAMETERS  (ANGSTROMS AND DEGREES) - CONVENTIONAL CELL
        A           B           C        ALPHA        BETA       GAMMA
     6.87108     6.87108     8.44536    90.00000    90.00000    90.00000


 NUMBER OF IRREDUCIBLE ATOMS IN THE CONVENTIONAL CELL:    3

 INPUT COORDINATES

 ATOM AT. N.              COORDINATES
   1   6     4.203021093410E-01  2.998084498693E-02 -4.621126388270E-01
   2   6     4.545912022083E-01 -3.483859140680E-01 -1.891794847273E-01
   3   6    -2.500000000000E-01 -1.522347386306E-01 -4.830382185342E-01

 *******************************************************************************

 << INFORMATION >>: FROM NOW ON, ALL COORDINATES REFER TO THE PRIMITIVE CELL

 *******************************************************************************

 LATTICE PARAMETERS  (ANGSTROMS AND DEGREES) - PRIMITIVE CELL
       A          B          C        ALPHA      BETA     GAMMA        VOLUME
    6.87108    6.87108    8.44536    90.00000  90.00000  90.00000    398.720397

 COORDINATES OF THE EQUIVALENT ATOMS (FRACTIONAL UNITS)

 N. ATOM EQUIV AT. N.          X                  Y                  Z

   1   1   1    6 C     4.20302109341E-01  2.99808449869E-02 -4.62112638827E-01
   2   1   2    6 C     7.96978906590E-02  4.70019155013E-01 -4.62112638827E-01
   3   1   3    6 C    -7.96978906590E-02 -2.99808449869E-02  4.62112638827E-01
   4   1   4    6 C    -4.20302109341E-01 -4.70019155013E-01  4.62112638827E-01
   5   1   5    6 C    -2.99808449869E-02 -4.20302109341E-01 -3.78873611730E-02
   6   1   6    6 C    -4.70019155013E-01 -7.96978906590E-02 -3.78873611730E-02
   7   1   7    6 C     2.99808449869E-02  7.96978906590E-02  3.78873611730E-02
   8   1   8    6 C     4.70019155013E-01  4.20302109341E-01  3.78873611730E-02
   9   1   9    6 C    -4.20302109341E-01 -2.99808449869E-02  4.62112638827E-01
  10   1  10    6 C    -7.96978906590E-02 -4.70019155013E-01  4.62112638827E-01
  11   1  11    6 C     7.96978906590E-02  2.99808449869E-02 -4.62112638827E-01
  12   1  12    6 C     4.20302109341E-01  4.70019155013E-01 -4.62112638827E-01
  13   1  13    6 C     2.99808449869E-02  4.20302109341E-01  3.78873611730E-02
  14   1  14    6 C     4.70019155013E-01  7.96978906590E-02  3.78873611730E-02
  15   1  15    6 C    -2.99808449869E-02 -7.96978906590E-02 -3.78873611730E-02
  16   1  16    6 C    -4.70019155013E-01 -4.20302109341E-01 -3.78873611730E-02

  17   2   1    6 C     4.54591202208E-01 -3.48385914068E-01 -1.89179484727E-01
  18   2   2    6 C     4.54087977917E-02 -1.51614085932E-01 -1.89179484727E-01
  19   2   3    6 C    -4.54087977917E-02  3.48385914068E-01  1.89179484727E-01
  20   2   4    6 C    -4.54591202208E-01  1.51614085932E-01  1.89179484727E-01
  21   2   5    6 C     3.48385914068E-01 -4.54591202208E-01 -3.10820515273E-01
  22   2   6    6 C     1.51614085932E-01 -4.54087977917E-02 -3.10820515273E-01
  23   2   7    6 C    -3.48385914068E-01  4.54087977917E-02  3.10820515273E-01
  24   2   8    6 C    -1.51614085932E-01  4.54591202208E-01  3.10820515273E-01
  25   2   9    6 C    -4.54591202208E-01  3.48385914068E-01  1.89179484727E-01
  26   2  10    6 C    -4.54087977917E-02  1.51614085932E-01  1.89179484727E-01
  27   2  11    6 C     4.54087977917E-02 -3.48385914068E-01 -1.89179484727E-01
  28   2  12    6 C     4.54591202208E-01 -1.51614085932E-01 -1.89179484727E-01
  29   2  13    6 C    -3.48385914068E-01  4.54591202208E-01  3.10820515273E-01
  30   2  14    6 C    -1.51614085932E-01  4.54087977917E-02  3.10820515273E-01
  31   2  15    6 C     3.48385914068E-01 -4.54087977917E-02 -3.10820515273E-01
  32   2  16    6 C     1.51614085932E-01 -4.54591202208E-01 -3.10820515273E-01

  33   3   1    6 C    -2.50000000000E-01 -1.52234738631E-01 -4.83038218534E-01
  34   3   2    6 C    -2.50000000000E-01 -3.47765261369E-01 -4.83038218534E-01
  35   3   3    6 C     2.50000000000E-01  1.52234738631E-01  4.83038218534E-01
  36   3   4    6 C     2.50000000000E-01  3.47765261369E-01  4.83038218534E-01
  37   3   5    6 C     1.52234738631E-01  2.50000000000E-01 -1.69617814658E-02
  38   3   6    6 C     3.47765261369E-01  2.50000000000E-01 -1.69617814658E-02
  39   3   7    6 C    -1.52234738631E-01 -2.50000000000E-01  1.69617814658E-02
  40   3   8    6 C    -3.47765261369E-01 -2.50000000000E-01  1.69617814658E-02

 NUMBER OF SYMMETRY OPERATORS         :   16
 *******************************************************************************
 * GEOMETRY EDITING - INPUT COORDINATES ARE GIVEN IN ANGSTROM         
 *******************************************************************************

 GEOMETRY NOW FULLY CONSISTENT WITH THE GROUP

 GCALCO - MAX INDICES DIRECT LATTICE VECTOR    15    15    13
 NO.OF VECTORS CREATED 6999 STARS  512 RMAX   165.01547 BOHR

 GEOMETRY FOR WAVE FUNCTION - DIMENSIONALITY OF THE SYSTEM    3
 (NON PERIODIC DIRECTION: LATTICE PARAMETER FORMALLY SET TO 500)
 *******************************************************************************
 LATTICE PARAMETERS (ANGSTROMS AND DEGREES) - BOHR = 0.5291772083 ANGSTROM
 PRIMITIVE CELL - CENTRING CODE 1/0 VOLUME=   398.720397 - DENSITY  1.999 g/cm^3
         A              B              C           ALPHA      BETA       GAMMA 
     6.87108140     6.87108140     8.44536193    90.000000  90.000000  90.000000
 *******************************************************************************
 ATOMS IN THE ASYMMETRIC UNIT    3 - ATOMS IN THE UNIT CELL:   40
     ATOM                 X/A                 Y/B                 Z/C    
 *******************************************************************************
      1 T   6 C     4.203021093410E-01  2.998084498693E-02 -4.621126388270E-01
      2 F   6 C     7.969789065900E-02  4.700191550131E-01 -4.621126388270E-01
      3 F   6 C    -7.969789065900E-02 -2.998084498693E-02  4.621126388270E-01
      4 F   6 C    -4.203021093410E-01 -4.700191550131E-01  4.621126388270E-01
      5 F   6 C    -2.998084498693E-02 -4.203021093410E-01 -3.788736117300E-02
      6 F   6 C    -4.700191550131E-01 -7.969789065900E-02 -3.788736117300E-02
      7 F   6 C     2.998084498693E-02  7.969789065900E-02  3.788736117300E-02
      8 F   6 C     4.700191550131E-01  4.203021093410E-01  3.788736117300E-02
      9 F   6 C    -4.203021093410E-01 -2.998084498693E-02  4.621126388270E-01
     10 F   6 C    -7.969789065900E-02 -4.700191550131E-01  4.621126388270E-01
     11 F   6 C     7.969789065900E-02  2.998084498693E-02 -4.621126388270E-01
     12 F   6 C     4.203021093410E-01  4.700191550131E-01 -4.621126388270E-01
     13 F   6 C     2.998084498693E-02  4.203021093410E-01  3.788736117300E-02
     14 F   6 C     4.700191550131E-01  7.969789065900E-02  3.788736117300E-02
     15 F   6 C    -2.998084498693E-02 -7.969789065900E-02 -3.788736117300E-02
     16 F   6 C    -4.700191550131E-01 -4.203021093410E-01 -3.788736117300E-02
     17 T   6 C     4.545912022083E-01 -3.483859140680E-01 -1.891794847273E-01
     18 F   6 C     4.540879779170E-02 -1.516140859320E-01 -1.891794847273E-01
     19 F   6 C    -4.540879779170E-02  3.483859140680E-01  1.891794847273E-01
     20 F   6 C    -4.545912022083E-01  1.516140859320E-01  1.891794847273E-01
     21 F   6 C     3.483859140680E-01 -4.545912022083E-01 -3.108205152727E-01
     22 F   6 C     1.516140859320E-01 -4.540879779170E-02 -3.108205152727E-01
     23 F   6 C    -3.483859140680E-01  4.540879779170E-02  3.108205152727E-01
     24 F   6 C    -1.516140859320E-01  4.545912022083E-01  3.108205152727E-01
     25 F   6 C    -4.545912022083E-01  3.483859140680E-01  1.891794847273E-01
     26 F   6 C    -4.540879779170E-02  1.516140859320E-01  1.891794847273E-01
     27 F   6 C     4.540879779170E-02 -3.483859140680E-01 -1.891794847273E-01
     28 F   6 C     4.545912022083E-01 -1.516140859320E-01 -1.891794847273E-01
     29 F   6 C    -3.483859140680E-01  4.545912022083E-01  3.108205152727E-01
     30 F   6 C    -1.516140859320E-01  4.540879779170E-02  3.108205152727E-01
     31 F   6 C     3.483859140680E-01 -4.540879779170E-02 -3.108205152727E-01
     32 F   6 C     1.516140859320E-01 -4.545912022083E-01 -3.108205152727E-01
     33 T   6 C    -2.500000000000E-01 -1.522347386306E-01 -4.830382185342E-01
     34 F   6 C    -2.500000000000E-01 -3.477652613694E-01 -4.830382185342E-01
     35 F   6 C     2.500000000000E-01  1.522347386306E-01  4.830382185342E-01
     36 F   6 C     2.500000000000E-01  3.477652613694E-01  4.830382185342E-01
     37 F   6 C     1.522347386306E-01  2.500000000000E-01 -1.696178146580E-02
     38 F   6 C     3.477652613694E-01  2.500000000000E-01 -1.696178146580E-02
     39 F   6 C    -1.522347386306E-01 -2.500000000000E-01  1.696178146580E-02
     40 F   6 C    -3.477652613694E-01 -2.500000000000E-01  1.696178146580E-02

 T = ATOM BELONGING TO THE ASYMMETRIC UNIT

 ****   16 SYMMOPS - TRANSLATORS IN FRACTIONAL UNITS
 **** MATRICES AND TRANSLATORS IN THE CRYSTALLOGRAPHIC REFERENCE FRAME
   V INV                    ROTATION MATRICES                   TRANSLATORS
   1   1  1.00  0.00  0.00  0.00  1.00  0.00  0.00  0.00  1.00  0.00  0.00  0.00
   2   2 -1.00  0.00  0.00  0.00 -1.00  0.00  0.00  0.00  1.00  0.50  0.50  0.00
   3   3  1.00  0.00  0.00  0.00 -1.00  0.00  0.00  0.00 -1.00  0.50  0.00  0.00
   4   4 -1.00  0.00  0.00  0.00  1.00  0.00  0.00  0.00 -1.00  0.00  0.50  0.00
   5   5  0.00 -1.00  0.00 -1.00  0.00  0.00  0.00  0.00 -1.00  0.00  0.00  0.50
   6   6  0.00  1.00  0.00  1.00  0.00  0.00  0.00  0.00 -1.00  0.50  0.50  0.50
   7   8  0.00  1.00  0.00 -1.00  0.00  0.00  0.00  0.00  1.00  0.00  0.50  0.50
   8   7  0.00 -1.00  0.00  1.00  0.00  0.00  0.00  0.00  1.00  0.50  0.00  0.50
   9   9 -1.00  0.00  0.00  0.00 -1.00  0.00  0.00  0.00 -1.00  0.00  0.00  0.00
  10  10  1.00  0.00  0.00  0.00  1.00  0.00  0.00  0.00 -1.00  0.50  0.50  0.00
  11  11 -1.00  0.00  0.00  0.00  1.00  0.00  0.00  0.00  1.00  0.50  0.00  0.00
  12  12  1.00  0.00  0.00  0.00 -1.00  0.00  0.00  0.00  1.00  0.00  0.50  0.00
  13  13  0.00  1.00  0.00  1.00  0.00  0.00  0.00  0.00  1.00  0.00  0.00  0.50
  14  14  0.00 -1.00  0.00 -1.00  0.00  0.00  0.00  0.00  1.00  0.50  0.50  0.50
  15  16  0.00 -1.00  0.00  1.00  0.00  0.00  0.00  0.00 -1.00  0.00  0.50  0.50
  16  15  0.00  1.00  0.00 -1.00  0.00  0.00  0.00  0.00 -1.00  0.50  0.00  0.50

 DIRECT LATTICE VECTORS CARTESIAN COMPONENTS (ANGSTROM)
          X                    Y                    Z
   0.687108140000E+01   0.000000000000E+00   0.000000000000E+00
   0.000000000000E+00   0.687108140000E+01   0.000000000000E+00
   0.000000000000E+00   0.000000000000E+00   0.844536193000E+01


 CARTESIAN COORDINATES - PRIMITIVE CELL
 *******************************************************************************
 *      ATOM          X(ANGSTROM)         Y(ANGSTROM)         Z(ANGSTROM)
 *******************************************************************************
    1     6 C     2.887930005874E+00  2.060008263460E-01 -3.902708487321E+00
    2     6 C     5.476106941263E-01  3.229539873654E+00 -3.902708487321E+00
    3     6 C    -5.476106941263E-01 -2.060008263460E-01  3.902708487321E+00
    4     6 C    -2.887930005874E+00 -3.229539873654E+00  3.902708487321E+00
    5     6 C    -2.060008263460E-01 -2.887930005874E+00 -3.199724776786E-01
    6     6 C    -3.229539873654E+00 -5.476106941263E-01 -3.199724776786E-01
    7     6 C     2.060008263460E-01  5.476106941263E-01  3.199724776786E-01
    8     6 C     3.229539873654E+00  2.887930005874E+00  3.199724776786E-01
    9     6 C    -2.887930005874E+00 -2.060008263460E-01  3.902708487321E+00
   10     6 C    -5.476106941263E-01 -3.229539873654E+00  3.902708487321E+00
   11     6 C     5.476106941263E-01  2.060008263460E-01 -3.902708487321E+00
   12     6 C     2.887930005874E+00  3.229539873654E+00 -3.902708487321E+00
   13     6 C     2.060008263460E-01  2.887930005874E+00  3.199724776786E-01
   14     6 C     3.229539873654E+00  5.476106941263E-01  3.199724776786E-01
   15     6 C    -2.060008263460E-01 -5.476106941263E-01 -3.199724776786E-01
   16     6 C    -3.229539873654E+00 -2.887930005874E+00 -3.199724776786E-01
   17     6 C     3.123533154097E+00 -2.393787974175E+00 -1.597689218253E+00
   18     6 C     3.120075459029E-01 -1.041752725825E+00 -1.597689218253E+00
   19     6 C    -3.120075459029E-01  2.393787974175E+00  1.597689218253E+00
   20     6 C    -3.123533154097E+00  1.041752725825E+00  1.597689218253E+00
   21     6 C     2.393787974175E+00 -3.123533154097E+00 -2.624991746747E+00
   22     6 C     1.041752725825E+00 -3.120075459029E-01 -2.624991746747E+00
   23     6 C    -2.393787974175E+00  3.120075459029E-01  2.624991746747E+00
   24     6 C    -1.041752725825E+00  3.123533154097E+00  2.624991746747E+00
   25     6 C    -3.123533154097E+00  2.393787974175E+00  1.597689218253E+00
   26     6 C    -3.120075459029E-01  1.041752725825E+00  1.597689218253E+00
   27     6 C     3.120075459029E-01 -2.393787974175E+00 -1.597689218253E+00
   28     6 C     3.123533154097E+00 -1.041752725825E+00 -1.597689218253E+00
   29     6 C    -2.393787974175E+00  3.123533154097E+00  2.624991746747E+00
   30     6 C    -1.041752725825E+00  3.120075459029E-01  2.624991746747E+00
   31     6 C     2.393787974175E+00 -3.120075459029E-01 -2.624991746747E+00
   32     6 C     1.041752725825E+00 -3.123533154097E+00 -2.624991746747E+00
   33     6 C    -1.717770350000E+00 -1.046017281039E+00 -4.079432581544E+00
   34     6 C    -1.717770350000E+00 -2.389523418961E+00 -4.079432581544E+00
   35     6 C     1.717770350000E+00  1.046017281039E+00  4.079432581544E+00
   36     6 C     1.717770350000E+00  2.389523418961E+00  4.079432581544E+00
   37     6 C     1.046017281039E+00  1.717770350000E+00 -1.432483834562E-01
   38     6 C     2.389523418961E+00  1.717770350000E+00 -1.432483834562E-01
   39     6 C    -1.046017281039E+00 -1.717770350000E+00  1.432483834562E-01
   40     6 C    -2.389523418961E+00 -1.717770350000E+00  1.432483834562E-01

 *******************************************************************************
 LOCAL ATOMIC FUNCTIONS BASIS SET
 *******************************************************************************
   ATOM   X(AU)   Y(AU)   Z(AU)  N. TYPE  EXPONENT  S COEF   P COEF   D/F/G COEF
 *******************************************************************************
   1 C    5.457   0.389  -7.375
                                  1 S  
                                         1.358E+04 2.225E-04 0.000E+00 0.000E+00
                                         2.035E+03 1.723E-03 0.000E+00 0.000E+00
                                         4.632E+02 8.926E-03 0.000E+00 0.000E+00
                                         1.312E+02 3.573E-02 0.000E+00 0.000E+00
                                         4.285E+01 1.108E-01 0.000E+00 0.000E+00
                                         1.558E+01 2.430E-01 0.000E+00 0.000E+00
                                  2 S  
                                         6.207E+00 4.144E-01 0.000E+00 0.000E+00
                                         2.576E+00 2.374E-01 0.000E+00 0.000E+00
                                  3 S  
                                         4.941E-01 1.000E+00 0.000E+00 0.000E+00
                                  4 S  
                                         1.644E-01 1.000E+00 0.000E+00 0.000E+00
                           5-     7 P  
                                         3.470E+01 0.000E+00 5.333E-03 0.000E+00
                                         7.958E+00 0.000E+00 3.586E-02 0.000E+00
                                         2.378E+00 0.000E+00 1.422E-01 0.000E+00
                                         8.143E-01 0.000E+00 3.427E-01 0.000E+00
                           8-    10 P  
                                         5.662E-01 0.000E+00 1.000E+00 0.000E+00
                          11-    13 P  
                                         2.674E-01 0.000E+00 1.000E+00 0.000E+00
                          14-    18 D  
                                         8.792E-01 0.000E+00 0.000E+00 1.000E+00
   2 C    1.035   6.103  -7.375
   3 C   -1.035  -0.389   7.375
   4 C   -5.457  -6.103   7.375
   5 C   -0.389  -5.457  -0.605
   6 C   -6.103  -1.035  -0.605
   7 C    0.389   1.035   0.605
   8 C    6.103   5.457   0.605
   9 C   -5.457  -0.389   7.375
  10 C   -1.035  -6.103   7.375
  11 C    1.035   0.389  -7.375
  12 C    5.457   6.103  -7.375
  13 C    0.389   5.457   0.605
  14 C    6.103   1.035   0.605
  15 C   -0.389  -1.035  -0.605
  16 C   -6.103  -5.457  -0.605
  17 C    5.903  -4.524  -3.019
  18 C    0.590  -1.969  -3.019
  19 C   -0.590   4.524   3.019
  20 C   -5.903   1.969   3.019
  21 C    4.524  -5.903  -4.961
  22 C    1.969  -0.590  -4.961
  23 C   -4.524   0.590   4.961
  24 C   -1.969   5.903   4.961
  25 C   -5.903   4.524   3.019
  26 C   -0.590   1.969   3.019
  27 C    0.590  -4.524  -3.019
  28 C    5.903  -1.969  -3.019
  29 C   -4.524   5.903   4.961
  30 C   -1.969   0.590   4.961
  31 C    4.524  -0.590  -4.961
  32 C    1.969  -5.903  -4.961
  33 C   -3.246  -1.977  -7.709
  34 C   -3.246  -4.516  -7.709
  35 C    3.246   1.977   7.709
  36 C    3.246   4.516   7.709
  37 C    1.977   3.246  -0.271
  38 C    4.516   3.246  -0.271
  39 C   -1.977  -3.246   0.271
  40 C   -4.516  -3.246   0.271
 INFORMATION **** SET_MPP **** PCRYSTAL CALCULATION
 INFORMATION **** READM2 **** NEW DEFAULT: FOCK/KS MATRIX MIXING SET TO 30 %
 INFORMATION **** READM2 **** NEW DEFAULT: FULL DIRECT SCF MODE
 INFORMATION **** READM2 **** NEW DEFAULT: COULOMB BIPOLAR BUFFER SET TO 32 Mb
 INFORMATION **** READM2 **** NEW DEFAULT: EXCHANGE BIPOLAR BUFFER SET TO 32 Mb

 *******************************************************************************
 NEW DEFAULT: DFT INTEGRATION GRID INCREASED TO XLGRID
 NEW DEFAULT: DIIS ACCELERATOR ACTIVE
 USE KEYWORD NODIIS TO TURN IT OFF
 *******************************************************************************

 INFORMATION **** DFTD3_INPUT **** PERFORM LATEST DISPERSION CORRECTION DFT-D3(BJ) WITH AUTOMATIC PARAMETER SETUP
 PLEASE CITE:
 (1) DFT-D3 Reference
  S. Grimme, J. Antony, S. Ehrlich, and H. Krieg, J. Chem. Phys. 132 (2010), 154104
 (2) BJ-Damping Reference
  S. Grimme, S. Ehrlich, and L. Goerigk, J. Comput. Chem. 32 (2011), 1456-1465
 (3) General DFT-D Review
  S. Grimme, A. Hansen, J. G. Brandenburg, and C. Bannwarth,
  Chem. Rev. 116 (2016), 5105-5154

 INFORMATION **** TOLINTEG **** COULOMB AND EXCHANGE SERIES TOLERANCES MODIFIED
 INFORMATION **** TOLDEE **** SCF TOL ON TOTAL ENERGY SET TO           9
 INFORMATION **** READM2 **** FULL DIRECT SCF (MONO AND BIEL INT) SELECTED
 INFORMATION **** MAXCYCLE **** MAX NUMBER OF SCF CYCLES SET TO         800
 INFORMATION **** DIIS **** DIIS FOR SCF ACTIVE
 INFORMATION **** DIIS **** LEVEL SHIFTER DISABLED
 INFORMATION **** PPAN ****  MULLIKEN POPULATION ANALYSIS AT THE END OF SCF
 *******************************************************************************
 N. OF ATOMS PER CELL        40  COULOMB OVERLAP TOL         (T1) 10**   -8
 NUMBER OF SHELLS           320  COULOMB PENETRATION TOL     (T2) 10**   -8
 NUMBER OF AO               720  EXCHANGE OVERLAP TOL        (T3) 10**   -8
 N. OF ELECTRONS PER CELL   240  EXCHANGE PSEUDO OVP (F(G))  (T4) 10**   -9
 CORE ELECTRONS PER CELL     80  EXCHANGE PSEUDO OVP (P(G))  (T5) 10**  -24
 N. OF SYMMETRY OPERATORS    16  POLE ORDER IN MONO ZONE                  4
 *******************************************************************************
 TYPE OF CALCULATION :  UNRESTRICTED OPEN SHELL
 KOHN-SHAM HAMILTONIAN

 (EXCHANGE)[CORRELATION] FUNCTIONAL:(BECKE 88)[LEE-YANG-PARR]

 NON-LOCAL WEIGHTING FACTOR (EXCHANGE) =           0.9000
 NON-LOCAL WEIGHTING FACTOR [CORRELATION] =        0.8100

 HYBRID EXCHANGE - PERCENTAGE OF FOCK EXCHANGE    20.0000

 SPIN POLARIZED DFT SELECTED

 CAPPA:IS1  6;IS2  6;IS3  6; K PTS MONK NET  40; SYMMOPS:K SPACE  16;G SPACE  16

 *******************************************************************************
 MAX NUMBER OF SCF CYCLES     800  CONVERGENCE ON DELTAP        10**-19
 WEIGHT OF F(I) IN F(I+1)      30% CONVERGENCE ON ENERGY        10**- 9
 SHRINK. FACT.(MONKH.)    6  6  6  NUMBER OF K POINTS IN THE IBZ     40
 SHRINKING FACTOR(GILAT NET)   12  NUMBER OF K POINTS(GILAT NET)    196
 *******************************************************************************
 *** K POINTS COORDINATES (OBLIQUE COORDINATES IN UNITS OF IS =  6)
   1-R(  0  0  0)   2-C(  1  0  0)   3-C(  2  0  0)   4-R(  3  0  0)
   5-C(  1  1  0)   6-C(  2  1  0)   7-C(  3  1  0)   8-C(  2  2  0)
   9-C(  3  2  0)  10-R(  3  3  0)  11-C(  0  0  1)  12-C(  1  0  1)
  13-C(  2  0  1)  14-C(  3  0  1)  15-C(  1  1  1)  16-C(  2  1  1)
  17-C(  3  1  1)  18-C(  2  2  1)  19-C(  3  2  1)  20-C(  3  3  1)
  21-C(  0  0  2)  22-C(  1  0  2)  23-C(  2  0  2)  24-C(  3  0  2)
  25-C(  1  1  2)  26-C(  2  1  2)  27-C(  3  1  2)  28-C(  2  2  2)
  29-C(  3  2  2)  30-C(  3  3  2)  31-R(  0  0  3)  32-C(  1  0  3)
  33-C(  2  0  3)  34-R(  3  0  3)  35-C(  1  1  3)  36-C(  2  1  3)
  37-C(  3  1  3)  38-C(  2  2  3)  39-C(  3  2  3)  40-R(  3  3  3)

 DIRECT LATTICE VECTORS COMPON. (A.U.)     RECIP. LATTICE VECTORS COMPON. (A.U.) 
        X            Y            Z              X            Y            Z
   12.9844621    0.0000000    0.0000000      0.4839003    0.0000000    0.0000000
    0.0000000   12.9844621    0.0000000      0.0000000    0.4839003    0.0000000
    0.0000000    0.0000000   15.9594211      0.0000000    0.0000000    0.3936976

 DISK SPACE FOR EIGENVECTORS (FTN 10)    38361600 REALS

 SYMMETRY ADAPTION OF THE BLOCH FUNCTIONS ENABLED
 TTTTTTTTTTTTTTTTTTTTTTTTTTTTTT gordsh1     TELAPSE        2.23 TCPU        0.57

 MATRIX SIZE: P(G) 2694600, F(G)  307536, P(G) IRR   88367, F(G) IRR   20234
 MAX G-VECTOR INDEX FOR 1- AND 2-ELECTRON INTEGRALS 133

 TTTTTTTTTTTTTTTTTTTTTTTTTTTTTT INPUT       TELAPSE        2.24 TCPU        0.58

 NEIGHBORS OF THE NON-EQUIVALENT ATOMS

 N = NUMBER OF NEIGHBORS AT DISTANCE R
    ATOM  N     R/ANG      R/AU   NEIGHBORS (ATOM LABELS AND CELL INDICES)
   1 C    1     1.3337     2.5203    9 C    1 0-1
   1 C    1     1.4646     2.7677   31 C    0 0 0
   1 C    1     1.5131     2.8593   35 C    0 0-1
   1 C    1     2.3042     4.3543   22 C    0 0 0
   1 C    1     2.3403     4.4226   11 C    0 0 0
   1 C    1     2.4929     4.7110   23 C    1 0-1

  17 C    1     1.3520     2.5550   28 C    0 0 0
  17 C    1     1.4562     2.7517   21 C    0 0 0
  17 C    1     1.4646     2.7677   16 C    1 0 0
  17 C    1     2.3042     4.3543    6 C    1 0 0
  17 C    1     2.3091     4.3636   40 C    1 0 0
  17 C    2     2.4335     4.5986   31 C    0 0 0   32 C    0 0 0

  33 C    1     1.3435     2.5389   34 C    0 0 0
  33 C    2     1.5131     2.8593    3 C    0 0-1    9 C    0 0-1
  33 C    2     2.3091     4.3636   23 C    0 0-1   30 C    0 0-1
  33 C    2     2.5202     4.7626    4 C    0 0-1   10 C    0 0-1
  33 C    2     2.5944     4.9026    1 C   -1 0 0   11 C    0 0 0
  33 C    2     3.2045     6.0557   22 C    0 0 0   31 C   -1 0 0


 SYMMETRY ALLOWED INTERNAL DEGREE(S) OF FREEDOM:   8
 TTTTTTTTTTTTTTTTTTTTTTTTTTTTTT SYMM        TELAPSE        2.30 TCPU        0.63
 TTTTTTTTTTTTTTTTTTTTTTTTTTTTTT INT_SCREEN  TELAPSE        2.32 TCPU        0.64

 DFT PARAMETERS

     ATOM       ELECTRONS   NET CHARGE   R(ANGSTROM)
   1   6  C       6.0000      0.0000     0.77000000

 SIZE OF GRID=      79410
 TTTTTTTTTTTTTTTTTTTTTTTTTTTTTT MAKE_GRID2  TELAPSE        2.61 TCPU        0.93
 BECKE WEIGHT FUNCTION
 RADSAFE =     2.00
 TOLERANCES - DENSITY:10**- 6; POTENTIAL:10**- 9; GRID WGT:10**-14

 RADIAL INTEGRATION  - INTERVALS (POINTS,UPPER LIMIT):            1( 75,  4.0*R)

 ANGULAR INTEGRATION - INTERVALS (ACCURACY LEVEL [N. POINTS] UPPER LIMIT):
  1(  4[  86]   0.2)  2(  8[ 194]   0.5)  3( 12[ 350]   0.9)  4( 16[ 974]   3.5)
  5( 12[ 350]9999.0)
 TTTTTTTTTTTTTTTTTTTTTTTTTTTTTT INT_CALC    TELAPSE        2.62 TCPU        0.95
 EEEEEEEEEE INT_CALC TERMINATION  DATE 30 01 2026 TIME 23:24:02.6

 *******************************************************************************
 ./3^3T39-CA_rev1_sp_B3LYP-D3-D3_optimized                                       
 CRYSTAL - SCF - TYPE OF CALCULATION :  UNRESTRICTED OPEN SHELL
 *******************************************************************************

 CAPPA:IS1  6;IS2  6;IS3  6; K PTS MONK NET  40; SYMMOPS:K SPACE  16;G SPACE  16

 TTTTTTTTTTTTTTTTTTTTTTTTTTTTTT SDIK        TELAPSE        2.96 TCPU        1.28

 AAAAAAAAAAAAAAAAAAAAAAAAAAAAAAAAAAAAAAAAAAAAAAAAAAAAAAAAAAAAAAAAAAAAAAAAAAAAAAA
         ATOMIC WAVEFUNCTION(S)


 NUCLEAR CHARGE  6.0  SYMMETRY SPECIES            S    P
 N. ELECTRONS    6.0  NUMBER OF PRIMITIVE GTOS   10    6
                      NUMBER OF CONTRACTED GTOS   4    3
                      NUMBER OF CLOSED SHELLS     2    0
                      OPEN SHELL OCCUPATION       0    2

  ZNUC  SCFIT    TOTAL HF ENERGY   KINETIC ENERGY   VIRIAL THEOREM ACCURACY
   6.0    10    -3.766702350E+01  3.783137943E+01 -1.995655566E+00  1.6E-06

 AAAAAAAAAAAAAAAAAAAAAAAAAAAAAAAAAAAAAAAAAAAAAAAAAAAAAAAAAAAAAAAAAAAAAAAAAAAAAAA

 CHARGE NORMALIZATION FACTOR   1.00000000
 TOTAL ATOMIC CHARGES:
   6.0000000   6.0000000   6.0000000   6.0000000   6.0000000   6.0000000
   6.0000000   6.0000000   6.0000000   6.0000000   6.0000000   6.0000000
   6.0000000   6.0000000   6.0000000   6.0000000   6.0000000   6.0000000
   6.0000000   6.0000000   6.0000000   6.0000000   6.0000000   6.0000000
   6.0000000   6.0000000   6.0000000   6.0000000   6.0000000   6.0000000
   6.0000000   6.0000000   6.0000000   6.0000000   6.0000000   6.0000000
   6.0000000   6.0000000   6.0000000   6.0000000
 SUMMED SPIN DENSITY           0.00000000
 TOTAL ATOMIC SPINS  :
   0.0000000   0.0000000   0.0000000   0.0000000   0.0000000   0.0000000
   0.0000000   0.0000000   0.0000000   0.0000000   0.0000000   0.0000000
   0.0000000   0.0000000   0.0000000   0.0000000   0.0000000   0.0000000
   0.0000000   0.0000000   0.0000000   0.0000000   0.0000000   0.0000000
   0.0000000   0.0000000   0.0000000   0.0000000   0.0000000   0.0000000
   0.0000000   0.0000000   0.0000000   0.0000000   0.0000000   0.0000000
   0.0000000   0.0000000   0.0000000   0.0000000
 TTTTTTTTTTTTTTTTTTTTTTTTTTTTTT MOQGAD      TELAPSE        2.98 TCPU        1.30
 TTTTTTTTTTTTTTTTTTTTTTTTTTTTTT SHELLXN     TELAPSE       15.21 TCPU       13.53
 TTTTTTTTTTTTTTTTTTTTTTTTTTTTTT MONMO3      TELAPSE       15.26 TCPU       13.58
 NUMERICALLY INTEGRATED DENSITY    120.0000631592    120.0000631592
 TTTTTTTTTTTTTTTTTTTTTTTTTTTTTT NUMDFT      TELAPSE       15.79 TCPU       14.11
 CYC   0 ETOT(AU) -1.535343358041E+03 DETOT -1.54E+03 tst  0.00E+00 PX  1.00E+00
 TTTTTTTTTTTTTTTTTTTTTTTTTTTTTT DIIS        TELAPSE       15.92 TCPU       14.23
 TTTTTTTTTTTTTTTTTTTTTTTTTTTTTT FDIK        TELAPSE       21.03 TCPU       19.35

    ALPHA      ELECTRONS
 INSULATING STATE
 TOP OF VALENCE BANDS -    BAND    120; K    1; EIG -2.0431387E-01 AU
 BOTTOM OF VIRTUAL BANDS - BAND    121; K    1; EIG -1.4608451E-01 AU
 DIRECT ENERGY BAND GAP:   1.5845 eV

    BETA       ELECTRONS
 INSULATING STATE
 TOP OF VALENCE BANDS -    BAND    120; K    1; EIG -2.0431387E-01 AU
 BOTTOM OF VIRTUAL BANDS - BAND    121; K    1; EIG -1.4608451E-01 AU
 DIRECT ENERGY BAND GAP:   1.5845 eV
 TTTTTTTTTTTTTTTTTTTTTTTTTTTTTT PDIG        TELAPSE       21.34 TCPU       19.65
 CHARGE NORMALIZATION FACTOR   1.00000000
 TOTAL ATOMIC CHARGES:
   6.0137399   6.0137399   6.0137399   6.0137399   6.0137399   6.0137399
   6.0137399   6.0137399   6.0137399   6.0137399   6.0137399   6.0137399
   6.0137399   6.0137399   6.0137399   6.0137399   5.9973843   5.9973843
   5.9973843   5.9973843   5.9973843   5.9973843   5.9973843   5.9973843
   5.9973843   5.9973843   5.9973843   5.9973843   5.9973843   5.9973843
   5.9973843   5.9973843   5.9777516   5.9777516   5.9777516   5.9777516
   5.9777516   5.9777516   5.9777516   5.9777516
 SUMMED SPIN DENSITY           0.00000000
 TOTAL ATOMIC SPINS  :
  -0.0000000  -0.0000000  -0.0000000  -0.0000000  -0.0000000  -0.0000000
  -0.0000000  -0.0000000  -0.0000000  -0.0000000  -0.0000000  -0.0000000
  -0.0000000  -0.0000000  -0.0000000  -0.0000000  -0.0000000  -0.0000000
  -0.0000000  -0.0000000  -0.0000000  -0.0000000  -0.0000000  -0.0000000
  -0.0000000  -0.0000000  -0.0000000  -0.0000000  -0.0000000  -0.0000000
  -0.0000000  -0.0000000   0.0000000   0.0000000   0.0000000   0.0000000
   0.0000000   0.0000000   0.0000000   0.0000000
 TTTTTTTTTTTTTTTTTTTTTTTTTTTTTT MOQGAD      TELAPSE       21.35 TCPU       19.66
 TTTTTTTTTTTTTTTTTTTTTTTTTTTTTT SHELLXN     TELAPSE       34.24 TCPU       32.53
 TTTTTTTTTTTTTTTTTTTTTTTTTTTTTT MONMO3      TELAPSE       34.29 TCPU       32.58
 NUMERICALLY INTEGRATED DENSITY    120.0000435015    120.0000435015
 TTTTTTTTTTTTTTTTTTTTTTTTTTTTTT NUMDFT      TELAPSE       34.80 TCPU       33.09
 CYC   1 ETOT(AU) -1.523023050289E+03 DETOT  1.23E+01 tst  0.00E+00 PX  1.00E+00
 TTTTTTTTTTTTTTTTTTTTTTTTTTTTTT DIIS        TELAPSE       34.93 TCPU       33.23
 DIIS TEST: 0.13858E+01 AT SCF   CYCLE   1 - MIX   30 %
 TTTTTTTTTTTTTTTTTTTTTTTTTTTTTT FDIK        TELAPSE       36.98 TCPU       35.27

    ALPHA      ELECTRONS
 INSULATING STATE
 TOP OF VALENCE BANDS -    BAND    120; K    1; EIG -1.4994385E-01 AU
 BOTTOM OF VIRTUAL BANDS - BAND    121; K    1; EIG -7.7934388E-02 AU
 DIRECT ENERGY BAND GAP:   1.9595 eV

    BETA       ELECTRONS
 INSULATING STATE
 TOP OF VALENCE BANDS -    BAND    120; K    1; EIG -1.4994385E-01 AU
 BOTTOM OF VIRTUAL BANDS - BAND    121; K    1; EIG -7.7934388E-02 AU
 DIRECT ENERGY BAND GAP:   1.9595 eV
 TTTTTTTTTTTTTTTTTTTTTTTTTTTTTT PDIG        TELAPSE       37.28 TCPU       35.57
 CHARGE NORMALIZATION FACTOR   1.00000000
 TOTAL ATOMIC CHARGES:
   5.9886597   5.9886597   5.9886597   5.9886597   5.9886597   5.9886597
   5.9886597   5.9886597   5.9886597   5.9886597   5.9886597   5.9886597
   5.9886597   5.9886597   5.9886597   5.9886597   5.9962086   5.9962086
   5.9962086   5.9962086   5.9962086   5.9962086   5.9962086   5.9962086
   5.9962086   5.9962086   5.9962086   5.9962086   5.9962086   5.9962086
   5.9962086   5.9962086   6.0302632   6.0302632   6.0302632   6.0302632
   6.0302632   6.0302632   6.0302632   6.0302632
 SUMMED SPIN DENSITY          -0.00000000
 TOTAL ATOMIC SPINS  :
  -0.0000000  -0.0000000  -0.0000000  -0.0000000  -0.0000000  -0.0000000
  -0.0000000  -0.0000000  -0.0000000  -0.0000000  -0.0000000  -0.0000000
  -0.0000000  -0.0000000  -0.0000000  -0.0000000   0.0000000   0.0000000
   0.0000000   0.0000000   0.0000000   0.0000000   0.0000000   0.0000000
   0.0000000   0.0000000   0.0000000   0.0000000   0.0000000   0.0000000
   0.0000000   0.0000000   0.0000000   0.0000000   0.0000000   0.0000000
   0.0000000   0.0000000   0.0000000   0.0000000
 TTTTTTTTTTTTTTTTTTTTTTTTTTTTTT MOQGAD      TELAPSE       37.29 TCPU       35.58
 TTTTTTTTTTTTTTTTTTTTTTTTTTTTTT SHELLXN     TELAPSE       50.31 TCPU       48.59
 TTTTTTTTTTTTTTTTTTTTTTTTTTTTTT MONMO3      TELAPSE       50.36 TCPU       48.64
 NUMERICALLY INTEGRATED DENSITY    120.0000482215    120.0000482215
 TTTTTTTTTTTTTTTTTTTTTTTTTTTTTT NUMDFT      TELAPSE       50.86 TCPU       49.14
 CYC   2 ETOT(AU) -1.523134357436E+03 DETOT -1.11E-01 tst  4.31E-04 PX  5.99E-02
 TTTTTTTTTTTTTTTTTTTTTTTTTTTTTT DIIS        TELAPSE       50.99 TCPU       49.27
 DIIS TEST: 0.92835E-01 AT SCF   CYCLE   2 - DIIS ACTIVE - HISTORY:     2 CYCLES
 TTTTTTTTTTTTTTTTTTTTTTTTTTTTTT FDIK        TELAPSE       52.69 TCPU       50.97

    ALPHA      ELECTRONS
 INSULATING STATE
 TOP OF VALENCE BANDS -    BAND    120; K    1; EIG -1.5168433E-01 AU
 BOTTOM OF VIRTUAL BANDS - BAND    121; K    1; EIG -6.7380717E-02 AU
 DIRECT ENERGY BAND GAP:   2.2940 eV

    BETA       ELECTRONS
 INSULATING STATE
 TOP OF VALENCE BANDS -    BAND    120; K    1; EIG -1.5168433E-01 AU
 BOTTOM OF VIRTUAL BANDS - BAND    121; K    1; EIG -6.7380717E-02 AU
 DIRECT ENERGY BAND GAP:   2.2940 eV
 TTTTTTTTTTTTTTTTTTTTTTTTTTTTTT PDIG        TELAPSE       53.00 TCPU       51.27
 CHARGE NORMALIZATION FACTOR   1.00000000
 TOTAL ATOMIC CHARGES:
   6.0021648   6.0021648   6.0021648   6.0021648   6.0021648   6.0021648
   6.0021648   6.0021648   6.0021648   6.0021648   6.0021648   6.0021648
   6.0021648   6.0021648   6.0021648   6.0021648   6.0067111   6.0067111
   6.0067111   6.0067111   6.0067111   6.0067111   6.0067111   6.0067111
   6.0067111   6.0067111   6.0067111   6.0067111   6.0067111   6.0067111
   6.0067111   6.0067111   5.9822481   5.9822481   5.9822481   5.9822481
   5.9822481   5.9822481   5.9822481   5.9822481
 SUMMED SPIN DENSITY          -0.00000000
 TOTAL ATOMIC SPINS  :
   0.0000000   0.0000000   0.0000000   0.0000000   0.0000000   0.0000000
   0.0000000   0.0000000   0.0000000   0.0000000   0.0000000   0.0000000
   0.0000000   0.0000000   0.0000000   0.0000000   0.0000000   0.0000000
   0.0000000   0.0000000   0.0000000   0.0000000   0.0000000   0.0000000
   0.0000000   0.0000000   0.0000000   0.0000000   0.0000000   0.0000000
   0.0000000   0.0000000  -0.0000000  -0.0000000  -0.0000000  -0.0000000
  -0.0000000  -0.0000000  -0.0000000  -0.0000000
 TTTTTTTTTTTTTTTTTTTTTTTTTTTTTT MOQGAD      TELAPSE       53.01 TCPU       51.28
 TTTTTTTTTTTTTTTTTTTTTTTTTTTTTT SHELLXN     TELAPSE       65.93 TCPU       64.18
 TTTTTTTTTTTTTTTTTTTTTTTTTTTTTT MONMO3      TELAPSE       65.98 TCPU       64.23
 NUMERICALLY INTEGRATED DENSITY    120.0000485267    120.0000485267
 TTTTTTTTTTTTTTTTTTTTTTTTTTTTTT NUMDFT      TELAPSE       66.48 TCPU       64.73
 CYC   3 ETOT(AU) -1.523137069432E+03 DETOT -2.71E-03 tst  9.15E-05 PX  1.97E-02
 TTTTTTTTTTTTTTTTTTTTTTTTTTTTTT DIIS        TELAPSE       66.60 TCPU       64.85
 DIIS TEST: 0.55077E-01 AT SCF   CYCLE   3 - DIIS ACTIVE - HISTORY:     3 CYCLES
 TTTTTTTTTTTTTTTTTTTTTTTTTTTTTT FDIK        TELAPSE       68.21 TCPU       66.46

    ALPHA      ELECTRONS
 INSULATING STATE
 TOP OF VALENCE BANDS -    BAND    120; K    1; EIG -1.5146944E-01 AU
 BOTTOM OF VIRTUAL BANDS - BAND    121; K    1; EIG -6.8111382E-02 AU
 DIRECT ENERGY BAND GAP:   2.2683 eV

    BETA       ELECTRONS
 INSULATING STATE
 TOP OF VALENCE BANDS -    BAND    120; K    1; EIG -1.5146944E-01 AU
 BOTTOM OF VIRTUAL BANDS - BAND    121; K    1; EIG -6.8111382E-02 AU
 DIRECT ENERGY BAND GAP:   2.2683 eV
 TTTTTTTTTTTTTTTTTTTTTTTTTTTTTT PDIG        TELAPSE       68.52 TCPU       66.77
 CHARGE NORMALIZATION FACTOR   1.00000000
 TOTAL ATOMIC CHARGES:
   5.9947070   5.9947070   5.9947070   5.9947070   5.9947070   5.9947070
   5.9947070   5.9947070   5.9947070   5.9947070   5.9947070   5.9947070
   5.9947070   5.9947070   5.9947070   5.9947070   5.9980328   5.9980328
   5.9980328   5.9980328   5.9980328   5.9980328   5.9980328   5.9980328
   5.9980328   5.9980328   5.9980328   5.9980328   5.9980328   5.9980328
   5.9980328   5.9980328   6.0145204   6.0145204   6.0145204   6.0145204
   6.0145204   6.0145204   6.0145204   6.0145204
 SUMMED SPIN DENSITY          -0.00000000
 TOTAL ATOMIC SPINS  :
   0.0000000   0.0000000   0.0000000   0.0000000   0.0000000   0.0000000
   0.0000000   0.0000000   0.0000000   0.0000000   0.0000000   0.0000000
   0.0000000   0.0000000   0.0000000   0.0000000   0.0000000   0.0000000
   0.0000000   0.0000000   0.0000000   0.0000000   0.0000000   0.0000000
   0.0000000   0.0000000   0.0000000   0.0000000   0.0000000   0.0000000
   0.0000000   0.0000000  -0.0000000  -0.0000000  -0.0000000  -0.0000000
  -0.0000000  -0.0000000  -0.0000000  -0.0000000
 TTTTTTTTTTTTTTTTTTTTTTTTTTTTTT MOQGAD      TELAPSE       68.53 TCPU       66.78
 TTTTTTTTTTTTTTTTTTTTTTTTTTTTTT SHELLXN     TELAPSE       81.44 TCPU       79.68
 TTTTTTTTTTTTTTTTTTTTTTTTTTTTTT MONMO3      TELAPSE       81.49 TCPU       79.73
 NUMERICALLY INTEGRATED DENSITY    120.0000484620    120.0000484620
 TTTTTTTTTTTTTTTTTTTTTTTTTTTTTT NUMDFT      TELAPSE       81.99 TCPU       80.23
 CYC   4 ETOT(AU) -1.523139147911E+03 DETOT -2.08E-03 tst  2.25E-05 PX  8.42E-03
 TTTTTTTTTTTTTTTTTTTTTTTTTTTTTT DIIS        TELAPSE       82.12 TCPU       80.36
 DIIS TEST: 0.56297E-02 AT SCF   CYCLE   4 - DIIS ACTIVE - HISTORY:     4 CYCLES
 TTTTTTTTTTTTTTTTTTTTTTTTTTTTTT FDIK        TELAPSE       83.99 TCPU       82.23

    ALPHA      ELECTRONS
 INSULATING STATE
 TOP OF VALENCE BANDS -    BAND    120; K    1; EIG -1.5220092E-01 AU
 BOTTOM OF VIRTUAL BANDS - BAND    121; K    1; EIG -6.8154279E-02 AU
 DIRECT ENERGY BAND GAP:   2.2870 eV

    BETA       ELECTRONS
 INSULATING STATE
 TOP OF VALENCE BANDS -    BAND    120; K    1; EIG -1.5220092E-01 AU
 BOTTOM OF VIRTUAL BANDS - BAND    121; K    1; EIG -6.8154279E-02 AU
 DIRECT ENERGY BAND GAP:   2.2870 eV
 TTTTTTTTTTTTTTTTTTTTTTTTTTTTTT PDIG        TELAPSE       84.30 TCPU       82.54
 CHARGE NORMALIZATION FACTOR   1.00000000
 TOTAL ATOMIC CHARGES:
   5.9937958   5.9937958   5.9937958   5.9937958   5.9937958   5.9937958
   5.9937958   5.9937958   5.9937958   5.9937958   5.9937958   5.9937958
   5.9937958   5.9937958   5.9937958   5.9937958   6.0021589   6.0021589
   6.0021589   6.0021589   6.0021589   6.0021589   6.0021589   6.0021589
   6.0021589   6.0021589   6.0021589   6.0021589   6.0021589   6.0021589
   6.0021589   6.0021589   6.0080907   6.0080907   6.0080907   6.0080907
   6.0080907   6.0080907   6.0080907   6.0080907
 SUMMED SPIN DENSITY          -0.00000000
 TOTAL ATOMIC SPINS  :
  -0.0000000  -0.0000000  -0.0000000  -0.0000000  -0.0000000  -0.0000000
  -0.0000000  -0.0000000  -0.0000000  -0.0000000  -0.0000000  -0.0000000
  -0.0000000  -0.0000000  -0.0000000  -0.0000000   0.0000000   0.0000000
   0.0000000   0.0000000   0.0000000   0.0000000   0.0000000   0.0000000
   0.0000000   0.0000000   0.0000000   0.0000000   0.0000000   0.0000000
   0.0000000   0.0000000   0.0000000   0.0000000   0.0000000   0.0000000
   0.0000000   0.0000000   0.0000000   0.0000000
 TTTTTTTTTTTTTTTTTTTTTTTTTTTTTT MOQGAD      TELAPSE       84.31 TCPU       82.55
 TTTTTTTTTTTTTTTTTTTTTTTTTTTTTT SHELLXN     TELAPSE       97.21 TCPU       95.43
 TTTTTTTTTTTTTTTTTTTTTTTTTTTTTT MONMO3      TELAPSE       97.26 TCPU       95.48
 NUMERICALLY INTEGRATED DENSITY    120.0000484016    120.0000484016
 TTTTTTTTTTTTTTTTTTTTTTTTTTTTTT NUMDFT      TELAPSE       97.75 TCPU       95.97
 CYC   5 ETOT(AU) -1.523139405579E+03 DETOT -2.58E-04 tst  1.78E-06 PX  2.45E-03
 TTTTTTTTTTTTTTTTTTTTTTTTTTTTTT DIIS        TELAPSE       97.88 TCPU       96.10
 DIIS TEST: 0.41524E-03 AT SCF   CYCLE   5 - DIIS ACTIVE - HISTORY:     5 CYCLES
 TTTTTTTTTTTTTTTTTTTTTTTTTTTTTT FDIK        TELAPSE       99.67 TCPU       97.83

    ALPHA      ELECTRONS
 INSULATING STATE
 TOP OF VALENCE BANDS -    BAND    120; K    1; EIG -1.5208802E-01 AU
 BOTTOM OF VIRTUAL BANDS - BAND    121; K    1; EIG -6.7993924E-02 AU
 DIRECT ENERGY BAND GAP:   2.2883 eV

    BETA       ELECTRONS
 INSULATING STATE
 TOP OF VALENCE BANDS -    BAND    120; K    1; EIG -1.5208802E-01 AU
 BOTTOM OF VIRTUAL BANDS - BAND    121; K    1; EIG -6.7993924E-02 AU
 DIRECT ENERGY BAND GAP:   2.2883 eV
 TTTTTTTTTTTTTTTTTTTTTTTTTTTTTT PDIG        TELAPSE       99.99 TCPU       98.15
 CHARGE NORMALIZATION FACTOR   1.00000000
 TOTAL ATOMIC CHARGES:
   5.9958641   5.9958641   5.9958641   5.9958641   5.9958641   5.9958641
   5.9958641   5.9958641   5.9958641   5.9958641   5.9958641   5.9958641
   5.9958641   5.9958641   5.9958641   5.9958641   6.0003999   6.0003999
   6.0003999   6.0003999   6.0003999   6.0003999   6.0003999   6.0003999
   6.0003999   6.0003999   6.0003999   6.0003999   6.0003999   6.0003999
   6.0003999   6.0003999   6.0074720   6.0074720   6.0074720   6.0074720
   6.0074720   6.0074720   6.0074720   6.0074720
 SUMMED SPIN DENSITY          -0.00000000
 TOTAL ATOMIC SPINS  :
   0.0000000   0.0000000   0.0000000   0.0000000   0.0000000   0.0000000
   0.0000000   0.0000000   0.0000000   0.0000000   0.0000000   0.0000000
   0.0000000   0.0000000   0.0000000   0.0000000  -0.0000000  -0.0000000
  -0.0000000  -0.0000000  -0.0000000  -0.0000000  -0.0000000  -0.0000000
  -0.0000000  -0.0000000  -0.0000000  -0.0000000  -0.0000000  -0.0000000
  -0.0000000  -0.0000000   0.0000000   0.0000000   0.0000000   0.0000000
   0.0000000   0.0000000   0.0000000   0.0000000
 TTTTTTTTTTTTTTTTTTTTTTTTTTTTTT MOQGAD      TELAPSE      100.00 TCPU       98.16
 TTTTTTTTTTTTTTTTTTTTTTTTTTTTTT SHELLXN     TELAPSE      112.90 TCPU      111.05
 TTTTTTTTTTTTTTTTTTTTTTTTTTTTTT MONMO3      TELAPSE      112.95 TCPU      111.10
 NUMERICALLY INTEGRATED DENSITY    120.0000484397    120.0000484397
 TTTTTTTTTTTTTTTTTTTTTTTTTTTTTT NUMDFT      TELAPSE      113.44 TCPU      111.59
 CYC   6 ETOT(AU) -1.523139418423E+03 DETOT -1.28E-05 tst  2.02E-07 PX  5.35E-04
 TTTTTTTTTTTTTTTTTTTTTTTTTTTTTT DIIS        TELAPSE      113.57 TCPU      111.72
 DIIS TEST: 0.11435E-03 AT SCF   CYCLE   6 - DIIS ACTIVE - HISTORY:     6 CYCLES
 TTTTTTTTTTTTTTTTTTTTTTTTTTTTTT FDIK        TELAPSE      115.28 TCPU      113.42

    ALPHA      ELECTRONS
 INSULATING STATE
 TOP OF VALENCE BANDS -    BAND    120; K    1; EIG -1.5214510E-01 AU
 BOTTOM OF VIRTUAL BANDS - BAND    121; K    1; EIG -6.8029781E-02 AU
 DIRECT ENERGY BAND GAP:   2.2889 eV

    BETA       ELECTRONS
 INSULATING STATE
 TOP OF VALENCE BANDS -    BAND    120; K    1; EIG -1.5214510E-01 AU
 BOTTOM OF VIRTUAL BANDS - BAND    121; K    1; EIG -6.8029781E-02 AU
 DIRECT ENERGY BAND GAP:   2.2889 eV
 TTTTTTTTTTTTTTTTTTTTTTTTTTTTTT PDIG        TELAPSE      115.59 TCPU      113.72
 CHARGE NORMALIZATION FACTOR   1.00000000
 TOTAL ATOMIC CHARGES:
   5.9950320   5.9950320   5.9950320   5.9950320   5.9950320   5.9950320
   5.9950320   5.9950320   5.9950320   5.9950320   5.9950320   5.9950320
   5.9950320   5.9950320   5.9950320   5.9950320   6.0009995   6.0009995
   6.0009995   6.0009995   6.0009995   6.0009995   6.0009995   6.0009995
   6.0009995   6.0009995   6.0009995   6.0009995   6.0009995   6.0009995
   6.0009995   6.0009995   6.0079369   6.0079369   6.0079369   6.0079369
   6.0079369   6.0079369   6.0079369   6.0079369
 SUMMED SPIN DENSITY          -0.00000000
 TOTAL ATOMIC SPINS  :
   0.0000000   0.0000000   0.0000000   0.0000000   0.0000000   0.0000000
   0.0000000   0.0000000   0.0000000   0.0000000   0.0000000   0.0000000
   0.0000000   0.0000000   0.0000000   0.0000000  -0.0000000  -0.0000000
  -0.0000000  -0.0000000  -0.0000000  -0.0000000  -0.0000000  -0.0000000
  -0.0000000  -0.0000000  -0.0000000  -0.0000000  -0.0000000  -0.0000000
  -0.0000000  -0.0000000   0.0000000   0.0000000   0.0000000   0.0000000
   0.0000000   0.0000000   0.0000000   0.0000000
 TTTTTTTTTTTTTTTTTTTTTTTTTTTTTT MOQGAD      TELAPSE      115.60 TCPU      113.73
 TTTTTTTTTTTTTTTTTTTTTTTTTTTTTT SHELLXN     TELAPSE      128.45 TCPU      126.58
 TTTTTTTTTTTTTTTTTTTTTTTTTTTTTT MONMO3      TELAPSE      128.50 TCPU      126.63
 NUMERICALLY INTEGRATED DENSITY    120.0000484384    120.0000484384
 TTTTTTTTTTTTTTTTTTTTTTTTTTTTTT NUMDFT      TELAPSE      128.99 TCPU      127.12
 CYC   7 ETOT(AU) -1.523139421359E+03 DETOT -2.94E-06 tst  2.24E-08 PX  1.58E-04
 TTTTTTTTTTTTTTTTTTTTTTTTTTTTTT DIIS        TELAPSE      129.12 TCPU      127.24
 DIIS TEST: 0.16679E-05 AT SCF   CYCLE   7 - DIIS ACTIVE - HISTORY:     7 CYCLES
 TTTTTTTTTTTTTTTTTTTTTTTTTTTTTT FDIK        TELAPSE      131.01 TCPU      129.14

    ALPHA      ELECTRONS
 INSULATING STATE
 TOP OF VALENCE BANDS -    BAND    120; K    1; EIG -1.5215413E-01 AU
 BOTTOM OF VIRTUAL BANDS - BAND    121; K    1; EIG -6.8023144E-02 AU
 DIRECT ENERGY BAND GAP:   2.2893 eV

    BETA       ELECTRONS
 INSULATING STATE
 TOP OF VALENCE BANDS -    BAND    120; K    1; EIG -1.5215413E-01 AU
 BOTTOM OF VIRTUAL BANDS - BAND    121; K    1; EIG -6.8023144E-02 AU
 DIRECT ENERGY BAND GAP:   2.2893 eV
 TTTTTTTTTTTTTTTTTTTTTTTTTTTTTT PDIG        TELAPSE      131.32 TCPU      129.44
 CHARGE NORMALIZATION FACTOR   1.00000000
 TOTAL ATOMIC CHARGES:
   5.9950993   5.9950993   5.9950993   5.9950993   5.9950993   5.9950993
   5.9950993   5.9950993   5.9950993   5.9950993   5.9950993   5.9950993
   5.9950993   5.9950993   5.9950993   5.9950993   6.0009782   6.0009782
   6.0009782   6.0009782   6.0009782   6.0009782   6.0009782   6.0009782
   6.0009782   6.0009782   6.0009782   6.0009782   6.0009782   6.0009782
   6.0009782   6.0009782   6.0078450   6.0078450   6.0078450   6.0078450
   6.0078450   6.0078450   6.0078450   6.0078450
 SUMMED SPIN DENSITY          -0.00000000
 TOTAL ATOMIC SPINS  :
  -0.0000000  -0.0000000  -0.0000000  -0.0000000  -0.0000000  -0.0000000
  -0.0000000  -0.0000000  -0.0000000  -0.0000000  -0.0000000  -0.0000000
  -0.0000000  -0.0000000  -0.0000000  -0.0000000  -0.0000000  -0.0000000
  -0.0000000  -0.0000000  -0.0000000  -0.0000000  -0.0000000  -0.0000000
  -0.0000000  -0.0000000  -0.0000000  -0.0000000  -0.0000000  -0.0000000
  -0.0000000  -0.0000000   0.0000000   0.0000000   0.0000000   0.0000000
   0.0000000   0.0000000   0.0000000   0.0000000
 TTTTTTTTTTTTTTTTTTTTTTTTTTTTTT MOQGAD      TELAPSE      131.33 TCPU      129.45
 TTTTTTTTTTTTTTTTTTTTTTTTTTTTTT SHELLXN     TELAPSE      144.21 TCPU      142.32
 TTTTTTTTTTTTTTTTTTTTTTTTTTTTTT MONMO3      TELAPSE      144.26 TCPU      142.37
 NUMERICALLY INTEGRATED DENSITY    120.0000484368    120.0000484368
 TTTTTTTTTTTTTTTTTTTTTTTTTTTTTT NUMDFT      TELAPSE      144.75 TCPU      142.87
 CYC   8 ETOT(AU) -1.523139421662E+03 DETOT -3.03E-07 tst  3.49E-10 PX  2.84E-05
 TTTTTTTTTTTTTTTTTTTTTTTTTTTTTT DIIS        TELAPSE      144.88 TCPU      142.99
 DIIS TEST: 0.24252E-07 AT SCF   CYCLE   8 - DIIS ACTIVE - HISTORY:     8 CYCLES
 TTTTTTTTTTTTTTTTTTTTTTTTTTTTTT FDIK        TELAPSE      146.73 TCPU      144.84

    ALPHA      ELECTRONS
 INSULATING STATE
 TOP OF VALENCE BANDS -    BAND    120; K    1; EIG -1.5215520E-01 AU
 BOTTOM OF VIRTUAL BANDS - BAND    121; K    1; EIG -6.8021774E-02 AU
 DIRECT ENERGY BAND GAP:   2.2894 eV

    BETA       ELECTRONS
 INSULATING STATE
 TOP OF VALENCE BANDS -    BAND    120; K    1; EIG -1.5215520E-01 AU
 BOTTOM OF VIRTUAL BANDS - BAND    121; K    1; EIG -6.8021774E-02 AU
 DIRECT ENERGY BAND GAP:   2.2894 eV
 TTTTTTTTTTTTTTTTTTTTTTTTTTTTTT PDIG        TELAPSE      147.04 TCPU      145.14
 CHARGE NORMALIZATION FACTOR   1.00000000
 TOTAL ATOMIC CHARGES:
   5.9950968   5.9950968   5.9950968   5.9950968   5.9950968   5.9950968
   5.9950968   5.9950968   5.9950968   5.9950968   5.9950968   5.9950968
   5.9950968   5.9950968   5.9950968   5.9950968   6.0009771   6.0009771
   6.0009771   6.0009771   6.0009771   6.0009771   6.0009771   6.0009771
   6.0009771   6.0009771   6.0009771   6.0009771   6.0009771   6.0009771
   6.0009771   6.0009771   6.0078523   6.0078523   6.0078523   6.0078523
   6.0078523   6.0078523   6.0078523   6.0078523
 SUMMED SPIN DENSITY          -0.00000000
 TOTAL ATOMIC SPINS  :
  -0.0000000  -0.0000000  -0.0000000  -0.0000000  -0.0000000  -0.0000000
  -0.0000000  -0.0000000  -0.0000000  -0.0000000  -0.0000000  -0.0000000
  -0.0000000  -0.0000000  -0.0000000  -0.0000000  -0.0000000  -0.0000000
  -0.0000000  -0.0000000  -0.0000000  -0.0000000  -0.0000000  -0.0000000
  -0.0000000  -0.0000000  -0.0000000  -0.0000000  -0.0000000  -0.0000000
  -0.0000000  -0.0000000   0.0000000   0.0000000   0.0000000   0.0000000
   0.0000000   0.0000000   0.0000000   0.0000000
 TTTTTTTTTTTTTTTTTTTTTTTTTTTTTT MOQGAD      TELAPSE      147.05 TCPU      145.15
 TTTTTTTTTTTTTTTTTTTTTTTTTTTTTT SHELLXN     TELAPSE      159.97 TCPU      158.06
 TTTTTTTTTTTTTTTTTTTTTTTTTTTTTT MONMO3      TELAPSE      160.02 TCPU      158.11
 NUMERICALLY INTEGRATED DENSITY    120.0000484369    120.0000484369
 TTTTTTTTTTTTTTTTTTTTTTTTTTTTTT NUMDFT      TELAPSE      160.51 TCPU      158.60
 CYC   9 ETOT(AU) -1.523139421657E+03 DETOT  5.70E-09 tst  2.02E-11 PX  4.84E-06
 TTTTTTTTTTTTTTTTTTTTTTTTTTTTTT DIIS        TELAPSE      160.63 TCPU      158.72
 DIIS TEST: 0.16121E-08 AT SCF   CYCLE   9 - DIIS ACTIVE - HISTORY:     9 CYCLES
 TTTTTTTTTTTTTTTTTTTTTTTTTTTTTT FDIK        TELAPSE      162.32 TCPU      160.41

    ALPHA      ELECTRONS
 INSULATING STATE
 TOP OF VALENCE BANDS -    BAND    120; K    1; EIG -1.5215552E-01 AU
 BOTTOM OF VIRTUAL BANDS - BAND    121; K    1; EIG -6.8021032E-02 AU
 DIRECT ENERGY BAND GAP:   2.2894 eV

    BETA       ELECTRONS
 INSULATING STATE
 TOP OF VALENCE BANDS -    BAND    120; K    1; EIG -1.5215552E-01 AU
 BOTTOM OF VIRTUAL BANDS - BAND    121; K    1; EIG -6.8021032E-02 AU
 DIRECT ENERGY BAND GAP:   2.2894 eV
 TTTTTTTTTTTTTTTTTTTTTTTTTTTTTT PDIG        TELAPSE      162.63 TCPU      160.72
 CHARGE NORMALIZATION FACTOR   1.00000000
 TOTAL ATOMIC CHARGES:
   5.9950974   5.9950974   5.9950974   5.9950974   5.9950974   5.9950974
   5.9950974   5.9950974   5.9950974   5.9950974   5.9950974   5.9950974
   5.9950974   5.9950974   5.9950974   5.9950974   6.0009777   6.0009777
   6.0009777   6.0009777   6.0009777   6.0009777   6.0009777   6.0009777
   6.0009777   6.0009777   6.0009777   6.0009777   6.0009777   6.0009777
   6.0009777   6.0009777   6.0078500   6.0078500   6.0078500   6.0078500
   6.0078500   6.0078500   6.0078500   6.0078500
 SUMMED SPIN DENSITY          -0.00000000
 TOTAL ATOMIC SPINS  :
  -0.0000000  -0.0000000  -0.0000000  -0.0000000  -0.0000000  -0.0000000
  -0.0000000  -0.0000000  -0.0000000  -0.0000000  -0.0000000  -0.0000000
  -0.0000000  -0.0000000  -0.0000000  -0.0000000  -0.0000000  -0.0000000
  -0.0000000  -0.0000000  -0.0000000  -0.0000000  -0.0000000  -0.0000000
  -0.0000000  -0.0000000  -0.0000000  -0.0000000  -0.0000000  -0.0000000
  -0.0000000  -0.0000000   0.0000000   0.0000000   0.0000000   0.0000000
   0.0000000   0.0000000   0.0000000   0.0000000
 TTTTTTTTTTTTTTTTTTTTTTTTTTTTTT MOQGAD      TELAPSE      162.64 TCPU      160.72
 TTTTTTTTTTTTTTTTTTTTTTTTTTTTTT SHELLXN     TELAPSE      175.57 TCPU      173.64
 TTTTTTTTTTTTTTTTTTTTTTTTTTTTTT MONMO3      TELAPSE      175.62 TCPU      173.69
 NUMERICALLY INTEGRATED DENSITY    120.0000484369    120.0000484369
 TTTTTTTTTTTTTTTTTTTTTTTTTTTTTT NUMDFT      TELAPSE      176.12 TCPU      174.19
 CYC  10 ETOT(AU) -1.523139421658E+03 DETOT -1.37E-09 tst  1.83E-12 PX  1.37E-06
 TTTTTTTTTTTTTTTTTTTTTTTTTTTTTT DIIS        TELAPSE      176.25 TCPU      174.32
 DIIS TEST: 0.66521E-10 AT SCF   CYCLE  10 - DIIS ACTIVE - HISTORY:    10 CYCLES
 TTTTTTTTTTTTTTTTTTTTTTTTTTTTTT FDIK        TELAPSE      177.59 TCPU      175.66

    ALPHA      ELECTRONS
 INSULATING STATE
 TOP OF VALENCE BANDS -    BAND    120; K    1; EIG -1.5215549E-01 AU
 BOTTOM OF VIRTUAL BANDS - BAND    121; K    1; EIG -6.8020816E-02 AU
 DIRECT ENERGY BAND GAP:   2.2894 eV

    BETA       ELECTRONS
 INSULATING STATE
 TOP OF VALENCE BANDS -    BAND    120; K    1; EIG -1.5215549E-01 AU
 BOTTOM OF VIRTUAL BANDS - BAND    121; K    1; EIG -6.8020816E-02 AU
 DIRECT ENERGY BAND GAP:   2.2894 eV
 TTTTTTTTTTTTTTTTTTTTTTTTTTTTTT PDIG        TELAPSE      177.89 TCPU      175.96
 CHARGE NORMALIZATION FACTOR   1.00000000
 TOTAL ATOMIC CHARGES:
   5.9950976   5.9950976   5.9950976   5.9950976   5.9950976   5.9950976
   5.9950976   5.9950976   5.9950976   5.9950976   5.9950976   5.9950976
   5.9950976   5.9950976   5.9950976   5.9950976   6.0009773   6.0009773
   6.0009773   6.0009773   6.0009773   6.0009773   6.0009773   6.0009773
   6.0009773   6.0009773   6.0009773   6.0009773   6.0009773   6.0009773
   6.0009773   6.0009773   6.0078502   6.0078502   6.0078502   6.0078502
   6.0078502   6.0078502   6.0078502   6.0078502
 SUMMED SPIN DENSITY          -0.00000000
 TOTAL ATOMIC SPINS  :
   0.0000000   0.0000000   0.0000000   0.0000000   0.0000000   0.0000000
   0.0000000   0.0000000   0.0000000   0.0000000   0.0000000   0.0000000
   0.0000000   0.0000000   0.0000000   0.0000000  -0.0000000  -0.0000000
  -0.0000000  -0.0000000  -0.0000000  -0.0000000  -0.0000000  -0.0000000
  -0.0000000  -0.0000000  -0.0000000  -0.0000000  -0.0000000  -0.0000000
  -0.0000000  -0.0000000   0.0000000   0.0000000   0.0000000   0.0000000
   0.0000000   0.0000000   0.0000000   0.0000000
 TTTTTTTTTTTTTTTTTTTTTTTTTTTTTT MOQGAD      TELAPSE      177.90 TCPU      175.97
 TTTTTTTTTTTTTTTTTTTTTTTTTTTTTT SHELLXN     TELAPSE      190.75 TCPU      188.82
 TTTTTTTTTTTTTTTTTTTTTTTTTTTTTT MONMO3      TELAPSE      190.81 TCPU      188.87
 NUMERICALLY INTEGRATED DENSITY    120.0000484369    120.0000484369
 TTTTTTTTTTTTTTTTTTTTTTTTTTTTTT NUMDFT      TELAPSE      191.29 TCPU      189.35
 CYC  11 ETOT(AU) -1.523139421658E+03 DETOT  9.32E-12 tst  1.19E-13 PX  1.80E-07
 TTTTTTTTTTTTTTTTTTTTTTTTTTTTTT DIIS        TELAPSE      191.42 TCPU      189.48
 DIIS TEST: 0.12078E-10 AT SCF   CYCLE  11 - DIIS ACTIVE - HISTORY:    11 CYCLES
 TTTTTTTTTTTTTTTTTTTTTTTTTTTTTT FDIK        TELAPSE      192.50 TCPU      190.56

    ALPHA      ELECTRONS
 INSULATING STATE
 TOP OF VALENCE BANDS -    BAND    120; K    1; EIG -1.5215552E-01 AU
 BOTTOM OF VIRTUAL BANDS - BAND    121; K    1; EIG -6.8020775E-02 AU
 DIRECT ENERGY BAND GAP:   2.2894 eV

    BETA       ELECTRONS
 INSULATING STATE
 TOP OF VALENCE BANDS -    BAND    120; K    1; EIG -1.5215552E-01 AU
 BOTTOM OF VIRTUAL BANDS - BAND    121; K    1; EIG -6.8020775E-02 AU
 DIRECT ENERGY BAND GAP:   2.2894 eV
 TTTTTTTTTTTTTTTTTTTTTTTTTTTTTT PDIG        TELAPSE      192.81 TCPU      190.86
 CHARGE NORMALIZATION FACTOR   1.00000000
 TOTAL ATOMIC CHARGES:
   5.9950975   5.9950975   5.9950975   5.9950975   5.9950975   5.9950975
   5.9950975   5.9950975   5.9950975   5.9950975   5.9950975   5.9950975
   5.9950975   5.9950975   5.9950975   5.9950975   6.0009774   6.0009774
   6.0009774   6.0009774   6.0009774   6.0009774   6.0009774   6.0009774
   6.0009774   6.0009774   6.0009774   6.0009774   6.0009774   6.0009774
   6.0009774   6.0009774   6.0078502   6.0078502   6.0078502   6.0078502
   6.0078502   6.0078502   6.0078502   6.0078502
 SUMMED SPIN DENSITY          -0.00000000
 TOTAL ATOMIC SPINS  :
   0.0000000   0.0000000   0.0000000   0.0000000   0.0000000   0.0000000
   0.0000000   0.0000000   0.0000000   0.0000000   0.0000000   0.0000000
   0.0000000   0.0000000   0.0000000   0.0000000  -0.0000000  -0.0000000
  -0.0000000  -0.0000000  -0.0000000  -0.0000000  -0.0000000  -0.0000000
  -0.0000000  -0.0000000  -0.0000000  -0.0000000  -0.0000000  -0.0000000
  -0.0000000  -0.0000000   0.0000000   0.0000000   0.0000000   0.0000000
   0.0000000   0.0000000   0.0000000   0.0000000
 TTTTTTTTTTTTTTTTTTTTTTTTTTTTTT MOQGAD      TELAPSE      192.82 TCPU      190.87
 TTTTTTTTTTTTTTTTTTTTTTTTTTTTTT SHELLXN     TELAPSE      205.71 TCPU      203.76
 +++ ENERGIES IN A.U. +++
 ::: EXT EL-POLE                                  -4.4767517154111E+03
 ::: EXT EL-SPHEROPOLE                             4.1264139655324E+01
 ::: BIELET ZONE E-E                               4.9041022731097E+03
 ::: TOTAL E-E                                     4.6861469735391E+02
 ::: TOTAL E-N + N-E                              -3.0410915345761E+03
 ::: TOTAL N-N                                    -2.9438455802427E+02
 ::: KINETIC ENERGY                                1.5193651997057E+03
 ::: PSEUDO TOTAL   ENERGY                        -1.3474961955408E+03
 ::: VIRIAL COEFFICIENT                            1.0599502314447E+00
 TTTTTTTTTTTTTTTTTTTTTTTTTTTTTT MONMO3      TELAPSE      205.76 TCPU      203.81
 NUMERICALLY INTEGRATED DENSITY    120.0000484369    120.0000484369
 EXCHANGE ENERGY: -0.165665093624E+03  CORRELATION ENERGY: -0.997813249332E+01
 TTTTTTTTTTTTTTTTTTTTTTTTTTTTTT NUMDFT      TELAPSE      206.25 TCPU      204.29
 CYC  12 ETOT(AU) -1.523139421658E+03 DETOT -8.41E-12 tst  1.02E-14 PX  1.80E-07

 == SCF ENDED - CONVERGENCE ON ENERGY      E(AU) -1.5231394216581E+03 CYCLES  12


 ENERGY EXPRESSION=HARTREE+FOCK EXCH*0.20000+(BECKE      EXCH)*0.80000+LYP        CORR


 TOTAL ENERGY(DFT)(AU)( 12) -1.5231394216581E+03 DE-8.4E-12 tester 1.0E-14
 TTTTTTTTTTTTTTTTTTTTTTTTTTTTTT EDFT        TELAPSE      206.27 TCPU      204.30
 
 INFORMATION **** DFTD3 ENERGY **** CALCULATE DFTD3 ENERGY

           DFT-D V3(BJ)
 DF                                         b3-lyp    
 parameters
 s6       :    1.0000
 s8       :    1.9889
 a1       :    0.3981
 a2       :    4.4211
 k1 k3    :   16.0000   -4.0000
 Cutoff   :   50.2022
 CN-Cutoff:   21.1671
 ABC-Cutoff:   21.1671
 
 Edisp /kcal,au:  -201.1225 -0.32050900

 E6    /kcal :   -97.2114
 E8    /kcal :  -103.9110
 
 INFORMATION **** DFTD3 ENERGY **** NORMAL TERMINATION OF DFTD3 MODULE

 *******************************************************************************

 DFT-D3 DISPERSION ENERGY CORRECTION

 D3 DISPERSION ENERGY (AU)       -3.2050899794799E-01
 TOTAL ENERGY + DISP (AU)        -1.5234599306560E+03

 *******************************************************************************


 NEIGHBORS OF THE NON-EQUIVALENT ATOMS

 N = NUMBER OF NEIGHBORS AT DISTANCE R
    ATOM  N     R/ANG      R/AU   NEIGHBORS (ATOM LABELS AND CELL INDICES)
   1 C    1     1.3337     2.5203    9 C    1 0-1
   1 C    1     1.4646     2.7677   31 C    0 0 0
   1 C    1     1.5131     2.8593   35 C    0 0-1
   1 C    1     2.3042     4.3543   22 C    0 0 0
   1 C    1     2.3403     4.4226   11 C    0 0 0
   1 C    1     2.4929     4.7110   23 C    1 0-1

  17 C    1     1.3520     2.5550   28 C    0 0 0
  17 C    1     1.4562     2.7517   21 C    0 0 0
  17 C    1     1.4646     2.7677   16 C    1 0 0
  17 C    1     2.3042     4.3543    6 C    1 0 0
  17 C    1     2.3091     4.3636   40 C    1 0 0
  17 C    2     2.4335     4.5986   31 C    0 0 0   32 C    0 0 0

  33 C    1     1.3435     2.5389   34 C    0 0 0
  33 C    2     1.5131     2.8593    3 C    0 0-1    9 C    0 0-1
  33 C    2     2.3091     4.3636   23 C    0 0-1   30 C    0 0-1
  33 C    2     2.5202     4.7626    4 C    0 0-1   10 C    0 0-1
  33 C    2     2.5944     4.9026    1 C   -1 0 0   11 C    0 0 0
  33 C    2     3.2045     6.0557   22 C    0 0 0   31 C   -1 0 0

 TTTTTTTTTTTTTTTTTTTTTTTTTTTTTT AFTER FIRST TELAPSE      206.45 TCPU      204.48
 MMMMMMMMMMMMMMMMMMMMMMMMMMMMMMMMMMMMMMMMMMMMMMMMMMMMMMMMMMMMMMMMMMMMMMMMMMMMMMM
     ALPHA+BETA ELECTRONS
 MULLIKEN POPULATION ANALYSIS - NO. OF ELECTRONS  240.000000

  ATOM    Z CHARGE  A.O. POPULATION

   1 C    6  5.995  0.854  1.121  0.761  0.405  0.482  0.427  0.452 -0.009
                   -0.041 -0.007  0.463  0.574  0.472  0.009  0.010  0.007
                    0.006  0.008
   2 C    6  5.995  0.854  1.121  0.761  0.405  0.482  0.427  0.452 -0.009
                   -0.041 -0.007  0.463  0.574  0.472  0.009  0.010  0.007
                    0.006  0.008
   3 C    6  5.995  0.854  1.121  0.761  0.405  0.482  0.427  0.452 -0.009
                   -0.041 -0.007  0.463  0.574  0.472  0.009  0.010  0.007
                    0.006  0.008
   4 C    6  5.995  0.854  1.121  0.761  0.405  0.482  0.427  0.452 -0.009
                   -0.041 -0.007  0.463  0.574  0.472  0.009  0.010  0.007
                    0.006  0.008
   5 C    6  5.995  0.854  1.121  0.761  0.405  0.427  0.482  0.452 -0.041
                   -0.009 -0.007  0.574  0.463  0.472  0.009  0.007  0.010
                    0.006  0.008
   6 C    6  5.995  0.854  1.121  0.761  0.405  0.427  0.482  0.452 -0.041
                   -0.009 -0.007  0.574  0.463  0.472  0.009  0.007  0.010
                    0.006  0.008
   7 C    6  5.995  0.854  1.121  0.761  0.405  0.427  0.482  0.452 -0.041
                   -0.009 -0.007  0.574  0.463  0.472  0.009  0.007  0.010
                    0.006  0.008
   8 C    6  5.995  0.854  1.121  0.761  0.405  0.427  0.482  0.452 -0.041
                   -0.009 -0.007  0.574  0.463  0.472  0.009  0.007  0.010
                    0.006  0.008
   9 C    6  5.995  0.854  1.121  0.761  0.405  0.482  0.427  0.452 -0.009
                   -0.041 -0.007  0.463  0.574  0.472  0.009  0.010  0.007
                    0.006  0.008
  10 C    6  5.995  0.854  1.121  0.761  0.405  0.482  0.427  0.452 -0.009
                   -0.041 -0.007  0.463  0.574  0.472  0.009  0.010  0.007
                    0.006  0.008
  11 C    6  5.995  0.854  1.121  0.761  0.405  0.482  0.427  0.452 -0.009
                   -0.041 -0.007  0.463  0.574  0.472  0.009  0.010  0.007
                    0.006  0.008
  12 C    6  5.995  0.854  1.121  0.761  0.405  0.482  0.427  0.452 -0.009
                   -0.041 -0.007  0.463  0.574  0.472  0.009  0.010  0.007
                    0.006  0.008
  13 C    6  5.995  0.854  1.121  0.761  0.405  0.427  0.482  0.452 -0.041
                   -0.009 -0.007  0.574  0.463  0.472  0.009  0.007  0.010
                    0.006  0.008
  14 C    6  5.995  0.854  1.121  0.761  0.405  0.427  0.482  0.452 -0.041
                   -0.009 -0.007  0.574  0.463  0.472  0.009  0.007  0.010
                    0.006  0.008
  15 C    6  5.995  0.854  1.121  0.761  0.405  0.427  0.482  0.452 -0.041
                   -0.009 -0.007  0.574  0.463  0.472  0.009  0.007  0.010
                    0.006  0.008
  16 C    6  5.995  0.854  1.121  0.761  0.405  0.427  0.482  0.452 -0.041
                   -0.009 -0.007  0.574  0.463  0.472  0.009  0.007  0.010
                    0.006  0.008
  17 C    6  6.001  0.854  1.121  0.765  0.413  0.411  0.506  0.451 -0.040
                    0.001 -0.002  0.584  0.427  0.469  0.009  0.006  0.011
                    0.007  0.008
  18 C    6  6.001  0.854  1.121  0.765  0.413  0.411  0.506  0.451 -0.040
                    0.001 -0.002  0.584  0.427  0.469  0.009  0.006  0.011
                    0.007  0.008
  19 C    6  6.001  0.854  1.121  0.765  0.413  0.411  0.506  0.451 -0.040
                    0.001 -0.002  0.584  0.427  0.469  0.009  0.006  0.011
                    0.007  0.008
  20 C    6  6.001  0.854  1.121  0.765  0.413  0.411  0.506  0.451 -0.040
                    0.001 -0.002  0.584  0.427  0.469  0.009  0.006  0.011
                    0.007  0.008
  21 C    6  6.001  0.854  1.121  0.765  0.413  0.506  0.411  0.451  0.001
                   -0.040 -0.002  0.427  0.584  0.469  0.009  0.011  0.006
                    0.007  0.008
  22 C    6  6.001  0.854  1.121  0.765  0.413  0.506  0.411  0.451  0.001
                   -0.040 -0.002  0.427  0.584  0.469  0.009  0.011  0.006
                    0.007  0.008
  23 C    6  6.001  0.854  1.121  0.765  0.413  0.506  0.411  0.451  0.001
                   -0.040 -0.002  0.427  0.584  0.469  0.009  0.011  0.006
                    0.007  0.008
  24 C    6  6.001  0.854  1.121  0.765  0.413  0.506  0.411  0.451  0.001
                   -0.040 -0.002  0.427  0.584  0.469  0.009  0.011  0.006
                    0.007  0.008
  25 C    6  6.001  0.854  1.121  0.765  0.413  0.411  0.506  0.451 -0.040
                    0.001 -0.002  0.584  0.427  0.469  0.009  0.006  0.011
                    0.007  0.008
  26 C    6  6.001  0.854  1.121  0.765  0.413  0.411  0.506  0.451 -0.040
                    0.001 -0.002  0.584  0.427  0.469  0.009  0.006  0.011
                    0.007  0.008
  27 C    6  6.001  0.854  1.121  0.765  0.413  0.411  0.506  0.451 -0.040
                    0.001 -0.002  0.584  0.427  0.469  0.009  0.006  0.011
                    0.007  0.008
  28 C    6  6.001  0.854  1.121  0.765  0.413  0.411  0.506  0.451 -0.040
                    0.001 -0.002  0.584  0.427  0.469  0.009  0.006  0.011
                    0.007  0.008
  29 C    6  6.001  0.854  1.121  0.765  0.413  0.506  0.411  0.451  0.001
                   -0.040 -0.002  0.427  0.584  0.469  0.009  0.011  0.006
                    0.007  0.008
  30 C    6  6.001  0.854  1.121  0.765  0.413  0.506  0.411  0.451  0.001
                   -0.040 -0.002  0.427  0.584  0.469  0.009  0.011  0.006
                    0.007  0.008
  31 C    6  6.001  0.854  1.121  0.765  0.413  0.506  0.411  0.451  0.001
                   -0.040 -0.002  0.427  0.584  0.469  0.009  0.011  0.006
                    0.007  0.008
  32 C    6  6.001  0.854  1.121  0.765  0.413  0.506  0.411  0.451  0.001
                   -0.040 -0.002  0.427  0.584  0.469  0.009  0.011  0.006
                    0.007  0.008
  33 C    6  6.008  0.854  1.121  0.763  0.446  0.437  0.503  0.396  0.011
                    0.003 -0.061  0.454  0.419  0.623  0.003  0.005  0.007
                    0.010  0.013
  34 C    6  6.008  0.854  1.121  0.763  0.446  0.437  0.503  0.396  0.011
                    0.003 -0.061  0.454  0.419  0.623  0.003  0.005  0.007
                    0.010  0.013
  35 C    6  6.008  0.854  1.121  0.763  0.446  0.437  0.503  0.396  0.011
                    0.003 -0.061  0.454  0.419  0.623  0.003  0.005  0.007
                    0.010  0.013
  36 C    6  6.008  0.854  1.121  0.763  0.446  0.437  0.503  0.396  0.011
                    0.003 -0.061  0.454  0.419  0.623  0.003  0.005  0.007
                    0.010  0.013
  37 C    6  6.008  0.854  1.121  0.763  0.446  0.503  0.437  0.396  0.003
                    0.011 -0.061  0.419  0.454  0.623  0.003  0.007  0.005
                    0.010  0.013
  38 C    6  6.008  0.854  1.121  0.763  0.446  0.503  0.437  0.396  0.003
                    0.011 -0.061  0.419  0.454  0.623  0.003  0.007  0.005
                    0.010  0.013
  39 C    6  6.008  0.854  1.121  0.763  0.446  0.503  0.437  0.396  0.003
                    0.011 -0.061  0.419  0.454  0.623  0.003  0.007  0.005
                    0.010  0.013
  40 C    6  6.008  0.854  1.121  0.763  0.446  0.503  0.437  0.396  0.003
                    0.011 -0.061  0.419  0.454  0.623  0.003  0.007  0.005
                    0.010  0.013

  ATOM    Z CHARGE  SHELL POPULATION

   1 C    6  5.995  0.854  1.121  0.761  0.405  1.361 -0.058  1.510  0.040
   2 C    6  5.995  0.854  1.121  0.761  0.405  1.361 -0.058  1.510  0.040
   3 C    6  5.995  0.854  1.121  0.761  0.405  1.361 -0.058  1.510  0.040
   4 C    6  5.995  0.854  1.121  0.761  0.405  1.361 -0.058  1.510  0.040
   5 C    6  5.995  0.854  1.121  0.761  0.405  1.361 -0.058  1.510  0.040
   6 C    6  5.995  0.854  1.121  0.761  0.405  1.361 -0.058  1.510  0.040
   7 C    6  5.995  0.854  1.121  0.761  0.405  1.361 -0.058  1.510  0.040
   8 C    6  5.995  0.854  1.121  0.761  0.405  1.361 -0.058  1.510  0.040
   9 C    6  5.995  0.854  1.121  0.761  0.405  1.361 -0.058  1.510  0.040
  10 C    6  5.995  0.854  1.121  0.761  0.405  1.361 -0.058  1.510  0.040
  11 C    6  5.995  0.854  1.121  0.761  0.405  1.361 -0.058  1.510  0.040
  12 C    6  5.995  0.854  1.121  0.761  0.405  1.361 -0.058  1.510  0.040
  13 C    6  5.995  0.854  1.121  0.761  0.405  1.361 -0.058  1.510  0.040
  14 C    6  5.995  0.854  1.121  0.761  0.405  1.361 -0.058  1.510  0.040
  15 C    6  5.995  0.854  1.121  0.761  0.405  1.361 -0.058  1.510  0.040
  16 C    6  5.995  0.854  1.121  0.761  0.405  1.361 -0.058  1.510  0.040
  17 C    6  6.001  0.854  1.121  0.765  0.413  1.368 -0.041  1.480  0.041
  18 C    6  6.001  0.854  1.121  0.765  0.413  1.368 -0.041  1.480  0.041
  19 C    6  6.001  0.854  1.121  0.765  0.413  1.368 -0.041  1.480  0.041
  20 C    6  6.001  0.854  1.121  0.765  0.413  1.368 -0.041  1.480  0.041
  21 C    6  6.001  0.854  1.121  0.765  0.413  1.368 -0.041  1.480  0.041
  22 C    6  6.001  0.854  1.121  0.765  0.413  1.368 -0.041  1.480  0.041
  23 C    6  6.001  0.854  1.121  0.765  0.413  1.368 -0.041  1.480  0.041
  24 C    6  6.001  0.854  1.121  0.765  0.413  1.368 -0.041  1.480  0.041
  25 C    6  6.001  0.854  1.121  0.765  0.413  1.368 -0.041  1.480  0.041
  26 C    6  6.001  0.854  1.121  0.765  0.413  1.368 -0.041  1.480  0.041
  27 C    6  6.001  0.854  1.121  0.765  0.413  1.368 -0.041  1.480  0.041
  28 C    6  6.001  0.854  1.121  0.765  0.413  1.368 -0.041  1.480  0.041
  29 C    6  6.001  0.854  1.121  0.765  0.413  1.368 -0.041  1.480  0.041
  30 C    6  6.001  0.854  1.121  0.765  0.413  1.368 -0.041  1.480  0.041
  31 C    6  6.001  0.854  1.121  0.765  0.413  1.368 -0.041  1.480  0.041
  32 C    6  6.001  0.854  1.121  0.765  0.413  1.368 -0.041  1.480  0.041
  33 C    6  6.008  0.854  1.121  0.763  0.446  1.336 -0.046  1.496  0.039
  34 C    6  6.008  0.854  1.121  0.763  0.446  1.336 -0.046  1.496  0.039
  35 C    6  6.008  0.854  1.121  0.763  0.446  1.336 -0.046  1.496  0.039
  36 C    6  6.008  0.854  1.121  0.763  0.446  1.336 -0.046  1.496  0.039
  37 C    6  6.008  0.854  1.121  0.763  0.446  1.336 -0.046  1.496  0.039
  38 C    6  6.008  0.854  1.121  0.763  0.446  1.336 -0.046  1.496  0.039
  39 C    6  6.008  0.854  1.121  0.763  0.446  1.336 -0.046  1.496  0.039
  40 C    6  6.008  0.854  1.121  0.763  0.446  1.336 -0.046  1.496  0.039

 OVERLAP POPULATION CONDENSED TO ATOMS FOR FIRST   6 NEIGHBORS

 ATOM A   1 C    ATOM B     CELL      R(AB)/AU R(AB)/ANG    OVPOP(AB)
                  9 C    (  1  0 -1)     2.520     1.334     0.569
                 31 C    (  0  0  0)     2.768     1.465     0.380
                 35 C    (  0  0 -1)     2.859     1.513     0.308
                 22 C    (  0  0  0)     4.354     2.304    -0.053
                 11 C    (  0  0  0)     4.423     2.340    -0.018
                 23 C    (  1  0 -1)     4.711     2.493    -0.022

 ATOM A  17 C    ATOM B     CELL      R(AB)/AU R(AB)/ANG    OVPOP(AB)
                 28 C    (  0  0  0)     2.555     1.352     0.534
                 21 C    (  0  0  0)     2.752     1.456     0.355
                 16 C    (  1  0  0)     2.768     1.465     0.380
                  6 C    (  1  0  0)     4.354     2.304    -0.053
                 40 C    (  1  0  0)     4.364     2.309    -0.032
                 31 C    (  0  0  0)     4.599     2.433    -0.034

 ATOM A  33 C    ATOM B     CELL      R(AB)/AU R(AB)/ANG    OVPOP(AB)
                 34 C    (  0  0  0)     2.539     1.344     0.572
                  3 C    (  0  0 -1)     2.859     1.513     0.308
                 23 C    (  0  0 -1)     4.364     2.309    -0.032
                  4 C    (  0  0 -1)     4.763     2.520    -0.026
                  1 C    ( -1  0  0)     4.903     2.594    -0.013
                 22 C    (  0  0  0)     6.056     3.205    -0.005
 TTTTTTTTTTTTTTTTTTTTTTTTTTTTTT AFTER FIRST TELAPSE      206.71 TCPU      204.59
 MMMMMMMMMMMMMMMMMMMMMMMMMMMMMMMMMMMMMMMMMMMMMMMMMMMMMMMMMMMMMMMMMMMMMMMMMMMMMMM
     ALPHA-BETA ELECTRONS
 MULLIKEN POPULATION ANALYSIS - NO. OF ELECTRONS   -0.000000

  ATOM    Z CHARGE  A.O. POPULATION

   1 C    6  0.000 -0.000  0.000 -0.000  0.000 -0.000  0.000  0.000  0.000
                    0.000 -0.000 -0.000 -0.000  0.000  0.000 -0.000  0.000
                   -0.000  0.000
   2 C    6  0.000 -0.000  0.000 -0.000  0.000 -0.000  0.000  0.000  0.000
                    0.000 -0.000 -0.000 -0.000  0.000  0.000 -0.000  0.000
                   -0.000  0.000
   3 C    6  0.000 -0.000  0.000 -0.000  0.000 -0.000  0.000  0.000  0.000
                    0.000 -0.000 -0.000 -0.000  0.000  0.000 -0.000  0.000
                   -0.000  0.000
   4 C    6  0.000 -0.000  0.000 -0.000  0.000 -0.000  0.000  0.000  0.000
                    0.000 -0.000 -0.000 -0.000  0.000  0.000 -0.000  0.000
                   -0.000  0.000
   5 C    6  0.000 -0.000  0.000 -0.000  0.000  0.000 -0.000  0.000  0.000
                    0.000 -0.000 -0.000 -0.000  0.000  0.000  0.000 -0.000
                   -0.000  0.000
   6 C    6  0.000 -0.000  0.000 -0.000  0.000  0.000 -0.000  0.000  0.000
                    0.000 -0.000 -0.000 -0.000  0.000  0.000  0.000 -0.000
                   -0.000  0.000
   7 C    6  0.000 -0.000  0.000 -0.000  0.000  0.000 -0.000  0.000  0.000
                    0.000 -0.000 -0.000 -0.000  0.000  0.000  0.000 -0.000
                   -0.000  0.000
   8 C    6  0.000 -0.000  0.000 -0.000  0.000  0.000 -0.000  0.000  0.000
                    0.000 -0.000 -0.000 -0.000  0.000  0.000  0.000 -0.000
                   -0.000  0.000
   9 C    6  0.000 -0.000  0.000 -0.000  0.000 -0.000  0.000  0.000  0.000
                    0.000 -0.000 -0.000 -0.000  0.000  0.000 -0.000  0.000
                   -0.000  0.000
  10 C    6  0.000 -0.000  0.000 -0.000  0.000 -0.000  0.000  0.000  0.000
                    0.000 -0.000 -0.000 -0.000  0.000  0.000 -0.000  0.000
                   -0.000  0.000
  11 C    6  0.000 -0.000  0.000 -0.000  0.000 -0.000  0.000  0.000  0.000
                    0.000 -0.000 -0.000 -0.000  0.000  0.000 -0.000  0.000
                   -0.000  0.000
  12 C    6  0.000 -0.000  0.000 -0.000  0.000 -0.000  0.000  0.000  0.000
                    0.000 -0.000 -0.000 -0.000  0.000  0.000 -0.000  0.000
                   -0.000  0.000
  13 C    6  0.000 -0.000  0.000 -0.000  0.000  0.000 -0.000  0.000  0.000
                    0.000 -0.000 -0.000 -0.000  0.000  0.000  0.000 -0.000
                   -0.000  0.000
  14 C    6  0.000 -0.000  0.000 -0.000  0.000  0.000 -0.000  0.000  0.000
                    0.000 -0.000 -0.000 -0.000  0.000  0.000  0.000 -0.000
                   -0.000  0.000
  15 C    6  0.000 -0.000  0.000 -0.000  0.000  0.000 -0.000  0.000  0.000
                    0.000 -0.000 -0.000 -0.000  0.000  0.000  0.000 -0.000
                   -0.000  0.000
  16 C    6  0.000 -0.000  0.000 -0.000  0.000  0.000 -0.000  0.000  0.000
                    0.000 -0.000 -0.000 -0.000  0.000  0.000  0.000 -0.000
                   -0.000  0.000
  17 C    6 -0.000 -0.000 -0.000 -0.000 -0.000  0.000 -0.000 -0.000 -0.000
                    0.000 -0.000  0.000  0.000 -0.000  0.000  0.000  0.000
                    0.000  0.000
  18 C    6 -0.000 -0.000 -0.000 -0.000 -0.000  0.000 -0.000 -0.000 -0.000
                    0.000 -0.000  0.000  0.000 -0.000  0.000  0.000  0.000
                    0.000  0.000
  19 C    6 -0.000 -0.000 -0.000 -0.000 -0.000  0.000 -0.000 -0.000 -0.000
                    0.000 -0.000  0.000  0.000 -0.000  0.000  0.000  0.000
                    0.000  0.000
  20 C    6 -0.000 -0.000 -0.000 -0.000 -0.000  0.000 -0.000 -0.000 -0.000
                    0.000 -0.000  0.000  0.000 -0.000  0.000  0.000  0.000
                    0.000  0.000
  21 C    6 -0.000 -0.000 -0.000 -0.000 -0.000 -0.000  0.000 -0.000  0.000
                   -0.000 -0.000  0.000  0.000 -0.000  0.000  0.000  0.000
                    0.000  0.000
  22 C    6 -0.000 -0.000 -0.000 -0.000 -0.000 -0.000  0.000 -0.000  0.000
                   -0.000 -0.000  0.000  0.000 -0.000  0.000  0.000  0.000
                    0.000  0.000
  23 C    6 -0.000 -0.000 -0.000 -0.000 -0.000 -0.000  0.000 -0.000  0.000
                   -0.000 -0.000  0.000  0.000 -0.000  0.000  0.000  0.000
                    0.000  0.000
  24 C    6 -0.000 -0.000 -0.000 -0.000 -0.000 -0.000  0.000 -0.000  0.000
                   -0.000 -0.000  0.000  0.000 -0.000  0.000  0.000  0.000
                    0.000  0.000
  25 C    6 -0.000 -0.000 -0.000 -0.000 -0.000  0.000 -0.000 -0.000 -0.000
                    0.000 -0.000  0.000  0.000 -0.000  0.000  0.000  0.000
                    0.000  0.000
  26 C    6 -0.000 -0.000 -0.000 -0.000 -0.000  0.000 -0.000 -0.000 -0.000
                    0.000 -0.000  0.000  0.000 -0.000  0.000  0.000  0.000
                    0.000  0.000
  27 C    6 -0.000 -0.000 -0.000 -0.000 -0.000  0.000 -0.000 -0.000 -0.000
                    0.000 -0.000  0.000  0.000 -0.000  0.000  0.000  0.000
                    0.000  0.000
  28 C    6 -0.000 -0.000 -0.000 -0.000 -0.000  0.000 -0.000 -0.000 -0.000
                    0.000 -0.000  0.000  0.000 -0.000  0.000  0.000  0.000
                    0.000  0.000
  29 C    6 -0.000 -0.000 -0.000 -0.000 -0.000 -0.000  0.000 -0.000  0.000
                   -0.000 -0.000  0.000  0.000 -0.000  0.000  0.000  0.000
                    0.000  0.000
  30 C    6 -0.000 -0.000 -0.000 -0.000 -0.000 -0.000  0.000 -0.000  0.000
                   -0.000 -0.000  0.000  0.000 -0.000  0.000  0.000  0.000
                    0.000  0.000
  31 C    6 -0.000 -0.000 -0.000 -0.000 -0.000 -0.000  0.000 -0.000  0.000
                   -0.000 -0.000  0.000  0.000 -0.000  0.000  0.000  0.000
                    0.000  0.000
  32 C    6 -0.000 -0.000 -0.000 -0.000 -0.000 -0.000  0.000 -0.000  0.000
                   -0.000 -0.000  0.000  0.000 -0.000  0.000  0.000  0.000
                    0.000  0.000
  33 C    6  0.000 -0.000 -0.000 -0.000  0.000  0.000  0.000 -0.000 -0.000
                    0.000  0.000  0.000 -0.000  0.000 -0.000  0.000 -0.000
                   -0.000 -0.000
  34 C    6  0.000 -0.000 -0.000 -0.000  0.000  0.000  0.000 -0.000 -0.000
                    0.000  0.000  0.000 -0.000  0.000 -0.000  0.000 -0.000
                   -0.000 -0.000
  35 C    6  0.000 -0.000 -0.000 -0.000  0.000  0.000  0.000 -0.000 -0.000
                    0.000  0.000  0.000 -0.000  0.000 -0.000  0.000 -0.000
                   -0.000 -0.000
  36 C    6  0.000 -0.000 -0.000 -0.000  0.000  0.000  0.000 -0.000 -0.000
                    0.000  0.000  0.000 -0.000  0.000 -0.000  0.000 -0.000
                   -0.000 -0.000
  37 C    6  0.000 -0.000 -0.000 -0.000  0.000  0.000  0.000 -0.000  0.000
                   -0.000  0.000 -0.000  0.000  0.000 -0.000 -0.000  0.000
                   -0.000 -0.000
  38 C    6  0.000 -0.000 -0.000 -0.000  0.000  0.000  0.000 -0.000  0.000
                   -0.000  0.000 -0.000  0.000  0.000 -0.000 -0.000  0.000
                   -0.000 -0.000
  39 C    6  0.000 -0.000 -0.000 -0.000  0.000  0.000  0.000 -0.000  0.000
                   -0.000  0.000 -0.000  0.000  0.000 -0.000 -0.000  0.000
                   -0.000 -0.000
  40 C    6  0.000 -0.000 -0.000 -0.000  0.000  0.000  0.000 -0.000  0.000
                   -0.000  0.000 -0.000  0.000  0.000 -0.000 -0.000  0.000
                   -0.000 -0.000

  ATOM    Z CHARGE  SHELL POPULATION

   1 C    6  0.000 -0.000  0.000 -0.000  0.000  0.000  0.000 -0.000  0.000
   2 C    6  0.000 -0.000  0.000 -0.000  0.000  0.000  0.000 -0.000  0.000
   3 C    6  0.000 -0.000  0.000 -0.000  0.000  0.000  0.000 -0.000  0.000
   4 C    6  0.000 -0.000  0.000 -0.000  0.000  0.000  0.000 -0.000  0.000
   5 C    6  0.000 -0.000  0.000 -0.000  0.000  0.000  0.000 -0.000  0.000
   6 C    6  0.000 -0.000  0.000 -0.000  0.000  0.000  0.000 -0.000  0.000
   7 C    6  0.000 -0.000  0.000 -0.000  0.000  0.000  0.000 -0.000  0.000
   8 C    6  0.000 -0.000  0.000 -0.000  0.000  0.000  0.000 -0.000  0.000
   9 C    6  0.000 -0.000  0.000 -0.000  0.000  0.000  0.000 -0.000  0.000
  10 C    6  0.000 -0.000  0.000 -0.000  0.000  0.000  0.000 -0.000  0.000
  11 C    6  0.000 -0.000  0.000 -0.000  0.000  0.000  0.000 -0.000  0.000
  12 C    6  0.000 -0.000  0.000 -0.000  0.000  0.000  0.000 -0.000  0.000
  13 C    6  0.000 -0.000  0.000 -0.000  0.000  0.000  0.000 -0.000  0.000
  14 C    6  0.000 -0.000  0.000 -0.000  0.000  0.000  0.000 -0.000  0.000
  15 C    6  0.000 -0.000  0.000 -0.000  0.000  0.000  0.000 -0.000  0.000
  16 C    6  0.000 -0.000  0.000 -0.000  0.000  0.000  0.000 -0.000  0.000
  17 C    6 -0.000 -0.000 -0.000 -0.000 -0.000 -0.000 -0.000  0.000  0.000
  18 C    6 -0.000 -0.000 -0.000 -0.000 -0.000 -0.000 -0.000  0.000  0.000
  19 C    6 -0.000 -0.000 -0.000 -0.000 -0.000 -0.000 -0.000  0.000  0.000
  20 C    6 -0.000 -0.000 -0.000 -0.000 -0.000 -0.000 -0.000  0.000  0.000
  21 C    6 -0.000 -0.000 -0.000 -0.000 -0.000 -0.000 -0.000  0.000  0.000
  22 C    6 -0.000 -0.000 -0.000 -0.000 -0.000 -0.000 -0.000  0.000  0.000
  23 C    6 -0.000 -0.000 -0.000 -0.000 -0.000 -0.000 -0.000  0.000  0.000
  24 C    6 -0.000 -0.000 -0.000 -0.000 -0.000 -0.000 -0.000  0.000  0.000
  25 C    6 -0.000 -0.000 -0.000 -0.000 -0.000 -0.000 -0.000  0.000  0.000
  26 C    6 -0.000 -0.000 -0.000 -0.000 -0.000 -0.000 -0.000  0.000  0.000
  27 C    6 -0.000 -0.000 -0.000 -0.000 -0.000 -0.000 -0.000  0.000  0.000
  28 C    6 -0.000 -0.000 -0.000 -0.000 -0.000 -0.000 -0.000  0.000  0.000
  29 C    6 -0.000 -0.000 -0.000 -0.000 -0.000 -0.000 -0.000  0.000  0.000
  30 C    6 -0.000 -0.000 -0.000 -0.000 -0.000 -0.000 -0.000  0.000  0.000
  31 C    6 -0.000 -0.000 -0.000 -0.000 -0.000 -0.000 -0.000  0.000  0.000
  32 C    6 -0.000 -0.000 -0.000 -0.000 -0.000 -0.000 -0.000  0.000  0.000
  33 C    6  0.000 -0.000 -0.000 -0.000  0.000  0.000 -0.000  0.000 -0.000
  34 C    6  0.000 -0.000 -0.000 -0.000  0.000  0.000 -0.000  0.000 -0.000
  35 C    6  0.000 -0.000 -0.000 -0.000  0.000  0.000 -0.000  0.000 -0.000
  36 C    6  0.000 -0.000 -0.000 -0.000  0.000  0.000 -0.000  0.000 -0.000
  37 C    6  0.000 -0.000 -0.000 -0.000  0.000  0.000 -0.000  0.000 -0.000
  38 C    6  0.000 -0.000 -0.000 -0.000  0.000  0.000 -0.000  0.000 -0.000
  39 C    6  0.000 -0.000 -0.000 -0.000  0.000  0.000 -0.000  0.000 -0.000
  40 C    6  0.000 -0.000 -0.000 -0.000  0.000  0.000 -0.000  0.000 -0.000

 OVERLAP POPULATION CONDENSED TO ATOMS FOR FIRST   6 NEIGHBORS

 ATOM A   1 C    ATOM B     CELL      R(AB)/AU R(AB)/ANG    OVPOP(AB)
                  9 C    (  1  0 -1)     2.520     1.334     0.000
                 31 C    (  0  0  0)     2.768     1.465    -0.000
                 35 C    (  0  0 -1)     2.859     1.513     0.000
                 22 C    (  0  0  0)     4.354     2.304     0.000
                 11 C    (  0  0  0)     4.423     2.340    -0.000
                 23 C    (  1  0 -1)     4.711     2.493    -0.000

 ATOM A  17 C    ATOM B     CELL      R(AB)/AU R(AB)/ANG    OVPOP(AB)
                 28 C    (  0  0  0)     2.555     1.352     0.000
                 21 C    (  0  0  0)     2.752     1.456     0.000
                 16 C    (  1  0  0)     2.768     1.465    -0.000
                  6 C    (  1  0  0)     4.354     2.304     0.000
                 40 C    (  1  0  0)     4.364     2.309    -0.000
                 31 C    (  0  0  0)     4.599     2.433    -0.000

 ATOM A  33 C    ATOM B     CELL      R(AB)/AU R(AB)/ANG    OVPOP(AB)
                 34 C    (  0  0  0)     2.539     1.344    -0.000
                  3 C    (  0  0 -1)     2.859     1.513     0.000
                 23 C    (  0  0 -1)     4.364     2.309    -0.000
                  4 C    (  0  0 -1)     4.763     2.520    -0.000
                  1 C    ( -1  0  0)     4.903     2.594    -0.000
                 22 C    (  0  0  0)     6.056     3.205    -0.000
 EIGENVECTORS IN FORTRAN UNIT  8
 TTTTTTTTTTTTTTTTTTTTTTTTTTTTTT END         TELAPSE      207.52 TCPU      205.28
 EEEEEEEEEE TERMINATION  DATE 30 01 2026 TIME 23:27:27.5
NODE    0 CPU TIME =       205.282
NODE    1 CPU TIME =       205.695
NODE    2 CPU TIME =       205.899
NODE    3 CPU TIME =       205.887
NODE    4 CPU TIME =       205.835
NODE    5 CPU TIME =       205.812
NODE    6 CPU TIME =       205.746
NODE    7 CPU TIME =       205.790
NODE    8 CPU TIME =       205.770
NODE    9 CPU TIME =       205.726
NODE   10 CPU TIME =       205.795
NODE   11 CPU TIME =       205.754
NODE   12 CPU TIME =       205.767
NODE   13 CPU TIME =       205.815
NODE   14 CPU TIME =       205.877
NODE   15 CPU TIME =       205.778
NODE   16 CPU TIME =       205.625
NODE   17 CPU TIME =       205.741
NODE   18 CPU TIME =       205.153
NODE   19 CPU TIME =       205.675
NODE   20 CPU TIME =       205.185
NODE   21 CPU TIME =       205.749
NODE   22 CPU TIME =       205.676
NODE   23 CPU TIME =       205.678
NODE   24 CPU TIME =       205.505
NODE   25 CPU TIME =       205.427
NODE   26 CPU TIME =       205.399
NODE   27 CPU TIME =       205.474
NODE   28 CPU TIME =       205.673
NODE   29 CPU TIME =       205.625
NODE   30 CPU TIME =       204.140
NODE   31 CPU TIME =       205.519
    TOTAL CPU TIME =      6579.474
