MPI startup(): Warning: I_MPI_PMI_LIBRARY will be ignored since the hydra process manager was found
MPI startup(): Warning: I_MPI_PMI_LIBRARY will be ignored since the hydra process manager was found
MPI startup(): Warning: I_MPI_PMI_LIBRARY will be ignored since the hydra process manager was found
MPI startup(): Warning: I_MPI_PMI_LIBRARY will be ignored since the hydra process manager was found
MPI startup(): Warning: I_MPI_PMI_LIBRARY will be ignored since the hydra process manager was found
MPI startup(): Warning: I_MPI_PMI_LIBRARY will be ignored since the hydra process manager was found
MPI startup(): Warning: I_MPI_PMI_LIBRARY will be ignored since the hydra process manager was found
MPI startup(): Warning: I_MPI_PMI_LIBRARY will be ignored since the hydra process manager was found
MPI startup(): Warning: I_MPI_PMI_LIBRARY will be ignored since the hydra process manager was found
MPI startup(): Warning: I_MPI_PMI_LIBRARY will be ignored since the hydra process manager was found
MPI startup(): Warning: I_MPI_PMI_LIBRARY will be ignored since the hydra process manager was found
MPI startup(): Warning: I_MPI_PMI_LIBRARY will be ignored since the hydra process manager was found
MPI startup(): Warning: I_MPI_PMI_LIBRARY will be ignored since the hydra process manager was found
MPI startup(): Warning: I_MPI_PMI_LIBRARY will be ignored since the hydra process manager was found
MPI startup(): Warning: I_MPI_PMI_LIBRARY will be ignored since the hydra process manager was found
MPI startup(): Warning: I_MPI_PMI_LIBRARY will be ignored since the hydra process manager was found
MPI startup(): Warning: I_MPI_PMI_LIBRARY will be ignored since the hydra process manager was found
MPI startup(): Warning: I_MPI_PMI_LIBRARY will be ignored since the hydra process manager was found
MPI startup(): Warning: I_MPI_PMI_LIBRARY will be ignored since the hydra process manager was found
MPI startup(): Warning: I_MPI_PMI_LIBRARY will be ignored since the hydra process manager was found
MPI startup(): Warning: I_MPI_PMI_LIBRARY will be ignored since the hydra process manager was found
MPI startup(): Warning: I_MPI_PMI_LIBRARY will be ignored since the hydra process manager was found
MPI startup(): Warning: I_MPI_PMI_LIBRARY will be ignored since the hydra process manager was found
MPI startup(): Warning: I_MPI_PMI_LIBRARY will be ignored since the hydra process manager was found
MPI startup(): Warning: I_MPI_PMI_LIBRARY will be ignored since the hydra process manager was found
MPI startup(): Warning: I_MPI_PMI_LIBRARY will be ignored since the hydra process manager was found
MPI startup(): Warning: I_MPI_PMI_LIBRARY will be ignored since the hydra process manager was found
MPI startup(): Warning: I_MPI_PMI_LIBRARY will be ignored since the hydra process manager was found
MPI startup(): Warning: I_MPI_PMI_LIBRARY will be ignored since the hydra process manager was found
MPI startup(): Warning: I_MPI_PMI_LIBRARY will be ignored since the hydra process manager was found
MPI startup(): Warning: I_MPI_PMI_LIBRARY will be ignored since the hydra process manager was found
MPI startup(): Warning: I_MPI_PMI_LIBRARY will be ignored since the hydra process manager was found
 PROCESS            8  OF           32  WORKING
 PROCESS           22  OF           32  WORKING
 PROCESS           30  OF           32  WORKING
 PROCESS           20  OF           32  WORKING
 PROCESS           12  OF           32  WORKING
 PROCESS            6  OF           32  WORKING
 PROCESS            0  OF           32  WORKING
 PROCESS           14  OF           32  WORKING
 PROCESS           13  OF           32  WORKING
 PROCESS           26  OF           32  WORKING
 PROCESS           19  OF           32  WORKING
 PROCESS           29  OF           32  WORKING
 PROCESS           23  OF           32  WORKING
 PROCESS           11  OF           32  WORKING

         
 *******************************************************************************
 *                                                                             *
 *                               CRYSTAL23                                     *
 *                      public : 1.0.1 - October 2022                          *
 *                       HTTP://WWW.CRYSTAL.UNITO.IT                           *
 *                                                                             *
 *                              MAIN AUTHORS                                   *
 *                                                                             *
 *  R. DOVESI(1,11), V.R. SAUNDERS(2), C. ROETTI(1,11), R. ORLANDO(1,11),      *
 *  C.M. ZICOVICH-WILSON(1,3), F. PASCALE(4), B. CIVALLERI(1,11),              *
 *  K. DOLL(5), N.M. HARRISON(6), I.J. BUSH(7), Ph. D'ARCO(8),                 *
 *  M. LLUNELL(9), M. CAUSA'(10), Y. NOEL(8), L. MASCHIO(1,11), A. ERBA(1,11)  *
 *  M. RE'RAT(14), S. CASASSA(1,11), B.G. SEARLE(2), J.K. DESMARAIS(1)         *
 *                                                                             *
 *        CONTRIBUTIONS TO THE CODE HAVE ALSO BEEN GIVEN BY                    *
 *                                                                             *
 *  M. FERRABONE(1,11), M. DE LA PIERRE(1,11), M. FERRERO(1,11),               *
 PROCESS            4  OF           32  WORKING
 PROCESS            7  OF           32  WORKING
 *  J. BAIMA(1,11), E. ALBANESE(1,11), M.F. PEINTINGER(12), R. BAST(13),       *
 *  B. KIRTMAN(15), V. LACIVITA(1,11), R. DEMICHELIS(1,16)                     *
 *  G. BRANDEBURG(17), S. SALUSTRO(1,11), G. SANSONE(1,11)                     *
 *  M.T. RUGGIERO(18), L.E. DAGA(1), L. DONA'(1), A. COSSARD(1)                *
 *                                                                             *
 * (1) THEORETICAL CHEMISTRY GROUP - UNIVERSITA' DI TORINO - TORINO (ITALY)    *
 * (2) SCIENTIFIC COMPUTING DEPARTMENT - STFC DARESBURY (UK)                   *
 * (3) UNIVERSIDAD AUTONOMA DEL ESTADO DE MORELOS - CUERNAVACA (MEXICO)        *
 * (4) UNIVERSITE' DE LORRAINE - NANCY (FRANCE)                                *
 * (5) UNIVERSITAET STUTTGART- STUTTGART (GERMANY)                             *
 * (6) IMPERIAL COLLEGE - LONDON (UK)                                          *
 * (7) SCIENTIFIC COMPUTING DEPARTMENT - STFC RAL (UK)                         *
 * (8) UPMC - SORBONNE UNIVERSITES - PARIS (FRANCE)                            *
 * (9) UNIVERSIDAD DE BARCELONA - BARCELONA (SPAIN)                            *
 *(10) UNIVERSITA' DI NAPOLI "FEDERICO II" - NAPOLI (ITALY)                    *
 *(11) NIS - NANOSTRUCTURED INTERFACES AND SURFACES - TORINO (ITALY)           *
 *(12) MPI FUER CHEMISCHE ENERGIEKONVERSION - MUELHEIM AN DER RUHR (GERMANY)   *
 *(13) UNIVERSITY OF TROMSO - TROMSO (NORWAY)                                  *
 *(14) UNIVERSITE' DE PAU ET DES PAYS DE L'ADOUR - PAU (FRANCE)                *
 *(15) UNIVERSITY OF CALIFORNIA SANTA BARBARA - SANTA BARBARA (USA)            *
 *(16) CURTIN UNIVERSITY - PERTH (AUSTRALIA)                                   *
 *(17) UNIVERSITY COLLEGE LONDON - LONDON (UK)                                 *
 *(18) UNIVERSITY OF VERMONT - BURLINGTON (USA)                                *
 *                                                                             *
 *******************************************************************************
 EEEEEEEEEE STARTING  DATE 30 01 2026 TIME 18:10:31.6
 ./3^3T21-CA_rev1_sp_B3LYP-D3-D3_optimized                                       
 PROCESS           16  OF           32  WORKING
 PROCESS           18  OF           32  WORKING
 PROCESS           15  OF           32  WORKING
 PROCESS            5  OF           32  WORKING
 PROCESS           31  OF           32  WORKING
 PROCESS            3  OF           32  WORKING
 PROCESS           27  OF           32  WORKING
 PROCESS           24  OF           32  WORKING
 PROCESS           10  OF           32  WORKING
 PROCESS           28  OF           32  WORKING
 PROCESS           25  OF           32  WORKING
 PROCESS           17  OF           32  WORKING
 PROCESS            1  OF           32  WORKING
 PROCESS            2  OF           32  WORKING
 PROCESS           21  OF           32  WORKING
 PROCESS            9  OF           32  WORKING

 CRYSTAL CALCULATION
 (INPUT ACCORDING TO THE INTERNATIONAL TABLES FOR X-RAY CRYSTALLOGRAPHY)
 CRYSTAL FAMILY                       :  TETRAGONAL  
 CRYSTAL CLASS  (GROTH - 1921)        :  TETRAGONAL TRAPEZOHEDRAL             

 SPACE GROUP (NONCENTROSYMMETRIC)     :  P 41 21 2       

 LATTICE PARAMETERS  (ANGSTROMS AND DEGREES) - CONVENTIONAL CELL
        A           B           C        ALPHA        BETA       GAMMA
     7.33372     7.33372     3.80530    90.00000    90.00000    90.00000


 NUMBER OF IRREDUCIBLE ATOMS IN THE CONVENTIONAL CELL:    3

 INPUT COORDINATES

 ATOM AT. N.              COORDINATES
   1   6    -2.282472462944E-01  4.679781119518E-01 -4.360193041992E-01
   2   6     9.073145428755E-02  3.329174685217E-02  3.418616490811E-01
   3   6    -1.815210612345E-01 -3.362874772510E-01  4.792235847042E-01

 *******************************************************************************

 << INFORMATION >>: FROM NOW ON, ALL COORDINATES REFER TO THE PRIMITIVE CELL

 *******************************************************************************

 LATTICE PARAMETERS  (ANGSTROMS AND DEGREES) - PRIMITIVE CELL
       A          B          C        ALPHA      BETA     GAMMA        VOLUME
    7.33372    7.33372    3.80530    90.00000  90.00000  90.00000    204.661964

 COORDINATES OF THE EQUIVALENT ATOMS (FRACTIONAL UNITS)

 N. ATOM EQUIV AT. N.          X                  Y                  Z

   1   1   1    6 C    -2.28247246294E-01  4.67978111952E-01 -4.36019304199E-01
   2   1   2    6 C     2.28247246294E-01 -4.67978111952E-01  6.39806958008E-02
   3   1   3    6 C     2.71752753706E-01  3.20218880482E-02  1.86019304199E-01
   4   1   4    6 C    -2.71752753706E-01 -3.20218880482E-02 -3.13980695801E-01
   5   1   5    6 C    -4.67978111952E-01  2.28247246294E-01 -6.39806958008E-02
   6   1   6    6 C     4.67978111952E-01 -2.28247246294E-01  4.36019304199E-01
   7   1   7    6 C    -3.20218880482E-02 -2.71752753706E-01  3.13980695801E-01
   8   1   8    6 C     3.20218880482E-02  2.71752753706E-01 -1.86019304199E-01

   9   2   1    6 C     9.07314542876E-02  3.32917468522E-02  3.41861649081E-01
  10   2   2    6 C    -9.07314542876E-02 -3.32917468522E-02 -1.58138350919E-01
  11   2   3    6 C    -4.09268545712E-01  4.66708253148E-01  4.08138350919E-01
  12   2   4    6 C     4.09268545712E-01 -4.66708253148E-01 -9.18616490811E-02
  13   2   5    6 C    -3.32917468522E-02 -9.07314542876E-02  1.58138350919E-01
  14   2   6    6 C     3.32917468522E-02  9.07314542876E-02 -3.41861649081E-01
  15   2   7    6 C    -4.66708253148E-01  4.09268545712E-01  9.18616490811E-02
  16   2   8    6 C     4.66708253148E-01 -4.09268545712E-01 -4.08138350919E-01

  17   3   1    6 C    -1.81521061234E-01 -3.36287477251E-01  4.79223584704E-01
  18   3   2    6 C     1.81521061234E-01  3.36287477251E-01 -2.07764152958E-02
  19   3   3    6 C     3.18478938766E-01 -1.63712522749E-01  2.70776415296E-01
  20   3   4    6 C    -3.18478938766E-01  1.63712522749E-01 -2.29223584704E-01
  21   3   5    6 C     3.36287477251E-01  1.81521061234E-01  2.07764152958E-02
  22   3   6    6 C    -3.36287477251E-01 -1.81521061234E-01 -4.79223584704E-01
  23   3   7    6 C     1.63712522749E-01 -3.18478938766E-01  2.29223584704E-01
  24   3   8    6 C    -1.63712522749E-01  3.18478938766E-01 -2.70776415296E-01

 NUMBER OF SYMMETRY OPERATORS         :    8
 *******************************************************************************
 * GEOMETRY EDITING - INPUT COORDINATES ARE GIVEN IN ANGSTROM         
 *******************************************************************************

 GEOMETRY NOW FULLY CONSISTENT WITH THE GROUP

 GCALCO - MAX INDICES DIRECT LATTICE VECTOR    11    11    23
 NO.OF VECTORS CREATED 6999 STARS  540 RMAX   131.89631 BOHR

 GEOMETRY FOR WAVE FUNCTION - DIMENSIONALITY OF THE SYSTEM    3
 (NON PERIODIC DIRECTION: LATTICE PARAMETER FORMALLY SET TO 500)
 *******************************************************************************
 LATTICE PARAMETERS (ANGSTROMS AND DEGREES) - BOHR = 0.5291772083 ANGSTROM
 PRIMITIVE CELL - CENTRING CODE 1/0 VOLUME=   204.661964 - DENSITY  2.337 g/cm^3
         A              B              C           ALPHA      BETA       GAMMA 
     7.33371653     7.33371653     3.80529998    90.000000  90.000000  90.000000
 *******************************************************************************
 ATOMS IN THE ASYMMETRIC UNIT    3 - ATOMS IN THE UNIT CELL:   24
     ATOM                 X/A                 Y/B                 Z/C    
 *******************************************************************************
      1 T   6 C    -2.282472462944E-01  4.679781119518E-01 -4.360193041992E-01
      2 F   6 C     2.282472462944E-01 -4.679781119518E-01  6.398069580080E-02
      3 F   6 C     2.717527537056E-01  3.202188804820E-02  1.860193041992E-01
      4 F   6 C    -2.717527537056E-01 -3.202188804820E-02 -3.139806958008E-01
      5 F   6 C    -4.679781119518E-01  2.282472462944E-01 -6.398069580080E-02
      6 F   6 C     4.679781119518E-01 -2.282472462944E-01  4.360193041992E-01
      7 F   6 C    -3.202188804820E-02 -2.717527537056E-01  3.139806958008E-01
      8 F   6 C     3.202188804820E-02  2.717527537056E-01 -1.860193041992E-01
      9 T   6 C     9.073145428755E-02  3.329174685217E-02  3.418616490811E-01
     10 F   6 C    -9.073145428755E-02 -3.329174685217E-02 -1.581383509189E-01
     11 F   6 C    -4.092685457124E-01  4.667082531478E-01  4.081383509189E-01
     12 F   6 C     4.092685457125E-01 -4.667082531478E-01 -9.186164908110E-02
     13 F   6 C    -3.329174685217E-02 -9.073145428755E-02  1.581383509189E-01
     14 F   6 C     3.329174685217E-02  9.073145428755E-02 -3.418616490811E-01
     15 F   6 C    -4.667082531478E-01  4.092685457125E-01  9.186164908110E-02
     16 F   6 C     4.667082531478E-01 -4.092685457124E-01 -4.081383509189E-01
     17 T   6 C    -1.815210612345E-01 -3.362874772510E-01  4.792235847042E-01
     18 F   6 C     1.815210612345E-01  3.362874772510E-01 -2.077641529580E-02
     19 F   6 C     3.184789387655E-01 -1.637125227490E-01  2.707764152958E-01
     20 F   6 C    -3.184789387655E-01  1.637125227490E-01 -2.292235847042E-01
     21 F   6 C     3.362874772510E-01  1.815210612345E-01  2.077641529580E-02
     22 F   6 C    -3.362874772510E-01 -1.815210612345E-01 -4.792235847042E-01
     23 F   6 C     1.637125227490E-01 -3.184789387655E-01  2.292235847042E-01
     24 F   6 C    -1.637125227490E-01  3.184789387655E-01 -2.707764152958E-01

 T = ATOM BELONGING TO THE ASYMMETRIC UNIT

 ****    8 SYMMOPS - TRANSLATORS IN FRACTIONAL UNITS
 **** MATRICES AND TRANSLATORS IN THE CRYSTALLOGRAPHIC REFERENCE FRAME
   V INV                    ROTATION MATRICES                   TRANSLATORS
   1   1  1.00  0.00  0.00  0.00  1.00  0.00  0.00  0.00  1.00  0.00  0.00  0.00
   2   2 -1.00  0.00  0.00  0.00 -1.00  0.00  0.00  0.00  1.00  0.00  0.00  0.50
   3   3  1.00  0.00  0.00  0.00 -1.00  0.00  0.00  0.00 -1.00  0.50  0.50  0.75
   4   4 -1.00  0.00  0.00  0.00  1.00  0.00  0.00  0.00 -1.00  0.50  0.50  0.25
   5   5  0.00 -1.00  0.00 -1.00  0.00  0.00  0.00  0.00 -1.00  0.00  0.00  0.50
   6   6  0.00  1.00  0.00  1.00  0.00  0.00  0.00  0.00 -1.00  0.00  0.00  0.00
   7   8  0.00  1.00  0.00 -1.00  0.00  0.00  0.00  0.00  1.00  0.50  0.50  0.75
   8   7  0.00 -1.00  0.00  1.00  0.00  0.00  0.00  0.00  1.00  0.50  0.50  0.25

 DIRECT LATTICE VECTORS CARTESIAN COMPONENTS (ANGSTROM)
          X                    Y                    Z
   0.733371653000E+01   0.000000000000E+00   0.000000000000E+00
   0.000000000000E+00   0.733371653000E+01   0.000000000000E+00
   0.000000000000E+00   0.000000000000E+00   0.380529998000E+01


 CARTESIAN COORDINATES - PRIMITIVE CELL
 *******************************************************************************
 *      ATOM          X(ANGSTROM)         Y(ANGSTROM)         Z(ANGSTROM)
 *******************************************************************************
    1     6 C    -1.673900603076E+00  3.432018815299E+00 -1.659184249549E+00
    2     6 C     1.673900603076E+00 -3.432018815299E+00  2.434657404512E-01
    3     6 C     1.992957661924E+00  2.348394497009E-01  7.078592545488E-01
    4     6 C    -1.992957661924E+00 -2.348394497009E-01 -1.194790735451E+00
    5     6 C    -3.432018815299E+00  1.673900603076E+00 -2.434657404512E-01
    6     6 C     3.432018815299E+00 -1.673900603076E+00  1.659184249549E+00
    7     6 C    -2.348394497009E-01 -1.992957661924E+00  1.194790735451E+00
    8     6 C     2.348394497009E-01  1.992957661924E+00 -7.078592545488E-01
    9     6 C     6.653987660995E-01  2.441522342023E-01  1.300886126411E+00
   10     6 C    -6.653987660995E-01 -2.441522342023E-01 -6.017638635889E-01
   11     6 C    -3.001459498900E+00  3.422706030798E+00  1.553088858589E+00
   12     6 C     3.001459498900E+00 -3.422706030798E+00 -3.495611314111E-01
   13     6 C    -2.441522342023E-01 -6.653987660995E-01  6.017638635889E-01
   14     6 C     2.441522342023E-01  6.653987660995E-01 -1.300886126411E+00
   15     6 C    -3.422706030798E+00  3.001459498900E+00  3.495611314111E-01
   16     6 C     3.422706030798E+00 -3.001459498900E+00 -1.553088858589E+00
   17     6 C    -1.331224007319E+00 -2.466237030748E+00  1.823589497290E+00
   18     6 C     1.331224007319E+00  2.466237030748E+00 -7.906049270958E-02
   19     6 C     2.335634257681E+00 -1.200621234252E+00  1.030385487710E+00
   20     6 C    -2.335634257681E+00  1.200621234252E+00 -8.722645022904E-01
   21     6 C     2.466237030748E+00  1.331224007319E+00  7.906049270958E-02
   22     6 C    -2.466237030748E+00 -1.331224007319E+00 -1.823589497290E+00
   23     6 C     1.200621234252E+00 -2.335634257681E+00  8.722645022904E-01
   24     6 C    -1.200621234252E+00  2.335634257681E+00 -1.030385487710E+00

 *******************************************************************************
 LOCAL ATOMIC FUNCTIONS BASIS SET
 *******************************************************************************
   ATOM   X(AU)   Y(AU)   Z(AU)  N. TYPE  EXPONENT  S COEF   P COEF   D/F/G COEF
 *******************************************************************************
   1 C   -3.163   6.486  -3.135
                                  1 S  
                                         1.358E+04 2.225E-04 0.000E+00 0.000E+00
                                         2.035E+03 1.723E-03 0.000E+00 0.000E+00
                                         4.632E+02 8.926E-03 0.000E+00 0.000E+00
                                         1.312E+02 3.573E-02 0.000E+00 0.000E+00
                                         4.285E+01 1.108E-01 0.000E+00 0.000E+00
                                         1.558E+01 2.430E-01 0.000E+00 0.000E+00
                                  2 S  
                                         6.207E+00 4.144E-01 0.000E+00 0.000E+00
                                         2.576E+00 2.374E-01 0.000E+00 0.000E+00
                                  3 S  
                                         4.941E-01 1.000E+00 0.000E+00 0.000E+00
                                  4 S  
                                         1.644E-01 1.000E+00 0.000E+00 0.000E+00
                           5-     7 P  
                                         3.470E+01 0.000E+00 5.333E-03 0.000E+00
                                         7.958E+00 0.000E+00 3.586E-02 0.000E+00
                                         2.378E+00 0.000E+00 1.422E-01 0.000E+00
                                         8.143E-01 0.000E+00 3.427E-01 0.000E+00
                           8-    10 P  
                                         5.662E-01 0.000E+00 1.000E+00 0.000E+00
                          11-    13 P  
                                         2.674E-01 0.000E+00 1.000E+00 0.000E+00
                          14-    18 D  
                                         8.792E-01 0.000E+00 0.000E+00 1.000E+00
   2 C    3.163  -6.486   0.460
   3 C    3.766   0.444   1.338
   4 C   -3.766  -0.444  -2.258
   5 C   -6.486   3.163  -0.460
   6 C    6.486  -3.163   3.135
   7 C   -0.444  -3.766   2.258
   8 C    0.444   3.766  -1.338
   9 C    1.257   0.461   2.458
  10 C   -1.257  -0.461  -1.137
  11 C   -5.672   6.468   2.935
  12 C    5.672  -6.468  -0.661
  13 C   -0.461  -1.257   1.137
  14 C    0.461   1.257  -2.458
  15 C   -6.468   5.672   0.661
  16 C    6.468  -5.672  -2.935
  17 C   -2.516  -4.661   3.446
  18 C    2.516   4.661  -0.149
  19 C    4.414  -2.269   1.947
  20 C   -4.414   2.269  -1.648
  21 C    4.661   2.516   0.149
  22 C   -4.661  -2.516  -3.446
  23 C    2.269  -4.414   1.648
  24 C   -2.269   4.414  -1.947
 INFORMATION **** SET_MPP **** PCRYSTAL CALCULATION
 INFORMATION **** READM2 **** NEW DEFAULT: FOCK/KS MATRIX MIXING SET TO 30 %
 INFORMATION **** READM2 **** NEW DEFAULT: FULL DIRECT SCF MODE
 INFORMATION **** READM2 **** NEW DEFAULT: COULOMB BIPOLAR BUFFER SET TO 32 Mb
 INFORMATION **** READM2 **** NEW DEFAULT: EXCHANGE BIPOLAR BUFFER SET TO 32 Mb

 *******************************************************************************
 NEW DEFAULT: DFT INTEGRATION GRID INCREASED TO XLGRID
 NEW DEFAULT: DIIS ACCELERATOR ACTIVE
 USE KEYWORD NODIIS TO TURN IT OFF
 *******************************************************************************

 INFORMATION **** DFTD3_INPUT **** PERFORM LATEST DISPERSION CORRECTION DFT-D3(BJ) WITH AUTOMATIC PARAMETER SETUP
 PLEASE CITE:
 (1) DFT-D3 Reference
  S. Grimme, J. Antony, S. Ehrlich, and H. Krieg, J. Chem. Phys. 132 (2010), 154104
 (2) BJ-Damping Reference
  S. Grimme, S. Ehrlich, and L. Goerigk, J. Comput. Chem. 32 (2011), 1456-1465
 (3) General DFT-D Review
  S. Grimme, A. Hansen, J. G. Brandenburg, and C. Bannwarth,
  Chem. Rev. 116 (2016), 5105-5154

 INFORMATION **** TOLINTEG **** COULOMB AND EXCHANGE SERIES TOLERANCES MODIFIED
 INFORMATION **** TOLDEE **** SCF TOL ON TOTAL ENERGY SET TO           9
 INFORMATION **** READM2 **** FULL DIRECT SCF (MONO AND BIEL INT) SELECTED
 INFORMATION **** MAXCYCLE **** MAX NUMBER OF SCF CYCLES SET TO         800
 INFORMATION **** DIIS **** DIIS FOR SCF ACTIVE
 INFORMATION **** DIIS **** LEVEL SHIFTER DISABLED
 INFORMATION **** PPAN ****  MULLIKEN POPULATION ANALYSIS AT THE END OF SCF
 *******************************************************************************
 N. OF ATOMS PER CELL        24  COULOMB OVERLAP TOL         (T1) 10**   -8
 NUMBER OF SHELLS           192  COULOMB PENETRATION TOL     (T2) 10**   -8
 NUMBER OF AO               432  EXCHANGE OVERLAP TOL        (T3) 10**   -8
 N. OF ELECTRONS PER CELL   144  EXCHANGE PSEUDO OVP (F(G))  (T4) 10**   -9
 CORE ELECTRONS PER CELL     48  EXCHANGE PSEUDO OVP (P(G))  (T5) 10**  -24
 N. OF SYMMETRY OPERATORS     8  POLE ORDER IN MONO ZONE                  4
 *******************************************************************************
 TYPE OF CALCULATION :  UNRESTRICTED OPEN SHELL
 KOHN-SHAM HAMILTONIAN

 (EXCHANGE)[CORRELATION] FUNCTIONAL:(BECKE 88)[LEE-YANG-PARR]

 NON-LOCAL WEIGHTING FACTOR (EXCHANGE) =           0.9000
 NON-LOCAL WEIGHTING FACTOR [CORRELATION] =        0.8100

 HYBRID EXCHANGE - PERCENTAGE OF FOCK EXCHANGE    20.0000

 SPIN POLARIZED DFT SELECTED

 CAPPA:IS1 12;IS2 12;IS3 12; K PTS MONK NET 196; SYMMOPS:K SPACE  16;G SPACE   8

 *******************************************************************************
 MAX NUMBER OF SCF CYCLES     800  CONVERGENCE ON DELTAP        10**-19
 WEIGHT OF F(I) IN F(I+1)      30% CONVERGENCE ON ENERGY        10**- 9
 SHRINK. FACT.(MONKH.)   12 12 12  NUMBER OF K POINTS IN THE IBZ    196
 SHRINKING FACTOR(GILAT NET)   24  NUMBER OF K POINTS(GILAT NET)   1183
 *******************************************************************************
 *** K POINTS COORDINATES (OBLIQUE COORDINATES IN UNITS OF IS = 12)
   1-R(  0  0  0)   2-C(  1  0  0)   3-C(  2  0  0)   4-C(  3  0  0)
   5-C(  4  0  0)   6-C(  5  0  0)   7-R(  6  0  0)   8-C(  1  1  0)
   9-C(  2  1  0)  10-C(  3  1  0)  11-C(  4  1  0)  12-C(  5  1  0)
  13-C(  6  1  0)  14-C(  2  2  0)  15-C(  3  2  0)  16-C(  4  2  0)
  17-C(  5  2  0)  18-C(  6  2  0)  19-C(  3  3  0)  20-C(  4  3  0)
  21-C(  5  3  0)  22-C(  6  3  0)  23-C(  4  4  0)  24-C(  5  4  0)
  25-C(  6  4  0)  26-C(  5  5  0)  27-C(  6  5  0)  28-R(  6  6  0)
  29-C(  0  0  1)  30-C(  1  0  1)  31-C(  2  0  1)  32-C(  3  0  1)
  33-C(  4  0  1)  34-C(  5  0  1)  35-C(  6  0  1)  36-C(  1  1  1)
  37-C(  2  1  1)  38-C(  3  1  1)  39-C(  4  1  1)  40-C(  5  1  1)
  41-C(  6  1  1)  42-C(  2  2  1)  43-C(  3  2  1)  44-C(  4  2  1)
  45-C(  5  2  1)  46-C(  6  2  1)  47-C(  3  3  1)  48-C(  4  3  1)
  49-C(  5  3  1)  50-C(  6  3  1)  51-C(  4  4  1)  52-C(  5  4  1)
  53-C(  6  4  1)  54-C(  5  5  1)  55-C(  6  5  1)  56-C(  6  6  1)
  57-C(  0  0  2)  58-C(  1  0  2)  59-C(  2  0  2)  60-C(  3  0  2)
  61-C(  4  0  2)  62-C(  5  0  2)  63-C(  6  0  2)  64-C(  1  1  2)
  65-C(  2  1  2)  66-C(  3  1  2)  67-C(  4  1  2)  68-C(  5  1  2)
  69-C(  6  1  2)  70-C(  2  2  2)  71-C(  3  2  2)  72-C(  4  2  2)
  73-C(  5  2  2)  74-C(  6  2  2)  75-C(  3  3  2)  76-C(  4  3  2)
  77-C(  5  3  2)  78-C(  6  3  2)  79-C(  4  4  2)  80-C(  5  4  2)
  81-C(  6  4  2)  82-C(  5  5  2)  83-C(  6  5  2)  84-C(  6  6  2)
  85-C(  0  0  3)  86-C(  1  0  3)  87-C(  2  0  3)  88-C(  3  0  3)
  89-C(  4  0  3)  90-C(  5  0  3)  91-C(  6  0  3)  92-C(  1  1  3)
  93-C(  2  1  3)  94-C(  3  1  3)  95-C(  4  1  3)  96-C(  5  1  3)
  97-C(  6  1  3)  98-C(  2  2  3)  99-C(  3  2  3) 100-C(  4  2  3)
 101-C(  5  2  3) 102-C(  6  2  3) 103-C(  3  3  3) 104-C(  4  3  3)
 105-C(  5  3  3) 106-C(  6  3  3) 107-C(  4  4  3) 108-C(  5  4  3)
 109-C(  6  4  3) 110-C(  5  5  3) 111-C(  6  5  3) 112-C(  6  6  3)
 113-C(  0  0  4) 114-C(  1  0  4) 115-C(  2  0  4) 116-C(  3  0  4)
 117-C(  4  0  4) 118-C(  5  0  4) 119-C(  6  0  4) 120-C(  1  1  4)
 121-C(  2  1  4) 122-C(  3  1  4) 123-C(  4  1  4) 124-C(  5  1  4)
 125-C(  6  1  4) 126-C(  2  2  4) 127-C(  3  2  4) 128-C(  4  2  4)
 129-C(  5  2  4) 130-C(  6  2  4) 131-C(  3  3  4) 132-C(  4  3  4)
 133-C(  5  3  4) 134-C(  6  3  4) 135-C(  4  4  4) 136-C(  5  4  4)
 137-C(  6  4  4) 138-C(  5  5  4) 139-C(  6  5  4) 140-C(  6  6  4)
 141-C(  0  0  5) 142-C(  1  0  5) 143-C(  2  0  5) 144-C(  3  0  5)
 145-C(  4  0  5) 146-C(  5  0  5) 147-C(  6  0  5) 148-C(  1  1  5)
 149-C(  2  1  5) 150-C(  3  1  5) 151-C(  4  1  5) 152-C(  5  1  5)
 153-C(  6  1  5) 154-C(  2  2  5) 155-C(  3  2  5) 156-C(  4  2  5)
 157-C(  5  2  5) 158-C(  6  2  5) 159-C(  3  3  5) 160-C(  4  3  5)
 161-C(  5  3  5) 162-C(  6  3  5) 163-C(  4  4  5) 164-C(  5  4  5)
 165-C(  6  4  5) 166-C(  5  5  5) 167-C(  6  5  5) 168-C(  6  6  5)
 169-R(  0  0  6) 170-C(  1  0  6) 171-C(  2  0  6) 172-C(  3  0  6)
 173-C(  4  0  6) 174-C(  5  0  6) 175-R(  6  0  6) 176-C(  1  1  6)
 177-C(  2  1  6) 178-C(  3  1  6) 179-C(  4  1  6) 180-C(  5  1  6)
 181-C(  6  1  6) 182-C(  2  2  6) 183-C(  3  2  6) 184-C(  4  2  6)
 185-C(  5  2  6) 186-C(  6  2  6) 187-C(  3  3  6) 188-C(  4  3  6)
 189-C(  5  3  6) 190-C(  6  3  6) 191-C(  4  4  6) 192-C(  5  4  6)
 193-C(  6  4  6) 194-C(  5  5  6) 195-C(  6  5  6) 196-R(  6  6  6)

 DIRECT LATTICE VECTORS COMPON. (A.U.)     RECIP. LATTICE VECTORS COMPON. (A.U.) 
        X            Y            Z              X            Y            Z
   13.8587158    0.0000000    0.0000000      0.4533743    0.0000000    0.0000000
    0.0000000   13.8587158    0.0000000      0.0000000    0.4533743    0.0000000
    0.0000000    0.0000000    7.1909748      0.0000000    0.0000000    0.8737599

 DISK SPACE FOR EIGENVECTORS (FTN 10)    72036864 REALS

 SYMMETRY ADAPTION OF THE BLOCH FUNCTIONS ENABLED
 TTTTTTTTTTTTTTTTTTTTTTTTTTTTTT gordsh1     TELAPSE        1.94 TCPU        0.60

 MATRIX SIZE: P(G) 1901392, F(G)  214996, P(G) IRR  123449, F(G) IRR   27798
 MAX G-VECTOR INDEX FOR 1- AND 2-ELECTRON INTEGRALS 215

 TTTTTTTTTTTTTTTTTTTTTTTTTTTTTT INPUT       TELAPSE        1.95 TCPU        0.61

 NEIGHBORS OF THE NON-EQUIVALENT ATOMS

 N = NUMBER OF NEIGHBORS AT DISTANCE R
    ATOM  N     R/ANG      R/AU   NEIGHBORS (ATOM LABELS AND CELL INDICES)
   1 C    1     1.3496     2.5504   24 C    0 0 0
   1 C    1     1.4540     2.7477   11 C    0 0-1
   1 C    1     1.5106     2.8547   17 C    0 1-1
   1 C    1     2.4138     4.5614   16 C   -1 1 0
   1 C    1     2.4569     4.6428   20 C    0 0 0
   1 C    1     2.5439     4.8072   15 C    0 0-1

   9 C    1     1.3429     2.5377   14 C    0 0 1
   9 C    1     1.4540     2.7477    3 C    0 0 0
   9 C    1     1.4640     2.7666   13 C    0 0 0
   9 C    1     2.2249     4.2045   19 C    0 0 0
   9 C    2     2.3727     4.4837   10 C    0 0 0   10 C    0 0 1
   9 C    1     2.4138     4.5614    7 C    0 0 0

  17 C    1     1.3496     2.5504    7 C    0 0 0
  17 C    1     1.5106     2.8547    1 C    0-1 1
  17 C    1     1.6129     3.0480   22 C    0 0 1
  17 C    1     2.2249     4.2045   11 C    0-1 0
  17 C    1     2.4326     4.5970   13 C    0 0 0
  17 C    1     2.4569     4.6428    4 C    0 0 1


 SYMMETRY ALLOWED INTERNAL DEGREE(S) OF FREEDOM:   9
 TTTTTTTTTTTTTTTTTTTTTTTTTTTTTT SYMM        TELAPSE        2.02 TCPU        0.66
 TTTTTTTTTTTTTTTTTTTTTTTTTTTTTT INT_SCREEN  TELAPSE        2.02 TCPU        0.67

 DFT PARAMETERS

     ATOM       ELECTRONS   NET CHARGE   R(ANGSTROM)
   1   6  C       6.0000      0.0000     0.77000000

 SIZE OF GRID=      90669
 TTTTTTTTTTTTTTTTTTTTTTTTTTTTTT MAKE_GRID2  TELAPSE        2.30 TCPU        0.94
 BECKE WEIGHT FUNCTION
 RADSAFE =     2.00
 TOLERANCES - DENSITY:10**- 6; POTENTIAL:10**- 9; GRID WGT:10**-14

 RADIAL INTEGRATION  - INTERVALS (POINTS,UPPER LIMIT):            1( 75,  4.0*R)

 ANGULAR INTEGRATION - INTERVALS (ACCURACY LEVEL [N. POINTS] UPPER LIMIT):
  1(  4[  86]   0.2)  2(  8[ 194]   0.5)  3( 12[ 350]   0.9)  4( 16[ 974]   3.5)
  5( 12[ 350]9999.0)
 TTTTTTTTTTTTTTTTTTTTTTTTTTTTTT INT_CALC    TELAPSE        2.31 TCPU        0.96
 EEEEEEEEEE INT_CALC TERMINATION  DATE 30 01 2026 TIME 18:10:32.7

 *******************************************************************************
 ./3^3T21-CA_rev1_sp_B3LYP-D3-D3_optimized                                       
 CRYSTAL - SCF - TYPE OF CALCULATION :  UNRESTRICTED OPEN SHELL
 *******************************************************************************

 CAPPA:IS1 12;IS2 12;IS3 12; K PTS MONK NET 196; SYMMOPS:K SPACE  16;G SPACE   8

 TTTTTTTTTTTTTTTTTTTTTTTTTTTTTT SDIK        TELAPSE        3.07 TCPU        1.72

 AAAAAAAAAAAAAAAAAAAAAAAAAAAAAAAAAAAAAAAAAAAAAAAAAAAAAAAAAAAAAAAAAAAAAAAAAAAAAAA
         ATOMIC WAVEFUNCTION(S)


 NUCLEAR CHARGE  6.0  SYMMETRY SPECIES            S    P
 N. ELECTRONS    6.0  NUMBER OF PRIMITIVE GTOS   10    6
                      NUMBER OF CONTRACTED GTOS   4    3
                      NUMBER OF CLOSED SHELLS     2    0
                      OPEN SHELL OCCUPATION       0    2

  ZNUC  SCFIT    TOTAL HF ENERGY   KINETIC ENERGY   VIRIAL THEOREM ACCURACY
   6.0    10    -3.766702350E+01  3.783137943E+01 -1.995655566E+00  1.6E-06

 AAAAAAAAAAAAAAAAAAAAAAAAAAAAAAAAAAAAAAAAAAAAAAAAAAAAAAAAAAAAAAAAAAAAAAAAAAAAAAA

 CHARGE NORMALIZATION FACTOR   1.00000000
 TOTAL ATOMIC CHARGES:
   6.0000000   6.0000000   6.0000000   6.0000000   6.0000000   6.0000000
   6.0000000   6.0000000   6.0000000   6.0000000   6.0000000   6.0000000
   6.0000000   6.0000000   6.0000000   6.0000000   6.0000000   6.0000000
   6.0000000   6.0000000   6.0000000   6.0000000   6.0000000   6.0000000
 SUMMED SPIN DENSITY           0.00000000
 TOTAL ATOMIC SPINS  :
   0.0000000   0.0000000   0.0000000   0.0000000   0.0000000   0.0000000
   0.0000000   0.0000000   0.0000000   0.0000000   0.0000000   0.0000000
   0.0000000   0.0000000   0.0000000   0.0000000   0.0000000   0.0000000
   0.0000000   0.0000000   0.0000000   0.0000000   0.0000000   0.0000000
 TTTTTTTTTTTTTTTTTTTTTTTTTTTTTT MOQGAD      TELAPSE        3.09 TCPU        1.73
 TTTTTTTTTTTTTTTTTTTTTTTTTTTTTT SHELLXN     TELAPSE       23.27 TCPU       21.91
 TTTTTTTTTTTTTTTTTTTTTTTTTTTTTT MONMO3      TELAPSE       23.32 TCPU       21.95
 NUMERICALLY INTEGRATED DENSITY     71.9999605153     71.9999605153
 TTTTTTTTTTTTTTTTTTTTTTTTTTTTTT NUMDFT      TELAPSE       23.78 TCPU       22.42
 CYC   0 ETOT(AU) -9.208653412046E+02 DETOT -9.21E+02 tst  0.00E+00 PX  1.00E+00
 TTTTTTTTTTTTTTTTTTTTTTTTTTTTTT DIIS        TELAPSE       24.03 TCPU       22.61
 TTTTTTTTTTTTTTTTTTTTTTTTTTTTTT FDIK        TELAPSE       36.21 TCPU       34.63

    ALPHA      ELECTRONS
 INSULATING STATE
 TOP OF VALENCE BANDS -    BAND     72; K   85; EIG -1.9318383E-01 AU
 TOP OF VALENCE BANDS -    BAND     72; K    1; EIG -2.0957209E-01 AU
 BOTTOM OF VIRTUAL BANDS - BAND     73; K   28; EIG -1.5008592E-01 AU
 INDIRECT ENERGY BAND GAP:   1.1728 eV
 BOTTOM OF VIRTUAL BANDS - BAND     73; K    1; EIG -1.3289789E-01 AU

    BETA       ELECTRONS
 INSULATING STATE
 TOP OF VALENCE BANDS -    BAND     72; K   85; EIG -1.9318383E-01 AU
 TOP OF VALENCE BANDS -    BAND     72; K    1; EIG -2.0957209E-01 AU
 BOTTOM OF VIRTUAL BANDS - BAND     73; K   28; EIG -1.5008592E-01 AU
 INDIRECT ENERGY BAND GAP:   1.1728 eV
 BOTTOM OF VIRTUAL BANDS - BAND     73; K    1; EIG -1.3289789E-01 AU
 TTTTTTTTTTTTTTTTTTTTTTTTTTTTTT PDIG        TELAPSE       36.85 TCPU       35.25
 CHARGE NORMALIZATION FACTOR   1.00000000
 TOTAL ATOMIC CHARGES:
   5.9827253   5.9827253   5.9827253   5.9827253   5.9827253   5.9827253
   5.9827253   5.9827253   6.0612579   6.0612579   6.0612579   6.0612579
   6.0612579   6.0612579   6.0612579   6.0612579   5.9560168   5.9560168
   5.9560168   5.9560168   5.9560168   5.9560168   5.9560168   5.9560168
 SUMMED SPIN DENSITY          -0.00000000
 TOTAL ATOMIC SPINS  :
   0.0000000   0.0000000   0.0000000   0.0000000   0.0000000   0.0000000
   0.0000000   0.0000000  -0.0000000  -0.0000000  -0.0000000  -0.0000000
  -0.0000000  -0.0000000  -0.0000000  -0.0000000  -0.0000000  -0.0000000
  -0.0000000  -0.0000000  -0.0000000  -0.0000000  -0.0000000  -0.0000000
 TTTTTTTTTTTTTTTTTTTTTTTTTTTTTT MOQGAD      TELAPSE       36.86 TCPU       35.26
 TTTTTTTTTTTTTTTTTTTTTTTTTTTTTT SHELLXN     TELAPSE       58.09 TCPU       56.47
 TTTTTTTTTTTTTTTTTTTTTTTTTTTTTT MONMO3      TELAPSE       58.14 TCPU       56.52
 NUMERICALLY INTEGRATED DENSITY     71.9999721046     71.9999721046
 TTTTTTTTTTTTTTTTTTTTTTTTTTTTTT NUMDFT      TELAPSE       58.59 TCPU       56.98
 CYC   1 ETOT(AU) -9.135519263844E+02 DETOT  7.31E+00 tst  0.00E+00 PX  1.00E+00
 TTTTTTTTTTTTTTTTTTTTTTTTTTTTTT DIIS        TELAPSE       58.82 TCPU       57.20
 DIIS TEST: 0.10327E+01 AT SCF   CYCLE   1 - MIX   30 %
 TTTTTTTTTTTTTTTTTTTTTTTTTTTTTT FDIK        TELAPSE       63.69 TCPU       62.06

    ALPHA      ELECTRONS
 INSULATING STATE
 TOP OF VALENCE BANDS -    BAND     72; K   85; EIG -1.4140493E-01 AU
 TOP OF VALENCE BANDS -    BAND     72; K    1; EIG -1.4933133E-01 AU
 BOTTOM OF VIRTUAL BANDS - BAND     73; K   28; EIG -8.7202087E-02 AU
 INDIRECT ENERGY BAND GAP:   1.4749 eV
 BOTTOM OF VIRTUAL BANDS - BAND     73; K    1; EIG -6.3986018E-02 AU

    BETA       ELECTRONS
 INSULATING STATE
 TOP OF VALENCE BANDS -    BAND     72; K   85; EIG -1.4140493E-01 AU
 TOP OF VALENCE BANDS -    BAND     72; K    1; EIG -1.4933133E-01 AU
 BOTTOM OF VIRTUAL BANDS - BAND     73; K   28; EIG -8.7202087E-02 AU
 INDIRECT ENERGY BAND GAP:   1.4749 eV
 BOTTOM OF VIRTUAL BANDS - BAND     73; K    1; EIG -6.3986018E-02 AU
 TTTTTTTTTTTTTTTTTTTTTTTTTTTTTT PDIG        TELAPSE       64.29 TCPU       62.66
 CHARGE NORMALIZATION FACTOR   1.00000000
 TOTAL ATOMIC CHARGES:
   5.9422621   5.9422621   5.9422621   5.9422621   5.9422621   5.9422621
   5.9422621   5.9422621   5.9927046   5.9927046   5.9927046   5.9927046
   5.9927046   5.9927046   5.9927046   5.9927046   6.0650333   6.0650333
   6.0650333   6.0650333   6.0650333   6.0650333   6.0650333   6.0650333
 SUMMED SPIN DENSITY          -0.00000000
 TOTAL ATOMIC SPINS  :
  -0.0000000  -0.0000000  -0.0000000  -0.0000000  -0.0000000  -0.0000000
  -0.0000000  -0.0000000   0.0000000   0.0000000   0.0000000   0.0000000
   0.0000000   0.0000000   0.0000000   0.0000000  -0.0000000  -0.0000000
  -0.0000000  -0.0000000  -0.0000000  -0.0000000  -0.0000000  -0.0000000
 TTTTTTTTTTTTTTTTTTTTTTTTTTTTTT MOQGAD      TELAPSE       64.30 TCPU       62.67
 TTTTTTTTTTTTTTTTTTTTTTTTTTTTTT SHELLXN     TELAPSE       85.54 TCPU       83.89
 TTTTTTTTTTTTTTTTTTTTTTTTTTTTTT MONMO3      TELAPSE       85.58 TCPU       83.93
 NUMERICALLY INTEGRATED DENSITY     71.9999704719     71.9999704719
 TTTTTTTTTTTTTTTTTTTTTTTTTTTTTT NUMDFT      TELAPSE       86.03 TCPU       84.38
 CYC   2 ETOT(AU) -9.136111537632E+02 DETOT -5.92E-02 tst  8.01E-04 PX  7.08E-02
 TTTTTTTTTTTTTTTTTTTTTTTTTTTTTT DIIS        TELAPSE       86.20 TCPU       84.55
 DIIS TEST: 0.25425E+00 AT SCF   CYCLE   2 - DIIS ACTIVE - HISTORY:     2 CYCLES
 TTTTTTTTTTTTTTTTTTTTTTTTTTTTTT FDIK        TELAPSE       90.80 TCPU       89.00

    ALPHA      ELECTRONS
 INSULATING STATE
 TOP OF VALENCE BANDS -    BAND     72; K   85; EIG -1.3642513E-01 AU
 TOP OF VALENCE BANDS -    BAND     72; K    1; EIG -1.5896668E-01 AU
 BOTTOM OF VIRTUAL BANDS - BAND     73; K   28; EIG -6.9397599E-02 AU
 INDIRECT ENERGY BAND GAP:   1.8239 eV
 BOTTOM OF VIRTUAL BANDS - BAND     73; K    1; EIG -4.9962797E-02 AU

    BETA       ELECTRONS
 INSULATING STATE
 TOP OF VALENCE BANDS -    BAND     72; K   85; EIG -1.3642513E-01 AU
 TOP OF VALENCE BANDS -    BAND     72; K    1; EIG -1.5896668E-01 AU
 BOTTOM OF VIRTUAL BANDS - BAND     73; K   28; EIG -6.9397599E-02 AU
 INDIRECT ENERGY BAND GAP:   1.8239 eV
 BOTTOM OF VIRTUAL BANDS - BAND     73; K    1; EIG -4.9962797E-02 AU
 TTTTTTTTTTTTTTTTTTTTTTTTTTTTTT PDIG        TELAPSE       91.40 TCPU       89.57
 CHARGE NORMALIZATION FACTOR   1.00000000
 TOTAL ATOMIC CHARGES:
   5.9742547   5.9742547   5.9742547   5.9742547   5.9742547   5.9742547
   5.9742547   5.9742547   6.0612268   6.0612268   6.0612268   6.0612268
   6.0612268   6.0612268   6.0612268   6.0612268   5.9645185   5.9645185
   5.9645185   5.9645185   5.9645185   5.9645185   5.9645185   5.9645185
 SUMMED SPIN DENSITY          -0.00000000
 TOTAL ATOMIC SPINS  :
  -0.0000000  -0.0000000  -0.0000000  -0.0000000  -0.0000000  -0.0000000
  -0.0000000  -0.0000000   0.0000000   0.0000000   0.0000000   0.0000000
   0.0000000   0.0000000   0.0000000   0.0000000  -0.0000000  -0.0000000
  -0.0000000  -0.0000000  -0.0000000  -0.0000000  -0.0000000  -0.0000000
 TTTTTTTTTTTTTTTTTTTTTTTTTTTTTT MOQGAD      TELAPSE       91.41 TCPU       89.58
 TTTTTTTTTTTTTTTTTTTTTTTTTTTTTT SHELLXN     TELAPSE      112.66 TCPU      110.82
 TTTTTTTTTTTTTTTTTTTTTTTTTTTTTT MONMO3      TELAPSE      112.70 TCPU      110.86
 NUMERICALLY INTEGRATED DENSITY     71.9999703241     71.9999703241
 TTTTTTTTTTTTTTTTTTTTTTTTTTTTTT NUMDFT      TELAPSE      113.15 TCPU      111.31
 CYC   3 ETOT(AU) -9.136163519818E+02 DETOT -5.20E-03 tst  7.44E-04 PX  3.03E-02
 TTTTTTTTTTTTTTTTTTTTTTTTTTTTTT DIIS        TELAPSE      113.32 TCPU      111.47
 DIIS TEST: 0.16910E+00 AT SCF   CYCLE   3 - DIIS ACTIVE - HISTORY:     3 CYCLES
 TTTTTTTTTTTTTTTTTTTTTTTTTTTTTT FDIK        TELAPSE      117.69 TCPU      115.83

    ALPHA      ELECTRONS
 INSULATING STATE
 TOP OF VALENCE BANDS -    BAND     72; K   85; EIG -1.4124697E-01 AU
 TOP OF VALENCE BANDS -    BAND     72; K    1; EIG -1.5721902E-01 AU
 BOTTOM OF VIRTUAL BANDS - BAND     73; K   28; EIG -7.4217932E-02 AU
 INDIRECT ENERGY BAND GAP:   1.8240 eV
 BOTTOM OF VIRTUAL BANDS - BAND     73; K    1; EIG -5.2619041E-02 AU

    BETA       ELECTRONS
 INSULATING STATE
 TOP OF VALENCE BANDS -    BAND     72; K   85; EIG -1.4124697E-01 AU
 TOP OF VALENCE BANDS -    BAND     72; K    1; EIG -1.5721902E-01 AU
 BOTTOM OF VIRTUAL BANDS - BAND     73; K   28; EIG -7.4217932E-02 AU
 INDIRECT ENERGY BAND GAP:   1.8240 eV
 BOTTOM OF VIRTUAL BANDS - BAND     73; K    1; EIG -5.2619041E-02 AU
 TTTTTTTTTTTTTTTTTTTTTTTTTTTTTT PDIG        TELAPSE      118.30 TCPU      116.44
 CHARGE NORMALIZATION FACTOR   1.00000000
 TOTAL ATOMIC CHARGES:
   5.9655778   5.9655778   5.9655778   5.9655778   5.9655778   5.9655778
   5.9655778   5.9655778   6.0294851   6.0294851   6.0294851   6.0294851
   6.0294851   6.0294851   6.0294851   6.0294851   6.0049370   6.0049370
   6.0049370   6.0049370   6.0049370   6.0049370   6.0049370   6.0049370
 SUMMED SPIN DENSITY          -0.00000000
 TOTAL ATOMIC SPINS  :
  -0.0000000  -0.0000000  -0.0000000  -0.0000000  -0.0000000  -0.0000000
  -0.0000000  -0.0000000   0.0000000   0.0000000   0.0000000   0.0000000
   0.0000000   0.0000000   0.0000000   0.0000000  -0.0000000  -0.0000000
  -0.0000000  -0.0000000  -0.0000000  -0.0000000  -0.0000000  -0.0000000
 TTTTTTTTTTTTTTTTTTTTTTTTTTTTTT MOQGAD      TELAPSE      118.31 TCPU      116.45
 TTTTTTTTTTTTTTTTTTTTTTTTTTTTTT SHELLXN     TELAPSE      139.55 TCPU      137.69
 TTTTTTTTTTTTTTTTTTTTTTTTTTTTTT MONMO3      TELAPSE      139.60 TCPU      137.73
 NUMERICALLY INTEGRATED DENSITY     71.9999705414     71.9999705414
 TTTTTTTTTTTTTTTTTTTTTTTTTTTTTT NUMDFT      TELAPSE      140.05 TCPU      138.18
 CYC   4 ETOT(AU) -9.136233944242E+02 DETOT -7.04E-03 tst  1.11E-04 PX  1.41E-02
 TTTTTTTTTTTTTTTTTTTTTTTTTTTTTT DIIS        TELAPSE      140.19 TCPU      138.33
 DIIS TEST: 0.12704E-02 AT SCF   CYCLE   4 - DIIS ACTIVE - HISTORY:     4 CYCLES
 TTTTTTTTTTTTTTTTTTTTTTTTTTTTTT FDIK        TELAPSE      144.99 TCPU      143.12

    ALPHA      ELECTRONS
 INSULATING STATE
 TOP OF VALENCE BANDS -    BAND     72; K   85; EIG -1.4204664E-01 AU
 TOP OF VALENCE BANDS -    BAND     72; K    1; EIG -1.5859310E-01 AU
 BOTTOM OF VIRTUAL BANDS - BAND     73; K   28; EIG -7.4302491E-02 AU
 INDIRECT ENERGY BAND GAP:   1.8434 eV
 BOTTOM OF VIRTUAL BANDS - BAND     73; K    1; EIG -5.3187379E-02 AU

    BETA       ELECTRONS
 INSULATING STATE
 TOP OF VALENCE BANDS -    BAND     72; K   85; EIG -1.4204664E-01 AU
 TOP OF VALENCE BANDS -    BAND     72; K    1; EIG -1.5859310E-01 AU
 BOTTOM OF VIRTUAL BANDS - BAND     73; K   28; EIG -7.4302491E-02 AU
 INDIRECT ENERGY BAND GAP:   1.8434 eV
 BOTTOM OF VIRTUAL BANDS - BAND     73; K    1; EIG -5.3187379E-02 AU
 TTTTTTTTTTTTTTTTTTTTTTTTTTTTTT PDIG        TELAPSE      145.60 TCPU      143.72
 CHARGE NORMALIZATION FACTOR   1.00000000
 TOTAL ATOMIC CHARGES:
   5.9577691   5.9577691   5.9577691   5.9577691   5.9577691   5.9577691
   5.9577691   5.9577691   6.0325234   6.0325234   6.0325234   6.0325234
   6.0325234   6.0325234   6.0325234   6.0325234   6.0097075   6.0097075
   6.0097075   6.0097075   6.0097075   6.0097075   6.0097075   6.0097075
 SUMMED SPIN DENSITY           0.00000000
 TOTAL ATOMIC SPINS  :
  -0.0000000  -0.0000000  -0.0000000  -0.0000000  -0.0000000  -0.0000000
  -0.0000000  -0.0000000   0.0000000   0.0000000   0.0000000   0.0000000
   0.0000000   0.0000000   0.0000000   0.0000000  -0.0000000  -0.0000000
  -0.0000000  -0.0000000  -0.0000000  -0.0000000  -0.0000000  -0.0000000
 TTTTTTTTTTTTTTTTTTTTTTTTTTTTTT MOQGAD      TELAPSE      145.60 TCPU      143.72
 TTTTTTTTTTTTTTTTTTTTTTTTTTTTTT SHELLXN     TELAPSE      166.84 TCPU      164.95
 TTTTTTTTTTTTTTTTTTTTTTTTTTTTTT MONMO3      TELAPSE      166.88 TCPU      165.00
 NUMERICALLY INTEGRATED DENSITY     71.9999705389     71.9999705389
 TTTTTTTTTTTTTTTTTTTTTTTTTTTTTT NUMDFT      TELAPSE      167.34 TCPU      165.46
 CYC   5 ETOT(AU) -9.136234552974E+02 DETOT -6.09E-05 tst  4.03E-06 PX  1.38E-03
 TTTTTTTTTTTTTTTTTTTTTTTTTTTTTT DIIS        TELAPSE      167.49 TCPU      165.60
 DIIS TEST: 0.83486E-03 AT SCF   CYCLE   5 - DIIS ACTIVE - HISTORY:     5 CYCLES
 TTTTTTTTTTTTTTTTTTTTTTTTTTTTTT FDIK        TELAPSE      182.62 TCPU      180.71

    ALPHA      ELECTRONS
 INSULATING STATE
 TOP OF VALENCE BANDS -    BAND     72; K   85; EIG -1.4183730E-01 AU
 TOP OF VALENCE BANDS -    BAND     72; K    1; EIG -1.5815651E-01 AU
 BOTTOM OF VIRTUAL BANDS - BAND     73; K   28; EIG -7.4150127E-02 AU
 INDIRECT ENERGY BAND GAP:   1.8419 eV
 BOTTOM OF VIRTUAL BANDS - BAND     73; K    1; EIG -5.2761459E-02 AU

    BETA       ELECTRONS
 INSULATING STATE
 TOP OF VALENCE BANDS -    BAND     72; K   85; EIG -1.4183730E-01 AU
 TOP OF VALENCE BANDS -    BAND     72; K    1; EIG -1.5815651E-01 AU
 BOTTOM OF VIRTUAL BANDS - BAND     73; K   28; EIG -7.4150127E-02 AU
 INDIRECT ENERGY BAND GAP:   1.8419 eV
 BOTTOM OF VIRTUAL BANDS - BAND     73; K    1; EIG -5.2761459E-02 AU
 TTTTTTTTTTTTTTTTTTTTTTTTTTTTTT PDIG        TELAPSE      183.22 TCPU      181.32
 CHARGE NORMALIZATION FACTOR   1.00000000
 TOTAL ATOMIC CHARGES:
   5.9634565   5.9634565   5.9634565   5.9634565   5.9634565   5.9634565
   5.9634565   5.9634565   6.0304049   6.0304049   6.0304049   6.0304049
   6.0304049   6.0304049   6.0304049   6.0304049   6.0061386   6.0061386
   6.0061386   6.0061386   6.0061386   6.0061386   6.0061386   6.0061386
 SUMMED SPIN DENSITY          -0.00000000
 TOTAL ATOMIC SPINS  :
  -0.0000000  -0.0000000  -0.0000000  -0.0000000  -0.0000000  -0.0000000
  -0.0000000  -0.0000000   0.0000000   0.0000000   0.0000000   0.0000000
   0.0000000   0.0000000   0.0000000   0.0000000  -0.0000000  -0.0000000
  -0.0000000  -0.0000000  -0.0000000  -0.0000000  -0.0000000  -0.0000000
 TTTTTTTTTTTTTTTTTTTTTTTTTTTTTT MOQGAD      TELAPSE      183.23 TCPU      181.33
 TTTTTTTTTTTTTTTTTTTTTTTTTTTTTT SHELLXN     TELAPSE      204.48 TCPU      202.57
 TTTTTTTTTTTTTTTTTTTTTTTTTTTTTT MONMO3      TELAPSE      204.53 TCPU      202.61
 NUMERICALLY INTEGRATED DENSITY     71.9999705302     71.9999705302
 TTTTTTTTTTTTTTTTTTTTTTTTTTTTTT NUMDFT      TELAPSE      204.97 TCPU      203.06
 CYC   6 ETOT(AU) -9.136234834315E+02 DETOT -2.81E-05 tst  5.91E-07 PX  7.62E-04
 TTTTTTTTTTTTTTTTTTTTTTTTTTTTTT DIIS        TELAPSE      205.12 TCPU      203.20
 DIIS TEST: 0.83014E-04 AT SCF   CYCLE   6 - DIIS ACTIVE - HISTORY:     6 CYCLES
 TTTTTTTTTTTTTTTTTTTTTTTTTTTTTT FDIK        TELAPSE      209.72 TCPU      207.80

    ALPHA      ELECTRONS
 INSULATING STATE
 TOP OF VALENCE BANDS -    BAND     72; K   85; EIG -1.4182402E-01 AU
 TOP OF VALENCE BANDS -    BAND     72; K    1; EIG -1.5820660E-01 AU
 BOTTOM OF VIRTUAL BANDS - BAND     73; K   28; EIG -7.4063321E-02 AU
 INDIRECT ENERGY BAND GAP:   1.8439 eV
 BOTTOM OF VIRTUAL BANDS - BAND     73; K    1; EIG -5.2744184E-02 AU

    BETA       ELECTRONS
 INSULATING STATE
 TOP OF VALENCE BANDS -    BAND     72; K   85; EIG -1.4182402E-01 AU
 TOP OF VALENCE BANDS -    BAND     72; K    1; EIG -1.5820660E-01 AU
 BOTTOM OF VIRTUAL BANDS - BAND     73; K   28; EIG -7.4063321E-02 AU
 INDIRECT ENERGY BAND GAP:   1.8439 eV
 BOTTOM OF VIRTUAL BANDS - BAND     73; K    1; EIG -5.2744184E-02 AU
 TTTTTTTTTTTTTTTTTTTTTTTTTTTTTT PDIG        TELAPSE      210.32 TCPU      208.40
 CHARGE NORMALIZATION FACTOR   1.00000000
 TOTAL ATOMIC CHARGES:
   5.9620982   5.9620982   5.9620982   5.9620982   5.9620982   5.9620982
   5.9620982   5.9620982   6.0308557   6.0308557   6.0308557   6.0308557
   6.0308557   6.0308557   6.0308557   6.0308557   6.0070462   6.0070462
   6.0070462   6.0070462   6.0070462   6.0070462   6.0070462   6.0070462
 SUMMED SPIN DENSITY          -0.00000000
 TOTAL ATOMIC SPINS  :
  -0.0000000  -0.0000000  -0.0000000  -0.0000000  -0.0000000  -0.0000000
  -0.0000000  -0.0000000   0.0000000   0.0000000   0.0000000   0.0000000
   0.0000000   0.0000000   0.0000000   0.0000000  -0.0000000  -0.0000000
  -0.0000000  -0.0000000  -0.0000000  -0.0000000  -0.0000000  -0.0000000
 TTTTTTTTTTTTTTTTTTTTTTTTTTTTTT MOQGAD      TELAPSE      210.33 TCPU      208.41
 TTTTTTTTTTTTTTTTTTTTTTTTTTTTTT SHELLXN     TELAPSE      231.57 TCPU      229.64
 TTTTTTTTTTTTTTTTTTTTTTTTTTTTTT MONMO3      TELAPSE      231.61 TCPU      229.68
 NUMERICALLY INTEGRATED DENSITY     71.9999705292     71.9999705292
 TTTTTTTTTTTTTTTTTTTTTTTTTTTTTT NUMDFT      TELAPSE      232.06 TCPU      230.13
 CYC   7 ETOT(AU) -9.136234862516E+02 DETOT -2.82E-06 tst  7.12E-08 PX  2.76E-04
 TTTTTTTTTTTTTTTTTTTTTTTTTTTTTT DIIS        TELAPSE      232.21 TCPU      230.28
 DIIS TEST: 0.15052E-05 AT SCF   CYCLE   7 - DIIS ACTIVE - HISTORY:     7 CYCLES
 TTTTTTTTTTTTTTTTTTTTTTTTTTTTTT FDIK        TELAPSE      237.00 TCPU      235.04

    ALPHA      ELECTRONS
 INSULATING STATE
 TOP OF VALENCE BANDS -    BAND     72; K   85; EIG -1.4184881E-01 AU
 TOP OF VALENCE BANDS -    BAND     72; K    1; EIG -1.5822998E-01 AU
 BOTTOM OF VIRTUAL BANDS - BAND     73; K   28; EIG -7.4082417E-02 AU
 INDIRECT ENERGY BAND GAP:   1.8440 eV
 BOTTOM OF VIRTUAL BANDS - BAND     73; K    1; EIG -5.2763435E-02 AU

    BETA       ELECTRONS
 INSULATING STATE
 TOP OF VALENCE BANDS -    BAND     72; K   85; EIG -1.4184881E-01 AU
 TOP OF VALENCE BANDS -    BAND     72; K    1; EIG -1.5822998E-01 AU
 BOTTOM OF VIRTUAL BANDS - BAND     73; K   28; EIG -7.4082417E-02 AU
 INDIRECT ENERGY BAND GAP:   1.8440 eV
 BOTTOM OF VIRTUAL BANDS - BAND     73; K    1; EIG -5.2763435E-02 AU
 TTTTTTTTTTTTTTTTTTTTTTTTTTTTTT PDIG        TELAPSE      237.61 TCPU      235.64
 CHARGE NORMALIZATION FACTOR   1.00000000
 TOTAL ATOMIC CHARGES:
   5.9621451   5.9621451   5.9621451   5.9621451   5.9621451   5.9621451
   5.9621451   5.9621451   6.0308335   6.0308335   6.0308335   6.0308335
   6.0308335   6.0308335   6.0308335   6.0308335   6.0070214   6.0070214
   6.0070214   6.0070214   6.0070214   6.0070214   6.0070214   6.0070214
 SUMMED SPIN DENSITY          -0.00000000
 TOTAL ATOMIC SPINS  :
   0.0000000   0.0000000   0.0000000   0.0000000   0.0000000   0.0000000
   0.0000000   0.0000000  -0.0000000  -0.0000000  -0.0000000  -0.0000000
  -0.0000000  -0.0000000  -0.0000000  -0.0000000  -0.0000000  -0.0000000
  -0.0000000  -0.0000000  -0.0000000  -0.0000000  -0.0000000  -0.0000000
 TTTTTTTTTTTTTTTTTTTTTTTTTTTTTT MOQGAD      TELAPSE      237.61 TCPU      235.65
 TTTTTTTTTTTTTTTTTTTTTTTTTTTTTT SHELLXN     TELAPSE      258.84 TCPU      256.87
 TTTTTTTTTTTTTTTTTTTTTTTTTTTTTT MONMO3      TELAPSE      258.89 TCPU      256.92
 NUMERICALLY INTEGRATED DENSITY     71.9999705300     71.9999705300
 TTTTTTTTTTTTTTTTTTTTTTTTTTTTTT NUMDFT      TELAPSE      259.34 TCPU      257.36
 CYC   8 ETOT(AU) -9.136234865001E+02 DETOT -2.48E-07 tst  4.19E-10 PX  5.76E-05
 TTTTTTTTTTTTTTTTTTTTTTTTTTTTTT DIIS        TELAPSE      259.48 TCPU      257.51
 DIIS TEST: 0.10858E-07 AT SCF   CYCLE   8 - DIIS ACTIVE - HISTORY:     8 CYCLES
 TTTTTTTTTTTTTTTTTTTTTTTTTTTTTT FDIK        TELAPSE      264.18 TCPU      262.20

    ALPHA      ELECTRONS
 INSULATING STATE
 TOP OF VALENCE BANDS -    BAND     72; K   85; EIG -1.4184855E-01 AU
 TOP OF VALENCE BANDS -    BAND     72; K    1; EIG -1.5823085E-01 AU
 BOTTOM OF VIRTUAL BANDS - BAND     73; K   28; EIG -7.4078947E-02 AU
 INDIRECT ENERGY BAND GAP:   1.8441 eV
 BOTTOM OF VIRTUAL BANDS - BAND     73; K    1; EIG -5.2760710E-02 AU

    BETA       ELECTRONS
 INSULATING STATE
 TOP OF VALENCE BANDS -    BAND     72; K   85; EIG -1.4184855E-01 AU
 TOP OF VALENCE BANDS -    BAND     72; K    1; EIG -1.5823085E-01 AU
 BOTTOM OF VIRTUAL BANDS - BAND     73; K   28; EIG -7.4078947E-02 AU
 INDIRECT ENERGY BAND GAP:   1.8441 eV
 BOTTOM OF VIRTUAL BANDS - BAND     73; K    1; EIG -5.2760710E-02 AU
 TTTTTTTTTTTTTTTTTTTTTTTTTTTTTT PDIG        TELAPSE      264.79 TCPU      262.80
 CHARGE NORMALIZATION FACTOR   1.00000000
 TOTAL ATOMIC CHARGES:
   5.9621432   5.9621432   5.9621432   5.9621432   5.9621432   5.9621432
   5.9621432   5.9621432   6.0308315   6.0308315   6.0308315   6.0308315
   6.0308315   6.0308315   6.0308315   6.0308315   6.0070253   6.0070253
   6.0070253   6.0070253   6.0070253   6.0070253   6.0070253   6.0070253
 SUMMED SPIN DENSITY          -0.00000000
 TOTAL ATOMIC SPINS  :
   0.0000000   0.0000000   0.0000000   0.0000000   0.0000000   0.0000000
   0.0000000   0.0000000  -0.0000000  -0.0000000  -0.0000000  -0.0000000
  -0.0000000  -0.0000000  -0.0000000  -0.0000000  -0.0000000  -0.0000000
  -0.0000000  -0.0000000  -0.0000000  -0.0000000  -0.0000000  -0.0000000
 TTTTTTTTTTTTTTTTTTTTTTTTTTTTTT MOQGAD      TELAPSE      264.79 TCPU      262.81
 TTTTTTTTTTTTTTTTTTTTTTTTTTTTTT SHELLXN     TELAPSE      286.03 TCPU      284.04
 TTTTTTTTTTTTTTTTTTTTTTTTTTTTTT MONMO3      TELAPSE      286.08 TCPU      284.09
 NUMERICALLY INTEGRATED DENSITY     71.9999705299     71.9999705299
 TTTTTTTTTTTTTTTTTTTTTTTTTTTTTT NUMDFT      TELAPSE      286.53 TCPU      284.53
 CYC   9 ETOT(AU) -9.136234865106E+02 DETOT -1.05E-08 tst  5.13E-11 PX  3.84E-06
 TTTTTTTTTTTTTTTTTTTTTTTTTTTTTT DIIS        TELAPSE      286.67 TCPU      284.68
 DIIS TEST: 0.75504E-09 AT SCF   CYCLE   9 - DIIS ACTIVE - HISTORY:     9 CYCLES
 TTTTTTTTTTTTTTTTTTTTTTTTTTTTTT FDIK        TELAPSE      290.81 TCPU      288.81

    ALPHA      ELECTRONS
 INSULATING STATE
 TOP OF VALENCE BANDS -    BAND     72; K   85; EIG -1.4184854E-01 AU
 TOP OF VALENCE BANDS -    BAND     72; K    1; EIG -1.5823067E-01 AU
 BOTTOM OF VIRTUAL BANDS - BAND     73; K   28; EIG -7.4078308E-02 AU
 INDIRECT ENERGY BAND GAP:   1.8441 eV
 BOTTOM OF VIRTUAL BANDS - BAND     73; K    1; EIG -5.2760071E-02 AU

    BETA       ELECTRONS
 INSULATING STATE
 TOP OF VALENCE BANDS -    BAND     72; K   85; EIG -1.4184854E-01 AU
 TOP OF VALENCE BANDS -    BAND     72; K    1; EIG -1.5823067E-01 AU
 BOTTOM OF VIRTUAL BANDS - BAND     73; K   28; EIG -7.4078308E-02 AU
 INDIRECT ENERGY BAND GAP:   1.8441 eV
 BOTTOM OF VIRTUAL BANDS - BAND     73; K    1; EIG -5.2760071E-02 AU
 TTTTTTTTTTTTTTTTTTTTTTTTTTTTTT PDIG        TELAPSE      291.42 TCPU      289.42
 CHARGE NORMALIZATION FACTOR   1.00000000
 TOTAL ATOMIC CHARGES:
   5.9621450   5.9621450   5.9621450   5.9621450   5.9621450   5.9621450
   5.9621450   5.9621450   6.0308298   6.0308298   6.0308298   6.0308298
   6.0308298   6.0308298   6.0308298   6.0308298   6.0070252   6.0070252
   6.0070252   6.0070252   6.0070252   6.0070252   6.0070252   6.0070252
 SUMMED SPIN DENSITY          -0.00000000
 TOTAL ATOMIC SPINS  :
   0.0000000   0.0000000   0.0000000   0.0000000   0.0000000   0.0000000
   0.0000000   0.0000000  -0.0000000  -0.0000000  -0.0000000  -0.0000000
  -0.0000000  -0.0000000  -0.0000000  -0.0000000  -0.0000000  -0.0000000
  -0.0000000  -0.0000000  -0.0000000  -0.0000000  -0.0000000  -0.0000000
 TTTTTTTTTTTTTTTTTTTTTTTTTTTTTT MOQGAD      TELAPSE      291.43 TCPU      289.42
 TTTTTTTTTTTTTTTTTTTTTTTTTTTTTT SHELLXN     TELAPSE      312.65 TCPU      310.64
 TTTTTTTTTTTTTTTTTTTTTTTTTTTTTT MONMO3      TELAPSE      312.70 TCPU      310.69
 NUMERICALLY INTEGRATED DENSITY     71.9999705299     71.9999705299
 TTTTTTTTTTTTTTTTTTTTTTTTTTTTTT NUMDFT      TELAPSE      313.16 TCPU      311.14
 CYC  10 ETOT(AU) -9.136234865120E+02 DETOT -1.40E-09 tst  1.85E-12 PX  7.72E-07
 TTTTTTTTTTTTTTTTTTTTTTTTTTTTTT DIIS        TELAPSE      313.30 TCPU      311.29
 DIIS TEST: 0.30829E-10 AT SCF   CYCLE  10 - DIIS ACTIVE - HISTORY:    10 CYCLES
 TTTTTTTTTTTTTTTTTTTTTTTTTTTTTT FDIK        TELAPSE      316.28 TCPU      314.26

    ALPHA      ELECTRONS
 INSULATING STATE
 TOP OF VALENCE BANDS -    BAND     72; K   85; EIG -1.4184854E-01 AU
 TOP OF VALENCE BANDS -    BAND     72; K    1; EIG -1.5823072E-01 AU
 BOTTOM OF VIRTUAL BANDS - BAND     73; K   28; EIG -7.4078126E-02 AU
 INDIRECT ENERGY BAND GAP:   1.8441 eV
 BOTTOM OF VIRTUAL BANDS - BAND     73; K    1; EIG -5.2759924E-02 AU

    BETA       ELECTRONS
 INSULATING STATE
 TOP OF VALENCE BANDS -    BAND     72; K   85; EIG -1.4184854E-01 AU
 TOP OF VALENCE BANDS -    BAND     72; K    1; EIG -1.5823072E-01 AU
 BOTTOM OF VIRTUAL BANDS - BAND     73; K   28; EIG -7.4078126E-02 AU
 INDIRECT ENERGY BAND GAP:   1.8441 eV
 BOTTOM OF VIRTUAL BANDS - BAND     73; K    1; EIG -5.2759924E-02 AU
 TTTTTTTTTTTTTTTTTTTTTTTTTTTTTT PDIG        TELAPSE      316.89 TCPU      314.86
 CHARGE NORMALIZATION FACTOR   1.00000000
 TOTAL ATOMIC CHARGES:
   5.9621450   5.9621450   5.9621450   5.9621450   5.9621450   5.9621450
   5.9621450   5.9621450   6.0308298   6.0308298   6.0308298   6.0308298
   6.0308298   6.0308298   6.0308298   6.0308298   6.0070252   6.0070252
   6.0070252   6.0070252   6.0070252   6.0070252   6.0070252   6.0070252
 SUMMED SPIN DENSITY          -0.00000000
 TOTAL ATOMIC SPINS  :
   0.0000000   0.0000000   0.0000000   0.0000000   0.0000000   0.0000000
   0.0000000   0.0000000  -0.0000000  -0.0000000  -0.0000000  -0.0000000
  -0.0000000  -0.0000000  -0.0000000  -0.0000000   0.0000000   0.0000000
   0.0000000   0.0000000   0.0000000   0.0000000   0.0000000   0.0000000
 TTTTTTTTTTTTTTTTTTTTTTTTTTTTTT MOQGAD      TELAPSE      316.90 TCPU      314.87
 TTTTTTTTTTTTTTTTTTTTTTTTTTTTTT SHELLXN     TELAPSE      338.12 TCPU      336.09
 TTTTTTTTTTTTTTTTTTTTTTTTTTTTTT MONMO3      TELAPSE      338.17 TCPU      336.13
 NUMERICALLY INTEGRATED DENSITY     71.9999705299     71.9999705299
 TTTTTTTTTTTTTTTTTTTTTTTTTTTTTT NUMDFT      TELAPSE      338.62 TCPU      336.58
 CYC  11 ETOT(AU) -9.136234865122E+02 DETOT -2.21E-10 tst  1.74E-13 PX  1.76E-07
 TTTTTTTTTTTTTTTTTTTTTTTTTTTTTT DIIS        TELAPSE      338.76 TCPU      336.72
 DIIS TEST: 0.13167E-10 AT SCF   CYCLE  11 - DIIS ACTIVE - HISTORY:    11 CYCLES
 TTTTTTTTTTTTTTTTTTTTTTTTTTTTTT FDIK        TELAPSE      341.53 TCPU      339.49

    ALPHA      ELECTRONS
 INSULATING STATE
 TOP OF VALENCE BANDS -    BAND     72; K   85; EIG -1.4184855E-01 AU
 TOP OF VALENCE BANDS -    BAND     72; K    1; EIG -1.5823074E-01 AU
 BOTTOM OF VIRTUAL BANDS - BAND     73; K   28; EIG -7.4078126E-02 AU
 INDIRECT ENERGY BAND GAP:   1.8441 eV
 BOTTOM OF VIRTUAL BANDS - BAND     73; K    1; EIG -5.2759924E-02 AU

    BETA       ELECTRONS
 INSULATING STATE
 TOP OF VALENCE BANDS -    BAND     72; K   85; EIG -1.4184855E-01 AU
 TOP OF VALENCE BANDS -    BAND     72; K    1; EIG -1.5823074E-01 AU
 BOTTOM OF VIRTUAL BANDS - BAND     73; K   28; EIG -7.4078126E-02 AU
 INDIRECT ENERGY BAND GAP:   1.8441 eV
 BOTTOM OF VIRTUAL BANDS - BAND     73; K    1; EIG -5.2759924E-02 AU
 TTTTTTTTTTTTTTTTTTTTTTTTTTTTTT PDIG        TELAPSE      342.14 TCPU      340.08
 CHARGE NORMALIZATION FACTOR   1.00000000
 TOTAL ATOMIC CHARGES:
   5.9621451   5.9621451   5.9621451   5.9621451   5.9621451   5.9621451
   5.9621451   5.9621451   6.0308297   6.0308297   6.0308297   6.0308297
   6.0308297   6.0308297   6.0308297   6.0308297   6.0070252   6.0070252
   6.0070252   6.0070252   6.0070252   6.0070252   6.0070252   6.0070252
 SUMMED SPIN DENSITY          -0.00000000
 TOTAL ATOMIC SPINS  :
   0.0000000   0.0000000   0.0000000   0.0000000   0.0000000   0.0000000
   0.0000000   0.0000000  -0.0000000  -0.0000000  -0.0000000  -0.0000000
  -0.0000000  -0.0000000  -0.0000000  -0.0000000   0.0000000   0.0000000
   0.0000000   0.0000000   0.0000000   0.0000000   0.0000000   0.0000000
 TTTTTTTTTTTTTTTTTTTTTTTTTTTTTT MOQGAD      TELAPSE      342.15 TCPU      340.09
 TTTTTTTTTTTTTTTTTTTTTTTTTTTTTT SHELLXN     TELAPSE      363.38 TCPU      361.31
 +++ ENERGIES IN A.U. +++
 ::: EXT EL-POLE                                  -3.1662884286941E+03
 ::: EXT EL-SPHEROPOLE                             2.9082233903040E+01
 ::: BIELET ZONE E-E                               3.3681507680381E+03
 ::: TOTAL E-E                                     2.3094457324705E+02
 ::: TOTAL E-N + N-E                              -1.7150995052479E+03
 ::: TOTAL N-N                                    -2.3539286419195E+02
 ::: KINETIC ENERGY                                9.1119346163955E+02
 ::: PSEUDO TOTAL   ENERGY                        -8.0835433455328E+02
 ::: VIRIAL COEFFICIENT                            1.0598059136908E+00
 TTTTTTTTTTTTTTTTTTTTTTTTTTTTTT MONMO3      TELAPSE      363.43 TCPU      361.36
 NUMERICALLY INTEGRATED DENSITY     71.9999705299     71.9999705299
 EXCHANGE ENERGY: -0.992693607596E+02  CORRELATION ENERGY: -0.599979119934E+01
 TTTTTTTTTTTTTTTTTTTTTTTTTTTTTT NUMDFT      TELAPSE      363.88 TCPU      361.81
 CYC  12 ETOT(AU) -9.136234865122E+02 DETOT -3.21E-11 tst  4.36E-15 PX  1.76E-07

 == SCF ENDED - CONVERGENCE ON ENERGY      E(AU) -9.1362348651224E+02 CYCLES  12


 ENERGY EXPRESSION=HARTREE+FOCK EXCH*0.20000+(BECKE      EXCH)*0.80000+LYP        CORR


 TOTAL ENERGY(DFT)(AU)( 12) -9.1362348651224E+02 DE-3.2E-11 tester 4.4E-15
 TTTTTTTTTTTTTTTTTTTTTTTTTTTTTT EDFT        TELAPSE      363.89 TCPU      361.82
 
 INFORMATION **** DFTD3 ENERGY **** CALCULATE DFTD3 ENERGY

           DFT-D V3(BJ)
 DF                                         b3-lyp    
 parameters
 s6       :    1.0000
 s8       :    1.9889
 a1       :    0.3981
 a2       :    4.4211
 k1 k3    :   16.0000   -4.0000
 Cutoff   :   50.2022
 CN-Cutoff:   21.1671
 ABC-Cutoff:   21.1671
 
 Edisp /kcal,au:  -138.8496 -0.22127084

 E6    /kcal :   -67.1990
 E8    /kcal :   -71.6505
 
 INFORMATION **** DFTD3 ENERGY **** NORMAL TERMINATION OF DFTD3 MODULE

 *******************************************************************************

 DFT-D3 DISPERSION ENERGY CORRECTION

 D3 DISPERSION ENERGY (AU)       -2.2127084313052E-01
 TOTAL ENERGY + DISP (AU)        -9.1384475735537E+02

 *******************************************************************************


 NEIGHBORS OF THE NON-EQUIVALENT ATOMS

 N = NUMBER OF NEIGHBORS AT DISTANCE R
    ATOM  N     R/ANG      R/AU   NEIGHBORS (ATOM LABELS AND CELL INDICES)
   1 C    1     1.3496     2.5504   24 C    0 0 0
   1 C    1     1.4540     2.7477   11 C    0 0-1
   1 C    1     1.5106     2.8547   17 C    0 1-1
   1 C    1     2.4138     4.5614   16 C   -1 1 0
   1 C    1     2.4569     4.6428   20 C    0 0 0
   1 C    1     2.5439     4.8072   15 C    0 0-1

   9 C    1     1.3429     2.5377   14 C    0 0 1
   9 C    1     1.4540     2.7477    3 C    0 0 0
   9 C    1     1.4640     2.7666   13 C    0 0 0
   9 C    1     2.2249     4.2045   19 C    0 0 0
   9 C    2     2.3727     4.4837   10 C    0 0 0   10 C    0 0 1
   9 C    1     2.4138     4.5614    7 C    0 0 0

  17 C    1     1.3496     2.5504    7 C    0 0 0
  17 C    1     1.5106     2.8547    1 C    0-1 1
  17 C    1     1.6129     3.0480   22 C    0 0 1
  17 C    1     2.2249     4.2045   11 C    0-1 0
  17 C    1     2.4326     4.5970   13 C    0 0 0
  17 C    1     2.4569     4.6428    4 C    0 0 1

 TTTTTTTTTTTTTTTTTTTTTTTTTTTTTT AFTER FIRST TELAPSE      363.99 TCPU      361.91
 MMMMMMMMMMMMMMMMMMMMMMMMMMMMMMMMMMMMMMMMMMMMMMMMMMMMMMMMMMMMMMMMMMMMMMMMMMMMMMM
     ALPHA+BETA ELECTRONS
 MULLIKEN POPULATION ANALYSIS - NO. OF ELECTRONS  144.000000

  ATOM    Z CHARGE  A.O. POPULATION

   1 C    6  5.962  0.854  1.121  0.771  0.401  0.453  0.470  0.419  0.000
                    0.009 -0.046  0.453  0.421  0.595  0.006  0.006  0.007
                    0.013  0.009
   2 C    6  5.962  0.854  1.121  0.771  0.401  0.453  0.470  0.419  0.000
                    0.009 -0.046  0.453  0.421  0.595  0.006  0.006  0.007
                    0.013  0.009
   3 C    6  5.962  0.854  1.121  0.771  0.401  0.453  0.470  0.419  0.000
                    0.009 -0.046  0.453  0.421  0.595  0.006  0.006  0.007
                    0.013  0.009
   4 C    6  5.962  0.854  1.121  0.771  0.401  0.453  0.470  0.419  0.000
                    0.009 -0.046  0.453  0.421  0.595  0.006  0.006  0.007
                    0.013  0.009
   5 C    6  5.962  0.854  1.121  0.771  0.401  0.470  0.453  0.419  0.009
                    0.000 -0.046  0.421  0.453  0.595  0.006  0.007  0.006
                    0.013  0.009
   6 C    6  5.962  0.854  1.121  0.771  0.401  0.470  0.453  0.419  0.009
                    0.000 -0.046  0.421  0.453  0.595  0.006  0.007  0.006
                    0.013  0.009
   7 C    6  5.962  0.854  1.121  0.771  0.401  0.470  0.453  0.419  0.009
                    0.000 -0.046  0.421  0.453  0.595  0.006  0.007  0.006
                    0.013  0.009
   8 C    6  5.962  0.854  1.121  0.771  0.401  0.470  0.453  0.419  0.009
                    0.000 -0.046  0.421  0.453  0.595  0.006  0.007  0.006
                    0.013  0.009
   9 C    6  6.031  0.854  1.120  0.767  0.414  0.461  0.439  0.477 -0.001
                   -0.033 -0.021  0.450  0.567  0.492  0.010  0.012  0.007
                    0.008  0.008
  10 C    6  6.031  0.854  1.120  0.767  0.414  0.461  0.439  0.477 -0.001
                   -0.033 -0.021  0.450  0.567  0.492  0.010  0.012  0.007
                    0.008  0.008
  11 C    6  6.031  0.854  1.120  0.767  0.414  0.461  0.439  0.477 -0.001
                   -0.033 -0.021  0.450  0.567  0.492  0.010  0.012  0.007
                    0.008  0.008
  12 C    6  6.031  0.854  1.120  0.767  0.414  0.461  0.439  0.477 -0.001
                   -0.033 -0.021  0.450  0.567  0.492  0.010  0.012  0.007
                    0.008  0.008
  13 C    6  6.031  0.854  1.120  0.767  0.414  0.439  0.461  0.477 -0.033
                   -0.001 -0.021  0.567  0.450  0.492  0.010  0.007  0.012
                    0.008  0.008
  14 C    6  6.031  0.854  1.120  0.767  0.414  0.439  0.461  0.477 -0.033
                   -0.001 -0.021  0.567  0.450  0.492  0.010  0.007  0.012
                    0.008  0.008
  15 C    6  6.031  0.854  1.120  0.767  0.414  0.439  0.461  0.477 -0.033
                   -0.001 -0.021  0.567  0.450  0.492  0.010  0.007  0.012
                    0.008  0.008
  16 C    6  6.031  0.854  1.120  0.767  0.414  0.439  0.461  0.477 -0.033
                   -0.001 -0.021  0.567  0.450  0.492  0.010  0.007  0.012
                    0.008  0.008
  17 C    6  6.007  0.854  1.121  0.761  0.442  0.452  0.427  0.431 -0.006
                    0.018 -0.064  0.469  0.417  0.648  0.005  0.006  0.005
                    0.010  0.012
  18 C    6  6.007  0.854  1.121  0.761  0.442  0.452  0.427  0.431 -0.006
                    0.018 -0.064  0.469  0.417  0.648  0.005  0.006  0.005
                    0.010  0.012
  19 C    6  6.007  0.854  1.121  0.761  0.442  0.452  0.427  0.431 -0.006
                    0.018 -0.064  0.469  0.417  0.648  0.005  0.006  0.005
                    0.010  0.012
  20 C    6  6.007  0.854  1.121  0.761  0.442  0.452  0.427  0.431 -0.006
                    0.018 -0.064  0.469  0.417  0.648  0.005  0.006  0.005
                    0.010  0.012
  21 C    6  6.007  0.854  1.121  0.761  0.442  0.427  0.452  0.431  0.018
                   -0.006 -0.064  0.417  0.469  0.648  0.005  0.005  0.006
                    0.010  0.012
  22 C    6  6.007  0.854  1.121  0.761  0.442  0.427  0.452  0.431  0.018
                   -0.006 -0.064  0.417  0.469  0.648  0.005  0.005  0.006
                    0.010  0.012
  23 C    6  6.007  0.854  1.121  0.761  0.442  0.427  0.452  0.431  0.018
                   -0.006 -0.064  0.417  0.469  0.648  0.005  0.005  0.006
                    0.010  0.012
  24 C    6  6.007  0.854  1.121  0.761  0.442  0.427  0.452  0.431  0.018
                   -0.006 -0.064  0.417  0.469  0.648  0.005  0.005  0.006
                    0.010  0.012

  ATOM    Z CHARGE  SHELL POPULATION

   1 C    6  5.962  0.854  1.121  0.771  0.401  1.342 -0.036  1.468  0.041
   2 C    6  5.962  0.854  1.121  0.771  0.401  1.342 -0.036  1.468  0.041
   3 C    6  5.962  0.854  1.121  0.771  0.401  1.342 -0.036  1.468  0.041
   4 C    6  5.962  0.854  1.121  0.771  0.401  1.342 -0.036  1.468  0.041
   5 C    6  5.962  0.854  1.121  0.771  0.401  1.342 -0.036  1.468  0.041
   6 C    6  5.962  0.854  1.121  0.771  0.401  1.342 -0.036  1.468  0.041
   7 C    6  5.962  0.854  1.121  0.771  0.401  1.342 -0.036  1.468  0.041
   8 C    6  5.962  0.854  1.121  0.771  0.401  1.342 -0.036  1.468  0.041
   9 C    6  6.031  0.854  1.120  0.767  0.414  1.377 -0.055  1.509  0.045
  10 C    6  6.031  0.854  1.120  0.767  0.414  1.377 -0.055  1.509  0.045
  11 C    6  6.031  0.854  1.120  0.767  0.414  1.377 -0.055  1.509  0.045
  12 C    6  6.031  0.854  1.120  0.767  0.414  1.377 -0.055  1.509  0.045
  13 C    6  6.031  0.854  1.120  0.767  0.414  1.377 -0.055  1.509  0.045
  14 C    6  6.031  0.854  1.120  0.767  0.414  1.377 -0.055  1.509  0.045
  15 C    6  6.031  0.854  1.120  0.767  0.414  1.377 -0.055  1.509  0.045
  16 C    6  6.031  0.854  1.120  0.767  0.414  1.377 -0.055  1.509  0.045
  17 C    6  6.007  0.854  1.121  0.761  0.442  1.309 -0.052  1.534  0.037
  18 C    6  6.007  0.854  1.121  0.761  0.442  1.309 -0.052  1.534  0.037
  19 C    6  6.007  0.854  1.121  0.761  0.442  1.309 -0.052  1.534  0.037
  20 C    6  6.007  0.854  1.121  0.761  0.442  1.309 -0.052  1.534  0.037
  21 C    6  6.007  0.854  1.121  0.761  0.442  1.309 -0.052  1.534  0.037
  22 C    6  6.007  0.854  1.121  0.761  0.442  1.309 -0.052  1.534  0.037
  23 C    6  6.007  0.854  1.121  0.761  0.442  1.309 -0.052  1.534  0.037
  24 C    6  6.007  0.854  1.121  0.761  0.442  1.309 -0.052  1.534  0.037

 OVERLAP POPULATION CONDENSED TO ATOMS FOR FIRST   6 NEIGHBORS

 ATOM A   1 C    ATOM B     CELL      R(AB)/AU R(AB)/ANG    OVPOP(AB)
                 24 C    (  0  0  0)     2.550     1.350     0.532
                 11 C    (  0  0 -1)     2.748     1.454     0.285
                 17 C    (  0  1 -1)     2.855     1.511     0.330
                 16 C    ( -1  1  0)     4.561     2.414    -0.005
                 20 C    (  0  0  0)     4.643     2.457    -0.030
                 15 C    (  0  0 -1)     4.807     2.544    -0.014

 ATOM A   9 C    ATOM B     CELL      R(AB)/AU R(AB)/ANG    OVPOP(AB)
                 14 C    (  0  0  1)     2.538     1.343     0.526
                  3 C    (  0  0  0)     2.748     1.454     0.285
                 13 C    (  0  0  0)     2.767     1.464     0.307
                 19 C    (  0  0  0)     4.204     2.225    -0.014
                 10 C    (  0  0  0)     4.484     2.373    -0.027
                  7 C    (  0  0  0)     4.561     2.414    -0.005

 ATOM A  17 C    ATOM B     CELL      R(AB)/AU R(AB)/ANG    OVPOP(AB)
                  7 C    (  0  0  0)     2.550     1.350     0.532
                  1 C    (  0 -1  1)     2.855     1.511     0.330
                 22 C    (  0  0  1)     3.048     1.613     0.348
                 11 C    (  0 -1  0)     4.204     2.225    -0.014
                 13 C    (  0  0  0)     4.597     2.433    -0.034
                  4 C    (  0  0  1)     4.643     2.457    -0.030
 TTTTTTTTTTTTTTTTTTTTTTTTTTTTTT AFTER FIRST TELAPSE      364.19 TCPU      362.02
 MMMMMMMMMMMMMMMMMMMMMMMMMMMMMMMMMMMMMMMMMMMMMMMMMMMMMMMMMMMMMMMMMMMMMMMMMMMMMMM
     ALPHA-BETA ELECTRONS
 MULLIKEN POPULATION ANALYSIS - NO. OF ELECTRONS   -0.000000

  ATOM    Z CHARGE  A.O. POPULATION

   1 C    6  0.000  0.000  0.000  0.000 -0.000  0.000  0.000  0.000 -0.000
                   -0.000 -0.000  0.000  0.000  0.000  0.000  0.000  0.000
                   -0.000  0.000
   2 C    6  0.000  0.000  0.000  0.000 -0.000  0.000  0.000  0.000 -0.000
                   -0.000 -0.000  0.000  0.000  0.000  0.000  0.000  0.000
                   -0.000  0.000
   3 C    6  0.000  0.000  0.000  0.000 -0.000  0.000  0.000  0.000 -0.000
                   -0.000 -0.000  0.000  0.000  0.000  0.000  0.000  0.000
                   -0.000  0.000
   4 C    6  0.000  0.000  0.000  0.000 -0.000  0.000  0.000  0.000 -0.000
                   -0.000 -0.000  0.000  0.000  0.000  0.000  0.000  0.000
                   -0.000  0.000
   5 C    6  0.000  0.000  0.000  0.000 -0.000  0.000  0.000  0.000 -0.000
                   -0.000 -0.000  0.000  0.000  0.000  0.000  0.000  0.000
                   -0.000  0.000
   6 C    6  0.000  0.000  0.000  0.000 -0.000  0.000  0.000  0.000 -0.000
                   -0.000 -0.000  0.000  0.000  0.000  0.000  0.000  0.000
                   -0.000  0.000
   7 C    6  0.000  0.000  0.000  0.000 -0.000  0.000  0.000  0.000 -0.000
                   -0.000 -0.000  0.000  0.000  0.000  0.000  0.000  0.000
                   -0.000  0.000
   8 C    6  0.000  0.000  0.000  0.000 -0.000  0.000  0.000  0.000 -0.000
                   -0.000 -0.000  0.000  0.000  0.000  0.000  0.000  0.000
                   -0.000  0.000
   9 C    6 -0.000 -0.000 -0.000 -0.000  0.000 -0.000  0.000 -0.000  0.000
                    0.000 -0.000 -0.000 -0.000 -0.000  0.000  0.000 -0.000
                    0.000 -0.000
  10 C    6 -0.000 -0.000 -0.000 -0.000  0.000 -0.000  0.000 -0.000  0.000
                    0.000 -0.000 -0.000 -0.000 -0.000  0.000  0.000 -0.000
                    0.000 -0.000
  11 C    6 -0.000 -0.000 -0.000 -0.000  0.000 -0.000  0.000 -0.000  0.000
                    0.000 -0.000 -0.000 -0.000 -0.000  0.000  0.000 -0.000
                    0.000 -0.000
  12 C    6 -0.000 -0.000 -0.000 -0.000  0.000 -0.000  0.000 -0.000  0.000
                    0.000 -0.000 -0.000 -0.000 -0.000  0.000  0.000 -0.000
                    0.000 -0.000
  13 C    6 -0.000 -0.000 -0.000 -0.000  0.000  0.000 -0.000 -0.000  0.000
                    0.000 -0.000 -0.000 -0.000 -0.000  0.000 -0.000  0.000
                    0.000 -0.000
  14 C    6 -0.000 -0.000 -0.000 -0.000  0.000  0.000 -0.000 -0.000  0.000
                    0.000 -0.000 -0.000 -0.000 -0.000  0.000 -0.000  0.000
                    0.000 -0.000
  15 C    6 -0.000 -0.000 -0.000 -0.000  0.000  0.000 -0.000 -0.000  0.000
                    0.000 -0.000 -0.000 -0.000 -0.000  0.000 -0.000  0.000
                    0.000 -0.000
  16 C    6 -0.000 -0.000 -0.000 -0.000  0.000  0.000 -0.000 -0.000  0.000
                    0.000 -0.000 -0.000 -0.000 -0.000  0.000 -0.000  0.000
                    0.000 -0.000
  17 C    6  0.000 -0.000  0.000 -0.000 -0.000  0.000  0.000  0.000 -0.000
                   -0.000 -0.000  0.000  0.000  0.000  0.000  0.000 -0.000
                    0.000 -0.000
  18 C    6  0.000 -0.000  0.000 -0.000 -0.000  0.000  0.000  0.000 -0.000
                   -0.000 -0.000  0.000  0.000  0.000  0.000  0.000 -0.000
                    0.000 -0.000
  19 C    6  0.000 -0.000  0.000 -0.000 -0.000  0.000  0.000  0.000 -0.000
                   -0.000 -0.000  0.000  0.000  0.000  0.000  0.000 -0.000
                    0.000 -0.000
  20 C    6  0.000 -0.000  0.000 -0.000 -0.000  0.000  0.000  0.000 -0.000
                   -0.000 -0.000  0.000  0.000  0.000  0.000  0.000 -0.000
                    0.000 -0.000
  21 C    6  0.000 -0.000  0.000 -0.000 -0.000  0.000  0.000  0.000 -0.000
                   -0.000 -0.000  0.000  0.000  0.000  0.000 -0.000  0.000
                    0.000 -0.000
  22 C    6  0.000 -0.000  0.000 -0.000 -0.000  0.000  0.000  0.000 -0.000
                   -0.000 -0.000  0.000  0.000  0.000  0.000 -0.000  0.000
                    0.000 -0.000
  23 C    6  0.000 -0.000  0.000 -0.000 -0.000  0.000  0.000  0.000 -0.000
                   -0.000 -0.000  0.000  0.000  0.000  0.000 -0.000  0.000
                    0.000 -0.000
  24 C    6  0.000 -0.000  0.000 -0.000 -0.000  0.000  0.000  0.000 -0.000
                   -0.000 -0.000  0.000  0.000  0.000  0.000 -0.000  0.000
                    0.000 -0.000

  ATOM    Z CHARGE  SHELL POPULATION

   1 C    6  0.000  0.000  0.000  0.000 -0.000  0.000 -0.000  0.000  0.000
   2 C    6  0.000  0.000  0.000  0.000 -0.000  0.000 -0.000  0.000  0.000
   3 C    6  0.000  0.000  0.000  0.000 -0.000  0.000 -0.000  0.000  0.000
   4 C    6  0.000  0.000  0.000  0.000 -0.000  0.000 -0.000  0.000  0.000
   5 C    6  0.000  0.000  0.000  0.000 -0.000  0.000 -0.000  0.000  0.000
   6 C    6  0.000  0.000  0.000  0.000 -0.000  0.000 -0.000  0.000  0.000
   7 C    6  0.000  0.000  0.000  0.000 -0.000  0.000 -0.000  0.000  0.000
   8 C    6  0.000  0.000  0.000  0.000 -0.000  0.000 -0.000  0.000  0.000
   9 C    6 -0.000 -0.000 -0.000 -0.000  0.000 -0.000  0.000 -0.000  0.000
  10 C    6 -0.000 -0.000 -0.000 -0.000  0.000 -0.000  0.000 -0.000  0.000
  11 C    6 -0.000 -0.000 -0.000 -0.000  0.000 -0.000  0.000 -0.000  0.000
  12 C    6 -0.000 -0.000 -0.000 -0.000  0.000 -0.000  0.000 -0.000  0.000
  13 C    6 -0.000 -0.000 -0.000 -0.000  0.000 -0.000  0.000 -0.000  0.000
  14 C    6 -0.000 -0.000 -0.000 -0.000  0.000 -0.000  0.000 -0.000  0.000
  15 C    6 -0.000 -0.000 -0.000 -0.000  0.000 -0.000  0.000 -0.000  0.000
  16 C    6 -0.000 -0.000 -0.000 -0.000  0.000 -0.000  0.000 -0.000  0.000
  17 C    6  0.000 -0.000  0.000 -0.000 -0.000  0.000 -0.000  0.000  0.000
  18 C    6  0.000 -0.000  0.000 -0.000 -0.000  0.000 -0.000  0.000  0.000
  19 C    6  0.000 -0.000  0.000 -0.000 -0.000  0.000 -0.000  0.000  0.000
  20 C    6  0.000 -0.000  0.000 -0.000 -0.000  0.000 -0.000  0.000  0.000
  21 C    6  0.000 -0.000  0.000 -0.000 -0.000  0.000 -0.000  0.000  0.000
  22 C    6  0.000 -0.000  0.000 -0.000 -0.000  0.000 -0.000  0.000  0.000
  23 C    6  0.000 -0.000  0.000 -0.000 -0.000  0.000 -0.000  0.000  0.000
  24 C    6  0.000 -0.000  0.000 -0.000 -0.000  0.000 -0.000  0.000  0.000

 OVERLAP POPULATION CONDENSED TO ATOMS FOR FIRST   6 NEIGHBORS

 ATOM A   1 C    ATOM B     CELL      R(AB)/AU R(AB)/ANG    OVPOP(AB)
                 24 C    (  0  0  0)     2.550     1.350     0.000
                 11 C    (  0  0 -1)     2.748     1.454     0.000
                 17 C    (  0  1 -1)     2.855     1.511     0.000
                 16 C    ( -1  1  0)     4.561     2.414    -0.000
                 20 C    (  0  0  0)     4.643     2.457     0.000
                 15 C    (  0  0 -1)     4.807     2.544    -0.000

 ATOM A   9 C    ATOM B     CELL      R(AB)/AU R(AB)/ANG    OVPOP(AB)
                 14 C    (  0  0  1)     2.538     1.343    -0.000
                  3 C    (  0  0  0)     2.748     1.454     0.000
                 13 C    (  0  0  0)     2.767     1.464    -0.000
                 19 C    (  0  0  0)     4.204     2.225    -0.000
                 10 C    (  0  0  0)     4.484     2.373     0.000
                  7 C    (  0  0  0)     4.561     2.414    -0.000

 ATOM A  17 C    ATOM B     CELL      R(AB)/AU R(AB)/ANG    OVPOP(AB)
                  7 C    (  0  0  0)     2.550     1.350     0.000
                  1 C    (  0 -1  1)     2.855     1.511     0.000
                 22 C    (  0  0  1)     3.048     1.613    -0.000
                 11 C    (  0 -1  0)     4.204     2.225    -0.000
                 13 C    (  0  0  0)     4.597     2.433    -0.000
                  4 C    (  0  0  1)     4.643     2.457     0.000
 EIGENVECTORS IN FORTRAN UNIT  8
 TTTTTTTTTTTTTTTTTTTTTTTTTTTTTT END         TELAPSE      364.87 TCPU      362.63
 EEEEEEEEEE TERMINATION  DATE 30 01 2026 TIME 18:16:35.3
NODE    0 CPU TIME =       362.632
NODE    1 CPU TIME =       363.153
NODE    2 CPU TIME =       362.873
NODE    3 CPU TIME =       363.165
NODE    4 CPU TIME =       362.785
NODE    5 CPU TIME =       362.891
NODE    6 CPU TIME =       363.112
NODE    7 CPU TIME =       362.925
NODE    8 CPU TIME =       352.275
NODE    9 CPU TIME =       362.602
NODE   10 CPU TIME =       363.297
NODE   11 CPU TIME =       362.932
NODE   12 CPU TIME =       362.942
NODE   13 CPU TIME =       362.782
NODE   14 CPU TIME =       363.040
NODE   15 CPU TIME =       363.039
NODE   16 CPU TIME =       362.884
NODE   17 CPU TIME =       362.835
NODE   18 CPU TIME =       362.885
NODE   19 CPU TIME =       362.814
NODE   20 CPU TIME =       363.004
NODE   21 CPU TIME =       362.992
NODE   22 CPU TIME =       362.885
NODE   23 CPU TIME =       352.091
NODE   24 CPU TIME =       363.021
NODE   25 CPU TIME =       363.028
NODE   26 CPU TIME =       362.820
NODE   27 CPU TIME =       362.767
NODE   28 CPU TIME =       362.415
NODE   29 CPU TIME =       363.015
NODE   30 CPU TIME =       362.815
NODE   31 CPU TIME =       362.629
    TOTAL CPU TIME =     11591.346
