MPI startup(): Warning: I_MPI_PMI_LIBRARY will be ignored since the hydra process manager was found
MPI startup(): Warning: I_MPI_PMI_LIBRARY will be ignored since the hydra process manager was found
MPI startup(): Warning: I_MPI_PMI_LIBRARY will be ignored since the hydra process manager was found
MPI startup(): Warning: I_MPI_PMI_LIBRARY will be ignored since the hydra process manager was found
MPI startup(): Warning: I_MPI_PMI_LIBRARY will be ignored since the hydra process manager was found
MPI startup(): Warning: I_MPI_PMI_LIBRARY will be ignored since the hydra process manager was found
MPI startup(): Warning: I_MPI_PMI_LIBRARY will be ignored since the hydra process manager was found
MPI startup(): Warning: I_MPI_PMI_LIBRARY will be ignored since the hydra process manager was found
MPI startup(): Warning: I_MPI_PMI_LIBRARY will be ignored since the hydra process manager was found
MPI startup(): Warning: I_MPI_PMI_LIBRARY will be ignored since the hydra process manager was found
MPI startup(): Warning: I_MPI_PMI_LIBRARY will be ignored since the hydra process manager was found
MPI startup(): Warning: I_MPI_PMI_LIBRARY will be ignored since the hydra process manager was found
MPI startup(): Warning: I_MPI_PMI_LIBRARY will be ignored since the hydra process manager was found
MPI startup(): Warning: I_MPI_PMI_LIBRARY will be ignored since the hydra process manager was found
MPI startup(): Warning: I_MPI_PMI_LIBRARY will be ignored since the hydra process manager was found
MPI startup(): Warning: I_MPI_PMI_LIBRARY will be ignored since the hydra process manager was found
MPI startup(): Warning: I_MPI_PMI_LIBRARY will be ignored since the hydra process manager was found
MPI startup(): Warning: I_MPI_PMI_LIBRARY will be ignored since the hydra process manager was found
MPI startup(): Warning: I_MPI_PMI_LIBRARY will be ignored since the hydra process manager was found
MPI startup(): Warning: I_MPI_PMI_LIBRARY will be ignored since the hydra process manager was found
MPI startup(): Warning: I_MPI_PMI_LIBRARY will be ignored since the hydra process manager was found
MPI startup(): Warning: I_MPI_PMI_LIBRARY will be ignored since the hydra process manager was found
MPI startup(): Warning: I_MPI_PMI_LIBRARY will be ignored since the hydra process manager was found
MPI startup(): Warning: I_MPI_PMI_LIBRARY will be ignored since the hydra process manager was found
MPI startup(): Warning: I_MPI_PMI_LIBRARY will be ignored since the hydra process manager was found
MPI startup(): Warning: I_MPI_PMI_LIBRARY will be ignored since the hydra process manager was found
MPI startup(): Warning: I_MPI_PMI_LIBRARY will be ignored since the hydra process manager was found
MPI startup(): Warning: I_MPI_PMI_LIBRARY will be ignored since the hydra process manager was found
MPI startup(): Warning: I_MPI_PMI_LIBRARY will be ignored since the hydra process manager was found
MPI startup(): Warning: I_MPI_PMI_LIBRARY will be ignored since the hydra process manager was found
MPI startup(): Warning: I_MPI_PMI_LIBRARY will be ignored since the hydra process manager was found
MPI startup(): Warning: I_MPI_PMI_LIBRARY will be ignored since the hydra process manager was found
 PROCESS           11  OF           32  WORKING
 PROCESS           26  OF           32  WORKING
 PROCESS            2  OF           32  WORKING
 PROCESS            3  OF           32  WORKING
 PROCESS           17  OF           32  WORKING
 PROCESS            0  OF           32  WORKING
 PROCESS           28  OF           32  WORKING
 PROCESS            6  OF           32  WORKING
 PROCESS           20  OF           32  WORKING
 PROCESS           12  OF           32  WORKING
 PROCESS           15  OF           32  WORKING
 PROCESS           10  OF           32  WORKING
 PROCESS           24  OF           32  WORKING
 PROCESS           31  OF           32  WORKING
 PROCESS           14  OF           32  WORKING
 PROCESS            4  OF           32  WORKING

         
 *******************************************************************************
 *                                                                             *
 *                               CRYSTAL23                                     *
 *                      public : 1.0.1 - October 2022                          *
 *                       HTTP://WWW.CRYSTAL.UNITO.IT                           *
 *                                                                             *
 *                              MAIN AUTHORS                                   *
 *                                                                             *
 *  R. DOVESI(1,11), V.R. SAUNDERS(2), C. ROETTI(1,11), R. ORLANDO(1,11),      *
 *  C.M. ZICOVICH-WILSON(1,3), F. PASCALE(4), B. CIVALLERI(1,11),              *
 *  K. DOLL(5), N.M. HARRISON(6), I.J. BUSH(7), Ph. D'ARCO(8),                 *
 *  M. LLUNELL(9), M. CAUSA'(10), Y. NOEL(8), L. MASCHIO(1,11), A. ERBA(1,11)  *
 *  M. RE'RAT(14), S. CASASSA(1,11), B.G. SEARLE(2), J.K. DESMARAIS(1)         *
 *                                                                             *
 *        CONTRIBUTIONS TO THE CODE HAVE ALSO BEEN GIVEN BY                    *
 *                                                                             *
 *  M. FERRABONE(1,11), M. DE LA PIERRE(1,11), M. FERRERO(1,11),               *
 *  J. BAIMA(1,11), E. ALBANESE(1,11), M.F. PEINTINGER(12), R. BAST(13),       *
 *  B. KIRTMAN(15), V. LACIVITA(1,11), R. DEMICHELIS(1,16)                     *
 *  G. BRANDEBURG(17), S. SALUSTRO(1,11), G. SANSONE(1,11)                     *
 *  M.T. RUGGIERO(18), L.E. DAGA(1), L. DONA'(1), A. COSSARD(1)                *
 *                                                                             *
 * (1) THEORETICAL CHEMISTRY GROUP - UNIVERSITA' DI TORINO - TORINO (ITALY)    *
 * (2) SCIENTIFIC COMPUTING DEPARTMENT - STFC DARESBURY (UK)                   *
 * (3) UNIVERSIDAD AUTONOMA DEL ESTADO DE MORELOS - CUERNAVACA (MEXICO)        *
 * (4) UNIVERSITE' DE LORRAINE - NANCY (FRANCE)                                *
 * (5) UNIVERSITAET STUTTGART- STUTTGART (GERMANY)                             *
 * (6) IMPERIAL COLLEGE - LONDON (UK)                                          *
 * (7) SCIENTIFIC COMPUTING DEPARTMENT - STFC RAL (UK)                         *
 * (8) UPMC - SORBONNE UNIVERSITES - PARIS (FRANCE)                            *
 * (9) UNIVERSIDAD DE BARCELONA - BARCELONA (SPAIN)                            *
 *(10) UNIVERSITA' DI NAPOLI "FEDERICO II" - NAPOLI (ITALY)                    *
 *(11) NIS - NANOSTRUCTURED INTERFACES AND SURFACES - TORINO (ITALY)           *
 *(12) MPI FUER CHEMISCHE ENERGIEKONVERSION - MUELHEIM AN DER RUHR (GERMANY)   *
 *(13) UNIVERSITY OF TROMSO - TROMSO (NORWAY)                                  *
 *(14) UNIVERSITE' DE PAU ET DES PAYS DE L'ADOUR - PAU (FRANCE)                *
 *(15) UNIVERSITY OF CALIFORNIA SANTA BARBARA - SANTA BARBARA (USA)            *
 *(16) CURTIN UNIVERSITY - PERTH (AUSTRALIA)                                   *
 *(17) UNIVERSITY COLLEGE LONDON - LONDON (UK)                                 *
 *(18) UNIVERSITY OF VERMONT - BURLINGTON (USA)                                *
 *                                                                             *
 *******************************************************************************
 EEEEEEEEEE STARTING  DATE 30 01 2026 TIME 20:31:13.8
 ./3^3T9-CA_rev1_sp_B3LYP-D3-D3_optimized                                        
 PROCESS            8  OF           32  WORKING
 PROCESS           13  OF           32  WORKING
 PROCESS           21  OF           32  WORKING
 PROCESS           23  OF           32  WORKING
 PROCESS           29  OF           32  WORKING
 PROCESS           22  OF           32  WORKING
 PROCESS            7  OF           32  WORKING
 PROCESS           25  OF           32  WORKING
 PROCESS           27  OF           32  WORKING
 PROCESS           16  OF           32  WORKING
 PROCESS           30  OF           32  WORKING
 PROCESS            5  OF           32  WORKING
 PROCESS            1  OF           32  WORKING
 PROCESS           18  OF           32  WORKING
 PROCESS           19  OF           32  WORKING
 PROCESS            9  OF           32  WORKING

 CRYSTAL CALCULATION
 (INPUT ACCORDING TO THE INTERNATIONAL TABLES FOR X-RAY CRYSTALLOGRAPHY)
 CRYSTAL FAMILY                       :  ORTHORHOMBIC
 CRYSTAL CLASS  (GROTH - 1921)        :  ORTHORHOMBIC BIPYRAMIDAL             

 SPACE GROUP (CENTROSYMMETRIC)        :  P M M N         

 LATTICE PARAMETERS  (ANGSTROMS AND DEGREES) - CONVENTIONAL CELL
        A           B           C        ALPHA        BETA       GAMMA
     5.07358     7.06470     4.64587    90.00000    90.00000    90.00000


 NUMBER OF IRREDUCIBLE ATOMS IN THE CONVENTIONAL CELL:    3

 INPUT COORDINATES

 ATOM AT. N.              COORDINATES
   1   6     9.894897785328E-02 -1.658800239445E-02 -9.942951017756E-02
   2   6    -8.650454292864E-03  4.349957838986E-01  3.969445381574E-01
   3   6    -3.828637115812E-01 -2.500000000000E-01 -4.298721955424E-01

 *******************************************************************************

 << INFORMATION >>: FROM NOW ON, ALL COORDINATES REFER TO THE PRIMITIVE CELL

 *******************************************************************************

 LATTICE PARAMETERS  (ANGSTROMS AND DEGREES) - PRIMITIVE CELL
       A          B          C        ALPHA      BETA     GAMMA        VOLUME
    5.07358    7.06470    4.64587    90.00000  90.00000  90.00000    166.523268

 COORDINATES OF THE EQUIVALENT ATOMS (FRACTIONAL UNITS)

 N. ATOM EQUIV AT. N.          X                  Y                  Z

   1   1   1    6 C     9.89489778533E-02 -1.65880023945E-02 -9.94295101776E-02
   2   1   2    6 C     4.01051022147E-01 -4.83411997606E-01 -9.94295101776E-02
   3   1   3    6 C    -4.01051022147E-01  1.65880023945E-02  9.94295101776E-02
   4   1   4    6 C    -9.89489778533E-02  4.83411997606E-01  9.94295101776E-02
   5   1   5    6 C    -9.89489778533E-02  1.65880023945E-02  9.94295101776E-02
   6   1   6    6 C    -4.01051022147E-01  4.83411997606E-01  9.94295101776E-02
   7   1   7    6 C     4.01051022147E-01 -1.65880023945E-02 -9.94295101776E-02
   8   1   8    6 C     9.89489778533E-02 -4.83411997606E-01 -9.94295101776E-02

   9   2   1    6 C    -8.65045429286E-03  4.34995783899E-01  3.96944538157E-01
  10   2   2    6 C    -4.91349545707E-01  6.50042161014E-02  3.96944538157E-01
  11   2   3    6 C     4.91349545707E-01 -4.34995783899E-01 -3.96944538157E-01
  12   2   4    6 C     8.65045429286E-03 -6.50042161014E-02 -3.96944538157E-01
  13   2   5    6 C     8.65045429286E-03 -4.34995783899E-01 -3.96944538157E-01
  14   2   6    6 C     4.91349545707E-01 -6.50042161014E-02 -3.96944538157E-01
  15   2   7    6 C    -4.91349545707E-01  4.34995783899E-01  3.96944538157E-01
  16   2   8    6 C    -8.65045429286E-03  6.50042161014E-02  3.96944538157E-01

  17   3   1    6 C    -3.82863711581E-01 -2.50000000000E-01 -4.29872195542E-01
  18   3   2    6 C    -1.17136288419E-01 -2.50000000000E-01 -4.29872195542E-01
  19   3   3    6 C     1.17136288419E-01  2.50000000000E-01  4.29872195542E-01
  20   3   4    6 C     3.82863711581E-01  2.50000000000E-01  4.29872195542E-01

 NUMBER OF SYMMETRY OPERATORS         :    8
 *******************************************************************************
 * GEOMETRY EDITING - INPUT COORDINATES ARE GIVEN IN ANGSTROM         
 *******************************************************************************

 GEOMETRY NOW FULLY CONSISTENT WITH THE GROUP

 GCALCO - MAX INDICES DIRECT LATTICE VECTOR    16    11    17
 NO.OF VECTORS CREATED 6999 STARS 1053 RMAX   123.32854 BOHR

 GEOMETRY FOR WAVE FUNCTION - DIMENSIONALITY OF THE SYSTEM    3
 (NON PERIODIC DIRECTION: LATTICE PARAMETER FORMALLY SET TO 500)
 *******************************************************************************
 LATTICE PARAMETERS (ANGSTROMS AND DEGREES) - BOHR = 0.5291772083 ANGSTROM
 PRIMITIVE CELL - CENTRING CODE 1/0 VOLUME=   166.523268 - DENSITY  2.393 g/cm^3
         A              B              C           ALPHA      BETA       GAMMA 
     5.07357544     7.06469914     4.64587083    90.000000  90.000000  90.000000
 *******************************************************************************
 ATOMS IN THE ASYMMETRIC UNIT    3 - ATOMS IN THE UNIT CELL:   20
     ATOM                 X/A                 Y/B                 Z/C    
 *******************************************************************************
      1 T   6 C     9.894897785328E-02 -1.658800239445E-02 -9.942951017756E-02
      2 F   6 C     4.010510221467E-01 -4.834119976055E-01 -9.942951017756E-02
      3 F   6 C    -4.010510221467E-01  1.658800239445E-02  9.942951017756E-02
      4 F   6 C    -9.894897785328E-02  4.834119976055E-01  9.942951017756E-02
      5 F   6 C    -9.894897785328E-02  1.658800239445E-02  9.942951017756E-02
      6 F   6 C    -4.010510221467E-01  4.834119976055E-01  9.942951017756E-02
      7 F   6 C     4.010510221467E-01 -1.658800239445E-02 -9.942951017756E-02
      8 F   6 C     9.894897785328E-02 -4.834119976055E-01 -9.942951017756E-02
      9 T   6 C    -8.650454292864E-03  4.349957838986E-01  3.969445381574E-01
     10 F   6 C    -4.913495457071E-01  6.500421610140E-02  3.969445381574E-01
     11 F   6 C     4.913495457071E-01 -4.349957838986E-01 -3.969445381574E-01
     12 F   6 C     8.650454292864E-03 -6.500421610140E-02 -3.969445381574E-01
     13 F   6 C     8.650454292864E-03 -4.349957838986E-01 -3.969445381574E-01
     14 F   6 C     4.913495457071E-01 -6.500421610140E-02 -3.969445381574E-01
     15 F   6 C    -4.913495457071E-01  4.349957838986E-01  3.969445381574E-01
     16 F   6 C    -8.650454292864E-03  6.500421610140E-02  3.969445381574E-01
     17 T   6 C    -3.828637115812E-01 -2.500000000000E-01 -4.298721955424E-01
     18 F   6 C    -1.171362884188E-01 -2.500000000000E-01 -4.298721955424E-01
     19 F   6 C     1.171362884188E-01  2.500000000000E-01  4.298721955424E-01
     20 F   6 C     3.828637115812E-01  2.500000000000E-01  4.298721955424E-01

 T = ATOM BELONGING TO THE ASYMMETRIC UNIT

 ****    8 SYMMOPS - TRANSLATORS IN FRACTIONAL UNITS
 **** MATRICES AND TRANSLATORS IN THE CRYSTALLOGRAPHIC REFERENCE FRAME
   V INV                    ROTATION MATRICES                   TRANSLATORS
   1   1  1.00  0.00  0.00  0.00  1.00  0.00  0.00  0.00  1.00  0.00  0.00  0.00
   2   2 -1.00  0.00  0.00  0.00 -1.00  0.00  0.00  0.00  1.00  0.50  0.50  0.00
   3   3  1.00  0.00  0.00  0.00 -1.00  0.00  0.00  0.00 -1.00  0.50  0.00  0.00
   4   4 -1.00  0.00  0.00  0.00  1.00  0.00  0.00  0.00 -1.00  0.00  0.50  0.00
   5   5 -1.00  0.00  0.00  0.00 -1.00  0.00  0.00  0.00 -1.00  0.00  0.00  0.00
   6   6  1.00  0.00  0.00  0.00  1.00  0.00  0.00  0.00 -1.00  0.50  0.50  0.00
   7   7 -1.00  0.00  0.00  0.00  1.00  0.00  0.00  0.00  1.00  0.50  0.00  0.00
   8   8  1.00  0.00  0.00  0.00 -1.00  0.00  0.00  0.00  1.00  0.00  0.50  0.00

 DIRECT LATTICE VECTORS CARTESIAN COMPONENTS (ANGSTROM)
          X                    Y                    Z
   0.507357544000E+01   0.000000000000E+00   0.000000000000E+00
   0.000000000000E+00   0.706469914000E+01   0.000000000000E+00
   0.000000000000E+00   0.000000000000E+00   0.464587083000E+01


 CARTESIAN COORDINATES - PRIMITIVE CELL
 *******************************************************************************
 *      ATOM          X(ANGSTROM)         Y(ANGSTROM)         Z(ANGSTROM)
 *******************************************************************************
    1     6 C     5.020251038495E-01 -1.171892462504E-01 -4.619366609751E-01
    2     6 C     2.034762616150E+00 -3.415160323750E+00 -4.619366609751E-01
    3     6 C    -2.034762616150E+00  1.171892462504E-01  4.619366609751E-01
    4     6 C    -5.020251038495E-01  3.415160323750E+00  4.619366609751E-01
    5     6 C    -5.020251038495E-01  1.171892462504E-01  4.619366609751E-01
    6     6 C    -2.034762616150E+00  3.415160323750E+00  4.619366609751E-01
    7     6 C     2.034762616150E+00 -1.171892462504E-01 -4.619366609751E-01
    8     6 C     5.020251038495E-01 -3.415160323750E+00 -4.619366609751E-01
    9     6 C    -4.388873244512E-02  3.073114340412E+00  1.844153050953E+00
   10     6 C    -2.492898987555E+00  4.592352295879E-01  1.844153050953E+00
   11     6 C     2.492898987555E+00 -3.073114340412E+00 -1.844153050953E+00
   12     6 C     4.388873244512E-02 -4.592352295879E-01 -1.844153050953E+00
   13     6 C     4.388873244512E-02 -3.073114340412E+00 -1.844153050953E+00
   14     6 C     2.492898987555E+00 -4.592352295879E-01 -1.844153050953E+00
   15     6 C    -2.492898987555E+00  3.073114340412E+00  1.844153050953E+00
   16     6 C    -4.388873244512E-02  4.592352295879E-01  1.844153050953E+00
   17     6 C    -1.942487923946E+00 -1.766174785000E+00 -1.997130693898E+00
   18     6 C    -5.942997960544E-01 -1.766174785000E+00 -1.997130693898E+00
   19     6 C     5.942997960544E-01  1.766174785000E+00  1.997130693898E+00
   20     6 C     1.942487923946E+00  1.766174785000E+00  1.997130693898E+00

 *******************************************************************************
 LOCAL ATOMIC FUNCTIONS BASIS SET
 *******************************************************************************
   ATOM   X(AU)   Y(AU)   Z(AU)  N. TYPE  EXPONENT  S COEF   P COEF   D/F/G COEF
 *******************************************************************************
   1 C    0.949  -0.221  -0.873
                                  1 S  
                                         1.358E+04 2.225E-04 0.000E+00 0.000E+00
                                         2.035E+03 1.723E-03 0.000E+00 0.000E+00
                                         4.632E+02 8.926E-03 0.000E+00 0.000E+00
                                         1.312E+02 3.573E-02 0.000E+00 0.000E+00
                                         4.285E+01 1.108E-01 0.000E+00 0.000E+00
                                         1.558E+01 2.430E-01 0.000E+00 0.000E+00
                                  2 S  
                                         6.207E+00 4.144E-01 0.000E+00 0.000E+00
                                         2.576E+00 2.374E-01 0.000E+00 0.000E+00
                                  3 S  
                                         4.941E-01 1.000E+00 0.000E+00 0.000E+00
                                  4 S  
                                         1.644E-01 1.000E+00 0.000E+00 0.000E+00
                           5-     7 P  
                                         3.470E+01 0.000E+00 5.333E-03 0.000E+00
                                         7.958E+00 0.000E+00 3.586E-02 0.000E+00
                                         2.378E+00 0.000E+00 1.422E-01 0.000E+00
                                         8.143E-01 0.000E+00 3.427E-01 0.000E+00
                           8-    10 P  
                                         5.662E-01 0.000E+00 1.000E+00 0.000E+00
                          11-    13 P  
                                         2.674E-01 0.000E+00 1.000E+00 0.000E+00
                          14-    18 D  
                                         8.792E-01 0.000E+00 0.000E+00 1.000E+00
   2 C    3.845  -6.454  -0.873
   3 C   -3.845   0.221   0.873
   4 C   -0.949   6.454   0.873
   5 C   -0.949   0.221   0.873
   6 C   -3.845   6.454   0.873
   7 C    3.845  -0.221  -0.873
   8 C    0.949  -6.454  -0.873
   9 C   -0.083   5.807   3.485
  10 C   -4.711   0.868   3.485
  11 C    4.711  -5.807  -3.485
  12 C    0.083  -0.868  -3.485
  13 C    0.083  -5.807  -3.485
  14 C    4.711  -0.868  -3.485
  15 C   -4.711   5.807   3.485
  16 C   -0.083   0.868   3.485
  17 C   -3.671  -3.338  -3.774
  18 C   -1.123  -3.338  -3.774
  19 C    1.123   3.338   3.774
  20 C    3.671   3.338   3.774
 INFORMATION **** SET_MPP **** PCRYSTAL CALCULATION
 INFORMATION **** READM2 **** NEW DEFAULT: FOCK/KS MATRIX MIXING SET TO 30 %
 INFORMATION **** READM2 **** NEW DEFAULT: FULL DIRECT SCF MODE
 INFORMATION **** READM2 **** NEW DEFAULT: COULOMB BIPOLAR BUFFER SET TO 32 Mb
 INFORMATION **** READM2 **** NEW DEFAULT: EXCHANGE BIPOLAR BUFFER SET TO 32 Mb

 *******************************************************************************
 NEW DEFAULT: DFT INTEGRATION GRID INCREASED TO XLGRID
 NEW DEFAULT: DIIS ACCELERATOR ACTIVE
 USE KEYWORD NODIIS TO TURN IT OFF
 *******************************************************************************

 INFORMATION **** DFTD3_INPUT **** PERFORM LATEST DISPERSION CORRECTION DFT-D3(BJ) WITH AUTOMATIC PARAMETER SETUP
 PLEASE CITE:
 (1) DFT-D3 Reference
  S. Grimme, J. Antony, S. Ehrlich, and H. Krieg, J. Chem. Phys. 132 (2010), 154104
 (2) BJ-Damping Reference
  S. Grimme, S. Ehrlich, and L. Goerigk, J. Comput. Chem. 32 (2011), 1456-1465
 (3) General DFT-D Review
  S. Grimme, A. Hansen, J. G. Brandenburg, and C. Bannwarth,
  Chem. Rev. 116 (2016), 5105-5154

 INFORMATION **** TOLINTEG **** COULOMB AND EXCHANGE SERIES TOLERANCES MODIFIED
 INFORMATION **** TOLDEE **** SCF TOL ON TOTAL ENERGY SET TO           9
 INFORMATION **** READM2 **** FULL DIRECT SCF (MONO AND BIEL INT) SELECTED
 INFORMATION **** MAXCYCLE **** MAX NUMBER OF SCF CYCLES SET TO         800
 INFORMATION **** DIIS **** DIIS FOR SCF ACTIVE
 INFORMATION **** DIIS **** LEVEL SHIFTER DISABLED
 INFORMATION **** PPAN ****  MULLIKEN POPULATION ANALYSIS AT THE END OF SCF
 *******************************************************************************
 N. OF ATOMS PER CELL        20  COULOMB OVERLAP TOL         (T1) 10**   -8
 NUMBER OF SHELLS           160  COULOMB PENETRATION TOL     (T2) 10**   -8
 NUMBER OF AO               360  EXCHANGE OVERLAP TOL        (T3) 10**   -8
 N. OF ELECTRONS PER CELL   120  EXCHANGE PSEUDO OVP (F(G))  (T4) 10**   -9
 CORE ELECTRONS PER CELL     40  EXCHANGE PSEUDO OVP (P(G))  (T5) 10**  -24
 N. OF SYMMETRY OPERATORS     8  POLE ORDER IN MONO ZONE                  4
 *******************************************************************************
 TYPE OF CALCULATION :  UNRESTRICTED OPEN SHELL
 KOHN-SHAM HAMILTONIAN

 (EXCHANGE)[CORRELATION] FUNCTIONAL:(BECKE 88)[LEE-YANG-PARR]

 NON-LOCAL WEIGHTING FACTOR (EXCHANGE) =           0.9000
 NON-LOCAL WEIGHTING FACTOR [CORRELATION] =        0.8100

 HYBRID EXCHANGE - PERCENTAGE OF FOCK EXCHANGE    20.0000

 SPIN POLARIZED DFT SELECTED

 CAPPA:IS1  9;IS2  9;IS3  9; K PTS MONK NET 125; SYMMOPS:K SPACE   8;G SPACE   8

 *******************************************************************************
 MAX NUMBER OF SCF CYCLES     800  CONVERGENCE ON DELTAP        10**-19
 WEIGHT OF F(I) IN F(I+1)      30% CONVERGENCE ON ENERGY        10**- 9
 SHRINK. FACT.(MONKH.)    9  9  9  NUMBER OF K POINTS IN THE IBZ    125
 SHRINKING FACTOR(GILAT NET)   18  NUMBER OF K POINTS(GILAT NET)   1000
 *******************************************************************************
 *** K POINTS COORDINATES (OBLIQUE COORDINATES IN UNITS OF IS =  9)
   1-R(  0  0  0)   2-C(  1  0  0)   3-C(  2  0  0)   4-C(  3  0  0)
   5-C(  4  0  0)   6-C(  0  1  0)   7-C(  1  1  0)   8-C(  2  1  0)
   9-C(  3  1  0)  10-C(  4  1  0)  11-C(  0  2  0)  12-C(  1  2  0)
  13-C(  2  2  0)  14-C(  3  2  0)  15-C(  4  2  0)  16-C(  0  3  0)
  17-C(  1  3  0)  18-C(  2  3  0)  19-C(  3  3  0)  20-C(  4  3  0)
  21-C(  0  4  0)  22-C(  1  4  0)  23-C(  2  4  0)  24-C(  3  4  0)
  25-C(  4  4  0)  26-C(  0  0  1)  27-C(  1  0  1)  28-C(  2  0  1)
  29-C(  3  0  1)  30-C(  4  0  1)  31-C(  0  1  1)  32-C(  1  1  1)
  33-C(  2  1  1)  34-C(  3  1  1)  35-C(  4  1  1)  36-C(  0  2  1)
  37-C(  1  2  1)  38-C(  2  2  1)  39-C(  3  2  1)  40-C(  4  2  1)
  41-C(  0  3  1)  42-C(  1  3  1)  43-C(  2  3  1)  44-C(  3  3  1)
  45-C(  4  3  1)  46-C(  0  4  1)  47-C(  1  4  1)  48-C(  2  4  1)
  49-C(  3  4  1)  50-C(  4  4  1)  51-C(  0  0  2)  52-C(  1  0  2)
  53-C(  2  0  2)  54-C(  3  0  2)  55-C(  4  0  2)  56-C(  0  1  2)
  57-C(  1  1  2)  58-C(  2  1  2)  59-C(  3  1  2)  60-C(  4  1  2)
  61-C(  0  2  2)  62-C(  1  2  2)  63-C(  2  2  2)  64-C(  3  2  2)
  65-C(  4  2  2)  66-C(  0  3  2)  67-C(  1  3  2)  68-C(  2  3  2)
  69-C(  3  3  2)  70-C(  4  3  2)  71-C(  0  4  2)  72-C(  1  4  2)
  73-C(  2  4  2)  74-C(  3  4  2)  75-C(  4  4  2)  76-C(  0  0  3)
  77-C(  1  0  3)  78-C(  2  0  3)  79-C(  3  0  3)  80-C(  4  0  3)
  81-C(  0  1  3)  82-C(  1  1  3)  83-C(  2  1  3)  84-C(  3  1  3)
  85-C(  4  1  3)  86-C(  0  2  3)  87-C(  1  2  3)  88-C(  2  2  3)
  89-C(  3  2  3)  90-C(  4  2  3)  91-C(  0  3  3)  92-C(  1  3  3)
  93-C(  2  3  3)  94-C(  3  3  3)  95-C(  4  3  3)  96-C(  0  4  3)
  97-C(  1  4  3)  98-C(  2  4  3)  99-C(  3  4  3) 100-C(  4  4  3)
 101-C(  0  0  4) 102-C(  1  0  4) 103-C(  2  0  4) 104-C(  3  0  4)
 105-C(  4  0  4) 106-C(  0  1  4) 107-C(  1  1  4) 108-C(  2  1  4)
 109-C(  3  1  4) 110-C(  4  1  4) 111-C(  0  2  4) 112-C(  1  2  4)
 113-C(  2  2  4) 114-C(  3  2  4) 115-C(  4  2  4) 116-C(  0  3  4)
 117-C(  1  3  4) 118-C(  2  3  4) 119-C(  3  3  4) 120-C(  4  3  4)
 121-C(  0  4  4) 122-C(  1  4  4) 123-C(  2  4  4) 124-C(  3  4  4)
 125-C(  4  4  4)

 DIRECT LATTICE VECTORS COMPON. (A.U.)     RECIP. LATTICE VECTORS COMPON. (A.U.) 
        X            Y            Z              X            Y            Z
    9.5876681    0.0000000    0.0000000      0.6553403    0.0000000    0.0000000
    0.0000000   13.3503466    0.0000000      0.0000000    0.4706384    0.0000000
    0.0000000    0.0000000    8.7794235      0.0000000    0.0000000    0.7156717

 DISK SPACE FOR EIGENVECTORS (FTN 10)    32270400 REALS

 SYMMETRY ADAPTION OF THE BLOCH FUNCTIONS ENABLED
 TTTTTTTTTTTTTTTTTTTTTTTTTTTTTT gordsh1     TELAPSE        1.49 TCPU        0.56

 MATRIX SIZE: P(G) 1624932, F(G)  183872, P(G) IRR  108856, F(G) IRR   24639
 MAX G-VECTOR INDEX FOR 1- AND 2-ELECTRON INTEGRALS 243

 TTTTTTTTTTTTTTTTTTTTTTTTTTTTTT INPUT       TELAPSE        1.50 TCPU        0.57

 NEIGHBORS OF THE NON-EQUIVALENT ATOMS

 N = NUMBER OF NEIGHBORS AT DISTANCE R
    ATOM  N     R/ANG      R/AU   NEIGHBORS (ATOM LABELS AND CELL INDICES)
   1 C    1     1.3844     2.6162    5 C    0 0 0
   1 C    1     1.4958     2.8266   12 C    0 0 0
   1 C    1     1.5327     2.8965    7 C    0 0 0
   1 C    1     2.4389     4.6089   16 C    0 0 0
   1 C    1     2.4477     4.6254   14 C    0 0 0
   1 C    1     2.4708     4.6691   16 C    0 0-1

   9 C    1     1.3297     2.5129   13 C    0 1 1
   9 C    1     1.4625     2.7636   19 C    0 0 0
   9 C    1     1.4958     2.8266    4 C    0 0 0
   9 C    1     2.3827     4.5026   20 C    0 0 0
   9 C    1     2.4296     4.5912   18 C    0 1 1
   9 C    1     2.4389     4.6089    8 C    0 1 0

  17 C    1     1.3482     2.5477   18 C    0 0 0
  17 C    2     1.4625     2.7636   11 C   -1 0 0   14 C   -1 0 0
  17 C    2     2.3827     4.5026   12 C    0 0 0   13 C    0 0 0
  17 C    2     2.4296     4.5912   10 C    0 0-1   15 C    0-1-1
  17 C    2     2.5056     4.7348    2 C   -1 0 0    7 C   -1 0 0
  17 C    2     2.8875     5.4566    3 C    0 0-1    6 C    0-1-1


 SYMMETRY ALLOWED INTERNAL DEGREE(S) OF FREEDOM:   8
 TTTTTTTTTTTTTTTTTTTTTTTTTTTTTT SYMM        TELAPSE        1.57 TCPU        0.62
 TTTTTTTTTTTTTTTTTTTTTTTTTTTTTT INT_SCREEN  TELAPSE        1.57 TCPU        0.63

 DFT PARAMETERS

     ATOM       ELECTRONS   NET CHARGE   R(ANGSTROM)
   1   6  C       6.0000      0.0000     0.77000000

 SIZE OF GRID=      75602
 TTTTTTTTTTTTTTTTTTTTTTTTTTTTTT MAKE_GRID2  TELAPSE        1.87 TCPU        0.93
 BECKE WEIGHT FUNCTION
 RADSAFE =     2.00
 TOLERANCES - DENSITY:10**- 6; POTENTIAL:10**- 9; GRID WGT:10**-14

 RADIAL INTEGRATION  - INTERVALS (POINTS,UPPER LIMIT):            1( 75,  4.0*R)

 ANGULAR INTEGRATION - INTERVALS (ACCURACY LEVEL [N. POINTS] UPPER LIMIT):
  1(  4[  86]   0.2)  2(  8[ 194]   0.5)  3( 12[ 350]   0.9)  4( 16[ 974]   3.5)
  5( 12[ 350]9999.0)
 TTTTTTTTTTTTTTTTTTTTTTTTTTTTTT INT_CALC    TELAPSE        1.90 TCPU        0.95
 EEEEEEEEEE INT_CALC TERMINATION  DATE 30 01 2026 TIME 20:31:14.7

 *******************************************************************************
 ./3^3T9-CA_rev1_sp_B3LYP-D3-D3_optimized                                        
 CRYSTAL - SCF - TYPE OF CALCULATION :  UNRESTRICTED OPEN SHELL
 *******************************************************************************

 CAPPA:IS1  9;IS2  9;IS3  9; K PTS MONK NET 125; SYMMOPS:K SPACE   8;G SPACE   8

 TTTTTTTTTTTTTTTTTTTTTTTTTTTTTT SDIK        TELAPSE        2.17 TCPU        1.22

 AAAAAAAAAAAAAAAAAAAAAAAAAAAAAAAAAAAAAAAAAAAAAAAAAAAAAAAAAAAAAAAAAAAAAAAAAAAAAAA
         ATOMIC WAVEFUNCTION(S)


 NUCLEAR CHARGE  6.0  SYMMETRY SPECIES            S    P
 N. ELECTRONS    6.0  NUMBER OF PRIMITIVE GTOS   10    6
                      NUMBER OF CONTRACTED GTOS   4    3
                      NUMBER OF CLOSED SHELLS     2    0
                      OPEN SHELL OCCUPATION       0    2

  ZNUC  SCFIT    TOTAL HF ENERGY   KINETIC ENERGY   VIRIAL THEOREM ACCURACY
   6.0    10    -3.766702350E+01  3.783137943E+01 -1.995655566E+00  1.6E-06

 AAAAAAAAAAAAAAAAAAAAAAAAAAAAAAAAAAAAAAAAAAAAAAAAAAAAAAAAAAAAAAAAAAAAAAAAAAAAAAA

 CHARGE NORMALIZATION FACTOR   1.00000000
 TOTAL ATOMIC CHARGES:
   6.0000000   6.0000000   6.0000000   6.0000000   6.0000000   6.0000000
   6.0000000   6.0000000   6.0000000   6.0000000   6.0000000   6.0000000
   6.0000000   6.0000000   6.0000000   6.0000000   6.0000000   6.0000000
   6.0000000   6.0000000
 SUMMED SPIN DENSITY           0.00000000
 TOTAL ATOMIC SPINS  :
   0.0000000   0.0000000   0.0000000   0.0000000   0.0000000   0.0000000
   0.0000000   0.0000000   0.0000000   0.0000000   0.0000000   0.0000000
   0.0000000   0.0000000   0.0000000   0.0000000   0.0000000   0.0000000
   0.0000000   0.0000000
 TTTTTTTTTTTTTTTTTTTTTTTTTTTTTT MOQGAD      TELAPSE        2.18 TCPU        1.23
 TTTTTTTTTTTTTTTTTTTTTTTTTTTTTT SHELLXN     TELAPSE       23.75 TCPU       22.80
 TTTTTTTTTTTTTTTTTTTTTTTTTTTTTT MONMO3      TELAPSE       23.79 TCPU       22.83
 NUMERICALLY INTEGRATED DENSITY     59.9999904892     59.9999904892
 TTTTTTTTTTTTTTTTTTTTTTTTTTTTTT NUMDFT      TELAPSE       24.24 TCPU       23.28
 CYC   0 ETOT(AU) -7.674005714055E+02 DETOT -7.67E+02 tst  0.00E+00 PX  1.00E+00
 TTTTTTTTTTTTTTTTTTTTTTTTTTTTTT DIIS        TELAPSE       24.61 TCPU       23.65
 TTTTTTTTTTTTTTTTTTTTTTTTTTTTTT FDIK        TELAPSE       28.00 TCPU       27.04
 POSSIBLY CONDUCTING STATE - EFERMI(AU) -1.7751324E-01 (RES. CHARGE  9.17E-10;IT.  6)
 TTTTTTTTTTTTTTTTTTTTTTTTTTTTTT PDIG        TELAPSE       28.29 TCPU       27.33
 CHARGE NORMALIZATION FACTOR   1.00000000
 TOTAL ATOMIC CHARGES:
   5.9600898   5.9600898   5.9600898   5.9600898   5.9600898   5.9600898
   5.9600898   5.9600898   6.0281206   6.0281206   6.0281206   6.0281206
   6.0281206   6.0281206   6.0281206   6.0281206   6.0235794   6.0235794
   6.0235794   6.0235794
 SUMMED SPIN DENSITY           0.00000000
 TOTAL ATOMIC SPINS  :
   0.0000000   0.0000000   0.0000000   0.0000000   0.0000000   0.0000000
   0.0000000   0.0000000  -0.0000000  -0.0000000  -0.0000000  -0.0000000
  -0.0000000  -0.0000000  -0.0000000  -0.0000000   0.0000000   0.0000000
   0.0000000   0.0000000
 TTTTTTTTTTTTTTTTTTTTTTTTTTTTTT MOQGAD      TELAPSE       28.30 TCPU       27.33
 TTTTTTTTTTTTTTTTTTTTTTTTTTTTTT SHELLXN     TELAPSE       51.22 TCPU       50.24
 TTTTTTTTTTTTTTTTTTTTTTTTTTTTTT MONMO3      TELAPSE       51.26 TCPU       50.28
 NUMERICALLY INTEGRATED DENSITY     59.9999901962     59.9999901962
 TTTTTTTTTTTTTTTTTTTTTTTTTTTTTT NUMDFT      TELAPSE       51.69 TCPU       50.72
 CYC   1 ETOT(AU) -7.614411880858E+02 DETOT  5.96E+00 tst  0.00E+00 PX  1.00E+00
 TTTTTTTTTTTTTTTTTTTTTTTTTTTTTT DIIS        TELAPSE       51.78 TCPU       50.80
 DIIS TEST: 0.64286E+00 AT SCF   CYCLE   1 - MIX   30 %
 TTTTTTTTTTTTTTTTTTTTTTTTTTTTTT FDIK        TELAPSE       53.40 TCPU       52.42
 POSSIBLY CONDUCTING STATE - EFERMI(AU) -1.2733506E-01 (RES. CHARGE  9.66E-13;IT.  8)
 TTTTTTTTTTTTTTTTTTTTTTTTTTTTTT PDIG        TELAPSE       53.69 TCPU       52.71
 CHARGE NORMALIZATION FACTOR   1.00000000
 TOTAL ATOMIC CHARGES:
   6.0325041   6.0325041   6.0325041   6.0325041   6.0325041   6.0325041
   6.0325041   6.0325041   5.9631888   5.9631888   5.9631888   5.9631888
   5.9631888   5.9631888   5.9631888   5.9631888   6.0086143   6.0086143
   6.0086143   6.0086143
 SUMMED SPIN DENSITY           0.00000000
 TOTAL ATOMIC SPINS  :
  -0.0000000  -0.0000000  -0.0000000  -0.0000000  -0.0000000  -0.0000000
  -0.0000000  -0.0000000   0.0000000   0.0000000   0.0000000   0.0000000
   0.0000000   0.0000000   0.0000000   0.0000000   0.0000000   0.0000000
   0.0000000   0.0000000
 TTTTTTTTTTTTTTTTTTTTTTTTTTTTTT MOQGAD      TELAPSE       53.70 TCPU       52.72
 TTTTTTTTTTTTTTTTTTTTTTTTTTTTTT SHELLXN     TELAPSE       76.67 TCPU       75.69
 TTTTTTTTTTTTTTTTTTTTTTTTTTTTTT MONMO3      TELAPSE       76.71 TCPU       75.73
 NUMERICALLY INTEGRATED DENSITY     59.9999907684     59.9999907684
 TTTTTTTTTTTTTTTTTTTTTTTTTTTTTT NUMDFT      TELAPSE       77.14 TCPU       76.16
 CYC   2 ETOT(AU) -7.614981993108E+02 DETOT -5.70E-02 tst  6.78E-03 PX  7.13E-02
 TTTTTTTTTTTTTTTTTTTTTTTTTTTTTT DIIS        TELAPSE       77.23 TCPU       76.25
 DIIS TEST: 0.92083E-01 AT SCF   CYCLE   2 - DIIS ACTIVE - HISTORY:     2 CYCLES
 TTTTTTTTTTTTTTTTTTTTTTTTTTTTTT FDIK        TELAPSE       78.79 TCPU       77.81
 POSSIBLY CONDUCTING STATE - EFERMI(AU) -1.1204288E-01 (RES. CHARGE  1.71E-13;IT.  8)
 TTTTTTTTTTTTTTTTTTTTTTTTTTTTTT PDIG        TELAPSE       79.09 TCPU       78.10
 CHARGE NORMALIZATION FACTOR   1.00000000
 TOTAL ATOMIC CHARGES:
   5.9781224   5.9781224   5.9781224   5.9781224   5.9781224   5.9781224
   5.9781224   5.9781224   6.0125719   6.0125719   6.0125719   6.0125719
   6.0125719   6.0125719   6.0125719   6.0125719   6.0186113   6.0186113
   6.0186113   6.0186113
 SUMMED SPIN DENSITY          -0.00000000
 TOTAL ATOMIC SPINS  :
  -0.0000000  -0.0000000  -0.0000000  -0.0000000  -0.0000000  -0.0000000
  -0.0000000  -0.0000000  -0.0000000  -0.0000000  -0.0000000  -0.0000000
  -0.0000000  -0.0000000  -0.0000000  -0.0000000   0.0000000   0.0000000
   0.0000000   0.0000000
 TTTTTTTTTTTTTTTTTTTTTTTTTTTTTT MOQGAD      TELAPSE       79.10 TCPU       78.11
 TTTTTTTTTTTTTTTTTTTTTTTTTTTTTT SHELLXN     TELAPSE      102.18 TCPU      101.19
 TTTTTTTTTTTTTTTTTTTTTTTTTTTTTT MONMO3      TELAPSE      102.23 TCPU      101.23
 NUMERICALLY INTEGRATED DENSITY     59.9999908996     59.9999908996
 TTTTTTTTTTTTTTTTTTTTTTTTTTTTTT NUMDFT      TELAPSE      102.66 TCPU      101.66
 CYC   3 ETOT(AU) -7.615030900562E+02 DETOT -4.89E-03 tst  4.96E-03 PX  2.64E-02
 TTTTTTTTTTTTTTTTTTTTTTTTTTTTTT DIIS        TELAPSE      102.75 TCPU      101.73
 DIIS TEST: 0.37869E-01 AT SCF   CYCLE   3 - DIIS ACTIVE - HISTORY:     3 CYCLES
 TTTTTTTTTTTTTTTTTTTTTTTTTTTTTT FDIK        TELAPSE      104.33 TCPU      103.30
 POSSIBLY CONDUCTING STATE - EFERMI(AU) -1.1919866E-01 (RES. CHARGE  5.68E-14;IT.  8)
 TTTTTTTTTTTTTTTTTTTTTTTTTTTTTT PDIG        TELAPSE      104.62 TCPU      103.59
 CHARGE NORMALIZATION FACTOR   1.00000000
 TOTAL ATOMIC CHARGES:
   5.9986875   5.9986875   5.9986875   5.9986875   5.9986875   5.9986875
   5.9986875   5.9986875   5.9935514   5.9935514   5.9935514   5.9935514
   5.9935514   5.9935514   5.9935514   5.9935514   6.0155222   6.0155222
   6.0155222   6.0155222
 SUMMED SPIN DENSITY          -0.00000000
 TOTAL ATOMIC SPINS  :
  -0.0000000  -0.0000000  -0.0000000  -0.0000000  -0.0000000  -0.0000000
  -0.0000000  -0.0000000   0.0000000   0.0000000   0.0000000   0.0000000
   0.0000000   0.0000000   0.0000000   0.0000000  -0.0000000  -0.0000000
  -0.0000000  -0.0000000
 TTTTTTTTTTTTTTTTTTTTTTTTTTTTTT MOQGAD      TELAPSE      104.63 TCPU      103.60
 TTTTTTTTTTTTTTTTTTTTTTTTTTTTTT SHELLXN     TELAPSE      127.59 TCPU      126.56
 TTTTTTTTTTTTTTTTTTTTTTTTTTTTTT MONMO3      TELAPSE      127.63 TCPU      126.60
 NUMERICALLY INTEGRATED DENSITY     59.9999909797     59.9999909797
 TTTTTTTTTTTTTTTTTTTTTTTTTTTTTT NUMDFT      TELAPSE      128.06 TCPU      127.02
 CYC   4 ETOT(AU) -7.615055459383E+02 DETOT -2.46E-03 tst  4.85E-04 PX  1.02E-02
 TTTTTTTTTTTTTTTTTTTTTTTTTTTTTT DIIS        TELAPSE      128.15 TCPU      127.11
 DIIS TEST: 0.39382E-03 AT SCF   CYCLE   4 - DIIS ACTIVE - HISTORY:     4 CYCLES
 TTTTTTTTTTTTTTTTTTTTTTTTTTTTTT FDIK        TELAPSE      129.80 TCPU      128.76
 POSSIBLY CONDUCTING STATE - EFERMI(AU) -1.1989358E-01 (RES. CHARGE  1.24E-11;IT.  8)
 TTTTTTTTTTTTTTTTTTTTTTTTTTTTTT PDIG        TELAPSE      130.09 TCPU      129.05
 CHARGE NORMALIZATION FACTOR   1.00000000
 TOTAL ATOMIC CHARGES:
   5.9983014   5.9983014   5.9983014   5.9983014   5.9983014   5.9983014
   5.9983014   5.9983014   5.9945100   5.9945100   5.9945100   5.9945100
   5.9945100   5.9945100   5.9945100   5.9945100   6.0143772   6.0143772
   6.0143772   6.0143772
 SUMMED SPIN DENSITY          -0.00000000
 TOTAL ATOMIC SPINS  :
  -0.0000000  -0.0000000  -0.0000000  -0.0000000  -0.0000000  -0.0000000
  -0.0000000  -0.0000000   0.0000000   0.0000000   0.0000000   0.0000000
   0.0000000   0.0000000   0.0000000   0.0000000  -0.0000000  -0.0000000
  -0.0000000  -0.0000000
 TTTTTTTTTTTTTTTTTTTTTTTTTTTTTT MOQGAD      TELAPSE      130.10 TCPU      129.05
 TTTTTTTTTTTTTTTTTTTTTTTTTTTTTT SHELLXN     TELAPSE      153.04 TCPU      152.00
 TTTTTTTTTTTTTTTTTTTTTTTTTTTTTT MONMO3      TELAPSE      153.08 TCPU      152.04
 NUMERICALLY INTEGRATED DENSITY     59.9999910281     59.9999910281
 TTTTTTTTTTTTTTTTTTTTTTTTTTTTTT NUMDFT      TELAPSE      153.52 TCPU      152.47
 CYC   5 ETOT(AU) -7.615056304768E+02 DETOT -8.45E-05 tst  4.26E-06 PX  1.87E-03
 TTTTTTTTTTTTTTTTTTTTTTTTTTTTTT DIIS        TELAPSE      153.64 TCPU      152.59
 DIIS TEST: 0.67347E-04 AT SCF   CYCLE   5 - DIIS ACTIVE - HISTORY:     5 CYCLES
 TTTTTTTTTTTTTTTTTTTTTTTTTTTTTT FDIK        TELAPSE      155.21 TCPU      154.16
 POSSIBLY CONDUCTING STATE - EFERMI(AU) -1.1976080E-01 (RES. CHARGE  7.58E-11;IT.  6)
 TTTTTTTTTTTTTTTTTTTTTTTTTTTTTT PDIG        TELAPSE      155.51 TCPU      154.45
 CHARGE NORMALIZATION FACTOR   1.00000000
 TOTAL ATOMIC CHARGES:
   5.9985625   5.9985625   5.9985625   5.9985625   5.9985625   5.9985625
   5.9985625   5.9985625   5.9934621   5.9934621   5.9934621   5.9934621
   5.9934621   5.9934621   5.9934621   5.9934621   6.0159510   6.0159510
   6.0159510   6.0159510
 SUMMED SPIN DENSITY           0.00000000
 TOTAL ATOMIC SPINS  :
  -0.0000000  -0.0000000  -0.0000000  -0.0000000  -0.0000000  -0.0000000
  -0.0000000  -0.0000000   0.0000000   0.0000000   0.0000000   0.0000000
   0.0000000   0.0000000   0.0000000   0.0000000  -0.0000000  -0.0000000
  -0.0000000  -0.0000000
 TTTTTTTTTTTTTTTTTTTTTTTTTTTTTT MOQGAD      TELAPSE      155.51 TCPU      154.46
 TTTTTTTTTTTTTTTTTTTTTTTTTTTTTT SHELLXN     TELAPSE      178.46 TCPU      177.40
 TTTTTTTTTTTTTTTTTTTTTTTTTTTTTT MONMO3      TELAPSE      178.50 TCPU      177.44
 NUMERICALLY INTEGRATED DENSITY     59.9999910456     59.9999910456
 TTTTTTTTTTTTTTTTTTTTTTTTTTTTTT NUMDFT      TELAPSE      178.93 TCPU      177.87
 CYC   6 ETOT(AU) -7.615056390825E+02 DETOT -8.61E-06 tst  8.25E-07 PX  6.15E-04
 TTTTTTTTTTTTTTTTTTTTTTTTTTTTTT DIIS        TELAPSE      179.02 TCPU      177.94
 DIIS TEST: 0.65482E-05 AT SCF   CYCLE   6 - DIIS ACTIVE - HISTORY:     6 CYCLES
 TTTTTTTTTTTTTTTTTTTTTTTTTTTTTT FDIK        TELAPSE      180.58 TCPU      179.50
 POSSIBLY CONDUCTING STATE - EFERMI(AU) -1.1980582E-01 (RES. CHARGE  2.56E-13;IT.  6)
 TTTTTTTTTTTTTTTTTTTTTTTTTTTTTT PDIG        TELAPSE      180.88 TCPU      179.79
 CHARGE NORMALIZATION FACTOR   1.00000000
 TOTAL ATOMIC CHARGES:
   5.9986385   5.9986385   5.9986385   5.9986385   5.9986385   5.9986385
   5.9986385   5.9986385   5.9937341   5.9937341   5.9937341   5.9937341
   5.9937341   5.9937341   5.9937341   5.9937341   6.0152548   6.0152548
   6.0152548   6.0152548
 SUMMED SPIN DENSITY           0.00000000
 TOTAL ATOMIC SPINS  :
  -0.0000000  -0.0000000  -0.0000000  -0.0000000  -0.0000000  -0.0000000
  -0.0000000  -0.0000000   0.0000000   0.0000000   0.0000000   0.0000000
   0.0000000   0.0000000   0.0000000   0.0000000  -0.0000000  -0.0000000
  -0.0000000  -0.0000000
 TTTTTTTTTTTTTTTTTTTTTTTTTTTTTT MOQGAD      TELAPSE      180.88 TCPU      179.80
 TTTTTTTTTTTTTTTTTTTTTTTTTTTTTT SHELLXN     TELAPSE      203.80 TCPU      202.70
 TTTTTTTTTTTTTTTTTTTTTTTTTTTTTT MONMO3      TELAPSE      203.84 TCPU      202.74
 NUMERICALLY INTEGRATED DENSITY     59.9999910486     59.9999910486
 TTTTTTTTTTTTTTTTTTTTTTTTTTTTTT NUMDFT      TELAPSE      204.27 TCPU      203.17
 CYC   7 ETOT(AU) -7.615056409480E+02 DETOT -1.87E-06 tst  6.76E-08 PX  2.17E-04
 TTTTTTTTTTTTTTTTTTTTTTTTTTTTTT DIIS        TELAPSE      204.38 TCPU      203.28
 DIIS TEST: 0.12337E-05 AT SCF   CYCLE   7 - DIIS ACTIVE - HISTORY:     7 CYCLES
 TTTTTTTTTTTTTTTTTTTTTTTTTTTTTT FDIK        TELAPSE      205.96 TCPU      204.85
 POSSIBLY CONDUCTING STATE - EFERMI(AU) -1.1980660E-01 (RES. CHARGE  6.03E-12;IT.  4)
 TTTTTTTTTTTTTTTTTTTTTTTTTTTTTT PDIG        TELAPSE      206.25 TCPU      205.14
 CHARGE NORMALIZATION FACTOR   1.00000000
 TOTAL ATOMIC CHARGES:
   5.9986374   5.9986374   5.9986374   5.9986374   5.9986374   5.9986374
   5.9986374   5.9986374   5.9936356   5.9936356   5.9936356   5.9936356
   5.9936356   5.9936356   5.9936356   5.9936356   6.0154540   6.0154540
   6.0154540   6.0154540
 SUMMED SPIN DENSITY          -0.00000000
 TOTAL ATOMIC SPINS  :
   0.0000000   0.0000000   0.0000000   0.0000000   0.0000000   0.0000000
   0.0000000   0.0000000   0.0000000   0.0000000   0.0000000   0.0000000
   0.0000000   0.0000000   0.0000000   0.0000000  -0.0000000  -0.0000000
  -0.0000000  -0.0000000
 TTTTTTTTTTTTTTTTTTTTTTTTTTTTTT MOQGAD      TELAPSE      206.26 TCPU      205.15
 TTTTTTTTTTTTTTTTTTTTTTTTTTTTTT SHELLXN     TELAPSE      229.16 TCPU      228.05
 TTTTTTTTTTTTTTTTTTTTTTTTTTTTTT MONMO3      TELAPSE      229.20 TCPU      228.09
 NUMERICALLY INTEGRATED DENSITY     59.9999910529     59.9999910529
 TTTTTTTTTTTTTTTTTTTTTTTTTTTTTT NUMDFT      TELAPSE      229.63 TCPU      228.52
 CYC   8 ETOT(AU) -7.615056418747E+02 DETOT -9.27E-07 tst  3.10E-08 PX  1.38E-04
 TTTTTTTTTTTTTTTTTTTTTTTTTTTTTT DIIS        TELAPSE      229.74 TCPU      228.63
 DIIS TEST: 0.29197E-07 AT SCF   CYCLE   8 - DIIS ACTIVE - HISTORY:     8 CYCLES
 TTTTTTTTTTTTTTTTTTTTTTTTTTTTTT FDIK        TELAPSE      231.32 TCPU      230.20
 POSSIBLY CONDUCTING STATE - EFERMI(AU) -1.1980632E-01 (RES. CHARGE  1.42E-14;IT.  4)
 TTTTTTTTTTTTTTTTTTTTTTTTTTTTTT PDIG        TELAPSE      231.61 TCPU      230.49
 CHARGE NORMALIZATION FACTOR   1.00000000
 TOTAL ATOMIC CHARGES:
   5.9986490   5.9986490   5.9986490   5.9986490   5.9986490   5.9986490
   5.9986490   5.9986490   5.9936210   5.9936210   5.9936210   5.9936210
   5.9936210   5.9936210   5.9936210   5.9936210   6.0154600   6.0154600
   6.0154600   6.0154600
 SUMMED SPIN DENSITY          -0.00000000
 TOTAL ATOMIC SPINS  :
   0.0000000   0.0000000   0.0000000   0.0000000   0.0000000   0.0000000
   0.0000000   0.0000000  -0.0000000  -0.0000000  -0.0000000  -0.0000000
  -0.0000000  -0.0000000  -0.0000000  -0.0000000   0.0000000   0.0000000
   0.0000000   0.0000000
 TTTTTTTTTTTTTTTTTTTTTTTTTTTTTT MOQGAD      TELAPSE      231.62 TCPU      230.50
 TTTTTTTTTTTTTTTTTTTTTTTTTTTTTT SHELLXN     TELAPSE      254.41 TCPU      253.28
 TTTTTTTTTTTTTTTTTTTTTTTTTTTTTT MONMO3      TELAPSE      254.45 TCPU      253.32
 NUMERICALLY INTEGRATED DENSITY     59.9999910544     59.9999910544
 TTTTTTTTTTTTTTTTTTTTTTTTTTTTTT NUMDFT      TELAPSE      254.88 TCPU      253.75
 CYC   9 ETOT(AU) -7.615056421053E+02 DETOT -2.31E-07 tst  4.48E-09 PX  5.65E-05
 TTTTTTTTTTTTTTTTTTTTTTTTTTTTTT DIIS        TELAPSE      254.96 TCPU      253.83
 DIIS TEST: 0.23471E-08 AT SCF   CYCLE   9 - DIIS ACTIVE - HISTORY:     9 CYCLES
 TTTTTTTTTTTTTTTTTTTTTTTTTTTTTT FDIK        TELAPSE      256.55 TCPU      255.41
 POSSIBLY CONDUCTING STATE - EFERMI(AU) -1.1980609E-01 (RES. CHARGE  9.05E-10;IT.  6)
 TTTTTTTTTTTTTTTTTTTTTTTTTTTTTT PDIG        TELAPSE      256.85 TCPU      255.72
 CHARGE NORMALIZATION FACTOR   1.00000000
 TOTAL ATOMIC CHARGES:
   5.9986491   5.9986491   5.9986491   5.9986491   5.9986491   5.9986491
   5.9986491   5.9986491   5.9936200   5.9936200   5.9936200   5.9936200
   5.9936200   5.9936200   5.9936200   5.9936200   6.0154618   6.0154618
   6.0154618   6.0154618
 SUMMED SPIN DENSITY           0.00000000
 TOTAL ATOMIC SPINS  :
   0.0000000   0.0000000   0.0000000   0.0000000   0.0000000   0.0000000
   0.0000000   0.0000000  -0.0000000  -0.0000000  -0.0000000  -0.0000000
  -0.0000000  -0.0000000  -0.0000000  -0.0000000   0.0000000   0.0000000
   0.0000000   0.0000000
 TTTTTTTTTTTTTTTTTTTTTTTTTTTTTT MOQGAD      TELAPSE      256.86 TCPU      255.72
 TTTTTTTTTTTTTTTTTTTTTTTTTTTTTT SHELLXN     TELAPSE      279.82 TCPU      278.68
 TTTTTTTTTTTTTTTTTTTTTTTTTTTTTT MONMO3      TELAPSE      279.86 TCPU      278.72
 NUMERICALLY INTEGRATED DENSITY     59.9999910547     59.9999910547
 TTTTTTTTTTTTTTTTTTTTTTTTTTTTTT NUMDFT      TELAPSE      280.30 TCPU      279.15
 CYC  10 ETOT(AU) -7.615056421475E+02 DETOT -4.22E-08 tst  1.85E-10 PX  1.17E-05
 TTTTTTTTTTTTTTTTTTTTTTTTTTTTTT DIIS        TELAPSE      280.40 TCPU      279.24
 DIIS TEST: 0.65318E-10 AT SCF   CYCLE  10 - DIIS ACTIVE - HISTORY:    10 CYCLES
 TTTTTTTTTTTTTTTTTTTTTTTTTTTTTT FDIK        TELAPSE      281.76 TCPU      280.60
 POSSIBLY CONDUCTING STATE - EFERMI(AU) -1.1980611E-01 (RES. CHARGE  9.71E-10;IT.  2)
 TTTTTTTTTTTTTTTTTTTTTTTTTTTTTT PDIG        TELAPSE      282.05 TCPU      280.89
 CHARGE NORMALIZATION FACTOR   1.00000000
 TOTAL ATOMIC CHARGES:
   5.9986492   5.9986492   5.9986492   5.9986492   5.9986492   5.9986492
   5.9986492   5.9986492   5.9936198   5.9936198   5.9936198   5.9936198
   5.9936198   5.9936198   5.9936198   5.9936198   6.0154621   6.0154621
   6.0154621   6.0154621
 SUMMED SPIN DENSITY          -0.00000000
 TOTAL ATOMIC SPINS  :
   0.0000000   0.0000000   0.0000000   0.0000000   0.0000000   0.0000000
   0.0000000   0.0000000  -0.0000000  -0.0000000  -0.0000000  -0.0000000
  -0.0000000  -0.0000000  -0.0000000  -0.0000000   0.0000000   0.0000000
   0.0000000   0.0000000
 TTTTTTTTTTTTTTTTTTTTTTTTTTTTTT MOQGAD      TELAPSE      282.06 TCPU      280.90
 TTTTTTTTTTTTTTTTTTTTTTTTTTTTTT SHELLXN     TELAPSE      304.96 TCPU      303.79
 TTTTTTTTTTTTTTTTTTTTTTTTTTTTTT MONMO3      TELAPSE      305.00 TCPU      303.83
 NUMERICALLY INTEGRATED DENSITY     59.9999910547     59.9999910547
 TTTTTTTTTTTTTTTTTTTTTTTTTTTTTT NUMDFT      TELAPSE      305.43 TCPU      304.26
 CYC  11 ETOT(AU) -7.615056421498E+02 DETOT -2.22E-09 tst  9.50E-13 PX  9.39E-07
 TTTTTTTTTTTTTTTTTTTTTTTTTTTTTT DIIS        TELAPSE      305.52 TCPU      304.34
 DIIS TEST: 0.11141E-10 AT SCF   CYCLE  11 - DIIS ACTIVE - HISTORY:    11 CYCLES
 TTTTTTTTTTTTTTTTTTTTTTTTTTTTTT FDIK        TELAPSE      306.82 TCPU      305.64
 POSSIBLY CONDUCTING STATE - EFERMI(AU) -1.1980606E-01 (RES. CHARGE  8.37E-10;IT.  4)
 TTTTTTTTTTTTTTTTTTTTTTTTTTTTTT PDIG        TELAPSE      307.11 TCPU      305.93
 CHARGE NORMALIZATION FACTOR   1.00000000
 TOTAL ATOMIC CHARGES:
   5.9986490   5.9986490   5.9986490   5.9986490   5.9986490   5.9986490
   5.9986490   5.9986490   5.9936201   5.9936201   5.9936201   5.9936201
   5.9936201   5.9936201   5.9936201   5.9936201   6.0154619   6.0154619
   6.0154619   6.0154619
 SUMMED SPIN DENSITY          -0.00000000
 TOTAL ATOMIC SPINS  :
   0.0000000   0.0000000   0.0000000   0.0000000   0.0000000   0.0000000
   0.0000000   0.0000000  -0.0000000  -0.0000000  -0.0000000  -0.0000000
  -0.0000000  -0.0000000  -0.0000000  -0.0000000   0.0000000   0.0000000
   0.0000000   0.0000000
 TTTTTTTTTTTTTTTTTTTTTTTTTTTTTT MOQGAD      TELAPSE      307.12 TCPU      305.94
 TTTTTTTTTTTTTTTTTTTTTTTTTTTTTT SHELLXN     TELAPSE      329.93 TCPU      328.75
 TTTTTTTTTTTTTTTTTTTTTTTTTTTTTT MONMO3      TELAPSE      329.97 TCPU      328.79
 NUMERICALLY INTEGRATED DENSITY     59.9999910547     59.9999910547
 TTTTTTTTTTTTTTTTTTTTTTTTTTTTTT NUMDFT      TELAPSE      330.40 TCPU      329.22
 CYC  12 ETOT(AU) -7.615056421546E+02 DETOT -4.86E-09 tst  1.99E-13 PX  3.37E-07
 TTTTTTTTTTTTTTTTTTTTTTTTTTTTTT DIIS        TELAPSE      330.49 TCPU      329.30
 DIIS TEST: 0.25048E-11 AT SCF   CYCLE  12 - DIIS ACTIVE - HISTORY:    12 CYCLES
 TTTTTTTTTTTTTTTTTTTTTTTTTTTTTT FDIK        TELAPSE      331.71 TCPU      330.52
 POSSIBLY CONDUCTING STATE - EFERMI(AU) -1.1980606E-01 (RES. CHARGE  6.48E-11;IT.  2)
 TTTTTTTTTTTTTTTTTTTTTTTTTTTTTT PDIG        TELAPSE      332.00 TCPU      330.81
 CHARGE NORMALIZATION FACTOR   1.00000000
 TOTAL ATOMIC CHARGES:
   5.9986489   5.9986489   5.9986489   5.9986489   5.9986489   5.9986489
   5.9986489   5.9986489   5.9936201   5.9936201   5.9936201   5.9936201
   5.9936201   5.9936201   5.9936201   5.9936201   6.0154619   6.0154619
   6.0154619   6.0154619
 SUMMED SPIN DENSITY          -0.00000000
 TOTAL ATOMIC SPINS  :
   0.0000000   0.0000000   0.0000000   0.0000000   0.0000000   0.0000000
   0.0000000   0.0000000  -0.0000000  -0.0000000  -0.0000000  -0.0000000
  -0.0000000  -0.0000000  -0.0000000  -0.0000000   0.0000000   0.0000000
   0.0000000   0.0000000
 TTTTTTTTTTTTTTTTTTTTTTTTTTTTTT MOQGAD      TELAPSE      332.01 TCPU      330.81
 TTTTTTTTTTTTTTTTTTTTTTTTTTTTTT SHELLXN     TELAPSE      355.01 TCPU      353.81
 TTTTTTTTTTTTTTTTTTTTTTTTTTTTTT MONMO3      TELAPSE      355.05 TCPU      353.85
 NUMERICALLY INTEGRATED DENSITY     59.9999910547     59.9999910547
 TTTTTTTTTTTTTTTTTTTTTTTTTTTTTT NUMDFT      TELAPSE      355.48 TCPU      354.28
 CYC  13 ETOT(AU) -7.615056421519E+02 DETOT  2.73E-09 tst  4.82E-15 PX  2.31E-08
 TTTTTTTTTTTTTTTTTTTTTTTTTTTTTT DIIS        TELAPSE      355.59 TCPU      354.38
 DIIS TEST: 0.22084E-11 AT SCF   CYCLE  13 - DIIS ACTIVE - HISTORY:    13 CYCLES
 TTTTTTTTTTTTTTTTTTTTTTTTTTTTTT FDIK        TELAPSE      356.74 TCPU      355.53
 POSSIBLY CONDUCTING STATE - EFERMI(AU) -1.1980606E-01 (RES. CHARGE  2.59E-11;IT.  2)
 TTTTTTTTTTTTTTTTTTTTTTTTTTTTTT PDIG        TELAPSE      357.03 TCPU      355.82
 CHARGE NORMALIZATION FACTOR   1.00000000
 TOTAL ATOMIC CHARGES:
   5.9986489   5.9986489   5.9986489   5.9986489   5.9986489   5.9986489
   5.9986489   5.9986489   5.9936201   5.9936201   5.9936201   5.9936201
   5.9936201   5.9936201   5.9936201   5.9936201   6.0154619   6.0154619
   6.0154619   6.0154619
 SUMMED SPIN DENSITY          -0.00000000
 TOTAL ATOMIC SPINS  :
   0.0000000   0.0000000   0.0000000   0.0000000   0.0000000   0.0000000
   0.0000000   0.0000000  -0.0000000  -0.0000000  -0.0000000  -0.0000000
  -0.0000000  -0.0000000  -0.0000000  -0.0000000   0.0000000   0.0000000
   0.0000000   0.0000000
 TTTTTTTTTTTTTTTTTTTTTTTTTTTTTT MOQGAD      TELAPSE      357.04 TCPU      355.83
 TTTTTTTTTTTTTTTTTTTTTTTTTTTTTT SHELLXN     TELAPSE      379.94 TCPU      378.73
 TTTTTTTTTTTTTTTTTTTTTTTTTTTTTT MONMO3      TELAPSE      379.98 TCPU      378.76
 NUMERICALLY INTEGRATED DENSITY     59.9999910547     59.9999910547
 TTTTTTTTTTTTTTTTTTTTTTTTTTTTTT NUMDFT      TELAPSE      380.41 TCPU      379.19
 CYC  14 ETOT(AU) -7.615056421516E+02 DETOT  3.18E-10 tst  1.71E-15 PX  2.12E-09
 TTTTTTTTTTTTTTTTTTTTTTTTTTTTTT DIIS        TELAPSE      380.50 TCPU      379.28
 DIIS TEST: 0.15969E-11 AT SCF   CYCLE  14 - DIIS ACTIVE - HISTORY:    14 CYCLES
 TTTTTTTTTTTTTTTTTTTTTTTTTTTTTT FDIK        TELAPSE      381.64 TCPU      380.41
 POSSIBLY CONDUCTING STATE - EFERMI(AU) -1.1980606E-01 (RES. CHARGE  6.85E-12;IT.  2)
 TTTTTTTTTTTTTTTTTTTTTTTTTTTTTT PDIG        TELAPSE      381.93 TCPU      380.70
 CHARGE NORMALIZATION FACTOR   1.00000000
 TOTAL ATOMIC CHARGES:
   5.9986489   5.9986489   5.9986489   5.9986489   5.9986489   5.9986489
   5.9986489   5.9986489   5.9936201   5.9936201   5.9936201   5.9936201
   5.9936201   5.9936201   5.9936201   5.9936201   6.0154619   6.0154619
   6.0154619   6.0154619
 SUMMED SPIN DENSITY          -0.00000000
 TOTAL ATOMIC SPINS  :
   0.0000000   0.0000000   0.0000000   0.0000000   0.0000000   0.0000000
   0.0000000   0.0000000  -0.0000000  -0.0000000  -0.0000000  -0.0000000
  -0.0000000  -0.0000000  -0.0000000  -0.0000000   0.0000000   0.0000000
   0.0000000   0.0000000
 TTTTTTTTTTTTTTTTTTTTTTTTTTTTTT MOQGAD      TELAPSE      381.93 TCPU      380.71
 TTTTTTTTTTTTTTTTTTTTTTTTTTTTTT SHELLXN     TELAPSE      404.76 TCPU      403.53
 +++ ENERGIES IN A.U. +++
 ::: EXT EL-POLE                                  -2.7034911580736E+03
 ::: EXT EL-SPHEROPOLE                             2.4758359527444E+01
 ::: BIELET ZONE E-E                               2.8657798367296E+03
 ::: TOTAL E-E                                     1.8704703818348E+02
 ::: TOTAL E-N + N-E                              -1.4169407370819E+03
 ::: TOTAL N-N                                    -2.0330554575868E+02
 ::: KINETIC ENERGY                                7.5947541238583E+02
 ::: PSEUDO TOTAL   ENERGY                        -6.7372383227130E+02
 ::: VIRIAL COEFFICIENT                            1.0598322811250E+00
 TTTTTTTTTTTTTTTTTTTTTTTTTTTTTT MONMO3      TELAPSE      404.80 TCPU      403.57
 NUMERICALLY INTEGRATED DENSITY     59.9999910547     59.9999910547
 EXCHANGE ENERGY: -0.827766636008E+02  CORRELATION ENERGY: -0.500514627953E+01
 TTTTTTTTTTTTTTTTTTTTTTTTTTTTTT NUMDFT      TELAPSE      405.24 TCPU      404.01
 CYC  15 ETOT(AU) -7.615056421517E+02 DETOT -9.63E-11 tst  1.69E-15 PX  2.12E-09

 == SCF ENDED - CONVERGENCE ON ENERGY      E(AU) -7.6150564215167E+02 CYCLES  15


 ENERGY EXPRESSION=HARTREE+FOCK EXCH*0.20000+(BECKE      EXCH)*0.80000+LYP        CORR


 TOTAL ENERGY(DFT)(AU)( 15) -7.6150564215167E+02 DE-9.6E-11 tester 1.7E-15
 TTTTTTTTTTTTTTTTTTTTTTTTTTTTTT EDFT        TELAPSE      405.25 TCPU      404.01
 
 INFORMATION **** DFTD3 ENERGY **** CALCULATE DFTD3 ENERGY

           DFT-D V3(BJ)
 DF                                         b3-lyp    
 parameters
 s6       :    1.0000
 s8       :    1.9889
 a1       :    0.3981
 a2       :    4.4211
 k1 k3    :   16.0000   -4.0000
 Cutoff   :   50.2022
 CN-Cutoff:   21.1671
 ABC-Cutoff:   21.1671
 
 Edisp /kcal,au:  -122.7174 -0.19556267

 E6    /kcal :   -59.2077
 E8    /kcal :   -63.5097
 
 INFORMATION **** DFTD3 ENERGY **** NORMAL TERMINATION OF DFTD3 MODULE

 *******************************************************************************

 DFT-D3 DISPERSION ENERGY CORRECTION

 D3 DISPERSION ENERGY (AU)       -1.9556267030169E-01
 TOTAL ENERGY + DISP (AU)        -7.6170120482198E+02

 *******************************************************************************


 NEIGHBORS OF THE NON-EQUIVALENT ATOMS

 N = NUMBER OF NEIGHBORS AT DISTANCE R
    ATOM  N     R/ANG      R/AU   NEIGHBORS (ATOM LABELS AND CELL INDICES)
   1 C    1     1.3844     2.6162    5 C    0 0 0
   1 C    1     1.4958     2.8266   12 C    0 0 0
   1 C    1     1.5327     2.8965    7 C    0 0 0
   1 C    1     2.4389     4.6089   16 C    0 0 0
   1 C    1     2.4477     4.6254   14 C    0 0 0
   1 C    1     2.4708     4.6691   16 C    0 0-1

   9 C    1     1.3297     2.5129   13 C    0 1 1
   9 C    1     1.4625     2.7636   19 C    0 0 0
   9 C    1     1.4958     2.8266    4 C    0 0 0
   9 C    1     2.3827     4.5026   20 C    0 0 0
   9 C    1     2.4296     4.5912   18 C    0 1 1
   9 C    1     2.4389     4.6089    8 C    0 1 0

  17 C    1     1.3482     2.5477   18 C    0 0 0
  17 C    2     1.4625     2.7636   11 C   -1 0 0   14 C   -1 0 0
  17 C    2     2.3827     4.5026   12 C    0 0 0   13 C    0 0 0
  17 C    2     2.4296     4.5912   10 C    0 0-1   15 C    0-1-1
  17 C    2     2.5056     4.7348    2 C   -1 0 0    7 C   -1 0 0
  17 C    2     2.8875     5.4566    3 C    0 0-1    6 C    0-1-1

 TTTTTTTTTTTTTTTTTTTTTTTTTTTTTT AFTER FIRST TELAPSE      405.39 TCPU      404.14
 MMMMMMMMMMMMMMMMMMMMMMMMMMMMMMMMMMMMMMMMMMMMMMMMMMMMMMMMMMMMMMMMMMMMMMMMMMMMMMM
     ALPHA+BETA ELECTRONS
 MULLIKEN POPULATION ANALYSIS - NO. OF ELECTRONS  120.000000

  ATOM    Z CHARGE  A.O. POPULATION

   1 C    6  5.999  0.854  1.121  0.765  0.438  0.450  0.393  0.470  0.018
                   -0.069  0.006  0.422  0.653  0.441  0.010  0.011  0.004
                    0.006  0.005
   2 C    6  5.999  0.854  1.121  0.765  0.438  0.450  0.393  0.470  0.018
                   -0.069  0.006  0.422  0.653  0.441  0.010  0.011  0.004
                    0.006  0.005
   3 C    6  5.999  0.854  1.121  0.765  0.438  0.450  0.393  0.470  0.018
                   -0.069  0.006  0.422  0.653  0.441  0.010  0.011  0.004
                    0.006  0.005
   4 C    6  5.999  0.854  1.121  0.765  0.438  0.450  0.393  0.470  0.018
                   -0.069  0.006  0.422  0.653  0.441  0.010  0.011  0.004
                    0.006  0.005
   5 C    6  5.999  0.854  1.121  0.765  0.438  0.450  0.393  0.470  0.018
                   -0.069  0.006  0.422  0.653  0.441  0.010  0.011  0.004
                    0.006  0.005
   6 C    6  5.999  0.854  1.121  0.765  0.438  0.450  0.393  0.470  0.018
                   -0.069  0.006  0.422  0.653  0.441  0.010  0.011  0.004
                    0.006  0.005
   7 C    6  5.999  0.854  1.121  0.765  0.438  0.450  0.393  0.470  0.018
                   -0.069  0.006  0.422  0.653  0.441  0.010  0.011  0.004
                    0.006  0.005
   8 C    6  5.999  0.854  1.121  0.765  0.438  0.450  0.393  0.470  0.018
                   -0.069  0.006  0.422  0.653  0.441  0.010  0.011  0.004
                    0.006  0.005
   9 C    6  5.994  0.854  1.120  0.768  0.395  0.421  0.475  0.476 -0.030
                   -0.003 -0.003  0.571  0.453  0.455  0.012  0.006  0.012
                    0.006  0.007
  10 C    6  5.994  0.854  1.120  0.768  0.395  0.421  0.475  0.476 -0.030
                   -0.003 -0.003  0.571  0.453  0.455  0.012  0.006  0.012
                    0.006  0.007
  11 C    6  5.994  0.854  1.120  0.768  0.395  0.421  0.475  0.476 -0.030
                   -0.003 -0.003  0.571  0.453  0.455  0.012  0.006  0.012
                    0.006  0.007
  12 C    6  5.994  0.854  1.120  0.768  0.395  0.421  0.475  0.476 -0.030
                   -0.003 -0.003  0.571  0.453  0.455  0.012  0.006  0.012
                    0.006  0.007
  13 C    6  5.994  0.854  1.120  0.768  0.395  0.421  0.475  0.476 -0.030
                   -0.003 -0.003  0.571  0.453  0.455  0.012  0.006  0.012
                    0.006  0.007
  14 C    6  5.994  0.854  1.120  0.768  0.395  0.421  0.475  0.476 -0.030
                   -0.003 -0.003  0.571  0.453  0.455  0.012  0.006  0.012
                    0.006  0.007
  15 C    6  5.994  0.854  1.120  0.768  0.395  0.421  0.475  0.476 -0.030
                   -0.003 -0.003  0.571  0.453  0.455  0.012  0.006  0.012
                    0.006  0.007
  16 C    6  5.994  0.854  1.120  0.768  0.395  0.421  0.475  0.476 -0.030
                   -0.003 -0.003  0.571  0.453  0.455  0.012  0.006  0.012
                    0.006  0.007
  17 C    6  6.015  0.854  1.121  0.771  0.404  0.498  0.475  0.393 -0.005
                    0.019 -0.067  0.436  0.416  0.660  0.003  0.006  0.004
                    0.014  0.013
  18 C    6  6.015  0.854  1.121  0.771  0.404  0.498  0.475  0.393 -0.005
                    0.019 -0.067  0.436  0.416  0.660  0.003  0.006  0.004
                    0.014  0.013
  19 C    6  6.015  0.854  1.121  0.771  0.404  0.498  0.475  0.393 -0.005
                    0.019 -0.067  0.436  0.416  0.660  0.003  0.006  0.004
                    0.014  0.013
  20 C    6  6.015  0.854  1.121  0.771  0.404  0.498  0.475  0.393 -0.005
                    0.019 -0.067  0.436  0.416  0.660  0.003  0.006  0.004
                    0.014  0.013

  ATOM    Z CHARGE  SHELL POPULATION

   1 C    6  5.999  0.854  1.121  0.765  0.438  1.313 -0.044  1.515  0.036
   2 C    6  5.999  0.854  1.121  0.765  0.438  1.313 -0.044  1.515  0.036
   3 C    6  5.999  0.854  1.121  0.765  0.438  1.313 -0.044  1.515  0.036
   4 C    6  5.999  0.854  1.121  0.765  0.438  1.313 -0.044  1.515  0.036
   5 C    6  5.999  0.854  1.121  0.765  0.438  1.313 -0.044  1.515  0.036
   6 C    6  5.999  0.854  1.121  0.765  0.438  1.313 -0.044  1.515  0.036
   7 C    6  5.999  0.854  1.121  0.765  0.438  1.313 -0.044  1.515  0.036
   8 C    6  5.999  0.854  1.121  0.765  0.438  1.313 -0.044  1.515  0.036
   9 C    6  5.994  0.854  1.120  0.768  0.395  1.372 -0.037  1.479  0.042
  10 C    6  5.994  0.854  1.120  0.768  0.395  1.372 -0.037  1.479  0.042
  11 C    6  5.994  0.854  1.120  0.768  0.395  1.372 -0.037  1.479  0.042
  12 C    6  5.994  0.854  1.120  0.768  0.395  1.372 -0.037  1.479  0.042
  13 C    6  5.994  0.854  1.120  0.768  0.395  1.372 -0.037  1.479  0.042
  14 C    6  5.994  0.854  1.120  0.768  0.395  1.372 -0.037  1.479  0.042
  15 C    6  5.994  0.854  1.120  0.768  0.395  1.372 -0.037  1.479  0.042
  16 C    6  5.994  0.854  1.120  0.768  0.395  1.372 -0.037  1.479  0.042
  17 C    6  6.015  0.854  1.121  0.771  0.404  1.366 -0.053  1.512  0.041
  18 C    6  6.015  0.854  1.121  0.771  0.404  1.366 -0.053  1.512  0.041
  19 C    6  6.015  0.854  1.121  0.771  0.404  1.366 -0.053  1.512  0.041
  20 C    6  6.015  0.854  1.121  0.771  0.404  1.366 -0.053  1.512  0.041

 OVERLAP POPULATION CONDENSED TO ATOMS FOR FIRST   6 NEIGHBORS

 ATOM A   1 C    ATOM B     CELL      R(AB)/AU R(AB)/ANG    OVPOP(AB)
                  5 C    (  0  0  0)     2.616     1.384     0.492
                 12 C    (  0  0  0)     2.827     1.496     0.316
                  7 C    (  0  0  0)     2.896     1.533     0.395
                 16 C    (  0  0  0)     4.609     2.439    -0.029
                 14 C    (  0  0  0)     4.625     2.448    -0.045
                 16 C    (  0  0 -1)     4.669     2.471    -0.028

 ATOM A   9 C    ATOM B     CELL      R(AB)/AU R(AB)/ANG    OVPOP(AB)
                 13 C    (  0  1  1)     2.513     1.330     0.562
                 19 C    (  0  0  0)     2.764     1.462     0.342
                  4 C    (  0  0  0)     2.827     1.496     0.316
                 20 C    (  0  0  0)     4.503     2.383    -0.041
                 18 C    (  0  1  1)     4.591     2.430    -0.026
                  8 C    (  0  1  0)     4.609     2.439    -0.029

 ATOM A  17 C    ATOM B     CELL      R(AB)/AU R(AB)/ANG    OVPOP(AB)
                 18 C    (  0  0  0)     2.548     1.348     0.525
                 11 C    ( -1  0  0)     2.764     1.462     0.342
                 12 C    (  0  0  0)     4.503     2.383    -0.041
                 10 C    (  0  0 -1)     4.591     2.430    -0.026
                  2 C    ( -1  0  0)     4.735     2.506    -0.005
                  3 C    (  0  0 -1)     5.457     2.888     0.016
 TTTTTTTTTTTTTTTTTTTTTTTTTTTTTT AFTER FIRST TELAPSE      406.30 TCPU      404.38
 MMMMMMMMMMMMMMMMMMMMMMMMMMMMMMMMMMMMMMMMMMMMMMMMMMMMMMMMMMMMMMMMMMMMMMMMMMMMMMM
     ALPHA-BETA ELECTRONS
 MULLIKEN POPULATION ANALYSIS - NO. OF ELECTRONS   -0.000000

  ATOM    Z CHARGE  A.O. POPULATION

   1 C    6  0.000  0.000  0.000 -0.000 -0.000  0.000  0.000  0.000 -0.000
                   -0.000 -0.000 -0.000  0.000  0.000 -0.000  0.000  0.000
                    0.000  0.000
   2 C    6  0.000  0.000  0.000 -0.000 -0.000  0.000  0.000  0.000 -0.000
                   -0.000 -0.000 -0.000  0.000  0.000 -0.000  0.000  0.000
                    0.000  0.000
   3 C    6  0.000  0.000  0.000 -0.000 -0.000  0.000  0.000  0.000 -0.000
                   -0.000 -0.000 -0.000  0.000  0.000 -0.000  0.000  0.000
                    0.000  0.000
   4 C    6  0.000  0.000  0.000 -0.000 -0.000  0.000  0.000  0.000 -0.000
                   -0.000 -0.000 -0.000  0.000  0.000 -0.000  0.000  0.000
                    0.000  0.000
   5 C    6  0.000  0.000  0.000 -0.000 -0.000  0.000  0.000  0.000 -0.000
                   -0.000 -0.000 -0.000  0.000  0.000 -0.000  0.000  0.000
                    0.000  0.000
   6 C    6  0.000  0.000  0.000 -0.000 -0.000  0.000  0.000  0.000 -0.000
                   -0.000 -0.000 -0.000  0.000  0.000 -0.000  0.000  0.000
                    0.000  0.000
   7 C    6  0.000  0.000  0.000 -0.000 -0.000  0.000  0.000  0.000 -0.000
                   -0.000 -0.000 -0.000  0.000  0.000 -0.000  0.000  0.000
                    0.000  0.000
   8 C    6  0.000  0.000  0.000 -0.000 -0.000  0.000  0.000  0.000 -0.000
                   -0.000 -0.000 -0.000  0.000  0.000 -0.000  0.000  0.000
                    0.000  0.000
   9 C    6 -0.000  0.000  0.000 -0.000  0.000 -0.000  0.000 -0.000 -0.000
                    0.000  0.000 -0.000 -0.000 -0.000 -0.000 -0.000 -0.000
                    0.000 -0.000
  10 C    6 -0.000  0.000  0.000 -0.000  0.000 -0.000  0.000 -0.000 -0.000
                    0.000  0.000 -0.000 -0.000 -0.000 -0.000 -0.000 -0.000
                    0.000 -0.000
  11 C    6 -0.000  0.000  0.000 -0.000  0.000 -0.000  0.000 -0.000 -0.000
                    0.000  0.000 -0.000 -0.000 -0.000 -0.000 -0.000 -0.000
                    0.000 -0.000
  12 C    6 -0.000  0.000  0.000 -0.000  0.000 -0.000  0.000 -0.000 -0.000
                    0.000  0.000 -0.000 -0.000 -0.000 -0.000 -0.000 -0.000
                    0.000 -0.000
  13 C    6 -0.000  0.000  0.000 -0.000  0.000 -0.000  0.000 -0.000 -0.000
                    0.000  0.000 -0.000 -0.000 -0.000 -0.000 -0.000 -0.000
                    0.000 -0.000
  14 C    6 -0.000  0.000  0.000 -0.000  0.000 -0.000  0.000 -0.000 -0.000
                    0.000  0.000 -0.000 -0.000 -0.000 -0.000 -0.000 -0.000
                    0.000 -0.000
  15 C    6 -0.000  0.000  0.000 -0.000  0.000 -0.000  0.000 -0.000 -0.000
                    0.000  0.000 -0.000 -0.000 -0.000 -0.000 -0.000 -0.000
                    0.000 -0.000
  16 C    6 -0.000  0.000  0.000 -0.000  0.000 -0.000  0.000 -0.000 -0.000
                    0.000  0.000 -0.000 -0.000 -0.000 -0.000 -0.000 -0.000
                    0.000 -0.000
  17 C    6  0.000  0.000  0.000 -0.000  0.000 -0.000 -0.000  0.000 -0.000
                    0.000 -0.000 -0.000 -0.000  0.000 -0.000  0.000  0.000
                   -0.000 -0.000
  18 C    6  0.000  0.000  0.000 -0.000  0.000 -0.000 -0.000  0.000 -0.000
                    0.000 -0.000 -0.000 -0.000  0.000 -0.000  0.000  0.000
                   -0.000 -0.000
  19 C    6  0.000  0.000  0.000 -0.000  0.000 -0.000 -0.000  0.000 -0.000
                    0.000 -0.000 -0.000 -0.000  0.000 -0.000  0.000  0.000
                   -0.000 -0.000
  20 C    6  0.000  0.000  0.000 -0.000  0.000 -0.000 -0.000  0.000 -0.000
                    0.000 -0.000 -0.000 -0.000  0.000 -0.000  0.000  0.000
                   -0.000 -0.000

  ATOM    Z CHARGE  SHELL POPULATION

   1 C    6  0.000  0.000  0.000 -0.000 -0.000  0.000 -0.000  0.000  0.000
   2 C    6  0.000  0.000  0.000 -0.000 -0.000  0.000 -0.000  0.000  0.000
   3 C    6  0.000  0.000  0.000 -0.000 -0.000  0.000 -0.000  0.000  0.000
   4 C    6  0.000  0.000  0.000 -0.000 -0.000  0.000 -0.000  0.000  0.000
   5 C    6  0.000  0.000  0.000 -0.000 -0.000  0.000 -0.000  0.000  0.000
   6 C    6  0.000  0.000  0.000 -0.000 -0.000  0.000 -0.000  0.000  0.000
   7 C    6  0.000  0.000  0.000 -0.000 -0.000  0.000 -0.000  0.000  0.000
   8 C    6  0.000  0.000  0.000 -0.000 -0.000  0.000 -0.000  0.000  0.000
   9 C    6 -0.000  0.000  0.000 -0.000  0.000  0.000  0.000 -0.000 -0.000
  10 C    6 -0.000  0.000  0.000 -0.000  0.000  0.000  0.000 -0.000 -0.000
  11 C    6 -0.000  0.000  0.000 -0.000  0.000  0.000  0.000 -0.000 -0.000
  12 C    6 -0.000  0.000  0.000 -0.000  0.000  0.000  0.000 -0.000 -0.000
  13 C    6 -0.000  0.000  0.000 -0.000  0.000  0.000  0.000 -0.000 -0.000
  14 C    6 -0.000  0.000  0.000 -0.000  0.000  0.000  0.000 -0.000 -0.000
  15 C    6 -0.000  0.000  0.000 -0.000  0.000  0.000  0.000 -0.000 -0.000
  16 C    6 -0.000  0.000  0.000 -0.000  0.000  0.000  0.000 -0.000 -0.000
  17 C    6  0.000  0.000  0.000 -0.000  0.000 -0.000  0.000 -0.000 -0.000
  18 C    6  0.000  0.000  0.000 -0.000  0.000 -0.000  0.000 -0.000 -0.000
  19 C    6  0.000  0.000  0.000 -0.000  0.000 -0.000  0.000 -0.000 -0.000
  20 C    6  0.000  0.000  0.000 -0.000  0.000 -0.000  0.000 -0.000 -0.000

 OVERLAP POPULATION CONDENSED TO ATOMS FOR FIRST   6 NEIGHBORS

 ATOM A   1 C    ATOM B     CELL      R(AB)/AU R(AB)/ANG    OVPOP(AB)
                  5 C    (  0  0  0)     2.616     1.384     0.000
                 12 C    (  0  0  0)     2.827     1.496    -0.000
                  7 C    (  0  0  0)     2.896     1.533    -0.000
                 16 C    (  0  0  0)     4.609     2.439     0.000
                 14 C    (  0  0  0)     4.625     2.448    -0.000
                 16 C    (  0  0 -1)     4.669     2.471     0.000

 ATOM A   9 C    ATOM B     CELL      R(AB)/AU R(AB)/ANG    OVPOP(AB)
                 13 C    (  0  1  1)     2.513     1.330    -0.000
                 19 C    (  0  0  0)     2.764     1.462     0.000
                  4 C    (  0  0  0)     2.827     1.496    -0.000
                 20 C    (  0  0  0)     4.503     2.383    -0.000
                 18 C    (  0  1  1)     4.591     2.430    -0.000
                  8 C    (  0  1  0)     4.609     2.439     0.000

 ATOM A  17 C    ATOM B     CELL      R(AB)/AU R(AB)/ANG    OVPOP(AB)
                 18 C    (  0  0  0)     2.548     1.348    -0.000
                 11 C    ( -1  0  0)     2.764     1.462     0.000
                 12 C    (  0  0  0)     4.503     2.383    -0.000
                 10 C    (  0  0 -1)     4.591     2.430    -0.000
                  2 C    ( -1  0  0)     4.735     2.506    -0.000
                  3 C    (  0  0 -1)     5.457     2.888    -0.000
 EIGENVECTORS IN FORTRAN UNIT 10
 TTTTTTTTTTTTTTTTTTTTTTTTTTTTTT END         TELAPSE      406.73 TCPU      404.74
 EEEEEEEEEE TERMINATION  DATE 30 01 2026 TIME 20:37:59.5
NODE    0 CPU TIME =       404.739
NODE    1 CPU TIME =       404.730
NODE    2 CPU TIME =       404.738
NODE    3 CPU TIME =       405.599
NODE    4 CPU TIME =       404.749
NODE    5 CPU TIME =       404.672
NODE    6 CPU TIME =       404.696
NODE    7 CPU TIME =       404.714
NODE    8 CPU TIME =       404.736
NODE    9 CPU TIME =       405.335
NODE   10 CPU TIME =       405.006
NODE   11 CPU TIME =       404.989
NODE   12 CPU TIME =       404.814
NODE   13 CPU TIME =       404.534
NODE   14 CPU TIME =       404.720
NODE   15 CPU TIME =       404.734
NODE   16 CPU TIME =       404.740
NODE   17 CPU TIME =       404.689
NODE   18 CPU TIME =       404.826
NODE   19 CPU TIME =       404.465
NODE   20 CPU TIME =       405.540
NODE   21 CPU TIME =       404.890
NODE   22 CPU TIME =       404.702
NODE   23 CPU TIME =       405.609
NODE   24 CPU TIME =       404.714
NODE   25 CPU TIME =       404.594
NODE   26 CPU TIME =       404.357
NODE   27 CPU TIME =       404.703
NODE   28 CPU TIME =       404.602
NODE   29 CPU TIME =       405.589
NODE   30 CPU TIME =       404.875
NODE   31 CPU TIME =       404.574
    TOTAL CPU TIME =     12954.973
