MPI startup(): Warning: I_MPI_PMI_LIBRARY will be ignored since the hydra process manager was found
MPI startup(): Warning: I_MPI_PMI_LIBRARY will be ignored since the hydra process manager was found
MPI startup(): Warning: I_MPI_PMI_LIBRARY will be ignored since the hydra process manager was found
MPI startup(): Warning: I_MPI_PMI_LIBRARY will be ignored since the hydra process manager was found
MPI startup(): Warning: I_MPI_PMI_LIBRARY will be ignored since the hydra process manager was found
MPI startup(): Warning: I_MPI_PMI_LIBRARY will be ignored since the hydra process manager was found
MPI startup(): Warning: I_MPI_PMI_LIBRARY will be ignored since the hydra process manager was found
MPI startup(): Warning: I_MPI_PMI_LIBRARY will be ignored since the hydra process manager was found
MPI startup(): Warning: I_MPI_PMI_LIBRARY will be ignored since the hydra process manager was found
MPI startup(): Warning: I_MPI_PMI_LIBRARY will be ignored since the hydra process manager was found
MPI startup(): Warning: I_MPI_PMI_LIBRARY will be ignored since the hydra process manager was found
MPI startup(): Warning: I_MPI_PMI_LIBRARY will be ignored since the hydra process manager was found
MPI startup(): Warning: I_MPI_PMI_LIBRARY will be ignored since the hydra process manager was found
MPI startup(): Warning: I_MPI_PMI_LIBRARY will be ignored since the hydra process manager was found
MPI startup(): Warning: I_MPI_PMI_LIBRARY will be ignored since the hydra process manager was found
MPI startup(): Warning: I_MPI_PMI_LIBRARY will be ignored since the hydra process manager was found
MPI startup(): Warning: I_MPI_PMI_LIBRARY will be ignored since the hydra process manager was found
MPI startup(): Warning: I_MPI_PMI_LIBRARY will be ignored since the hydra process manager was found
MPI startup(): Warning: I_MPI_PMI_LIBRARY will be ignored since the hydra process manager was found
MPI startup(): Warning: I_MPI_PMI_LIBRARY will be ignored since the hydra process manager was found
MPI startup(): Warning: I_MPI_PMI_LIBRARY will be ignored since the hydra process manager was found
MPI startup(): Warning: I_MPI_PMI_LIBRARY will be ignored since the hydra process manager was found
MPI startup(): Warning: I_MPI_PMI_LIBRARY will be ignored since the hydra process manager was found
MPI startup(): Warning: I_MPI_PMI_LIBRARY will be ignored since the hydra process manager was found
MPI startup(): Warning: I_MPI_PMI_LIBRARY will be ignored since the hydra process manager was found
MPI startup(): Warning: I_MPI_PMI_LIBRARY will be ignored since the hydra process manager was found
MPI startup(): Warning: I_MPI_PMI_LIBRARY will be ignored since the hydra process manager was found
MPI startup(): Warning: I_MPI_PMI_LIBRARY will be ignored since the hydra process manager was found
MPI startup(): Warning: I_MPI_PMI_LIBRARY will be ignored since the hydra process manager was found
MPI startup(): Warning: I_MPI_PMI_LIBRARY will be ignored since the hydra process manager was found
MPI startup(): Warning: I_MPI_PMI_LIBRARY will be ignored since the hydra process manager was found
MPI startup(): Warning: I_MPI_PMI_LIBRARY will be ignored since the hydra process manager was found
 PROCESS            1  OF           32  WORKING
 PROCESS            2  OF           32  WORKING
 PROCESS            3  OF           32  WORKING
 PROCESS            4  OF           32  WORKING
 PROCESS            5  OF           32  WORKING
 PROCESS            7  OF           32  WORKING
 PROCESS           14  OF           32  WORKING
 PROCESS            0  OF           32  WORKING
 PROCESS           15  OF           32  WORKING
 PROCESS           10  OF           32  WORKING
 PROCESS           19  OF           32  WORKING
 PROCESS           29  OF           32  WORKING
 PROCESS           21  OF           32  WORKING
 PROCESS           25  OF           32  WORKING
 PROCESS           12  OF           32  WORKING
 PROCESS           22  OF           32  WORKING

         
 *******************************************************************************
 *                                                                             *
 *                               CRYSTAL23                                     *
 *                      public : 1.0.1 - October 2022                          *
 *                       HTTP://WWW.CRYSTAL.UNITO.IT                           *
 *                                                                             *
 *                              MAIN AUTHORS                                   *
 *                                                                             *
 *  R. DOVESI(1,11), V.R. SAUNDERS(2), C. ROETTI(1,11), R. ORLANDO(1,11),      *
 *  C.M. ZICOVICH-WILSON(1,3), F. PASCALE(4), B. CIVALLERI(1,11),              *
 *  K. DOLL(5), N.M. HARRISON(6), I.J. BUSH(7), Ph. D'ARCO(8),                 *
 *  M. LLUNELL(9), M. CAUSA'(10), Y. NOEL(8), L. MASCHIO(1,11), A. ERBA(1,11)  *
 *  M. RE'RAT(14), S. CASASSA(1,11), B.G. SEARLE(2), J.K. DESMARAIS(1)         *
 *                                                                             *
 *        CONTRIBUTIONS TO THE CODE HAVE ALSO BEEN GIVEN BY                    *
 *                                                                             *
 *  M. FERRABONE(1,11), M. DE LA PIERRE(1,11), M. FERRERO(1,11),               *
 *  J. BAIMA(1,11), E. ALBANESE(1,11), M.F. PEINTINGER(12), R. BAST(13),       *
 *  B. KIRTMAN(15), V. LACIVITA(1,11), R. DEMICHELIS(1,16)                     *
 *  G. BRANDEBURG(17), S. SALUSTRO(1,11), G. SANSONE(1,11)                     *
 *  M.T. RUGGIERO(18), L.E. DAGA(1), L. DONA'(1), A. COSSARD(1)                *
 *                                                                             *
 * (1) THEORETICAL CHEMISTRY GROUP - UNIVERSITA' DI TORINO - TORINO (ITALY)    *
 * (2) SCIENTIFIC COMPUTING DEPARTMENT - STFC DARESBURY (UK)                   *
 * (3) UNIVERSIDAD AUTONOMA DEL ESTADO DE MORELOS - CUERNAVACA (MEXICO)        *
 * (4) UNIVERSITE' DE LORRAINE - NANCY (FRANCE)                                *
 * (5) UNIVERSITAET STUTTGART- STUTTGART (GERMANY)                             *
 * (6) IMPERIAL COLLEGE - LONDON (UK)                                          *
 * (7) SCIENTIFIC COMPUTING DEPARTMENT - STFC RAL (UK)                         *
 * (8) UPMC - SORBONNE UNIVERSITES - PARIS (FRANCE)                            *
 * (9) UNIVERSIDAD DE BARCELONA - BARCELONA (SPAIN)                            *
 *(10) UNIVERSITA' DI NAPOLI "FEDERICO II" - NAPOLI (ITALY)                    *
 *(11) NIS - NANOSTRUCTURED INTERFACES AND SURFACES - TORINO (ITALY)           *
 *(12) MPI FUER CHEMISCHE ENERGIEKONVERSION - MUELHEIM AN DER RUHR (GERMANY)   *
 *(13) UNIVERSITY OF TROMSO - TROMSO (NORWAY)                                  *
 *(14) UNIVERSITE' DE PAU ET DES PAYS DE L'ADOUR - PAU (FRANCE)                *
 *(15) UNIVERSITY OF CALIFORNIA SANTA BARBARA - SANTA BARBARA (USA)            *
 *(16) CURTIN UNIVERSITY - PERTH (AUSTRALIA)                                   *
 *(17) UNIVERSITY COLLEGE LONDON - LONDON (UK)                                 *
 *(18) UNIVERSITY OF VERMONT - BURLINGTON (USA)                                *
 *                                                                             *
 *******************************************************************************
 EEEEEEEEEE STARTING  DATE 30 01 2026 TIME 19:48:00.2
 ./3^3T30-CA_rev1_sp_B3LYP-D3-D3_optimized                                       
 PROCESS           23  OF           32  WORKING
 PROCESS            6  OF           32  WORKING
 PROCESS            8  OF           32  WORKING
 PROCESS           11  OF           32  WORKING
 PROCESS           13  OF           32  WORKING
 PROCESS           16  OF           32  WORKING
 PROCESS           17  OF           32  WORKING
 PROCESS           18  OF           32  WORKING
 PROCESS           20  OF           32  WORKING
 PROCESS           24  OF           32  WORKING
 PROCESS           26  OF           32  WORKING
 PROCESS           27  OF           32  WORKING
 PROCESS           28  OF           32  WORKING
 PROCESS           30  OF           32  WORKING
 PROCESS           31  OF           32  WORKING
 PROCESS            9  OF           32  WORKING

 CRYSTAL CALCULATION
 (INPUT ACCORDING TO THE INTERNATIONAL TABLES FOR X-RAY CRYSTALLOGRAPHY)
 CRYSTAL FAMILY                       :  TETRAGONAL  
 CRYSTAL CLASS  (GROTH - 1921)        :  TETRAGONAL SCALENOHEDRAL             

 SPACE GROUP (NONCENTROSYMMETRIC)     :  P -4 2 C        

 LATTICE PARAMETERS  (ANGSTROMS AND DEGREES) - CONVENTIONAL CELL
        A           B           C        ALPHA        BETA       GAMMA
     6.09897     6.09897     4.42218    90.00000    90.00000    90.00000


 NUMBER OF IRREDUCIBLE ATOMS IN THE CONVENTIONAL CELL:    3

 INPUT COORDINATES

 ATOM AT. N.              COORDINATES
   1   6     3.808955266180E-01 -2.443154088443E-01  2.988339530236E-01
   2   6     2.131328527195E-01 -3.109883744881E-01  1.225427562026E-01
   3   6    -1.984044346935E-21  3.889047707370E-01  2.500000000000E-01

 *******************************************************************************

 << INFORMATION >>: FROM NOW ON, ALL COORDINATES REFER TO THE PRIMITIVE CELL

 *******************************************************************************

 LATTICE PARAMETERS  (ANGSTROMS AND DEGREES) - PRIMITIVE CELL
       A          B          C        ALPHA      BETA     GAMMA        VOLUME
    6.09897    6.09897    4.42218    90.00000  90.00000  90.00000    164.493733

 COORDINATES OF THE EQUIVALENT ATOMS (FRACTIONAL UNITS)

 N. ATOM EQUIV AT. N.          X                  Y                  Z

   1   1   1    6 C     3.80895526618E-01 -2.44315408844E-01  2.98833953024E-01
   2   1   2    6 C    -3.80895526618E-01  2.44315408844E-01  2.98833953024E-01
   3   1   3    6 C     3.80895526618E-01  2.44315408844E-01  2.01166046976E-01
   4   1   4    6 C    -3.80895526618E-01 -2.44315408844E-01  2.01166046976E-01
   5   1   5    6 C    -2.44315408844E-01  3.80895526618E-01 -2.01166046976E-01
   6   1   6    6 C     2.44315408844E-01 -3.80895526618E-01 -2.01166046976E-01
   7   1   7    6 C     2.44315408844E-01  3.80895526618E-01 -2.98833953024E-01
   8   1   8    6 C    -2.44315408844E-01 -3.80895526618E-01 -2.98833953024E-01

   9   2   1    6 C     2.13132852719E-01 -3.10988374488E-01  1.22542756203E-01
  10   2   2    6 C    -2.13132852719E-01  3.10988374488E-01  1.22542756203E-01
  11   2   3    6 C     2.13132852719E-01  3.10988374488E-01  3.77457243797E-01
  12   2   4    6 C    -2.13132852719E-01 -3.10988374488E-01  3.77457243797E-01
  13   2   5    6 C    -3.10988374488E-01  2.13132852719E-01 -3.77457243797E-01
  14   2   6    6 C     3.10988374488E-01 -2.13132852719E-01 -3.77457243797E-01
  15   2   7    6 C     3.10988374488E-01  2.13132852719E-01 -1.22542756203E-01
  16   2   8    6 C    -3.10988374488E-01 -2.13132852719E-01 -1.22542756203E-01

  17   3   1    6 C    -1.98404434694E-21  3.88904770737E-01  2.50000000000E-01
  18   3   2    6 C     1.98404434694E-21 -3.88904770737E-01  2.50000000000E-01
  19   3   3    6 C     3.88904770737E-01 -1.98404434694E-21 -2.50000000000E-01
  20   3   4    6 C    -3.88904770737E-01  1.98404434694E-21 -2.50000000000E-01

 NUMBER OF SYMMETRY OPERATORS         :    8
 *******************************************************************************
 * GEOMETRY EDITING - INPUT COORDINATES ARE GIVEN IN ANGSTROM         
 *******************************************************************************

 GEOMETRY NOW FULLY CONSISTENT WITH THE GROUP

 GCALCO - MAX INDICES DIRECT LATTICE VECTOR    13    13    18
 NO.OF VECTORS CREATED 6999 STARS  527 RMAX   122.91243 BOHR

 GEOMETRY FOR WAVE FUNCTION - DIMENSIONALITY OF THE SYSTEM    3
 (NON PERIODIC DIRECTION: LATTICE PARAMETER FORMALLY SET TO 500)
 *******************************************************************************
 LATTICE PARAMETERS (ANGSTROMS AND DEGREES) - BOHR = 0.5291772083 ANGSTROM
 PRIMITIVE CELL - CENTRING CODE 1/0 VOLUME=   164.493733 - DENSITY  2.423 g/cm^3
         A              B              C           ALPHA      BETA       GAMMA 
     6.09896982     6.09896982     4.42217972    90.000000  90.000000  90.000000
 *******************************************************************************
 ATOMS IN THE ASYMMETRIC UNIT    3 - ATOMS IN THE UNIT CELL:   20
     ATOM                 X/A                 Y/B                 Z/C    
 *******************************************************************************
      1 T   6 C     3.808955266180E-01 -2.443154088443E-01  2.988339530236E-01
      2 F   6 C    -3.808955266180E-01  2.443154088443E-01  2.988339530236E-01
      3 F   6 C     3.808955266180E-01  2.443154088443E-01  2.011660469764E-01
      4 F   6 C    -3.808955266180E-01 -2.443154088443E-01  2.011660469764E-01
      5 F   6 C    -2.443154088443E-01  3.808955266180E-01 -2.011660469764E-01
      6 F   6 C     2.443154088443E-01 -3.808955266180E-01 -2.011660469764E-01
      7 F   6 C     2.443154088443E-01  3.808955266180E-01 -2.988339530236E-01
      8 F   6 C    -2.443154088443E-01 -3.808955266180E-01 -2.988339530236E-01
      9 T   6 C     2.131328527195E-01 -3.109883744881E-01  1.225427562026E-01
     10 F   6 C    -2.131328527195E-01  3.109883744881E-01  1.225427562026E-01
     11 F   6 C     2.131328527195E-01  3.109883744881E-01  3.774572437974E-01
     12 F   6 C    -2.131328527195E-01 -3.109883744881E-01  3.774572437974E-01
     13 F   6 C    -3.109883744881E-01  2.131328527195E-01 -3.774572437974E-01
     14 F   6 C     3.109883744881E-01 -2.131328527195E-01 -3.774572437974E-01
     15 F   6 C     3.109883744881E-01  2.131328527195E-01 -1.225427562026E-01
     16 F   6 C    -3.109883744881E-01 -2.131328527195E-01 -1.225427562026E-01
     17 T   6 C     9.039379925730E-38  3.889047707370E-01  2.500000000000E-01
     18 F   6 C    -9.039379925730E-38 -3.889047707370E-01  2.500000000000E-01
     19 F   6 C     3.889047707370E-01  9.039379925730E-38 -2.500000000000E-01
     20 F   6 C    -3.889047707370E-01 -9.039379925730E-38 -2.500000000000E-01

 T = ATOM BELONGING TO THE ASYMMETRIC UNIT

 ****    8 SYMMOPS - TRANSLATORS IN FRACTIONAL UNITS
 **** MATRICES AND TRANSLATORS IN THE CRYSTALLOGRAPHIC REFERENCE FRAME
   V INV                    ROTATION MATRICES                   TRANSLATORS
   1   1  1.00  0.00  0.00  0.00  1.00  0.00  0.00  0.00  1.00  0.00  0.00  0.00
   2   2 -1.00  0.00  0.00  0.00 -1.00  0.00  0.00  0.00  1.00  0.00  0.00  0.00
   3   3  1.00  0.00  0.00  0.00 -1.00  0.00  0.00  0.00 -1.00  0.00  0.00  0.50
   4   4 -1.00  0.00  0.00  0.00  1.00  0.00  0.00  0.00 -1.00  0.00  0.00  0.50
   5   5  0.00  1.00  0.00  1.00  0.00  0.00  0.00  0.00  1.00  0.00  0.00  0.50
   6   6  0.00 -1.00  0.00 -1.00  0.00  0.00  0.00  0.00  1.00  0.00  0.00  0.50
   7   8  0.00 -1.00  0.00  1.00  0.00  0.00  0.00  0.00 -1.00  0.00  0.00  0.00
   8   7  0.00  1.00  0.00 -1.00  0.00  0.00  0.00  0.00 -1.00  0.00  0.00  0.00

 DIRECT LATTICE VECTORS CARTESIAN COMPONENTS (ANGSTROM)
          X                    Y                    Z
   0.609896982000E+01   0.000000000000E+00   0.000000000000E+00
   0.000000000000E+00   0.609896982000E+01   0.000000000000E+00
   0.000000000000E+00   0.000000000000E+00   0.442217972000E+01


 CARTESIAN COORDINATES - PRIMITIVE CELL
 *******************************************************************************
 *      ATOM          X(ANGSTROM)         Y(ANGSTROM)         Z(ANGSTROM)
 *******************************************************************************
    1     6 C     2.323070321416E+00 -1.490072305102E+00  1.321497446708E+00
    2     6 C    -2.323070321416E+00  1.490072305102E+00  1.321497446708E+00
    3     6 C     2.323070321416E+00  1.490072305102E+00  8.895924132916E-01
    4     6 C    -2.323070321416E+00 -1.490072305102E+00  8.895924132916E-01
    5     6 C    -1.490072305102E+00  2.323070321416E+00 -8.895924132916E-01
    6     6 C     1.490072305102E+00 -2.323070321416E+00 -8.895924132916E-01
    7     6 C     1.490072305102E+00  2.323070321416E+00 -1.321497446708E+00
    8     6 C    -1.490072305102E+00 -2.323070321416E+00 -1.321497446708E+00
    9     6 C     1.299890836387E+00 -1.896708710374E+00  5.419060913120E-01
   10     6 C    -1.299890836387E+00  1.896708710374E+00  5.419060913120E-01
   11     6 C     1.299890836387E+00  1.896708710374E+00  1.669183768688E+00
   12     6 C    -1.299890836387E+00 -1.896708710374E+00  1.669183768688E+00
   13     6 C    -1.896708710374E+00  1.299890836387E+00 -1.669183768688E+00
   14     6 C     1.896708710374E+00 -1.299890836387E+00 -1.669183768688E+00
   15     6 C     1.896708710374E+00  1.299890836387E+00 -5.419060913120E-01
   16     6 C    -1.896708710374E+00 -1.299890836387E+00 -5.419060913120E-01
   17     6 C     5.513090535854E-37  2.371918459579E+00  1.105544930000E+00
   18     6 C    -5.513090535854E-37 -2.371918459579E+00  1.105544930000E+00
   19     6 C     2.371918459579E+00  5.513090535854E-37 -1.105544930000E+00
   20     6 C    -2.371918459579E+00 -5.513090535854E-37 -1.105544930000E+00

 *******************************************************************************
 LOCAL ATOMIC FUNCTIONS BASIS SET
 *******************************************************************************
   ATOM   X(AU)   Y(AU)   Z(AU)  N. TYPE  EXPONENT  S COEF   P COEF   D/F/G COEF
 *******************************************************************************
   1 C    4.390  -2.816   2.497
                                  1 S  
                                         1.358E+04 2.225E-04 0.000E+00 0.000E+00
                                         2.035E+03 1.723E-03 0.000E+00 0.000E+00
                                         4.632E+02 8.926E-03 0.000E+00 0.000E+00
                                         1.312E+02 3.573E-02 0.000E+00 0.000E+00
                                         4.285E+01 1.108E-01 0.000E+00 0.000E+00
                                         1.558E+01 2.430E-01 0.000E+00 0.000E+00
                                  2 S  
                                         6.207E+00 4.144E-01 0.000E+00 0.000E+00
                                         2.576E+00 2.374E-01 0.000E+00 0.000E+00
                                  3 S  
                                         4.941E-01 1.000E+00 0.000E+00 0.000E+00
                                  4 S  
                                         1.644E-01 1.000E+00 0.000E+00 0.000E+00
                           5-     7 P  
                                         3.470E+01 0.000E+00 5.333E-03 0.000E+00
                                         7.958E+00 0.000E+00 3.586E-02 0.000E+00
                                         2.378E+00 0.000E+00 1.422E-01 0.000E+00
                                         8.143E-01 0.000E+00 3.427E-01 0.000E+00
                           8-    10 P  
                                         5.662E-01 0.000E+00 1.000E+00 0.000E+00
                          11-    13 P  
                                         2.674E-01 0.000E+00 1.000E+00 0.000E+00
                          14-    18 D  
                                         8.792E-01 0.000E+00 0.000E+00 1.000E+00
   2 C   -4.390   2.816   2.497
   3 C    4.390   2.816   1.681
   4 C   -4.390  -2.816   1.681
   5 C   -2.816   4.390  -1.681
   6 C    2.816  -4.390  -1.681
   7 C    2.816   4.390  -2.497
   8 C   -2.816  -4.390  -2.497
   9 C    2.456  -3.584   1.024
  10 C   -2.456   3.584   1.024
  11 C    2.456   3.584   3.154
  12 C   -2.456  -3.584   3.154
  13 C   -3.584   2.456  -3.154
  14 C    3.584  -2.456  -3.154
  15 C    3.584   2.456  -1.024
  16 C   -3.584  -2.456  -1.024
  17 C    0.000   4.482   2.089
  18 C   -0.000  -4.482   2.089
  19 C    4.482   0.000  -2.089
  20 C   -4.482  -0.000  -2.089
 INFORMATION **** SET_MPP **** PCRYSTAL CALCULATION
 INFORMATION **** READM2 **** NEW DEFAULT: FOCK/KS MATRIX MIXING SET TO 30 %
 INFORMATION **** READM2 **** NEW DEFAULT: FULL DIRECT SCF MODE
 INFORMATION **** READM2 **** NEW DEFAULT: COULOMB BIPOLAR BUFFER SET TO 32 Mb
 INFORMATION **** READM2 **** NEW DEFAULT: EXCHANGE BIPOLAR BUFFER SET TO 32 Mb

 *******************************************************************************
 NEW DEFAULT: DFT INTEGRATION GRID INCREASED TO XLGRID
 NEW DEFAULT: DIIS ACCELERATOR ACTIVE
 USE KEYWORD NODIIS TO TURN IT OFF
 *******************************************************************************

 INFORMATION **** DFTD3_INPUT **** PERFORM LATEST DISPERSION CORRECTION DFT-D3(BJ) WITH AUTOMATIC PARAMETER SETUP
 PLEASE CITE:
 (1) DFT-D3 Reference
  S. Grimme, J. Antony, S. Ehrlich, and H. Krieg, J. Chem. Phys. 132 (2010), 154104
 (2) BJ-Damping Reference
  S. Grimme, S. Ehrlich, and L. Goerigk, J. Comput. Chem. 32 (2011), 1456-1465
 (3) General DFT-D Review
  S. Grimme, A. Hansen, J. G. Brandenburg, and C. Bannwarth,
  Chem. Rev. 116 (2016), 5105-5154

 INFORMATION **** TOLINTEG **** COULOMB AND EXCHANGE SERIES TOLERANCES MODIFIED
 INFORMATION **** TOLDEE **** SCF TOL ON TOTAL ENERGY SET TO           9
 INFORMATION **** READM2 **** FULL DIRECT SCF (MONO AND BIEL INT) SELECTED
 INFORMATION **** MAXCYCLE **** MAX NUMBER OF SCF CYCLES SET TO         800
 INFORMATION **** DIIS **** DIIS FOR SCF ACTIVE
 INFORMATION **** DIIS **** LEVEL SHIFTER DISABLED
 INFORMATION **** PPAN ****  MULLIKEN POPULATION ANALYSIS AT THE END OF SCF
 *******************************************************************************
 N. OF ATOMS PER CELL        20  COULOMB OVERLAP TOL         (T1) 10**   -8
 NUMBER OF SHELLS           160  COULOMB PENETRATION TOL     (T2) 10**   -8
 NUMBER OF AO               360  EXCHANGE OVERLAP TOL        (T3) 10**   -8
 N. OF ELECTRONS PER CELL   120  EXCHANGE PSEUDO OVP (F(G))  (T4) 10**   -9
 CORE ELECTRONS PER CELL     40  EXCHANGE PSEUDO OVP (P(G))  (T5) 10**  -24
 N. OF SYMMETRY OPERATORS     8  POLE ORDER IN MONO ZONE                  4
 *******************************************************************************
 TYPE OF CALCULATION :  UNRESTRICTED OPEN SHELL
 KOHN-SHAM HAMILTONIAN

 (EXCHANGE)[CORRELATION] FUNCTIONAL:(BECKE 88)[LEE-YANG-PARR]

 NON-LOCAL WEIGHTING FACTOR (EXCHANGE) =           0.9000
 NON-LOCAL WEIGHTING FACTOR [CORRELATION] =        0.8100

 HYBRID EXCHANGE - PERCENTAGE OF FOCK EXCHANGE    20.0000

 SPIN POLARIZED DFT SELECTED

 CAPPA:IS1 10;IS2 10;IS3 10; K PTS MONK NET 126; SYMMOPS:K SPACE  16;G SPACE   8

 *******************************************************************************
 MAX NUMBER OF SCF CYCLES     800  CONVERGENCE ON DELTAP        10**-19
 WEIGHT OF F(I) IN F(I+1)      30% CONVERGENCE ON ENERGY        10**- 9
 SHRINK. FACT.(MONKH.)   10 10 10  NUMBER OF K POINTS IN THE IBZ    126
 SHRINKING FACTOR(GILAT NET)   20  NUMBER OF K POINTS(GILAT NET)    726
 *******************************************************************************
 *** K POINTS COORDINATES (OBLIQUE COORDINATES IN UNITS OF IS = 10)
   1-R(  0  0  0)   2-C(  1  0  0)   3-C(  2  0  0)   4-C(  3  0  0)
   5-C(  4  0  0)   6-R(  5  0  0)   7-C(  1  1  0)   8-C(  2  1  0)
   9-C(  3  1  0)  10-C(  4  1  0)  11-C(  5  1  0)  12-C(  2  2  0)
  13-C(  3  2  0)  14-C(  4  2  0)  15-C(  5  2  0)  16-C(  3  3  0)
  17-C(  4  3  0)  18-C(  5  3  0)  19-C(  4  4  0)  20-C(  5  4  0)
  21-R(  5  5  0)  22-C(  0  0  1)  23-C(  1  0  1)  24-C(  2  0  1)
  25-C(  3  0  1)  26-C(  4  0  1)  27-C(  5  0  1)  28-C(  1  1  1)
  29-C(  2  1  1)  30-C(  3  1  1)  31-C(  4  1  1)  32-C(  5  1  1)
  33-C(  2  2  1)  34-C(  3  2  1)  35-C(  4  2  1)  36-C(  5  2  1)
  37-C(  3  3  1)  38-C(  4  3  1)  39-C(  5  3  1)  40-C(  4  4  1)
  41-C(  5  4  1)  42-C(  5  5  1)  43-C(  0  0  2)  44-C(  1  0  2)
  45-C(  2  0  2)  46-C(  3  0  2)  47-C(  4  0  2)  48-C(  5  0  2)
  49-C(  1  1  2)  50-C(  2  1  2)  51-C(  3  1  2)  52-C(  4  1  2)
  53-C(  5  1  2)  54-C(  2  2  2)  55-C(  3  2  2)  56-C(  4  2  2)
  57-C(  5  2  2)  58-C(  3  3  2)  59-C(  4  3  2)  60-C(  5  3  2)
  61-C(  4  4  2)  62-C(  5  4  2)  63-C(  5  5  2)  64-C(  0  0  3)
  65-C(  1  0  3)  66-C(  2  0  3)  67-C(  3  0  3)  68-C(  4  0  3)
  69-C(  5  0  3)  70-C(  1  1  3)  71-C(  2  1  3)  72-C(  3  1  3)
  73-C(  4  1  3)  74-C(  5  1  3)  75-C(  2  2  3)  76-C(  3  2  3)
  77-C(  4  2  3)  78-C(  5  2  3)  79-C(  3  3  3)  80-C(  4  3  3)
  81-C(  5  3  3)  82-C(  4  4  3)  83-C(  5  4  3)  84-C(  5  5  3)
  85-C(  0  0  4)  86-C(  1  0  4)  87-C(  2  0  4)  88-C(  3  0  4)
  89-C(  4  0  4)  90-C(  5  0  4)  91-C(  1  1  4)  92-C(  2  1  4)
  93-C(  3  1  4)  94-C(  4  1  4)  95-C(  5  1  4)  96-C(  2  2  4)
  97-C(  3  2  4)  98-C(  4  2  4)  99-C(  5  2  4) 100-C(  3  3  4)
 101-C(  4  3  4) 102-C(  5  3  4) 103-C(  4  4  4) 104-C(  5  4  4)
 105-C(  5  5  4) 106-R(  0  0  5) 107-C(  1  0  5) 108-C(  2  0  5)
 109-C(  3  0  5) 110-C(  4  0  5) 111-R(  5  0  5) 112-C(  1  1  5)
 113-C(  2  1  5) 114-C(  3  1  5) 115-C(  4  1  5) 116-C(  5  1  5)
 117-C(  2  2  5) 118-C(  3  2  5) 119-C(  4  2  5) 120-C(  5  2  5)
 121-C(  3  3  5) 122-C(  4  3  5) 123-C(  5  3  5) 124-C(  4  4  5)
 125-C(  5  4  5) 126-R(  5  5  5)

 DIRECT LATTICE VECTORS COMPON. (A.U.)     RECIP. LATTICE VECTORS COMPON. (A.U.) 
        X            Y            Z              X            Y            Z
   11.5253827    0.0000000    0.0000000      0.5451607    0.0000000    0.0000000
    0.0000000   11.5253827    0.0000000      0.0000000    0.5451607    0.0000000
    0.0000000    0.0000000    8.3567086      0.0000000    0.0000000    0.7518732

 DISK SPACE FOR EIGENVECTORS (FTN 10)    31881600 REALS

 SYMMETRY ADAPTION OF THE BLOCH FUNCTIONS ENABLED
 TTTTTTTTTTTTTTTTTTTTTTTTTTTTTT gordsh1     TELAPSE        1.58 TCPU        0.40

 MATRIX SIZE: P(G) 1645420, F(G)  188230, P(G) IRR  107843, F(G) IRR   24673
 MAX G-VECTOR INDEX FOR 1- AND 2-ELECTRON INTEGRALS 197

 TTTTTTTTTTTTTTTTTTTTTTTTTTTTTT INPUT       TELAPSE        1.59 TCPU        0.40

 NEIGHBORS OF THE NON-EQUIVALENT ATOMS

 N = NUMBER OF NEIGHBORS AT DISTANCE R
    ATOM  N     R/ANG      R/AU   NEIGHBORS (ATOM LABELS AND CELL INDICES)
   1 C    1     1.3491     2.5494    9 C    0 0 0
   1 C    1     1.5057     2.8454   14 C    0 0 1
   1 C    1     1.5157     2.8642    4 C    1 0 0
   1 C    1     2.4906     4.7066   19 C    0 0 1
   1 C    1     2.4942     4.7133   18 C    0 0 0
   1 C    2     2.5053     4.7344    6 C    0 0 0    6 C    0 0 1

   9 C    1     1.3491     2.5494    1 C    0 0 0
   9 C    1     1.4944     2.8240   18 C    0 0 0
   9 C    1     1.5057     2.8454    6 C    0 0 0
   9 C    1     2.3146     4.3740   17 C    0-1 0
   9 C    2     2.3667     4.4724   14 C    0 0 0   14 C    0 0 1
   9 C    1     2.5332     4.7870    4 C    1 0 0

  17 C    1     1.3551     2.5608   18 C    0 1 0
  17 C    2     1.4944     2.8240   10 C    0 0 0   11 C    0 0 0
  17 C    2     2.3146     4.3740    9 C    0 1 0   12 C    0 1 0
  17 C    2     2.4906     4.7066    5 C    0 0 0    7 C    0 0 1
  17 C    2     2.4942     4.7133    2 C    0 0 0    3 C    0 0 0
  17 C    2     2.7315     5.1617   13 C    0 0 1   15 C    0 0 0


 SYMMETRY ALLOWED INTERNAL DEGREE(S) OF FREEDOM:   7
 TTTTTTTTTTTTTTTTTTTTTTTTTTTTTT SYMM        TELAPSE        1.64 TCPU        0.44
 TTTTTTTTTTTTTTTTTTTTTTTTTTTTTT INT_SCREEN  TELAPSE        1.64 TCPU        0.44

 DFT PARAMETERS

     ATOM       ELECTRONS   NET CHARGE   R(ANGSTROM)
   1   6  C       6.0000      0.0000     0.77000000

 SIZE OF GRID=      74480
 TTTTTTTTTTTTTTTTTTTTTTTTTTTTTT MAKE_GRID2  TELAPSE        1.94 TCPU        0.74
 BECKE WEIGHT FUNCTION
 RADSAFE =     2.00
 TOLERANCES - DENSITY:10**- 6; POTENTIAL:10**- 9; GRID WGT:10**-14

 RADIAL INTEGRATION  - INTERVALS (POINTS,UPPER LIMIT):            1( 75,  4.0*R)

 ANGULAR INTEGRATION - INTERVALS (ACCURACY LEVEL [N. POINTS] UPPER LIMIT):
  1(  4[  86]   0.2)  2(  8[ 194]   0.5)  3( 12[ 350]   0.9)  4( 16[ 974]   3.5)
  5( 12[ 350]9999.0)
 TTTTTTTTTTTTTTTTTTTTTTTTTTTTTT INT_CALC    TELAPSE        1.96 TCPU        0.76
 EEEEEEEEEE INT_CALC TERMINATION  DATE 30 01 2026 TIME 19:48:01.1

 *******************************************************************************
 ./3^3T30-CA_rev1_sp_B3LYP-D3-D3_optimized                                       
 CRYSTAL - SCF - TYPE OF CALCULATION :  UNRESTRICTED OPEN SHELL
 *******************************************************************************

 CAPPA:IS1 10;IS2 10;IS3 10; K PTS MONK NET 126; SYMMOPS:K SPACE  16;G SPACE   8

 TTTTTTTTTTTTTTTTTTTTTTTTTTTTTT SDIK        TELAPSE        2.30 TCPU        1.10

 AAAAAAAAAAAAAAAAAAAAAAAAAAAAAAAAAAAAAAAAAAAAAAAAAAAAAAAAAAAAAAAAAAAAAAAAAAAAAAA
         ATOMIC WAVEFUNCTION(S)


 NUCLEAR CHARGE  6.0  SYMMETRY SPECIES            S    P
 N. ELECTRONS    6.0  NUMBER OF PRIMITIVE GTOS   10    6
                      NUMBER OF CONTRACTED GTOS   4    3
                      NUMBER OF CLOSED SHELLS     2    0
                      OPEN SHELL OCCUPATION       0    2

  ZNUC  SCFIT    TOTAL HF ENERGY   KINETIC ENERGY   VIRIAL THEOREM ACCURACY
   6.0    10    -3.766702350E+01  3.783137943E+01 -1.995655566E+00  1.6E-06

 AAAAAAAAAAAAAAAAAAAAAAAAAAAAAAAAAAAAAAAAAAAAAAAAAAAAAAAAAAAAAAAAAAAAAAAAAAAAAAA

 CHARGE NORMALIZATION FACTOR   1.00000000
 TOTAL ATOMIC CHARGES:
   6.0000000   6.0000000   6.0000000   6.0000000   6.0000000   6.0000000
   6.0000000   6.0000000   6.0000000   6.0000000   6.0000000   6.0000000
   6.0000000   6.0000000   6.0000000   6.0000000   6.0000000   6.0000000
   6.0000000   6.0000000
 SUMMED SPIN DENSITY           0.00000000
 TOTAL ATOMIC SPINS  :
   0.0000000   0.0000000   0.0000000   0.0000000   0.0000000   0.0000000
   0.0000000   0.0000000   0.0000000   0.0000000   0.0000000   0.0000000
   0.0000000   0.0000000   0.0000000   0.0000000   0.0000000   0.0000000
   0.0000000   0.0000000
 TTTTTTTTTTTTTTTTTTTTTTTTTTTTTT MOQGAD      TELAPSE        2.32 TCPU        1.11
 TTTTTTTTTTTTTTTTTTTTTTTTTTTTTT SHELLXN     TELAPSE       23.17 TCPU       21.96
 TTTTTTTTTTTTTTTTTTTTTTTTTTTTTT MONMO3      TELAPSE       23.21 TCPU       22.00
 NUMERICALLY INTEGRATED DENSITY     59.9999141485     59.9999141485
 TTTTTTTTTTTTTTTTTTTTTTTTTTTTTT NUMDFT      TELAPSE       23.67 TCPU       22.46
 CYC   0 ETOT(AU) -7.672168774458E+02 DETOT -7.67E+02 tst  0.00E+00 PX  1.00E+00
 TTTTTTTTTTTTTTTTTTTTTTTTTTTTTT DIIS        TELAPSE       23.74 TCPU       22.53
 TTTTTTTTTTTTTTTTTTTTTTTTTTTTTT FDIK        TELAPSE       27.67 TCPU       26.46

    ALPHA      ELECTRONS
 INSULATING STATE
 TOP OF VALENCE BANDS -    BAND     60; K   22; EIG -1.7570022E-01 AU
 TOP OF VALENCE BANDS -    BAND     60; K    1; EIG -1.7580361E-01 AU
 BOTTOM OF VIRTUAL BANDS - BAND     61; K   21; EIG -1.6790902E-01 AU
 INDIRECT ENERGY BAND GAP:   0.2120 eV
 BOTTOM OF VIRTUAL BANDS - BAND     61; K    1; EIG -1.1630157E-01 AU

    BETA       ELECTRONS
 INSULATING STATE
 TOP OF VALENCE BANDS -    BAND     60; K   22; EIG -1.7570022E-01 AU
 TOP OF VALENCE BANDS -    BAND     60; K    1; EIG -1.7580361E-01 AU
 BOTTOM OF VIRTUAL BANDS - BAND     61; K   21; EIG -1.6790902E-01 AU
 INDIRECT ENERGY BAND GAP:   0.2120 eV
 BOTTOM OF VIRTUAL BANDS - BAND     61; K    1; EIG -1.1630157E-01 AU
 TTTTTTTTTTTTTTTTTTTTTTTTTTTTTT PDIG        TELAPSE       27.99 TCPU       26.78
 CHARGE NORMALIZATION FACTOR   1.00000000
 TOTAL ATOMIC CHARGES:
   5.9494952   5.9494952   5.9494952   5.9494952   5.9494952   5.9494952
   5.9494952   5.9494952   6.0017728   6.0017728   6.0017728   6.0017728
   6.0017728   6.0017728   6.0017728   6.0017728   6.0974641   6.0974641
   6.0974641   6.0974641
 SUMMED SPIN DENSITY          -0.00000000
 TOTAL ATOMIC SPINS  :
  -0.0000000  -0.0000000  -0.0000000  -0.0000000  -0.0000000  -0.0000000
  -0.0000000  -0.0000000   0.0000000   0.0000000   0.0000000   0.0000000
   0.0000000   0.0000000   0.0000000   0.0000000   0.0000000   0.0000000
   0.0000000   0.0000000
 TTTTTTTTTTTTTTTTTTTTTTTTTTTTTT MOQGAD      TELAPSE       28.00 TCPU       26.79
 TTTTTTTTTTTTTTTTTTTTTTTTTTTTTT SHELLXN     TELAPSE       50.14 TCPU       48.91
 TTTTTTTTTTTTTTTTTTTTTTTTTTTTTT MONMO3      TELAPSE       50.18 TCPU       48.95
 NUMERICALLY INTEGRATED DENSITY     59.9999374955     59.9999374955
 TTTTTTTTTTTTTTTTTTTTTTTTTTTTTT NUMDFT      TELAPSE       50.58 TCPU       49.35
 CYC   1 ETOT(AU) -7.613582252717E+02 DETOT  5.86E+00 tst  0.00E+00 PX  1.00E+00
 TTTTTTTTTTTTTTTTTTTTTTTTTTTTTT DIIS        TELAPSE       50.65 TCPU       49.42
 DIIS TEST: 0.79611E+00 AT SCF   CYCLE   1 - MIX   30 %
 TTTTTTTTTTTTTTTTTTTTTTTTTTTTTT FDIK        TELAPSE       52.58 TCPU       51.35

    ALPHA      ELECTRONS
 INSULATING STATE
 TOP OF VALENCE BANDS -    BAND     60; K    1; EIG -1.2264263E-01 AU
 BOTTOM OF VIRTUAL BANDS - BAND     61; K   21; EIG -9.8471017E-02 AU
 INDIRECT ENERGY BAND GAP:   0.6577 eV
 BOTTOM OF VIRTUAL BANDS - BAND     61; K    1; EIG -4.1716190E-02 AU

    BETA       ELECTRONS
 INSULATING STATE
 TOP OF VALENCE BANDS -    BAND     60; K    1; EIG -1.2264263E-01 AU
 BOTTOM OF VIRTUAL BANDS - BAND     61; K   21; EIG -9.8471017E-02 AU
 INDIRECT ENERGY BAND GAP:   0.6577 eV
 BOTTOM OF VIRTUAL BANDS - BAND     61; K    1; EIG -4.1716190E-02 AU
 TTTTTTTTTTTTTTTTTTTTTTTTTTTTTT PDIG        TELAPSE       52.92 TCPU       51.68
 CHARGE NORMALIZATION FACTOR   1.00000000
 TOTAL ATOMIC CHARGES:
   6.0107375   6.0107375   6.0107375   6.0107375   6.0107375   6.0107375
   6.0107375   6.0107375   5.9805610   5.9805610   5.9805610   5.9805610
   5.9805610   5.9805610   5.9805610   5.9805610   6.0174030   6.0174030
   6.0174030   6.0174030
 SUMMED SPIN DENSITY          -0.00000000
 TOTAL ATOMIC SPINS  :
  -0.0000000  -0.0000000  -0.0000000  -0.0000000  -0.0000000  -0.0000000
  -0.0000000  -0.0000000   0.0000000   0.0000000   0.0000000   0.0000000
   0.0000000   0.0000000   0.0000000   0.0000000  -0.0000000  -0.0000000
  -0.0000000  -0.0000000
 TTTTTTTTTTTTTTTTTTTTTTTTTTTTTT MOQGAD      TELAPSE       52.93 TCPU       51.69
 TTTTTTTTTTTTTTTTTTTTTTTTTTTTTT SHELLXN     TELAPSE       74.63 TCPU       73.39
 TTTTTTTTTTTTTTTTTTTTTTTTTTTTTT MONMO3      TELAPSE       74.67 TCPU       73.43
 NUMERICALLY INTEGRATED DENSITY     59.9999317291     59.9999317291
 TTTTTTTTTTTTTTTTTTTTTTTTTTTTTT NUMDFT      TELAPSE       75.06 TCPU       73.82
 CYC   2 ETOT(AU) -7.614115790575E+02 DETOT -5.34E-02 tst  3.68E-04 PX  7.82E-02
 TTTTTTTTTTTTTTTTTTTTTTTTTTTTTT DIIS        TELAPSE       75.13 TCPU       73.89
 DIIS TEST: 0.11729E+00 AT SCF   CYCLE   2 - DIIS ACTIVE - HISTORY:     2 CYCLES
 TTTTTTTTTTTTTTTTTTTTTTTTTTTTTT FDIK        TELAPSE       76.93 TCPU       75.69

    ALPHA      ELECTRONS
 INSULATING STATE
 TOP OF VALENCE BANDS -    BAND     60; K   22; EIG -1.1845611E-01 AU
 TOP OF VALENCE BANDS -    BAND     60; K    1; EIG -1.1887975E-01 AU
 BOTTOM OF VIRTUAL BANDS - BAND     61; K   21; EIG -8.1073971E-02 AU
 INDIRECT ENERGY BAND GAP:   1.0172 eV
 BOTTOM OF VIRTUAL BANDS - BAND     61; K    1; EIG -2.4004133E-02 AU

    BETA       ELECTRONS
 INSULATING STATE
 TOP OF VALENCE BANDS -    BAND     60; K   22; EIG -1.1845611E-01 AU
 TOP OF VALENCE BANDS -    BAND     60; K    1; EIG -1.1887975E-01 AU
 BOTTOM OF VIRTUAL BANDS - BAND     61; K   21; EIG -8.1073971E-02 AU
 INDIRECT ENERGY BAND GAP:   1.0172 eV
 BOTTOM OF VIRTUAL BANDS - BAND     61; K    1; EIG -2.4004133E-02 AU
 TTTTTTTTTTTTTTTTTTTTTTTTTTTTTT PDIG        TELAPSE       77.31 TCPU       76.06
 CHARGE NORMALIZATION FACTOR   1.00000000
 TOTAL ATOMIC CHARGES:
   5.9278221   5.9278221   5.9278221   5.9278221   5.9278221   5.9278221
   5.9278221   5.9278221   6.0301985   6.0301985   6.0301985   6.0301985
   6.0301985   6.0301985   6.0301985   6.0301985   6.0839589   6.0839589
   6.0839589   6.0839589
 SUMMED SPIN DENSITY          -0.00000000
 TOTAL ATOMIC SPINS  :
   0.0000000   0.0000000   0.0000000   0.0000000   0.0000000   0.0000000
   0.0000000   0.0000000  -0.0000000  -0.0000000  -0.0000000  -0.0000000
  -0.0000000  -0.0000000  -0.0000000  -0.0000000  -0.0000000  -0.0000000
  -0.0000000  -0.0000000
 TTTTTTTTTTTTTTTTTTTTTTTTTTTTTT MOQGAD      TELAPSE       77.32 TCPU       76.07
 TTTTTTTTTTTTTTTTTTTTTTTTTTTTTT SHELLXN     TELAPSE       98.96 TCPU       97.70
 TTTTTTTTTTTTTTTTTTTTTTTTTTTTTT MONMO3      TELAPSE       99.00 TCPU       97.74
 NUMERICALLY INTEGRATED DENSITY     59.9999311561     59.9999311561
 TTTTTTTTTTTTTTTTTTTTTTTTTTTTTT NUMDFT      TELAPSE       99.39 TCPU       98.13
 CYC   3 ETOT(AU) -7.614109629247E+02 DETOT  6.16E-04 tst  2.04E-04 PX  2.46E-02
 TTTTTTTTTTTTTTTTTTTTTTTTTTTTTT DIIS        TELAPSE       99.46 TCPU       98.20
 DIIS TEST: 0.17609E+00 AT SCF   CYCLE   3 - DIIS ACTIVE - HISTORY:     3 CYCLES
 TTTTTTTTTTTTTTTTTTTTTTTTTTTTTT FDIK        TELAPSE      101.30 TCPU      100.04

    ALPHA      ELECTRONS
 INSULATING STATE
 TOP OF VALENCE BANDS -    BAND     60; K   22; EIG -1.2001311E-01 AU
 TOP OF VALENCE BANDS -    BAND     60; K    1; EIG -1.2013129E-01 AU
 BOTTOM OF VIRTUAL BANDS - BAND     61; K   21; EIG -8.4663641E-02 AU
 INDIRECT ENERGY BAND GAP:   0.9619 eV
 BOTTOM OF VIRTUAL BANDS - BAND     61; K    1; EIG -2.7557429E-02 AU

    BETA       ELECTRONS
 INSULATING STATE
 TOP OF VALENCE BANDS -    BAND     60; K   22; EIG -1.2001311E-01 AU
 TOP OF VALENCE BANDS -    BAND     60; K    1; EIG -1.2013129E-01 AU
 BOTTOM OF VIRTUAL BANDS - BAND     61; K   21; EIG -8.4663641E-02 AU
 INDIRECT ENERGY BAND GAP:   0.9619 eV
 BOTTOM OF VIRTUAL BANDS - BAND     61; K    1; EIG -2.7557429E-02 AU
 TTTTTTTTTTTTTTTTTTTTTTTTTTTTTT PDIG        TELAPSE      101.64 TCPU      100.37
 CHARGE NORMALIZATION FACTOR   1.00000000
 TOTAL ATOMIC CHARGES:
   5.9823823   5.9823823   5.9823823   5.9823823   5.9823823   5.9823823
   5.9823823   5.9823823   5.9891306   5.9891306   5.9891306   5.9891306
   5.9891306   5.9891306   5.9891306   5.9891306   6.0569741   6.0569741
   6.0569741   6.0569741
 SUMMED SPIN DENSITY          -0.00000000
 TOTAL ATOMIC SPINS  :
   0.0000000   0.0000000   0.0000000   0.0000000   0.0000000   0.0000000
   0.0000000   0.0000000  -0.0000000  -0.0000000  -0.0000000  -0.0000000
  -0.0000000  -0.0000000  -0.0000000  -0.0000000  -0.0000000  -0.0000000
  -0.0000000  -0.0000000
 TTTTTTTTTTTTTTTTTTTTTTTTTTTTTT MOQGAD      TELAPSE      101.65 TCPU      100.38
 TTTTTTTTTTTTTTTTTTTTTTTTTTTTTT SHELLXN     TELAPSE      123.20 TCPU      121.92
 TTTTTTTTTTTTTTTTTTTTTTTTTTTTTT MONMO3      TELAPSE      123.24 TCPU      121.96
 NUMERICALLY INTEGRATED DENSITY     59.9999316609     59.9999316609
 TTTTTTTTTTTTTTTTTTTTTTTTTTTTTT NUMDFT      TELAPSE      123.63 TCPU      122.35
 CYC   4 ETOT(AU) -7.614169055601E+02 DETOT -5.94E-03 tst  1.11E-04 PX  9.65E-03
 TTTTTTTTTTTTTTTTTTTTTTTTTTTTTT DIIS        TELAPSE      123.70 TCPU      122.42
 DIIS TEST: 0.96746E-02 AT SCF   CYCLE   4 - DIIS ACTIVE - HISTORY:     4 CYCLES
 TTTTTTTTTTTTTTTTTTTTTTTTTTTTTT FDIK        TELAPSE      125.58 TCPU      124.30

    ALPHA      ELECTRONS
 INSULATING STATE
 TOP OF VALENCE BANDS -    BAND     60; K   22; EIG -1.2100700E-01 AU
 TOP OF VALENCE BANDS -    BAND     60; K    1; EIG -1.2112443E-01 AU
 BOTTOM OF VIRTUAL BANDS - BAND     61; K   21; EIG -8.4088727E-02 AU
 INDIRECT ENERGY BAND GAP:   1.0046 eV
 BOTTOM OF VIRTUAL BANDS - BAND     61; K    1; EIG -2.7264503E-02 AU

    BETA       ELECTRONS
 INSULATING STATE
 TOP OF VALENCE BANDS -    BAND     60; K   22; EIG -1.2100700E-01 AU
 TOP OF VALENCE BANDS -    BAND     60; K    1; EIG -1.2112443E-01 AU
 BOTTOM OF VIRTUAL BANDS - BAND     61; K   21; EIG -8.4088727E-02 AU
 INDIRECT ENERGY BAND GAP:   1.0046 eV
 BOTTOM OF VIRTUAL BANDS - BAND     61; K    1; EIG -2.7264503E-02 AU
 TTTTTTTTTTTTTTTTTTTTTTTTTTTTTT PDIG        TELAPSE      125.93 TCPU      124.65
 CHARGE NORMALIZATION FACTOR   1.00000000
 TOTAL ATOMIC CHARGES:
   5.9740123   5.9740123   5.9740123   5.9740123   5.9740123   5.9740123
   5.9740123   5.9740123   6.0011444   6.0011444   6.0011444   6.0011444
   6.0011444   6.0011444   6.0011444   6.0011444   6.0496865   6.0496865
   6.0496865   6.0496865
 SUMMED SPIN DENSITY          -0.00000000
 TOTAL ATOMIC SPINS  :
   0.0000000   0.0000000   0.0000000   0.0000000   0.0000000   0.0000000
   0.0000000   0.0000000  -0.0000000  -0.0000000  -0.0000000  -0.0000000
  -0.0000000  -0.0000000  -0.0000000  -0.0000000  -0.0000000  -0.0000000
  -0.0000000  -0.0000000
 TTTTTTTTTTTTTTTTTTTTTTTTTTTTTT MOQGAD      TELAPSE      125.94 TCPU      124.66
 TTTTTTTTTTTTTTTTTTTTTTTTTTTTTT SHELLXN     TELAPSE      147.36 TCPU      146.07
 TTTTTTTTTTTTTTTTTTTTTTTTTTTTTT MONMO3      TELAPSE      147.40 TCPU      146.11
 NUMERICALLY INTEGRATED DENSITY     59.9999315884     59.9999315884
 TTTTTTTTTTTTTTTTTTTTTTTTTTTTTT NUMDFT      TELAPSE      147.79 TCPU      146.50
 CYC   5 ETOT(AU) -7.614172246746E+02 DETOT -3.19E-04 tst  4.47E-06 PX  4.00E-03
 TTTTTTTTTTTTTTTTTTTTTTTTTTTTTT DIIS        TELAPSE      147.86 TCPU      146.57
 DIIS TEST: 0.86536E-03 AT SCF   CYCLE   5 - DIIS ACTIVE - HISTORY:     5 CYCLES
 TTTTTTTTTTTTTTTTTTTTTTTTTTTTTT FDIK        TELAPSE      149.65 TCPU      148.36

    ALPHA      ELECTRONS
 INSULATING STATE
 TOP OF VALENCE BANDS -    BAND     60; K   22; EIG -1.2085578E-01 AU
 TOP OF VALENCE BANDS -    BAND     60; K    1; EIG -1.2097423E-01 AU
 BOTTOM OF VIRTUAL BANDS - BAND     61; K   21; EIG -8.3949918E-02 AU
 INDIRECT ENERGY BAND GAP:   1.0043 eV
 BOTTOM OF VIRTUAL BANDS - BAND     61; K    1; EIG -2.7258876E-02 AU

    BETA       ELECTRONS
 INSULATING STATE
 TOP OF VALENCE BANDS -    BAND     60; K   22; EIG -1.2085578E-01 AU
 TOP OF VALENCE BANDS -    BAND     60; K    1; EIG -1.2097423E-01 AU
 BOTTOM OF VIRTUAL BANDS - BAND     61; K   21; EIG -8.3949918E-02 AU
 INDIRECT ENERGY BAND GAP:   1.0043 eV
 BOTTOM OF VIRTUAL BANDS - BAND     61; K    1; EIG -2.7258876E-02 AU
 TTTTTTTTTTTTTTTTTTTTTTTTTTTTTT PDIG        TELAPSE      149.97 TCPU      148.68
 CHARGE NORMALIZATION FACTOR   1.00000000
 TOTAL ATOMIC CHARGES:
   5.9763752   5.9763752   5.9763752   5.9763752   5.9763752   5.9763752
   5.9763752   5.9763752   5.9965982   5.9965982   5.9965982   5.9965982
   5.9965982   5.9965982   5.9965982   5.9965982   6.0540532   6.0540532
   6.0540532   6.0540532
 SUMMED SPIN DENSITY          -0.00000000
 TOTAL ATOMIC SPINS  :
   0.0000000   0.0000000   0.0000000   0.0000000   0.0000000   0.0000000
   0.0000000   0.0000000  -0.0000000  -0.0000000  -0.0000000  -0.0000000
  -0.0000000  -0.0000000  -0.0000000  -0.0000000   0.0000000   0.0000000
   0.0000000   0.0000000
 TTTTTTTTTTTTTTTTTTTTTTTTTTTTTT MOQGAD      TELAPSE      149.98 TCPU      148.68
 TTTTTTTTTTTTTTTTTTTTTTTTTTTTTT SHELLXN     TELAPSE      171.32 TCPU      170.01
 TTTTTTTTTTTTTTTTTTTTTTTTTTTTTT MONMO3      TELAPSE      171.35 TCPU      170.05
 NUMERICALLY INTEGRATED DENSITY     59.9999315683     59.9999315683
 TTTTTTTTTTTTTTTTTTTTTTTTTTTTTT NUMDFT      TELAPSE      171.75 TCPU      170.44
 CYC   6 ETOT(AU) -7.614172530802E+02 DETOT -2.84E-05 tst  2.98E-07 PX  9.82E-04
 TTTTTTTTTTTTTTTTTTTTTTTTTTTTTT DIIS        TELAPSE      171.82 TCPU      170.51
 DIIS TEST: 0.66932E-04 AT SCF   CYCLE   6 - DIIS ACTIVE - HISTORY:     6 CYCLES
 TTTTTTTTTTTTTTTTTTTTTTTTTTTTTT FDIK        TELAPSE      173.66 TCPU      172.35

    ALPHA      ELECTRONS
 INSULATING STATE
 TOP OF VALENCE BANDS -    BAND     60; K   22; EIG -1.2089774E-01 AU
 TOP OF VALENCE BANDS -    BAND     60; K    1; EIG -1.2101199E-01 AU
 BOTTOM OF VIRTUAL BANDS - BAND     61; K   21; EIG -8.3897899E-02 AU
 INDIRECT ENERGY BAND GAP:   1.0068 eV
 BOTTOM OF VIRTUAL BANDS - BAND     61; K    1; EIG -2.7219954E-02 AU

    BETA       ELECTRONS
 INSULATING STATE
 TOP OF VALENCE BANDS -    BAND     60; K   22; EIG -1.2089774E-01 AU
 TOP OF VALENCE BANDS -    BAND     60; K    1; EIG -1.2101199E-01 AU
 BOTTOM OF VIRTUAL BANDS - BAND     61; K   21; EIG -8.3897899E-02 AU
 INDIRECT ENERGY BAND GAP:   1.0068 eV
 BOTTOM OF VIRTUAL BANDS - BAND     61; K    1; EIG -2.7219954E-02 AU
 TTTTTTTTTTTTTTTTTTTTTTTTTTTTTT PDIG        TELAPSE      173.99 TCPU      172.68
 CHARGE NORMALIZATION FACTOR   1.00000000
 TOTAL ATOMIC CHARGES:
   5.9757192   5.9757192   5.9757192   5.9757192   5.9757192   5.9757192
   5.9757192   5.9757192   5.9977918   5.9977918   5.9977918   5.9977918
   5.9977918   5.9977918   5.9977918   5.9977918   6.0529781   6.0529781
   6.0529781   6.0529781
 SUMMED SPIN DENSITY          -0.00000000
 TOTAL ATOMIC SPINS  :
   0.0000000   0.0000000   0.0000000   0.0000000   0.0000000   0.0000000
   0.0000000   0.0000000  -0.0000000  -0.0000000  -0.0000000  -0.0000000
  -0.0000000  -0.0000000  -0.0000000  -0.0000000   0.0000000   0.0000000
   0.0000000   0.0000000
 TTTTTTTTTTTTTTTTTTTTTTTTTTTTTT MOQGAD      TELAPSE      174.00 TCPU      172.69
 TTTTTTTTTTTTTTTTTTTTTTTTTTTTTT SHELLXN     TELAPSE      195.33 TCPU      194.01
 TTTTTTTTTTTTTTTTTTTTTTTTTTTTTT MONMO3      TELAPSE      195.37 TCPU      194.05
 NUMERICALLY INTEGRATED DENSITY     59.9999315707     59.9999315707
 TTTTTTTTTTTTTTTTTTTTTTTTTTTTTT NUMDFT      TELAPSE      195.76 TCPU      194.44
 CYC   7 ETOT(AU) -7.614172551954E+02 DETOT -2.12E-06 tst  3.08E-08 PX  2.67E-04
 TTTTTTTTTTTTTTTTTTTTTTTTTTTTTT DIIS        TELAPSE      195.83 TCPU      194.51
 DIIS TEST: 0.11188E-05 AT SCF   CYCLE   7 - DIIS ACTIVE - HISTORY:     7 CYCLES
 TTTTTTTTTTTTTTTTTTTTTTTTTTTTTT FDIK        TELAPSE      197.66 TCPU      196.34

    ALPHA      ELECTRONS
 INSULATING STATE
 TOP OF VALENCE BANDS -    BAND     60; K   22; EIG -1.2090225E-01 AU
 TOP OF VALENCE BANDS -    BAND     60; K    1; EIG -1.2101583E-01 AU
 BOTTOM OF VIRTUAL BANDS - BAND     61; K   21; EIG -8.3874879E-02 AU
 INDIRECT ENERGY BAND GAP:   1.0076 eV
 BOTTOM OF VIRTUAL BANDS - BAND     61; K    1; EIG -2.7212530E-02 AU

    BETA       ELECTRONS
 INSULATING STATE
 TOP OF VALENCE BANDS -    BAND     60; K   22; EIG -1.2090225E-01 AU
 TOP OF VALENCE BANDS -    BAND     60; K    1; EIG -1.2101583E-01 AU
 BOTTOM OF VIRTUAL BANDS - BAND     61; K   21; EIG -8.3874879E-02 AU
 INDIRECT ENERGY BAND GAP:   1.0076 eV
 BOTTOM OF VIRTUAL BANDS - BAND     61; K    1; EIG -2.7212530E-02 AU
 TTTTTTTTTTTTTTTTTTTTTTTTTTTTTT PDIG        TELAPSE      197.99 TCPU      196.66
 CHARGE NORMALIZATION FACTOR   1.00000000
 TOTAL ATOMIC CHARGES:
   5.9758409   5.9758409   5.9758409   5.9758409   5.9758409   5.9758409
   5.9758409   5.9758409   5.9976470   5.9976470   5.9976470   5.9976470
   5.9976470   5.9976470   5.9976470   5.9976470   6.0530242   6.0530242
   6.0530242   6.0530242
 SUMMED SPIN DENSITY          -0.00000000
 TOTAL ATOMIC SPINS  :
   0.0000000   0.0000000   0.0000000   0.0000000   0.0000000   0.0000000
   0.0000000   0.0000000  -0.0000000  -0.0000000  -0.0000000  -0.0000000
  -0.0000000  -0.0000000  -0.0000000  -0.0000000   0.0000000   0.0000000
   0.0000000   0.0000000
 TTTTTTTTTTTTTTTTTTTTTTTTTTTTTT MOQGAD      TELAPSE      197.99 TCPU      196.67
 TTTTTTTTTTTTTTTTTTTTTTTTTTTTTT SHELLXN     TELAPSE      219.30 TCPU      217.97
 TTTTTTTTTTTTTTTTTTTTTTTTTTTTTT MONMO3      TELAPSE      219.34 TCPU      218.01
 NUMERICALLY INTEGRATED DENSITY     59.9999315689     59.9999315689
 TTTTTTTTTTTTTTTTTTTTTTTTTTTTTT NUMDFT      TELAPSE      219.74 TCPU      218.40
 CYC   8 ETOT(AU) -7.614172554092E+02 DETOT -2.14E-07 tst  2.66E-09 PX  4.03E-05
 TTTTTTTTTTTTTTTTTTTTTTTTTTTTTT DIIS        TELAPSE      219.80 TCPU      218.47
 DIIS TEST: 0.13535E-07 AT SCF   CYCLE   8 - DIIS ACTIVE - HISTORY:     8 CYCLES
 TTTTTTTTTTTTTTTTTTTTTTTTTTTTTT FDIK        TELAPSE      221.67 TCPU      220.34

    ALPHA      ELECTRONS
 INSULATING STATE
 TOP OF VALENCE BANDS -    BAND     60; K   22; EIG -1.2090831E-01 AU
 TOP OF VALENCE BANDS -    BAND     60; K    1; EIG -1.2102173E-01 AU
 BOTTOM OF VIRTUAL BANDS - BAND     61; K   21; EIG -8.3872337E-02 AU
 INDIRECT ENERGY BAND GAP:   1.0078 eV
 BOTTOM OF VIRTUAL BANDS - BAND     61; K    1; EIG -2.7213541E-02 AU

    BETA       ELECTRONS
 INSULATING STATE
 TOP OF VALENCE BANDS -    BAND     60; K   22; EIG -1.2090831E-01 AU
 TOP OF VALENCE BANDS -    BAND     60; K    1; EIG -1.2102173E-01 AU
 BOTTOM OF VIRTUAL BANDS - BAND     61; K   21; EIG -8.3872337E-02 AU
 INDIRECT ENERGY BAND GAP:   1.0078 eV
 BOTTOM OF VIRTUAL BANDS - BAND     61; K    1; EIG -2.7213541E-02 AU
 TTTTTTTTTTTTTTTTTTTTTTTTTTTTTT PDIG        TELAPSE      222.01 TCPU      220.67
 CHARGE NORMALIZATION FACTOR   1.00000000
 TOTAL ATOMIC CHARGES:
   5.9758374   5.9758374   5.9758374   5.9758374   5.9758374   5.9758374
   5.9758374   5.9758374   5.9976456   5.9976456   5.9976456   5.9976456
   5.9976456   5.9976456   5.9976456   5.9976456   6.0530340   6.0530340
   6.0530340   6.0530340
 SUMMED SPIN DENSITY          -0.00000000
 TOTAL ATOMIC SPINS  :
  -0.0000000  -0.0000000  -0.0000000  -0.0000000  -0.0000000  -0.0000000
  -0.0000000  -0.0000000   0.0000000   0.0000000   0.0000000   0.0000000
   0.0000000   0.0000000   0.0000000   0.0000000   0.0000000   0.0000000
   0.0000000   0.0000000
 TTTTTTTTTTTTTTTTTTTTTTTTTTTTTT MOQGAD      TELAPSE      222.02 TCPU      220.68
 TTTTTTTTTTTTTTTTTTTTTTTTTTTTTT SHELLXN     TELAPSE      243.33 TCPU      241.98
 TTTTTTTTTTTTTTTTTTTTTTTTTTTTTT MONMO3      TELAPSE      243.37 TCPU      242.02
 NUMERICALLY INTEGRATED DENSITY     59.9999315691     59.9999315691
 TTTTTTTTTTTTTTTTTTTTTTTTTTTTTT NUMDFT      TELAPSE      243.76 TCPU      242.41
 CYC   9 ETOT(AU) -7.614172554337E+02 DETOT -2.45E-08 tst  2.26E-10 PX  6.21E-06
 TTTTTTTTTTTTTTTTTTTTTTTTTTTTTT DIIS        TELAPSE      243.83 TCPU      242.48
 DIIS TEST: 0.13269E-08 AT SCF   CYCLE   9 - DIIS ACTIVE - HISTORY:     9 CYCLES
 TTTTTTTTTTTTTTTTTTTTTTTTTTTTTT FDIK        TELAPSE      245.54 TCPU      244.19

    ALPHA      ELECTRONS
 INSULATING STATE
 TOP OF VALENCE BANDS -    BAND     60; K   22; EIG -1.2090878E-01 AU
 TOP OF VALENCE BANDS -    BAND     60; K    1; EIG -1.2102217E-01 AU
 BOTTOM OF VIRTUAL BANDS - BAND     61; K   21; EIG -8.3870756E-02 AU
 INDIRECT ENERGY BAND GAP:   1.0079 eV
 BOTTOM OF VIRTUAL BANDS - BAND     61; K    1; EIG -2.7212739E-02 AU

    BETA       ELECTRONS
 INSULATING STATE
 TOP OF VALENCE BANDS -    BAND     60; K   22; EIG -1.2090878E-01 AU
 TOP OF VALENCE BANDS -    BAND     60; K    1; EIG -1.2102217E-01 AU
 BOTTOM OF VIRTUAL BANDS - BAND     61; K   21; EIG -8.3870756E-02 AU
 INDIRECT ENERGY BAND GAP:   1.0079 eV
 BOTTOM OF VIRTUAL BANDS - BAND     61; K    1; EIG -2.7212739E-02 AU
 TTTTTTTTTTTTTTTTTTTTTTTTTTTTTT PDIG        TELAPSE      245.87 TCPU      244.52
 CHARGE NORMALIZATION FACTOR   1.00000000
 TOTAL ATOMIC CHARGES:
   5.9758410   5.9758410   5.9758410   5.9758410   5.9758410   5.9758410
   5.9758410   5.9758410   5.9976415   5.9976415   5.9976415   5.9976415
   5.9976415   5.9976415   5.9976415   5.9976415   6.0530350   6.0530350
   6.0530350   6.0530350
 SUMMED SPIN DENSITY          -0.00000000
 TOTAL ATOMIC SPINS  :
  -0.0000000  -0.0000000  -0.0000000  -0.0000000  -0.0000000  -0.0000000
  -0.0000000  -0.0000000   0.0000000   0.0000000   0.0000000   0.0000000
   0.0000000   0.0000000   0.0000000   0.0000000   0.0000000   0.0000000
   0.0000000   0.0000000
 TTTTTTTTTTTTTTTTTTTTTTTTTTTTTT MOQGAD      TELAPSE      245.88 TCPU      244.52
 TTTTTTTTTTTTTTTTTTTTTTTTTTTTTT SHELLXN     TELAPSE      267.17 TCPU      265.81
 TTTTTTTTTTTTTTTTTTTTTTTTTTTTTT MONMO3      TELAPSE      267.21 TCPU      265.85
 NUMERICALLY INTEGRATED DENSITY     59.9999315691     59.9999315691
 TTTTTTTTTTTTTTTTTTTTTTTTTTTTTT NUMDFT      TELAPSE      267.60 TCPU      266.24
 CYC  10 ETOT(AU) -7.614172554435E+02 DETOT -9.83E-09 tst  1.75E-11 PX  1.93E-06
 TTTTTTTTTTTTTTTTTTTTTTTTTTTTTT DIIS        TELAPSE      267.67 TCPU      266.31
 DIIS TEST: 0.10050E-09 AT SCF   CYCLE  10 - DIIS ACTIVE - HISTORY:    10 CYCLES
 TTTTTTTTTTTTTTTTTTTTTTTTTTTTTT FDIK        TELAPSE      269.19 TCPU      267.83

    ALPHA      ELECTRONS
 INSULATING STATE
 TOP OF VALENCE BANDS -    BAND     60; K   22; EIG -1.2090885E-01 AU
 TOP OF VALENCE BANDS -    BAND     60; K    1; EIG -1.2102223E-01 AU
 BOTTOM OF VIRTUAL BANDS - BAND     61; K   21; EIG -8.3870299E-02 AU
 INDIRECT ENERGY BAND GAP:   1.0079 eV
 BOTTOM OF VIRTUAL BANDS - BAND     61; K    1; EIG -2.7212492E-02 AU

    BETA       ELECTRONS
 INSULATING STATE
 TOP OF VALENCE BANDS -    BAND     60; K   22; EIG -1.2090885E-01 AU
 TOP OF VALENCE BANDS -    BAND     60; K    1; EIG -1.2102223E-01 AU
 BOTTOM OF VIRTUAL BANDS - BAND     61; K   21; EIG -8.3870299E-02 AU
 INDIRECT ENERGY BAND GAP:   1.0079 eV
 BOTTOM OF VIRTUAL BANDS - BAND     61; K    1; EIG -2.7212492E-02 AU
 TTTTTTTTTTTTTTTTTTTTTTTTTTTTTT PDIG        TELAPSE      269.54 TCPU      268.18
 CHARGE NORMALIZATION FACTOR   1.00000000
 TOTAL ATOMIC CHARGES:
   5.9758417   5.9758417   5.9758417   5.9758417   5.9758417   5.9758417
   5.9758417   5.9758417   5.9976403   5.9976403   5.9976403   5.9976403
   5.9976403   5.9976403   5.9976403   5.9976403   6.0530360   6.0530360
   6.0530360   6.0530360
 SUMMED SPIN DENSITY          -0.00000000
 TOTAL ATOMIC SPINS  :
  -0.0000000  -0.0000000  -0.0000000  -0.0000000  -0.0000000  -0.0000000
  -0.0000000  -0.0000000   0.0000000   0.0000000   0.0000000   0.0000000
   0.0000000   0.0000000   0.0000000   0.0000000   0.0000000   0.0000000
   0.0000000   0.0000000
 TTTTTTTTTTTTTTTTTTTTTTTTTTTTTT MOQGAD      TELAPSE      269.55 TCPU      268.19
 TTTTTTTTTTTTTTTTTTTTTTTTTTTTTT SHELLXN     TELAPSE      290.86 TCPU      289.49
 TTTTTTTTTTTTTTTTTTTTTTTTTTTTTT MONMO3      TELAPSE      290.90 TCPU      289.52
 NUMERICALLY INTEGRATED DENSITY     59.9999315691     59.9999315691
 TTTTTTTTTTTTTTTTTTTTTTTTTTTTTT NUMDFT      TELAPSE      291.29 TCPU      289.92
 CYC  11 ETOT(AU) -7.614172554442E+02 DETOT -6.49E-10 tst  1.39E-12 PX  5.90E-07
 TTTTTTTTTTTTTTTTTTTTTTTTTTTTTT DIIS        TELAPSE      291.36 TCPU      289.99
 DIIS TEST: 0.11332E-10 AT SCF   CYCLE  11 - DIIS ACTIVE - HISTORY:    11 CYCLES
 TTTTTTTTTTTTTTTTTTTTTTTTTTTTTT FDIK        TELAPSE      292.77 TCPU      291.39

    ALPHA      ELECTRONS
 INSULATING STATE
 TOP OF VALENCE BANDS -    BAND     60; K   22; EIG -1.2090894E-01 AU
 TOP OF VALENCE BANDS -    BAND     60; K    1; EIG -1.2102231E-01 AU
 BOTTOM OF VIRTUAL BANDS - BAND     61; K   21; EIG -8.3870240E-02 AU
 INDIRECT ENERGY BAND GAP:   1.0079 eV
 BOTTOM OF VIRTUAL BANDS - BAND     61; K    1; EIG -2.7212479E-02 AU

    BETA       ELECTRONS
 INSULATING STATE
 TOP OF VALENCE BANDS -    BAND     60; K   22; EIG -1.2090894E-01 AU
 TOP OF VALENCE BANDS -    BAND     60; K    1; EIG -1.2102231E-01 AU
 BOTTOM OF VIRTUAL BANDS - BAND     61; K   21; EIG -8.3870240E-02 AU
 INDIRECT ENERGY BAND GAP:   1.0079 eV
 BOTTOM OF VIRTUAL BANDS - BAND     61; K    1; EIG -2.7212479E-02 AU
 TTTTTTTTTTTTTTTTTTTTTTTTTTTTTT PDIG        TELAPSE      293.08 TCPU      291.71
 CHARGE NORMALIZATION FACTOR   1.00000000
 TOTAL ATOMIC CHARGES:
   5.9758418   5.9758418   5.9758418   5.9758418   5.9758418   5.9758418
   5.9758418   5.9758418   5.9976402   5.9976402   5.9976402   5.9976402
   5.9976402   5.9976402   5.9976402   5.9976402   6.0530361   6.0530361
   6.0530361   6.0530361
 SUMMED SPIN DENSITY          -0.00000000
 TOTAL ATOMIC SPINS  :
  -0.0000000  -0.0000000  -0.0000000  -0.0000000  -0.0000000  -0.0000000
  -0.0000000  -0.0000000   0.0000000   0.0000000   0.0000000   0.0000000
   0.0000000   0.0000000   0.0000000   0.0000000  -0.0000000  -0.0000000
  -0.0000000  -0.0000000
 TTTTTTTTTTTTTTTTTTTTTTTTTTTTTT MOQGAD      TELAPSE      293.09 TCPU      291.71
 TTTTTTTTTTTTTTTTTTTTTTTTTTTTTT SHELLXN     TELAPSE      314.39 TCPU      313.00
 +++ ENERGIES IN A.U. +++
 ::: EXT EL-POLE                                  -2.7424035472741E+03
 ::: EXT EL-SPHEROPOLE                             2.4892345244979E+01
 ::: BIELET ZONE E-E                               2.9094928501491E+03
 ::: TOTAL E-E                                     1.9198164812003E+02
 ::: TOTAL E-N + N-E                              -1.4258513819346E+03
 ::: TOTAL N-N                                    -1.9901866237273E+02
 ::: KINETIC ENERGY                                7.5918416314742E+02
 ::: PSEUDO TOTAL   ENERGY                        -6.7370423303986E+02
 ::: VIRIAL COEFFICIENT                            1.0596556789315E+00
 TTTTTTTTTTTTTTTTTTTTTTTTTTTTTT MONMO3      TELAPSE      314.43 TCPU      313.04
 NUMERICALLY INTEGRATED DENSITY     59.9999315691     59.9999315691
 EXCHANGE ENERGY: -0.827056296472E+02  CORRELATION ENERGY: -0.500739275753E+01
 TTTTTTTTTTTTTTTTTTTTTTTTTTTTTT NUMDFT      TELAPSE      314.82 TCPU      313.43
 CYC  12 ETOT(AU) -7.614172554446E+02 DETOT -4.13E-10 tst  1.03E-13 PX  5.90E-07

 == SCF ENDED - CONVERGENCE ON ENERGY      E(AU) -7.6141725544461E+02 CYCLES  12


 ENERGY EXPRESSION=HARTREE+FOCK EXCH*0.20000+(BECKE      EXCH)*0.80000+LYP        CORR


 TOTAL ENERGY(DFT)(AU)( 12) -7.6141725544461E+02 DE-4.1E-10 tester 1.0E-13
 TTTTTTTTTTTTTTTTTTTTTTTTTTTTTT EDFT        TELAPSE      314.83 TCPU      313.45
 
 INFORMATION **** DFTD3 ENERGY **** CALCULATE DFTD3 ENERGY

           DFT-D V3(BJ)
 DF                                         b3-lyp    
 parameters
 s6       :    1.0000
 s8       :    1.9889
 a1       :    0.3981
 a2       :    4.4211
 k1 k3    :   16.0000   -4.0000
 Cutoff   :   50.2022
 CN-Cutoff:   21.1671
 ABC-Cutoff:   21.1671
 
 Edisp /kcal,au:  -125.6873 -0.20029540

 E6    /kcal :   -60.3276
 E8    /kcal :   -65.3596
 
 INFORMATION **** DFTD3 ENERGY **** NORMAL TERMINATION OF DFTD3 MODULE

 *******************************************************************************

 DFT-D3 DISPERSION ENERGY CORRECTION

 D3 DISPERSION ENERGY (AU)       -2.0029540412106E-01
 TOTAL ENERGY + DISP (AU)        -7.6161755084873E+02

 *******************************************************************************


 NEIGHBORS OF THE NON-EQUIVALENT ATOMS

 N = NUMBER OF NEIGHBORS AT DISTANCE R
    ATOM  N     R/ANG      R/AU   NEIGHBORS (ATOM LABELS AND CELL INDICES)
   1 C    1     1.3491     2.5494    9 C    0 0 0
   1 C    1     1.5057     2.8454   14 C    0 0 1
   1 C    1     1.5157     2.8642    4 C    1 0 0
   1 C    1     2.4906     4.7066   19 C    0 0 1
   1 C    1     2.4942     4.7133   18 C    0 0 0
   1 C    2     2.5053     4.7344    6 C    0 0 0    6 C    0 0 1

   9 C    1     1.3491     2.5494    1 C    0 0 0
   9 C    1     1.4944     2.8240   18 C    0 0 0
   9 C    1     1.5057     2.8454    6 C    0 0 0
   9 C    1     2.3146     4.3740   17 C    0-1 0
   9 C    2     2.3667     4.4724   14 C    0 0 0   14 C    0 0 1
   9 C    1     2.5332     4.7870    4 C    1 0 0

  17 C    1     1.3551     2.5608   18 C    0 1 0
  17 C    2     1.4944     2.8240   10 C    0 0 0   11 C    0 0 0
  17 C    2     2.3146     4.3740    9 C    0 1 0   12 C    0 1 0
  17 C    2     2.4906     4.7066    5 C    0 0 0    7 C    0 0 1
  17 C    2     2.4942     4.7133    2 C    0 0 0    3 C    0 0 0
  17 C    2     2.7315     5.1617   13 C    0 0 1   15 C    0 0 0

 TTTTTTTTTTTTTTTTTTTTTTTTTTTTTT AFTER FIRST TELAPSE      314.91 TCPU      313.52
 MMMMMMMMMMMMMMMMMMMMMMMMMMMMMMMMMMMMMMMMMMMMMMMMMMMMMMMMMMMMMMMMMMMMMMMMMMMMMMM
     ALPHA+BETA ELECTRONS
 MULLIKEN POPULATION ANALYSIS - NO. OF ELECTRONS  120.000000

  ATOM    Z CHARGE  A.O. POPULATION

   1 C    6  5.976  0.854  1.121  0.771  0.423  0.465  0.397  0.467  0.015
                   -0.048  0.013  0.408  0.615  0.436  0.010  0.011  0.005
                    0.006  0.006
   2 C    6  5.976  0.854  1.121  0.771  0.423  0.465  0.397  0.467  0.015
                   -0.048  0.013  0.408  0.615  0.436  0.010  0.011  0.005
                    0.006  0.006
   3 C    6  5.976  0.854  1.121  0.771  0.423  0.465  0.397  0.467  0.015
                   -0.048  0.013  0.408  0.615  0.436  0.010  0.011  0.005
                    0.006  0.006
   4 C    6  5.976  0.854  1.121  0.771  0.423  0.465  0.397  0.467  0.015
                   -0.048  0.013  0.408  0.615  0.436  0.010  0.011  0.005
                    0.006  0.006
   5 C    6  5.976  0.854  1.121  0.771  0.423  0.397  0.465  0.467 -0.048
                    0.015  0.013  0.615  0.408  0.436  0.010  0.005  0.011
                    0.006  0.006
   6 C    6  5.976  0.854  1.121  0.771  0.423  0.397  0.465  0.467 -0.048
                    0.015  0.013  0.615  0.408  0.436  0.010  0.005  0.011
                    0.006  0.006
   7 C    6  5.976  0.854  1.121  0.771  0.423  0.397  0.465  0.467 -0.048
                    0.015  0.013  0.615  0.408  0.436  0.010  0.005  0.011
                    0.006  0.006
   8 C    6  5.976  0.854  1.121  0.771  0.423  0.397  0.465  0.467 -0.048
                    0.015  0.013  0.615  0.408  0.436  0.010  0.005  0.011
                    0.006  0.006
   9 C    6  5.998  0.854  1.121  0.768  0.450  0.475  0.396  0.459  0.002
                   -0.045  0.010  0.445  0.584  0.439  0.011  0.012  0.006
                    0.006  0.007
  10 C    6  5.998  0.854  1.121  0.768  0.450  0.475  0.396  0.459  0.002
                   -0.045  0.010  0.445  0.584  0.439  0.011  0.012  0.006
                    0.006  0.007
  11 C    6  5.998  0.854  1.121  0.768  0.450  0.475  0.396  0.459  0.002
                   -0.045  0.010  0.445  0.584  0.439  0.011  0.012  0.006
                    0.006  0.007
  12 C    6  5.998  0.854  1.121  0.768  0.450  0.475  0.396  0.459  0.002
                   -0.045  0.010  0.445  0.584  0.439  0.011  0.012  0.006
                    0.006  0.007
  13 C    6  5.998  0.854  1.121  0.768  0.450  0.396  0.475  0.459 -0.045
                    0.002  0.010  0.584  0.445  0.439  0.011  0.006  0.012
                    0.006  0.007
  14 C    6  5.998  0.854  1.121  0.768  0.450  0.396  0.475  0.459 -0.045
                    0.002  0.010  0.584  0.445  0.439  0.011  0.006  0.012
                    0.006  0.007
  15 C    6  5.998  0.854  1.121  0.768  0.450  0.396  0.475  0.459 -0.045
                    0.002  0.010  0.584  0.445  0.439  0.011  0.006  0.012
                    0.006  0.007
  16 C    6  5.998  0.854  1.121  0.768  0.450  0.396  0.475  0.459 -0.045
                    0.002  0.010  0.584  0.445  0.439  0.011  0.006  0.012
                    0.006  0.007
  17 C    6  6.053  0.854  1.121  0.749  0.450  0.456  0.492  0.415  0.003
                   -0.012 -0.051  0.465  0.432  0.637  0.004  0.005  0.008
                    0.013  0.011
  18 C    6  6.053  0.854  1.121  0.749  0.450  0.456  0.492  0.415  0.003
                   -0.012 -0.051  0.465  0.432  0.637  0.004  0.005  0.008
                    0.013  0.011
  19 C    6  6.053  0.854  1.121  0.749  0.450  0.492  0.456  0.415 -0.012
                    0.003 -0.051  0.432  0.465  0.637  0.004  0.008  0.005
                    0.013  0.011
  20 C    6  6.053  0.854  1.121  0.749  0.450  0.492  0.456  0.415 -0.012
                    0.003 -0.051  0.432  0.465  0.637  0.004  0.008  0.005
                    0.013  0.011

  ATOM    Z CHARGE  SHELL POPULATION

   1 C    6  5.976  0.854  1.121  0.771  0.423  1.329 -0.019  1.459  0.038
   2 C    6  5.976  0.854  1.121  0.771  0.423  1.329 -0.019  1.459  0.038
   3 C    6  5.976  0.854  1.121  0.771  0.423  1.329 -0.019  1.459  0.038
   4 C    6  5.976  0.854  1.121  0.771  0.423  1.329 -0.019  1.459  0.038
   5 C    6  5.976  0.854  1.121  0.771  0.423  1.329 -0.019  1.459  0.038
   6 C    6  5.976  0.854  1.121  0.771  0.423  1.329 -0.019  1.459  0.038
   7 C    6  5.976  0.854  1.121  0.771  0.423  1.329 -0.019  1.459  0.038
   8 C    6  5.976  0.854  1.121  0.771  0.423  1.329 -0.019  1.459  0.038
   9 C    6  5.998  0.854  1.121  0.768  0.450  1.330 -0.034  1.468  0.042
  10 C    6  5.998  0.854  1.121  0.768  0.450  1.330 -0.034  1.468  0.042
  11 C    6  5.998  0.854  1.121  0.768  0.450  1.330 -0.034  1.468  0.042
  12 C    6  5.998  0.854  1.121  0.768  0.450  1.330 -0.034  1.468  0.042
  13 C    6  5.998  0.854  1.121  0.768  0.450  1.330 -0.034  1.468  0.042
  14 C    6  5.998  0.854  1.121  0.768  0.450  1.330 -0.034  1.468  0.042
  15 C    6  5.998  0.854  1.121  0.768  0.450  1.330 -0.034  1.468  0.042
  16 C    6  5.998  0.854  1.121  0.768  0.450  1.330 -0.034  1.468  0.042
  17 C    6  6.053  0.854  1.121  0.749  0.450  1.363 -0.059  1.534  0.041
  18 C    6  6.053  0.854  1.121  0.749  0.450  1.363 -0.059  1.534  0.041
  19 C    6  6.053  0.854  1.121  0.749  0.450  1.363 -0.059  1.534  0.041
  20 C    6  6.053  0.854  1.121  0.749  0.450  1.363 -0.059  1.534  0.041

 OVERLAP POPULATION CONDENSED TO ATOMS FOR FIRST   6 NEIGHBORS

 ATOM A   1 C    ATOM B     CELL      R(AB)/AU R(AB)/ANG    OVPOP(AB)
                  9 C    (  0  0  0)     2.549     1.349     0.513
                 14 C    (  0  0  1)     2.845     1.506     0.338
                  4 C    (  1  0  0)     2.864     1.516     0.380
                 19 C    (  0  0  1)     4.707     2.491    -0.025
                 18 C    (  0  0  0)     4.713     2.494    -0.040
                  6 C    (  0  0  0)     4.734     2.505    -0.027

 ATOM A   9 C    ATOM B     CELL      R(AB)/AU R(AB)/ANG    OVPOP(AB)
                  1 C    (  0  0  0)     2.549     1.349     0.513
                 18 C    (  0  0  0)     2.824     1.494     0.338
                  6 C    (  0  0  0)     2.845     1.506     0.338
                 17 C    (  0 -1  0)     4.374     2.315    -0.049
                 14 C    (  0  0  0)     4.472     2.367    -0.038
                  4 C    (  1  0  0)     4.787     2.533    -0.026

 ATOM A  17 C    ATOM B     CELL      R(AB)/AU R(AB)/ANG    OVPOP(AB)
                 18 C    (  0  1  0)     2.561     1.355     0.430
                 10 C    (  0  0  0)     2.824     1.494     0.338
                  9 C    (  0  1  0)     4.374     2.315    -0.049
                  5 C    (  0  0  0)     4.707     2.491    -0.025
                  2 C    (  0  0  0)     4.713     2.494    -0.040
                 13 C    (  0  0  1)     5.162     2.731     0.012
 TTTTTTTTTTTTTTTTTTTTTTTTTTTTTT AFTER FIRST TELAPSE      316.10 TCPU      313.62
 MMMMMMMMMMMMMMMMMMMMMMMMMMMMMMMMMMMMMMMMMMMMMMMMMMMMMMMMMMMMMMMMMMMMMMMMMMMMMMM
     ALPHA-BETA ELECTRONS
 MULLIKEN POPULATION ANALYSIS - NO. OF ELECTRONS   -0.000000

  ATOM    Z CHARGE  A.O. POPULATION

   1 C    6 -0.000 -0.000  0.000  0.000 -0.000 -0.000 -0.000  0.000  0.000
                    0.000 -0.000 -0.000 -0.000 -0.000 -0.000 -0.000  0.000
                   -0.000  0.000
   2 C    6 -0.000 -0.000  0.000  0.000 -0.000 -0.000 -0.000  0.000  0.000
                    0.000 -0.000 -0.000 -0.000 -0.000 -0.000 -0.000  0.000
                   -0.000  0.000
   3 C    6 -0.000 -0.000  0.000  0.000 -0.000 -0.000 -0.000  0.000  0.000
                    0.000 -0.000 -0.000 -0.000 -0.000 -0.000 -0.000  0.000
                   -0.000  0.000
   4 C    6 -0.000 -0.000  0.000  0.000 -0.000 -0.000 -0.000  0.000  0.000
                    0.000 -0.000 -0.000 -0.000 -0.000 -0.000 -0.000  0.000
                   -0.000  0.000
   5 C    6 -0.000 -0.000  0.000  0.000 -0.000 -0.000 -0.000  0.000  0.000
                    0.000 -0.000 -0.000 -0.000 -0.000 -0.000  0.000 -0.000
                   -0.000  0.000
   6 C    6 -0.000 -0.000  0.000  0.000 -0.000 -0.000 -0.000  0.000  0.000
                    0.000 -0.000 -0.000 -0.000 -0.000 -0.000  0.000 -0.000
                   -0.000  0.000
   7 C    6 -0.000 -0.000  0.000  0.000 -0.000 -0.000 -0.000  0.000  0.000
                    0.000 -0.000 -0.000 -0.000 -0.000 -0.000  0.000 -0.000
                   -0.000  0.000
   8 C    6 -0.000 -0.000  0.000  0.000 -0.000 -0.000 -0.000  0.000  0.000
                    0.000 -0.000 -0.000 -0.000 -0.000 -0.000  0.000 -0.000
                   -0.000  0.000
   9 C    6  0.000 -0.000 -0.000 -0.000  0.000 -0.000  0.000  0.000  0.000
                   -0.000 -0.000 -0.000  0.000  0.000  0.000  0.000 -0.000
                   -0.000  0.000
  10 C    6  0.000 -0.000 -0.000 -0.000  0.000 -0.000  0.000  0.000  0.000
                   -0.000 -0.000 -0.000  0.000  0.000  0.000  0.000 -0.000
                   -0.000  0.000
  11 C    6  0.000 -0.000 -0.000 -0.000  0.000 -0.000  0.000  0.000  0.000
                   -0.000 -0.000 -0.000  0.000  0.000  0.000  0.000 -0.000
                   -0.000  0.000
  12 C    6  0.000 -0.000 -0.000 -0.000  0.000 -0.000  0.000  0.000  0.000
                   -0.000 -0.000 -0.000  0.000  0.000  0.000  0.000 -0.000
                   -0.000  0.000
  13 C    6  0.000 -0.000 -0.000 -0.000  0.000  0.000 -0.000  0.000 -0.000
                    0.000 -0.000  0.000 -0.000  0.000  0.000 -0.000  0.000
                   -0.000  0.000
  14 C    6  0.000 -0.000 -0.000 -0.000  0.000  0.000 -0.000  0.000 -0.000
                    0.000 -0.000  0.000 -0.000  0.000  0.000 -0.000  0.000
                   -0.000  0.000
  15 C    6  0.000 -0.000 -0.000 -0.000  0.000  0.000 -0.000  0.000 -0.000
                    0.000 -0.000  0.000 -0.000  0.000  0.000 -0.000  0.000
                   -0.000  0.000
  16 C    6  0.000 -0.000 -0.000 -0.000  0.000  0.000 -0.000  0.000 -0.000
                    0.000 -0.000  0.000 -0.000  0.000  0.000 -0.000  0.000
                   -0.000  0.000
  17 C    6 -0.000 -0.000 -0.000  0.000 -0.000  0.000  0.000  0.000 -0.000
                    0.000 -0.000  0.000  0.000  0.000 -0.000 -0.000 -0.000
                    0.000 -0.000
  18 C    6 -0.000 -0.000 -0.000  0.000 -0.000  0.000  0.000  0.000 -0.000
                    0.000 -0.000  0.000  0.000  0.000 -0.000 -0.000 -0.000
                    0.000 -0.000
  19 C    6 -0.000 -0.000 -0.000  0.000 -0.000  0.000  0.000  0.000  0.000
                   -0.000 -0.000  0.000  0.000  0.000 -0.000 -0.000 -0.000
                    0.000 -0.000
  20 C    6 -0.000 -0.000 -0.000  0.000 -0.000  0.000  0.000  0.000  0.000
                   -0.000 -0.000  0.000  0.000  0.000 -0.000 -0.000 -0.000
                    0.000 -0.000

  ATOM    Z CHARGE  SHELL POPULATION

   1 C    6 -0.000 -0.000  0.000  0.000 -0.000 -0.000  0.000 -0.000 -0.000
   2 C    6 -0.000 -0.000  0.000  0.000 -0.000 -0.000  0.000 -0.000 -0.000
   3 C    6 -0.000 -0.000  0.000  0.000 -0.000 -0.000  0.000 -0.000 -0.000
   4 C    6 -0.000 -0.000  0.000  0.000 -0.000 -0.000  0.000 -0.000 -0.000
   5 C    6 -0.000 -0.000  0.000  0.000 -0.000 -0.000  0.000 -0.000 -0.000
   6 C    6 -0.000 -0.000  0.000  0.000 -0.000 -0.000  0.000 -0.000 -0.000
   7 C    6 -0.000 -0.000  0.000  0.000 -0.000 -0.000  0.000 -0.000 -0.000
   8 C    6 -0.000 -0.000  0.000  0.000 -0.000 -0.000  0.000 -0.000 -0.000
   9 C    6  0.000 -0.000 -0.000 -0.000  0.000 -0.000  0.000  0.000  0.000
  10 C    6  0.000 -0.000 -0.000 -0.000  0.000 -0.000  0.000  0.000  0.000
  11 C    6  0.000 -0.000 -0.000 -0.000  0.000 -0.000  0.000  0.000  0.000
  12 C    6  0.000 -0.000 -0.000 -0.000  0.000 -0.000  0.000  0.000  0.000
  13 C    6  0.000 -0.000 -0.000 -0.000  0.000 -0.000  0.000  0.000  0.000
  14 C    6  0.000 -0.000 -0.000 -0.000  0.000 -0.000  0.000  0.000  0.000
  15 C    6  0.000 -0.000 -0.000 -0.000  0.000 -0.000  0.000  0.000  0.000
  16 C    6  0.000 -0.000 -0.000 -0.000  0.000 -0.000  0.000  0.000  0.000
  17 C    6 -0.000 -0.000 -0.000  0.000 -0.000  0.000 -0.000  0.000 -0.000
  18 C    6 -0.000 -0.000 -0.000  0.000 -0.000  0.000 -0.000  0.000 -0.000
  19 C    6 -0.000 -0.000 -0.000  0.000 -0.000  0.000 -0.000  0.000 -0.000
  20 C    6 -0.000 -0.000 -0.000  0.000 -0.000  0.000 -0.000  0.000 -0.000

 OVERLAP POPULATION CONDENSED TO ATOMS FOR FIRST   6 NEIGHBORS

 ATOM A   1 C    ATOM B     CELL      R(AB)/AU R(AB)/ANG    OVPOP(AB)
                  9 C    (  0  0  0)     2.549     1.349     0.000
                 14 C    (  0  0  1)     2.845     1.506     0.000
                  4 C    (  1  0  0)     2.864     1.516    -0.000
                 19 C    (  0  0  1)     4.707     2.491     0.000
                 18 C    (  0  0  0)     4.713     2.494    -0.000
                  6 C    (  0  0  0)     4.734     2.505     0.000

 ATOM A   9 C    ATOM B     CELL      R(AB)/AU R(AB)/ANG    OVPOP(AB)
                  1 C    (  0  0  0)     2.549     1.349     0.000
                 18 C    (  0  0  0)     2.824     1.494     0.000
                  6 C    (  0  0  0)     2.845     1.506     0.000
                 17 C    (  0 -1  0)     4.374     2.315     0.000
                 14 C    (  0  0  0)     4.472     2.367     0.000
                  4 C    (  1  0  0)     4.787     2.533     0.000

 ATOM A  17 C    ATOM B     CELL      R(AB)/AU R(AB)/ANG    OVPOP(AB)
                 18 C    (  0  1  0)     2.561     1.355    -0.000
                 10 C    (  0  0  0)     2.824     1.494     0.000
                  9 C    (  0  1  0)     4.374     2.315     0.000
                  5 C    (  0  0  0)     4.707     2.491     0.000
                  2 C    (  0  0  0)     4.713     2.494    -0.000
                 13 C    (  0  0  1)     5.162     2.731     0.000
 EIGENVECTORS IN FORTRAN UNIT  8
 TTTTTTTTTTTTTTTTTTTTTTTTTTTTTT END         TELAPSE      316.51 TCPU      313.98
 EEEEEEEEEE TERMINATION  DATE 30 01 2026 TIME 19:53:15.6
NODE    0 CPU TIME =       313.984
NODE    1 CPU TIME =       314.336
NODE    2 CPU TIME =       313.989
NODE    3 CPU TIME =       314.281
NODE    4 CPU TIME =       313.889
NODE    5 CPU TIME =       314.298
NODE    6 CPU TIME =       314.269
NODE    7 CPU TIME =       314.278
NODE    8 CPU TIME =       314.252
NODE    9 CPU TIME =       314.210
NODE   10 CPU TIME =       314.513
NODE   11 CPU TIME =       314.382
NODE   12 CPU TIME =       314.310
NODE   13 CPU TIME =       314.496
NODE   14 CPU TIME =       314.349
NODE   15 CPU TIME =       314.493
NODE   16 CPU TIME =       314.308
NODE   17 CPU TIME =       314.399
NODE   18 CPU TIME =       315.326
NODE   19 CPU TIME =       314.313
NODE   20 CPU TIME =       314.551
NODE   21 CPU TIME =       314.333
NODE   22 CPU TIME =       314.053
NODE   23 CPU TIME =       314.416
NODE   24 CPU TIME =       314.195
NODE   25 CPU TIME =       314.325
NODE   26 CPU TIME =       314.555
NODE   27 CPU TIME =       314.443
NODE   28 CPU TIME =       314.302
NODE   29 CPU TIME =       314.260
NODE   30 CPU TIME =       314.292
NODE   31 CPU TIME =       314.278
    TOTAL CPU TIME =     10058.679
