MPI startup(): Warning: I_MPI_PMI_LIBRARY will be ignored since the hydra process manager was found
MPI startup(): Warning: I_MPI_PMI_LIBRARY will be ignored since the hydra process manager was found
MPI startup(): Warning: I_MPI_PMI_LIBRARY will be ignored since the hydra process manager was found
MPI startup(): Warning: I_MPI_PMI_LIBRARY will be ignored since the hydra process manager was found
MPI startup(): Warning: I_MPI_PMI_LIBRARY will be ignored since the hydra process manager was found
MPI startup(): Warning: I_MPI_PMI_LIBRARY will be ignored since the hydra process manager was found
MPI startup(): Warning: I_MPI_PMI_LIBRARY will be ignored since the hydra process manager was found
MPI startup(): Warning: I_MPI_PMI_LIBRARY will be ignored since the hydra process manager was found
MPI startup(): Warning: I_MPI_PMI_LIBRARY will be ignored since the hydra process manager was found
MPI startup(): Warning: I_MPI_PMI_LIBRARY will be ignored since the hydra process manager was found
MPI startup(): Warning: I_MPI_PMI_LIBRARY will be ignored since the hydra process manager was found
MPI startup(): Warning: I_MPI_PMI_LIBRARY will be ignored since the hydra process manager was found
MPI startup(): Warning: I_MPI_PMI_LIBRARY will be ignored since the hydra process manager was found
MPI startup(): Warning: I_MPI_PMI_LIBRARY will be ignored since the hydra process manager was found
MPI startup(): Warning: I_MPI_PMI_LIBRARY will be ignored since the hydra process manager was found
MPI startup(): Warning: I_MPI_PMI_LIBRARY will be ignored since the hydra process manager was found
MPI startup(): Warning: I_MPI_PMI_LIBRARY will be ignored since the hydra process manager was found
MPI startup(): Warning: I_MPI_PMI_LIBRARY will be ignored since the hydra process manager was found
MPI startup(): Warning: I_MPI_PMI_LIBRARY will be ignored since the hydra process manager was found
MPI startup(): Warning: I_MPI_PMI_LIBRARY will be ignored since the hydra process manager was found
MPI startup(): Warning: I_MPI_PMI_LIBRARY will be ignored since the hydra process manager was found
MPI startup(): Warning: I_MPI_PMI_LIBRARY will be ignored since the hydra process manager was found
MPI startup(): Warning: I_MPI_PMI_LIBRARY will be ignored since the hydra process manager was found
MPI startup(): Warning: I_MPI_PMI_LIBRARY will be ignored since the hydra process manager was found
MPI startup(): Warning: I_MPI_PMI_LIBRARY will be ignored since the hydra process manager was found
MPI startup(): Warning: I_MPI_PMI_LIBRARY will be ignored since the hydra process manager was found
MPI startup(): Warning: I_MPI_PMI_LIBRARY will be ignored since the hydra process manager was found
MPI startup(): Warning: I_MPI_PMI_LIBRARY will be ignored since the hydra process manager was found
MPI startup(): Warning: I_MPI_PMI_LIBRARY will be ignored since the hydra process manager was found
MPI startup(): Warning: I_MPI_PMI_LIBRARY will be ignored since the hydra process manager was found
MPI startup(): Warning: I_MPI_PMI_LIBRARY will be ignored since the hydra process manager was found
MPI startup(): Warning: I_MPI_PMI_LIBRARY will be ignored since the hydra process manager was found
 PROCESS           23  OF           32  WORKING
 PROCESS            7  OF           32  WORKING
 PROCESS            8  OF           32  WORKING
 PROCESS           18  OF           32  WORKING
 PROCESS           20  OF           32  WORKING
 PROCESS            0  OF           32  WORKING
 PROCESS            1  OF           32  WORKING
 PROCESS           21  OF           32  WORKING
 PROCESS            3  OF           32  WORKING
 PROCESS            6  OF           32  WORKING
 PROCESS           28  OF           32  WORKING
 PROCESS           29  OF           32  WORKING
 PROCESS           19  OF           32  WORKING
 PROCESS           31  OF           32  WORKING
 PROCESS           14  OF           32  WORKING
 PROCESS           15  OF           32  WORKING
 PROCESS           16  OF           32  WORKING
 PROCESS            2  OF           32  WORKING
 PROCESS            4  OF           32  WORKING
 PROCESS           22  OF           32  WORKING
 PROCESS           30  OF           32  WORKING
 PROCESS            5  OF           32  WORKING
 PROCESS           24  OF           32  WORKING
 PROCESS           13  OF           32  WORKING
 PROCESS           12  OF           32  WORKING
 PROCESS           17  OF           32  WORKING
 PROCESS           11  OF           32  WORKING
 PROCESS           25  OF           32  WORKING
 PROCESS           26  OF           32  WORKING

 PROCESS           10  OF           32  WORKING
         
 PROCESS           27  OF           32  WORKING
 *******************************************************************************
 *                                                                             *
 *                               CRYSTAL23                                     *
 *                      public : 1.0.1 - October 2022                          *
 *                       HTTP://WWW.CRYSTAL.UNITO.IT                           *
 *                                                                             *
 *                              MAIN AUTHORS                                   *
 *                                                                             *
 *  R. DOVESI(1,11), V.R. SAUNDERS(2), C. ROETTI(1,11), R. ORLANDO(1,11),      *
 *  C.M. ZICOVICH-WILSON(1,3), F. PASCALE(4), B. CIVALLERI(1,11),              *
 *  K. DOLL(5), N.M. HARRISON(6), I.J. BUSH(7), Ph. D'ARCO(8),                 *
 *  M. LLUNELL(9), M. CAUSA'(10), Y. NOEL(8), L. MASCHIO(1,11), A. ERBA(1,11)  *
 *  M. RE'RAT(14), S. CASASSA(1,11), B.G. SEARLE(2), J.K. DESMARAIS(1)         *
 *                                                                             *
 *        CONTRIBUTIONS TO THE CODE HAVE ALSO BEEN GIVEN BY                    *
 *                                                                             *
 *  M. FERRABONE(1,11), M. DE LA PIERRE(1,11), M. FERRERO(1,11),               *
 *  J. BAIMA(1,11), E. ALBANESE(1,11), M.F. PEINTINGER(12), R. BAST(13),       *
 *  B. KIRTMAN(15), V. LACIVITA(1,11), R. DEMICHELIS(1,16)                     *
 *  G. BRANDEBURG(17), S. SALUSTRO(1,11), G. SANSONE(1,11)                     *
 *  M.T. RUGGIERO(18), L.E. DAGA(1), L. DONA'(1), A. COSSARD(1)                *
 *                                                                             *
 * (1) THEORETICAL CHEMISTRY GROUP - UNIVERSITA' DI TORINO - TORINO (ITALY)    *
 * (2) SCIENTIFIC COMPUTING DEPARTMENT - STFC DARESBURY (UK)                   *
 * (3) UNIVERSIDAD AUTONOMA DEL ESTADO DE MORELOS - CUERNAVACA (MEXICO)        *
 * (4) UNIVERSITE' DE LORRAINE - NANCY (FRANCE)                                *
 * (5) UNIVERSITAET STUTTGART- STUTTGART (GERMANY)                             *
 * (6) IMPERIAL COLLEGE - LONDON (UK)                                          *
 * (7) SCIENTIFIC COMPUTING DEPARTMENT - STFC RAL (UK)                         *
 * (8) UPMC - SORBONNE UNIVERSITES - PARIS (FRANCE)                            *
 * (9) UNIVERSIDAD DE BARCELONA - BARCELONA (SPAIN)                            *
 *(10) UNIVERSITA' DI NAPOLI "FEDERICO II" - NAPOLI (ITALY)                    *
 *(11) NIS - NANOSTRUCTURED INTERFACES AND SURFACES - TORINO (ITALY)           *
 *(12) MPI FUER CHEMISCHE ENERGIEKONVERSION - MUELHEIM AN DER RUHR (GERMANY)   *
 *(13) UNIVERSITY OF TROMSO - TROMSO (NORWAY)                                  *
 *(14) UNIVERSITE' DE PAU ET DES PAYS DE L'ADOUR - PAU (FRANCE)                *
 *(15) UNIVERSITY OF CALIFORNIA SANTA BARBARA - SANTA BARBARA (USA)            *
 *(16) CURTIN UNIVERSITY - PERTH (AUSTRALIA)                                   *
 *(17) UNIVERSITY COLLEGE LONDON - LONDON (UK)                                 *
 *(18) UNIVERSITY OF VERMONT - BURLINGTON (USA)                                *
 *                                                                             *
 *******************************************************************************
 EEEEEEEEEE STARTING  DATE 30 01 2026 TIME 23:52:17.0
 ./3^4,4T20-CA_rev1_sp_B3LYP-D3-D3_optimized                                     
 PROCESS            9  OF           32  WORKING

 CRYSTAL CALCULATION
 (INPUT ACCORDING TO THE INTERNATIONAL TABLES FOR X-RAY CRYSTALLOGRAPHY)
 CRYSTAL FAMILY                       :  ORTHORHOMBIC
 CRYSTAL CLASS  (GROTH - 1921)        :  ORTHORHOMBIC BIPYRAMIDAL             

 SPACE GROUP (CENTROSYMMETRIC)        :  P B C A         

 LATTICE PARAMETERS  (ANGSTROMS AND DEGREES) - CONVENTIONAL CELL
        A           B           C        ALPHA        BETA       GAMMA
     5.42924     4.78942    10.66874    90.00000    90.00000    90.00000


 NUMBER OF IRREDUCIBLE ATOMS IN THE CONVENTIONAL CELL:    5

 INPUT COORDINATES

 ATOM AT. N.              COORDINATES
   1   6    -4.789626516777E-01  2.362248503987E-01  1.795227399219E-01
   2   6    -2.685574631487E-01 -4.715954302881E-01 -4.934413069911E-01
   3   6    -2.052071218643E-01 -2.631752826779E-01  6.961346423133E-02
   4   6    -2.118128652347E-01  8.741643650958E-02  3.681991355869E-01
   5   6    -4.078267068771E-01  4.598505139492E-01 -2.085315532164E-01

 *******************************************************************************

 << INFORMATION >>: FROM NOW ON, ALL COORDINATES REFER TO THE PRIMITIVE CELL

 *******************************************************************************

 LATTICE PARAMETERS  (ANGSTROMS AND DEGREES) - PRIMITIVE CELL
       A          B          C        ALPHA      BETA     GAMMA        VOLUME
    5.42924    4.78942   10.66874    90.00000  90.00000  90.00000    277.418286

 COORDINATES OF THE EQUIVALENT ATOMS (FRACTIONAL UNITS)

 N. ATOM EQUIV AT. N.          X                  Y                  Z

   1   1   1    6 C    -4.78962651678E-01  2.36224850399E-01  1.79522739922E-01
   2   1   2    6 C    -2.10373483223E-02 -2.36224850399E-01 -3.20477260078E-01
   3   1   3    6 C     2.10373483223E-02  2.63775149601E-01 -1.79522739922E-01
   4   1   4    6 C     4.78962651678E-01 -2.63775149601E-01  3.20477260078E-01
   5   1   5    6 C     4.78962651678E-01 -2.36224850399E-01 -1.79522739922E-01
   6   1   6    6 C     2.10373483223E-02  2.36224850399E-01  3.20477260078E-01
   7   1   7    6 C    -2.10373483223E-02 -2.63775149601E-01  1.79522739922E-01
   8   1   8    6 C    -4.78962651678E-01  2.63775149601E-01 -3.20477260078E-01

   9   2   1    6 C    -2.68557463149E-01 -4.71595430288E-01 -4.93441306991E-01
  10   2   2    6 C    -2.31442536851E-01  4.71595430288E-01  6.55869300890E-03
  11   2   3    6 C     2.31442536851E-01 -2.84045697119E-02  4.93441306991E-01
  12   2   4    6 C     2.68557463149E-01  2.84045697119E-02 -6.55869300890E-03
  13   2   5    6 C     2.68557463149E-01  4.71595430288E-01  4.93441306991E-01
  14   2   6    6 C     2.31442536851E-01 -4.71595430288E-01 -6.55869300890E-03
  15   2   7    6 C    -2.31442536851E-01  2.84045697119E-02 -4.93441306991E-01
  16   2   8    6 C    -2.68557463149E-01 -2.84045697119E-02  6.55869300890E-03

  17   3   1    6 C    -2.05207121864E-01 -2.63175282678E-01  6.96134642313E-02
  18   3   2    6 C    -2.94792878136E-01  2.63175282678E-01 -4.30386535769E-01
  19   3   3    6 C     2.94792878136E-01 -2.36824717322E-01 -6.96134642313E-02
  20   3   4    6 C     2.05207121864E-01  2.36824717322E-01  4.30386535769E-01
  21   3   5    6 C     2.05207121864E-01  2.63175282678E-01 -6.96134642313E-02
  22   3   6    6 C     2.94792878136E-01 -2.63175282678E-01  4.30386535769E-01
  23   3   7    6 C    -2.94792878136E-01  2.36824717322E-01  6.96134642313E-02
  24   3   8    6 C    -2.05207121864E-01 -2.36824717322E-01 -4.30386535769E-01

  25   4   1    6 C    -2.11812865235E-01  8.74164365096E-02  3.68199135587E-01
  26   4   2    6 C    -2.88187134765E-01 -8.74164365096E-02 -1.31800864413E-01
  27   4   3    6 C     2.88187134765E-01  4.12583563490E-01 -3.68199135587E-01
  28   4   4    6 C     2.11812865235E-01 -4.12583563490E-01  1.31800864413E-01
  29   4   5    6 C     2.11812865235E-01 -8.74164365096E-02 -3.68199135587E-01
  30   4   6    6 C     2.88187134765E-01  8.74164365096E-02  1.31800864413E-01
  31   4   7    6 C    -2.88187134765E-01 -4.12583563490E-01  3.68199135587E-01
  32   4   8    6 C    -2.11812865235E-01  4.12583563490E-01 -1.31800864413E-01

  33   5   1    6 C    -4.07826706877E-01  4.59850513949E-01 -2.08531553216E-01
  34   5   2    6 C    -9.21732931229E-02 -4.59850513949E-01  2.91468446784E-01
  35   5   3    6 C     9.21732931229E-02  4.01494860508E-02  2.08531553216E-01
  36   5   4    6 C     4.07826706877E-01 -4.01494860508E-02 -2.91468446784E-01
  37   5   5    6 C     4.07826706877E-01 -4.59850513949E-01  2.08531553216E-01
  38   5   6    6 C     9.21732931229E-02  4.59850513949E-01 -2.91468446784E-01
  39   5   7    6 C    -9.21732931229E-02 -4.01494860508E-02 -2.08531553216E-01
  40   5   8    6 C    -4.07826706877E-01  4.01494860508E-02  2.91468446784E-01

 NUMBER OF SYMMETRY OPERATORS         :    8
 *******************************************************************************
 * GEOMETRY EDITING - INPUT COORDINATES ARE GIVEN IN ANGSTROM         
 *******************************************************************************

 GEOMETRY NOW FULLY CONSISTENT WITH THE GROUP

 GCALCO - MAX INDICES DIRECT LATTICE VECTOR    17    20     9
 NO.OF VECTORS CREATED 6999 STARS 1064 RMAX   146.25770 BOHR

 GEOMETRY FOR WAVE FUNCTION - DIMENSIONALITY OF THE SYSTEM    3
 (NON PERIODIC DIRECTION: LATTICE PARAMETER FORMALLY SET TO 500)
 *******************************************************************************
 LATTICE PARAMETERS (ANGSTROMS AND DEGREES) - BOHR = 0.5291772083 ANGSTROM
 PRIMITIVE CELL - CENTRING CODE 1/0 VOLUME=   277.418286 - DENSITY  2.873 g/cm^3
         A              B              C           ALPHA      BETA       GAMMA 
     5.42923923     4.78942163    10.66873761    90.000000  90.000000  90.000000
 *******************************************************************************
 ATOMS IN THE ASYMMETRIC UNIT    5 - ATOMS IN THE UNIT CELL:   40
     ATOM                 X/A                 Y/B                 Z/C    
 *******************************************************************************
      1 T   6 C    -4.789626516777E-01  2.362248503987E-01  1.795227399219E-01
      2 F   6 C    -2.103734832230E-02 -2.362248503987E-01 -3.204772600781E-01
      3 F   6 C     2.103734832230E-02  2.637751496013E-01 -1.795227399219E-01
      4 F   6 C     4.789626516777E-01 -2.637751496013E-01  3.204772600781E-01
      5 F   6 C     4.789626516777E-01 -2.362248503987E-01 -1.795227399219E-01
      6 F   6 C     2.103734832230E-02  2.362248503987E-01  3.204772600781E-01
      7 F   6 C    -2.103734832230E-02 -2.637751496013E-01  1.795227399219E-01
      8 F   6 C    -4.789626516777E-01  2.637751496013E-01 -3.204772600781E-01
      9 T   6 C    -2.685574631487E-01 -4.715954302881E-01 -4.934413069911E-01
     10 F   6 C    -2.314425368513E-01  4.715954302881E-01  6.558693008900E-03
     11 F   6 C     2.314425368513E-01 -2.840456971190E-02  4.934413069911E-01
     12 F   6 C     2.685574631487E-01  2.840456971190E-02 -6.558693008900E-03
     13 F   6 C     2.685574631487E-01  4.715954302881E-01  4.934413069911E-01
     14 F   6 C     2.314425368513E-01 -4.715954302881E-01 -6.558693008900E-03
     15 F   6 C    -2.314425368513E-01  2.840456971190E-02 -4.934413069911E-01
     16 F   6 C    -2.685574631487E-01 -2.840456971190E-02  6.558693008900E-03
     17 T   6 C    -2.052071218643E-01 -2.631752826779E-01  6.961346423133E-02
     18 F   6 C    -2.947928781357E-01  2.631752826779E-01 -4.303865357687E-01
     19 F   6 C     2.947928781357E-01 -2.368247173221E-01 -6.961346423133E-02
     20 F   6 C     2.052071218643E-01  2.368247173221E-01  4.303865357687E-01
     21 F   6 C     2.052071218643E-01  2.631752826779E-01 -6.961346423133E-02
     22 F   6 C     2.947928781357E-01 -2.631752826779E-01  4.303865357687E-01
     23 F   6 C    -2.947928781357E-01  2.368247173221E-01  6.961346423133E-02
     24 F   6 C    -2.052071218643E-01 -2.368247173221E-01 -4.303865357687E-01
     25 T   6 C    -2.118128652347E-01  8.741643650958E-02  3.681991355869E-01
     26 F   6 C    -2.881871347653E-01 -8.741643650958E-02 -1.318008644131E-01
     27 F   6 C     2.881871347653E-01  4.125835634904E-01 -3.681991355869E-01
     28 F   6 C     2.118128652347E-01 -4.125835634904E-01  1.318008644131E-01
     29 F   6 C     2.118128652347E-01 -8.741643650958E-02 -3.681991355869E-01
     30 F   6 C     2.881871347653E-01  8.741643650958E-02  1.318008644131E-01
     31 F   6 C    -2.881871347653E-01 -4.125835634904E-01  3.681991355869E-01
     32 F   6 C    -2.118128652347E-01  4.125835634904E-01 -1.318008644131E-01
     33 T   6 C    -4.078267068771E-01  4.598505139492E-01 -2.085315532164E-01
     34 F   6 C    -9.217329312290E-02 -4.598505139492E-01  2.914684467836E-01
     35 F   6 C     9.217329312290E-02  4.014948605080E-02  2.085315532164E-01
     36 F   6 C     4.078267068771E-01 -4.014948605080E-02 -2.914684467836E-01
     37 F   6 C     4.078267068771E-01 -4.598505139492E-01  2.085315532164E-01
     38 F   6 C     9.217329312290E-02  4.598505139492E-01 -2.914684467836E-01
     39 F   6 C    -9.217329312290E-02 -4.014948605080E-02 -2.085315532164E-01
     40 F   6 C    -4.078267068771E-01  4.014948605080E-02  2.914684467836E-01

 T = ATOM BELONGING TO THE ASYMMETRIC UNIT

 ****    8 SYMMOPS - TRANSLATORS IN FRACTIONAL UNITS
 **** MATRICES AND TRANSLATORS IN THE CRYSTALLOGRAPHIC REFERENCE FRAME
   V INV                    ROTATION MATRICES                   TRANSLATORS
   1   1  1.00  0.00  0.00  0.00  1.00  0.00  0.00  0.00  1.00  0.00  0.00  0.00
   2   2 -1.00  0.00  0.00  0.00 -1.00  0.00  0.00  0.00  1.00  0.50  0.00  0.50
   3   3  1.00  0.00  0.00  0.00 -1.00  0.00  0.00  0.00 -1.00  0.50  0.50  0.00
   4   4 -1.00  0.00  0.00  0.00  1.00  0.00  0.00  0.00 -1.00  0.00  0.50  0.50
   5   5 -1.00  0.00  0.00  0.00 -1.00  0.00  0.00  0.00 -1.00  0.00  0.00  0.00
   6   6  1.00  0.00  0.00  0.00  1.00  0.00  0.00  0.00 -1.00  0.50  0.00  0.50
   7   7 -1.00  0.00  0.00  0.00  1.00  0.00  0.00  0.00  1.00  0.50  0.50  0.00
   8   8  1.00  0.00  0.00  0.00 -1.00  0.00  0.00  0.00  1.00  0.00  0.50  0.50

 DIRECT LATTICE VECTORS CARTESIAN COMPONENTS (ANGSTROM)
          X                    Y                    Z
   0.542923923000E+01   0.000000000000E+00   0.000000000000E+00
   0.000000000000E+00   0.478942163000E+01   0.000000000000E+00
   0.000000000000E+00   0.000000000000E+00   0.106687376100E+02


 CARTESIAN COORDINATES - PRIMITIVE CELL
 *******************************************************************************
 *      ATOM          X(ANGSTROM)         Y(ANGSTROM)         Z(ANGSTROM)
 *******************************************************************************
    1     6 C    -2.600402818193E+00  1.131380408043E+00  1.915281007255E+00
    2     6 C    -1.142167968066E-01 -1.131380408043E+00 -3.419087797745E+00
    3     6 C     1.142167968066E-01  1.263330406957E+00 -1.915281007255E+00
    4     6 C     2.600402818193E+00 -1.263330406957E+00  3.419087797745E+00
    5     6 C     2.600402818193E+00 -1.131380408043E+00 -1.915281007255E+00
    6     6 C     1.142167968066E-01  1.131380408043E+00  3.419087797745E+00
    7     6 C    -1.142167968066E-01 -1.263330406957E+00  1.915281007255E+00
    8     6 C    -2.600402818193E+00  1.263330406957E+00 -3.419087797745E+00
    9     6 C    -1.458062714436E+00 -2.258669354431E+00 -5.264395830224E+00
   10     6 C    -1.256556900564E+00  2.258669354431E+00  6.997297477650E-02
   11     6 C     1.256556900564E+00 -1.360414605690E-01  5.264395830224E+00
   12     6 C     1.458062714436E+00  1.360414605690E-01 -6.997297477650E-02
   13     6 C     1.458062714436E+00  2.258669354431E+00  5.264395830224E+00
   14     6 C     1.256556900564E+00 -2.258669354431E+00 -6.997297477650E-02
   15     6 C    -1.256556900564E+00  1.360414605690E-01 -5.264395830224E+00
   16     6 C    -1.458062714436E+00 -1.360414605690E-01  6.997297477650E-02
   17     6 C    -1.114118556301E+00 -1.260457391339E+00  7.426877840072E-01
   18     6 C    -1.600501058699E+00  1.260457391339E+00 -4.591681020993E+00
   19     6 C     1.600501058699E+00 -1.134253423661E+00 -7.426877840072E-01
   20     6 C     1.114118556301E+00  1.134253423661E+00  4.591681020993E+00
   21     6 C     1.114118556301E+00  1.260457391339E+00 -7.426877840072E-01
   22     6 C     1.600501058699E+00 -1.260457391339E+00  4.591681020993E+00
   23     6 C    -1.600501058699E+00  1.134253423661E+00  7.426877840072E-01
   24     6 C    -1.114118556301E+00 -1.134253423661E+00 -4.591681020993E+00
   25     6 C    -1.149982717351E+00  4.186741718365E-01  3.928219965805E+00
   26     6 C    -1.564636897649E+00 -4.186741718365E-01 -1.406148839195E+00
   27     6 C     1.564636897649E+00  1.976036643163E+00 -3.928219965805E+00
   28     6 C     1.149982717351E+00 -1.976036643163E+00  1.406148839195E+00
   29     6 C     1.149982717351E+00 -4.186741718365E-01 -3.928219965805E+00
   30     6 C     1.564636897649E+00  4.186741718365E-01  1.406148839195E+00
   31     6 C    -1.564636897649E+00 -1.976036643163E+00  3.928219965805E+00
   32     6 C    -1.149982717351E+00  1.976036643163E+00 -1.406148839195E+00
   33     6 C    -2.214188756019E+00  2.202417998075E+00 -2.224768424672E+00
   34     6 C    -5.004308589811E-01 -2.202417998075E+00  3.109600380328E+00
   35     6 C     5.004308589811E-01  1.922928169251E-01  2.224768424672E+00
   36     6 C     2.214188756019E+00 -1.922928169251E-01 -3.109600380328E+00
   37     6 C     2.214188756019E+00 -2.202417998075E+00  2.224768424672E+00
   38     6 C     5.004308589811E-01  2.202417998075E+00 -3.109600380328E+00
   39     6 C    -5.004308589811E-01 -1.922928169251E-01 -2.224768424672E+00
   40     6 C    -2.214188756019E+00  1.922928169251E-01  3.109600380328E+00

 *******************************************************************************
 LOCAL ATOMIC FUNCTIONS BASIS SET
 *******************************************************************************
   ATOM   X(AU)   Y(AU)   Z(AU)  N. TYPE  EXPONENT  S COEF   P COEF   D/F/G COEF
 *******************************************************************************
   1 C   -4.914   2.138   3.619
                                  1 S  
                                         1.358E+04 2.225E-04 0.000E+00 0.000E+00
                                         2.035E+03 1.723E-03 0.000E+00 0.000E+00
                                         4.632E+02 8.926E-03 0.000E+00 0.000E+00
                                         1.312E+02 3.573E-02 0.000E+00 0.000E+00
                                         4.285E+01 1.108E-01 0.000E+00 0.000E+00
                                         1.558E+01 2.430E-01 0.000E+00 0.000E+00
                                  2 S  
                                         6.207E+00 4.144E-01 0.000E+00 0.000E+00
                                         2.576E+00 2.374E-01 0.000E+00 0.000E+00
                                  3 S  
                                         4.941E-01 1.000E+00 0.000E+00 0.000E+00
                                  4 S  
                                         1.644E-01 1.000E+00 0.000E+00 0.000E+00
                           5-     7 P  
                                         3.470E+01 0.000E+00 5.333E-03 0.000E+00
                                         7.958E+00 0.000E+00 3.586E-02 0.000E+00
                                         2.378E+00 0.000E+00 1.422E-01 0.000E+00
                                         8.143E-01 0.000E+00 3.427E-01 0.000E+00
                           8-    10 P  
                                         5.662E-01 0.000E+00 1.000E+00 0.000E+00
                          11-    13 P  
                                         2.674E-01 0.000E+00 1.000E+00 0.000E+00
                          14-    18 D  
                                         8.792E-01 0.000E+00 0.000E+00 1.000E+00
   2 C   -0.216  -2.138  -6.461
   3 C    0.216   2.387  -3.619
   4 C    4.914  -2.387   6.461
   5 C    4.914  -2.138  -3.619
   6 C    0.216   2.138   6.461
   7 C   -0.216  -2.387   3.619
   8 C   -4.914   2.387  -6.461
   9 C   -2.755  -4.268  -9.948
  10 C   -2.375   4.268   0.132
  11 C    2.375  -0.257   9.948
  12 C    2.755   0.257  -0.132
  13 C    2.755   4.268   9.948
  14 C    2.375  -4.268  -0.132
  15 C   -2.375   0.257  -9.948
  16 C   -2.755  -0.257   0.132
  17 C   -2.105  -2.382   1.403
  18 C   -3.025   2.382  -8.677
  19 C    3.025  -2.143  -1.403
  20 C    2.105   2.143   8.677
  21 C    2.105   2.382  -1.403
  22 C    3.025  -2.382   8.677
  23 C   -3.025   2.143   1.403
  24 C   -2.105  -2.143  -8.677
  25 C   -2.173   0.791   7.423
  26 C   -2.957  -0.791  -2.657
  27 C    2.957   3.734  -7.423
  28 C    2.173  -3.734   2.657
  29 C    2.173  -0.791  -7.423
  30 C    2.957   0.791   2.657
  31 C   -2.957  -3.734   7.423
  32 C   -2.173   3.734  -2.657
  33 C   -4.184   4.162  -4.204
  34 C   -0.946  -4.162   5.876
  35 C    0.946   0.363   4.204
  36 C    4.184  -0.363  -5.876
  37 C    4.184  -4.162   4.204
  38 C    0.946   4.162  -5.876
  39 C   -0.946  -0.363  -4.204
  40 C   -4.184   0.363   5.876
 INFORMATION **** SET_MPP **** PCRYSTAL CALCULATION
 INFORMATION **** READM2 **** NEW DEFAULT: FOCK/KS MATRIX MIXING SET TO 30 %
 INFORMATION **** READM2 **** NEW DEFAULT: FULL DIRECT SCF MODE
 INFORMATION **** READM2 **** NEW DEFAULT: COULOMB BIPOLAR BUFFER SET TO 32 Mb
 INFORMATION **** READM2 **** NEW DEFAULT: EXCHANGE BIPOLAR BUFFER SET TO 32 Mb

 *******************************************************************************
 NEW DEFAULT: DFT INTEGRATION GRID INCREASED TO XLGRID
 NEW DEFAULT: DIIS ACCELERATOR ACTIVE
 USE KEYWORD NODIIS TO TURN IT OFF
 *******************************************************************************

 INFORMATION **** DFTD3_INPUT **** PERFORM LATEST DISPERSION CORRECTION DFT-D3(BJ) WITH AUTOMATIC PARAMETER SETUP
 PLEASE CITE:
 (1) DFT-D3 Reference
  S. Grimme, J. Antony, S. Ehrlich, and H. Krieg, J. Chem. Phys. 132 (2010), 154104
 (2) BJ-Damping Reference
  S. Grimme, S. Ehrlich, and L. Goerigk, J. Comput. Chem. 32 (2011), 1456-1465
 (3) General DFT-D Review
  S. Grimme, A. Hansen, J. G. Brandenburg, and C. Bannwarth,
  Chem. Rev. 116 (2016), 5105-5154

 INFORMATION **** TOLINTEG **** COULOMB AND EXCHANGE SERIES TOLERANCES MODIFIED
 INFORMATION **** TOLDEE **** SCF TOL ON TOTAL ENERGY SET TO           9
 INFORMATION **** READM2 **** FULL DIRECT SCF (MONO AND BIEL INT) SELECTED
 INFORMATION **** MAXCYCLE **** MAX NUMBER OF SCF CYCLES SET TO         800
 INFORMATION **** DIIS **** DIIS FOR SCF ACTIVE
 INFORMATION **** DIIS **** LEVEL SHIFTER DISABLED
 INFORMATION **** PPAN ****  MULLIKEN POPULATION ANALYSIS AT THE END OF SCF
 *******************************************************************************
 N. OF ATOMS PER CELL        40  COULOMB OVERLAP TOL         (T1) 10**   -8
 NUMBER OF SHELLS           320  COULOMB PENETRATION TOL     (T2) 10**   -8
 NUMBER OF AO               720  EXCHANGE OVERLAP TOL        (T3) 10**   -8
 N. OF ELECTRONS PER CELL   240  EXCHANGE PSEUDO OVP (F(G))  (T4) 10**   -9
 CORE ELECTRONS PER CELL     80  EXCHANGE PSEUDO OVP (P(G))  (T5) 10**  -24
 N. OF SYMMETRY OPERATORS     8  POLE ORDER IN MONO ZONE                  4
 *******************************************************************************
 TYPE OF CALCULATION :  UNRESTRICTED OPEN SHELL
 KOHN-SHAM HAMILTONIAN

 (EXCHANGE)[CORRELATION] FUNCTIONAL:(BECKE 88)[LEE-YANG-PARR]

 NON-LOCAL WEIGHTING FACTOR (EXCHANGE) =           0.9000
 NON-LOCAL WEIGHTING FACTOR [CORRELATION] =        0.8100

 HYBRID EXCHANGE - PERCENTAGE OF FOCK EXCHANGE    20.0000

 SPIN POLARIZED DFT SELECTED

 CAPPA:IS1  9;IS2  9;IS3  9; K PTS MONK NET 125; SYMMOPS:K SPACE   8;G SPACE   8

 *******************************************************************************
 MAX NUMBER OF SCF CYCLES     800  CONVERGENCE ON DELTAP        10**-19
 WEIGHT OF F(I) IN F(I+1)      30% CONVERGENCE ON ENERGY        10**- 9
 SHRINK. FACT.(MONKH.)    9  9  9  NUMBER OF K POINTS IN THE IBZ    125
 SHRINKING FACTOR(GILAT NET)   18  NUMBER OF K POINTS(GILAT NET)   1000
 *******************************************************************************
 *** K POINTS COORDINATES (OBLIQUE COORDINATES IN UNITS OF IS =  9)
   1-R(  0  0  0)   2-C(  1  0  0)   3-C(  2  0  0)   4-C(  3  0  0)
   5-C(  4  0  0)   6-C(  0  1  0)   7-C(  1  1  0)   8-C(  2  1  0)
   9-C(  3  1  0)  10-C(  4  1  0)  11-C(  0  2  0)  12-C(  1  2  0)
  13-C(  2  2  0)  14-C(  3  2  0)  15-C(  4  2  0)  16-C(  0  3  0)
  17-C(  1  3  0)  18-C(  2  3  0)  19-C(  3  3  0)  20-C(  4  3  0)
  21-C(  0  4  0)  22-C(  1  4  0)  23-C(  2  4  0)  24-C(  3  4  0)
  25-C(  4  4  0)  26-C(  0  0  1)  27-C(  1  0  1)  28-C(  2  0  1)
  29-C(  3  0  1)  30-C(  4  0  1)  31-C(  0  1  1)  32-C(  1  1  1)
  33-C(  2  1  1)  34-C(  3  1  1)  35-C(  4  1  1)  36-C(  0  2  1)
  37-C(  1  2  1)  38-C(  2  2  1)  39-C(  3  2  1)  40-C(  4  2  1)
  41-C(  0  3  1)  42-C(  1  3  1)  43-C(  2  3  1)  44-C(  3  3  1)
  45-C(  4  3  1)  46-C(  0  4  1)  47-C(  1  4  1)  48-C(  2  4  1)
  49-C(  3  4  1)  50-C(  4  4  1)  51-C(  0  0  2)  52-C(  1  0  2)
  53-C(  2  0  2)  54-C(  3  0  2)  55-C(  4  0  2)  56-C(  0  1  2)
  57-C(  1  1  2)  58-C(  2  1  2)  59-C(  3  1  2)  60-C(  4  1  2)
  61-C(  0  2  2)  62-C(  1  2  2)  63-C(  2  2  2)  64-C(  3  2  2)
  65-C(  4  2  2)  66-C(  0  3  2)  67-C(  1  3  2)  68-C(  2  3  2)
  69-C(  3  3  2)  70-C(  4  3  2)  71-C(  0  4  2)  72-C(  1  4  2)
  73-C(  2  4  2)  74-C(  3  4  2)  75-C(  4  4  2)  76-C(  0  0  3)
  77-C(  1  0  3)  78-C(  2  0  3)  79-C(  3  0  3)  80-C(  4  0  3)
  81-C(  0  1  3)  82-C(  1  1  3)  83-C(  2  1  3)  84-C(  3  1  3)
  85-C(  4  1  3)  86-C(  0  2  3)  87-C(  1  2  3)  88-C(  2  2  3)
  89-C(  3  2  3)  90-C(  4  2  3)  91-C(  0  3  3)  92-C(  1  3  3)
  93-C(  2  3  3)  94-C(  3  3  3)  95-C(  4  3  3)  96-C(  0  4  3)
  97-C(  1  4  3)  98-C(  2  4  3)  99-C(  3  4  3) 100-C(  4  4  3)
 101-C(  0  0  4) 102-C(  1  0  4) 103-C(  2  0  4) 104-C(  3  0  4)
 105-C(  4  0  4) 106-C(  0  1  4) 107-C(  1  1  4) 108-C(  2  1  4)
 109-C(  3  1  4) 110-C(  4  1  4) 111-C(  0  2  4) 112-C(  1  2  4)
 113-C(  2  2  4) 114-C(  3  2  4) 115-C(  4  2  4) 116-C(  0  3  4)
 117-C(  1  3  4) 118-C(  2  3  4) 119-C(  3  3  4) 120-C(  4  3  4)
 121-C(  0  4  4) 122-C(  1  4  4) 123-C(  2  4  4) 124-C(  3  4  4)
 125-C(  4  4  4)

 DIRECT LATTICE VECTORS COMPON. (A.U.)     RECIP. LATTICE VECTORS COMPON. (A.U.) 
        X            Y            Z              X            Y            Z
   10.2597753    0.0000000    0.0000000      0.6124096    0.0000000    0.0000000
    0.0000000    9.0506952    0.0000000      0.0000000    0.6942213    0.0000000
    0.0000000    0.0000000   20.1609923      0.0000000    0.0000000    0.3116506

 DISK SPACE FOR EIGENVECTORS (FTN 10)   129081600 REALS

 SYMMETRY ADAPTION OF THE BLOCH FUNCTIONS ENABLED
 TTTTTTTTTTTTTTTTTTTTTTTTTTTTTT gordsh1     TELAPSE        2.07 TCPU        0.97

 MATRIX SIZE: P(G) 3914992, F(G)  443268, P(G) IRR  252450, F(G) IRR   57053
 MAX G-VECTOR INDEX FOR 1- AND 2-ELECTRON INTEGRALS 221

 TTTTTTTTTTTTTTTTTTTTTTTTTTTTTT INPUT       TELAPSE        2.09 TCPU        0.98

 NEIGHBORS OF THE NON-EQUIVALENT ATOMS

 N = NUMBER OF NEIGHBORS AT DISTANCE R
    ATOM  N     R/ANG      R/AU   NEIGHBORS (ATOM LABELS AND CELL INDICES)
   1 C    1     1.5380     2.9064   30 C   -1 0 0
   1 C    1     1.5410     2.9121   23 C    0 0 0
   1 C    1     1.5676     2.9624   40 C    0 0 0
   1 C    1     1.6101     3.0426   37 C   -1 1 0
   1 C    1     2.4304     4.5928   28 C   -1 1 0
   1 C    1     2.5133     4.7494   16 C    0 0 0

   9 C    1     1.3547     2.5600   24 C    0 0 0
   9 C    1     1.4445     2.7296   18 C    0-1 0
   9 C    1     1.5067     2.8473   31 C    0 0-1
   9 C    2     2.4032     4.5413   15 C    0 0 0   15 C    0-1 0
   9 C    1     2.4872     4.7001   34 C    0 0-1
   9 C    1     2.5133     4.7494    8 C    0-1 0

  17 C    1     1.3547     2.5600   16 C    0 0 0
  17 C    1     1.4445     2.7296   10 C    0-1 0
  17 C    1     1.5410     2.9121    7 C    0 0 0
  17 C    1     2.3514     4.4435   26 C    0 0 0
  17 C    2     2.4436     4.6177   23 C    0 0 0   23 C    0-1 0
  17 C    1     2.4654     4.6590   28 C    0 0 0

  25 C    1     1.3616     2.5730   40 C    0 0 0
  25 C    1     1.5067     2.8473   15 C    0 0 1
  25 C    1     1.5380     2.9064    6 C    0 0 0
  25 C    1     2.3514     4.4435   18 C    0 0 1
  25 C    1     2.3826     4.5025   35 C    0 0 0
  25 C    1     2.4070     4.5486   34 C    0 1 0

  33 C    1     1.3616     2.5730   32 C    0 0 0
  33 C    1     1.5676     2.9624    8 C    0 0 0
  33 C    1     1.6101     3.0426    5 C   -1 1 0
  33 C    1     2.3826     4.5025   27 C   -1 0 0
  33 C    1     2.4070     4.5486   26 C    0 1 0
  33 C    1     2.4872     4.7001   10 C    0 0 0


 SYMMETRY ALLOWED INTERNAL DEGREE(S) OF FREEDOM:  15
 TTTTTTTTTTTTTTTTTTTTTTTTTTTTTT SYMM        TELAPSE        2.16 TCPU        1.04
 TTTTTTTTTTTTTTTTTTTTTTTTTTTTTT INT_SCREEN  TELAPSE        2.18 TCPU        1.05
 WARNING **** EXCBUF **** EXCH. BIPO BUFFER TOO SMALL - TO AVOID I/O SET EXCHSIZE =     6258222

 DFT PARAMETERS

     ATOM       ELECTRONS   NET CHARGE   R(ANGSTROM)
   1   6  C       6.0000      0.0000     0.77000000

 SIZE OF GRID=     140154
 TTTTTTTTTTTTTTTTTTTTTTTTTTTTTT MAKE_GRID2  TELAPSE        2.94 TCPU        1.66
 BECKE WEIGHT FUNCTION
 RADSAFE =     2.00
 TOLERANCES - DENSITY:10**- 6; POTENTIAL:10**- 9; GRID WGT:10**-14

 RADIAL INTEGRATION  - INTERVALS (POINTS,UPPER LIMIT):            1( 75,  4.0*R)

 ANGULAR INTEGRATION - INTERVALS (ACCURACY LEVEL [N. POINTS] UPPER LIMIT):
  1(  4[  86]   0.2)  2(  8[ 194]   0.5)  3( 12[ 350]   0.9)  4( 16[ 974]   3.5)
  5( 12[ 350]9999.0)
 TTTTTTTTTTTTTTTTTTTTTTTTTTTTTT INT_CALC    TELAPSE        2.96 TCPU        1.67
 EEEEEEEEEE INT_CALC TERMINATION  DATE 30 01 2026 TIME 23:52:18.5

 *******************************************************************************
 ./3^4,4T20-CA_rev1_sp_B3LYP-D3-D3_optimized                                     
 CRYSTAL - SCF - TYPE OF CALCULATION :  UNRESTRICTED OPEN SHELL
 *******************************************************************************

 CAPPA:IS1  9;IS2  9;IS3  9; K PTS MONK NET 125; SYMMOPS:K SPACE   8;G SPACE   8

 TTTTTTTTTTTTTTTTTTTTTTTTTTTTTT SDIK        TELAPSE        5.22 TCPU        3.81

 AAAAAAAAAAAAAAAAAAAAAAAAAAAAAAAAAAAAAAAAAAAAAAAAAAAAAAAAAAAAAAAAAAAAAAAAAAAAAAA
         ATOMIC WAVEFUNCTION(S)


 NUCLEAR CHARGE  6.0  SYMMETRY SPECIES            S    P
 N. ELECTRONS    6.0  NUMBER OF PRIMITIVE GTOS   10    6
                      NUMBER OF CONTRACTED GTOS   4    3
                      NUMBER OF CLOSED SHELLS     2    0
                      OPEN SHELL OCCUPATION       0    2

  ZNUC  SCFIT    TOTAL HF ENERGY   KINETIC ENERGY   VIRIAL THEOREM ACCURACY
   6.0    10    -3.766702350E+01  3.783137943E+01 -1.995655566E+00  1.6E-06

 AAAAAAAAAAAAAAAAAAAAAAAAAAAAAAAAAAAAAAAAAAAAAAAAAAAAAAAAAAAAAAAAAAAAAAAAAAAAAAA

 CHARGE NORMALIZATION FACTOR   1.00000000
 TOTAL ATOMIC CHARGES:
   6.0000000   6.0000000   6.0000000   6.0000000   6.0000000   6.0000000
   6.0000000   6.0000000   6.0000000   6.0000000   6.0000000   6.0000000
   6.0000000   6.0000000   6.0000000   6.0000000   6.0000000   6.0000000
   6.0000000   6.0000000   6.0000000   6.0000000   6.0000000   6.0000000
   6.0000000   6.0000000   6.0000000   6.0000000   6.0000000   6.0000000
   6.0000000   6.0000000   6.0000000   6.0000000   6.0000000   6.0000000
   6.0000000   6.0000000   6.0000000   6.0000000
 SUMMED SPIN DENSITY           0.00000000
 TOTAL ATOMIC SPINS  :
   0.0000000   0.0000000   0.0000000   0.0000000   0.0000000   0.0000000
   0.0000000   0.0000000   0.0000000   0.0000000   0.0000000   0.0000000
   0.0000000   0.0000000   0.0000000   0.0000000   0.0000000   0.0000000
   0.0000000   0.0000000   0.0000000   0.0000000   0.0000000   0.0000000
   0.0000000   0.0000000   0.0000000   0.0000000   0.0000000   0.0000000
   0.0000000   0.0000000   0.0000000   0.0000000   0.0000000   0.0000000
   0.0000000   0.0000000   0.0000000   0.0000000
 TTTTTTTTTTTTTTTTTTTTTTTTTTTTTT MOQGAD      TELAPSE        5.24 TCPU        3.83
 TTTTTTTTTTTTTTTTTTTTTTTTTTTTTT SHELLXN     TELAPSE       67.41 TCPU       65.98
 TTTTTTTTTTTTTTTTTTTTTTTTTTTTTT MONMO3      TELAPSE       67.55 TCPU       66.11
 NUMERICALLY INTEGRATED DENSITY    120.0001039948    120.0001039948
 TTTTTTTTTTTTTTTTTTTTTTTTTTTTTT NUMDFT      TELAPSE       68.67 TCPU       67.23
 CYC   0 ETOT(AU) -1.534127497439E+03 DETOT -1.53E+03 tst  0.00E+00 PX  1.00E+00
 TTTTTTTTTTTTTTTTTTTTTTTTTTTTTT DIIS        TELAPSE       69.11 TCPU       67.51
 TTTTTTTTTTTTTTTTTTTTTTTTTTTTTT FDIK        TELAPSE      121.88 TCPU      120.05

    ALPHA      ELECTRONS
 INSULATING STATE
 TOP OF VALENCE BANDS -    BAND    120; K    1; EIG -1.6894192E-01 AU
 BOTTOM OF VIRTUAL BANDS - BAND    121; K    2; EIG -1.5726482E-01 AU
 INDIRECT ENERGY BAND GAP:   0.3178 eV
 BOTTOM OF VIRTUAL BANDS - BAND    121; K    1; EIG -1.5725175E-01 AU

    BETA       ELECTRONS
 INSULATING STATE
 TOP OF VALENCE BANDS -    BAND    120; K    1; EIG -1.6894192E-01 AU
 BOTTOM OF VIRTUAL BANDS - BAND    121; K    2; EIG -1.5726482E-01 AU
 INDIRECT ENERGY BAND GAP:   0.3178 eV
 BOTTOM OF VIRTUAL BANDS - BAND    121; K    1; EIG -1.5725175E-01 AU
 TTTTTTTTTTTTTTTTTTTTTTTTTTTTTT PDIG        TELAPSE      123.16 TCPU      121.30
 CHARGE NORMALIZATION FACTOR   1.00000000
 TOTAL ATOMIC CHARGES:
   5.8836022   5.8836022   5.8836022   5.8836022   5.8836022   5.8836022
   5.8836022   5.8836022   6.0340034   6.0340034   6.0340034   6.0340034
   6.0340034   6.0340034   6.0340034   6.0340034   6.0596396   6.0596396
   6.0596396   6.0596396   6.0596396   6.0596396   6.0596396   6.0596396
   6.0016813   6.0016813   6.0016813   6.0016813   6.0016813   6.0016813
   6.0016813   6.0016813   6.0210735   6.0210735   6.0210735   6.0210735
   6.0210735   6.0210735   6.0210735   6.0210735
 SUMMED SPIN DENSITY          -0.00000000
 TOTAL ATOMIC SPINS  :
   0.0000000   0.0000000   0.0000000   0.0000000   0.0000000   0.0000000
   0.0000000   0.0000000  -0.0000000  -0.0000000  -0.0000000  -0.0000000
  -0.0000000  -0.0000000  -0.0000000  -0.0000000   0.0000000   0.0000000
   0.0000000   0.0000000   0.0000000   0.0000000   0.0000000   0.0000000
   0.0000000   0.0000000   0.0000000   0.0000000   0.0000000   0.0000000
   0.0000000   0.0000000  -0.0000000  -0.0000000  -0.0000000  -0.0000000
  -0.0000000  -0.0000000  -0.0000000  -0.0000000
 TTTTTTTTTTTTTTTTTTTTTTTTTTTTTT MOQGAD      TELAPSE      123.17 TCPU      121.31
 TTTTTTTTTTTTTTTTTTTTTTTTTTTTTT SHELLXN     TELAPSE      188.32 TCPU      186.39
 TTTTTTTTTTTTTTTTTTTTTTTTTTTTTT MONMO3      TELAPSE      188.46 TCPU      186.52
 NUMERICALLY INTEGRATED DENSITY    120.0000839006    120.0000839006
 TTTTTTTTTTTTTTTTTTTTTTTTTTTTTT NUMDFT      TELAPSE      189.54 TCPU      187.60
 CYC   1 ETOT(AU) -1.522589613865E+03 DETOT  1.15E+01 tst  0.00E+00 PX  1.00E+00
 TTTTTTTTTTTTTTTTTTTTTTTTTTTTTT DIIS        TELAPSE      189.96 TCPU      188.02
 DIIS TEST: 0.12733E+01 AT SCF   CYCLE   1 - MIX   30 %
 TTTTTTTTTTTTTTTTTTTTTTTTTTTTTT FDIK        TELAPSE      204.58 TCPU      202.61

    ALPHA      ELECTRONS
 INSULATING STATE
 TOP OF VALENCE BANDS -    BAND    120; K   11; EIG -1.0691953E-01 AU
 TOP OF VALENCE BANDS -    BAND    120; K    1; EIG -1.1736206E-01 AU
 BOTTOM OF VIRTUAL BANDS - BAND    121; K    3; EIG -7.5451127E-02 AU
 INDIRECT ENERGY BAND GAP:   0.8563 eV
 BOTTOM OF VIRTUAL BANDS - BAND    121; K    1; EIG -7.3215105E-02 AU

    BETA       ELECTRONS
 INSULATING STATE
 TOP OF VALENCE BANDS -    BAND    120; K   11; EIG -1.0691953E-01 AU
 TOP OF VALENCE BANDS -    BAND    120; K    1; EIG -1.1736206E-01 AU
 BOTTOM OF VIRTUAL BANDS - BAND    121; K    3; EIG -7.5451127E-02 AU
 INDIRECT ENERGY BAND GAP:   0.8563 eV
 BOTTOM OF VIRTUAL BANDS - BAND    121; K    1; EIG -7.3215105E-02 AU
 TTTTTTTTTTTTTTTTTTTTTTTTTTTTTT PDIG        TELAPSE      205.87 TCPU      203.84
 CHARGE NORMALIZATION FACTOR   1.00000000
 TOTAL ATOMIC CHARGES:
   6.0546265   6.0546265   6.0546265   6.0546265   6.0546265   6.0546265
   6.0546265   6.0546265   5.9537344   5.9537344   5.9537344   5.9537344
   5.9537344   5.9537344   5.9537344   5.9537344   5.9575254   5.9575254
   5.9575254   5.9575254   5.9575254   5.9575254   5.9575254   5.9575254
   6.0101702   6.0101702   6.0101702   6.0101702   6.0101702   6.0101702
   6.0101702   6.0101702   6.0239434   6.0239434   6.0239434   6.0239434
   6.0239434   6.0239434   6.0239434   6.0239434
 SUMMED SPIN DENSITY          -0.00000000
 TOTAL ATOMIC SPINS  :
   0.0000000   0.0000000   0.0000000   0.0000000   0.0000000   0.0000000
   0.0000000   0.0000000   0.0000000   0.0000000   0.0000000   0.0000000
   0.0000000   0.0000000   0.0000000   0.0000000  -0.0000000  -0.0000000
  -0.0000000  -0.0000000  -0.0000000  -0.0000000  -0.0000000  -0.0000000
  -0.0000000  -0.0000000  -0.0000000  -0.0000000  -0.0000000  -0.0000000
  -0.0000000  -0.0000000  -0.0000000  -0.0000000  -0.0000000  -0.0000000
  -0.0000000  -0.0000000  -0.0000000  -0.0000000
 TTTTTTTTTTTTTTTTTTTTTTTTTTTTTT MOQGAD      TELAPSE      205.89 TCPU      203.85
 TTTTTTTTTTTTTTTTTTTTTTTTTTTTTT SHELLXN     TELAPSE      270.97 TCPU      268.92
 TTTTTTTTTTTTTTTTTTTTTTTTTTTTTT MONMO3      TELAPSE      271.10 TCPU      269.05
 NUMERICALLY INTEGRATED DENSITY    120.0000927005    120.0000927005
 TTTTTTTTTTTTTTTTTTTTTTTTTTTTTT NUMDFT      TELAPSE      272.19 TCPU      270.14
 CYC   2 ETOT(AU) -1.522679729998E+03 DETOT -9.01E-02 tst  3.09E-03 PX  7.84E-02
 TTTTTTTTTTTTTTTTTTTTTTTTTTTTTT DIIS        TELAPSE      272.60 TCPU      270.49
 DIIS TEST: 0.54875E+00 AT SCF   CYCLE   2 - DIIS ACTIVE - HISTORY:     2 CYCLES
 TTTTTTTTTTTTTTTTTTTTTTTTTTTTTT FDIK        TELAPSE      286.07 TCPU      283.94

    ALPHA      ELECTRONS
 INSULATING STATE
 TOP OF VALENCE BANDS -    BAND    120; K   11; EIG -9.4969287E-02 AU
 TOP OF VALENCE BANDS -    BAND    120; K    1; EIG -9.8942140E-02 AU
 BOTTOM OF VIRTUAL BANDS - BAND    121; K    3; EIG -6.5039406E-02 AU
 INDIRECT ENERGY BAND GAP:   0.8144 eV
 BOTTOM OF VIRTUAL BANDS - BAND    121; K    1; EIG -6.3835833E-02 AU

    BETA       ELECTRONS
 INSULATING STATE
 TOP OF VALENCE BANDS -    BAND    120; K   11; EIG -9.4969287E-02 AU
 TOP OF VALENCE BANDS -    BAND    120; K    1; EIG -9.8942140E-02 AU
 BOTTOM OF VIRTUAL BANDS - BAND    121; K    3; EIG -6.5039406E-02 AU
 INDIRECT ENERGY BAND GAP:   0.8144 eV
 BOTTOM OF VIRTUAL BANDS - BAND    121; K    1; EIG -6.3835833E-02 AU
 TTTTTTTTTTTTTTTTTTTTTTTTTTTTTT PDIG        TELAPSE      287.35 TCPU      285.19
 CHARGE NORMALIZATION FACTOR   1.00000000
 TOTAL ATOMIC CHARGES:
   5.9466559   5.9466559   5.9466559   5.9466559   5.9466559   5.9466559
   5.9466559   5.9466559   6.0627212   6.0627212   6.0627212   6.0627212
   6.0627212   6.0627212   6.0627212   6.0627212   5.9906223   5.9906223
   5.9906223   5.9906223   5.9906223   5.9906223   5.9906223   5.9906223
   6.0408003   6.0408003   6.0408003   6.0408003   6.0408003   6.0408003
   6.0408003   6.0408003   5.9592003   5.9592003   5.9592003   5.9592003
   5.9592003   5.9592003   5.9592003   5.9592003
 SUMMED SPIN DENSITY          -0.00000000
 TOTAL ATOMIC SPINS  :
   0.0000000   0.0000000   0.0000000   0.0000000   0.0000000   0.0000000
   0.0000000   0.0000000  -0.0000000  -0.0000000  -0.0000000  -0.0000000
  -0.0000000  -0.0000000  -0.0000000  -0.0000000  -0.0000000  -0.0000000
  -0.0000000  -0.0000000  -0.0000000  -0.0000000  -0.0000000  -0.0000000
   0.0000000   0.0000000   0.0000000   0.0000000   0.0000000   0.0000000
   0.0000000   0.0000000   0.0000000   0.0000000   0.0000000   0.0000000
   0.0000000   0.0000000   0.0000000   0.0000000
 TTTTTTTTTTTTTTTTTTTTTTTTTTTTTT MOQGAD      TELAPSE      287.36 TCPU      285.21
 TTTTTTTTTTTTTTTTTTTTTTTTTTTTTT SHELLXN     TELAPSE      352.46 TCPU      350.30
 TTTTTTTTTTTTTTTTTTTTTTTTTTTTTT MONMO3      TELAPSE      352.59 TCPU      350.43
 NUMERICALLY INTEGRATED DENSITY    120.0000940724    120.0000940724
 TTTTTTTTTTTTTTTTTTTTTTTTTTTTTT NUMDFT      TELAPSE      353.68 TCPU      351.51
 CYC   3 ETOT(AU) -1.522698229088E+03 DETOT -1.85E-02 tst  6.40E-04 PX  3.73E-02
 TTTTTTTTTTTTTTTTTTTTTTTTTTTTTT DIIS        TELAPSE      354.08 TCPU      351.89
 DIIS TEST: 0.27158E+00 AT SCF   CYCLE   3 - DIIS ACTIVE - HISTORY:     3 CYCLES
 TTTTTTTTTTTTTTTTTTTTTTTTTTTTTT FDIK        TELAPSE      369.23 TCPU      366.96

    ALPHA      ELECTRONS
 INSULATING STATE
 TOP OF VALENCE BANDS -    BAND    120; K   11; EIG -1.0052031E-01 AU
 TOP OF VALENCE BANDS -    BAND    120; K    1; EIG -1.0807947E-01 AU
 BOTTOM OF VIRTUAL BANDS - BAND    121; K    3; EIG -6.3922777E-02 AU
 INDIRECT ENERGY BAND GAP:   0.9959 eV
 BOTTOM OF VIRTUAL BANDS - BAND    121; K    1; EIG -6.2998290E-02 AU

    BETA       ELECTRONS
 INSULATING STATE
 TOP OF VALENCE BANDS -    BAND    120; K   11; EIG -1.0052031E-01 AU
 TOP OF VALENCE BANDS -    BAND    120; K    1; EIG -1.0807947E-01 AU
 BOTTOM OF VIRTUAL BANDS - BAND    121; K    3; EIG -6.3922777E-02 AU
 INDIRECT ENERGY BAND GAP:   0.9959 eV
 BOTTOM OF VIRTUAL BANDS - BAND    121; K    1; EIG -6.2998290E-02 AU
 TTTTTTTTTTTTTTTTTTTTTTTTTTTTTT PDIG        TELAPSE      370.53 TCPU      368.23
 CHARGE NORMALIZATION FACTOR   1.00000000
 TOTAL ATOMIC CHARGES:
   5.9525846   5.9525846   5.9525846   5.9525846   5.9525846   5.9525846
   5.9525846   5.9525846   5.9944915   5.9944915   5.9944915   5.9944915
   5.9944915   5.9944915   5.9944915   5.9944915   6.0172456   6.0172456
   6.0172456   6.0172456   6.0172456   6.0172456   6.0172456   6.0172456
   5.9939548   5.9939548   5.9939548   5.9939548   5.9939548   5.9939548
   5.9939548   5.9939548   6.0417235   6.0417235   6.0417235   6.0417235
   6.0417235   6.0417235   6.0417235   6.0417235
 SUMMED SPIN DENSITY          -0.00000000
 TOTAL ATOMIC SPINS  :
   0.0000000   0.0000000   0.0000000   0.0000000   0.0000000   0.0000000
   0.0000000   0.0000000   0.0000000   0.0000000   0.0000000   0.0000000
   0.0000000   0.0000000   0.0000000   0.0000000  -0.0000000  -0.0000000
  -0.0000000  -0.0000000  -0.0000000  -0.0000000  -0.0000000  -0.0000000
  -0.0000000  -0.0000000  -0.0000000  -0.0000000  -0.0000000  -0.0000000
  -0.0000000  -0.0000000   0.0000000   0.0000000   0.0000000   0.0000000
   0.0000000   0.0000000   0.0000000   0.0000000
 TTTTTTTTTTTTTTTTTTTTTTTTTTTTTT MOQGAD      TELAPSE      370.54 TCPU      368.24
 TTTTTTTTTTTTTTTTTTTTTTTTTTTTTT SHELLXN     TELAPSE      435.62 TCPU      433.32
 TTTTTTTTTTTTTTTTTTTTTTTTTTTTTT MONMO3      TELAPSE      435.76 TCPU      433.45
 NUMERICALLY INTEGRATED DENSITY    120.0000935202    120.0000935202
 TTTTTTTTTTTTTTTTTTTTTTTTTTTTTT NUMDFT      TELAPSE      436.84 TCPU      434.54
 CYC   4 ETOT(AU) -1.522710385105E+03 DETOT -1.22E-02 tst  2.39E-04 PX  1.60E-02
 TTTTTTTTTTTTTTTTTTTTTTTTTTTTTT DIIS        TELAPSE      437.24 TCPU      434.92
 DIIS TEST: 0.45740E-01 AT SCF   CYCLE   4 - DIIS ACTIVE - HISTORY:     4 CYCLES
 TTTTTTTTTTTTTTTTTTTTTTTTTTTTTT FDIK        TELAPSE      449.74 TCPU      447.42

    ALPHA      ELECTRONS
 INSULATING STATE
 TOP OF VALENCE BANDS -    BAND    120; K   11; EIG -1.0121884E-01 AU
 TOP OF VALENCE BANDS -    BAND    120; K    1; EIG -1.0857043E-01 AU
 BOTTOM OF VIRTUAL BANDS - BAND    121; K    3; EIG -6.4154784E-02 AU
 INDIRECT ENERGY BAND GAP:   1.0086 eV
 BOTTOM OF VIRTUAL BANDS - BAND    121; K    1; EIG -6.3049315E-02 AU

    BETA       ELECTRONS
 INSULATING STATE
 TOP OF VALENCE BANDS -    BAND    120; K   11; EIG -1.0121884E-01 AU
 TOP OF VALENCE BANDS -    BAND    120; K    1; EIG -1.0857043E-01 AU
 BOTTOM OF VIRTUAL BANDS - BAND    121; K    3; EIG -6.4154784E-02 AU
 INDIRECT ENERGY BAND GAP:   1.0086 eV
 BOTTOM OF VIRTUAL BANDS - BAND    121; K    1; EIG -6.3049315E-02 AU
 TTTTTTTTTTTTTTTTTTTTTTTTTTTTTT PDIG        TELAPSE      451.01 TCPU      448.69
 CHARGE NORMALIZATION FACTOR   1.00000000
 TOTAL ATOMIC CHARGES:
   5.9670989   5.9670989   5.9670989   5.9670989   5.9670989   5.9670989
   5.9670989   5.9670989   6.0101001   6.0101001   6.0101001   6.0101001
   6.0101001   6.0101001   6.0101001   6.0101001   5.9925109   5.9925109
   5.9925109   5.9925109   5.9925109   5.9925109   5.9925109   5.9925109
   6.0253331   6.0253331   6.0253331   6.0253331   6.0253331   6.0253331
   6.0253331   6.0253331   6.0049570   6.0049570   6.0049570   6.0049570
   6.0049570   6.0049570   6.0049570   6.0049570
 SUMMED SPIN DENSITY          -0.00000000
 TOTAL ATOMIC SPINS  :
   0.0000000   0.0000000   0.0000000   0.0000000   0.0000000   0.0000000
   0.0000000   0.0000000  -0.0000000  -0.0000000  -0.0000000  -0.0000000
  -0.0000000  -0.0000000  -0.0000000  -0.0000000   0.0000000   0.0000000
   0.0000000   0.0000000   0.0000000   0.0000000   0.0000000   0.0000000
  -0.0000000  -0.0000000  -0.0000000  -0.0000000  -0.0000000  -0.0000000
  -0.0000000  -0.0000000   0.0000000   0.0000000   0.0000000   0.0000000
   0.0000000   0.0000000   0.0000000   0.0000000
 TTTTTTTTTTTTTTTTTTTTTTTTTTTTTT MOQGAD      TELAPSE      451.03 TCPU      448.70
 TTTTTTTTTTTTTTTTTTTTTTTTTTTTTT SHELLXN     TELAPSE      516.12 TCPU      513.78
 TTTTTTTTTTTTTTTTTTTTTTTTTTTTTT MONMO3      TELAPSE      516.25 TCPU      513.92
 NUMERICALLY INTEGRATED DENSITY    120.0000933315    120.0000933315
 TTTTTTTTTTTTTTTTTTTTTTTTTTTTTT NUMDFT      TELAPSE      517.34 TCPU      515.00
 CYC   5 ETOT(AU) -1.522712806625E+03 DETOT -2.42E-03 tst  2.02E-05 PX  5.08E-03
 TTTTTTTTTTTTTTTTTTTTTTTTTTTTTT DIIS        TELAPSE      517.75 TCPU      515.40
 DIIS TEST: 0.25053E-02 AT SCF   CYCLE   5 - DIIS ACTIVE - HISTORY:     5 CYCLES
 TTTTTTTTTTTTTTTTTTTTTTTTTTTTTT FDIK        TELAPSE      531.36 TCPU      529.00

    ALPHA      ELECTRONS
 INSULATING STATE
 TOP OF VALENCE BANDS -    BAND    120; K   11; EIG -1.0128737E-01 AU
 TOP OF VALENCE BANDS -    BAND    120; K    1; EIG -1.0819772E-01 AU
 BOTTOM OF VIRTUAL BANDS - BAND    121; K    3; EIG -6.4079099E-02 AU
 INDIRECT ENERGY BAND GAP:   1.0125 eV
 BOTTOM OF VIRTUAL BANDS - BAND    121; K    1; EIG -6.3018695E-02 AU

    BETA       ELECTRONS
 INSULATING STATE
 TOP OF VALENCE BANDS -    BAND    120; K   11; EIG -1.0128737E-01 AU
 TOP OF VALENCE BANDS -    BAND    120; K    1; EIG -1.0819772E-01 AU
 BOTTOM OF VIRTUAL BANDS - BAND    121; K    3; EIG -6.4079099E-02 AU
 INDIRECT ENERGY BAND GAP:   1.0125 eV
 BOTTOM OF VIRTUAL BANDS - BAND    121; K    1; EIG -6.3018695E-02 AU
 TTTTTTTTTTTTTTTTTTTTTTTTTTTTTT PDIG        TELAPSE      532.63 TCPU      530.24
 CHARGE NORMALIZATION FACTOR   1.00000000
 TOTAL ATOMIC CHARGES:
   5.9688716   5.9688716   5.9688716   5.9688716   5.9688716   5.9688716
   5.9688716   5.9688716   6.0135612   6.0135612   6.0135612   6.0135612
   6.0135612   6.0135612   6.0135612   6.0135612   5.9965385   5.9965385
   5.9965385   5.9965385   5.9965385   5.9965385   5.9965385   5.9965385
   6.0116900   6.0116900   6.0116900   6.0116900   6.0116900   6.0116900
   6.0116900   6.0116900   6.0093388   6.0093388   6.0093388   6.0093388
   6.0093388   6.0093388   6.0093388   6.0093388
 SUMMED SPIN DENSITY          -0.00000000
 TOTAL ATOMIC SPINS  :
  -0.0000000  -0.0000000  -0.0000000  -0.0000000  -0.0000000  -0.0000000
  -0.0000000  -0.0000000  -0.0000000  -0.0000000  -0.0000000  -0.0000000
  -0.0000000  -0.0000000  -0.0000000  -0.0000000   0.0000000   0.0000000
   0.0000000   0.0000000   0.0000000   0.0000000   0.0000000   0.0000000
  -0.0000000  -0.0000000  -0.0000000  -0.0000000  -0.0000000  -0.0000000
  -0.0000000  -0.0000000   0.0000000   0.0000000   0.0000000   0.0000000
   0.0000000   0.0000000   0.0000000   0.0000000
 TTTTTTTTTTTTTTTTTTTTTTTTTTTTTT MOQGAD      TELAPSE      532.65 TCPU      530.26
 TTTTTTTTTTTTTTTTTTTTTTTTTTTTTT SHELLXN     TELAPSE      597.74 TCPU      595.34
 TTTTTTTTTTTTTTTTTTTTTTTTTTTTTT MONMO3      TELAPSE      597.87 TCPU      595.47
 NUMERICALLY INTEGRATED DENSITY    120.0000934332    120.0000934332
 TTTTTTTTTTTTTTTTTTTTTTTTTTTTTT NUMDFT      TELAPSE      598.95 TCPU      596.55
 CYC   6 ETOT(AU) -1.522712929417E+03 DETOT -1.23E-04 tst  2.05E-06 PX  2.36E-03
 TTTTTTTTTTTTTTTTTTTTTTTTTTTTTT DIIS        TELAPSE      599.34 TCPU      596.94
 DIIS TEST: 0.72908E-03 AT SCF   CYCLE   6 - DIIS ACTIVE - HISTORY:     6 CYCLES
 TTTTTTTTTTTTTTTTTTTTTTTTTTTTTT FDIK        TELAPSE      615.83 TCPU      610.04

    ALPHA      ELECTRONS
 INSULATING STATE
 TOP OF VALENCE BANDS -    BAND    120; K   11; EIG -1.0133743E-01 AU
 TOP OF VALENCE BANDS -    BAND    120; K    1; EIG -1.0846414E-01 AU
 BOTTOM OF VIRTUAL BANDS - BAND    121; K    3; EIG -6.3783999E-02 AU
 INDIRECT ENERGY BAND GAP:   1.0219 eV
 BOTTOM OF VIRTUAL BANDS - BAND    121; K    1; EIG -6.2720102E-02 AU

    BETA       ELECTRONS
 INSULATING STATE
 TOP OF VALENCE BANDS -    BAND    120; K   11; EIG -1.0133743E-01 AU
 TOP OF VALENCE BANDS -    BAND    120; K    1; EIG -1.0846414E-01 AU
 BOTTOM OF VIRTUAL BANDS - BAND    121; K    3; EIG -6.3783999E-02 AU
 INDIRECT ENERGY BAND GAP:   1.0219 eV
 BOTTOM OF VIRTUAL BANDS - BAND    121; K    1; EIG -6.2720102E-02 AU
 TTTTTTTTTTTTTTTTTTTTTTTTTTTTTT PDIG        TELAPSE      617.11 TCPU      611.32
 CHARGE NORMALIZATION FACTOR   1.00000000
 TOTAL ATOMIC CHARGES:
   5.9658378   5.9658378   5.9658378   5.9658378   5.9658378   5.9658378
   5.9658378   5.9658378   6.0109110   6.0109110   6.0109110   6.0109110
   6.0109110   6.0109110   6.0109110   6.0109110   5.9966051   5.9966051
   5.9966051   5.9966051   5.9966051   5.9966051   5.9966051   5.9966051
   6.0163871   6.0163871   6.0163871   6.0163871   6.0163871   6.0163871
   6.0163871   6.0163871   6.0102590   6.0102590   6.0102590   6.0102590
   6.0102590   6.0102590   6.0102590   6.0102590
 SUMMED SPIN DENSITY          -0.00000000
 TOTAL ATOMIC SPINS  :
  -0.0000000  -0.0000000  -0.0000000  -0.0000000  -0.0000000  -0.0000000
  -0.0000000  -0.0000000  -0.0000000  -0.0000000  -0.0000000  -0.0000000
  -0.0000000  -0.0000000  -0.0000000  -0.0000000   0.0000000   0.0000000
   0.0000000   0.0000000   0.0000000   0.0000000   0.0000000   0.0000000
  -0.0000000  -0.0000000  -0.0000000  -0.0000000  -0.0000000  -0.0000000
  -0.0000000  -0.0000000   0.0000000   0.0000000   0.0000000   0.0000000
   0.0000000   0.0000000   0.0000000   0.0000000
 TTTTTTTTTTTTTTTTTTTTTTTTTTTTTT MOQGAD      TELAPSE      617.12 TCPU      611.33
 TTTTTTTTTTTTTTTTTTTTTTTTTTTTTT SHELLXN     TELAPSE      682.25 TCPU      676.45
 TTTTTTTTTTTTTTTTTTTTTTTTTTTTTT MONMO3      TELAPSE      682.38 TCPU      676.58
 NUMERICALLY INTEGRATED DENSITY    120.0000934551    120.0000934551
 TTTTTTTTTTTTTTTTTTTTTTTTTTTTTT NUMDFT      TELAPSE      683.48 TCPU      677.68
 CYC   7 ETOT(AU) -1.522712975993E+03 DETOT -4.66E-05 tst  7.45E-07 PX  7.49E-04
 TTTTTTTTTTTTTTTTTTTTTTTTTTTTTT DIIS        TELAPSE      683.92 TCPU      678.12
 DIIS TEST: 0.52364E-05 AT SCF   CYCLE   7 - DIIS ACTIVE - HISTORY:     7 CYCLES
 TTTTTTTTTTTTTTTTTTTTTTTTTTTTTT FDIK        TELAPSE      698.59 TCPU      692.78

    ALPHA      ELECTRONS
 INSULATING STATE
 TOP OF VALENCE BANDS -    BAND    120; K   11; EIG -1.0137304E-01 AU
 TOP OF VALENCE BANDS -    BAND    120; K    1; EIG -1.0847879E-01 AU
 BOTTOM OF VIRTUAL BANDS - BAND    121; K    3; EIG -6.3750080E-02 AU
 INDIRECT ENERGY BAND GAP:   1.0238 eV
 BOTTOM OF VIRTUAL BANDS - BAND    121; K    1; EIG -6.2682464E-02 AU

    BETA       ELECTRONS
 INSULATING STATE
 TOP OF VALENCE BANDS -    BAND    120; K   11; EIG -1.0137304E-01 AU
 TOP OF VALENCE BANDS -    BAND    120; K    1; EIG -1.0847879E-01 AU
 BOTTOM OF VIRTUAL BANDS - BAND    121; K    3; EIG -6.3750080E-02 AU
 INDIRECT ENERGY BAND GAP:   1.0238 eV
 BOTTOM OF VIRTUAL BANDS - BAND    121; K    1; EIG -6.2682464E-02 AU
 TTTTTTTTTTTTTTTTTTTTTTTTTTTTTT PDIG        TELAPSE      699.86 TCPU      694.04
 CHARGE NORMALIZATION FACTOR   1.00000000
 TOTAL ATOMIC CHARGES:
   5.9660479   5.9660479   5.9660479   5.9660479   5.9660479   5.9660479
   5.9660479   5.9660479   6.0111145   6.0111145   6.0111145   6.0111145
   6.0111145   6.0111145   6.0111145   6.0111145   5.9965778   5.9965778
   5.9965778   5.9965778   5.9965778   5.9965778   5.9965778   5.9965778
   6.0161155   6.0161155   6.0161155   6.0161155   6.0161155   6.0161155
   6.0161155   6.0161155   6.0101442   6.0101442   6.0101442   6.0101442
   6.0101442   6.0101442   6.0101442   6.0101442
 SUMMED SPIN DENSITY          -0.00000000
 TOTAL ATOMIC SPINS  :
   0.0000000   0.0000000   0.0000000   0.0000000   0.0000000   0.0000000
   0.0000000   0.0000000  -0.0000000  -0.0000000  -0.0000000  -0.0000000
  -0.0000000  -0.0000000  -0.0000000  -0.0000000  -0.0000000  -0.0000000
  -0.0000000  -0.0000000  -0.0000000  -0.0000000  -0.0000000  -0.0000000
  -0.0000000  -0.0000000  -0.0000000  -0.0000000  -0.0000000  -0.0000000
  -0.0000000  -0.0000000   0.0000000   0.0000000   0.0000000   0.0000000
   0.0000000   0.0000000   0.0000000   0.0000000
 TTTTTTTTTTTTTTTTTTTTTTTTTTTTTT MOQGAD      TELAPSE      699.87 TCPU      694.06
 TTTTTTTTTTTTTTTTTTTTTTTTTTTTTT SHELLXN     TELAPSE      764.94 TCPU      759.12
 TTTTTTTTTTTTTTTTTTTTTTTTTTTTTT MONMO3      TELAPSE      765.08 TCPU      759.25
 NUMERICALLY INTEGRATED DENSITY    120.0000934584    120.0000934584
 TTTTTTTTTTTTTTTTTTTTTTTTTTTTTT NUMDFT      TELAPSE      766.19 TCPU      760.36
 CYC   8 ETOT(AU) -1.522712976662E+03 DETOT -6.69E-07 tst  1.26E-08 PX  6.37E-05
 TTTTTTTTTTTTTTTTTTTTTTTTTTTTTT DIIS        TELAPSE      766.58 TCPU      760.75
 DIIS TEST: 0.14155E-06 AT SCF   CYCLE   8 - DIIS ACTIVE - HISTORY:     8 CYCLES
 TTTTTTTTTTTTTTTTTTTTTTTTTTTTTT FDIK        TELAPSE      780.40 TCPU      774.55

    ALPHA      ELECTRONS
 INSULATING STATE
 TOP OF VALENCE BANDS -    BAND    120; K   11; EIG -1.0138682E-01 AU
 TOP OF VALENCE BANDS -    BAND    120; K    1; EIG -1.0848802E-01 AU
 BOTTOM OF VIRTUAL BANDS - BAND    121; K    3; EIG -6.3738934E-02 AU
 INDIRECT ENERGY BAND GAP:   1.0245 eV
 BOTTOM OF VIRTUAL BANDS - BAND    121; K    1; EIG -6.2672665E-02 AU

    BETA       ELECTRONS
 INSULATING STATE
 TOP OF VALENCE BANDS -    BAND    120; K   11; EIG -1.0138682E-01 AU
 TOP OF VALENCE BANDS -    BAND    120; K    1; EIG -1.0848802E-01 AU
 BOTTOM OF VIRTUAL BANDS - BAND    121; K    3; EIG -6.3738934E-02 AU
 INDIRECT ENERGY BAND GAP:   1.0245 eV
 BOTTOM OF VIRTUAL BANDS - BAND    121; K    1; EIG -6.2672665E-02 AU
 TTTTTTTTTTTTTTTTTTTTTTTTTTTTTT PDIG        TELAPSE      781.68 TCPU      775.83
 CHARGE NORMALIZATION FACTOR   1.00000000
 TOTAL ATOMIC CHARGES:
   5.9660405   5.9660405   5.9660405   5.9660405   5.9660405   5.9660405
   5.9660405   5.9660405   6.0111101   6.0111101   6.0111101   6.0111101
   6.0111101   6.0111101   6.0111101   6.0111101   5.9965915   5.9965915
   5.9965915   5.9965915   5.9965915   5.9965915   5.9965915   5.9965915
   6.0161225   6.0161225   6.0161225   6.0161225   6.0161225   6.0161225
   6.0161225   6.0161225   6.0101354   6.0101354   6.0101354   6.0101354
   6.0101354   6.0101354   6.0101354   6.0101354
 SUMMED SPIN DENSITY          -0.00000000
 TOTAL ATOMIC SPINS  :
  -0.0000000  -0.0000000  -0.0000000  -0.0000000  -0.0000000  -0.0000000
  -0.0000000  -0.0000000  -0.0000000  -0.0000000  -0.0000000  -0.0000000
  -0.0000000  -0.0000000  -0.0000000  -0.0000000   0.0000000   0.0000000
   0.0000000   0.0000000   0.0000000   0.0000000   0.0000000   0.0000000
   0.0000000   0.0000000   0.0000000   0.0000000   0.0000000   0.0000000
   0.0000000   0.0000000   0.0000000   0.0000000   0.0000000   0.0000000
   0.0000000   0.0000000   0.0000000   0.0000000
 TTTTTTTTTTTTTTTTTTTTTTTTTTTTTT MOQGAD      TELAPSE      781.69 TCPU      775.84
 TTTTTTTTTTTTTTTTTTTTTTTTTTTTTT SHELLXN     TELAPSE      846.83 TCPU      840.97
 TTTTTTTTTTTTTTTTTTTTTTTTTTTTTT MONMO3      TELAPSE      846.96 TCPU      841.11
 NUMERICALLY INTEGRATED DENSITY    120.0000934586    120.0000934586
 TTTTTTTTTTTTTTTTTTTTTTTTTTTTTT NUMDFT      TELAPSE      848.07 TCPU      842.21
 CYC   9 ETOT(AU) -1.522712976739E+03 DETOT -7.75E-08 tst  2.09E-09 PX  3.87E-05
 TTTTTTTTTTTTTTTTTTTTTTTTTTTTTT DIIS        TELAPSE      848.47 TCPU      842.61
 DIIS TEST: 0.15828E-07 AT SCF   CYCLE   9 - DIIS ACTIVE - HISTORY:     9 CYCLES
 TTTTTTTTTTTTTTTTTTTTTTTTTTTTTT FDIK        TELAPSE      862.22 TCPU      856.32

    ALPHA      ELECTRONS
 INSULATING STATE
 TOP OF VALENCE BANDS -    BAND    120; K   11; EIG -1.0138702E-01 AU
 TOP OF VALENCE BANDS -    BAND    120; K    1; EIG -1.0848899E-01 AU
 BOTTOM OF VIRTUAL BANDS - BAND    121; K    3; EIG -6.3733600E-02 AU
 INDIRECT ENERGY BAND GAP:   1.0246 eV
 BOTTOM OF VIRTUAL BANDS - BAND    121; K    1; EIG -6.2666922E-02 AU

    BETA       ELECTRONS
 INSULATING STATE
 TOP OF VALENCE BANDS -    BAND    120; K   11; EIG -1.0138702E-01 AU
 TOP OF VALENCE BANDS -    BAND    120; K    1; EIG -1.0848899E-01 AU
 BOTTOM OF VIRTUAL BANDS - BAND    121; K    3; EIG -6.3733600E-02 AU
 INDIRECT ENERGY BAND GAP:   1.0246 eV
 BOTTOM OF VIRTUAL BANDS - BAND    121; K    1; EIG -6.2666922E-02 AU
 TTTTTTTTTTTTTTTTTTTTTTTTTTTTTT PDIG        TELAPSE      863.56 TCPU      857.66
 CHARGE NORMALIZATION FACTOR   1.00000000
 TOTAL ATOMIC CHARGES:
   5.9660443   5.9660443   5.9660443   5.9660443   5.9660443   5.9660443
   5.9660443   5.9660443   6.0111306   6.0111306   6.0111306   6.0111306
   6.0111306   6.0111306   6.0111306   6.0111306   5.9965672   5.9965672
   5.9965672   5.9965672   5.9965672   5.9965672   5.9965672   5.9965672
   6.0161036   6.0161036   6.0161036   6.0161036   6.0161036   6.0161036
   6.0161036   6.0161036   6.0101544   6.0101544   6.0101544   6.0101544
   6.0101544   6.0101544   6.0101544   6.0101544
 SUMMED SPIN DENSITY          -0.00000000
 TOTAL ATOMIC SPINS  :
   0.0000000   0.0000000   0.0000000   0.0000000   0.0000000   0.0000000
   0.0000000   0.0000000   0.0000000   0.0000000   0.0000000   0.0000000
   0.0000000   0.0000000   0.0000000   0.0000000  -0.0000000  -0.0000000
  -0.0000000  -0.0000000  -0.0000000  -0.0000000  -0.0000000  -0.0000000
  -0.0000000  -0.0000000  -0.0000000  -0.0000000  -0.0000000  -0.0000000
  -0.0000000  -0.0000000  -0.0000000  -0.0000000  -0.0000000  -0.0000000
  -0.0000000  -0.0000000  -0.0000000  -0.0000000
 TTTTTTTTTTTTTTTTTTTTTTTTTTTTTT MOQGAD      TELAPSE      863.57 TCPU      857.67
 TTTTTTTTTTTTTTTTTTTTTTTTTTTTTT SHELLXN     TELAPSE      928.66 TCPU      922.75
 TTTTTTTTTTTTTTTTTTTTTTTTTTTTTT MONMO3      TELAPSE      928.79 TCPU      922.88
 NUMERICALLY INTEGRATED DENSITY    120.0000934590    120.0000934590
 TTTTTTTTTTTTTTTTTTTTTTTTTTTTTT NUMDFT      TELAPSE      929.88 TCPU      923.98
 CYC  10 ETOT(AU) -1.522712976738E+03 DETOT  1.12E-09 tst  1.34E-10 PX  5.42E-06
 TTTTTTTTTTTTTTTTTTTTTTTTTTTTTT DIIS        TELAPSE      930.27 TCPU      924.36
 DIIS TEST: 0.61867E-08 AT SCF   CYCLE  10 - DIIS ACTIVE - HISTORY:    10 CYCLES
 TTTTTTTTTTTTTTTTTTTTTTTTTTTTTT FDIK        TELAPSE      943.27 TCPU      937.36

    ALPHA      ELECTRONS
 INSULATING STATE
 TOP OF VALENCE BANDS -    BAND    120; K   11; EIG -1.0138747E-01 AU
 TOP OF VALENCE BANDS -    BAND    120; K    1; EIG -1.0848858E-01 AU
 BOTTOM OF VIRTUAL BANDS - BAND    121; K    3; EIG -6.3732701E-02 AU
 INDIRECT ENERGY BAND GAP:   1.0246 eV
 BOTTOM OF VIRTUAL BANDS - BAND    121; K    1; EIG -6.2666132E-02 AU

    BETA       ELECTRONS
 INSULATING STATE
 TOP OF VALENCE BANDS -    BAND    120; K   11; EIG -1.0138747E-01 AU
 TOP OF VALENCE BANDS -    BAND    120; K    1; EIG -1.0848858E-01 AU
 BOTTOM OF VIRTUAL BANDS - BAND    121; K    3; EIG -6.3732701E-02 AU
 INDIRECT ENERGY BAND GAP:   1.0246 eV
 BOTTOM OF VIRTUAL BANDS - BAND    121; K    1; EIG -6.2666132E-02 AU
 TTTTTTTTTTTTTTTTTTTTTTTTTTTTTT PDIG        TELAPSE      944.54 TCPU      938.63
 CHARGE NORMALIZATION FACTOR   1.00000000
 TOTAL ATOMIC CHARGES:
   5.9660473   5.9660473   5.9660473   5.9660473   5.9660473   5.9660473
   5.9660473   5.9660473   6.0111178   6.0111178   6.0111178   6.0111178
   6.0111178   6.0111178   6.0111178   6.0111178   5.9965819   5.9965819
   5.9965819   5.9965819   5.9965819   5.9965819   5.9965819   5.9965819
   6.0161090   6.0161090   6.0161090   6.0161090   6.0161090   6.0161090
   6.0161090   6.0161090   6.0101440   6.0101440   6.0101440   6.0101440
   6.0101440   6.0101440   6.0101440   6.0101440
 SUMMED SPIN DENSITY          -0.00000000
 TOTAL ATOMIC SPINS  :
  -0.0000000  -0.0000000  -0.0000000  -0.0000000  -0.0000000  -0.0000000
  -0.0000000  -0.0000000  -0.0000000  -0.0000000  -0.0000000  -0.0000000
  -0.0000000  -0.0000000  -0.0000000  -0.0000000   0.0000000   0.0000000
   0.0000000   0.0000000   0.0000000   0.0000000   0.0000000   0.0000000
   0.0000000   0.0000000   0.0000000   0.0000000   0.0000000   0.0000000
   0.0000000   0.0000000   0.0000000   0.0000000   0.0000000   0.0000000
   0.0000000   0.0000000   0.0000000   0.0000000
 TTTTTTTTTTTTTTTTTTTTTTTTTTTTTT MOQGAD      TELAPSE      944.56 TCPU      938.64
 TTTTTTTTTTTTTTTTTTTTTTTTTTTTTT SHELLXN     TELAPSE     1009.65 TCPU     1003.72
 TTTTTTTTTTTTTTTTTTTTTTTTTTTTTT MONMO3      TELAPSE     1009.78 TCPU     1003.85
 NUMERICALLY INTEGRATED DENSITY    120.0000934590    120.0000934590
 TTTTTTTTTTTTTTTTTTTTTTTTTTTTTT NUMDFT      TELAPSE     1010.88 TCPU     1004.95
 CYC  11 ETOT(AU) -1.522712976738E+03 DETOT -1.20E-10 tst  5.52E-12 PX  2.83E-06
 TTTTTTTTTTTTTTTTTTTTTTTTTTTTTT DIIS        TELAPSE     1011.28 TCPU     1005.35
 DIIS TEST: 0.43242E-09 AT SCF   CYCLE  11 - DIIS ACTIVE - HISTORY:    11 CYCLES
 TTTTTTTTTTTTTTTTTTTTTTTTTTTTTT FDIK        TELAPSE     1020.91 TCPU     1014.92

    ALPHA      ELECTRONS
 INSULATING STATE
 TOP OF VALENCE BANDS -    BAND    120; K   11; EIG -1.0138767E-01 AU
 TOP OF VALENCE BANDS -    BAND    120; K    1; EIG -1.0848878E-01 AU
 BOTTOM OF VIRTUAL BANDS - BAND    121; K    3; EIG -6.3731971E-02 AU
 INDIRECT ENERGY BAND GAP:   1.0247 eV
 BOTTOM OF VIRTUAL BANDS - BAND    121; K    1; EIG -6.2665403E-02 AU

    BETA       ELECTRONS
 INSULATING STATE
 TOP OF VALENCE BANDS -    BAND    120; K   11; EIG -1.0138767E-01 AU
 TOP OF VALENCE BANDS -    BAND    120; K    1; EIG -1.0848878E-01 AU
 BOTTOM OF VIRTUAL BANDS - BAND    121; K    3; EIG -6.3731971E-02 AU
 INDIRECT ENERGY BAND GAP:   1.0247 eV
 BOTTOM OF VIRTUAL BANDS - BAND    121; K    1; EIG -6.2665403E-02 AU
 TTTTTTTTTTTTTTTTTTTTTTTTTTTTTT PDIG        TELAPSE     1022.17 TCPU     1016.18
 CHARGE NORMALIZATION FACTOR   1.00000000
 TOTAL ATOMIC CHARGES:
   5.9660460   5.9660460   5.9660460   5.9660460   5.9660460   5.9660460
   5.9660460   5.9660460   6.0111215   6.0111215   6.0111215   6.0111215
   6.0111215   6.0111215   6.0111215   6.0111215   5.9965783   5.9965783
   5.9965783   5.9965783   5.9965783   5.9965783   5.9965783   5.9965783
   6.0161077   6.0161077   6.0161077   6.0161077   6.0161077   6.0161077
   6.0161077   6.0161077   6.0101465   6.0101465   6.0101465   6.0101465
   6.0101465   6.0101465   6.0101465   6.0101465
 SUMMED SPIN DENSITY          -0.00000000
 TOTAL ATOMIC SPINS  :
  -0.0000000  -0.0000000  -0.0000000  -0.0000000  -0.0000000  -0.0000000
  -0.0000000  -0.0000000   0.0000000   0.0000000   0.0000000   0.0000000
   0.0000000   0.0000000   0.0000000   0.0000000  -0.0000000  -0.0000000
  -0.0000000  -0.0000000  -0.0000000  -0.0000000  -0.0000000  -0.0000000
  -0.0000000  -0.0000000  -0.0000000  -0.0000000  -0.0000000  -0.0000000
  -0.0000000  -0.0000000   0.0000000   0.0000000   0.0000000   0.0000000
   0.0000000   0.0000000   0.0000000   0.0000000
 TTTTTTTTTTTTTTTTTTTTTTTTTTTTTT MOQGAD      TELAPSE     1022.19 TCPU     1016.20
 TTTTTTTTTTTTTTTTTTTTTTTTTTTTTT SHELLXN     TELAPSE     1087.28 TCPU     1081.28
 +++ ENERGIES IN A.U. +++
 ::: EXT EL-POLE                                  -6.4843367041445E+03
 ::: EXT EL-SPHEROPOLE                             5.8471491592772E+01
 ::: BIELET ZONE E-E                               6.7272190947302E+03
 ::: TOTAL E-E                                     3.0135388217843E+02
 ::: TOTAL E-N + N-E                              -2.6657899229926E+03
 ::: TOTAL N-N                                    -5.0051535440913E+02
 ::: KINETIC ENERGY                                1.5176226216616E+03
 ::: PSEUDO TOTAL   ENERGY                        -1.3473287735617E+03
 ::: VIRIAL COEFFICIENT                            1.0594403969240E+00
 TTTTTTTTTTTTTTTTTTTTTTTTTTTTTT MONMO3      TELAPSE     1087.41 TCPU     1081.41
 NUMERICALLY INTEGRATED DENSITY    120.0000934590    120.0000934590
 EXCHANGE ENERGY: -0.165315884214E+03  CORRELATION ENERGY: -0.100683189626E+02
 TTTTTTTTTTTTTTTTTTTTTTTTTTTTTT NUMDFT      TELAPSE     1088.50 TCPU     1082.50
 CYC  12 ETOT(AU) -1.522712976738E+03 DETOT -2.57E-10 tst  5.69E-12 PX  2.83E-06

 == SCF ENDED - CONVERGENCE ON ENERGY      E(AU) -1.5227129767383E+03 CYCLES  12


 ENERGY EXPRESSION=HARTREE+FOCK EXCH*0.20000+(BECKE      EXCH)*0.80000+LYP        CORR


 TOTAL ENERGY(DFT)(AU)( 12) -1.5227129767383E+03 DE-2.6E-10 tester 5.7E-12
 TTTTTTTTTTTTTTTTTTTTTTTTTTTTTT EDFT        TELAPSE     1088.51 TCPU     1082.51
 
 INFORMATION **** DFTD3 ENERGY **** CALCULATE DFTD3 ENERGY

           DFT-D V3(BJ)
 DF                                         b3-lyp    
 parameters
 s6       :    1.0000
 s8       :    1.9889
 a1       :    0.3981
 a2       :    4.4211
 k1 k3    :   16.0000   -4.0000
 Cutoff   :   50.2022
 CN-Cutoff:   21.1671
 ABC-Cutoff:   21.1671
 
 Edisp /kcal,au:  -277.5142 -0.44224695

 E6    /kcal :  -133.0139
 E8    /kcal :  -144.5003
 
 INFORMATION **** DFTD3 ENERGY **** NORMAL TERMINATION OF DFTD3 MODULE

 *******************************************************************************

 DFT-D3 DISPERSION ENERGY CORRECTION

 D3 DISPERSION ENERGY (AU)       -4.4224694981126E-01
 TOTAL ENERGY + DISP (AU)        -1.5231552236882E+03

 *******************************************************************************


 NEIGHBORS OF THE NON-EQUIVALENT ATOMS

 N = NUMBER OF NEIGHBORS AT DISTANCE R
    ATOM  N     R/ANG      R/AU   NEIGHBORS (ATOM LABELS AND CELL INDICES)
   1 C    1     1.5380     2.9064   30 C   -1 0 0
   1 C    1     1.5410     2.9121   23 C    0 0 0
   1 C    1     1.5676     2.9624   40 C    0 0 0
   1 C    1     1.6101     3.0426   37 C   -1 1 0
   1 C    1     2.4304     4.5928   28 C   -1 1 0
   1 C    1     2.5133     4.7494   16 C    0 0 0

   9 C    1     1.3547     2.5600   24 C    0 0 0
   9 C    1     1.4445     2.7296   18 C    0-1 0
   9 C    1     1.5067     2.8473   31 C    0 0-1
   9 C    2     2.4032     4.5413   15 C    0 0 0   15 C    0-1 0
   9 C    1     2.4872     4.7001   34 C    0 0-1
   9 C    1     2.5133     4.7494    8 C    0-1 0

  17 C    1     1.3547     2.5600   16 C    0 0 0
  17 C    1     1.4445     2.7296   10 C    0-1 0
  17 C    1     1.5410     2.9121    7 C    0 0 0
  17 C    1     2.3514     4.4435   26 C    0 0 0
  17 C    2     2.4436     4.6177   23 C    0 0 0   23 C    0-1 0
  17 C    1     2.4654     4.6590   28 C    0 0 0

  25 C    1     1.3616     2.5730   40 C    0 0 0
  25 C    1     1.5067     2.8473   15 C    0 0 1
  25 C    1     1.5380     2.9064    6 C    0 0 0
  25 C    1     2.3514     4.4435   18 C    0 0 1
  25 C    1     2.3826     4.5025   35 C    0 0 0
  25 C    1     2.4070     4.5486   34 C    0 1 0

  33 C    1     1.3616     2.5730   32 C    0 0 0
  33 C    1     1.5676     2.9624    8 C    0 0 0
  33 C    1     1.6101     3.0426    5 C   -1 1 0
  33 C    1     2.3826     4.5025   27 C   -1 0 0
  33 C    1     2.4070     4.5486   26 C    0 1 0
  33 C    1     2.4872     4.7001   10 C    0 0 0

 TTTTTTTTTTTTTTTTTTTTTTTTTTTTTT AFTER FIRST TELAPSE     1088.78 TCPU     1082.77
 MMMMMMMMMMMMMMMMMMMMMMMMMMMMMMMMMMMMMMMMMMMMMMMMMMMMMMMMMMMMMMMMMMMMMMMMMMMMMMM
     ALPHA+BETA ELECTRONS
 MULLIKEN POPULATION ANALYSIS - NO. OF ELECTRONS  240.000000

  ATOM    Z CHARGE  A.O. POPULATION

   1 C    6  5.966  0.853  1.121  0.759  0.450  0.428  0.413  0.432  0.002
                    0.008  0.007  0.476  0.484  0.486  0.009  0.010  0.008
                    0.009  0.009
   2 C    6  5.966  0.853  1.121  0.759  0.450  0.428  0.413  0.432  0.002
                    0.008  0.007  0.476  0.484  0.486  0.009  0.010  0.008
                    0.009  0.009
   3 C    6  5.966  0.853  1.121  0.759  0.450  0.428  0.413  0.432  0.002
                    0.008  0.007  0.476  0.484  0.486  0.009  0.010  0.008
                    0.009  0.009
   4 C    6  5.966  0.853  1.121  0.759  0.450  0.428  0.413  0.432  0.002
                    0.008  0.007  0.476  0.484  0.486  0.009  0.010  0.008
                    0.009  0.009
   5 C    6  5.966  0.853  1.121  0.759  0.450  0.428  0.413  0.432  0.002
                    0.008  0.007  0.476  0.484  0.486  0.009  0.010  0.008
                    0.009  0.009
   6 C    6  5.966  0.853  1.121  0.759  0.450  0.428  0.413  0.432  0.002
                    0.008  0.007  0.476  0.484  0.486  0.009  0.010  0.008
                    0.009  0.009
   7 C    6  5.966  0.853  1.121  0.759  0.450  0.428  0.413  0.432  0.002
                    0.008  0.007  0.476  0.484  0.486  0.009  0.010  0.008
                    0.009  0.009
   8 C    6  5.966  0.853  1.121  0.759  0.450  0.428  0.413  0.432  0.002
                    0.008  0.007  0.476  0.484  0.486  0.009  0.010  0.008
                    0.009  0.009
   9 C    6  6.011  0.854  1.120  0.771  0.422  0.394  0.504  0.455 -0.045
                    0.004  0.012  0.612  0.434  0.432  0.011  0.004  0.013
                    0.007  0.007
  10 C    6  6.011  0.854  1.120  0.771  0.422  0.394  0.504  0.455 -0.045
                    0.004  0.012  0.612  0.434  0.432  0.011  0.004  0.013
                    0.007  0.007
  11 C    6  6.011  0.854  1.120  0.771  0.422  0.394  0.504  0.455 -0.045
                    0.004  0.012  0.612  0.434  0.432  0.011  0.004  0.013
                    0.007  0.007
  12 C    6  6.011  0.854  1.120  0.771  0.422  0.394  0.504  0.455 -0.045
                    0.004  0.012  0.612  0.434  0.432  0.011  0.004  0.013
                    0.007  0.007
  13 C    6  6.011  0.854  1.120  0.771  0.422  0.394  0.504  0.455 -0.045
                    0.004  0.012  0.612  0.434  0.432  0.011  0.004  0.013
                    0.007  0.007
  14 C    6  6.011  0.854  1.120  0.771  0.422  0.394  0.504  0.455 -0.045
                    0.004  0.012  0.612  0.434  0.432  0.011  0.004  0.013
                    0.007  0.007
  15 C    6  6.011  0.854  1.120  0.771  0.422  0.394  0.504  0.455 -0.045
                    0.004  0.012  0.612  0.434  0.432  0.011  0.004  0.013
                    0.007  0.007
  16 C    6  6.011  0.854  1.120  0.771  0.422  0.394  0.504  0.455 -0.045
                    0.004  0.012  0.612  0.434  0.432  0.011  0.004  0.013
                    0.007  0.007
  17 C    6  5.997  0.854  1.120  0.767  0.414  0.415  0.494  0.442 -0.039
                    0.009 -0.003  0.605  0.403  0.475  0.006  0.006  0.012
                    0.009  0.007
  18 C    6  5.997  0.854  1.120  0.767  0.414  0.415  0.494  0.442 -0.039
                    0.009 -0.003  0.605  0.403  0.475  0.006  0.006  0.012
                    0.009  0.007
  19 C    6  5.997  0.854  1.120  0.767  0.414  0.415  0.494  0.442 -0.039
                    0.009 -0.003  0.605  0.403  0.475  0.006  0.006  0.012
                    0.009  0.007
  20 C    6  5.997  0.854  1.120  0.767  0.414  0.415  0.494  0.442 -0.039
                    0.009 -0.003  0.605  0.403  0.475  0.006  0.006  0.012
                    0.009  0.007
  21 C    6  5.997  0.854  1.120  0.767  0.414  0.415  0.494  0.442 -0.039
                    0.009 -0.003  0.605  0.403  0.475  0.006  0.006  0.012
                    0.009  0.007
  22 C    6  5.997  0.854  1.120  0.767  0.414  0.415  0.494  0.442 -0.039
                    0.009 -0.003  0.605  0.403  0.475  0.006  0.006  0.012
                    0.009  0.007
  23 C    6  5.997  0.854  1.120  0.767  0.414  0.415  0.494  0.442 -0.039
                    0.009 -0.003  0.605  0.403  0.475  0.006  0.006  0.012
                    0.009  0.007
  24 C    6  5.997  0.854  1.120  0.767  0.414  0.415  0.494  0.442 -0.039
                    0.009 -0.003  0.605  0.403  0.475  0.006  0.006  0.012
                    0.009  0.007
  25 C    6  6.016  0.854  1.120  0.780  0.456  0.464  0.387  0.464 -0.014
                   -0.028  0.005  0.502  0.534  0.450  0.012  0.011  0.005
                    0.007  0.006
  26 C    6  6.016  0.854  1.120  0.780  0.456  0.464  0.387  0.464 -0.014
                   -0.028  0.005  0.502  0.534  0.450  0.012  0.011  0.005
                    0.007  0.006
  27 C    6  6.016  0.854  1.120  0.780  0.456  0.464  0.387  0.464 -0.014
                   -0.028  0.005  0.502  0.534  0.450  0.012  0.011  0.005
                    0.007  0.006
  28 C    6  6.016  0.854  1.120  0.780  0.456  0.464  0.387  0.464 -0.014
                   -0.028  0.005  0.502  0.534  0.450  0.012  0.011  0.005
                    0.007  0.006
  29 C    6  6.016  0.854  1.120  0.780  0.456  0.464  0.387  0.464 -0.014
                   -0.028  0.005  0.502  0.534  0.450  0.012  0.011  0.005
                    0.007  0.006
  30 C    6  6.016  0.854  1.120  0.780  0.456  0.464  0.387  0.464 -0.014
                   -0.028  0.005  0.502  0.534  0.450  0.012  0.011  0.005
                    0.007  0.006
  31 C    6  6.016  0.854  1.120  0.780  0.456  0.464  0.387  0.464 -0.014
                   -0.028  0.005  0.502  0.534  0.450  0.012  0.011  0.005
                    0.007  0.006
  32 C    6  6.016  0.854  1.120  0.780  0.456  0.464  0.387  0.464 -0.014
                   -0.028  0.005  0.502  0.534  0.450  0.012  0.011  0.005
                    0.007  0.006
  33 C    6  6.010  0.854  1.121  0.765  0.465  0.454  0.403  0.441 -0.026
                   -0.006 -0.013  0.532  0.498  0.487  0.006  0.007  0.007
                    0.008  0.007
  34 C    6  6.010  0.854  1.121  0.765  0.465  0.454  0.403  0.441 -0.026
                   -0.006 -0.013  0.532  0.498  0.487  0.006  0.007  0.007
                    0.008  0.007
  35 C    6  6.010  0.854  1.121  0.765  0.465  0.454  0.403  0.441 -0.026
                   -0.006 -0.013  0.532  0.498  0.487  0.006  0.007  0.007
                    0.008  0.007
  36 C    6  6.010  0.854  1.121  0.765  0.465  0.454  0.403  0.441 -0.026
                   -0.006 -0.013  0.532  0.498  0.487  0.006  0.007  0.007
                    0.008  0.007
  37 C    6  6.010  0.854  1.121  0.765  0.465  0.454  0.403  0.441 -0.026
                   -0.006 -0.013  0.532  0.498  0.487  0.006  0.007  0.007
                    0.008  0.007
  38 C    6  6.010  0.854  1.121  0.765  0.465  0.454  0.403  0.441 -0.026
                   -0.006 -0.013  0.532  0.498  0.487  0.006  0.007  0.007
                    0.008  0.007
  39 C    6  6.010  0.854  1.121  0.765  0.465  0.454  0.403  0.441 -0.026
                   -0.006 -0.013  0.532  0.498  0.487  0.006  0.007  0.007
                    0.008  0.007
  40 C    6  6.010  0.854  1.121  0.765  0.465  0.454  0.403  0.441 -0.026
                   -0.006 -0.013  0.532  0.498  0.487  0.006  0.007  0.007
                    0.008  0.007

  ATOM    Z CHARGE  SHELL POPULATION

   1 C    6  5.966  0.853  1.121  0.759  0.450  1.273  0.018  1.446  0.045
   2 C    6  5.966  0.853  1.121  0.759  0.450  1.273  0.018  1.446  0.045
   3 C    6  5.966  0.853  1.121  0.759  0.450  1.273  0.018  1.446  0.045
   4 C    6  5.966  0.853  1.121  0.759  0.450  1.273  0.018  1.446  0.045
   5 C    6  5.966  0.853  1.121  0.759  0.450  1.273  0.018  1.446  0.045
   6 C    6  5.966  0.853  1.121  0.759  0.450  1.273  0.018  1.446  0.045
   7 C    6  5.966  0.853  1.121  0.759  0.450  1.273  0.018  1.446  0.045
   8 C    6  5.966  0.853  1.121  0.759  0.450  1.273  0.018  1.446  0.045
   9 C    6  6.011  0.854  1.120  0.771  0.422  1.353 -0.028  1.478  0.042
  10 C    6  6.011  0.854  1.120  0.771  0.422  1.353 -0.028  1.478  0.042
  11 C    6  6.011  0.854  1.120  0.771  0.422  1.353 -0.028  1.478  0.042
  12 C    6  6.011  0.854  1.120  0.771  0.422  1.353 -0.028  1.478  0.042
  13 C    6  6.011  0.854  1.120  0.771  0.422  1.353 -0.028  1.478  0.042
  14 C    6  6.011  0.854  1.120  0.771  0.422  1.353 -0.028  1.478  0.042
  15 C    6  6.011  0.854  1.120  0.771  0.422  1.353 -0.028  1.478  0.042
  16 C    6  6.011  0.854  1.120  0.771  0.422  1.353 -0.028  1.478  0.042
  17 C    6  5.997  0.854  1.120  0.767  0.414  1.351 -0.032  1.483  0.040
  18 C    6  5.997  0.854  1.120  0.767  0.414  1.351 -0.032  1.483  0.040
  19 C    6  5.997  0.854  1.120  0.767  0.414  1.351 -0.032  1.483  0.040
  20 C    6  5.997  0.854  1.120  0.767  0.414  1.351 -0.032  1.483  0.040
  21 C    6  5.997  0.854  1.120  0.767  0.414  1.351 -0.032  1.483  0.040
  22 C    6  5.997  0.854  1.120  0.767  0.414  1.351 -0.032  1.483  0.040
  23 C    6  5.997  0.854  1.120  0.767  0.414  1.351 -0.032  1.483  0.040
  24 C    6  5.997  0.854  1.120  0.767  0.414  1.351 -0.032  1.483  0.040
  25 C    6  6.016  0.854  1.120  0.780  0.456  1.315 -0.037  1.486  0.041
  26 C    6  6.016  0.854  1.120  0.780  0.456  1.315 -0.037  1.486  0.041
  27 C    6  6.016  0.854  1.120  0.780  0.456  1.315 -0.037  1.486  0.041
  28 C    6  6.016  0.854  1.120  0.780  0.456  1.315 -0.037  1.486  0.041
  29 C    6  6.016  0.854  1.120  0.780  0.456  1.315 -0.037  1.486  0.041
  30 C    6  6.016  0.854  1.120  0.780  0.456  1.315 -0.037  1.486  0.041
  31 C    6  6.016  0.854  1.120  0.780  0.456  1.315 -0.037  1.486  0.041
  32 C    6  6.016  0.854  1.120  0.780  0.456  1.315 -0.037  1.486  0.041
  33 C    6  6.010  0.854  1.121  0.765  0.465  1.298 -0.045  1.517  0.035
  34 C    6  6.010  0.854  1.121  0.765  0.465  1.298 -0.045  1.517  0.035
  35 C    6  6.010  0.854  1.121  0.765  0.465  1.298 -0.045  1.517  0.035
  36 C    6  6.010  0.854  1.121  0.765  0.465  1.298 -0.045  1.517  0.035
  37 C    6  6.010  0.854  1.121  0.765  0.465  1.298 -0.045  1.517  0.035
  38 C    6  6.010  0.854  1.121  0.765  0.465  1.298 -0.045  1.517  0.035
  39 C    6  6.010  0.854  1.121  0.765  0.465  1.298 -0.045  1.517  0.035
  40 C    6  6.010  0.854  1.121  0.765  0.465  1.298 -0.045  1.517  0.035

 OVERLAP POPULATION CONDENSED TO ATOMS FOR FIRST   6 NEIGHBORS

 ATOM A   1 C    ATOM B     CELL      R(AB)/AU R(AB)/ANG    OVPOP(AB)
                 30 C    ( -1  0  0)     2.906     1.538     0.296
                 23 C    (  0  0  0)     2.912     1.541     0.299
                 40 C    (  0  0  0)     2.962     1.568     0.327
                 37 C    ( -1  1  0)     3.043     1.610     0.292
                 28 C    ( -1  1  0)     4.593     2.430    -0.044
                 16 C    (  0  0  0)     4.749     2.513    -0.025

 ATOM A   9 C    ATOM B     CELL      R(AB)/AU R(AB)/ANG    OVPOP(AB)
                 24 C    (  0  0  0)     2.560     1.355     0.480
                 18 C    (  0 -1  0)     2.730     1.444     0.345
                 31 C    (  0  0 -1)     2.847     1.507     0.315
                 15 C    (  0  0  0)     4.541     2.403    -0.023
                 34 C    (  0  0 -1)     4.700     2.487    -0.016
                  8 C    (  0 -1  0)     4.749     2.513    -0.025

 ATOM A  17 C    ATOM B     CELL      R(AB)/AU R(AB)/ANG    OVPOP(AB)
                 16 C    (  0  0  0)     2.560     1.355     0.480
                 10 C    (  0 -1  0)     2.730     1.444     0.345
                  7 C    (  0  0  0)     2.912     1.541     0.299
                 26 C    (  0  0  0)     4.443     2.351    -0.026
                 23 C    (  0  0  0)     4.618     2.444    -0.037
                 28 C    (  0  0  0)     4.659     2.465    -0.037

 ATOM A  25 C    ATOM B     CELL      R(AB)/AU R(AB)/ANG    OVPOP(AB)
                 40 C    (  0  0  0)     2.573     1.362     0.462
                 15 C    (  0  0  1)     2.847     1.507     0.315
                  6 C    (  0  0  0)     2.906     1.538     0.296
                 18 C    (  0  0  1)     4.443     2.351    -0.026
                 35 C    (  0  0  0)     4.502     2.383    -0.043
                 34 C    (  0  1  0)     4.549     2.407    -0.036

 ATOM A  33 C    ATOM B     CELL      R(AB)/AU R(AB)/ANG    OVPOP(AB)
                 32 C    (  0  0  0)     2.573     1.362     0.462
                  8 C    (  0  0  0)     2.962     1.568     0.327
                  5 C    ( -1  1  0)     3.043     1.610     0.292
                 27 C    ( -1  0  0)     4.502     2.383    -0.043
                 26 C    (  0  1  0)     4.549     2.407    -0.036
                 10 C    (  0  0  0)     4.700     2.487    -0.016
 TTTTTTTTTTTTTTTTTTTTTTTTTTTTTT AFTER FIRST TELAPSE     1089.72 TCPU     1082.86
 MMMMMMMMMMMMMMMMMMMMMMMMMMMMMMMMMMMMMMMMMMMMMMMMMMMMMMMMMMMMMMMMMMMMMMMMMMMMMMM
     ALPHA-BETA ELECTRONS
 MULLIKEN POPULATION ANALYSIS - NO. OF ELECTRONS   -0.000000

  ATOM    Z CHARGE  A.O. POPULATION

   1 C    6 -0.000 -0.000 -0.000  0.000 -0.000 -0.000 -0.000 -0.000  0.000
                   -0.000  0.000 -0.000  0.000  0.000 -0.000 -0.000 -0.000
                    0.000 -0.000
   2 C    6 -0.000 -0.000 -0.000  0.000 -0.000 -0.000 -0.000 -0.000  0.000
                   -0.000  0.000 -0.000  0.000  0.000 -0.000 -0.000 -0.000
                    0.000 -0.000
   3 C    6 -0.000 -0.000 -0.000  0.000 -0.000 -0.000 -0.000 -0.000  0.000
                   -0.000  0.000 -0.000  0.000  0.000 -0.000 -0.000 -0.000
                    0.000 -0.000
   4 C    6 -0.000 -0.000 -0.000  0.000 -0.000 -0.000 -0.000 -0.000  0.000
                   -0.000  0.000 -0.000  0.000  0.000 -0.000 -0.000 -0.000
                    0.000 -0.000
   5 C    6 -0.000 -0.000 -0.000  0.000 -0.000 -0.000 -0.000 -0.000  0.000
                   -0.000  0.000 -0.000  0.000  0.000 -0.000 -0.000 -0.000
                    0.000 -0.000
   6 C    6 -0.000 -0.000 -0.000  0.000 -0.000 -0.000 -0.000 -0.000  0.000
                   -0.000  0.000 -0.000  0.000  0.000 -0.000 -0.000 -0.000
                    0.000 -0.000
   7 C    6 -0.000 -0.000 -0.000  0.000 -0.000 -0.000 -0.000 -0.000  0.000
                   -0.000  0.000 -0.000  0.000  0.000 -0.000 -0.000 -0.000
                    0.000 -0.000
   8 C    6 -0.000 -0.000 -0.000  0.000 -0.000 -0.000 -0.000 -0.000  0.000
                   -0.000  0.000 -0.000  0.000  0.000 -0.000 -0.000 -0.000
                    0.000 -0.000
   9 C    6  0.000 -0.000  0.000 -0.000  0.000  0.000 -0.000 -0.000 -0.000
                   -0.000  0.000 -0.000  0.000  0.000 -0.000  0.000  0.000
                   -0.000  0.000
  10 C    6  0.000 -0.000  0.000 -0.000  0.000  0.000 -0.000 -0.000 -0.000
                   -0.000  0.000 -0.000  0.000  0.000 -0.000  0.000  0.000
                   -0.000  0.000
  11 C    6  0.000 -0.000  0.000 -0.000  0.000  0.000 -0.000 -0.000 -0.000
                   -0.000  0.000 -0.000  0.000  0.000 -0.000  0.000  0.000
                   -0.000  0.000
  12 C    6  0.000 -0.000  0.000 -0.000  0.000  0.000 -0.000 -0.000 -0.000
                   -0.000  0.000 -0.000  0.000  0.000 -0.000  0.000  0.000
                   -0.000  0.000
  13 C    6  0.000 -0.000  0.000 -0.000  0.000  0.000 -0.000 -0.000 -0.000
                   -0.000  0.000 -0.000  0.000  0.000 -0.000  0.000  0.000
                   -0.000  0.000
  14 C    6  0.000 -0.000  0.000 -0.000  0.000  0.000 -0.000 -0.000 -0.000
                   -0.000  0.000 -0.000  0.000  0.000 -0.000  0.000  0.000
                   -0.000  0.000
  15 C    6  0.000 -0.000  0.000 -0.000  0.000  0.000 -0.000 -0.000 -0.000
                   -0.000  0.000 -0.000  0.000  0.000 -0.000  0.000  0.000
                   -0.000  0.000
  16 C    6  0.000 -0.000  0.000 -0.000  0.000  0.000 -0.000 -0.000 -0.000
                   -0.000  0.000 -0.000  0.000  0.000 -0.000  0.000  0.000
                   -0.000  0.000
  17 C    6 -0.000  0.000 -0.000 -0.000 -0.000 -0.000 -0.000  0.000  0.000
                    0.000 -0.000 -0.000  0.000 -0.000 -0.000  0.000  0.000
                   -0.000 -0.000
  18 C    6 -0.000  0.000 -0.000 -0.000 -0.000 -0.000 -0.000  0.000  0.000
                    0.000 -0.000 -0.000  0.000 -0.000 -0.000  0.000  0.000
                   -0.000 -0.000
  19 C    6 -0.000  0.000 -0.000 -0.000 -0.000 -0.000 -0.000  0.000  0.000
                    0.000 -0.000 -0.000  0.000 -0.000 -0.000  0.000  0.000
                   -0.000 -0.000
  20 C    6 -0.000  0.000 -0.000 -0.000 -0.000 -0.000 -0.000  0.000  0.000
                    0.000 -0.000 -0.000  0.000 -0.000 -0.000  0.000  0.000
                   -0.000 -0.000
  21 C    6 -0.000  0.000 -0.000 -0.000 -0.000 -0.000 -0.000  0.000  0.000
                    0.000 -0.000 -0.000  0.000 -0.000 -0.000  0.000  0.000
                   -0.000 -0.000
  22 C    6 -0.000  0.000 -0.000 -0.000 -0.000 -0.000 -0.000  0.000  0.000
                    0.000 -0.000 -0.000  0.000 -0.000 -0.000  0.000  0.000
                   -0.000 -0.000
  23 C    6 -0.000  0.000 -0.000 -0.000 -0.000 -0.000 -0.000  0.000  0.000
                    0.000 -0.000 -0.000  0.000 -0.000 -0.000  0.000  0.000
                   -0.000 -0.000
  24 C    6 -0.000  0.000 -0.000 -0.000 -0.000 -0.000 -0.000  0.000  0.000
                    0.000 -0.000 -0.000  0.000 -0.000 -0.000  0.000  0.000
                   -0.000 -0.000
  25 C    6 -0.000  0.000  0.000 -0.000 -0.000  0.000 -0.000 -0.000 -0.000
                    0.000  0.000  0.000 -0.000 -0.000  0.000  0.000  0.000
                   -0.000  0.000
  26 C    6 -0.000  0.000  0.000 -0.000 -0.000  0.000 -0.000 -0.000 -0.000
                    0.000  0.000  0.000 -0.000 -0.000  0.000  0.000  0.000
                   -0.000  0.000
  27 C    6 -0.000  0.000  0.000 -0.000 -0.000  0.000 -0.000 -0.000 -0.000
                    0.000  0.000  0.000 -0.000 -0.000  0.000  0.000  0.000
                   -0.000  0.000
  28 C    6 -0.000  0.000  0.000 -0.000 -0.000  0.000 -0.000 -0.000 -0.000
                    0.000  0.000  0.000 -0.000 -0.000  0.000  0.000  0.000
                   -0.000  0.000
  29 C    6 -0.000  0.000  0.000 -0.000 -0.000  0.000 -0.000 -0.000 -0.000
                    0.000  0.000  0.000 -0.000 -0.000  0.000  0.000  0.000
                   -0.000  0.000
  30 C    6 -0.000  0.000  0.000 -0.000 -0.000  0.000 -0.000 -0.000 -0.000
                    0.000  0.000  0.000 -0.000 -0.000  0.000  0.000  0.000
                   -0.000  0.000
  31 C    6 -0.000  0.000  0.000 -0.000 -0.000  0.000 -0.000 -0.000 -0.000
                    0.000  0.000  0.000 -0.000 -0.000  0.000  0.000  0.000
                   -0.000  0.000
  32 C    6 -0.000  0.000  0.000 -0.000 -0.000  0.000 -0.000 -0.000 -0.000
                    0.000  0.000  0.000 -0.000 -0.000  0.000  0.000  0.000
                   -0.000  0.000
  33 C    6  0.000 -0.000 -0.000 -0.000 -0.000  0.000 -0.000  0.000  0.000
                   -0.000 -0.000 -0.000  0.000  0.000  0.000  0.000 -0.000
                    0.000  0.000
  34 C    6  0.000 -0.000 -0.000 -0.000 -0.000  0.000 -0.000  0.000  0.000
                   -0.000 -0.000 -0.000  0.000  0.000  0.000  0.000 -0.000
                    0.000  0.000
  35 C    6  0.000 -0.000 -0.000 -0.000 -0.000  0.000 -0.000  0.000  0.000
                   -0.000 -0.000 -0.000  0.000  0.000  0.000  0.000 -0.000
                    0.000  0.000
  36 C    6  0.000 -0.000 -0.000 -0.000 -0.000  0.000 -0.000  0.000  0.000
                   -0.000 -0.000 -0.000  0.000  0.000  0.000  0.000 -0.000
                    0.000  0.000
  37 C    6  0.000 -0.000 -0.000 -0.000 -0.000  0.000 -0.000  0.000  0.000
                   -0.000 -0.000 -0.000  0.000  0.000  0.000  0.000 -0.000
                    0.000  0.000
  38 C    6  0.000 -0.000 -0.000 -0.000 -0.000  0.000 -0.000  0.000  0.000
                   -0.000 -0.000 -0.000  0.000  0.000  0.000  0.000 -0.000
                    0.000  0.000
  39 C    6  0.000 -0.000 -0.000 -0.000 -0.000  0.000 -0.000  0.000  0.000
                   -0.000 -0.000 -0.000  0.000  0.000  0.000  0.000 -0.000
                    0.000  0.000
  40 C    6  0.000 -0.000 -0.000 -0.000 -0.000  0.000 -0.000  0.000  0.000
                   -0.000 -0.000 -0.000  0.000  0.000  0.000  0.000 -0.000
                    0.000  0.000

  ATOM    Z CHARGE  SHELL POPULATION

   1 C    6 -0.000 -0.000 -0.000  0.000 -0.000 -0.000  0.000  0.000 -0.000
   2 C    6 -0.000 -0.000 -0.000  0.000 -0.000 -0.000  0.000  0.000 -0.000
   3 C    6 -0.000 -0.000 -0.000  0.000 -0.000 -0.000  0.000  0.000 -0.000
   4 C    6 -0.000 -0.000 -0.000  0.000 -0.000 -0.000  0.000  0.000 -0.000
   5 C    6 -0.000 -0.000 -0.000  0.000 -0.000 -0.000  0.000  0.000 -0.000
   6 C    6 -0.000 -0.000 -0.000  0.000 -0.000 -0.000  0.000  0.000 -0.000
   7 C    6 -0.000 -0.000 -0.000  0.000 -0.000 -0.000  0.000  0.000 -0.000
   8 C    6 -0.000 -0.000 -0.000  0.000 -0.000 -0.000  0.000  0.000 -0.000
   9 C    6  0.000 -0.000  0.000 -0.000  0.000  0.000 -0.000  0.000  0.000
  10 C    6  0.000 -0.000  0.000 -0.000  0.000  0.000 -0.000  0.000  0.000
  11 C    6  0.000 -0.000  0.000 -0.000  0.000  0.000 -0.000  0.000  0.000
  12 C    6  0.000 -0.000  0.000 -0.000  0.000  0.000 -0.000  0.000  0.000
  13 C    6  0.000 -0.000  0.000 -0.000  0.000  0.000 -0.000  0.000  0.000
  14 C    6  0.000 -0.000  0.000 -0.000  0.000  0.000 -0.000  0.000  0.000
  15 C    6  0.000 -0.000  0.000 -0.000  0.000  0.000 -0.000  0.000  0.000
  16 C    6  0.000 -0.000  0.000 -0.000  0.000  0.000 -0.000  0.000  0.000
  17 C    6 -0.000  0.000 -0.000 -0.000 -0.000  0.000  0.000 -0.000 -0.000
  18 C    6 -0.000  0.000 -0.000 -0.000 -0.000  0.000  0.000 -0.000 -0.000
  19 C    6 -0.000  0.000 -0.000 -0.000 -0.000  0.000  0.000 -0.000 -0.000
  20 C    6 -0.000  0.000 -0.000 -0.000 -0.000  0.000  0.000 -0.000 -0.000
  21 C    6 -0.000  0.000 -0.000 -0.000 -0.000  0.000  0.000 -0.000 -0.000
  22 C    6 -0.000  0.000 -0.000 -0.000 -0.000  0.000  0.000 -0.000 -0.000
  23 C    6 -0.000  0.000 -0.000 -0.000 -0.000  0.000  0.000 -0.000 -0.000
  24 C    6 -0.000  0.000 -0.000 -0.000 -0.000  0.000  0.000 -0.000 -0.000
  25 C    6 -0.000  0.000  0.000 -0.000 -0.000  0.000 -0.000  0.000  0.000
  26 C    6 -0.000  0.000  0.000 -0.000 -0.000  0.000 -0.000  0.000  0.000
  27 C    6 -0.000  0.000  0.000 -0.000 -0.000  0.000 -0.000  0.000  0.000
  28 C    6 -0.000  0.000  0.000 -0.000 -0.000  0.000 -0.000  0.000  0.000
  29 C    6 -0.000  0.000  0.000 -0.000 -0.000  0.000 -0.000  0.000  0.000
  30 C    6 -0.000  0.000  0.000 -0.000 -0.000  0.000 -0.000  0.000  0.000
  31 C    6 -0.000  0.000  0.000 -0.000 -0.000  0.000 -0.000  0.000  0.000
  32 C    6 -0.000  0.000  0.000 -0.000 -0.000  0.000 -0.000  0.000  0.000
  33 C    6  0.000 -0.000 -0.000 -0.000 -0.000  0.000 -0.000  0.000  0.000
  34 C    6  0.000 -0.000 -0.000 -0.000 -0.000  0.000 -0.000  0.000  0.000
  35 C    6  0.000 -0.000 -0.000 -0.000 -0.000  0.000 -0.000  0.000  0.000
  36 C    6  0.000 -0.000 -0.000 -0.000 -0.000  0.000 -0.000  0.000  0.000
  37 C    6  0.000 -0.000 -0.000 -0.000 -0.000  0.000 -0.000  0.000  0.000
  38 C    6  0.000 -0.000 -0.000 -0.000 -0.000  0.000 -0.000  0.000  0.000
  39 C    6  0.000 -0.000 -0.000 -0.000 -0.000  0.000 -0.000  0.000  0.000
  40 C    6  0.000 -0.000 -0.000 -0.000 -0.000  0.000 -0.000  0.000  0.000

 OVERLAP POPULATION CONDENSED TO ATOMS FOR FIRST   6 NEIGHBORS

 ATOM A   1 C    ATOM B     CELL      R(AB)/AU R(AB)/ANG    OVPOP(AB)
                 30 C    ( -1  0  0)     2.906     1.538     0.000
                 23 C    (  0  0  0)     2.912     1.541     0.000
                 40 C    (  0  0  0)     2.962     1.568     0.000
                 37 C    ( -1  1  0)     3.043     1.610     0.000
                 28 C    ( -1  1  0)     4.593     2.430    -0.000
                 16 C    (  0  0  0)     4.749     2.513    -0.000

 ATOM A   9 C    ATOM B     CELL      R(AB)/AU R(AB)/ANG    OVPOP(AB)
                 24 C    (  0  0  0)     2.560     1.355     0.000
                 18 C    (  0 -1  0)     2.730     1.444    -0.000
                 31 C    (  0  0 -1)     2.847     1.507     0.000
                 15 C    (  0  0  0)     4.541     2.403     0.000
                 34 C    (  0  0 -1)     4.700     2.487     0.000
                  8 C    (  0 -1  0)     4.749     2.513    -0.000

 ATOM A  17 C    ATOM B     CELL      R(AB)/AU R(AB)/ANG    OVPOP(AB)
                 16 C    (  0  0  0)     2.560     1.355     0.000
                 10 C    (  0 -1  0)     2.730     1.444    -0.000
                  7 C    (  0  0  0)     2.912     1.541     0.000
                 26 C    (  0  0  0)     4.443     2.351     0.000
                 23 C    (  0  0  0)     4.618     2.444     0.000
                 28 C    (  0  0  0)     4.659     2.465     0.000

 ATOM A  25 C    ATOM B     CELL      R(AB)/AU R(AB)/ANG    OVPOP(AB)
                 40 C    (  0  0  0)     2.573     1.362     0.000
                 15 C    (  0  0  1)     2.847     1.507     0.000
                  6 C    (  0  0  0)     2.906     1.538     0.000
                 18 C    (  0  0  1)     4.443     2.351     0.000
                 35 C    (  0  0  0)     4.502     2.383    -0.000
                 34 C    (  0  1  0)     4.549     2.407    -0.000

 ATOM A  33 C    ATOM B     CELL      R(AB)/AU R(AB)/ANG    OVPOP(AB)
                 32 C    (  0  0  0)     2.573     1.362     0.000
                  8 C    (  0  0  0)     2.962     1.568     0.000
                  5 C    ( -1  1  0)     3.043     1.610     0.000
                 27 C    ( -1  0  0)     4.502     2.383    -0.000
                 26 C    (  0  1  0)     4.549     2.407    -0.000
                 10 C    (  0  0  0)     4.700     2.487     0.000
 EIGENVECTORS IN FORTRAN UNIT  8
 TTTTTTTTTTTTTTTTTTTTTTTTTTTTTT END         TELAPSE     1091.22 TCPU     1084.16
 EEEEEEEEEE TERMINATION  DATE 31 01 2026 TIME 00:10:26.8
NODE    0 CPU TIME =      1084.157
NODE    1 CPU TIME =      1086.047
NODE    2 CPU TIME =      1083.371
NODE    3 CPU TIME =      1082.870
NODE    4 CPU TIME =      1087.652
NODE    5 CPU TIME =      1068.483
NODE    6 CPU TIME =      1076.256
NODE    7 CPU TIME =      1073.593
NODE    8 CPU TIME =      1080.278
NODE    9 CPU TIME =      1080.577
NODE   10 CPU TIME =      1082.676
NODE   11 CPU TIME =      1074.324
NODE   12 CPU TIME =      1080.325
NODE   13 CPU TIME =      1088.486
NODE   14 CPU TIME =      1067.479
NODE   15 CPU TIME =      1083.113
NODE   16 CPU TIME =      1075.480
NODE   17 CPU TIME =      1073.703
NODE   18 CPU TIME =      1085.782
NODE   19 CPU TIME =      1086.119
NODE   20 CPU TIME =      1076.822
NODE   21 CPU TIME =      1083.522
NODE   22 CPU TIME =      1082.113
NODE   23 CPU TIME =      1081.057
NODE   24 CPU TIME =      1083.748
NODE   25 CPU TIME =      1085.549
NODE   26 CPU TIME =      1079.284
NODE   27 CPU TIME =      1083.241
NODE   28 CPU TIME =      1077.172
NODE   29 CPU TIME =      1081.096
NODE   30 CPU TIME =      1084.023
NODE   31 CPU TIME =      1071.743
    TOTAL CPU TIME =     34570.141
