MPI startup(): Warning: I_MPI_PMI_LIBRARY will be ignored since the hydra process manager was found
MPI startup(): Warning: I_MPI_PMI_LIBRARY will be ignored since the hydra process manager was found
MPI startup(): Warning: I_MPI_PMI_LIBRARY will be ignored since the hydra process manager was found
MPI startup(): Warning: I_MPI_PMI_LIBRARY will be ignored since the hydra process manager was found
MPI startup(): Warning: I_MPI_PMI_LIBRARY will be ignored since the hydra process manager was found
MPI startup(): Warning: I_MPI_PMI_LIBRARY will be ignored since the hydra process manager was found
MPI startup(): Warning: I_MPI_PMI_LIBRARY will be ignored since the hydra process manager was found
MPI startup(): Warning: I_MPI_PMI_LIBRARY will be ignored since the hydra process manager was found
MPI startup(): Warning: I_MPI_PMI_LIBRARY will be ignored since the hydra process manager was found
MPI startup(): Warning: I_MPI_PMI_LIBRARY will be ignored since the hydra process manager was found
MPI startup(): Warning: I_MPI_PMI_LIBRARY will be ignored since the hydra process manager was found
MPI startup(): Warning: I_MPI_PMI_LIBRARY will be ignored since the hydra process manager was found
MPI startup(): Warning: I_MPI_PMI_LIBRARY will be ignored since the hydra process manager was found
MPI startup(): Warning: I_MPI_PMI_LIBRARY will be ignored since the hydra process manager was found
MPI startup(): Warning: I_MPI_PMI_LIBRARY will be ignored since the hydra process manager was found
MPI startup(): Warning: I_MPI_PMI_LIBRARY will be ignored since the hydra process manager was found
MPI startup(): Warning: I_MPI_PMI_LIBRARY will be ignored since the hydra process manager was found
MPI startup(): Warning: I_MPI_PMI_LIBRARY will be ignored since the hydra process manager was found
MPI startup(): Warning: I_MPI_PMI_LIBRARY will be ignored since the hydra process manager was found
MPI startup(): Warning: I_MPI_PMI_LIBRARY will be ignored since the hydra process manager was found
MPI startup(): Warning: I_MPI_PMI_LIBRARY will be ignored since the hydra process manager was found
MPI startup(): Warning: I_MPI_PMI_LIBRARY will be ignored since the hydra process manager was found
MPI startup(): Warning: I_MPI_PMI_LIBRARY will be ignored since the hydra process manager was found
MPI startup(): Warning: I_MPI_PMI_LIBRARY will be ignored since the hydra process manager was found
MPI startup(): Warning: I_MPI_PMI_LIBRARY will be ignored since the hydra process manager was found
MPI startup(): Warning: I_MPI_PMI_LIBRARY will be ignored since the hydra process manager was found
MPI startup(): Warning: I_MPI_PMI_LIBRARY will be ignored since the hydra process manager was found
MPI startup(): Warning: I_MPI_PMI_LIBRARY will be ignored since the hydra process manager was found
MPI startup(): Warning: I_MPI_PMI_LIBRARY will be ignored since the hydra process manager was found
MPI startup(): Warning: I_MPI_PMI_LIBRARY will be ignored since the hydra process manager was found
MPI startup(): Warning: I_MPI_PMI_LIBRARY will be ignored since the hydra process manager was found
MPI startup(): Warning: I_MPI_PMI_LIBRARY will be ignored since the hydra process manager was found
 PROCESS           22  OF           32  WORKING
 PROCESS           12  OF           32  WORKING
 PROCESS           15  OF           32  WORKING
 PROCESS            2  OF           32  WORKING
 PROCESS           24  OF           32  WORKING
 PROCESS           20  OF           32  WORKING
 PROCESS           28  OF           32  WORKING
 PROCESS           21  OF           32  WORKING
 PROCESS           27  OF           32  WORKING
 PROCESS           31  OF           32  WORKING
 PROCESS           13  OF           32  WORKING
 PROCESS           17  OF           32  WORKING
 PROCESS           16  OF           32  WORKING
 PROCESS           30  OF           32  WORKING
 PROCESS            8  OF           32  WORKING
 PROCESS           14  OF           32  WORKING
 PROCESS           25  OF           32  WORKING
 PROCESS            3  OF           32  WORKING
 PROCESS           10  OF           32  WORKING
 PROCESS            0  OF           32  WORKING
 PROCESS           11  OF           32  WORKING
 PROCESS            6  OF           32  WORKING
 PROCESS           26  OF           32  WORKING
 PROCESS            1  OF           32  WORKING
 PROCESS           19  OF           32  WORKING
 PROCESS            4  OF           32  WORKING
 PROCESS           18  OF           32  WORKING
 PROCESS           23  OF           32  WORKING
 PROCESS           29  OF           32  WORKING
 PROCESS            7  OF           32  WORKING
 PROCESS            5  OF           32  WORKING

         
 *******************************************************************************
 *                                                                             *
 *                               CRYSTAL23                                     *
 *                      public : 1.0.1 - October 2022                          *
 *                       HTTP://WWW.CRYSTAL.UNITO.IT                           *
 *                                                                             *
 *                              MAIN AUTHORS                                   *
 *                                                                             *
 *  R. DOVESI(1,11), V.R. SAUNDERS(2), C. ROETTI(1,11), R. ORLANDO(1,11),      *
 *  C.M. ZICOVICH-WILSON(1,3), F. PASCALE(4), B. CIVALLERI(1,11),              *
 *  K. DOLL(5), N.M. HARRISON(6), I.J. BUSH(7), Ph. D'ARCO(8),                 *
 *  M. LLUNELL(9), M. CAUSA'(10), Y. NOEL(8), L. MASCHIO(1,11), A. ERBA(1,11)  *
 *  M. RE'RAT(14), S. CASASSA(1,11), B.G. SEARLE(2), J.K. DESMARAIS(1)         *
 *                                                                             *
 *        CONTRIBUTIONS TO THE CODE HAVE ALSO BEEN GIVEN BY                    *
 *                                                                             *
 *  M. FERRABONE(1,11), M. DE LA PIERRE(1,11), M. FERRERO(1,11),               *
 *  J. BAIMA(1,11), E. ALBANESE(1,11), M.F. PEINTINGER(12), R. BAST(13),       *
 *  B. KIRTMAN(15), V. LACIVITA(1,11), R. DEMICHELIS(1,16)                     *
 *  G. BRANDEBURG(17), S. SALUSTRO(1,11), G. SANSONE(1,11)                     *
 *  M.T. RUGGIERO(18), L.E. DAGA(1), L. DONA'(1), A. COSSARD(1)                *
 *                                                                             *
 * (1) THEORETICAL CHEMISTRY GROUP - UNIVERSITA' DI TORINO - TORINO (ITALY)    *
 * (2) SCIENTIFIC COMPUTING DEPARTMENT - STFC DARESBURY (UK)                   *
 * (3) UNIVERSIDAD AUTONOMA DEL ESTADO DE MORELOS - CUERNAVACA (MEXICO)        *
 * (4) UNIVERSITE' DE LORRAINE - NANCY (FRANCE)                                *
 * (5) UNIVERSITAET STUTTGART- STUTTGART (GERMANY)                             *
 * (6) IMPERIAL COLLEGE - LONDON (UK)                                          *
 * (7) SCIENTIFIC COMPUTING DEPARTMENT - STFC RAL (UK)                         *
 * (8) UPMC - SORBONNE UNIVERSITES - PARIS (FRANCE)                            *
 * (9) UNIVERSIDAD DE BARCELONA - BARCELONA (SPAIN)                            *
 *(10) UNIVERSITA' DI NAPOLI "FEDERICO II" - NAPOLI (ITALY)                    *
 *(11) NIS - NANOSTRUCTURED INTERFACES AND SURFACES - TORINO (ITALY)           *
 *(12) MPI FUER CHEMISCHE ENERGIEKONVERSION - MUELHEIM AN DER RUHR (GERMANY)   *
 *(13) UNIVERSITY OF TROMSO - TROMSO (NORWAY)                                  *
 *(14) UNIVERSITE' DE PAU ET DES PAYS DE L'ADOUR - PAU (FRANCE)                *
 *(15) UNIVERSITY OF CALIFORNIA SANTA BARBARA - SANTA BARBARA (USA)            *
 *(16) CURTIN UNIVERSITY - PERTH (AUSTRALIA)                                   *
 *(17) UNIVERSITY COLLEGE LONDON - LONDON (UK)                                 *
 *(18) UNIVERSITY OF VERMONT - BURLINGTON (USA)                                *
 *                                                                             *
 *******************************************************************************
 EEEEEEEEEE STARTING  DATE 30 01 2026 TIME 20:47:52.6
 ./3^4,4T7-CA_rev1_sp_B3LYP-D3-D3_optimized                                      
 PROCESS            9  OF           32  WORKING

 CRYSTAL CALCULATION
 (INPUT ACCORDING TO THE INTERNATIONAL TABLES FOR X-RAY CRYSTALLOGRAPHY)
 CRYSTAL FAMILY                       :  ORTHORHOMBIC
 CRYSTAL CLASS  (GROTH - 1921)        :  ORTHORHOMBIC PYRAMIDAL               

 SPACE GROUP (NONCENTROSYMMETRIC)     :  P N A 21        

 LATTICE PARAMETERS  (ANGSTROMS AND DEGREES) - CONVENTIONAL CELL
        A           B           C        ALPHA        BETA       GAMMA
     5.21610     4.10240     7.62923    90.00000    90.00000    90.00000


 NUMBER OF IRREDUCIBLE ATOMS IN THE CONVENTIONAL CELL:    5

 INPUT COORDINATES

 ATOM AT. N.              COORDINATES
   1   6    -1.592118348839E-01 -3.092974218187E-01  4.809603824447E-02
   2   6    -2.395346709073E-01  4.650157711620E-01  4.295073880509E-01
   3   6     9.495078144317E-02 -1.797463456036E-01  3.308988314150E-01
   4   6     7.806499443854E-02 -1.639086569094E-01  1.549363275289E-01
   5   6     4.976304467042E-01  5.184033310464E-02 -6.055858523928E-02

 *******************************************************************************

 << INFORMATION >>: FROM NOW ON, ALL COORDINATES REFER TO THE PRIMITIVE CELL

 *******************************************************************************

 LATTICE PARAMETERS  (ANGSTROMS AND DEGREES) - PRIMITIVE CELL
       A          B          C        ALPHA      BETA     GAMMA        VOLUME
    5.21610    4.10240    7.62923    90.00000  90.00000  90.00000    163.254244

 COORDINATES OF THE EQUIVALENT ATOMS (FRACTIONAL UNITS)

 N. ATOM EQUIV AT. N.          X                  Y                  Z

   1   1   1    6 C    -1.59211834884E-01 -3.09297421819E-01  4.80960382445E-02
   2   1   2    6 C     1.59211834884E-01  3.09297421819E-01 -4.51903961756E-01
   3   1   3    6 C    -3.40788165116E-01  1.90702578181E-01 -4.51903961756E-01
   4   1   4    6 C     3.40788165116E-01 -1.90702578181E-01  4.80960382445E-02

   5   2   1    6 C    -2.39534670907E-01  4.65015771162E-01  4.29507388051E-01
   6   2   2    6 C     2.39534670907E-01 -4.65015771162E-01 -7.04926119491E-02
   7   2   3    6 C    -2.60465329093E-01 -3.49842288380E-02 -7.04926119491E-02
   8   2   4    6 C     2.60465329093E-01  3.49842288380E-02  4.29507388051E-01

   9   3   1    6 C     9.49507814432E-02 -1.79746345604E-01  3.30898831415E-01
  10   3   2    6 C    -9.49507814432E-02  1.79746345604E-01 -1.69101168585E-01
  11   3   3    6 C     4.05049218557E-01  3.20253654396E-01 -1.69101168585E-01
  12   3   4    6 C    -4.05049218557E-01 -3.20253654396E-01  3.30898831415E-01

  13   4   1    6 C     7.80649944385E-02 -1.63908656909E-01  1.54936327529E-01
  14   4   2    6 C    -7.80649944385E-02  1.63908656909E-01 -3.45063672471E-01
  15   4   3    6 C     4.21935005561E-01  3.36091343091E-01 -3.45063672471E-01
  16   4   4    6 C    -4.21935005561E-01 -3.36091343091E-01  1.54936327529E-01

  17   5   1    6 C     4.97630446704E-01  5.18403331046E-02 -6.05585852393E-02
  18   5   2    6 C    -4.97630446704E-01 -5.18403331046E-02  4.39441414761E-01
  19   5   3    6 C     2.36955329580E-03 -4.48159666895E-01  4.39441414761E-01
  20   5   4    6 C    -2.36955329580E-03  4.48159666895E-01 -6.05585852393E-02

 NUMBER OF SYMMETRY OPERATORS         :    4
 *******************************************************************************
 * GEOMETRY EDITING - INPUT COORDINATES ARE GIVEN IN ANGSTROM         
 *******************************************************************************

 GEOMETRY NOW FULLY CONSISTENT WITH THE GROUP

 GCALCO - MAX INDICES DIRECT LATTICE VECTOR    15    20    10
 NO.OF VECTORS CREATED 6999 STARS 1056 RMAX   122.66747 BOHR

 GEOMETRY FOR WAVE FUNCTION - DIMENSIONALITY OF THE SYSTEM    3
 (NON PERIODIC DIRECTION: LATTICE PARAMETER FORMALLY SET TO 500)
 *******************************************************************************
 LATTICE PARAMETERS (ANGSTROMS AND DEGREES) - BOHR = 0.5291772083 ANGSTROM
 PRIMITIVE CELL - CENTRING CODE 1/0 VOLUME=   163.254244 - DENSITY  2.441 g/cm^3
         A              B              C           ALPHA      BETA       GAMMA 
     5.21610003     4.10240094     7.62922573    90.000000  90.000000  90.000000
 *******************************************************************************
 ATOMS IN THE ASYMMETRIC UNIT    5 - ATOMS IN THE UNIT CELL:   20
     ATOM                 X/A                 Y/B                 Z/C    
 *******************************************************************************
      1 T   6 C    -1.592118348839E-01 -3.092974218187E-01  4.809603824447E-02
      2 F   6 C     1.592118348839E-01  3.092974218187E-01 -4.519039617555E-01
      3 F   6 C    -3.407881651161E-01  1.907025781813E-01 -4.519039617555E-01
      4 F   6 C     3.407881651161E-01 -1.907025781813E-01  4.809603824447E-02
      5 T   6 C    -2.395346709073E-01  4.650157711620E-01  4.295073880509E-01
      6 F   6 C     2.395346709073E-01 -4.650157711620E-01 -7.049261194910E-02
      7 F   6 C    -2.604653290927E-01 -3.498422883800E-02 -7.049261194910E-02
      8 F   6 C     2.604653290927E-01  3.498422883800E-02  4.295073880509E-01
      9 T   6 C     9.495078144317E-02 -1.797463456036E-01  3.308988314150E-01
     10 F   6 C    -9.495078144317E-02  1.797463456036E-01 -1.691011685850E-01
     11 F   6 C     4.050492185568E-01  3.202536543964E-01 -1.691011685850E-01
     12 F   6 C    -4.050492185568E-01 -3.202536543964E-01  3.308988314150E-01
     13 T   6 C     7.806499443854E-02 -1.639086569094E-01  1.549363275289E-01
     14 F   6 C    -7.806499443854E-02  1.639086569094E-01 -3.450636724711E-01
     15 F   6 C     4.219350055615E-01  3.360913430906E-01 -3.450636724711E-01
     16 F   6 C    -4.219350055615E-01 -3.360913430906E-01  1.549363275289E-01
     17 T   6 C     4.976304467042E-01  5.184033310464E-02 -6.055858523928E-02
     18 F   6 C    -4.976304467042E-01 -5.184033310464E-02  4.394414147607E-01
     19 F   6 C     2.369553295800E-03 -4.481596668954E-01  4.394414147607E-01
     20 F   6 C    -2.369553295800E-03  4.481596668954E-01 -6.055858523928E-02

 T = ATOM BELONGING TO THE ASYMMETRIC UNIT

 ****    4 SYMMOPS - TRANSLATORS IN FRACTIONAL UNITS
 **** MATRICES AND TRANSLATORS IN THE CRYSTALLOGRAPHIC REFERENCE FRAME
   V INV                    ROTATION MATRICES                   TRANSLATORS
   1   1  1.00  0.00  0.00  0.00  1.00  0.00  0.00  0.00  1.00  0.00  0.00  0.00
   2   2 -1.00  0.00  0.00  0.00 -1.00  0.00  0.00  0.00  1.00  0.00  0.00  0.50
   3   3 -1.00  0.00  0.00  0.00  1.00  0.00  0.00  0.00  1.00  0.50  0.50  0.50
   4   4  1.00  0.00  0.00  0.00 -1.00  0.00  0.00  0.00  1.00  0.50  0.50  0.00

 DIRECT LATTICE VECTORS CARTESIAN COMPONENTS (ANGSTROM)
          X                    Y                    Z
   0.521610003000E+01   0.000000000000E+00   0.000000000000E+00
   0.000000000000E+00   0.410240094000E+01   0.000000000000E+00
   0.000000000000E+00   0.000000000000E+00   0.762922573000E+01


 CARTESIAN COORDINATES - PRIMITIVE CELL
 *******************************************************************************
 *      ATOM          X(ANGSTROM)         Y(ANGSTROM)         Z(ANGSTROM)
 *******************************************************************************
    1     6 C    -8.304648567143E-01 -1.268862034009E+00  3.669355324858E-01
    2     6 C     8.304648567143E-01  1.268862034009E+00 -3.447677332514E+00
    3     6 C    -1.777585158286E+00  7.823384359914E-01 -3.447677332514E+00
    4     6 C     1.777585158286E+00 -7.823384359914E-01  3.669355324858E-01
    5     6 C    -1.249436804106E+00  1.907681136730E+00  3.276808816143E+00
    6     6 C     1.249436804106E+00 -1.907681136730E+00 -5.378040488570E-01
    7     6 C    -1.358613210894E+00 -1.435193332702E-01 -5.378040488570E-01
    8     6 C     1.358613210894E+00  1.435193332702E-01  3.276808816143E+00
    9     6 C     4.952727739342E-01 -7.373915771658E-01  2.524501878658E+00
   10     6 C    -4.952727739342E-01  7.373915771658E-01 -1.290110986342E+00
   11     6 C     2.112777241066E+00  1.313808892834E+00 -1.290110986342E+00
   12     6 C    -2.112777241066E+00 -1.313808892834E+00  2.524501878658E+00
   13     6 C     4.071948198328E-01 -6.724190281793E-01  1.182044216495E+00
   14     6 C    -4.071948198328E-01  6.724190281793E-01 -2.632568648505E+00
   15     6 C     2.200855195167E+00  1.378781441821E+00 -2.632568648505E+00
   16     6 C    -2.200855195167E+00 -1.378781441821E+00  1.182044216495E+00
   17     6 C     2.595690187983E+00  2.126698312584E-01 -4.620151166799E-01
   18     6 C    -2.595690187983E+00 -2.126698312584E-01  3.352597748320E+00
   19     6 C     1.235982701731E-02 -1.838530638742E+00  3.352597748320E+00
   20     6 C    -1.235982701731E-02  1.838530638742E+00 -4.620151166799E-01

 *******************************************************************************
 LOCAL ATOMIC FUNCTIONS BASIS SET
 *******************************************************************************
   ATOM   X(AU)   Y(AU)   Z(AU)  N. TYPE  EXPONENT  S COEF   P COEF   D/F/G COEF
 *******************************************************************************
   1 C   -1.569  -2.398   0.693
                                  1 S  
                                         1.358E+04 2.225E-04 0.000E+00 0.000E+00
                                         2.035E+03 1.723E-03 0.000E+00 0.000E+00
                                         4.632E+02 8.926E-03 0.000E+00 0.000E+00
                                         1.312E+02 3.573E-02 0.000E+00 0.000E+00
                                         4.285E+01 1.108E-01 0.000E+00 0.000E+00
                                         1.558E+01 2.430E-01 0.000E+00 0.000E+00
                                  2 S  
                                         6.207E+00 4.144E-01 0.000E+00 0.000E+00
                                         2.576E+00 2.374E-01 0.000E+00 0.000E+00
                                  3 S  
                                         4.941E-01 1.000E+00 0.000E+00 0.000E+00
                                  4 S  
                                         1.644E-01 1.000E+00 0.000E+00 0.000E+00
                           5-     7 P  
                                         3.470E+01 0.000E+00 5.333E-03 0.000E+00
                                         7.958E+00 0.000E+00 3.586E-02 0.000E+00
                                         2.378E+00 0.000E+00 1.422E-01 0.000E+00
                                         8.143E-01 0.000E+00 3.427E-01 0.000E+00
                           8-    10 P  
                                         5.662E-01 0.000E+00 1.000E+00 0.000E+00
                          11-    13 P  
                                         2.674E-01 0.000E+00 1.000E+00 0.000E+00
                          14-    18 D  
                                         8.792E-01 0.000E+00 0.000E+00 1.000E+00
   2 C    1.569   2.398  -6.515
   3 C   -3.359   1.478  -6.515
   4 C    3.359  -1.478   0.693
   5 C   -2.361   3.605   6.192
   6 C    2.361  -3.605  -1.016
   7 C   -2.567  -0.271  -1.016
   8 C    2.567   0.271   6.192
   9 C    0.936  -1.393   4.771
  10 C   -0.936   1.393  -2.438
  11 C    3.993   2.483  -2.438
  12 C   -3.993  -2.483   4.771
  13 C    0.769  -1.271   2.234
  14 C   -0.769   1.271  -4.975
  15 C    4.159   2.606  -4.975
  16 C   -4.159  -2.606   2.234
  17 C    4.905   0.402  -0.873
  18 C   -4.905  -0.402   6.335
  19 C    0.023  -3.474   6.335
  20 C   -0.023   3.474  -0.873
 INFORMATION **** SET_MPP **** PCRYSTAL CALCULATION
 INFORMATION **** READM2 **** NEW DEFAULT: FOCK/KS MATRIX MIXING SET TO 30 %
 INFORMATION **** READM2 **** NEW DEFAULT: FULL DIRECT SCF MODE
 INFORMATION **** READM2 **** NEW DEFAULT: COULOMB BIPOLAR BUFFER SET TO 32 Mb
 INFORMATION **** READM2 **** NEW DEFAULT: EXCHANGE BIPOLAR BUFFER SET TO 32 Mb

 *******************************************************************************
 NEW DEFAULT: DFT INTEGRATION GRID INCREASED TO XLGRID
 NEW DEFAULT: DIIS ACCELERATOR ACTIVE
 USE KEYWORD NODIIS TO TURN IT OFF
 *******************************************************************************

 INFORMATION **** DFTD3_INPUT **** PERFORM LATEST DISPERSION CORRECTION DFT-D3(BJ) WITH AUTOMATIC PARAMETER SETUP
 PLEASE CITE:
 (1) DFT-D3 Reference
  S. Grimme, J. Antony, S. Ehrlich, and H. Krieg, J. Chem. Phys. 132 (2010), 154104
 (2) BJ-Damping Reference
  S. Grimme, S. Ehrlich, and L. Goerigk, J. Comput. Chem. 32 (2011), 1456-1465
 (3) General DFT-D Review
  S. Grimme, A. Hansen, J. G. Brandenburg, and C. Bannwarth,
  Chem. Rev. 116 (2016), 5105-5154

 INFORMATION **** TOLINTEG **** COULOMB AND EXCHANGE SERIES TOLERANCES MODIFIED
 INFORMATION **** TOLDEE **** SCF TOL ON TOTAL ENERGY SET TO           9
 INFORMATION **** READM2 **** FULL DIRECT SCF (MONO AND BIEL INT) SELECTED
 INFORMATION **** MAXCYCLE **** MAX NUMBER OF SCF CYCLES SET TO         800
 INFORMATION **** DIIS **** DIIS FOR SCF ACTIVE
 INFORMATION **** DIIS **** LEVEL SHIFTER DISABLED
 INFORMATION **** PPAN ****  MULLIKEN POPULATION ANALYSIS AT THE END OF SCF
 *******************************************************************************
 N. OF ATOMS PER CELL        20  COULOMB OVERLAP TOL         (T1) 10**   -8
 NUMBER OF SHELLS           160  COULOMB PENETRATION TOL     (T2) 10**   -8
 NUMBER OF AO               360  EXCHANGE OVERLAP TOL        (T3) 10**   -8
 N. OF ELECTRONS PER CELL   120  EXCHANGE PSEUDO OVP (F(G))  (T4) 10**   -9
 CORE ELECTRONS PER CELL     40  EXCHANGE PSEUDO OVP (P(G))  (T5) 10**  -24
 N. OF SYMMETRY OPERATORS     4  POLE ORDER IN MONO ZONE                  4
 *******************************************************************************
 TYPE OF CALCULATION :  UNRESTRICTED OPEN SHELL
 KOHN-SHAM HAMILTONIAN

 (EXCHANGE)[CORRELATION] FUNCTIONAL:(BECKE 88)[LEE-YANG-PARR]

 NON-LOCAL WEIGHTING FACTOR (EXCHANGE) =           0.9000
 NON-LOCAL WEIGHTING FACTOR [CORRELATION] =        0.8100

 HYBRID EXCHANGE - PERCENTAGE OF FOCK EXCHANGE    20.0000

 SPIN POLARIZED DFT SELECTED

 CAPPA:IS1 10;IS2 10;IS3 10; K PTS MONK NET 216; SYMMOPS:K SPACE   8;G SPACE   4

 *******************************************************************************
 MAX NUMBER OF SCF CYCLES     800  CONVERGENCE ON DELTAP        10**-19
 WEIGHT OF F(I) IN F(I+1)      30% CONVERGENCE ON ENERGY        10**- 9
 SHRINK. FACT.(MONKH.)   10 10 10  NUMBER OF K POINTS IN THE IBZ    216
 SHRINKING FACTOR(GILAT NET)   20  NUMBER OF K POINTS(GILAT NET)   1331
 *******************************************************************************
 *** K POINTS COORDINATES (OBLIQUE COORDINATES IN UNITS OF IS = 10)
   1-R(  0  0  0)   2-C(  1  0  0)   3-C(  2  0  0)   4-C(  3  0  0)
   5-C(  4  0  0)   6-R(  5  0  0)   7-C(  0  1  0)   8-C(  1  1  0)
   9-C(  2  1  0)  10-C(  3  1  0)  11-C(  4  1  0)  12-C(  5  1  0)
  13-C(  0  2  0)  14-C(  1  2  0)  15-C(  2  2  0)  16-C(  3  2  0)
  17-C(  4  2  0)  18-C(  5  2  0)  19-C(  0  3  0)  20-C(  1  3  0)
  21-C(  2  3  0)  22-C(  3  3  0)  23-C(  4  3  0)  24-C(  5  3  0)
  25-C(  0  4  0)  26-C(  1  4  0)  27-C(  2  4  0)  28-C(  3  4  0)
  29-C(  4  4  0)  30-C(  5  4  0)  31-R(  0  5  0)  32-C(  1  5  0)
  33-C(  2  5  0)  34-C(  3  5  0)  35-C(  4  5  0)  36-R(  5  5  0)
  37-C(  0  0  1)  38-C(  1  0  1)  39-C(  2  0  1)  40-C(  3  0  1)
  41-C(  4  0  1)  42-C(  5  0  1)  43-C(  0  1  1)  44-C(  1  1  1)
  45-C(  2  1  1)  46-C(  3  1  1)  47-C(  4  1  1)  48-C(  5  1  1)
  49-C(  0  2  1)  50-C(  1  2  1)  51-C(  2  2  1)  52-C(  3  2  1)
  53-C(  4  2  1)  54-C(  5  2  1)  55-C(  0  3  1)  56-C(  1  3  1)
  57-C(  2  3  1)  58-C(  3  3  1)  59-C(  4  3  1)  60-C(  5  3  1)
  61-C(  0  4  1)  62-C(  1  4  1)  63-C(  2  4  1)  64-C(  3  4  1)
  65-C(  4  4  1)  66-C(  5  4  1)  67-C(  0  5  1)  68-C(  1  5  1)
  69-C(  2  5  1)  70-C(  3  5  1)  71-C(  4  5  1)  72-C(  5  5  1)
  73-C(  0  0  2)  74-C(  1  0  2)  75-C(  2  0  2)  76-C(  3  0  2)
  77-C(  4  0  2)  78-C(  5  0  2)  79-C(  0  1  2)  80-C(  1  1  2)
  81-C(  2  1  2)  82-C(  3  1  2)  83-C(  4  1  2)  84-C(  5  1  2)
  85-C(  0  2  2)  86-C(  1  2  2)  87-C(  2  2  2)  88-C(  3  2  2)
  89-C(  4  2  2)  90-C(  5  2  2)  91-C(  0  3  2)  92-C(  1  3  2)
  93-C(  2  3  2)  94-C(  3  3  2)  95-C(  4  3  2)  96-C(  5  3  2)
  97-C(  0  4  2)  98-C(  1  4  2)  99-C(  2  4  2) 100-C(  3  4  2)
 101-C(  4  4  2) 102-C(  5  4  2) 103-C(  0  5  2) 104-C(  1  5  2)
 105-C(  2  5  2) 106-C(  3  5  2) 107-C(  4  5  2) 108-C(  5  5  2)
 109-C(  0  0  3) 110-C(  1  0  3) 111-C(  2  0  3) 112-C(  3  0  3)
 113-C(  4  0  3) 114-C(  5  0  3) 115-C(  0  1  3) 116-C(  1  1  3)
 117-C(  2  1  3) 118-C(  3  1  3) 119-C(  4  1  3) 120-C(  5  1  3)
 121-C(  0  2  3) 122-C(  1  2  3) 123-C(  2  2  3) 124-C(  3  2  3)
 125-C(  4  2  3) 126-C(  5  2  3) 127-C(  0  3  3) 128-C(  1  3  3)
 129-C(  2  3  3) 130-C(  3  3  3) 131-C(  4  3  3) 132-C(  5  3  3)
 133-C(  0  4  3) 134-C(  1  4  3) 135-C(  2  4  3) 136-C(  3  4  3)
 137-C(  4  4  3) 138-C(  5  4  3) 139-C(  0  5  3) 140-C(  1  5  3)
 141-C(  2  5  3) 142-C(  3  5  3) 143-C(  4  5  3) 144-C(  5  5  3)
 145-C(  0  0  4) 146-C(  1  0  4) 147-C(  2  0  4) 148-C(  3  0  4)
 149-C(  4  0  4) 150-C(  5  0  4) 151-C(  0  1  4) 152-C(  1  1  4)
 153-C(  2  1  4) 154-C(  3  1  4) 155-C(  4  1  4) 156-C(  5  1  4)
 157-C(  0  2  4) 158-C(  1  2  4) 159-C(  2  2  4) 160-C(  3  2  4)
 161-C(  4  2  4) 162-C(  5  2  4) 163-C(  0  3  4) 164-C(  1  3  4)
 165-C(  2  3  4) 166-C(  3  3  4) 167-C(  4  3  4) 168-C(  5  3  4)
 169-C(  0  4  4) 170-C(  1  4  4) 171-C(  2  4  4) 172-C(  3  4  4)
 173-C(  4  4  4) 174-C(  5  4  4) 175-C(  0  5  4) 176-C(  1  5  4)
 177-C(  2  5  4) 178-C(  3  5  4) 179-C(  4  5  4) 180-C(  5  5  4)
 181-R(  0  0  5) 182-C(  1  0  5) 183-C(  2  0  5) 184-C(  3  0  5)
 185-C(  4  0  5) 186-R(  5  0  5) 187-C(  0  1  5) 188-C(  1  1  5)
 189-C(  2  1  5) 190-C(  3  1  5) 191-C(  4  1  5) 192-C(  5  1  5)
 193-C(  0  2  5) 194-C(  1  2  5) 195-C(  2  2  5) 196-C(  3  2  5)
 197-C(  4  2  5) 198-C(  5  2  5) 199-C(  0  3  5) 200-C(  1  3  5)
 201-C(  2  3  5) 202-C(  3  3  5) 203-C(  4  3  5) 204-C(  5  3  5)
 205-C(  0  4  5) 206-C(  1  4  5) 207-C(  2  4  5) 208-C(  3  4  5)
 209-C(  4  4  5) 210-C(  5  4  5) 211-R(  0  5  5) 212-C(  1  5  5)
 213-C(  2  5  5) 214-C(  3  5  5) 215-C(  4  5  5) 216-R(  5  5  5)

 DIRECT LATTICE VECTORS COMPON. (A.U.)     RECIP. LATTICE VECTORS COMPON. (A.U.) 
        X            Y            Z              X            Y            Z
    9.8570005    0.0000000    0.0000000      0.6374338    0.0000000    0.0000000
    0.0000000    7.7524143    0.0000000      0.0000000    0.8104811    0.0000000
    0.0000000    0.0000000   14.4171472      0.0000000    0.0000000    0.4358134

 DISK SPACE FOR EIGENVECTORS (FTN 10)    54950400 REALS

 SYMMETRY ADAPTION OF THE BLOCH FUNCTIONS ENABLED
 TTTTTTTTTTTTTTTTTTTTTTTTTTTTTT gordsh1     TELAPSE        2.06 TCPU        0.76

 MATRIX SIZE: P(G) 1668008, F(G)  186652, P(G) IRR  214855, F(G) IRR   47903
 MAX G-VECTOR INDEX FOR 1- AND 2-ELECTRON INTEGRALS 221

 TTTTTTTTTTTTTTTTTTTTTTTTTTTTTT INPUT       TELAPSE        2.06 TCPU        0.77

 NEIGHBORS OF THE NON-EQUIVALENT ATOMS

 N = NUMBER OF NEIGHBORS AT DISTANCE R
    ATOM  N     R/ANG      R/AU   NEIGHBORS (ATOM LABELS AND CELL INDICES)
   1 C    1     1.5318     2.8947   20 C    0-1 0
   1 C    1     1.5375     2.9054    7 C    0 0 0
   1 C    1     1.5975     3.0188   13 C    0 0 0
   1 C    1     1.5983     3.0203   16 C    0 0 0
   1 C    1     2.3564     4.4530    6 C    0 0 0
   1 C    1     2.4670     4.6619   17 C   -1 0 0

   5 C    1     1.3133     2.4818   19 C    0 1 0
   5 C    1     1.4448     2.7302   12 C    0 1 0
   5 C    1     1.5375     2.9054    3 C    0 0 1
   5 C    1     2.2788     4.3064   14 C    0 0 1
   5 C    1     2.3564     4.4530    2 C    0 0 1
   5 C    1     2.3945     4.5250    9 C    0 1 0

   9 C    1     1.3469     2.5453   13 C    0 0 0
   9 C    1     1.4448     2.7302    8 C    0 0 0
   9 C    1     1.4600     2.7589   19 C    0 0 0
   9 C    1     2.3404     4.4226   18 C    1 0 0
   9 C    1     2.3945     4.5250    5 C    0-1 0
   9 C    1     2.5103     4.7437    4 C    0 0 0

  13 C    1     1.3469     2.5453    9 C    0 0 0
  13 C    1     1.5975     3.0188    1 C    0 0 0
  13 C    1     1.5983     3.0203    4 C    0 0 0
  13 C    1     2.2788     4.3064    6 C    0 0 0
  13 C    1     2.3263     4.3961   20 C    0-1 0
  13 C    1     2.4411     4.6130    8 C    0 0 0

  17 C    1     1.3133     2.4818    7 C    1 0 0
  17 C    1     1.4600     2.7589   11 C    0 0 0
  17 C    1     1.5318     2.8947    4 C    0 0 0
  17 C    1     2.3263     4.3961   16 C    1 0 0
  17 C    1     2.3404     4.4226   10 C    1 0 0
  17 C    1     2.3972     4.5301    6 C    0 1 0


 SYMMETRY ALLOWED INTERNAL DEGREE(S) OF FREEDOM:  14
 TTTTTTTTTTTTTTTTTTTTTTTTTTTTTT SYMM        TELAPSE        2.15 TCPU        0.83
 TTTTTTTTTTTTTTTTTTTTTTTTTTTTTT INT_SCREEN  TELAPSE        2.16 TCPU        0.84

 DFT PARAMETERS

     ATOM       ELECTRONS   NET CHARGE   R(ANGSTROM)
   1   6  C       6.0000      0.0000     0.77000000

 SIZE OF GRID=     149114
 TTTTTTTTTTTTTTTTTTTTTTTTTTTTTT MAKE_GRID2  TELAPSE        2.51 TCPU        1.19
 BECKE WEIGHT FUNCTION
 RADSAFE =     2.00
 TOLERANCES - DENSITY:10**- 6; POTENTIAL:10**- 9; GRID WGT:10**-14

 RADIAL INTEGRATION  - INTERVALS (POINTS,UPPER LIMIT):            1( 75,  4.0*R)

 ANGULAR INTEGRATION - INTERVALS (ACCURACY LEVEL [N. POINTS] UPPER LIMIT):
  1(  4[  86]   0.2)  2(  8[ 194]   0.5)  3( 12[ 350]   0.9)  4( 16[ 974]   3.5)
  5( 12[ 350]9999.0)
 TTTTTTTTTTTTTTTTTTTTTTTTTTTTTT INT_CALC    TELAPSE        2.53 TCPU        1.21
 EEEEEEEEEE INT_CALC TERMINATION  DATE 30 01 2026 TIME 20:47:53.6

 *******************************************************************************
 ./3^4,4T7-CA_rev1_sp_B3LYP-D3-D3_optimized                                      
 CRYSTAL - SCF - TYPE OF CALCULATION :  UNRESTRICTED OPEN SHELL
 *******************************************************************************

 CAPPA:IS1 10;IS2 10;IS3 10; K PTS MONK NET 216; SYMMOPS:K SPACE   8;G SPACE   4

 TTTTTTTTTTTTTTTTTTTTTTTTTTTTTT SDIK        TELAPSE        3.01 TCPU        1.69

 AAAAAAAAAAAAAAAAAAAAAAAAAAAAAAAAAAAAAAAAAAAAAAAAAAAAAAAAAAAAAAAAAAAAAAAAAAAAAAA
         ATOMIC WAVEFUNCTION(S)


 NUCLEAR CHARGE  6.0  SYMMETRY SPECIES            S    P
 N. ELECTRONS    6.0  NUMBER OF PRIMITIVE GTOS   10    6
                      NUMBER OF CONTRACTED GTOS   4    3
                      NUMBER OF CLOSED SHELLS     2    0
                      OPEN SHELL OCCUPATION       0    2

  ZNUC  SCFIT    TOTAL HF ENERGY   KINETIC ENERGY   VIRIAL THEOREM ACCURACY
   6.0    10    -3.766702350E+01  3.783137943E+01 -1.995655566E+00  1.6E-06

 AAAAAAAAAAAAAAAAAAAAAAAAAAAAAAAAAAAAAAAAAAAAAAAAAAAAAAAAAAAAAAAAAAAAAAAAAAAAAAA

 CHARGE NORMALIZATION FACTOR   1.00000000
 TOTAL ATOMIC CHARGES:
   6.0000000   6.0000000   6.0000000   6.0000000   6.0000000   6.0000000
   6.0000000   6.0000000   6.0000000   6.0000000   6.0000000   6.0000000
   6.0000000   6.0000000   6.0000000   6.0000000   6.0000000   6.0000000
   6.0000000   6.0000000
 SUMMED SPIN DENSITY           0.00000000
 TOTAL ATOMIC SPINS  :
   0.0000000   0.0000000   0.0000000   0.0000000   0.0000000   0.0000000
   0.0000000   0.0000000   0.0000000   0.0000000   0.0000000   0.0000000
   0.0000000   0.0000000   0.0000000   0.0000000   0.0000000   0.0000000
   0.0000000   0.0000000
 TTTTTTTTTTTTTTTTTTTTTTTTTTTTTT MOQGAD      TELAPSE        3.02 TCPU        1.70
 TTTTTTTTTTTTTTTTTTTTTTTTTTTTTT SHELLXN     TELAPSE       41.10 TCPU       39.74
 TTTTTTTTTTTTTTTTTTTTTTTTTTTTTT MONMO3      TELAPSE       41.18 TCPU       39.82
 NUMERICALLY INTEGRATED DENSITY     59.9999706156     59.9999706156
 TTTTTTTTTTTTTTTTTTTTTTTTTTTTTT NUMDFT      TELAPSE       41.90 TCPU       40.53
 CYC   0 ETOT(AU) -7.673767765441E+02 DETOT -7.67E+02 tst  0.00E+00 PX  1.00E+00
 TTTTTTTTTTTTTTTTTTTTTTTTTTTTTT DIIS        TELAPSE       42.08 TCPU       40.64
 TTTTTTTTTTTTTTTTTTTTTTTTTTTTTT FDIK        TELAPSE       47.43 TCPU       45.91

    ALPHA      ELECTRONS
 INSULATING STATE
 TOP OF VALENCE BANDS -    BAND     60; K    1; EIG -2.0606454E-01 AU
 BOTTOM OF VIRTUAL BANDS - BAND     61; K    4; EIG -1.6078295E-01 AU
 INDIRECT ENERGY BAND GAP:   1.2322 eV
 BOTTOM OF VIRTUAL BANDS - BAND     61; K    1; EIG -1.4749757E-01 AU

    BETA       ELECTRONS
 INSULATING STATE
 TOP OF VALENCE BANDS -    BAND     60; K    1; EIG -2.0606454E-01 AU
 BOTTOM OF VIRTUAL BANDS - BAND     61; K    4; EIG -1.6078295E-01 AU
 INDIRECT ENERGY BAND GAP:   1.2322 eV
 BOTTOM OF VIRTUAL BANDS - BAND     61; K    1; EIG -1.4749757E-01 AU
 TTTTTTTTTTTTTTTTTTTTTTTTTTTTTT PDIG        TELAPSE       47.83 TCPU       46.24
 CHARGE NORMALIZATION FACTOR   1.00000000
 TOTAL ATOMIC CHARGES:
   5.8684284   5.8684284   5.8684284   5.8684284   6.1053222   6.1053222
   6.1053222   6.1053222   6.0702205   6.0702205   6.0702205   6.0702205
   5.9562813   5.9562813   5.9562813   5.9562813   5.9997477   5.9997477
   5.9997477   5.9997477
 SUMMED SPIN DENSITY          -0.00000000
 TOTAL ATOMIC SPINS  :
  -0.0000000  -0.0000000  -0.0000000  -0.0000000  -0.0000000  -0.0000000
  -0.0000000  -0.0000000  -0.0000000  -0.0000000  -0.0000000  -0.0000000
   0.0000000   0.0000000   0.0000000   0.0000000   0.0000000   0.0000000
   0.0000000   0.0000000
 TTTTTTTTTTTTTTTTTTTTTTTTTTTTTT MOQGAD      TELAPSE       47.84 TCPU       46.25
 TTTTTTTTTTTTTTTTTTTTTTTTTTTTTT SHELLXN     TELAPSE       87.62 TCPU       85.99
 TTTTTTTTTTTTTTTTTTTTTTTTTTTTTT MONMO3      TELAPSE       87.70 TCPU       86.06
 NUMERICALLY INTEGRATED DENSITY     59.9999805519     59.9999805519
 TTTTTTTTTTTTTTTTTTTTTTTTTTTTTT NUMDFT      TELAPSE       88.39 TCPU       86.75
 CYC   1 ETOT(AU) -7.613179361916E+02 DETOT  6.06E+00 tst  0.00E+00 PX  1.00E+00
 TTTTTTTTTTTTTTTTTTTTTTTTTTTTTT DIIS        TELAPSE       88.50 TCPU       86.86
 DIIS TEST: 0.11501E+01 AT SCF   CYCLE   1 - MIX   30 %
 TTTTTTTTTTTTTTTTTTTTTTTTTTTTTT FDIK        TELAPSE       90.86 TCPU       89.14

    ALPHA      ELECTRONS
 INSULATING STATE
 TOP OF VALENCE BANDS -    BAND     60; K   27; EIG -1.4868250E-01 AU
 TOP OF VALENCE BANDS -    BAND     60; K    1; EIG -1.5565552E-01 AU
 BOTTOM OF VIRTUAL BANDS - BAND     61; K    4; EIG -9.0536992E-02 AU
 INDIRECT ENERGY BAND GAP:   1.5822 eV
 BOTTOM OF VIRTUAL BANDS - BAND     61; K    1; EIG -6.9643555E-02 AU

    BETA       ELECTRONS
 INSULATING STATE
 TOP OF VALENCE BANDS -    BAND     60; K   27; EIG -1.4868250E-01 AU
 TOP OF VALENCE BANDS -    BAND     60; K    1; EIG -1.5565552E-01 AU
 BOTTOM OF VIRTUAL BANDS - BAND     61; K    4; EIG -9.0536992E-02 AU
 INDIRECT ENERGY BAND GAP:   1.5822 eV
 BOTTOM OF VIRTUAL BANDS - BAND     61; K    1; EIG -6.9643555E-02 AU
 TTTTTTTTTTTTTTTTTTTTTTTTTTTTTT PDIG        TELAPSE       91.20 TCPU       89.48
 CHARGE NORMALIZATION FACTOR   1.00000000
 TOTAL ATOMIC CHARGES:
   6.1043038   6.1043038   6.1043038   6.1043038   5.9670705   5.9670705
   5.9670705   5.9670705   5.8450430   5.8450430   5.8450430   5.8450430
   6.1300140   6.1300140   6.1300140   6.1300140   5.9535687   5.9535687
   5.9535687   5.9535687
 SUMMED SPIN DENSITY           0.00000000
 TOTAL ATOMIC SPINS  :
  -0.0000000  -0.0000000  -0.0000000  -0.0000000  -0.0000000  -0.0000000
  -0.0000000  -0.0000000   0.0000000   0.0000000   0.0000000   0.0000000
  -0.0000000  -0.0000000  -0.0000000  -0.0000000   0.0000000   0.0000000
   0.0000000   0.0000000
 TTTTTTTTTTTTTTTTTTTTTTTTTTTTTT MOQGAD      TELAPSE       91.21 TCPU       89.48
 TTTTTTTTTTTTTTTTTTTTTTTTTTTTTT SHELLXN     TELAPSE      130.97 TCPU      129.13
 TTTTTTTTTTTTTTTTTTTTTTTTTTTTTT MONMO3      TELAPSE      131.05 TCPU      129.21
 NUMERICALLY INTEGRATED DENSITY     59.9999801375     59.9999801375
 TTTTTTTTTTTTTTTTTTTTTTTTTTTTTT NUMDFT      TELAPSE      131.79 TCPU      129.95
 CYC   2 ETOT(AU) -7.613684785496E+02 DETOT -5.05E-02 tst  2.20E-03 PX  8.56E-02
 TTTTTTTTTTTTTTTTTTTTTTTTTTTTTT DIIS        TELAPSE      131.90 TCPU      130.07
 DIIS TEST: 0.70374E+00 AT SCF   CYCLE   2 - DIIS ACTIVE - HISTORY:     2 CYCLES
 TTTTTTTTTTTTTTTTTTTTTTTTTTTTTT FDIK        TELAPSE      134.14 TCPU      132.29

    ALPHA      ELECTRONS
 INSULATING STATE
 TOP OF VALENCE BANDS -    BAND     60; K    1; EIG -1.4125995E-01 AU
 BOTTOM OF VIRTUAL BANDS - BAND     61; K    4; EIG -6.5839100E-02 AU
 INDIRECT ENERGY BAND GAP:   2.0523 eV
 BOTTOM OF VIRTUAL BANDS - BAND     61; K    1; EIG -4.9957427E-02 AU

    BETA       ELECTRONS
 INSULATING STATE
 TOP OF VALENCE BANDS -    BAND     60; K    1; EIG -1.4125995E-01 AU
 BOTTOM OF VIRTUAL BANDS - BAND     61; K    4; EIG -6.5839100E-02 AU
 INDIRECT ENERGY BAND GAP:   2.0523 eV
 BOTTOM OF VIRTUAL BANDS - BAND     61; K    1; EIG -4.9957427E-02 AU
 TTTTTTTTTTTTTTTTTTTTTTTTTTTTTT PDIG        TELAPSE      134.48 TCPU      132.63
 CHARGE NORMALIZATION FACTOR   1.00000000
 TOTAL ATOMIC CHARGES:
   5.9986746   5.9986746   5.9986746   5.9986746   6.0262523   6.0262523
   6.0262523   6.0262523   6.0888283   6.0888283   6.0888283   6.0888283
   5.9254345   5.9254345   5.9254345   5.9254345   5.9608103   5.9608103
   5.9608103   5.9608103
 SUMMED SPIN DENSITY          -0.00000000
 TOTAL ATOMIC SPINS  :
   0.0000000   0.0000000   0.0000000   0.0000000  -0.0000000  -0.0000000
  -0.0000000  -0.0000000   0.0000000   0.0000000   0.0000000   0.0000000
  -0.0000000  -0.0000000  -0.0000000  -0.0000000   0.0000000   0.0000000
   0.0000000   0.0000000
 TTTTTTTTTTTTTTTTTTTTTTTTTTTTTT MOQGAD      TELAPSE      134.49 TCPU      132.64
 TTTTTTTTTTTTTTTTTTTTTTTTTTTTTT SHELLXN     TELAPSE      174.16 TCPU      172.27
 TTTTTTTTTTTTTTTTTTTTTTTTTTTTTT MONMO3      TELAPSE      174.24 TCPU      172.35
 NUMERICALLY INTEGRATED DENSITY     59.9999791713     59.9999791713
 TTTTTTTTTTTTTTTTTTTTTTTTTTTTTT NUMDFT      TELAPSE      174.94 TCPU      173.05
 CYC   3 ETOT(AU) -7.613995397140E+02 DETOT -3.11E-02 tst  1.45E-03 PX  4.43E-02
 TTTTTTTTTTTTTTTTTTTTTTTTTTTTTT DIIS        TELAPSE      175.14 TCPU      173.25
 DIIS TEST: 0.16286E+00 AT SCF   CYCLE   3 - DIIS ACTIVE - HISTORY:     3 CYCLES
 TTTTTTTTTTTTTTTTTTTTTTTTTTTTTT FDIK        TELAPSE      177.28 TCPU      175.38

    ALPHA      ELECTRONS
 INSULATING STATE
 TOP OF VALENCE BANDS -    BAND     60; K   27; EIG -1.4991406E-01 AU
 TOP OF VALENCE BANDS -    BAND     60; K    1; EIG -1.5048851E-01 AU
 BOTTOM OF VIRTUAL BANDS - BAND     61; K    4; EIG -7.3401005E-02 AU
 INDIRECT ENERGY BAND GAP:   2.0820 eV
 BOTTOM OF VIRTUAL BANDS - BAND     61; K    1; EIG -5.5025866E-02 AU

    BETA       ELECTRONS
 INSULATING STATE
 TOP OF VALENCE BANDS -    BAND     60; K   27; EIG -1.4991406E-01 AU
 TOP OF VALENCE BANDS -    BAND     60; K    1; EIG -1.5048851E-01 AU
 BOTTOM OF VIRTUAL BANDS - BAND     61; K    4; EIG -7.3401005E-02 AU
 INDIRECT ENERGY BAND GAP:   2.0820 eV
 BOTTOM OF VIRTUAL BANDS - BAND     61; K    1; EIG -5.5025866E-02 AU
 TTTTTTTTTTTTTTTTTTTTTTTTTTTTTT PDIG        TELAPSE      177.62 TCPU      175.72
 CHARGE NORMALIZATION FACTOR   1.00000000
 TOTAL ATOMIC CHARGES:
   5.9758426   5.9758426   5.9758426   5.9758426   6.0360300   6.0360300
   6.0360300   6.0360300   5.9845517   5.9845517   5.9845517   5.9845517
   6.0369831   6.0369831   6.0369831   6.0369831   5.9665926   5.9665926
   5.9665926   5.9665926
 SUMMED SPIN DENSITY          -0.00000000
 TOTAL ATOMIC SPINS  :
   0.0000000   0.0000000   0.0000000   0.0000000  -0.0000000  -0.0000000
  -0.0000000  -0.0000000  -0.0000000  -0.0000000  -0.0000000  -0.0000000
  -0.0000000  -0.0000000  -0.0000000  -0.0000000   0.0000000   0.0000000
   0.0000000   0.0000000
 TTTTTTTTTTTTTTTTTTTTTTTTTTTTTT MOQGAD      TELAPSE      177.62 TCPU      175.73
 TTTTTTTTTTTTTTTTTTTTTTTTTTTTTT SHELLXN     TELAPSE      217.51 TCPU      215.58
 TTTTTTTTTTTTTTTTTTTTTTTTTTTTTT MONMO3      TELAPSE      217.58 TCPU      215.66
 NUMERICALLY INTEGRATED DENSITY     59.9999796459     59.9999796459
 TTTTTTTTTTTTTTTTTTTTTTTTTTTTTT NUMDFT      TELAPSE      218.27 TCPU      216.35
 CYC   4 ETOT(AU) -7.614083503716E+02 DETOT -8.81E-03 tst  2.31E-04 PX  1.92E-02
 TTTTTTTTTTTTTTTTTTTTTTTTTTTTTT DIIS        TELAPSE      218.42 TCPU      216.43
 DIIS TEST: 0.11826E-01 AT SCF   CYCLE   4 - DIIS ACTIVE - HISTORY:     4 CYCLES
 TTTTTTTTTTTTTTTTTTTTTTTTTTTTTT FDIK        TELAPSE      220.60 TCPU      218.58

    ALPHA      ELECTRONS
 INSULATING STATE
 TOP OF VALENCE BANDS -    BAND     60; K   27; EIG -1.5121215E-01 AU
 TOP OF VALENCE BANDS -    BAND     60; K    1; EIG -1.5196279E-01 AU
 BOTTOM OF VIRTUAL BANDS - BAND     61; K    4; EIG -7.3860391E-02 AU
 INDIRECT ENERGY BAND GAP:   2.1048 eV
 BOTTOM OF VIRTUAL BANDS - BAND     61; K    1; EIG -5.6380514E-02 AU

    BETA       ELECTRONS
 INSULATING STATE
 TOP OF VALENCE BANDS -    BAND     60; K   27; EIG -1.5121215E-01 AU
 TOP OF VALENCE BANDS -    BAND     60; K    1; EIG -1.5196279E-01 AU
 BOTTOM OF VIRTUAL BANDS - BAND     61; K    4; EIG -7.3860391E-02 AU
 INDIRECT ENERGY BAND GAP:   2.1048 eV
 BOTTOM OF VIRTUAL BANDS - BAND     61; K    1; EIG -5.6380514E-02 AU
 TTTTTTTTTTTTTTTTTTTTTTTTTTTTTT PDIG        TELAPSE      220.94 TCPU      218.93
 CHARGE NORMALIZATION FACTOR   1.00000000
 TOTAL ATOMIC CHARGES:
   6.0030995   6.0030995   6.0030995   6.0030995   6.0228728   6.0228728
   6.0228728   6.0228728   6.0042119   6.0042119   6.0042119   6.0042119
   6.0035273   6.0035273   6.0035273   6.0035273   5.9662885   5.9662885
   5.9662885   5.9662885
 SUMMED SPIN DENSITY          -0.00000000
 TOTAL ATOMIC SPINS  :
  -0.0000000  -0.0000000  -0.0000000  -0.0000000  -0.0000000  -0.0000000
  -0.0000000  -0.0000000  -0.0000000  -0.0000000  -0.0000000  -0.0000000
  -0.0000000  -0.0000000  -0.0000000  -0.0000000   0.0000000   0.0000000
   0.0000000   0.0000000
 TTTTTTTTTTTTTTTTTTTTTTTTTTTTTT MOQGAD      TELAPSE      220.95 TCPU      218.93
 TTTTTTTTTTTTTTTTTTTTTTTTTTTTTT SHELLXN     TELAPSE      260.51 TCPU      258.47
 TTTTTTTTTTTTTTTTTTTTTTTTTTTTTT MONMO3      TELAPSE      260.59 TCPU      258.55
 NUMERICALLY INTEGRATED DENSITY     59.9999796482     59.9999796482
 TTTTTTTTTTTTTTTTTTTTTTTTTTTTTT NUMDFT      TELAPSE      261.27 TCPU      259.23
 CYC   5 ETOT(AU) -7.614090616537E+02 DETOT -7.11E-04 tst  2.40E-05 PX  6.19E-03
 TTTTTTTTTTTTTTTTTTTTTTTTTTTTTT DIIS        TELAPSE      261.38 TCPU      259.34
 DIIS TEST: 0.97916E-03 AT SCF   CYCLE   5 - DIIS ACTIVE - HISTORY:     5 CYCLES
 TTTTTTTTTTTTTTTTTTTTTTTTTTTTTT FDIK        TELAPSE      263.53 TCPU      261.47

    ALPHA      ELECTRONS
 INSULATING STATE
 TOP OF VALENCE BANDS -    BAND     60; K   27; EIG -1.5120712E-01 AU
 TOP OF VALENCE BANDS -    BAND     60; K    1; EIG -1.5206948E-01 AU
 BOTTOM OF VIRTUAL BANDS - BAND     61; K    4; EIG -7.3775498E-02 AU
 INDIRECT ENERGY BAND GAP:   2.1070 eV
 BOTTOM OF VIRTUAL BANDS - BAND     61; K    1; EIG -5.6242638E-02 AU

    BETA       ELECTRONS
 INSULATING STATE
 TOP OF VALENCE BANDS -    BAND     60; K   27; EIG -1.5120712E-01 AU
 TOP OF VALENCE BANDS -    BAND     60; K    1; EIG -1.5206948E-01 AU
 BOTTOM OF VIRTUAL BANDS - BAND     61; K    4; EIG -7.3775498E-02 AU
 INDIRECT ENERGY BAND GAP:   2.1070 eV
 BOTTOM OF VIRTUAL BANDS - BAND     61; K    1; EIG -5.6242638E-02 AU
 TTTTTTTTTTTTTTTTTTTTTTTTTTTTTT PDIG        TELAPSE      263.86 TCPU      261.81
 CHARGE NORMALIZATION FACTOR   1.00000000
 TOTAL ATOMIC CHARGES:
   5.9969125   5.9969125   5.9969125   5.9969125   6.0255797   6.0255797
   6.0255797   6.0255797   6.0030305   6.0030305   6.0030305   6.0030305
   6.0124693   6.0124693   6.0124693   6.0124693   5.9620080   5.9620080
   5.9620080   5.9620080
 SUMMED SPIN DENSITY          -0.00000000
 TOTAL ATOMIC SPINS  :
  -0.0000000  -0.0000000  -0.0000000  -0.0000000  -0.0000000  -0.0000000
  -0.0000000  -0.0000000  -0.0000000  -0.0000000  -0.0000000  -0.0000000
   0.0000000   0.0000000   0.0000000   0.0000000   0.0000000   0.0000000
   0.0000000   0.0000000
 TTTTTTTTTTTTTTTTTTTTTTTTTTTTTT MOQGAD      TELAPSE      263.87 TCPU      261.82
 TTTTTTTTTTTTTTTTTTTTTTTTTTTTTT SHELLXN     TELAPSE      303.33 TCPU      301.25
 TTTTTTTTTTTTTTTTTTTTTTTTTTTTTT MONMO3      TELAPSE      303.40 TCPU      301.32
 NUMERICALLY INTEGRATED DENSITY     59.9999796550     59.9999796550
 TTTTTTTTTTTTTTTTTTTTTTTTTTTTTT NUMDFT      TELAPSE      304.10 TCPU      302.01
 CYC   6 ETOT(AU) -7.614091176662E+02 DETOT -5.60E-05 tst  7.36E-07 PX  1.74E-03
 TTTTTTTTTTTTTTTTTTTTTTTTTTTTTT DIIS        TELAPSE      304.20 TCPU      302.12
 DIIS TEST: 0.14366E-03 AT SCF   CYCLE   6 - DIIS ACTIVE - HISTORY:     6 CYCLES
 TTTTTTTTTTTTTTTTTTTTTTTTTTTTTT FDIK        TELAPSE      306.27 TCPU      304.19

    ALPHA      ELECTRONS
 INSULATING STATE
 TOP OF VALENCE BANDS -    BAND     60; K   27; EIG -1.5114954E-01 AU
 TOP OF VALENCE BANDS -    BAND     60; K    1; EIG -1.5200495E-01 AU
 BOTTOM OF VIRTUAL BANDS - BAND     61; K    4; EIG -7.3607906E-02 AU
 INDIRECT ENERGY BAND GAP:   2.1100 eV
 BOTTOM OF VIRTUAL BANDS - BAND     61; K    1; EIG -5.6042422E-02 AU

    BETA       ELECTRONS
 INSULATING STATE
 TOP OF VALENCE BANDS -    BAND     60; K   27; EIG -1.5114954E-01 AU
 TOP OF VALENCE BANDS -    BAND     60; K    1; EIG -1.5200495E-01 AU
 BOTTOM OF VIRTUAL BANDS - BAND     61; K    4; EIG -7.3607906E-02 AU
 INDIRECT ENERGY BAND GAP:   2.1100 eV
 BOTTOM OF VIRTUAL BANDS - BAND     61; K    1; EIG -5.6042422E-02 AU
 TTTTTTTTTTTTTTTTTTTTTTTTTTTTTT PDIG        TELAPSE      306.70 TCPU      304.61
 CHARGE NORMALIZATION FACTOR   1.00000000
 TOTAL ATOMIC CHARGES:
   5.9969802   5.9969802   5.9969802   5.9969802   6.0255114   6.0255114
   6.0255114   6.0255114   6.0013523   6.0013523   6.0013523   6.0013523
   6.0112443   6.0112443   6.0112443   6.0112443   5.9649117   5.9649117
   5.9649117   5.9649117
 SUMMED SPIN DENSITY          -0.00000000
 TOTAL ATOMIC SPINS  :
  -0.0000000  -0.0000000  -0.0000000  -0.0000000  -0.0000000  -0.0000000
  -0.0000000  -0.0000000  -0.0000000  -0.0000000  -0.0000000  -0.0000000
  -0.0000000  -0.0000000  -0.0000000  -0.0000000   0.0000000   0.0000000
   0.0000000   0.0000000
 TTTTTTTTTTTTTTTTTTTTTTTTTTTTTT MOQGAD      TELAPSE      306.71 TCPU      304.62
 TTTTTTTTTTTTTTTTTTTTTTTTTTTTTT SHELLXN     TELAPSE      346.07 TCPU      343.95
 TTTTTTTTTTTTTTTTTTTTTTTTTTTTTT MONMO3      TELAPSE      346.15 TCPU      344.03
 NUMERICALLY INTEGRATED DENSITY     59.9999796484     59.9999796484
 TTTTTTTTTTTTTTTTTTTTTTTTTTTTTT NUMDFT      TELAPSE      346.83 TCPU      344.71
 CYC   7 ETOT(AU) -7.614091257132E+02 DETOT -8.05E-06 tst  6.16E-08 PX  5.10E-04
 TTTTTTTTTTTTTTTTTTTTTTTTTTTTTT DIIS        TELAPSE      346.94 TCPU      344.82
 DIIS TEST: 0.52539E-05 AT SCF   CYCLE   7 - DIIS ACTIVE - HISTORY:     7 CYCLES
 TTTTTTTTTTTTTTTTTTTTTTTTTTTTTT FDIK        TELAPSE      349.14 TCPU      347.01

    ALPHA      ELECTRONS
 INSULATING STATE
 TOP OF VALENCE BANDS -    BAND     60; K   27; EIG -1.5114774E-01 AU
 TOP OF VALENCE BANDS -    BAND     60; K    1; EIG -1.5200683E-01 AU
 BOTTOM OF VIRTUAL BANDS - BAND     61; K    4; EIG -7.3601394E-02 AU
 INDIRECT ENERGY BAND GAP:   2.1101 eV
 BOTTOM OF VIRTUAL BANDS - BAND     61; K    1; EIG -5.6042877E-02 AU

    BETA       ELECTRONS
 INSULATING STATE
 TOP OF VALENCE BANDS -    BAND     60; K   27; EIG -1.5114774E-01 AU
 TOP OF VALENCE BANDS -    BAND     60; K    1; EIG -1.5200683E-01 AU
 BOTTOM OF VIRTUAL BANDS - BAND     61; K    4; EIG -7.3601394E-02 AU
 INDIRECT ENERGY BAND GAP:   2.1101 eV
 BOTTOM OF VIRTUAL BANDS - BAND     61; K    1; EIG -5.6042877E-02 AU
 TTTTTTTTTTTTTTTTTTTTTTTTTTTTTT PDIG        TELAPSE      349.48 TCPU      347.35
 CHARGE NORMALIZATION FACTOR   1.00000000
 TOTAL ATOMIC CHARGES:
   5.9971394   5.9971394   5.9971394   5.9971394   6.0256017   6.0256017
   6.0256017   6.0256017   6.0017694   6.0017694   6.0017694   6.0017694
   6.0111083   6.0111083   6.0111083   6.0111083   5.9643811   5.9643811
   5.9643811   5.9643811
 SUMMED SPIN DENSITY          -0.00000000
 TOTAL ATOMIC SPINS  :
   0.0000000   0.0000000   0.0000000   0.0000000  -0.0000000  -0.0000000
  -0.0000000  -0.0000000   0.0000000   0.0000000   0.0000000   0.0000000
  -0.0000000  -0.0000000  -0.0000000  -0.0000000   0.0000000   0.0000000
   0.0000000   0.0000000
 TTTTTTTTTTTTTTTTTTTTTTTTTTTTTT MOQGAD      TELAPSE      349.48 TCPU      347.36
 TTTTTTTTTTTTTTTTTTTTTTTTTTTTTT SHELLXN     TELAPSE      388.77 TCPU      386.61
 TTTTTTTTTTTTTTTTTTTTTTTTTTTTTT MONMO3      TELAPSE      388.84 TCPU      386.69
 NUMERICALLY INTEGRATED DENSITY     59.9999796475     59.9999796475
 TTTTTTTTTTTTTTTTTTTTTTTTTTTTTT NUMDFT      TELAPSE      389.53 TCPU      387.38
 CYC   8 ETOT(AU) -7.614091260415E+02 DETOT -3.28E-07 tst  2.97E-09 PX  1.18E-04
 TTTTTTTTTTTTTTTTTTTTTTTTTTTTTT DIIS        TELAPSE      389.64 TCPU      387.49
 DIIS TEST: 0.15123E-06 AT SCF   CYCLE   8 - DIIS ACTIVE - HISTORY:     8 CYCLES
 TTTTTTTTTTTTTTTTTTTTTTTTTTTTTT FDIK        TELAPSE      391.76 TCPU      389.60

    ALPHA      ELECTRONS
 INSULATING STATE
 TOP OF VALENCE BANDS -    BAND     60; K   27; EIG -1.5115201E-01 AU
 TOP OF VALENCE BANDS -    BAND     60; K    1; EIG -1.5201473E-01 AU
 BOTTOM OF VIRTUAL BANDS - BAND     61; K    4; EIG -7.3605193E-02 AU
 INDIRECT ENERGY BAND GAP:   2.1102 eV
 BOTTOM OF VIRTUAL BANDS - BAND     61; K    1; EIG -5.6048785E-02 AU

    BETA       ELECTRONS
 INSULATING STATE
 TOP OF VALENCE BANDS -    BAND     60; K   27; EIG -1.5115201E-01 AU
 TOP OF VALENCE BANDS -    BAND     60; K    1; EIG -1.5201473E-01 AU
 BOTTOM OF VIRTUAL BANDS - BAND     61; K    4; EIG -7.3605193E-02 AU
 INDIRECT ENERGY BAND GAP:   2.1102 eV
 BOTTOM OF VIRTUAL BANDS - BAND     61; K    1; EIG -5.6048785E-02 AU
 TTTTTTTTTTTTTTTTTTTTTTTTTTTTTT PDIG        TELAPSE      392.10 TCPU      389.93
 CHARGE NORMALIZATION FACTOR   1.00000000
 TOTAL ATOMIC CHARGES:
   5.9971041   5.9971041   5.9971041   5.9971041   6.0254471   6.0254471
   6.0254471   6.0254471   6.0017865   6.0017865   6.0017865   6.0017865
   6.0111600   6.0111600   6.0111600   6.0111600   5.9645023   5.9645023
   5.9645023   5.9645023
 SUMMED SPIN DENSITY          -0.00000000
 TOTAL ATOMIC SPINS  :
  -0.0000000  -0.0000000  -0.0000000  -0.0000000  -0.0000000  -0.0000000
  -0.0000000  -0.0000000   0.0000000   0.0000000   0.0000000   0.0000000
   0.0000000   0.0000000   0.0000000   0.0000000  -0.0000000  -0.0000000
  -0.0000000  -0.0000000
 TTTTTTTTTTTTTTTTTTTTTTTTTTTTTT MOQGAD      TELAPSE      392.10 TCPU      389.94
 TTTTTTTTTTTTTTTTTTTTTTTTTTTTTT SHELLXN     TELAPSE      431.46 TCPU      429.25
 TTTTTTTTTTTTTTTTTTTTTTTTTTTTTT MONMO3      TELAPSE      431.53 TCPU      429.33
 NUMERICALLY INTEGRATED DENSITY     59.9999796480     59.9999796480
 TTTTTTTTTTTTTTTTTTTTTTTTTTTTTT NUMDFT      TELAPSE      432.28 TCPU      430.08
 CYC   9 ETOT(AU) -7.614091260589E+02 DETOT -1.75E-08 tst  6.41E-10 PX  2.49E-05
 TTTTTTTTTTTTTTTTTTTTTTTTTTTTTT DIIS        TELAPSE      432.40 TCPU      430.19
 DIIS TEST: 0.99617E-07 AT SCF   CYCLE   9 - DIIS ACTIVE - HISTORY:     9 CYCLES
 TTTTTTTTTTTTTTTTTTTTTTTTTTTTTT FDIK        TELAPSE      434.49 TCPU      432.26

    ALPHA      ELECTRONS
 INSULATING STATE
 TOP OF VALENCE BANDS -    BAND     60; K   27; EIG -1.5115271E-01 AU
 TOP OF VALENCE BANDS -    BAND     60; K    1; EIG -1.5201471E-01 AU
 BOTTOM OF VIRTUAL BANDS - BAND     61; K    4; EIG -7.3603344E-02 AU
 INDIRECT ENERGY BAND GAP:   2.1102 eV
 BOTTOM OF VIRTUAL BANDS - BAND     61; K    1; EIG -5.6047052E-02 AU

    BETA       ELECTRONS
 INSULATING STATE
 TOP OF VALENCE BANDS -    BAND     60; K   27; EIG -1.5115271E-01 AU
 TOP OF VALENCE BANDS -    BAND     60; K    1; EIG -1.5201471E-01 AU
 BOTTOM OF VIRTUAL BANDS - BAND     61; K    4; EIG -7.3603344E-02 AU
 INDIRECT ENERGY BAND GAP:   2.1102 eV
 BOTTOM OF VIRTUAL BANDS - BAND     61; K    1; EIG -5.6047052E-02 AU
 TTTTTTTTTTTTTTTTTTTTTTTTTTTTTT PDIG        TELAPSE      434.82 TCPU      432.60
 CHARGE NORMALIZATION FACTOR   1.00000000
 TOTAL ATOMIC CHARGES:
   5.9971232   5.9971232   5.9971232   5.9971232   6.0255220   6.0255220
   6.0255220   6.0255220   6.0017708   6.0017708   6.0017708   6.0017708
   6.0111322   6.0111322   6.0111322   6.0111322   5.9644518   5.9644518
   5.9644518   5.9644518
 SUMMED SPIN DENSITY           0.00000000
 TOTAL ATOMIC SPINS  :
   0.0000000   0.0000000   0.0000000   0.0000000   0.0000000   0.0000000
   0.0000000   0.0000000   0.0000000   0.0000000   0.0000000   0.0000000
   0.0000000   0.0000000   0.0000000   0.0000000  -0.0000000  -0.0000000
  -0.0000000  -0.0000000
 TTTTTTTTTTTTTTTTTTTTTTTTTTTTTT MOQGAD      TELAPSE      434.83 TCPU      432.60
 TTTTTTTTTTTTTTTTTTTTTTTTTTTTTT SHELLXN     TELAPSE      474.10 TCPU      471.82
 TTTTTTTTTTTTTTTTTTTTTTTTTTTTTT MONMO3      TELAPSE      474.18 TCPU      471.90
 NUMERICALLY INTEGRATED DENSITY     59.9999796479     59.9999796479
 TTTTTTTTTTTTTTTTTTTTTTTTTTTTTT NUMDFT      TELAPSE      474.88 TCPU      472.60
 CYC  10 ETOT(AU) -7.614091260759E+02 DETOT -1.70E-08 tst  5.43E-11 PX  1.34E-05
 TTTTTTTTTTTTTTTTTTTTTTTTTTTTTT DIIS        TELAPSE      474.99 TCPU      472.70
 DIIS TEST: 0.56448E-09 AT SCF   CYCLE  10 - DIIS ACTIVE - HISTORY:    10 CYCLES
 TTTTTTTTTTTTTTTTTTTTTTTTTTTTTT FDIK        TELAPSE      477.05 TCPU      474.76

    ALPHA      ELECTRONS
 INSULATING STATE
 TOP OF VALENCE BANDS -    BAND     60; K   27; EIG -1.5115232E-01 AU
 TOP OF VALENCE BANDS -    BAND     60; K    1; EIG -1.5201458E-01 AU
 BOTTOM OF VIRTUAL BANDS - BAND     61; K    4; EIG -7.3602654E-02 AU
 INDIRECT ENERGY BAND GAP:   2.1102 eV
 BOTTOM OF VIRTUAL BANDS - BAND     61; K    1; EIG -5.6046318E-02 AU

    BETA       ELECTRONS
 INSULATING STATE
 TOP OF VALENCE BANDS -    BAND     60; K   27; EIG -1.5115232E-01 AU
 TOP OF VALENCE BANDS -    BAND     60; K    1; EIG -1.5201458E-01 AU
 BOTTOM OF VIRTUAL BANDS - BAND     61; K    4; EIG -7.3602654E-02 AU
 INDIRECT ENERGY BAND GAP:   2.1102 eV
 BOTTOM OF VIRTUAL BANDS - BAND     61; K    1; EIG -5.6046318E-02 AU
 TTTTTTTTTTTTTTTTTTTTTTTTTTTTTT PDIG        TELAPSE      477.61 TCPU      475.32
 CHARGE NORMALIZATION FACTOR   1.00000000
 TOTAL ATOMIC CHARGES:
   5.9971228   5.9971228   5.9971228   5.9971228   6.0255199   6.0255199
   6.0255199   6.0255199   6.0017720   6.0017720   6.0017720   6.0017720
   6.0111320   6.0111320   6.0111320   6.0111320   5.9644533   5.9644533
   5.9644533   5.9644533
 SUMMED SPIN DENSITY          -0.00000000
 TOTAL ATOMIC SPINS  :
   0.0000000   0.0000000   0.0000000   0.0000000   0.0000000   0.0000000
   0.0000000   0.0000000   0.0000000   0.0000000   0.0000000   0.0000000
  -0.0000000  -0.0000000  -0.0000000  -0.0000000  -0.0000000  -0.0000000
  -0.0000000  -0.0000000
 TTTTTTTTTTTTTTTTTTTTTTTTTTTTTT MOQGAD      TELAPSE      477.62 TCPU      475.33
 TTTTTTTTTTTTTTTTTTTTTTTTTTTTTT SHELLXN     TELAPSE      516.89 TCPU      514.58
 TTTTTTTTTTTTTTTTTTTTTTTTTTTTTT MONMO3      TELAPSE      516.97 TCPU      514.65
 NUMERICALLY INTEGRATED DENSITY     59.9999796478     59.9999796478
 TTTTTTTTTTTTTTTTTTTTTTTTTTTTTT NUMDFT      TELAPSE      517.69 TCPU      515.37
 CYC  11 ETOT(AU) -7.614091260755E+02 DETOT  4.26E-10 tst  2.67E-12 PX  1.13E-06
 TTTTTTTTTTTTTTTTTTTTTTTTTTTTTT DIIS        TELAPSE      517.80 TCPU      515.48
 DIIS TEST: 0.42601E-10 AT SCF   CYCLE  11 - DIIS ACTIVE - HISTORY:    11 CYCLES
 TTTTTTTTTTTTTTTTTTTTTTTTTTTTTT FDIK        TELAPSE      519.42 TCPU      517.10

    ALPHA      ELECTRONS
 INSULATING STATE
 TOP OF VALENCE BANDS -    BAND     60; K   27; EIG -1.5115236E-01 AU
 TOP OF VALENCE BANDS -    BAND     60; K    1; EIG -1.5201462E-01 AU
 BOTTOM OF VIRTUAL BANDS - BAND     61; K    4; EIG -7.3602573E-02 AU
 INDIRECT ENERGY BAND GAP:   2.1102 eV
 BOTTOM OF VIRTUAL BANDS - BAND     61; K    1; EIG -5.6046271E-02 AU

    BETA       ELECTRONS
 INSULATING STATE
 TOP OF VALENCE BANDS -    BAND     60; K   27; EIG -1.5115236E-01 AU
 TOP OF VALENCE BANDS -    BAND     60; K    1; EIG -1.5201462E-01 AU
 BOTTOM OF VIRTUAL BANDS - BAND     61; K    4; EIG -7.3602573E-02 AU
 INDIRECT ENERGY BAND GAP:   2.1102 eV
 BOTTOM OF VIRTUAL BANDS - BAND     61; K    1; EIG -5.6046271E-02 AU
 TTTTTTTTTTTTTTTTTTTTTTTTTTTTTT PDIG        TELAPSE      519.75 TCPU      517.43
 CHARGE NORMALIZATION FACTOR   1.00000000
 TOTAL ATOMIC CHARGES:
   5.9971228   5.9971228   5.9971228   5.9971228   6.0255203   6.0255203
   6.0255203   6.0255203   6.0017726   6.0017726   6.0017726   6.0017726
   6.0111314   6.0111314   6.0111314   6.0111314   5.9644529   5.9644529
   5.9644529   5.9644529
 SUMMED SPIN DENSITY          -0.00000000
 TOTAL ATOMIC SPINS  :
   0.0000000   0.0000000   0.0000000   0.0000000   0.0000000   0.0000000
   0.0000000   0.0000000   0.0000000   0.0000000   0.0000000   0.0000000
  -0.0000000  -0.0000000  -0.0000000  -0.0000000  -0.0000000  -0.0000000
  -0.0000000  -0.0000000
 TTTTTTTTTTTTTTTTTTTTTTTTTTTTTT MOQGAD      TELAPSE      519.76 TCPU      517.44
 TTTTTTTTTTTTTTTTTTTTTTTTTTTTTT SHELLXN     TELAPSE      560.03 TCPU      557.68
 +++ ENERGIES IN A.U. +++
 ::: EXT EL-POLE                                  -2.7478752570837E+03
 ::: EXT EL-SPHEROPOLE                             2.4938362593369E+01
 ::: BIELET ZONE E-E                               2.9072404850405E+03
 ::: TOTAL E-E                                     1.8430359055017E+02
 ::: TOTAL E-N + N-E                              -1.4102931659210E+03
 ::: TOTAL N-N                                    -2.0696426631275E+02
 ::: KINETIC ENERGY                                7.5930094906187E+02
 ::: PSEUDO TOTAL   ENERGY                        -6.7365289262169E+02
 ::: VIRIAL COEFFICIENT                            1.0597702828582E+00
 TTTTTTTTTTTTTTTTTTTTTTTTTTTTTT MONMO3      TELAPSE      560.11 TCPU      557.76
 NUMERICALLY INTEGRATED DENSITY     59.9999796478     59.9999796478
 EXCHANGE ENERGY: -0.827459662566E+02  CORRELATION ENERGY: -0.501026719733E+01
 TTTTTTTTTTTTTTTTTTTTTTTTTTTTTT NUMDFT      TELAPSE      560.80 TCPU      558.45
 CYC  12 ETOT(AU) -7.614091260757E+02 DETOT -1.55E-10 tst  2.54E-13 PX  1.13E-06

 == SCF ENDED - CONVERGENCE ON ENERGY      E(AU) -7.6140912607565E+02 CYCLES  12


 ENERGY EXPRESSION=HARTREE+FOCK EXCH*0.20000+(BECKE      EXCH)*0.80000+LYP        CORR


 TOTAL ENERGY(DFT)(AU)( 12) -7.6140912607565E+02 DE-1.5E-10 tester 2.5E-13
 TTTTTTTTTTTTTTTTTTTTTTTTTTTTTT EDFT        TELAPSE      560.82 TCPU      558.46
 
 INFORMATION **** DFTD3 ENERGY **** CALCULATE DFTD3 ENERGY

           DFT-D V3(BJ)
 DF                                         b3-lyp    
 parameters
 s6       :    1.0000
 s8       :    1.9889
 a1       :    0.3981
 a2       :    4.4211
 k1 k3    :   16.0000   -4.0000
 Cutoff   :   50.2022
 CN-Cutoff:   21.1671
 ABC-Cutoff:   21.1671
 
 Edisp /kcal,au:  -115.0703 -0.18337616

 E6    /kcal :   -55.6680
 E8    /kcal :   -59.4023
 
 INFORMATION **** DFTD3 ENERGY **** NORMAL TERMINATION OF DFTD3 MODULE

 *******************************************************************************

 DFT-D3 DISPERSION ENERGY CORRECTION

 D3 DISPERSION ENERGY (AU)       -1.8337615689100E-01
 TOTAL ENERGY + DISP (AU)        -7.6159250223254E+02

 *******************************************************************************


 NEIGHBORS OF THE NON-EQUIVALENT ATOMS

 N = NUMBER OF NEIGHBORS AT DISTANCE R
    ATOM  N     R/ANG      R/AU   NEIGHBORS (ATOM LABELS AND CELL INDICES)
   1 C    1     1.5318     2.8947   20 C    0-1 0
   1 C    1     1.5375     2.9054    7 C    0 0 0
   1 C    1     1.5975     3.0188   13 C    0 0 0
   1 C    1     1.5983     3.0203   16 C    0 0 0
   1 C    1     2.3564     4.4530    6 C    0 0 0
   1 C    1     2.4670     4.6619   17 C   -1 0 0

   5 C    1     1.3133     2.4818   19 C    0 1 0
   5 C    1     1.4448     2.7302   12 C    0 1 0
   5 C    1     1.5375     2.9054    3 C    0 0 1
   5 C    1     2.2788     4.3064   14 C    0 0 1
   5 C    1     2.3564     4.4530    2 C    0 0 1
   5 C    1     2.3945     4.5250    9 C    0 1 0

   9 C    1     1.3469     2.5453   13 C    0 0 0
   9 C    1     1.4448     2.7302    8 C    0 0 0
   9 C    1     1.4600     2.7589   19 C    0 0 0
   9 C    1     2.3404     4.4226   18 C    1 0 0
   9 C    1     2.3945     4.5250    5 C    0-1 0
   9 C    1     2.5103     4.7437    4 C    0 0 0

  13 C    1     1.3469     2.5453    9 C    0 0 0
  13 C    1     1.5975     3.0188    1 C    0 0 0
  13 C    1     1.5983     3.0203    4 C    0 0 0
  13 C    1     2.2788     4.3064    6 C    0 0 0
  13 C    1     2.3263     4.3961   20 C    0-1 0
  13 C    1     2.4411     4.6130    8 C    0 0 0

  17 C    1     1.3133     2.4818    7 C    1 0 0
  17 C    1     1.4600     2.7589   11 C    0 0 0
  17 C    1     1.5318     2.8947    4 C    0 0 0
  17 C    1     2.3263     4.3961   16 C    1 0 0
  17 C    1     2.3404     4.4226   10 C    1 0 0
  17 C    1     2.3972     4.5301    6 C    0 1 0

 TTTTTTTTTTTTTTTTTTTTTTTTTTTTTT AFTER FIRST TELAPSE      560.97 TCPU      558.59
 MMMMMMMMMMMMMMMMMMMMMMMMMMMMMMMMMMMMMMMMMMMMMMMMMMMMMMMMMMMMMMMMMMMMMMMMMMMMMMM
     ALPHA+BETA ELECTRONS
 MULLIKEN POPULATION ANALYSIS - NO. OF ELECTRONS  120.000000

  ATOM    Z CHARGE  A.O. POPULATION

   1 C    6  5.997  0.853  1.122  0.753  0.488  0.420  0.427  0.428  0.017
                   -0.004 -0.001  0.459  0.502  0.491  0.005  0.011  0.009
                    0.008  0.010
   2 C    6  5.997  0.853  1.122  0.753  0.488  0.420  0.427  0.428  0.017
                   -0.004 -0.001  0.459  0.502  0.491  0.005  0.011  0.009
                    0.008  0.010
   3 C    6  5.997  0.853  1.122  0.753  0.488  0.420  0.427  0.428  0.017
                   -0.004 -0.001  0.459  0.502  0.491  0.005  0.011  0.009
                    0.008  0.010
   4 C    6  5.997  0.853  1.122  0.753  0.488  0.420  0.427  0.428  0.017
                   -0.004 -0.001  0.459  0.502  0.491  0.005  0.011  0.009
                    0.008  0.010
   5 C    6  6.026  0.854  1.120  0.765  0.408  0.520  0.435  0.425 -0.008
                   -0.023 -0.037  0.428  0.520  0.576  0.004  0.009  0.007
                    0.009  0.011
   6 C    6  6.026  0.854  1.120  0.765  0.408  0.520  0.435  0.425 -0.008
                   -0.023 -0.037  0.428  0.520  0.576  0.004  0.009  0.007
                    0.009  0.011
   7 C    6  6.026  0.854  1.120  0.765  0.408  0.520  0.435  0.425 -0.008
                   -0.023 -0.037  0.428  0.520  0.576  0.004  0.009  0.007
                    0.009  0.011
   8 C    6  6.026  0.854  1.120  0.765  0.408  0.520  0.435  0.425 -0.008
                   -0.023 -0.037  0.428  0.520  0.576  0.004  0.009  0.007
                    0.009  0.011
   9 C    6  6.002  0.854  1.121  0.763  0.417  0.438  0.430  0.509 -0.026
                   -0.011  0.006  0.546  0.505  0.407  0.011  0.009  0.014
                    0.004  0.005
  10 C    6  6.002  0.854  1.121  0.763  0.417  0.438  0.430  0.509 -0.026
                   -0.011  0.006  0.546  0.505  0.407  0.011  0.009  0.014
                    0.004  0.005
  11 C    6  6.002  0.854  1.121  0.763  0.417  0.438  0.430  0.509 -0.026
                   -0.011  0.006  0.546  0.505  0.407  0.011  0.009  0.014
                    0.004  0.005
  12 C    6  6.002  0.854  1.121  0.763  0.417  0.438  0.430  0.509 -0.026
                   -0.011  0.006  0.546  0.505  0.407  0.011  0.009  0.014
                    0.004  0.005
  13 C    6  6.011  0.854  1.121  0.769  0.477  0.402  0.393  0.498  0.005
                   -0.067 -0.002  0.462  0.630  0.434  0.009  0.013  0.006
                    0.004  0.004
  14 C    6  6.011  0.854  1.121  0.769  0.477  0.402  0.393  0.498  0.005
                   -0.067 -0.002  0.462  0.630  0.434  0.009  0.013  0.006
                    0.004  0.004
  15 C    6  6.011  0.854  1.121  0.769  0.477  0.402  0.393  0.498  0.005
                   -0.067 -0.002  0.462  0.630  0.434  0.009  0.013  0.006
                    0.004  0.004
  16 C    6  6.011  0.854  1.121  0.769  0.477  0.402  0.393  0.498  0.005
                   -0.067 -0.002  0.462  0.630  0.434  0.009  0.013  0.006
                    0.004  0.004
  17 C    6  5.964  0.854  1.120  0.770  0.400  0.512  0.433  0.415 -0.005
                   -0.012 -0.028  0.436  0.486  0.542  0.005  0.009  0.007
                    0.010  0.012
  18 C    6  5.964  0.854  1.120  0.770  0.400  0.512  0.433  0.415 -0.005
                   -0.012 -0.028  0.436  0.486  0.542  0.005  0.009  0.007
                    0.010  0.012
  19 C    6  5.964  0.854  1.120  0.770  0.400  0.512  0.433  0.415 -0.005
                   -0.012 -0.028  0.436  0.486  0.542  0.005  0.009  0.007
                    0.010  0.012
  20 C    6  5.964  0.854  1.120  0.770  0.400  0.512  0.433  0.415 -0.005
                   -0.012 -0.028  0.436  0.486  0.542  0.005  0.009  0.007
                    0.010  0.012

  ATOM    Z CHARGE  SHELL POPULATION

   1 C    6  5.997  0.853  1.122  0.753  0.488  1.274  0.012  1.452  0.043
   2 C    6  5.997  0.853  1.122  0.753  0.488  1.274  0.012  1.452  0.043
   3 C    6  5.997  0.853  1.122  0.753  0.488  1.274  0.012  1.452  0.043
   4 C    6  5.997  0.853  1.122  0.753  0.488  1.274  0.012  1.452  0.043
   5 C    6  6.026  0.854  1.120  0.765  0.408  1.380 -0.068  1.524  0.041
   6 C    6  6.026  0.854  1.120  0.765  0.408  1.380 -0.068  1.524  0.041
   7 C    6  6.026  0.854  1.120  0.765  0.408  1.380 -0.068  1.524  0.041
   8 C    6  6.026  0.854  1.120  0.765  0.408  1.380 -0.068  1.524  0.041
   9 C    6  6.002  0.854  1.121  0.763  0.417  1.377 -0.032  1.458  0.044
  10 C    6  6.002  0.854  1.121  0.763  0.417  1.377 -0.032  1.458  0.044
  11 C    6  6.002  0.854  1.121  0.763  0.417  1.377 -0.032  1.458  0.044
  12 C    6  6.002  0.854  1.121  0.763  0.417  1.377 -0.032  1.458  0.044
  13 C    6  6.011  0.854  1.121  0.769  0.477  1.293 -0.065  1.526  0.036
  14 C    6  6.011  0.854  1.121  0.769  0.477  1.293 -0.065  1.526  0.036
  15 C    6  6.011  0.854  1.121  0.769  0.477  1.293 -0.065  1.526  0.036
  16 C    6  6.011  0.854  1.121  0.769  0.477  1.293 -0.065  1.526  0.036
  17 C    6  5.964  0.854  1.120  0.770  0.400  1.360 -0.046  1.464  0.042
  18 C    6  5.964  0.854  1.120  0.770  0.400  1.360 -0.046  1.464  0.042
  19 C    6  5.964  0.854  1.120  0.770  0.400  1.360 -0.046  1.464  0.042
  20 C    6  5.964  0.854  1.120  0.770  0.400  1.360 -0.046  1.464  0.042

 OVERLAP POPULATION CONDENSED TO ATOMS FOR FIRST   6 NEIGHBORS

 ATOM A   1 C    ATOM B     CELL      R(AB)/AU R(AB)/ANG    OVPOP(AB)
                 20 C    (  0 -1  0)     2.895     1.532     0.282
                  7 C    (  0  0  0)     2.905     1.537     0.292
                 13 C    (  0  0  0)     3.019     1.597     0.300
                 16 C    (  0  0  0)     3.020     1.598     0.304
                  6 C    (  0  0  0)     4.453     2.356    -0.046
                 17 C    ( -1  0  0)     4.662     2.467    -0.037

 ATOM A   5 C    ATOM B     CELL      R(AB)/AU R(AB)/ANG    OVPOP(AB)
                 19 C    (  0  1  0)     2.482     1.313     0.565
                 12 C    (  0  1  0)     2.730     1.445     0.293
                  3 C    (  0  0  1)     2.905     1.537     0.292
                 14 C    (  0  0  1)     4.306     2.279    -0.037
                  2 C    (  0  0  1)     4.453     2.356    -0.046
                  9 C    (  0  1  0)     4.525     2.395    -0.043

 ATOM A   9 C    ATOM B     CELL      R(AB)/AU R(AB)/ANG    OVPOP(AB)
                 13 C    (  0  0  0)     2.545     1.347     0.498
                  8 C    (  0  0  0)     2.730     1.445     0.293
                 19 C    (  0  0  0)     2.759     1.460     0.356
                 18 C    (  1  0  0)     4.423     2.340    -0.042
                  5 C    (  0 -1  0)     4.525     2.395    -0.043
                  4 C    (  0  0  0)     4.744     2.510    -0.020

 ATOM A  13 C    ATOM B     CELL      R(AB)/AU R(AB)/ANG    OVPOP(AB)
                  9 C    (  0  0  0)     2.545     1.347     0.498
                  1 C    (  0  0  0)     3.019     1.597     0.300
                  4 C    (  0  0  0)     3.020     1.598     0.304
                  6 C    (  0  0  0)     4.306     2.279    -0.037
                 20 C    (  0 -1  0)     4.396     2.326    -0.027
                  8 C    (  0  0  0)     4.613     2.441    -0.011

 ATOM A  17 C    ATOM B     CELL      R(AB)/AU R(AB)/ANG    OVPOP(AB)
                  7 C    (  1  0  0)     2.482     1.313     0.565
                 11 C    (  0  0  0)     2.759     1.460     0.356
                  4 C    (  0  0  0)     2.895     1.532     0.282
                 16 C    (  1  0  0)     4.396     2.326    -0.027
                 10 C    (  1  0  0)     4.423     2.340    -0.042
                  6 C    (  0  1  0)     4.530     2.397    -0.019
 TTTTTTTTTTTTTTTTTTTTTTTTTTTTTT AFTER FIRST TELAPSE      561.88 TCPU      558.65
 MMMMMMMMMMMMMMMMMMMMMMMMMMMMMMMMMMMMMMMMMMMMMMMMMMMMMMMMMMMMMMMMMMMMMMMMMMMMMMM
     ALPHA-BETA ELECTRONS
 MULLIKEN POPULATION ANALYSIS - NO. OF ELECTRONS   -0.000000

  ATOM    Z CHARGE  A.O. POPULATION

   1 C    6  0.000 -0.000 -0.000 -0.000  0.000  0.000  0.000 -0.000  0.000
                    0.000  0.000 -0.000 -0.000 -0.000 -0.000 -0.000  0.000
                   -0.000 -0.000
   2 C    6  0.000 -0.000 -0.000 -0.000  0.000  0.000  0.000 -0.000  0.000
                    0.000  0.000 -0.000 -0.000 -0.000 -0.000 -0.000  0.000
                   -0.000 -0.000
   3 C    6  0.000 -0.000 -0.000 -0.000  0.000  0.000  0.000 -0.000  0.000
                    0.000  0.000 -0.000 -0.000 -0.000 -0.000 -0.000  0.000
                   -0.000 -0.000
   4 C    6  0.000 -0.000 -0.000 -0.000  0.000  0.000  0.000 -0.000  0.000
                    0.000  0.000 -0.000 -0.000 -0.000 -0.000 -0.000  0.000
                   -0.000 -0.000
   5 C    6  0.000  0.000  0.000 -0.000  0.000 -0.000 -0.000 -0.000 -0.000
                   -0.000  0.000  0.000  0.000 -0.000  0.000  0.000 -0.000
                    0.000 -0.000
   6 C    6  0.000  0.000  0.000 -0.000  0.000 -0.000 -0.000 -0.000 -0.000
                   -0.000  0.000  0.000  0.000 -0.000  0.000  0.000 -0.000
                    0.000 -0.000
   7 C    6  0.000  0.000  0.000 -0.000  0.000 -0.000 -0.000 -0.000 -0.000
                   -0.000  0.000  0.000  0.000 -0.000  0.000  0.000 -0.000
                    0.000 -0.000
   8 C    6  0.000  0.000  0.000 -0.000  0.000 -0.000 -0.000 -0.000 -0.000
                   -0.000  0.000  0.000  0.000 -0.000  0.000  0.000 -0.000
                    0.000 -0.000
   9 C    6  0.000  0.000 -0.000 -0.000  0.000  0.000  0.000 -0.000 -0.000
                   -0.000  0.000  0.000  0.000 -0.000 -0.000  0.000  0.000
                   -0.000 -0.000
  10 C    6  0.000  0.000 -0.000 -0.000  0.000  0.000  0.000 -0.000 -0.000
                   -0.000  0.000  0.000  0.000 -0.000 -0.000  0.000  0.000
                   -0.000 -0.000
  11 C    6  0.000  0.000 -0.000 -0.000  0.000  0.000  0.000 -0.000 -0.000
                   -0.000  0.000  0.000  0.000 -0.000 -0.000  0.000  0.000
                   -0.000 -0.000
  12 C    6  0.000  0.000 -0.000 -0.000  0.000  0.000  0.000 -0.000 -0.000
                   -0.000  0.000  0.000  0.000 -0.000 -0.000  0.000  0.000
                   -0.000 -0.000
  13 C    6 -0.000 -0.000 -0.000 -0.000  0.000 -0.000  0.000  0.000  0.000
                   -0.000 -0.000 -0.000  0.000 -0.000 -0.000  0.000 -0.000
                    0.000  0.000
  14 C    6 -0.000 -0.000 -0.000 -0.000  0.000 -0.000  0.000  0.000  0.000
                   -0.000 -0.000 -0.000  0.000 -0.000 -0.000  0.000 -0.000
                    0.000  0.000
  15 C    6 -0.000 -0.000 -0.000 -0.000  0.000 -0.000  0.000  0.000  0.000
                   -0.000 -0.000 -0.000  0.000 -0.000 -0.000  0.000 -0.000
                    0.000  0.000
  16 C    6 -0.000 -0.000 -0.000 -0.000  0.000 -0.000  0.000  0.000  0.000
                   -0.000 -0.000 -0.000  0.000 -0.000 -0.000  0.000 -0.000
                    0.000  0.000
  17 C    6 -0.000 -0.000  0.000  0.000 -0.000  0.000 -0.000 -0.000  0.000
                    0.000 -0.000 -0.000 -0.000  0.000  0.000  0.000 -0.000
                   -0.000  0.000
  18 C    6 -0.000 -0.000  0.000  0.000 -0.000  0.000 -0.000 -0.000  0.000
                    0.000 -0.000 -0.000 -0.000  0.000  0.000  0.000 -0.000
                   -0.000  0.000
  19 C    6 -0.000 -0.000  0.000  0.000 -0.000  0.000 -0.000 -0.000  0.000
                    0.000 -0.000 -0.000 -0.000  0.000  0.000  0.000 -0.000
                   -0.000  0.000
  20 C    6 -0.000 -0.000  0.000  0.000 -0.000  0.000 -0.000 -0.000  0.000
                    0.000 -0.000 -0.000 -0.000  0.000  0.000  0.000 -0.000
                   -0.000  0.000

  ATOM    Z CHARGE  SHELL POPULATION

   1 C    6  0.000 -0.000 -0.000 -0.000  0.000  0.000  0.000 -0.000 -0.000
   2 C    6  0.000 -0.000 -0.000 -0.000  0.000  0.000  0.000 -0.000 -0.000
   3 C    6  0.000 -0.000 -0.000 -0.000  0.000  0.000  0.000 -0.000 -0.000
   4 C    6  0.000 -0.000 -0.000 -0.000  0.000  0.000  0.000 -0.000 -0.000
   5 C    6  0.000  0.000  0.000 -0.000  0.000 -0.000  0.000 -0.000  0.000
   6 C    6  0.000  0.000  0.000 -0.000  0.000 -0.000  0.000 -0.000  0.000
   7 C    6  0.000  0.000  0.000 -0.000  0.000 -0.000  0.000 -0.000  0.000
   8 C    6  0.000  0.000  0.000 -0.000  0.000 -0.000  0.000 -0.000  0.000
   9 C    6  0.000  0.000 -0.000 -0.000  0.000 -0.000 -0.000  0.000  0.000
  10 C    6  0.000  0.000 -0.000 -0.000  0.000 -0.000 -0.000  0.000  0.000
  11 C    6  0.000  0.000 -0.000 -0.000  0.000 -0.000 -0.000  0.000  0.000
  12 C    6  0.000  0.000 -0.000 -0.000  0.000 -0.000 -0.000  0.000  0.000
  13 C    6 -0.000 -0.000 -0.000 -0.000  0.000  0.000 -0.000 -0.000 -0.000
  14 C    6 -0.000 -0.000 -0.000 -0.000  0.000  0.000 -0.000 -0.000 -0.000
  15 C    6 -0.000 -0.000 -0.000 -0.000  0.000  0.000 -0.000 -0.000 -0.000
  16 C    6 -0.000 -0.000 -0.000 -0.000  0.000  0.000 -0.000 -0.000 -0.000
  17 C    6 -0.000 -0.000  0.000  0.000 -0.000 -0.000  0.000 -0.000 -0.000
  18 C    6 -0.000 -0.000  0.000  0.000 -0.000 -0.000  0.000 -0.000 -0.000
  19 C    6 -0.000 -0.000  0.000  0.000 -0.000 -0.000  0.000 -0.000 -0.000
  20 C    6 -0.000 -0.000  0.000  0.000 -0.000 -0.000  0.000 -0.000 -0.000

 OVERLAP POPULATION CONDENSED TO ATOMS FOR FIRST   6 NEIGHBORS

 ATOM A   1 C    ATOM B     CELL      R(AB)/AU R(AB)/ANG    OVPOP(AB)
                 20 C    (  0 -1  0)     2.895     1.532     0.000
                  7 C    (  0  0  0)     2.905     1.537    -0.000
                 13 C    (  0  0  0)     3.019     1.597    -0.000
                 16 C    (  0  0  0)     3.020     1.598     0.000
                  6 C    (  0  0  0)     4.453     2.356     0.000
                 17 C    ( -1  0  0)     4.662     2.467     0.000

 ATOM A   5 C    ATOM B     CELL      R(AB)/AU R(AB)/ANG    OVPOP(AB)
                 19 C    (  0  1  0)     2.482     1.313     0.000
                 12 C    (  0  1  0)     2.730     1.445     0.000
                  3 C    (  0  0  1)     2.905     1.537    -0.000
                 14 C    (  0  0  1)     4.306     2.279    -0.000
                  2 C    (  0  0  1)     4.453     2.356     0.000
                  9 C    (  0  1  0)     4.525     2.395    -0.000

 ATOM A   9 C    ATOM B     CELL      R(AB)/AU R(AB)/ANG    OVPOP(AB)
                 13 C    (  0  0  0)     2.545     1.347    -0.000
                  8 C    (  0  0  0)     2.730     1.445     0.000
                 19 C    (  0  0  0)     2.759     1.460     0.000
                 18 C    (  1  0  0)     4.423     2.340    -0.000
                  5 C    (  0 -1  0)     4.525     2.395    -0.000
                  4 C    (  0  0  0)     4.744     2.510    -0.000

 ATOM A  13 C    ATOM B     CELL      R(AB)/AU R(AB)/ANG    OVPOP(AB)
                  9 C    (  0  0  0)     2.545     1.347    -0.000
                  1 C    (  0  0  0)     3.019     1.597    -0.000
                  4 C    (  0  0  0)     3.020     1.598     0.000
                  6 C    (  0  0  0)     4.306     2.279    -0.000
                 20 C    (  0 -1  0)     4.396     2.326     0.000
                  8 C    (  0  0  0)     4.613     2.441     0.000

 ATOM A  17 C    ATOM B     CELL      R(AB)/AU R(AB)/ANG    OVPOP(AB)
                  7 C    (  1  0  0)     2.482     1.313     0.000
                 11 C    (  0  0  0)     2.759     1.460     0.000
                  4 C    (  0  0  0)     2.895     1.532     0.000
                 16 C    (  1  0  0)     4.396     2.326     0.000
                 10 C    (  1  0  0)     4.423     2.340    -0.000
                  6 C    (  0  1  0)     4.530     2.397    -0.000
 EIGENVECTORS IN FORTRAN UNIT  8
 TTTTTTTTTTTTTTTTTTTTTTTTTTTTTT END         TELAPSE      562.99 TCPU      559.68
 EEEEEEEEEE TERMINATION  DATE 30 01 2026 TIME 20:57:14.1
NODE    0 CPU TIME =       559.677
NODE    1 CPU TIME =       560.348
NODE    2 CPU TIME =       560.463
NODE    3 CPU TIME =       560.489
NODE    4 CPU TIME =       559.888
NODE    5 CPU TIME =       560.574
NODE    6 CPU TIME =       560.905
NODE    7 CPU TIME =       560.448
NODE    8 CPU TIME =       560.661
NODE    9 CPU TIME =       560.379
NODE   10 CPU TIME =       560.295
NODE   11 CPU TIME =       560.605
NODE   12 CPU TIME =       560.418
NODE   13 CPU TIME =       560.611
NODE   14 CPU TIME =       560.570
NODE   15 CPU TIME =       561.084
NODE   16 CPU TIME =       560.510
NODE   17 CPU TIME =       560.589
NODE   18 CPU TIME =       560.741
NODE   19 CPU TIME =       560.616
NODE   20 CPU TIME =       560.612
NODE   21 CPU TIME =       560.418
NODE   22 CPU TIME =       560.686
NODE   23 CPU TIME =       560.696
NODE   24 CPU TIME =       560.302
NODE   25 CPU TIME =       560.580
NODE   26 CPU TIME =       560.921
NODE   27 CPU TIME =       560.406
NODE   28 CPU TIME =       561.386
NODE   29 CPU TIME =       560.289
NODE   30 CPU TIME =       560.463
NODE   31 CPU TIME =       560.407
    TOTAL CPU TIME =     17937.037
