MPI startup(): Warning: I_MPI_PMI_LIBRARY will be ignored since the hydra process manager was found
MPI startup(): Warning: I_MPI_PMI_LIBRARY will be ignored since the hydra process manager was found
MPI startup(): Warning: I_MPI_PMI_LIBRARY will be ignored since the hydra process manager was found
MPI startup(): Warning: I_MPI_PMI_LIBRARY will be ignored since the hydra process manager was found
MPI startup(): Warning: I_MPI_PMI_LIBRARY will be ignored since the hydra process manager was found
MPI startup(): Warning: I_MPI_PMI_LIBRARY will be ignored since the hydra process manager was found
MPI startup(): Warning: I_MPI_PMI_LIBRARY will be ignored since the hydra process manager was found
MPI startup(): Warning: I_MPI_PMI_LIBRARY will be ignored since the hydra process manager was found
MPI startup(): Warning: I_MPI_PMI_LIBRARY will be ignored since the hydra process manager was found
MPI startup(): Warning: I_MPI_PMI_LIBRARY will be ignored since the hydra process manager was found
MPI startup(): Warning: I_MPI_PMI_LIBRARY will be ignored since the hydra process manager was found
MPI startup(): Warning: I_MPI_PMI_LIBRARY will be ignored since the hydra process manager was found
MPI startup(): Warning: I_MPI_PMI_LIBRARY will be ignored since the hydra process manager was found
MPI startup(): Warning: I_MPI_PMI_LIBRARY will be ignored since the hydra process manager was found
MPI startup(): Warning: I_MPI_PMI_LIBRARY will be ignored since the hydra process manager was found
MPI startup(): Warning: I_MPI_PMI_LIBRARY will be ignored since the hydra process manager was found
MPI startup(): Warning: I_MPI_PMI_LIBRARY will be ignored since the hydra process manager was found
MPI startup(): Warning: I_MPI_PMI_LIBRARY will be ignored since the hydra process manager was found
MPI startup(): Warning: I_MPI_PMI_LIBRARY will be ignored since the hydra process manager was found
MPI startup(): Warning: I_MPI_PMI_LIBRARY will be ignored since the hydra process manager was found
MPI startup(): Warning: I_MPI_PMI_LIBRARY will be ignored since the hydra process manager was found
MPI startup(): Warning: I_MPI_PMI_LIBRARY will be ignored since the hydra process manager was found
MPI startup(): Warning: I_MPI_PMI_LIBRARY will be ignored since the hydra process manager was found
MPI startup(): Warning: I_MPI_PMI_LIBRARY will be ignored since the hydra process manager was found
MPI startup(): Warning: I_MPI_PMI_LIBRARY will be ignored since the hydra process manager was found
MPI startup(): Warning: I_MPI_PMI_LIBRARY will be ignored since the hydra process manager was found
MPI startup(): Warning: I_MPI_PMI_LIBRARY will be ignored since the hydra process manager was found
MPI startup(): Warning: I_MPI_PMI_LIBRARY will be ignored since the hydra process manager was found
MPI startup(): Warning: I_MPI_PMI_LIBRARY will be ignored since the hydra process manager was found
MPI startup(): Warning: I_MPI_PMI_LIBRARY will be ignored since the hydra process manager was found
MPI startup(): Warning: I_MPI_PMI_LIBRARY will be ignored since the hydra process manager was found
MPI startup(): Warning: I_MPI_PMI_LIBRARY will be ignored since the hydra process manager was found
 PROCESS           23  OF           32  WORKING
 PROCESS           28  OF           32  WORKING
 PROCESS            1  OF           32  WORKING
 PROCESS            8  OF           32  WORKING
 PROCESS           26  OF           32  WORKING
 PROCESS           29  OF           32  WORKING
 PROCESS            4  OF           32  WORKING
 PROCESS           15  OF           32  WORKING
 PROCESS           21  OF           32  WORKING
 PROCESS           10  OF           32  WORKING
 PROCESS           18  OF           32  WORKING
 PROCESS           27  OF           32  WORKING
 PROCESS           30  OF           32  WORKING
 PROCESS           11  OF           32  WORKING
 PROCESS           22  OF           32  WORKING
 PROCESS           24  OF           32  WORKING
 PROCESS           31  OF           32  WORKING
 PROCESS           12  OF           32  WORKING
 PROCESS            7  OF           32  WORKING
 PROCESS           19  OF           32  WORKING
 PROCESS           13  OF           32  WORKING
 PROCESS            2  OF           32  WORKING
 PROCESS            6  OF           32  WORKING
 PROCESS            3  OF           32  WORKING
 PROCESS           17  OF           32  WORKING
 PROCESS           20  OF           32  WORKING
 PROCESS           25  OF           32  WORKING
 PROCESS            5  OF           32  WORKING
 PROCESS           14  OF           32  WORKING
 PROCESS           16  OF           32  WORKING
 PROCESS            0  OF           32  WORKING

         
 *******************************************************************************
 *                                                                             *
 *                               CRYSTAL23                                     *
 *                      public : 1.0.1 - October 2022                          *
 *                       HTTP://WWW.CRYSTAL.UNITO.IT                           *
 *                                                                             *
 *                              MAIN AUTHORS                                   *
 *                                                                             *
 *  R. DOVESI(1,11), V.R. SAUNDERS(2), C. ROETTI(1,11), R. ORLANDO(1,11),      *
 *  C.M. ZICOVICH-WILSON(1,3), F. PASCALE(4), B. CIVALLERI(1,11),              *
 *  K. DOLL(5), N.M. HARRISON(6), I.J. BUSH(7), Ph. D'ARCO(8),                 *
 *  M. LLUNELL(9), M. CAUSA'(10), Y. NOEL(8), L. MASCHIO(1,11), A. ERBA(1,11)  *
 *  M. RE'RAT(14), S. CASASSA(1,11), B.G. SEARLE(2), J.K. DESMARAIS(1)         *
 *                                                                             *
 *        CONTRIBUTIONS TO THE CODE HAVE ALSO BEEN GIVEN BY                    *
 *                                                                             *
 *  M. FERRABONE(1,11), M. DE LA PIERRE(1,11), M. FERRERO(1,11),               *
 *  J. BAIMA(1,11), E. ALBANESE(1,11), M.F. PEINTINGER(12), R. BAST(13),       *
 *  B. KIRTMAN(15), V. LACIVITA(1,11), R. DEMICHELIS(1,16)                     *
 *  G. BRANDEBURG(17), S. SALUSTRO(1,11), G. SANSONE(1,11)                     *
 *  M.T. RUGGIERO(18), L.E. DAGA(1), L. DONA'(1), A. COSSARD(1)                *
 *                                                                             *
 * (1) THEORETICAL CHEMISTRY GROUP - UNIVERSITA' DI TORINO - TORINO (ITALY)    *
 * (2) SCIENTIFIC COMPUTING DEPARTMENT - STFC DARESBURY (UK)                   *
 * (3) UNIVERSIDAD AUTONOMA DEL ESTADO DE MORELOS - CUERNAVACA (MEXICO)        *
 * (4) UNIVERSITE' DE LORRAINE - NANCY (FRANCE)                                *
 * (5) UNIVERSITAET STUTTGART- STUTTGART (GERMANY)                             *
 * (6) IMPERIAL COLLEGE - LONDON (UK)                                          *
 * (7) SCIENTIFIC COMPUTING DEPARTMENT - STFC RAL (UK)                         *
 * (8) UPMC - SORBONNE UNIVERSITES - PARIS (FRANCE)                            *
 * (9) UNIVERSIDAD DE BARCELONA - BARCELONA (SPAIN)                            *
 *(10) UNIVERSITA' DI NAPOLI "FEDERICO II" - NAPOLI (ITALY)                    *
 *(11) NIS - NANOSTRUCTURED INTERFACES AND SURFACES - TORINO (ITALY)           *
 *(12) MPI FUER CHEMISCHE ENERGIEKONVERSION - MUELHEIM AN DER RUHR (GERMANY)   *
 *(13) UNIVERSITY OF TROMSO - TROMSO (NORWAY)                                  *
 *(14) UNIVERSITE' DE PAU ET DES PAYS DE L'ADOUR - PAU (FRANCE)                *
 *(15) UNIVERSITY OF CALIFORNIA SANTA BARBARA - SANTA BARBARA (USA)            *
 *(16) CURTIN UNIVERSITY - PERTH (AUSTRALIA)                                   *
 *(17) UNIVERSITY COLLEGE LONDON - LONDON (UK)                                 *
 *(18) UNIVERSITY OF VERMONT - BURLINGTON (USA)                                *
 *                                                                             *
 *******************************************************************************
 EEEEEEEEEE STARTING  DATE 31 01 2026 TIME 00:50:05.7
 ./3^4,4T32-CA_rev1_sp_B3LYP-D3-D3_optimized                                     
 PROCESS            9  OF           32  WORKING

 CRYSTAL CALCULATION
 (INPUT ACCORDING TO THE INTERNATIONAL TABLES FOR X-RAY CRYSTALLOGRAPHY)
 CRYSTAL FAMILY                       :  HEXAGONAL   
 CRYSTAL CLASS  (GROTH - 1921)        :  TRIGONAL PYRAMIDAL                   

 SPACE GROUP (NONCENTROSYMMETRIC)     :  P 31            

 LATTICE PARAMETERS  (ANGSTROMS AND DEGREES) - CONVENTIONAL CELL
        A           B           C        ALPHA        BETA       GAMMA
     3.96213     3.96213     8.51016    90.00000    90.00000   120.00000


 NUMBER OF IRREDUCIBLE ATOMS IN THE CONVENTIONAL CELL:    5

 INPUT COORDINATES

 ATOM AT. N.              COORDINATES
   1   6     1.649871863469E-01  1.675828391124E-01 -3.013660004347E-01
   2   6    -5.357200351760E-02 -9.170936796812E-02 -1.413714051673E-01
   3   6    -4.174020008114E-03 -3.978012827972E-01 -1.428562722443E-01
   4   6     3.628136574802E-01 -2.286558759633E-01  3.962785940848E-01
   5   6    -4.394687451643E-01 -3.956556775984E-01  3.313350837614E-01

 *******************************************************************************

 << INFORMATION >>: FROM NOW ON, ALL COORDINATES REFER TO THE PRIMITIVE CELL

 *******************************************************************************

 LATTICE PARAMETERS  (ANGSTROMS AND DEGREES) - PRIMITIVE CELL
       A          B          C        ALPHA      BETA     GAMMA        VOLUME
    3.96213    3.96213    8.51016    90.00000  90.00000 120.00000    115.698073

 COORDINATES OF THE EQUIVALENT ATOMS (FRACTIONAL UNITS)

 N. ATOM EQUIV AT. N.          X                  Y                  Z

   1   1   1    6 C     1.64987186347E-01  1.67582839112E-01 -3.01366000435E-01
   2   1   2    6 C    -1.67582839112E-01 -2.59565276550E-03  3.19673328986E-02
   3   1   3    6 C     2.59565276550E-03 -1.64987186347E-01  3.65300666232E-01

   4   2   1    6 C    -5.35720035176E-02 -9.17093679681E-02 -1.41371405167E-01
   5   2   2    6 C     9.17093679681E-02  3.81373644505E-02  1.91961928166E-01
   6   2   3    6 C    -3.81373644505E-02  5.35720035176E-02 -4.74704738501E-01

   7   3   1    6 C    -4.17402000811E-03 -3.97801282797E-01 -1.42856272244E-01
   8   3   2    6 C     3.97801282797E-01  3.93627262789E-01  1.90477061089E-01
   9   3   3    6 C    -3.93627262789E-01  4.17402000811E-03 -4.76189605578E-01

  10   4   1    6 C     3.62813657480E-01 -2.28655875963E-01  3.96278594085E-01
  11   4   2    6 C     2.28655875963E-01 -4.08530466556E-01 -2.70388072582E-01
  12   4   3    6 C     4.08530466556E-01 -3.62813657480E-01  6.29452607515E-02

  13   5   1    6 C    -4.39468745164E-01 -3.95655677598E-01  3.31335083761E-01
  14   5   2    6 C     3.95655677598E-01 -4.38130675659E-02 -3.35331582905E-01
  15   5   3    6 C     4.38130675659E-02  4.39468745164E-01 -1.99824957193E-03

 NUMBER OF SYMMETRY OPERATORS         :    3
 *******************************************************************************
 * GEOMETRY EDITING - INPUT COORDINATES ARE GIVEN IN ANGSTROM         
 *******************************************************************************

 GEOMETRY NOW FULLY CONSISTENT WITH THE GROUP

 GCALCO - MAX INDICES DIRECT LATTICE VECTOR    19    19     8
 NO.OF VECTORS CREATED 6999 STARS  366 RMAX   109.22641 BOHR

 GEOMETRY FOR WAVE FUNCTION - DIMENSIONALITY OF THE SYSTEM    3
 (NON PERIODIC DIRECTION: LATTICE PARAMETER FORMALLY SET TO 500)
 *******************************************************************************
 LATTICE PARAMETERS (ANGSTROMS AND DEGREES) - BOHR = 0.5291772083 ANGSTROM
 PRIMITIVE CELL - CENTRING CODE 1/0 VOLUME=   115.698073 - DENSITY  2.583 g/cm^3
         A              B              C           ALPHA      BETA       GAMMA 
     3.96213119     3.96213119     8.51016131    90.000000  90.000000 120.000000
 *******************************************************************************
 ATOMS IN THE ASYMMETRIC UNIT    5 - ATOMS IN THE UNIT CELL:   15
     ATOM                 X/A                 Y/B                 Z/C    
 *******************************************************************************
      1 T   6 C     1.649871863469E-01  1.675828391124E-01 -3.013660004347E-01
      2 F   6 C    -1.675828391124E-01 -2.595652765500E-03  3.196733289863E-02
      3 F   6 C     2.595652765500E-03 -1.649871863469E-01  3.653006662320E-01
      4 T   6 C    -5.357200351760E-02 -9.170936796812E-02 -1.413714051673E-01
      5 F   6 C     9.170936796812E-02  3.813736445052E-02  1.919619281660E-01
      6 F   6 C    -3.813736445052E-02  5.357200351760E-02 -4.747047385006E-01
      7 T   6 C    -4.174020008114E-03 -3.978012827972E-01 -1.428562722443E-01
      8 F   6 C     3.978012827972E-01  3.936272627891E-01  1.904770610890E-01
      9 F   6 C    -3.936272627891E-01  4.174020008114E-03 -4.761896055776E-01
     10 T   6 C     3.628136574802E-01 -2.286558759633E-01  3.962785940848E-01
     11 F   6 C     2.286558759633E-01 -4.085304665565E-01 -2.703880725819E-01
     12 F   6 C     4.085304665565E-01 -3.628136574802E-01  6.294526075147E-02
     13 T   6 C    -4.394687451643E-01 -3.956556775984E-01  3.313350837614E-01
     14 F   6 C     3.956556775984E-01 -4.381306756590E-02 -3.353315829053E-01
     15 F   6 C     4.381306756590E-02  4.394687451643E-01 -1.998249571933E-03

 T = ATOM BELONGING TO THE ASYMMETRIC UNIT

 ****    3 SYMMOPS - TRANSLATORS IN FRACTIONAL UNITS
 **** MATRICES AND TRANSLATORS IN THE CRYSTALLOGRAPHIC REFERENCE FRAME
   V INV                    ROTATION MATRICES                   TRANSLATORS
   1   1  1.00  0.00  0.00  0.00  1.00  0.00  0.00  0.00  1.00  0.00  0.00  0.00
   2   3  0.00 -1.00  0.00  1.00 -1.00  0.00  0.00  0.00  1.00  0.00  0.00  0.33
   3   2 -1.00  1.00  0.00 -1.00  0.00  0.00  0.00  0.00  1.00  0.00  0.00  0.67

 DIRECT LATTICE VECTORS CARTESIAN COMPONENTS (ANGSTROM)
          X                    Y                    Z
   0.343130626367E+01  -0.198106559500E+01   0.000000000000E+00
   0.000000000000E+00   0.396213119000E+01   0.000000000000E+00
   0.000000000000E+00   0.000000000000E+00   0.851016131000E+01


 CARTESIAN COORDINATES - PRIMITIVE CELL
 *******************************************************************************
 *      ATOM          X(ANGSTROM)         Y(ANGSTROM)         Z(ANGSTROM)
 *******************************************************************************
    1     6 C     5.661215659369E-01  3.371347552683E-01 -2.564673277049E+00
    2     6 C    -5.750280455294E-01  3.217082800974E-01  2.720471596178E-01
    3     6 C     8.906479592564E-03 -6.588430353657E-01  3.108767596285E+00
    4     6 C    -1.838219512271E-01 -2.572348942177E-01 -1.203093462595E+00
    5     6 C     3.146829287459E-01 -3.057703242704E-02  1.633626974072E+00
    6     6 C    -1.308609775188E-01  2.878119266448E-01 -4.039813899262E+00
    7     6 C    -1.432234099851E-02 -1.567871862562E+00 -1.215729920944E+00
    8     6 C     1.364978033357E+00  7.715324201346E-01  1.620990515722E+00
    9     6 C    -1.350655692358E+00  7.963394424273E-01 -4.052450357611E+00
   10     6 C     1.244924775456E+00 -1.624722232161E+00  3.372394759362E+00
   11     6 C     7.845883394171E-01  1.890497597426E+00 -2.301046113972E+00
   12     6 C    -2.029513114873E+00 -2.657753652647E-01  5.356743226950E-01
   13     6 C    -1.507951857968E+00 -6.970232895904E-01  2.819715010472E+00
   14     6 C     1.357615804799E+00 -9.574129718890E-01 -2.853725862861E+00
   15     6 C     1.503360531693E-01  1.654436261479E+00 -1.700542619479E-02

 *******************************************************************************
 LOCAL ATOMIC FUNCTIONS BASIS SET
 *******************************************************************************
   ATOM   X(AU)   Y(AU)   Z(AU)  N. TYPE  EXPONENT  S COEF   P COEF   D/F/G COEF
 *******************************************************************************
   1 C    1.070   0.637  -4.847
                                  1 S  
                                         1.358E+04 2.225E-04 0.000E+00 0.000E+00
                                         2.035E+03 1.723E-03 0.000E+00 0.000E+00
                                         4.632E+02 8.926E-03 0.000E+00 0.000E+00
                                         1.312E+02 3.573E-02 0.000E+00 0.000E+00
                                         4.285E+01 1.108E-01 0.000E+00 0.000E+00
                                         1.558E+01 2.430E-01 0.000E+00 0.000E+00
                                  2 S  
                                         6.207E+00 4.144E-01 0.000E+00 0.000E+00
                                         2.576E+00 2.374E-01 0.000E+00 0.000E+00
                                  3 S  
                                         4.941E-01 1.000E+00 0.000E+00 0.000E+00
                                  4 S  
                                         1.644E-01 1.000E+00 0.000E+00 0.000E+00
                           5-     7 P  
                                         3.470E+01 0.000E+00 5.333E-03 0.000E+00
                                         7.958E+00 0.000E+00 3.586E-02 0.000E+00
                                         2.378E+00 0.000E+00 1.422E-01 0.000E+00
                                         8.143E-01 0.000E+00 3.427E-01 0.000E+00
                           8-    10 P  
                                         5.662E-01 0.000E+00 1.000E+00 0.000E+00
                          11-    13 P  
                                         2.674E-01 0.000E+00 1.000E+00 0.000E+00
                          14-    18 D  
                                         8.792E-01 0.000E+00 0.000E+00 1.000E+00
   2 C   -1.087   0.608   0.514
   3 C    0.017  -1.245   5.875
   4 C   -0.347  -0.486  -2.274
   5 C    0.595  -0.058   3.087
   6 C   -0.247   0.544  -7.634
   7 C   -0.027  -2.963  -2.297
   8 C    2.579   1.458   3.063
   9 C   -2.552   1.505  -7.658
  10 C    2.353  -3.070   6.373
  11 C    1.483   3.573  -4.348
  12 C   -3.835  -0.502   1.012
  13 C   -2.850  -1.317   5.328
  14 C    2.566  -1.809  -5.393
  15 C    0.284   3.126  -0.032
 INFORMATION **** SET_MPP **** PCRYSTAL CALCULATION
 INFORMATION **** READM2 **** NEW DEFAULT: FOCK/KS MATRIX MIXING SET TO 30 %
 INFORMATION **** READM2 **** NEW DEFAULT: FULL DIRECT SCF MODE
 INFORMATION **** READM2 **** NEW DEFAULT: COULOMB BIPOLAR BUFFER SET TO 32 Mb
 INFORMATION **** READM2 **** NEW DEFAULT: EXCHANGE BIPOLAR BUFFER SET TO 32 Mb

 *******************************************************************************
 NEW DEFAULT: DFT INTEGRATION GRID INCREASED TO XLGRID
 NEW DEFAULT: DIIS ACCELERATOR ACTIVE
 USE KEYWORD NODIIS TO TURN IT OFF
 *******************************************************************************

 INFORMATION **** DFTD3_INPUT **** PERFORM LATEST DISPERSION CORRECTION DFT-D3(BJ) WITH AUTOMATIC PARAMETER SETUP
 PLEASE CITE:
 (1) DFT-D3 Reference
  S. Grimme, J. Antony, S. Ehrlich, and H. Krieg, J. Chem. Phys. 132 (2010), 154104
 (2) BJ-Damping Reference
  S. Grimme, S. Ehrlich, and L. Goerigk, J. Comput. Chem. 32 (2011), 1456-1465
 (3) General DFT-D Review
  S. Grimme, A. Hansen, J. G. Brandenburg, and C. Bannwarth,
  Chem. Rev. 116 (2016), 5105-5154

 INFORMATION **** TOLINTEG **** COULOMB AND EXCHANGE SERIES TOLERANCES MODIFIED
 INFORMATION **** TOLDEE **** SCF TOL ON TOTAL ENERGY SET TO           9
 INFORMATION **** READM2 **** FULL DIRECT SCF (MONO AND BIEL INT) SELECTED
 INFORMATION **** MAXCYCLE **** MAX NUMBER OF SCF CYCLES SET TO         800
 INFORMATION **** DIIS **** DIIS FOR SCF ACTIVE
 INFORMATION **** DIIS **** LEVEL SHIFTER DISABLED
 INFORMATION **** PPAN ****  MULLIKEN POPULATION ANALYSIS AT THE END OF SCF
 *******************************************************************************
 N. OF ATOMS PER CELL        15  COULOMB OVERLAP TOL         (T1) 10**   -8
 NUMBER OF SHELLS           120  COULOMB PENETRATION TOL     (T2) 10**   -8
 NUMBER OF AO               270  EXCHANGE OVERLAP TOL        (T3) 10**   -8
 N. OF ELECTRONS PER CELL    90  EXCHANGE PSEUDO OVP (F(G))  (T4) 10**   -9
 CORE ELECTRONS PER CELL     30  EXCHANGE PSEUDO OVP (P(G))  (T5) 10**  -24
 N. OF SYMMETRY OPERATORS     3  POLE ORDER IN MONO ZONE                  4
 *******************************************************************************
 TYPE OF CALCULATION :  UNRESTRICTED OPEN SHELL
 KOHN-SHAM HAMILTONIAN

 (EXCHANGE)[CORRELATION] FUNCTIONAL:(BECKE 88)[LEE-YANG-PARR]

 NON-LOCAL WEIGHTING FACTOR (EXCHANGE) =           0.9000
 NON-LOCAL WEIGHTING FACTOR [CORRELATION] =        0.8100

 HYBRID EXCHANGE - PERCENTAGE OF FOCK EXCHANGE    20.0000

 SPIN POLARIZED DFT SELECTED

 CAPPA:IS1 10;IS2 10;IS3 10; K PTS MONK NET 172; SYMMOPS:K SPACE   6;G SPACE   3

 *******************************************************************************
 MAX NUMBER OF SCF CYCLES     800  CONVERGENCE ON DELTAP        10**-19
 WEIGHT OF F(I) IN F(I+1)      30% CONVERGENCE ON ENERGY        10**- 9
 SHRINK. FACT.(MONKH.)   10 10 10  NUMBER OF K POINTS IN THE IBZ    172
 SHRINKING FACTOR(GILAT NET)   20  NUMBER OF K POINTS(GILAT NET)   1342
 *******************************************************************************
 *** K POINTS COORDINATES (OBLIQUE COORDINATES IN UNITS OF IS = 10)
   1-R(  0  0  0)   2-C(  1  0  0)   3-C(  2  0  0)   4-C(  3  0  0)
   5-C(  4  0  0)   6-R(  5  0  0)   7-C(  1  1  0)   8-C(  2  1  0)
   9-C(  3  1  0)  10-C(  4  1  0)  11-C(  5  1  0)  12-C(  6  1  0)
  13-C(  7  1  0)  14-C(  2  2  0)  15-C(  3  2  0)  16-C(  4  2  0)
  17-C(  5  2  0)  18-C(  3  3  0)  19-C(  0  0  1)  20-C(  1  0  1)
  21-C(  2  0  1)  22-C(  3  0  1)  23-C(  4  0  1)  24-C(  5  0  1)
  25-C(  6  0  1)  26-C(  7  0  1)  27-C(  8  0  1)  28-C(  9  0  1)
  29-C(  1  1  1)  30-C(  2  1  1)  31-C(  3  1  1)  32-C(  4  1  1)
  33-C(  5  1  1)  34-C(  6  1  1)  35-C(  7  1  1)  36-C(  2  2  1)
  37-C(  3  2  1)  38-C(  4  2  1)  39-C(  5  2  1)  40-C(  9  2  1)
  41-C(  3  3  1)  42-C(  8  3  1)  43-C(  9  3  1)  44-C(  7  4  1)
  45-C(  8  4  1)  46-C(  9  4  1)  47-C(  6  5  1)  48-C(  7  5  1)
  49-C(  8  5  1)  50-C(  9  5  1)  51-C(  6  6  1)  52-C(  7  6  1)
  53-C(  0  0  2)  54-C(  1  0  2)  55-C(  2  0  2)  56-C(  3  0  2)
  57-C(  4  0  2)  58-C(  5  0  2)  59-C(  6  0  2)  60-C(  7  0  2)
  61-C(  8  0  2)  62-C(  9  0  2)  63-C(  1  1  2)  64-C(  2  1  2)
  65-C(  3  1  2)  66-C(  4  1  2)  67-C(  5  1  2)  68-C(  6  1  2)
  69-C(  7  1  2)  70-C(  2  2  2)  71-C(  3  2  2)  72-C(  4  2  2)
  73-C(  5  2  2)  74-C(  9  2  2)  75-C(  3  3  2)  76-C(  8  3  2)
  77-C(  9  3  2)  78-C(  7  4  2)  79-C(  8  4  2)  80-C(  9  4  2)
  81-C(  6  5  2)  82-C(  7  5  2)  83-C(  8  5  2)  84-C(  9  5  2)
  85-C(  6  6  2)  86-C(  7  6  2)  87-C(  0  0  3)  88-C(  1  0  3)
  89-C(  2  0  3)  90-C(  3  0  3)  91-C(  4  0  3)  92-C(  5  0  3)
  93-C(  6  0  3)  94-C(  7  0  3)  95-C(  8  0  3)  96-C(  9  0  3)
  97-C(  1  1  3)  98-C(  2  1  3)  99-C(  3  1  3) 100-C(  4  1  3)
 101-C(  5  1  3) 102-C(  6  1  3) 103-C(  7  1  3) 104-C(  2  2  3)
 105-C(  3  2  3) 106-C(  4  2  3) 107-C(  5  2  3) 108-C(  9  2  3)
 109-C(  3  3  3) 110-C(  8  3  3) 111-C(  9  3  3) 112-C(  7  4  3)
 113-C(  8  4  3) 114-C(  9  4  3) 115-C(  6  5  3) 116-C(  7  5  3)
 117-C(  8  5  3) 118-C(  9  5  3) 119-C(  6  6  3) 120-C(  7  6  3)
 121-C(  0  0  4) 122-C(  1  0  4) 123-C(  2  0  4) 124-C(  3  0  4)
 125-C(  4  0  4) 126-C(  5  0  4) 127-C(  6  0  4) 128-C(  7  0  4)
 129-C(  8  0  4) 130-C(  9  0  4) 131-C(  1  1  4) 132-C(  2  1  4)
 133-C(  3  1  4) 134-C(  4  1  4) 135-C(  5  1  4) 136-C(  6  1  4)
 137-C(  7  1  4) 138-C(  2  2  4) 139-C(  3  2  4) 140-C(  4  2  4)
 141-C(  5  2  4) 142-C(  9  2  4) 143-C(  3  3  4) 144-C(  8  3  4)
 145-C(  9  3  4) 146-C(  7  4  4) 147-C(  8  4  4) 148-C(  9  4  4)
 149-C(  6  5  4) 150-C(  7  5  4) 151-C(  8  5  4) 152-C(  9  5  4)
 153-C(  6  6  4) 154-C(  7  6  4) 155-R(  0  0  5) 156-C(  1  0  5)
 157-C(  2  0  5) 158-C(  3  0  5) 159-C(  4  0  5) 160-R(  5  0  5)
 161-C(  1  1  5) 162-C(  2  1  5) 163-C(  3  1  5) 164-C(  4  1  5)
 165-C(  5  1  5) 166-C(  6  1  5) 167-C(  7  1  5) 168-C(  2  2  5)
 169-C(  3  2  5) 170-C(  4  2  5) 171-C(  5  2  5) 172-C(  3  3  5)

 DIRECT LATTICE VECTORS COMPON. (A.U.)     RECIP. LATTICE VECTORS COMPON. (A.U.) 
        X            Y            Z              X            Y            Z
    6.4842291   -3.7436714    0.0000000      0.9689950    0.0000000    0.0000000
    0.0000000    7.4873429    0.0000000      0.4844975    0.8391742    0.0000000
    0.0000000    0.0000000   16.0818742      0.0000000    0.0000000    0.3906998

 DISK SPACE FOR EIGENVECTORS (FTN 10)    24786000 REALS

 SYMMETRY ADAPTION OF THE BLOCH FUNCTIONS ENABLED
 TTTTTTTTTTTTTTTTTTTTTTTTTTTTTT gordsh1     TELAPSE        1.98 TCPU        0.80

 MATRIX SIZE: P(G) 1316562, F(G)  150315, P(G) IRR  221612, F(G) IRR   50380
 MAX G-VECTOR INDEX FOR 1- AND 2-ELECTRON INTEGRALS 335

 TTTTTTTTTTTTTTTTTTTTTTTTTTTTTT INPUT       TELAPSE        1.98 TCPU        0.81

 NEIGHBORS OF THE NON-EQUIVALENT ATOMS

 N = NUMBER OF NEIGHBORS AT DISTANCE R
    ATOM  N     R/ANG      R/AU   NEIGHBORS (ATOM LABELS AND CELL INDICES)
   1 C    1     1.5446     2.9189   14 C    0 0 0
   1 C    1     1.5906     3.0059   11 C    0 0 0
   1 C    1     1.6323     3.0845    6 C    0 0 0
   1 C    1     1.6642     3.1449    4 C    0 0 0
   1 C    1     2.4053     4.5454    7 C    0 0 0
   1 C    1     2.4330     4.5977   11 C    0-1 0

   4 C    1     1.3216     2.4975    7 C    0 0 0
   4 C    1     1.6323     3.0845    2 C    0 0 0
   4 C    1     1.6642     3.1449    1 C    0 0 0
   4 C    1     2.2744     4.2980   15 C    0 0 0
   4 C    1     2.3314     4.4057   11 C    0-1 0
   4 C    1     2.3645     4.4683   14 C    0 0 0

   7 C    1     1.3216     2.4975    4 C    0 0 0
   7 C    1     1.4182     2.6801   15 C    0-1 0
   7 C    1     1.4387     2.7188   11 C    0-1 0
   7 C    1     2.2221     4.1992   14 C    0 0 0
   7 C    1     2.3524     4.4454   12 C    1 0 0
   7 C    1     2.4053     4.5454    1 C    0 0 0

  10 C    1     1.3694     2.5878   13 C    1 0 0
  10 C    1     1.4387     2.7188    9 C    1 0 1
  10 C    1     1.5906     3.0059    3 C    0 0 0
  10 C    1     2.3314     4.4057    6 C    1 0 1
  10 C    1     2.3524     4.4454    8 C    0-1 0
  10 C    1     2.3822     4.5017   14 C    0 0 1

  13 C    1     1.3694     2.5878   10 C   -1 0 0
  13 C    1     1.4182     2.6801    8 C   -1-1 0
  13 C    1     1.5446     2.9189    3 C    0 0 0
  13 C    1     2.2221     4.1992    9 C    0 0 1
  13 C    1     2.2744     4.2980    5 C    0 0 0
  13 C    1     2.3645     4.4683    6 C    0 0 1


 SYMMETRY ALLOWED INTERNAL DEGREE(S) OF FREEDOM:  14
 TTTTTTTTTTTTTTTTTTTTTTTTTTTTTT SYMM        TELAPSE        2.01 TCPU        0.83
 TTTTTTTTTTTTTTTTTTTTTTTTTTTTTT INT_SCREEN  TELAPSE        2.02 TCPU        0.84

 DFT PARAMETERS

     ATOM       ELECTRONS   NET CHARGE   R(ANGSTROM)
   1   6  C       6.0000      0.0000     0.77000000

 SIZE OF GRID=     146350
 TTTTTTTTTTTTTTTTTTTTTTTTTTTTTT MAKE_GRID2  TELAPSE        2.34 TCPU        1.16
 BECKE WEIGHT FUNCTION
 RADSAFE =     2.00
 TOLERANCES - DENSITY:10**- 6; POTENTIAL:10**- 9; GRID WGT:10**-14

 RADIAL INTEGRATION  - INTERVALS (POINTS,UPPER LIMIT):            1( 75,  4.0*R)

 ANGULAR INTEGRATION - INTERVALS (ACCURACY LEVEL [N. POINTS] UPPER LIMIT):
  1(  4[  86]   0.2)  2(  8[ 194]   0.5)  3( 12[ 350]   0.9)  4( 16[ 974]   3.5)
  5( 12[ 350]9999.0)
 TTTTTTTTTTTTTTTTTTTTTTTTTTTTTT INT_CALC    TELAPSE        2.36 TCPU        1.17
 EEEEEEEEEE INT_CALC TERMINATION  DATE 31 01 2026 TIME 00:50:06.7

 *******************************************************************************
 ./3^4,4T32-CA_rev1_sp_B3LYP-D3-D3_optimized                                     
 CRYSTAL - SCF - TYPE OF CALCULATION :  UNRESTRICTED OPEN SHELL
 *******************************************************************************

 CAPPA:IS1 10;IS2 10;IS3 10; K PTS MONK NET 172; SYMMOPS:K SPACE   6;G SPACE   3

 TTTTTTTTTTTTTTTTTTTTTTTTTTTTTT SDIK        TELAPSE        2.56 TCPU        1.37

 AAAAAAAAAAAAAAAAAAAAAAAAAAAAAAAAAAAAAAAAAAAAAAAAAAAAAAAAAAAAAAAAAAAAAAAAAAAAAAA
         ATOMIC WAVEFUNCTION(S)


 NUCLEAR CHARGE  6.0  SYMMETRY SPECIES            S    P
 N. ELECTRONS    6.0  NUMBER OF PRIMITIVE GTOS   10    6
                      NUMBER OF CONTRACTED GTOS   4    3
                      NUMBER OF CLOSED SHELLS     2    0
                      OPEN SHELL OCCUPATION       0    2

  ZNUC  SCFIT    TOTAL HF ENERGY   KINETIC ENERGY   VIRIAL THEOREM ACCURACY
   6.0    10    -3.766702350E+01  3.783137943E+01 -1.995655566E+00  1.6E-06

 AAAAAAAAAAAAAAAAAAAAAAAAAAAAAAAAAAAAAAAAAAAAAAAAAAAAAAAAAAAAAAAAAAAAAAAAAAAAAAA

 CHARGE NORMALIZATION FACTOR   1.00000000
 TOTAL ATOMIC CHARGES:
   6.0000000   6.0000000   6.0000000   6.0000000   6.0000000   6.0000000
   6.0000000   6.0000000   6.0000000   6.0000000   6.0000000   6.0000000
   6.0000000   6.0000000   6.0000000
 SUMMED SPIN DENSITY           0.00000000
 TOTAL ATOMIC SPINS  :
   0.0000000   0.0000000   0.0000000   0.0000000   0.0000000   0.0000000
   0.0000000   0.0000000   0.0000000   0.0000000   0.0000000   0.0000000
   0.0000000   0.0000000   0.0000000
 TTTTTTTTTTTTTTTTTTTTTTTTTTTTTT MOQGAD      TELAPSE        2.57 TCPU        1.38
 TTTTTTTTTTTTTTTTTTTTTTTTTTTTTT SHELLXN     TELAPSE       36.36 TCPU       35.13
 TTTTTTTTTTTTTTTTTTTTTTTTTTTTTT MONMO3      TELAPSE       36.42 TCPU       35.19
 NUMERICALLY INTEGRATED DENSITY     44.9999551253     44.9999551253
 TTTTTTTTTTTTTTTTTTTTTTTTTTTTTT NUMDFT      TELAPSE       37.06 TCPU       35.83
 CYC   0 ETOT(AU) -5.752794175321E+02 DETOT -5.75E+02 tst  0.00E+00 PX  1.00E+00
 TTTTTTTTTTTTTTTTTTTTTTTTTTTTTT DIIS        TELAPSE       37.11 TCPU       35.88
 TTTTTTTTTTTTTTTTTTTTTTTTTTTTTT FDIK        TELAPSE       40.04 TCPU       38.80

    ALPHA      ELECTRONS
 INSULATING STATE
 TOP OF VALENCE BANDS -    BAND     45; K  160; EIG -1.9716727E-01 AU
 TOP OF VALENCE BANDS -    BAND     45; K    1; EIG -2.3629411E-01 AU
 BOTTOM OF VIRTUAL BANDS - BAND     46; K    1; EIG -1.5266452E-01 AU
 INDIRECT ENERGY BAND GAP:   1.2110 eV

    BETA       ELECTRONS
 INSULATING STATE
 TOP OF VALENCE BANDS -    BAND     45; K  160; EIG -1.9716727E-01 AU
 TOP OF VALENCE BANDS -    BAND     45; K    1; EIG -2.3629411E-01 AU
 BOTTOM OF VIRTUAL BANDS - BAND     46; K    1; EIG -1.5266452E-01 AU
 INDIRECT ENERGY BAND GAP:   1.2110 eV
 TTTTTTTTTTTTTTTTTTTTTTTTTTTTTT PDIG        TELAPSE       40.23 TCPU       38.99
 CHARGE NORMALIZATION FACTOR   1.00000000
 TOTAL ATOMIC CHARGES:
   5.7948651   5.7948651   5.7948651   5.9798613   5.9798613   5.9798613
   6.1986265   6.1986265   6.1986265   5.9758983   5.9758983   5.9758983
   6.0507489   6.0507489   6.0507489
 SUMMED SPIN DENSITY           0.00000000
 TOTAL ATOMIC SPINS  :
  -0.0000000  -0.0000000  -0.0000000   0.0000000   0.0000000   0.0000000
  -0.0000000  -0.0000000  -0.0000000   0.0000000   0.0000000   0.0000000
  -0.0000000  -0.0000000  -0.0000000
 TTTTTTTTTTTTTTTTTTTTTTTTTTTTTT MOQGAD      TELAPSE       40.23 TCPU       38.99
 TTTTTTTTTTTTTTTTTTTTTTTTTTTTTT SHELLXN     TELAPSE       75.56 TCPU       74.27
 TTTTTTTTTTTTTTTTTTTTTTTTTTTTTT MONMO3      TELAPSE       75.61 TCPU       74.32
 NUMERICALLY INTEGRATED DENSITY     44.9999687113     44.9999687113
 TTTTTTTTTTTTTTTTTTTTTTTTTTTTTT NUMDFT      TELAPSE       76.27 TCPU       74.98
 CYC   1 ETOT(AU) -5.708574811898E+02 DETOT  4.42E+00 tst  0.00E+00 PX  1.00E+00
 TTTTTTTTTTTTTTTTTTTTTTTTTTTTTT DIIS        TELAPSE       76.32 TCPU       75.03
 DIIS TEST: 0.12957E+01 AT SCF   CYCLE   1 - MIX   30 %
 TTTTTTTTTTTTTTTTTTTTTTTTTTTTTT FDIK        TELAPSE       77.57 TCPU       76.27

    ALPHA      ELECTRONS
 INSULATING STATE
 TOP OF VALENCE BANDS -    BAND     45; K  160; EIG -1.3525337E-01 AU
 TOP OF VALENCE BANDS -    BAND     45; K    1; EIG -1.8460018E-01 AU
 BOTTOM OF VIRTUAL BANDS - BAND     46; K    1; EIG -9.0482537E-02 AU
 INDIRECT ENERGY BAND GAP:   1.2183 eV

    BETA       ELECTRONS
 INSULATING STATE
 TOP OF VALENCE BANDS -    BAND     45; K  160; EIG -1.3525337E-01 AU
 TOP OF VALENCE BANDS -    BAND     45; K    1; EIG -1.8460018E-01 AU
 BOTTOM OF VIRTUAL BANDS - BAND     46; K    1; EIG -9.0482537E-02 AU
 INDIRECT ENERGY BAND GAP:   1.2183 eV
 TTTTTTTTTTTTTTTTTTTTTTTTTTTTTT PDIG        TELAPSE       77.76 TCPU       76.46
 CHARGE NORMALIZATION FACTOR   1.00000000
 TOTAL ATOMIC CHARGES:
   6.1498027   6.1498027   6.1498027   6.0885866   6.0885866   6.0885866
   5.8442509   5.8442509   5.8442509   5.9655922   5.9655922   5.9655922
   5.9517676   5.9517676   5.9517676
 SUMMED SPIN DENSITY           0.00000000
 TOTAL ATOMIC SPINS  :
  -0.0000000  -0.0000000  -0.0000000   0.0000000   0.0000000   0.0000000
  -0.0000000  -0.0000000  -0.0000000   0.0000000   0.0000000   0.0000000
   0.0000000   0.0000000   0.0000000
 TTTTTTTTTTTTTTTTTTTTTTTTTTTTTT MOQGAD      TELAPSE       77.76 TCPU       76.47
 TTTTTTTTTTTTTTTTTTTTTTTTTTTTTT SHELLXN     TELAPSE      113.87 TCPU      112.55
 TTTTTTTTTTTTTTTTTTTTTTTTTTTTTT MONMO3      TELAPSE      113.92 TCPU      112.60
 NUMERICALLY INTEGRATED DENSITY     44.9999665355     44.9999665355
 TTTTTTTTTTTTTTTTTTTTTTTTTTTTTT NUMDFT      TELAPSE      114.57 TCPU      113.25
 CYC   2 ETOT(AU) -5.709079048750E+02 DETOT -5.04E-02 tst  1.06E-03 PX  1.17E-01
 TTTTTTTTTTTTTTTTTTTTTTTTTTTTTT DIIS        TELAPSE      114.69 TCPU      113.31
 DIIS TEST: 0.62927E+00 AT SCF   CYCLE   2 - DIIS ACTIVE - HISTORY:     2 CYCLES
 TTTTTTTTTTTTTTTTTTTTTTTTTTTTTT FDIK        TELAPSE      115.97 TCPU      114.58

    ALPHA      ELECTRONS
 INSULATING STATE
 TOP OF VALENCE BANDS -    BAND     45; K  160; EIG -1.3336977E-01 AU
 TOP OF VALENCE BANDS -    BAND     45; K    1; EIG -1.7980231E-01 AU
 BOTTOM OF VIRTUAL BANDS - BAND     46; K    1; EIG -6.6408201E-02 AU
 INDIRECT ENERGY BAND GAP:   1.8221 eV

    BETA       ELECTRONS
 INSULATING STATE
 TOP OF VALENCE BANDS -    BAND     45; K  160; EIG -1.3336977E-01 AU
 TOP OF VALENCE BANDS -    BAND     45; K    1; EIG -1.7980231E-01 AU
 BOTTOM OF VIRTUAL BANDS - BAND     46; K    1; EIG -6.6408201E-02 AU
 INDIRECT ENERGY BAND GAP:   1.8221 eV
 TTTTTTTTTTTTTTTTTTTTTTTTTTTTTT PDIG        TELAPSE      116.16 TCPU      114.77
 CHARGE NORMALIZATION FACTOR   1.00000000
 TOTAL ATOMIC CHARGES:
   5.9673043   5.9673043   5.9673043   5.9580274   5.9580274   5.9580274
   6.0591984   6.0591984   6.0591984   5.9734721   5.9734721   5.9734721
   6.0419978   6.0419978   6.0419978
 SUMMED SPIN DENSITY           0.00000000
 TOTAL ATOMIC SPINS  :
   0.0000000   0.0000000   0.0000000  -0.0000000  -0.0000000  -0.0000000
   0.0000000   0.0000000   0.0000000  -0.0000000  -0.0000000  -0.0000000
   0.0000000   0.0000000   0.0000000
 TTTTTTTTTTTTTTTTTTTTTTTTTTTTTT MOQGAD      TELAPSE      116.17 TCPU      114.78
 TTTTTTTTTTTTTTTTTTTTTTTTTTTTTT SHELLXN     TELAPSE      151.69 TCPU      150.24
 TTTTTTTTTTTTTTTTTTTTTTTTTTTTTT MONMO3      TELAPSE      151.74 TCPU      150.29
 NUMERICALLY INTEGRATED DENSITY     44.9999662071     44.9999662071
 TTTTTTTTTTTTTTTTTTTTTTTTTTTTTT NUMDFT      TELAPSE      152.40 TCPU      150.94
 CYC   3 ETOT(AU) -5.709431235044E+02 DETOT -3.52E-02 tst  5.46E-04 PX  5.75E-02
 TTTTTTTTTTTTTTTTTTTTTTTTTTTTTT DIIS        TELAPSE      152.44 TCPU      150.99
 DIIS TEST: 0.60837E-01 AT SCF   CYCLE   3 - DIIS ACTIVE - HISTORY:     3 CYCLES
 TTTTTTTTTTTTTTTTTTTTTTTTTTTTTT FDIK        TELAPSE      153.67 TCPU      152.21

    ALPHA      ELECTRONS
 INSULATING STATE
 TOP OF VALENCE BANDS -    BAND     45; K  160; EIG -1.3820125E-01 AU
 TOP OF VALENCE BANDS -    BAND     45; K    1; EIG -1.8455307E-01 AU
 BOTTOM OF VIRTUAL BANDS - BAND     46; K    1; EIG -7.0998737E-02 AU
 INDIRECT ENERGY BAND GAP:   1.8287 eV

    BETA       ELECTRONS
 INSULATING STATE
 TOP OF VALENCE BANDS -    BAND     45; K  160; EIG -1.3820125E-01 AU
 TOP OF VALENCE BANDS -    BAND     45; K    1; EIG -1.8455307E-01 AU
 BOTTOM OF VIRTUAL BANDS - BAND     46; K    1; EIG -7.0998737E-02 AU
 INDIRECT ENERGY BAND GAP:   1.8287 eV
 TTTTTTTTTTTTTTTTTTTTTTTTTTTTTT PDIG        TELAPSE      153.86 TCPU      152.40
 CHARGE NORMALIZATION FACTOR   1.00000000
 TOTAL ATOMIC CHARGES:
   5.9683293   5.9683293   5.9683293   6.0463916   6.0463916   6.0463916
   6.0090012   6.0090012   6.0090012   5.9756311   5.9756311   5.9756311
   6.0006469   6.0006469   6.0006469
 SUMMED SPIN DENSITY           0.00000000
 TOTAL ATOMIC SPINS  :
   0.0000000   0.0000000   0.0000000   0.0000000   0.0000000   0.0000000
   0.0000000   0.0000000   0.0000000  -0.0000000  -0.0000000  -0.0000000
   0.0000000   0.0000000   0.0000000
 TTTTTTTTTTTTTTTTTTTTTTTTTTTTTT MOQGAD      TELAPSE      153.87 TCPU      152.41
 TTTTTTTTTTTTTTTTTTTTTTTTTTTTTT SHELLXN     TELAPSE      189.39 TCPU      187.84
 TTTTTTTTTTTTTTTTTTTTTTTTTTTTTT MONMO3      TELAPSE      189.44 TCPU      187.90
 NUMERICALLY INTEGRATED DENSITY     44.9999665010     44.9999665010
 TTTTTTTTTTTTTTTTTTTTTTTTTTTTTT NUMDFT      TELAPSE      190.10 TCPU      188.55
 CYC   4 ETOT(AU) -5.709465064698E+02 DETOT -3.38E-03 tst  9.94E-05 PX  1.86E-02
 TTTTTTTTTTTTTTTTTTTTTTTTTTTTTT DIIS        TELAPSE      190.15 TCPU      188.60
 DIIS TEST: 0.10333E-01 AT SCF   CYCLE   4 - DIIS ACTIVE - HISTORY:     4 CYCLES
 TTTTTTTTTTTTTTTTTTTTTTTTTTTTTT FDIK        TELAPSE      191.35 TCPU      189.79

    ALPHA      ELECTRONS
 INSULATING STATE
 TOP OF VALENCE BANDS -    BAND     45; K  160; EIG -1.3954263E-01 AU
 TOP OF VALENCE BANDS -    BAND     45; K    1; EIG -1.8623797E-01 AU
 BOTTOM OF VIRTUAL BANDS - BAND     46; K    1; EIG -7.2102939E-02 AU
 INDIRECT ENERGY BAND GAP:   1.8351 eV

    BETA       ELECTRONS
 INSULATING STATE
 TOP OF VALENCE BANDS -    BAND     45; K  160; EIG -1.3954263E-01 AU
 TOP OF VALENCE BANDS -    BAND     45; K    1; EIG -1.8623797E-01 AU
 BOTTOM OF VIRTUAL BANDS - BAND     46; K    1; EIG -7.2102939E-02 AU
 INDIRECT ENERGY BAND GAP:   1.8351 eV
 TTTTTTTTTTTTTTTTTTTTTTTTTTTTTT PDIG        TELAPSE      191.54 TCPU      189.98
 CHARGE NORMALIZATION FACTOR   1.00000000
 TOTAL ATOMIC CHARGES:
   5.9898514   5.9898514   5.9898514   6.0064259   6.0064259   6.0064259
   6.0198404   6.0198404   6.0198404   5.9697594   5.9697594   5.9697594
   6.0141229   6.0141229   6.0141229
 SUMMED SPIN DENSITY           0.00000000
 TOTAL ATOMIC SPINS  :
   0.0000000   0.0000000   0.0000000   0.0000000   0.0000000   0.0000000
   0.0000000   0.0000000   0.0000000  -0.0000000  -0.0000000  -0.0000000
   0.0000000   0.0000000   0.0000000
 TTTTTTTTTTTTTTTTTTTTTTTTTTTTTT MOQGAD      TELAPSE      191.54 TCPU      189.99
 TTTTTTTTTTTTTTTTTTTTTTTTTTTTTT SHELLXN     TELAPSE      227.10 TCPU      225.46
 TTTTTTTTTTTTTTTTTTTTTTTTTTTTTT MONMO3      TELAPSE      227.16 TCPU      225.51
 NUMERICALLY INTEGRATED DENSITY     44.9999665526     44.9999665526
 TTTTTTTTTTTTTTTTTTTTTTTTTTTTTT NUMDFT      TELAPSE      227.81 TCPU      226.16
 CYC   5 ETOT(AU) -5.709470888226E+02 DETOT -5.82E-04 tst  1.19E-05 PX  6.33E-03
 TTTTTTTTTTTTTTTTTTTTTTTTTTTTTT DIIS        TELAPSE      227.86 TCPU      226.21
 DIIS TEST: 0.10122E-02 AT SCF   CYCLE   5 - DIIS ACTIVE - HISTORY:     5 CYCLES
 TTTTTTTTTTTTTTTTTTTTTTTTTTTTTT FDIK        TELAPSE      229.07 TCPU      227.42

    ALPHA      ELECTRONS
 INSULATING STATE
 TOP OF VALENCE BANDS -    BAND     45; K  160; EIG -1.3948515E-01 AU
 TOP OF VALENCE BANDS -    BAND     45; K    1; EIG -1.8624005E-01 AU
 BOTTOM OF VIRTUAL BANDS - BAND     46; K    1; EIG -7.1808992E-02 AU
 INDIRECT ENERGY BAND GAP:   1.8416 eV

    BETA       ELECTRONS
 INSULATING STATE
 TOP OF VALENCE BANDS -    BAND     45; K  160; EIG -1.3948515E-01 AU
 TOP OF VALENCE BANDS -    BAND     45; K    1; EIG -1.8624005E-01 AU
 BOTTOM OF VIRTUAL BANDS - BAND     46; K    1; EIG -7.1808992E-02 AU
 INDIRECT ENERGY BAND GAP:   1.8416 eV
 TTTTTTTTTTTTTTTTTTTTTTTTTTTTTT PDIG        TELAPSE      229.26 TCPU      227.60
 CHARGE NORMALIZATION FACTOR   1.00000000
 TOTAL ATOMIC CHARGES:
   5.9818574   5.9818574   5.9818574   6.0155024   6.0155024   6.0155024
   6.0167139   6.0167139   6.0167139   5.9740119   5.9740119   5.9740119
   6.0119144   6.0119144   6.0119144
 SUMMED SPIN DENSITY           0.00000000
 TOTAL ATOMIC SPINS  :
  -0.0000000  -0.0000000  -0.0000000  -0.0000000  -0.0000000  -0.0000000
  -0.0000000  -0.0000000  -0.0000000  -0.0000000  -0.0000000  -0.0000000
   0.0000000   0.0000000   0.0000000
 TTTTTTTTTTTTTTTTTTTTTTTTTTTTTT MOQGAD      TELAPSE      229.27 TCPU      227.61
 TTTTTTTTTTTTTTTTTTTTTTTTTTTTTT SHELLXN     TELAPSE      264.84 TCPU      263.14
 TTTTTTTTTTTTTTTTTTTTTTTTTTTTTT MONMO3      TELAPSE      264.89 TCPU      263.20
 NUMERICALLY INTEGRATED DENSITY     44.9999665410     44.9999665410
 TTTTTTTTTTTTTTTTTTTTTTTTTTTTTT NUMDFT      TELAPSE      265.55 TCPU      263.85
 CYC   6 ETOT(AU) -5.709471508513E+02 DETOT -6.20E-05 tst  5.48E-07 PX  2.19E-03
 TTTTTTTTTTTTTTTTTTTTTTTTTTTTTT DIIS        TELAPSE      265.60 TCPU      263.90
 DIIS TEST: 0.36200E-04 AT SCF   CYCLE   6 - DIIS ACTIVE - HISTORY:     6 CYCLES
 TTTTTTTTTTTTTTTTTTTTTTTTTTTTTT FDIK        TELAPSE      266.81 TCPU      265.10

    ALPHA      ELECTRONS
 INSULATING STATE
 TOP OF VALENCE BANDS -    BAND     45; K  160; EIG -1.3939109E-01 AU
 TOP OF VALENCE BANDS -    BAND     45; K    1; EIG -1.8604750E-01 AU
 BOTTOM OF VIRTUAL BANDS - BAND     46; K    1; EIG -7.1697294E-02 AU
 INDIRECT ENERGY BAND GAP:   1.8420 eV

    BETA       ELECTRONS
 INSULATING STATE
 TOP OF VALENCE BANDS -    BAND     45; K  160; EIG -1.3939109E-01 AU
 TOP OF VALENCE BANDS -    BAND     45; K    1; EIG -1.8604750E-01 AU
 BOTTOM OF VIRTUAL BANDS - BAND     46; K    1; EIG -7.1697294E-02 AU
 INDIRECT ENERGY BAND GAP:   1.8420 eV
 TTTTTTTTTTTTTTTTTTTTTTTTTTTTTT PDIG        TELAPSE      267.00 TCPU      265.29
 CHARGE NORMALIZATION FACTOR   1.00000000
 TOTAL ATOMIC CHARGES:
   5.9829605   5.9829605   5.9829605   6.0153655   6.0153655   6.0153655
   6.0179034   6.0179034   6.0179034   5.9715402   5.9715402   5.9715402
   6.0122304   6.0122304   6.0122304
 SUMMED SPIN DENSITY           0.00000000
 TOTAL ATOMIC SPINS  :
  -0.0000000  -0.0000000  -0.0000000   0.0000000   0.0000000   0.0000000
  -0.0000000  -0.0000000  -0.0000000  -0.0000000  -0.0000000  -0.0000000
   0.0000000   0.0000000   0.0000000
 TTTTTTTTTTTTTTTTTTTTTTTTTTTTTT MOQGAD      TELAPSE      267.01 TCPU      265.30
 TTTTTTTTTTTTTTTTTTTTTTTTTTTTTT SHELLXN     TELAPSE      302.55 TCPU      300.83
 TTTTTTTTTTTTTTTTTTTTTTTTTTTTTT MONMO3      TELAPSE      302.61 TCPU      300.88
 NUMERICALLY INTEGRATED DENSITY     44.9999665362     44.9999665362
 TTTTTTTTTTTTTTTTTTTTTTTTTTTTTT NUMDFT      TELAPSE      303.26 TCPU      301.53
 CYC   7 ETOT(AU) -5.709471524096E+02 DETOT -1.56E-06 tst  2.69E-08 PX  5.59E-04
 TTTTTTTTTTTTTTTTTTTTTTTTTTTTTT DIIS        TELAPSE      303.31 TCPU      301.58
 DIIS TEST: 0.83080E-05 AT SCF   CYCLE   7 - DIIS ACTIVE - HISTORY:     7 CYCLES
 TTTTTTTTTTTTTTTTTTTTTTTTTTTTTT FDIK        TELAPSE      304.48 TCPU      302.74

    ALPHA      ELECTRONS
 INSULATING STATE
 TOP OF VALENCE BANDS -    BAND     45; K  160; EIG -1.3939448E-01 AU
 TOP OF VALENCE BANDS -    BAND     45; K    1; EIG -1.8609990E-01 AU
 BOTTOM OF VIRTUAL BANDS - BAND     46; K    1; EIG -7.1691759E-02 AU
 INDIRECT ENERGY BAND GAP:   1.8423 eV

    BETA       ELECTRONS
 INSULATING STATE
 TOP OF VALENCE BANDS -    BAND     45; K  160; EIG -1.3939448E-01 AU
 TOP OF VALENCE BANDS -    BAND     45; K    1; EIG -1.8609990E-01 AU
 BOTTOM OF VIRTUAL BANDS - BAND     46; K    1; EIG -7.1691759E-02 AU
 INDIRECT ENERGY BAND GAP:   1.8423 eV
 TTTTTTTTTTTTTTTTTTTTTTTTTTTTTT PDIG        TELAPSE      304.67 TCPU      302.93
 CHARGE NORMALIZATION FACTOR   1.00000000
 TOTAL ATOMIC CHARGES:
   5.9828001   5.9828001   5.9828001   6.0151496   6.0151496   6.0151496
   6.0176479   6.0176479   6.0176479   5.9726186   5.9726186   5.9726186
   6.0117839   6.0117839   6.0117839
 SUMMED SPIN DENSITY           0.00000000
 TOTAL ATOMIC SPINS  :
  -0.0000000  -0.0000000  -0.0000000   0.0000000   0.0000000   0.0000000
  -0.0000000  -0.0000000  -0.0000000  -0.0000000  -0.0000000  -0.0000000
   0.0000000   0.0000000   0.0000000
 TTTTTTTTTTTTTTTTTTTTTTTTTTTTTT MOQGAD      TELAPSE      304.68 TCPU      302.94
 TTTTTTTTTTTTTTTTTTTTTTTTTTTTTT SHELLXN     TELAPSE      340.09 TCPU      338.33
 TTTTTTTTTTTTTTTTTTTTTTTTTTTTTT MONMO3      TELAPSE      340.14 TCPU      338.38
 NUMERICALLY INTEGRATED DENSITY     44.9999665341     44.9999665341
 TTTTTTTTTTTTTTTTTTTTTTTTTTTTTT NUMDFT      TELAPSE      340.82 TCPU      339.06
 CYC   8 ETOT(AU) -5.709471528752E+02 DETOT -4.66E-07 tst  6.93E-09 PX  1.76E-04
 TTTTTTTTTTTTTTTTTTTTTTTTTTTTTT DIIS        TELAPSE      341.03 TCPU      339.22
 DIIS TEST: 0.70173E-06 AT SCF   CYCLE   8 - DIIS ACTIVE - HISTORY:     8 CYCLES
 TTTTTTTTTTTTTTTTTTTTTTTTTTTTTT FDIK        TELAPSE      342.42 TCPU      340.60

    ALPHA      ELECTRONS
 INSULATING STATE
 TOP OF VALENCE BANDS -    BAND     45; K  160; EIG -1.3940971E-01 AU
 TOP OF VALENCE BANDS -    BAND     45; K    1; EIG -1.8610805E-01 AU
 BOTTOM OF VIRTUAL BANDS - BAND     46; K    1; EIG -7.1704149E-02 AU
 INDIRECT ENERGY BAND GAP:   1.8424 eV

    BETA       ELECTRONS
 INSULATING STATE
 TOP OF VALENCE BANDS -    BAND     45; K  160; EIG -1.3940971E-01 AU
 TOP OF VALENCE BANDS -    BAND     45; K    1; EIG -1.8610805E-01 AU
 BOTTOM OF VIRTUAL BANDS - BAND     46; K    1; EIG -7.1704149E-02 AU
 INDIRECT ENERGY BAND GAP:   1.8424 eV
 TTTTTTTTTTTTTTTTTTTTTTTTTTTTTT PDIG        TELAPSE      342.62 TCPU      340.80
 CHARGE NORMALIZATION FACTOR   1.00000000
 TOTAL ATOMIC CHARGES:
   5.9827364   5.9827364   5.9827364   6.0152522   6.0152522   6.0152522
   6.0175230   6.0175230   6.0175230   5.9724084   5.9724084   5.9724084
   6.0120800   6.0120800   6.0120800
 SUMMED SPIN DENSITY           0.00000000
 TOTAL ATOMIC SPINS  :
  -0.0000000  -0.0000000  -0.0000000   0.0000000   0.0000000   0.0000000
  -0.0000000  -0.0000000  -0.0000000   0.0000000   0.0000000   0.0000000
   0.0000000   0.0000000   0.0000000
 TTTTTTTTTTTTTTTTTTTTTTTTTTTTTT MOQGAD      TELAPSE      342.62 TCPU      340.80
 TTTTTTTTTTTTTTTTTTTTTTTTTTTTTT SHELLXN     TELAPSE      378.61 TCPU      376.76
 TTTTTTTTTTTTTTTTTTTTTTTTTTTTTT MONMO3      TELAPSE      378.67 TCPU      376.81
 NUMERICALLY INTEGRATED DENSITY     44.9999665343     44.9999665343
 TTTTTTTTTTTTTTTTTTTTTTTTTTTTTT NUMDFT      TELAPSE      379.33 TCPU      377.47
 CYC   9 ETOT(AU) -5.709471529334E+02 DETOT -5.82E-08 tst  1.13E-09 PX  5.34E-05
 TTTTTTTTTTTTTTTTTTTTTTTTTTTTTT DIIS        TELAPSE      379.44 TCPU      377.53
 DIIS TEST: 0.12704E-06 AT SCF   CYCLE   9 - DIIS ACTIVE - HISTORY:     9 CYCLES
 TTTTTTTTTTTTTTTTTTTTTTTTTTTTTT FDIK        TELAPSE      380.66 TCPU      378.75

    ALPHA      ELECTRONS
 INSULATING STATE
 TOP OF VALENCE BANDS -    BAND     45; K  160; EIG -1.3940777E-01 AU
 TOP OF VALENCE BANDS -    BAND     45; K    1; EIG -1.8610622E-01 AU
 BOTTOM OF VIRTUAL BANDS - BAND     46; K    1; EIG -7.1703006E-02 AU
 INDIRECT ENERGY BAND GAP:   1.8423 eV

    BETA       ELECTRONS
 INSULATING STATE
 TOP OF VALENCE BANDS -    BAND     45; K  160; EIG -1.3940777E-01 AU
 TOP OF VALENCE BANDS -    BAND     45; K    1; EIG -1.8610622E-01 AU
 BOTTOM OF VIRTUAL BANDS - BAND     46; K    1; EIG -7.1703006E-02 AU
 INDIRECT ENERGY BAND GAP:   1.8423 eV
 TTTTTTTTTTTTTTTTTTTTTTTTTTTTTT PDIG        TELAPSE      380.85 TCPU      378.93
 CHARGE NORMALIZATION FACTOR   1.00000000
 TOTAL ATOMIC CHARGES:
   5.9827704   5.9827704   5.9827704   6.0152199   6.0152199   6.0152199
   6.0175995   6.0175995   6.0175995   5.9724362   5.9724362   5.9724362
   6.0119740   6.0119740   6.0119740
 SUMMED SPIN DENSITY           0.00000000
 TOTAL ATOMIC SPINS  :
  -0.0000000  -0.0000000  -0.0000000   0.0000000   0.0000000   0.0000000
   0.0000000   0.0000000   0.0000000   0.0000000   0.0000000   0.0000000
  -0.0000000  -0.0000000  -0.0000000
 TTTTTTTTTTTTTTTTTTTTTTTTTTTTTT MOQGAD      TELAPSE      380.85 TCPU      378.94
 TTTTTTTTTTTTTTTTTTTTTTTTTTTTTT SHELLXN     TELAPSE      416.43 TCPU      414.49
 TTTTTTTTTTTTTTTTTTTTTTTTTTTTTT MONMO3      TELAPSE      416.49 TCPU      414.55
 NUMERICALLY INTEGRATED DENSITY     44.9999665346     44.9999665346
 TTTTTTTTTTTTTTTTTTTTTTTTTTTTTT NUMDFT      TELAPSE      417.13 TCPU      415.20
 CYC  10 ETOT(AU) -5.709471529423E+02 DETOT -8.94E-09 tst  7.91E-11 PX  1.95E-05
 TTTTTTTTTTTTTTTTTTTTTTTTTTTTTT DIIS        TELAPSE      417.18 TCPU      415.24
 DIIS TEST: 0.22873E-08 AT SCF   CYCLE  10 - DIIS ACTIVE - HISTORY:    10 CYCLES
 TTTTTTTTTTTTTTTTTTTTTTTTTTTTTT FDIK        TELAPSE      418.37 TCPU      416.42

    ALPHA      ELECTRONS
 INSULATING STATE
 TOP OF VALENCE BANDS -    BAND     45; K  160; EIG -1.3940812E-01 AU
 TOP OF VALENCE BANDS -    BAND     45; K    1; EIG -1.8610645E-01 AU
 BOTTOM OF VIRTUAL BANDS - BAND     46; K    1; EIG -7.1702569E-02 AU
 INDIRECT ENERGY BAND GAP:   1.8424 eV

    BETA       ELECTRONS
 INSULATING STATE
 TOP OF VALENCE BANDS -    BAND     45; K  160; EIG -1.3940812E-01 AU
 TOP OF VALENCE BANDS -    BAND     45; K    1; EIG -1.8610645E-01 AU
 BOTTOM OF VIRTUAL BANDS - BAND     46; K    1; EIG -7.1702569E-02 AU
 INDIRECT ENERGY BAND GAP:   1.8424 eV
 TTTTTTTTTTTTTTTTTTTTTTTTTTTTTT PDIG        TELAPSE      418.56 TCPU      416.62
 CHARGE NORMALIZATION FACTOR   1.00000000
 TOTAL ATOMIC CHARGES:
   5.9827669   5.9827669   5.9827669   6.0152215   6.0152215   6.0152215
   6.0175935   6.0175935   6.0175935   5.9724317   5.9724317   5.9724317
   6.0119863   6.0119863   6.0119863
 SUMMED SPIN DENSITY           0.00000000
 TOTAL ATOMIC SPINS  :
  -0.0000000  -0.0000000  -0.0000000   0.0000000   0.0000000   0.0000000
   0.0000000   0.0000000   0.0000000   0.0000000   0.0000000   0.0000000
   0.0000000   0.0000000   0.0000000
 TTTTTTTTTTTTTTTTTTTTTTTTTTTTTT MOQGAD      TELAPSE      418.57 TCPU      416.62
 TTTTTTTTTTTTTTTTTTTTTTTTTTTTTT SHELLXN     TELAPSE      454.12 TCPU      452.16
 TTTTTTTTTTTTTTTTTTTTTTTTTTTTTT MONMO3      TELAPSE      454.17 TCPU      452.21
 NUMERICALLY INTEGRATED DENSITY     44.9999665346     44.9999665346
 TTTTTTTTTTTTTTTTTTTTTTTTTTTTTT NUMDFT      TELAPSE      454.83 TCPU      452.87
 CYC  11 ETOT(AU) -5.709471529444E+02 DETOT -2.07E-09 tst  8.72E-12 PX  2.39E-06
 TTTTTTTTTTTTTTTTTTTTTTTTTTTTTT DIIS        TELAPSE      454.88 TCPU      452.92
 DIIS TEST: 0.60895E-10 AT SCF   CYCLE  11 - DIIS ACTIVE - HISTORY:    11 CYCLES
 TTTTTTTTTTTTTTTTTTTTTTTTTTTTTT FDIK        TELAPSE      455.99 TCPU      454.03

    ALPHA      ELECTRONS
 INSULATING STATE
 TOP OF VALENCE BANDS -    BAND     45; K  160; EIG -1.3940801E-01 AU
 TOP OF VALENCE BANDS -    BAND     45; K    1; EIG -1.8610633E-01 AU
 BOTTOM OF VIRTUAL BANDS - BAND     46; K    1; EIG -7.1702460E-02 AU
 INDIRECT ENERGY BAND GAP:   1.8424 eV

    BETA       ELECTRONS
 INSULATING STATE
 TOP OF VALENCE BANDS -    BAND     45; K  160; EIG -1.3940801E-01 AU
 TOP OF VALENCE BANDS -    BAND     45; K    1; EIG -1.8610633E-01 AU
 BOTTOM OF VIRTUAL BANDS - BAND     46; K    1; EIG -7.1702460E-02 AU
 INDIRECT ENERGY BAND GAP:   1.8424 eV
 TTTTTTTTTTTTTTTTTTTTTTTTTTTTTT PDIG        TELAPSE      456.18 TCPU      454.22
 CHARGE NORMALIZATION FACTOR   1.00000000
 TOTAL ATOMIC CHARGES:
   5.9827674   5.9827674   5.9827674   6.0152211   6.0152211   6.0152211
   6.0175940   6.0175940   6.0175940   5.9724319   5.9724319   5.9724319
   6.0119856   6.0119856   6.0119856
 SUMMED SPIN DENSITY           0.00000000
 TOTAL ATOMIC SPINS  :
  -0.0000000  -0.0000000  -0.0000000   0.0000000   0.0000000   0.0000000
  -0.0000000  -0.0000000  -0.0000000   0.0000000   0.0000000   0.0000000
  -0.0000000  -0.0000000  -0.0000000
 TTTTTTTTTTTTTTTTTTTTTTTTTTTTTT MOQGAD      TELAPSE      456.19 TCPU      454.22
 TTTTTTTTTTTTTTTTTTTTTTTTTTTTTT SHELLXN     TELAPSE      491.74 TCPU      489.76
 TTTTTTTTTTTTTTTTTTTTTTTTTTTTTT MONMO3      TELAPSE      491.79 TCPU      489.81
 NUMERICALLY INTEGRATED DENSITY     44.9999665345     44.9999665345
 TTTTTTTTTTTTTTTTTTTTTTTTTTTTTT NUMDFT      TELAPSE      492.45 TCPU      490.47
 CYC  12 ETOT(AU) -5.709471529440E+02 DETOT  4.10E-10 tst  1.85E-13 PX  3.96E-07
 TTTTTTTTTTTTTTTTTTTTTTTTTTTTTT DIIS        TELAPSE      492.50 TCPU      490.52
 DIIS TEST: 0.50083E-11 AT SCF   CYCLE  12 - DIIS ACTIVE - HISTORY:    12 CYCLES
 TTTTTTTTTTTTTTTTTTTTTTTTTTTTTT FDIK        TELAPSE      493.26 TCPU      491.28

    ALPHA      ELECTRONS
 INSULATING STATE
 TOP OF VALENCE BANDS -    BAND     45; K  160; EIG -1.3940803E-01 AU
 TOP OF VALENCE BANDS -    BAND     45; K    1; EIG -1.8610635E-01 AU
 BOTTOM OF VIRTUAL BANDS - BAND     46; K    1; EIG -7.1702458E-02 AU
 INDIRECT ENERGY BAND GAP:   1.8424 eV

    BETA       ELECTRONS
 INSULATING STATE
 TOP OF VALENCE BANDS -    BAND     45; K  160; EIG -1.3940803E-01 AU
 TOP OF VALENCE BANDS -    BAND     45; K    1; EIG -1.8610635E-01 AU
 BOTTOM OF VIRTUAL BANDS - BAND     46; K    1; EIG -7.1702458E-02 AU
 INDIRECT ENERGY BAND GAP:   1.8424 eV
 TTTTTTTTTTTTTTTTTTTTTTTTTTTTTT PDIG        TELAPSE      493.46 TCPU      491.47
 CHARGE NORMALIZATION FACTOR   1.00000000
 TOTAL ATOMIC CHARGES:
   5.9827674   5.9827674   5.9827674   6.0152211   6.0152211   6.0152211
   6.0175940   6.0175940   6.0175940   5.9724319   5.9724319   5.9724319
   6.0119856   6.0119856   6.0119856
 SUMMED SPIN DENSITY           0.00000000
 TOTAL ATOMIC SPINS  :
  -0.0000000  -0.0000000  -0.0000000   0.0000000   0.0000000   0.0000000
  -0.0000000  -0.0000000  -0.0000000   0.0000000   0.0000000   0.0000000
  -0.0000000  -0.0000000  -0.0000000
 TTTTTTTTTTTTTTTTTTTTTTTTTTTTTT MOQGAD      TELAPSE      493.46 TCPU      491.47
 TTTTTTTTTTTTTTTTTTTTTTTTTTTTTT SHELLXN     TELAPSE      528.99 TCPU      526.99
 +++ ENERGIES IN A.U. +++
 ::: EXT EL-POLE                                  -2.2076132851559E+03
 ::: EXT EL-SPHEROPOLE                             1.9927773371233E+01
 ::: BIELET ZONE E-E                               2.3148596159331E+03
 ::: TOTAL E-E                                     1.2717410414839E+02
 ::: TOTAL E-N + N-E                              -1.0328847960445E+03
 ::: TOTAL N-N                                    -1.6860473157009E+02
 ::: KINETIC ENERGY                                5.6908751841241E+02
 ::: PSEUDO TOTAL   ENERGY                        -5.0522790505375E+02
 ::: VIRIAL COEFFICIENT                            1.0594421451687E+00
 TTTTTTTTTTTTTTTTTTTTTTTTTTTTTT MONMO3      TELAPSE      529.05 TCPU      527.04
 NUMERICALLY INTEGRATED DENSITY     44.9999665345     44.9999665345
 EXCHANGE ENERGY: -0.619601953276E+02  CORRELATION ENERGY: -0.375905256267E+01
 TTTTTTTTTTTTTTTTTTTTTTTTTTTTTT NUMDFT      TELAPSE      529.70 TCPU      527.69
 CYC  13 ETOT(AU) -5.709471529440E+02 DETOT  1.25E-12 tst  1.42E-14 PX  3.96E-07

 == SCF ENDED - CONVERGENCE ON ENERGY      E(AU) -5.7094715294400E+02 CYCLES  13


 ENERGY EXPRESSION=HARTREE+FOCK EXCH*0.20000+(BECKE      EXCH)*0.80000+LYP        CORR


 TOTAL ENERGY(DFT)(AU)( 13) -5.7094715294400E+02 DE 1.3E-12 tester 1.4E-14
 TTTTTTTTTTTTTTTTTTTTTTTTTTTTTT EDFT        TELAPSE      529.71 TCPU      527.70
 
 INFORMATION **** DFTD3 ENERGY **** CALCULATE DFTD3 ENERGY

           DFT-D V3(BJ)
 DF                                         b3-lyp    
 parameters
 s6       :    1.0000
 s8       :    1.9889
 a1       :    0.3981
 a2       :    4.4211
 k1 k3    :   16.0000   -4.0000
 Cutoff   :   50.2022
 CN-Cutoff:   21.1671
 ABC-Cutoff:   21.1671
 
 Edisp /kcal,au:   -88.8500 -0.14159151

 E6    /kcal :   -42.8841
 E8    /kcal :   -45.9659
 
 INFORMATION **** DFTD3 ENERGY **** NORMAL TERMINATION OF DFTD3 MODULE

 *******************************************************************************

 DFT-D3 DISPERSION ENERGY CORRECTION

 D3 DISPERSION ENERGY (AU)       -1.4159150698179E-01
 TOTAL ENERGY + DISP (AU)        -5.7108874445098E+02

 *******************************************************************************


 NEIGHBORS OF THE NON-EQUIVALENT ATOMS

 N = NUMBER OF NEIGHBORS AT DISTANCE R
    ATOM  N     R/ANG      R/AU   NEIGHBORS (ATOM LABELS AND CELL INDICES)
   1 C    1     1.5446     2.9189   14 C    0 0 0
   1 C    1     1.5906     3.0059   11 C    0 0 0
   1 C    1     1.6323     3.0845    6 C    0 0 0
   1 C    1     1.6642     3.1449    4 C    0 0 0
   1 C    1     2.4053     4.5454    7 C    0 0 0
   1 C    1     2.4330     4.5977   11 C    0-1 0

   4 C    1     1.3216     2.4975    7 C    0 0 0
   4 C    1     1.6323     3.0845    2 C    0 0 0
   4 C    1     1.6642     3.1449    1 C    0 0 0
   4 C    1     2.2744     4.2980   15 C    0 0 0
   4 C    1     2.3314     4.4057   11 C    0-1 0
   4 C    1     2.3645     4.4683   14 C    0 0 0

   7 C    1     1.3216     2.4975    4 C    0 0 0
   7 C    1     1.4182     2.6801   15 C    0-1 0
   7 C    1     1.4387     2.7188   11 C    0-1 0
   7 C    1     2.2221     4.1992   14 C    0 0 0
   7 C    1     2.3524     4.4454   12 C    1 0 0
   7 C    1     2.4053     4.5454    1 C    0 0 0

  10 C    1     1.3694     2.5878   13 C    1 0 0
  10 C    1     1.4387     2.7188    9 C    1 0 1
  10 C    1     1.5906     3.0059    3 C    0 0 0
  10 C    1     2.3314     4.4057    6 C    1 0 1
  10 C    1     2.3524     4.4454    8 C    0-1 0
  10 C    1     2.3822     4.5017   14 C    0 0 1

  13 C    1     1.3694     2.5878   10 C   -1 0 0
  13 C    1     1.4182     2.6801    8 C   -1-1 0
  13 C    1     1.5446     2.9189    3 C    0 0 0
  13 C    1     2.2221     4.1992    9 C    0 0 1
  13 C    1     2.2744     4.2980    5 C    0 0 0
  13 C    1     2.3645     4.4683    6 C    0 0 1

 TTTTTTTTTTTTTTTTTTTTTTTTTTTTTT AFTER FIRST TELAPSE      529.85 TCPU      527.78
 MMMMMMMMMMMMMMMMMMMMMMMMMMMMMMMMMMMMMMMMMMMMMMMMMMMMMMMMMMMMMMMMMMMMMMMMMMMMMMM
     ALPHA+BETA ELECTRONS
 MULLIKEN POPULATION ANALYSIS - NO. OF ELECTRONS   90.000000

  ATOM    Z CHARGE  A.O. POPULATION

   1 C    6  5.983  0.853  1.122  0.761  0.493  0.408  0.425  0.393 -0.015
                    0.015  0.010  0.533  0.466  0.479  0.011  0.006  0.007
                    0.008  0.008
   2 C    6  5.983  0.853  1.122  0.761  0.493  0.406  0.427  0.393  0.003
                   -0.003  0.010  0.500  0.499  0.479  0.011  0.008  0.005
                    0.008  0.007
   3 C    6  5.983  0.853  1.122  0.761  0.493  0.435  0.398  0.393  0.012
                   -0.013  0.010  0.465  0.533  0.479  0.011  0.005  0.008
                    0.007  0.008
   4 C    6  6.015  0.854  1.120  0.767  0.477  0.411  0.498  0.382 -0.054
                   -0.013  0.008  0.638  0.449  0.442  0.008  0.004  0.009
                    0.007  0.007
   5 C    6  6.015  0.854  1.120  0.767  0.477  0.449  0.460  0.382 -0.019
                   -0.049  0.008  0.477  0.610  0.442  0.008  0.008  0.005
                    0.007  0.007
   6 C    6  6.015  0.854  1.120  0.767  0.477  0.504  0.406  0.382 -0.028
                   -0.039  0.008  0.515  0.572  0.442  0.008  0.008  0.006
                    0.007  0.007
   7 C    6  6.018  0.854  1.120  0.765  0.402  0.416  0.524  0.471 -0.044
                   -0.002  0.006  0.615  0.409  0.437  0.010  0.007  0.013
                    0.007  0.008
   8 C    6  6.018  0.854  1.120  0.765  0.402  0.480  0.459  0.471 -0.019
                   -0.027  0.006  0.482  0.543  0.437  0.010  0.008  0.012
                    0.008  0.007
   9 C    6  6.018  0.854  1.120  0.765  0.402  0.513  0.426  0.471 -0.006
                   -0.040  0.006  0.440  0.585  0.437  0.010  0.014  0.005
                    0.007  0.008
  10 C    6  5.972  0.854  1.121  0.771  0.430  0.431  0.444  0.451  0.001
                   -0.014 -0.020  0.470  0.495  0.501  0.007  0.009  0.007
                    0.006  0.010
  11 C    6  5.972  0.854  1.121  0.771  0.430  0.427  0.447  0.451 -0.032
                    0.020 -0.020  0.569  0.396  0.501  0.007  0.005  0.010
                    0.009  0.007
  12 C    6  5.972  0.854  1.121  0.771  0.430  0.454  0.421  0.451  0.012
                   -0.025 -0.020  0.408  0.557  0.501  0.007  0.009  0.006
                    0.009  0.007
  13 C    6  6.012  0.854  1.120  0.770  0.455  0.422  0.455  0.458  0.009
                   -0.020 -0.014  0.427  0.523  0.508  0.010  0.010  0.007
                    0.011  0.007
  14 C    6  6.012  0.854  1.120  0.770  0.455  0.426  0.451  0.458 -0.024
                    0.012 -0.014  0.525  0.425  0.508  0.010  0.007  0.010
                    0.007  0.011
  15 C    6  6.012  0.854  1.120  0.770  0.455  0.467  0.410  0.458 -0.002
                   -0.009 -0.014  0.473  0.476  0.508  0.010  0.008  0.008
                    0.009  0.009

  ATOM    Z CHARGE  SHELL POPULATION

   1 C    6  5.983  0.853  1.122  0.761  0.493  1.226  0.010  1.478  0.039
   2 C    6  5.983  0.853  1.122  0.761  0.493  1.226  0.010  1.478  0.039
   3 C    6  5.983  0.853  1.122  0.761  0.493  1.226  0.010  1.478  0.039
   4 C    6  6.015  0.854  1.120  0.767  0.477  1.291 -0.059  1.530  0.034
   5 C    6  6.015  0.854  1.120  0.767  0.477  1.291 -0.059  1.530  0.034
   6 C    6  6.015  0.854  1.120  0.767  0.477  1.291 -0.059  1.530  0.034
   7 C    6  6.018  0.854  1.120  0.765  0.402  1.410 -0.040  1.461  0.045
   8 C    6  6.018  0.854  1.120  0.765  0.402  1.410 -0.040  1.461  0.045
   9 C    6  6.018  0.854  1.120  0.765  0.402  1.410 -0.040  1.461  0.045
  10 C    6  5.972  0.854  1.121  0.771  0.430  1.325 -0.032  1.466  0.038
  11 C    6  5.972  0.854  1.121  0.771  0.430  1.325 -0.032  1.466  0.038
  12 C    6  5.972  0.854  1.121  0.771  0.430  1.325 -0.032  1.466  0.038
  13 C    6  6.012  0.854  1.120  0.770  0.455  1.335 -0.025  1.458  0.044
  14 C    6  6.012  0.854  1.120  0.770  0.455  1.335 -0.025  1.458  0.044
  15 C    6  6.012  0.854  1.120  0.770  0.455  1.335 -0.025  1.458  0.044

 OVERLAP POPULATION CONDENSED TO ATOMS FOR FIRST   6 NEIGHBORS

 ATOM A   1 C    ATOM B     CELL      R(AB)/AU R(AB)/ANG    OVPOP(AB)
                 14 C    (  0  0  0)     2.919     1.545     0.308
                 11 C    (  0  0  0)     3.006     1.591     0.317
                  6 C    (  0  0  0)     3.085     1.632     0.294
                  4 C    (  0  0  0)     3.145     1.664     0.306
                  7 C    (  0  0  0)     4.545     2.405    -0.037
                 11 C    (  0 -1  0)     4.598     2.433    -0.035

 ATOM A   4 C    ATOM B     CELL      R(AB)/AU R(AB)/ANG    OVPOP(AB)
                  7 C    (  0  0  0)     2.497     1.322     0.521
                  2 C    (  0  0  0)     3.085     1.632     0.294
                  1 C    (  0  0  0)     3.145     1.664     0.306
                 15 C    (  0  0  0)     4.298     2.274    -0.028
                 11 C    (  0 -1  0)     4.406     2.331    -0.037
                 14 C    (  0  0  0)     4.468     2.365    -0.052

 ATOM A   7 C    ATOM B     CELL      R(AB)/AU R(AB)/ANG    OVPOP(AB)
                  4 C    (  0  0  0)     2.497     1.322     0.521
                 15 C    (  0 -1  0)     2.680     1.418     0.324
                 11 C    (  0 -1  0)     2.719     1.439     0.361
                 14 C    (  0  0  0)     4.199     2.222    -0.034
                 12 C    (  1  0  0)     4.445     2.352    -0.042
                  1 C    (  0  0  0)     4.545     2.405    -0.037

 ATOM A  10 C    ATOM B     CELL      R(AB)/AU R(AB)/ANG    OVPOP(AB)
                 13 C    (  1  0  0)     2.588     1.369     0.495
                  9 C    (  1  0  1)     2.719     1.439     0.361
                  3 C    (  0  0  0)     3.006     1.591     0.317
                  6 C    (  1  0  1)     4.406     2.331    -0.037
                  8 C    (  0 -1  0)     4.445     2.352    -0.042
                 14 C    (  0  0  1)     4.502     2.382    -0.015

 ATOM A  13 C    ATOM B     CELL      R(AB)/AU R(AB)/ANG    OVPOP(AB)
                 10 C    ( -1  0  0)     2.588     1.369     0.495
                  8 C    ( -1 -1  0)     2.680     1.418     0.324
                  3 C    (  0  0  0)     2.919     1.545     0.308
                  9 C    (  0  0  1)     4.199     2.222    -0.034
                  5 C    (  0  0  0)     4.298     2.274    -0.028
                  6 C    (  0  0  1)     4.468     2.365    -0.052
 TTTTTTTTTTTTTTTTTTTTTTTTTTTTTT AFTER FIRST TELAPSE      530.03 TCPU      527.88
 MMMMMMMMMMMMMMMMMMMMMMMMMMMMMMMMMMMMMMMMMMMMMMMMMMMMMMMMMMMMMMMMMMMMMMMMMMMMMMM
     ALPHA-BETA ELECTRONS
 MULLIKEN POPULATION ANALYSIS - NO. OF ELECTRONS    0.000000

  ATOM    Z CHARGE  A.O. POPULATION

   1 C    6 -0.000  0.000  0.000  0.000 -0.000 -0.000 -0.000  0.000  0.000
                    0.000 -0.000 -0.000  0.000  0.000  0.000 -0.000  0.000
                   -0.000  0.000
   2 C    6 -0.000  0.000  0.000  0.000 -0.000 -0.000 -0.000  0.000  0.000
                    0.000 -0.000  0.000 -0.000  0.000  0.000 -0.000  0.000
                    0.000 -0.000
   3 C    6 -0.000  0.000  0.000  0.000 -0.000 -0.000 -0.000  0.000  0.000
                    0.000 -0.000  0.000 -0.000  0.000  0.000  0.000 -0.000
                    0.000  0.000
   4 C    6  0.000 -0.000 -0.000  0.000  0.000  0.000 -0.000  0.000  0.000
                    0.000 -0.000 -0.000 -0.000  0.000  0.000  0.000 -0.000
                   -0.000 -0.000
   5 C    6  0.000 -0.000 -0.000  0.000  0.000 -0.000 -0.000  0.000  0.000
                    0.000 -0.000 -0.000 -0.000  0.000  0.000 -0.000  0.000
                   -0.000 -0.000
   6 C    6  0.000 -0.000 -0.000  0.000  0.000 -0.000 -0.000  0.000  0.000
                    0.000 -0.000 -0.000 -0.000  0.000  0.000 -0.000  0.000
                   -0.000 -0.000
   7 C    6 -0.000  0.000  0.000  0.000 -0.000 -0.000  0.000  0.000  0.000
                   -0.000 -0.000 -0.000  0.000 -0.000 -0.000 -0.000 -0.000
                    0.000  0.000
   8 C    6 -0.000  0.000  0.000  0.000 -0.000 -0.000  0.000  0.000 -0.000
                    0.000 -0.000  0.000 -0.000 -0.000 -0.000 -0.000 -0.000
                    0.000  0.000
   9 C    6 -0.000  0.000  0.000  0.000 -0.000  0.000 -0.000  0.000 -0.000
                    0.000 -0.000  0.000  0.000 -0.000 -0.000 -0.000 -0.000
                    0.000 -0.000
  10 C    6  0.000  0.000 -0.000 -0.000  0.000 -0.000 -0.000 -0.000 -0.000
                    0.000 -0.000  0.000 -0.000  0.000 -0.000  0.000  0.000
                   -0.000 -0.000
  11 C    6  0.000  0.000 -0.000 -0.000  0.000 -0.000 -0.000 -0.000  0.000
                   -0.000 -0.000 -0.000  0.000  0.000 -0.000  0.000  0.000
                   -0.000 -0.000
  12 C    6  0.000  0.000 -0.000 -0.000  0.000 -0.000 -0.000 -0.000 -0.000
                    0.000 -0.000  0.000  0.000  0.000 -0.000  0.000  0.000
                   -0.000 -0.000
  13 C    6 -0.000  0.000 -0.000  0.000  0.000 -0.000 -0.000 -0.000 -0.000
                    0.000  0.000  0.000 -0.000 -0.000 -0.000 -0.000 -0.000
                    0.000  0.000
  14 C    6 -0.000  0.000 -0.000  0.000  0.000 -0.000 -0.000 -0.000  0.000
                   -0.000  0.000 -0.000  0.000 -0.000 -0.000 -0.000 -0.000
                   -0.000  0.000
  15 C    6 -0.000  0.000 -0.000  0.000  0.000 -0.000 -0.000 -0.000  0.000
                    0.000  0.000  0.000  0.000 -0.000 -0.000 -0.000 -0.000
                    0.000 -0.000

  ATOM    Z CHARGE  SHELL POPULATION

   1 C    6 -0.000  0.000  0.000  0.000 -0.000 -0.000  0.000  0.000  0.000
   2 C    6 -0.000  0.000  0.000  0.000 -0.000 -0.000  0.000  0.000  0.000
   3 C    6 -0.000  0.000  0.000  0.000 -0.000 -0.000  0.000  0.000  0.000
   4 C    6  0.000 -0.000 -0.000  0.000  0.000 -0.000  0.000 -0.000 -0.000
   5 C    6  0.000 -0.000 -0.000  0.000  0.000 -0.000  0.000 -0.000 -0.000
   6 C    6  0.000 -0.000 -0.000  0.000  0.000 -0.000  0.000 -0.000 -0.000
   7 C    6 -0.000  0.000  0.000  0.000 -0.000 -0.000 -0.000  0.000 -0.000
   8 C    6 -0.000  0.000  0.000  0.000 -0.000 -0.000 -0.000  0.000 -0.000
   9 C    6 -0.000  0.000  0.000  0.000 -0.000 -0.000 -0.000  0.000 -0.000
  10 C    6  0.000  0.000 -0.000 -0.000  0.000 -0.000 -0.000  0.000  0.000
  11 C    6  0.000  0.000 -0.000 -0.000  0.000 -0.000 -0.000  0.000  0.000
  12 C    6  0.000  0.000 -0.000 -0.000  0.000 -0.000 -0.000  0.000  0.000
  13 C    6 -0.000  0.000 -0.000  0.000  0.000 -0.000  0.000 -0.000 -0.000
  14 C    6 -0.000  0.000 -0.000  0.000  0.000 -0.000  0.000 -0.000 -0.000
  15 C    6 -0.000  0.000 -0.000  0.000  0.000 -0.000  0.000 -0.000 -0.000

 OVERLAP POPULATION CONDENSED TO ATOMS FOR FIRST   6 NEIGHBORS

 ATOM A   1 C    ATOM B     CELL      R(AB)/AU R(AB)/ANG    OVPOP(AB)
                 14 C    (  0  0  0)     2.919     1.545     0.000
                 11 C    (  0  0  0)     3.006     1.591     0.000
                  6 C    (  0  0  0)     3.085     1.632     0.000
                  4 C    (  0  0  0)     3.145     1.664     0.000
                  7 C    (  0  0  0)     4.545     2.405    -0.000
                 11 C    (  0 -1  0)     4.598     2.433     0.000

 ATOM A   4 C    ATOM B     CELL      R(AB)/AU R(AB)/ANG    OVPOP(AB)
                  7 C    (  0  0  0)     2.497     1.322    -0.000
                  2 C    (  0  0  0)     3.085     1.632     0.000
                  1 C    (  0  0  0)     3.145     1.664     0.000
                 15 C    (  0  0  0)     4.298     2.274    -0.000
                 11 C    (  0 -1  0)     4.406     2.331    -0.000
                 14 C    (  0  0  0)     4.468     2.365     0.000

 ATOM A   7 C    ATOM B     CELL      R(AB)/AU R(AB)/ANG    OVPOP(AB)
                  4 C    (  0  0  0)     2.497     1.322    -0.000
                 15 C    (  0 -1  0)     2.680     1.418    -0.000
                 11 C    (  0 -1  0)     2.719     1.439    -0.000
                 14 C    (  0  0  0)     4.199     2.222     0.000
                 12 C    (  1  0  0)     4.445     2.352    -0.000
                  1 C    (  0  0  0)     4.545     2.405    -0.000

 ATOM A  10 C    ATOM B     CELL      R(AB)/AU R(AB)/ANG    OVPOP(AB)
                 13 C    (  1  0  0)     2.588     1.369    -0.000
                  9 C    (  1  0  1)     2.719     1.439    -0.000
                  3 C    (  0  0  0)     3.006     1.591     0.000
                  6 C    (  1  0  1)     4.406     2.331    -0.000
                  8 C    (  0 -1  0)     4.445     2.352    -0.000
                 14 C    (  0  0  1)     4.502     2.382     0.000

 ATOM A  13 C    ATOM B     CELL      R(AB)/AU R(AB)/ANG    OVPOP(AB)
                 10 C    ( -1  0  0)     2.588     1.369    -0.000
                  8 C    ( -1 -1  0)     2.680     1.418    -0.000
                  3 C    (  0  0  0)     2.919     1.545     0.000
                  9 C    (  0  0  1)     4.199     2.222     0.000
                  5 C    (  0  0  0)     4.298     2.274    -0.000
                  6 C    (  0  0  1)     4.468     2.365     0.000
 EIGENVECTORS IN FORTRAN UNIT 10
 TTTTTTTTTTTTTTTTTTTTTTTTTTTTTT END         TELAPSE      531.00 TCPU      528.79
 EEEEEEEEEE TERMINATION  DATE 31 01 2026 TIME 00:58:55.3
NODE    0 CPU TIME =       528.794
NODE    1 CPU TIME =       529.385
NODE    2 CPU TIME =       528.866
NODE    3 CPU TIME =       529.537
NODE    4 CPU TIME =       529.412
NODE    5 CPU TIME =       529.264
NODE    6 CPU TIME =       529.464
NODE    7 CPU TIME =       529.513
NODE    8 CPU TIME =       529.417
NODE    9 CPU TIME =       529.291
NODE   10 CPU TIME =       529.519
NODE   11 CPU TIME =       529.537
NODE   12 CPU TIME =       529.396
NODE   13 CPU TIME =       529.514
NODE   14 CPU TIME =       529.355
NODE   15 CPU TIME =       529.691
NODE   16 CPU TIME =       529.472
NODE   17 CPU TIME =       529.468
NODE   18 CPU TIME =       529.223
NODE   19 CPU TIME =       529.459
NODE   20 CPU TIME =       529.314
NODE   21 CPU TIME =       529.390
NODE   22 CPU TIME =       529.466
NODE   23 CPU TIME =       529.442
NODE   24 CPU TIME =       529.205
NODE   25 CPU TIME =       529.461
NODE   26 CPU TIME =       529.349
NODE   27 CPU TIME =       529.230
NODE   28 CPU TIME =       529.471
NODE   29 CPU TIME =       529.297
NODE   30 CPU TIME =       529.216
NODE   31 CPU TIME =       528.988
    TOTAL CPU TIME =     16939.407
