MPI startup(): Warning: I_MPI_PMI_LIBRARY will be ignored since the hydra process manager was found
MPI startup(): Warning: I_MPI_PMI_LIBRARY will be ignored since the hydra process manager was found
MPI startup(): Warning: I_MPI_PMI_LIBRARY will be ignored since the hydra process manager was found
MPI startup(): Warning: I_MPI_PMI_LIBRARY will be ignored since the hydra process manager was found
MPI startup(): Warning: I_MPI_PMI_LIBRARY will be ignored since the hydra process manager was found
MPI startup(): Warning: I_MPI_PMI_LIBRARY will be ignored since the hydra process manager was found
MPI startup(): Warning: I_MPI_PMI_LIBRARY will be ignored since the hydra process manager was found
MPI startup(): Warning: I_MPI_PMI_LIBRARY will be ignored since the hydra process manager was found
MPI startup(): Warning: I_MPI_PMI_LIBRARY will be ignored since the hydra process manager was found
MPI startup(): Warning: I_MPI_PMI_LIBRARY will be ignored since the hydra process manager was found
MPI startup(): Warning: I_MPI_PMI_LIBRARY will be ignored since the hydra process manager was found
MPI startup(): Warning: I_MPI_PMI_LIBRARY will be ignored since the hydra process manager was found
MPI startup(): Warning: I_MPI_PMI_LIBRARY will be ignored since the hydra process manager was found
MPI startup(): Warning: I_MPI_PMI_LIBRARY will be ignored since the hydra process manager was found
MPI startup(): Warning: I_MPI_PMI_LIBRARY will be ignored since the hydra process manager was found
MPI startup(): Warning: I_MPI_PMI_LIBRARY will be ignored since the hydra process manager was found
MPI startup(): Warning: I_MPI_PMI_LIBRARY will be ignored since the hydra process manager was found
MPI startup(): Warning: I_MPI_PMI_LIBRARY will be ignored since the hydra process manager was found
MPI startup(): Warning: I_MPI_PMI_LIBRARY will be ignored since the hydra process manager was found
MPI startup(): Warning: I_MPI_PMI_LIBRARY will be ignored since the hydra process manager was found
MPI startup(): Warning: I_MPI_PMI_LIBRARY will be ignored since the hydra process manager was found
MPI startup(): Warning: I_MPI_PMI_LIBRARY will be ignored since the hydra process manager was found
MPI startup(): Warning: I_MPI_PMI_LIBRARY will be ignored since the hydra process manager was found
MPI startup(): Warning: I_MPI_PMI_LIBRARY will be ignored since the hydra process manager was found
MPI startup(): Warning: I_MPI_PMI_LIBRARY will be ignored since the hydra process manager was found
MPI startup(): Warning: I_MPI_PMI_LIBRARY will be ignored since the hydra process manager was found
MPI startup(): Warning: I_MPI_PMI_LIBRARY will be ignored since the hydra process manager was found
MPI startup(): Warning: I_MPI_PMI_LIBRARY will be ignored since the hydra process manager was found
MPI startup(): Warning: I_MPI_PMI_LIBRARY will be ignored since the hydra process manager was found
MPI startup(): Warning: I_MPI_PMI_LIBRARY will be ignored since the hydra process manager was found
MPI startup(): Warning: I_MPI_PMI_LIBRARY will be ignored since the hydra process manager was found
MPI startup(): Warning: I_MPI_PMI_LIBRARY will be ignored since the hydra process manager was found
 PROCESS           22  OF           32  WORKING
 PROCESS           24  OF           32  WORKING
 PROCESS           31  OF           32  WORKING
 PROCESS            1  OF           32  WORKING
 PROCESS            3  OF           32  WORKING
 PROCESS            5  OF           32  WORKING
 PROCESS            8  OF           32  WORKING
 PROCESS           11  OF           32  WORKING
 PROCESS           23  OF           32  WORKING
 PROCESS           30  OF           32  WORKING
 PROCESS           10  OF           32  WORKING
 PROCESS           14  OF           32  WORKING
 PROCESS           19  OF           32  WORKING
 PROCESS           28  OF           32  WORKING
 PROCESS           12  OF           32  WORKING
 PROCESS           15  OF           32  WORKING
 PROCESS           16  OF           32  WORKING
 PROCESS           21  OF           32  WORKING
 PROCESS           26  OF           32  WORKING
 PROCESS           27  OF           32  WORKING
 PROCESS            0  OF           32  WORKING
 PROCESS            4  OF           32  WORKING
 PROCESS           13  OF           32  WORKING
 PROCESS            6  OF           32  WORKING
 PROCESS           25  OF           32  WORKING
 PROCESS           18  OF           32  WORKING
 PROCESS           17  OF           32  WORKING
 PROCESS           29  OF           32  WORKING
 PROCESS            7  OF           32  WORKING
 PROCESS            2  OF           32  WORKING

         
 *******************************************************************************
 *                                                                             *
 *                               CRYSTAL23                                     *
 *                      public : 1.0.1 - October 2022                          *
 *                       HTTP://WWW.CRYSTAL.UNITO.IT                           *
 *                                                                             *
 *                              MAIN AUTHORS                                   *
 *                                                                             *
 *  R. DOVESI(1,11), V.R. SAUNDERS(2), C. ROETTI(1,11), R. ORLANDO(1,11),      *
 *  C.M. ZICOVICH-WILSON(1,3), F. PASCALE(4), B. CIVALLERI(1,11),              *
 *  K. DOLL(5), N.M. HARRISON(6), I.J. BUSH(7), Ph. D'ARCO(8),                 *
 *  M. LLUNELL(9), M. CAUSA'(10), Y. NOEL(8), L. MASCHIO(1,11), A. ERBA(1,11)  *
 *  M. RE'RAT(14), S. CASASSA(1,11), B.G. SEARLE(2), J.K. DESMARAIS(1)         *
 *                                                                             *
 PROCESS           20  OF           32  WORKING
 *        CONTRIBUTIONS TO THE CODE HAVE ALSO BEEN GIVEN BY                    *
 *                                                                             *
 *  M. FERRABONE(1,11), M. DE LA PIERRE(1,11), M. FERRERO(1,11),               *
 *  J. BAIMA(1,11), E. ALBANESE(1,11), M.F. PEINTINGER(12), R. BAST(13),       *
 *  B. KIRTMAN(15), V. LACIVITA(1,11), R. DEMICHELIS(1,16)                     *
 *  G. BRANDEBURG(17), S. SALUSTRO(1,11), G. SANSONE(1,11)                     *
 *  M.T. RUGGIERO(18), L.E. DAGA(1), L. DONA'(1), A. COSSARD(1)                *
 *                                                                             *
 * (1) THEORETICAL CHEMISTRY GROUP - UNIVERSITA' DI TORINO - TORINO (ITALY)    *
 * (2) SCIENTIFIC COMPUTING DEPARTMENT - STFC DARESBURY (UK)                   *
 * (3) UNIVERSIDAD AUTONOMA DEL ESTADO DE MORELOS - CUERNAVACA (MEXICO)        *
 * (4) UNIVERSITE' DE LORRAINE - NANCY (FRANCE)                                *
 * (5) UNIVERSITAET STUTTGART- STUTTGART (GERMANY)                             *
 * (6) IMPERIAL COLLEGE - LONDON (UK)                                          *
 * (7) SCIENTIFIC COMPUTING DEPARTMENT - STFC RAL (UK)                         *
 * (8) UPMC - SORBONNE UNIVERSITES - PARIS (FRANCE)                            *
 * (9) UNIVERSIDAD DE BARCELONA - BARCELONA (SPAIN)                            *
 *(10) UNIVERSITA' DI NAPOLI "FEDERICO II" - NAPOLI (ITALY)                    *
 *(11) NIS - NANOSTRUCTURED INTERFACES AND SURFACES - TORINO (ITALY)           *
 *(12) MPI FUER CHEMISCHE ENERGIEKONVERSION - MUELHEIM AN DER RUHR (GERMANY)   *
 *(13) UNIVERSITY OF TROMSO - TROMSO (NORWAY)                                  *
 *(14) UNIVERSITE' DE PAU ET DES PAYS DE L'ADOUR - PAU (FRANCE)                *
 *(15) UNIVERSITY OF CALIFORNIA SANTA BARBARA - SANTA BARBARA (USA)            *
 *(16) CURTIN UNIVERSITY - PERTH (AUSTRALIA)                                   *
 *(17) UNIVERSITY COLLEGE LONDON - LONDON (UK)                                 *
 *(18) UNIVERSITY OF VERMONT - BURLINGTON (USA)                                *
 *                                                                             *
 *******************************************************************************
 EEEEEEEEEE STARTING  DATE 31 01 2026 TIME 00:45:02.8
 ./3^4,4T43-CA_rev1_sp_B3LYP-D3-D3_optimized                                     

 CRYSTAL CALCULATION
 (INPUT ACCORDING TO THE INTERNATIONAL TABLES FOR X-RAY CRYSTALLOGRAPHY)
 CRYSTAL FAMILY                       :  HEXAGONAL   
 CRYSTAL CLASS  (GROTH - 1921)        :  HEXAGONAL PYRAMIDAL                  

 SPACE GROUP (NONCENTROSYMMETRIC)     :  P 61            

 LATTICE PARAMETERS  (ANGSTROMS AND DEGREES) - CONVENTIONAL CELL
        A           B           C        ALPHA        BETA       GAMMA
     7.00298     7.00298     5.77237    90.00000    90.00000   120.00000


 NUMBER OF IRREDUCIBLE ATOMS IN THE CONVENTIONAL CELL:    5

 INPUT COORDINATES

 ATOM AT. N.              COORDINATES
   1   6    -2.139651096464E-01  1.539169509829E-01  3.843214232732E-01
   2   6    -4.412569196869E-01  2.177116576514E-01 -2.852174442685E-01
   3   6     9.157144422411E-02 -2.875656657887E-01 -3.245830218771E-01
   4   6    -4.813298296797E-02  1.188166364200E-01 -4.645570442948E-01
   5   6     2.570864666581E-01 -4.112409939159E-01  3.270360871673E-01

 *******************************************************************************

 << INFORMATION >>: FROM NOW ON, ALL COORDINATES REFER TO THE PRIMITIVE CELL

 *******************************************************************************

 LATTICE PARAMETERS  (ANGSTROMS AND DEGREES) - PRIMITIVE CELL
       A          B          C        ALPHA      BETA     GAMMA        VOLUME
    7.00298    7.00298    5.77237    90.00000  90.00000 120.00000    245.160638

 COORDINATES OF THE EQUIVALENT ATOMS (FRACTIONAL UNITS)

 N. ATOM EQUIV AT. N.          X                  Y                  Z

   1   1   1    6 C    -2.13965109646E-01  1.53916950983E-01  3.84321423273E-01
   2   1   2    6 C     2.13965109646E-01 -1.53916950983E-01 -1.15678576727E-01
   3   1   3    6 C    -1.53916950983E-01 -3.67882060629E-01 -2.82345243393E-01
   4   1   4    6 C     3.67882060629E-01  2.13965109646E-01  5.09880899399E-02
   5   1   5    6 C    -3.67882060629E-01 -2.13965109646E-01 -4.49011910060E-01
   6   1   6    6 C     1.53916950983E-01  3.67882060629E-01  2.17654756607E-01

   7   2   1    6 C    -4.41256919687E-01  2.17711657651E-01 -2.85217444268E-01
   8   2   2    6 C     4.41256919687E-01 -2.17711657651E-01  2.14782555732E-01
   9   2   3    6 C    -2.17711657651E-01  3.41031422662E-01  4.81158890648E-02
  10   2   4    6 C    -3.41031422662E-01  4.41256919687E-01  3.81449222398E-01
  11   2   5    6 C     3.41031422662E-01 -4.41256919687E-01 -1.18550777602E-01
  12   2   6    6 C     2.17711657651E-01 -3.41031422662E-01 -4.51884110935E-01

  13   3   1    6 C     9.15714442241E-02 -2.87565665789E-01 -3.24583021877E-01
  14   3   2    6 C    -9.15714442241E-02  2.87565665789E-01  1.75416978123E-01
  15   3   3    6 C     2.87565665789E-01  3.79137110013E-01  8.75031145623E-03
  16   3   4    6 C    -3.79137110013E-01 -9.15714442241E-02  3.42083644790E-01
  17   3   5    6 C     3.79137110013E-01  9.15714442241E-02 -1.57916355210E-01
  18   3   6    6 C    -2.87565665789E-01 -3.79137110013E-01 -4.91249688544E-01

  19   4   1    6 C    -4.81329829680E-02  1.18816636420E-01 -4.64557044295E-01
  20   4   2    6 C     4.81329829680E-02 -1.18816636420E-01  3.54429557052E-02
  21   4   3    6 C    -1.18816636420E-01 -1.66949619388E-01 -1.31223710961E-01
  22   4   4    6 C     1.66949619388E-01  4.81329829680E-02  2.02109622372E-01
  23   4   5    6 C    -1.66949619388E-01 -4.81329829680E-02 -2.97890377628E-01
  24   4   6    6 C     1.18816636420E-01  1.66949619388E-01  3.68776289039E-01

  25   5   1    6 C     2.57086466658E-01 -4.11240993916E-01  3.27036087167E-01
  26   5   2    6 C    -2.57086466658E-01  4.11240993916E-01 -1.72963912833E-01
  27   5   3    6 C     4.11240993916E-01 -3.31672539426E-01 -3.39630579499E-01
  28   5   4    6 C     3.31672539426E-01 -2.57086466658E-01 -6.29724616603E-03
  29   5   5    6 C    -3.31672539426E-01  2.57086466658E-01  4.93702753834E-01
  30   5   6    6 C    -4.11240993916E-01  3.31672539426E-01  1.60369420501E-01

 NUMBER OF SYMMETRY OPERATORS         :    6
 *******************************************************************************
 * GEOMETRY EDITING - INPUT COORDINATES ARE GIVEN IN ANGSTROM         
 *******************************************************************************

 GEOMETRY NOW FULLY CONSISTENT WITH THE GROUP

 GCALCO - MAX INDICES DIRECT LATTICE VECTOR    14    14    15
 NO.OF VECTORS CREATED 6999 STARS  388 RMAX   140.23488 BOHR

 GEOMETRY FOR WAVE FUNCTION - DIMENSIONALITY OF THE SYSTEM    3
 (NON PERIODIC DIRECTION: LATTICE PARAMETER FORMALLY SET TO 500)
 *******************************************************************************
 LATTICE PARAMETERS (ANGSTROMS AND DEGREES) - BOHR = 0.5291772083 ANGSTROM
 PRIMITIVE CELL - CENTRING CODE 1/0 VOLUME=   245.160638 - DENSITY  2.438 g/cm^3
         A              B              C           ALPHA      BETA       GAMMA 
     7.00298239     7.00298239     5.77236844    90.000000  90.000000 120.000000
 *******************************************************************************
 ATOMS IN THE ASYMMETRIC UNIT    5 - ATOMS IN THE UNIT CELL:   30
     ATOM                 X/A                 Y/B                 Z/C    
 *******************************************************************************
      1 T   6 C    -2.139651096464E-01  1.539169509829E-01  3.843214232732E-01
      2 F   6 C     2.139651096464E-01 -1.539169509829E-01 -1.156785767268E-01
      3 F   6 C    -1.539169509829E-01 -3.678820606293E-01 -2.823452433935E-01
      4 F   6 C     3.678820606293E-01  2.139651096464E-01  5.098808993987E-02
      5 F   6 C    -3.678820606293E-01 -2.139651096464E-01 -4.490119100601E-01
      6 F   6 C     1.539169509829E-01  3.678820606293E-01  2.176547566065E-01
      7 T   6 C    -4.412569196869E-01  2.177116576514E-01 -2.852174442685E-01
      8 F   6 C     4.412569196869E-01 -2.177116576514E-01  2.147825557315E-01
      9 F   6 C    -2.177116576514E-01  3.410314226617E-01  4.811588906483E-02
     10 F   6 C    -3.410314226617E-01  4.412569196869E-01  3.814492223982E-01
     11 F   6 C     3.410314226617E-01 -4.412569196869E-01 -1.185507776018E-01
     12 F   6 C     2.177116576514E-01 -3.410314226617E-01 -4.518841109352E-01
     13 T   6 C     9.157144422411E-02 -2.875656657887E-01 -3.245830218771E-01
     14 F   6 C    -9.157144422411E-02  2.875656657887E-01  1.754169781229E-01
     15 F   6 C     2.875656657887E-01  3.791371100128E-01  8.750311456233E-03
     16 F   6 C    -3.791371100128E-01 -9.157144422411E-02  3.420836447896E-01
     17 F   6 C     3.791371100128E-01  9.157144422411E-02 -1.579163552104E-01
     18 F   6 C    -2.875656657887E-01 -3.791371100128E-01 -4.912496885438E-01
     19 T   6 C    -4.813298296797E-02  1.188166364200E-01 -4.645570442948E-01
     20 F   6 C     4.813298296797E-02 -1.188166364200E-01  3.544295570520E-02
     21 F   6 C    -1.188166364200E-01 -1.669496193880E-01 -1.312237109615E-01
     22 F   6 C     1.669496193880E-01  4.813298296797E-02  2.021096223719E-01
     23 F   6 C    -1.669496193880E-01 -4.813298296797E-02 -2.978903776281E-01
     24 F   6 C     1.188166364200E-01  1.669496193880E-01  3.687762890385E-01
     25 T   6 C     2.570864666581E-01 -4.112409939159E-01  3.270360871673E-01
     26 F   6 C    -2.570864666581E-01  4.112409939159E-01 -1.729639128327E-01
     27 F   6 C     4.112409939159E-01 -3.316725394260E-01 -3.396305794994E-01
     28 F   6 C     3.316725394260E-01 -2.570864666581E-01 -6.297246166033E-03
     29 F   6 C    -3.316725394260E-01  2.570864666581E-01  4.937027538340E-01
     30 F   6 C    -4.112409939159E-01  3.316725394260E-01  1.603694205006E-01

 T = ATOM BELONGING TO THE ASYMMETRIC UNIT

 ****    6 SYMMOPS - TRANSLATORS IN FRACTIONAL UNITS
 **** MATRICES AND TRANSLATORS IN THE CRYSTALLOGRAPHIC REFERENCE FRAME
   V INV                    ROTATION MATRICES                   TRANSLATORS
   1   1  1.00  0.00  0.00  0.00  1.00  0.00  0.00  0.00  1.00  0.00  0.00  0.00
   2   2 -1.00  0.00  0.00  0.00 -1.00  0.00  0.00  0.00  1.00  0.00  0.00  0.50
   3   4  0.00 -1.00  0.00  1.00 -1.00  0.00  0.00  0.00  1.00  0.00  0.00  0.33
   4   3 -1.00  1.00  0.00 -1.00  0.00  0.00  0.00  0.00  1.00  0.00  0.00  0.67
   5   6  1.00 -1.00  0.00  1.00 -0.00  0.00  0.00  0.00  1.00  0.00  0.00  0.17
   6   5 -0.00  1.00  0.00 -1.00  1.00  0.00  0.00  0.00  1.00  0.00  0.00  0.83

 DIRECT LATTICE VECTORS CARTESIAN COMPONENTS (ANGSTROM)
          X                    Y                    Z
   0.606476065200E+01  -0.350149119500E+01   0.000000000000E+00
   0.000000000000E+00   0.700298239000E+01   0.000000000000E+00
   0.000000000000E+00   0.000000000000E+00   0.577236844000E+01


 CARTESIAN COORDINATES - PRIMITIVE CELL
 *******************************************************************************
 *      ATOM          X(ANGSTROM)         Y(ANGSTROM)         Z(ANGSTROM)
 *******************************************************************************
    1     6 C    -1.297647177883E+00  1.827074644720E+00  2.218444854518E+00
    2     6 C     1.297647177883E+00 -1.827074644720E+00 -6.677393654819E-01
    3     6 C    -9.334694679961E-01 -2.037332743556E+00 -1.629800772149E+00
    4     6 C     2.231116645879E+00  2.102580988362E-01  2.943220411848E-01
    5     6 C    -2.231116645879E+00 -2.102580988362E-01 -2.591862178815E+00
    6     6 C     9.334694679961E-01  2.037332743556E+00  1.256383447851E+00
    7     6 C     3.388643048057E+00 -4.318030713530E-01 -1.646380173833E+00
    8     6 C    -3.388643048057E+00  4.318030713530E-01  1.239804046167E+00
    9     6 C    -1.320369094805E+00  3.150552499652E+00  2.777426395004E-01
   10     6 C    -2.068273953253E+00 -2.718749428299E+00  2.201865452834E+00
   11     6 C     2.068273953253E+00  2.718749428299E+00 -6.843187671663E-01
   12     6 C     1.320369094805E+00 -3.150552499652E+00 -2.608441580500E+00
   13     6 C     5.553588917767E-01 -2.334453899151E+00 -1.873612791643E+00
   14     6 C    -5.553588917767E-01  2.334453899151E+00  1.012571428357E+00
   15     6 C     1.744016934740E+00  1.648181858072E+00  5.051002169013E-02
   16     6 C    -2.299375826517E+00  6.862720410793E-01  1.974632835023E+00
   17     6 C     2.299375826517E+00 -6.862720410793E-01 -9.115513849765E-01
   18     6 C    -1.744016934740E+00 -1.648181858072E+00 -2.835674198310E+00
   19     6 C    -2.919150211673E-01  1.000608028540E+00 -2.681594421067E+00
   20     6 C     2.919150211673E-01 -1.000608028540E+00  2.045897989330E-01
   21     6 C    -7.205944613624E-01 -7.531098383470E-01 -7.574716077337E-01
   22     6 C     1.012509482530E+00 -2.474981901927E-01  1.166651205600E+00
   23     6 C    -1.012509482530E+00  2.474981901927E-01 -1.719533014400E+00
   24     6 C     7.205944613624E-01  7.531098383470E-01  2.128712612266E+00
   25     6 C     1.559167887148E+00  3.222882952204E+00  1.887772788306E+00
   26     6 C    -1.559167887148E+00 -3.222882952204E+00 -9.984114316944E-01
   27     6 C    -3.570682453607E+00 -2.611624770664E-01 -1.960472838361E+00
   28     6 C     2.011514566458E+00 -2.961720475137E+00 -3.635002502772E-02
   29     6 C    -2.011514566458E+00  2.961720475137E+00  2.849834194972E+00
   30     6 C     3.570682453607E+00  2.611624770664E-01  9.257113816389E-01

 *******************************************************************************
 LOCAL ATOMIC FUNCTIONS BASIS SET
 *******************************************************************************
   ATOM   X(AU)   Y(AU)   Z(AU)  N. TYPE  EXPONENT  S COEF   P COEF   D/F/G COEF
 *******************************************************************************
   1 C   -2.452   3.453   4.192
                                  1 S  
                                         1.358E+04 2.225E-04 0.000E+00 0.000E+00
                                         2.035E+03 1.723E-03 0.000E+00 0.000E+00
                                         4.632E+02 8.926E-03 0.000E+00 0.000E+00
                                         1.312E+02 3.573E-02 0.000E+00 0.000E+00
                                         4.285E+01 1.108E-01 0.000E+00 0.000E+00
                                         1.558E+01 2.430E-01 0.000E+00 0.000E+00
                                  2 S  
                                         6.207E+00 4.144E-01 0.000E+00 0.000E+00
                                         2.576E+00 2.374E-01 0.000E+00 0.000E+00
                                  3 S  
                                         4.941E-01 1.000E+00 0.000E+00 0.000E+00
                                  4 S  
                                         1.644E-01 1.000E+00 0.000E+00 0.000E+00
                           5-     7 P  
                                         3.470E+01 0.000E+00 5.333E-03 0.000E+00
                                         7.958E+00 0.000E+00 3.586E-02 0.000E+00
                                         2.378E+00 0.000E+00 1.422E-01 0.000E+00
                                         8.143E-01 0.000E+00 3.427E-01 0.000E+00
                           8-    10 P  
                                         5.662E-01 0.000E+00 1.000E+00 0.000E+00
                          11-    13 P  
                                         2.674E-01 0.000E+00 1.000E+00 0.000E+00
                          14-    18 D  
                                         8.792E-01 0.000E+00 0.000E+00 1.000E+00
   2 C    2.452  -3.453  -1.262
   3 C   -1.764  -3.850  -3.080
   4 C    4.216   0.397   0.556
   5 C   -4.216  -0.397  -4.898
   6 C    1.764   3.850   2.374
   7 C    6.404  -0.816  -3.111
   8 C   -6.404   0.816   2.343
   9 C   -2.495   5.954   0.525
  10 C   -3.908  -5.138   4.161
  11 C    3.908   5.138  -1.293
  12 C    2.495  -5.954  -4.929
  13 C    1.049  -4.411  -3.541
  14 C   -1.049   4.411   1.913
  15 C    3.296   3.115   0.095
  16 C   -4.345   1.297   3.732
  17 C    4.345  -1.297  -1.723
  18 C   -3.296  -3.115  -5.359
  19 C   -0.552   1.891  -5.067
  20 C    0.552  -1.891   0.387
  21 C   -1.362  -1.423  -1.431
  22 C    1.913  -0.468   2.205
  23 C   -1.913   0.468  -3.249
  24 C    1.362   1.423   4.023
  25 C    2.946   6.090   3.567
  26 C   -2.946  -6.090  -1.887
  27 C   -6.748  -0.494  -3.705
  28 C    3.801  -5.597  -0.069
  29 C   -3.801   5.597   5.385
  30 C    6.748   0.494   1.749
 INFORMATION **** SET_MPP **** PCRYSTAL CALCULATION
 INFORMATION **** READM2 **** NEW DEFAULT: FOCK/KS MATRIX MIXING SET TO 30 %
 INFORMATION **** READM2 **** NEW DEFAULT: FULL DIRECT SCF MODE
 INFORMATION **** READM2 **** NEW DEFAULT: COULOMB BIPOLAR BUFFER SET TO 32 Mb
 INFORMATION **** READM2 **** NEW DEFAULT: EXCHANGE BIPOLAR BUFFER SET TO 32 Mb

 *******************************************************************************
 NEW DEFAULT: DFT INTEGRATION GRID INCREASED TO XLGRID
 NEW DEFAULT: DIIS ACCELERATOR ACTIVE
 USE KEYWORD NODIIS TO TURN IT OFF
 *******************************************************************************

 INFORMATION **** DFTD3_INPUT **** PERFORM LATEST DISPERSION CORRECTION DFT-D3(BJ) WITH AUTOMATIC PARAMETER SETUP
 PLEASE CITE:
 (1) DFT-D3 Reference
  S. Grimme, J. Antony, S. Ehrlich, and H. Krieg, J. Chem. Phys. 132 (2010), 154104
 (2) BJ-Damping Reference
  S. Grimme, S. Ehrlich, and L. Goerigk, J. Comput. Chem. 32 (2011), 1456-1465
 (3) General DFT-D Review
  S. Grimme, A. Hansen, J. G. Brandenburg, and C. Bannwarth,
  Chem. Rev. 116 (2016), 5105-5154

 INFORMATION **** TOLINTEG **** COULOMB AND EXCHANGE SERIES TOLERANCES MODIFIED
 INFORMATION **** TOLDEE **** SCF TOL ON TOTAL ENERGY SET TO           9
 INFORMATION **** READM2 **** FULL DIRECT SCF (MONO AND BIEL INT) SELECTED
 INFORMATION **** MAXCYCLE **** MAX NUMBER OF SCF CYCLES SET TO         800
 INFORMATION **** DIIS **** DIIS FOR SCF ACTIVE
 INFORMATION **** DIIS **** LEVEL SHIFTER DISABLED
 INFORMATION **** PPAN ****  MULLIKEN POPULATION ANALYSIS AT THE END OF SCF
 *******************************************************************************
 N. OF ATOMS PER CELL        30  COULOMB OVERLAP TOL         (T1) 10**   -8
 NUMBER OF SHELLS           240  COULOMB PENETRATION TOL     (T2) 10**   -8
 NUMBER OF AO               540  EXCHANGE OVERLAP TOL        (T3) 10**   -8
 N. OF ELECTRONS PER CELL   180  EXCHANGE PSEUDO OVP (F(G))  (T4) 10**   -9
 CORE ELECTRONS PER CELL     60  EXCHANGE PSEUDO OVP (P(G))  (T5) 10**  -24
 N. OF SYMMETRY OPERATORS     6  POLE ORDER IN MONO ZONE                  4
 *******************************************************************************
 TYPE OF CALCULATION :  UNRESTRICTED OPEN SHELL
 KOHN-SHAM HAMILTONIAN

 (EXCHANGE)[CORRELATION] FUNCTIONAL:(BECKE 88)[LEE-YANG-PARR]

 NON-LOCAL WEIGHTING FACTOR (EXCHANGE) =           0.9000
 NON-LOCAL WEIGHTING FACTOR [CORRELATION] =        0.8100

 HYBRID EXCHANGE - PERCENTAGE OF FOCK EXCHANGE    20.0000

 SPIN POLARIZED DFT SELECTED

 CAPPA:IS1  7;IS2  7;IS3  7; K PTS MONK NET  36; SYMMOPS:K SPACE  12;G SPACE   6

 *******************************************************************************
 MAX NUMBER OF SCF CYCLES     800  CONVERGENCE ON DELTAP        10**-19
 WEIGHT OF F(I) IN F(I+1)      30% CONVERGENCE ON ENERGY        10**- 9
 SHRINK. FACT.(MONKH.)    7  7  7  NUMBER OF K POINTS IN THE IBZ     36
 SHRINKING FACTOR(GILAT NET)   14  NUMBER OF K POINTS(GILAT NET)    272
 *******************************************************************************
 *** K POINTS COORDINATES (OBLIQUE COORDINATES IN UNITS OF IS =  7)
   1-R(  0  0  0)   2-C(  1  0  0)   3-C(  2  0  0)   4-C(  3  0  0)
   5-C(  1  1  0)   6-C(  2  1  0)   7-C(  3  1  0)   8-C(  4  1  0)
   9-C(  2  2  0)  10-C(  0  0  1)  11-C(  1  0  1)  12-C(  2  0  1)
  13-C(  3  0  1)  14-C(  1  1  1)  15-C(  2  1  1)  16-C(  3  1  1)
  17-C(  4  1  1)  18-C(  2  2  1)  19-C(  0  0  2)  20-C(  1  0  2)
  21-C(  2  0  2)  22-C(  3  0  2)  23-C(  1  1  2)  24-C(  2  1  2)
  25-C(  3  1  2)  26-C(  4  1  2)  27-C(  2  2  2)  28-C(  0  0  3)
  29-C(  1  0  3)  30-C(  2  0  3)  31-C(  3  0  3)  32-C(  1  1  3)
  33-C(  2  1  3)  34-C(  3  1  3)  35-C(  4  1  3)  36-C(  2  2  3)

 DIRECT LATTICE VECTORS COMPON. (A.U.)     RECIP. LATTICE VECTORS COMPON. (A.U.) 
        X            Y            Z              X            Y            Z
   11.4607367   -6.6168594    0.0000000      0.5482357    0.0000000    0.0000000
    0.0000000   13.2337188    0.0000000      0.2741179    0.4747861    0.0000000
    0.0000000    0.0000000   10.9081955      0.0000000    0.0000000    0.5760059

 DISK SPACE FOR EIGENVECTORS (FTN 10)    20703600 REALS

 SYMMETRY ADAPTION OF THE BLOCH FUNCTIONS ENABLED
 PROCESS            9  OF           32  WORKING
 TTTTTTTTTTTTTTTTTTTTTTTTTTTTTT gordsh1     TELAPSE        2.46 TCPU        0.85

 MATRIX SIZE: P(G) 2484816, F(G)  282672, P(G) IRR  209362, F(G) IRR   47478
 MAX G-VECTOR INDEX FOR 1- AND 2-ELECTRON INTEGRALS 199

 TTTTTTTTTTTTTTTTTTTTTTTTTTTTTT INPUT       TELAPSE        2.51 TCPU        0.89

 NEIGHBORS OF THE NON-EQUIVALENT ATOMS

 N = NUMBER OF NEIGHBORS AT DISTANCE R
    ATOM  N     R/ANG      R/AU   NEIGHBORS (ATOM LABELS AND CELL INDICES)
   1 C    1     1.4818     2.8002   29 C    0 0 0
   1 C    1     1.5042     2.8425   14 C    0 0 0
   1 C    1     1.5376     2.9057   16 C    0 0 0
   1 C    1     1.5670     2.9612   19 C    0 0 1
   1 C    1     2.2880     4.3236   24 C    0 0 0
   1 C    1     2.3491     4.4392    9 C    0 0 0

   7 C    1     1.3384     2.5292   17 C    0 0 0
   7 C    1     1.4429     2.7267   29 C    1 0-1
   7 C    1     1.4738     2.7851   26 C    1 1 0
   7 C    1     2.3491     4.4392    4 C    0 0 0
   7 C    2     2.3552     4.4506    9 C    1 0 0   10 C    1 1-1
   7 C    1     2.5752     4.8665    3 C    1 1 0

  13 C    1     1.3384     2.5292   12 C    0 0 0
  13 C    1     1.5042     2.8425    2 C    0 0 0
  13 C    1     1.5376     2.9057    3 C    0 0 0
  13 C    1     2.3183     4.3809   21 C    0 0 0
  13 C    1     2.4096     4.5534   27 C    1 0 0
  13 C    1     2.4268     4.5860   28 C    0 0 0

  19 C    2     1.4184     2.6805   23 C    0 0 0   24 C    0 0-1
  19 C    1     1.5670     2.9612    1 C    0 0-1
  19 C    1     2.2880     4.3236    5 C    0 0 0
  19 C    1     2.3183     4.3809   16 C    0 0-1
  19 C    1     2.4375     4.6062    6 C    0 0-1
  19 C    1     2.4834     4.6930   14 C    0 0-1

  25 C    1     1.4429     2.7267   12 C    0 1 1
  25 C    1     1.4738     2.7851    8 C    1 1 0
  25 C    1     1.4818     2.8002    6 C    0 0 0
  25 C    2     2.1393     4.0427   27 C    1 1 1   28 C    0 1 0
  25 C    1     2.4096     4.5534   16 C    1 1 0
  25 C    1     2.4268     4.5860   15 C    0 0 0


 SYMMETRY ALLOWED INTERNAL DEGREE(S) OF FREEDOM:  14
 TTTTTTTTTTTTTTTTTTTTTTTTTTTTTT SYMM        TELAPSE        2.83 TCPU        1.17
 TTTTTTTTTTTTTTTTTTTTTTTTTTTTTT INT_SCREEN  TELAPSE        2.88 TCPU        1.22

 DFT PARAMETERS

     ATOM       ELECTRONS   NET CHARGE   R(ANGSTROM)
   1   6  C       6.0000      0.0000     0.77000000

 SIZE OF GRID=     148968
 TTTTTTTTTTTTTTTTTTTTTTTTTTTTTT MAKE_GRID2  TELAPSE        5.04 TCPU        3.38
 BECKE WEIGHT FUNCTION
 RADSAFE =     2.00
 TOLERANCES - DENSITY:10**- 6; POTENTIAL:10**- 9; GRID WGT:10**-14

 RADIAL INTEGRATION  - INTERVALS (POINTS,UPPER LIMIT):            1( 75,  4.0*R)

 ANGULAR INTEGRATION - INTERVALS (ACCURACY LEVEL [N. POINTS] UPPER LIMIT):
  1(  4[  86]   0.2)  2(  8[ 194]   0.5)  3( 12[ 350]   0.9)  4( 16[ 974]   3.5)
  5( 12[ 350]9999.0)
 TTTTTTTTTTTTTTTTTTTTTTTTTTTTTT INT_CALC    TELAPSE        5.06 TCPU        3.39
 EEEEEEEEEE INT_CALC TERMINATION  DATE 31 01 2026 TIME 00:45:06.0

 *******************************************************************************
 ./3^4,4T43-CA_rev1_sp_B3LYP-D3-D3_optimized                                     
 CRYSTAL - SCF - TYPE OF CALCULATION :  UNRESTRICTED OPEN SHELL
 *******************************************************************************

 CAPPA:IS1  7;IS2  7;IS3  7; K PTS MONK NET  36; SYMMOPS:K SPACE  12;G SPACE   6

 TTTTTTTTTTTTTTTTTTTTTTTTTTTTTT SDIK        TELAPSE        5.35 TCPU        3.68

 AAAAAAAAAAAAAAAAAAAAAAAAAAAAAAAAAAAAAAAAAAAAAAAAAAAAAAAAAAAAAAAAAAAAAAAAAAAAAAA
         ATOMIC WAVEFUNCTION(S)


 NUCLEAR CHARGE  6.0  SYMMETRY SPECIES            S    P
 N. ELECTRONS    6.0  NUMBER OF PRIMITIVE GTOS   10    6
                      NUMBER OF CONTRACTED GTOS   4    3
                      NUMBER OF CLOSED SHELLS     2    0
                      OPEN SHELL OCCUPATION       0    2

  ZNUC  SCFIT    TOTAL HF ENERGY   KINETIC ENERGY   VIRIAL THEOREM ACCURACY
   6.0    10    -3.766702350E+01  3.783137943E+01 -1.995655566E+00  1.6E-06

 AAAAAAAAAAAAAAAAAAAAAAAAAAAAAAAAAAAAAAAAAAAAAAAAAAAAAAAAAAAAAAAAAAAAAAAAAAAAAAA

 CHARGE NORMALIZATION FACTOR   1.00000000
 TOTAL ATOMIC CHARGES:
   6.0000000   6.0000000   6.0000000   6.0000000   6.0000000   6.0000000
   6.0000000   6.0000000   6.0000000   6.0000000   6.0000000   6.0000000
   6.0000000   6.0000000   6.0000000   6.0000000   6.0000000   6.0000000
   6.0000000   6.0000000   6.0000000   6.0000000   6.0000000   6.0000000
   6.0000000   6.0000000   6.0000000   6.0000000   6.0000000   6.0000000
 SUMMED SPIN DENSITY           0.00000000
 TOTAL ATOMIC SPINS  :
   0.0000000   0.0000000   0.0000000   0.0000000   0.0000000   0.0000000
   0.0000000   0.0000000   0.0000000   0.0000000   0.0000000   0.0000000
   0.0000000   0.0000000   0.0000000   0.0000000   0.0000000   0.0000000
   0.0000000   0.0000000   0.0000000   0.0000000   0.0000000   0.0000000
   0.0000000   0.0000000   0.0000000   0.0000000   0.0000000   0.0000000
 TTTTTTTTTTTTTTTTTTTTTTTTTTTTTT MOQGAD      TELAPSE        5.37 TCPU        3.69
 TTTTTTTTTTTTTTTTTTTTTTTTTTTTTT SHELLXN     TELAPSE       43.14 TCPU       41.46
 TTTTTTTTTTTTTTTTTTTTTTTTTTTTTT MONMO3      TELAPSE       43.22 TCPU       41.54
 NUMERICALLY INTEGRATED DENSITY     90.0000034183     90.0000034183
 TTTTTTTTTTTTTTTTTTTTTTTTTTTTTT NUMDFT      TELAPSE       44.14 TCPU       42.46
 CYC   0 ETOT(AU) -1.151451293374E+03 DETOT -1.15E+03 tst  0.00E+00 PX  1.00E+00
 TTTTTTTTTTTTTTTTTTTTTTTTTTTTTT DIIS        TELAPSE       44.21 TCPU       42.53
 TTTTTTTTTTTTTTTTTTTTTTTTTTTTTT FDIK        TELAPSE       48.75 TCPU       47.07
 POSSIBLY CONDUCTING STATE - EFERMI(AU) -1.6265783E-01 (RES. CHARGE  6.34E-12;IT. 12)
 TTTTTTTTTTTTTTTTTTTTTTTTTTTTTT PDIG        TELAPSE       48.99 TCPU       47.28
 CHARGE NORMALIZATION FACTOR   1.00000000
 TOTAL ATOMIC CHARGES:
   5.9628366   5.9628366   5.9628366   5.9628366   5.9628366   5.9628366
   6.0376415   6.0376415   6.0376415   6.0376415   6.0376415   6.0376415
   6.0689897   6.0689897   6.0689897   6.0689897   6.0689897   6.0689897
   5.9838142   5.9838142   5.9838142   5.9838142   5.9838142   5.9838142
   5.9467180   5.9467180   5.9467180   5.9467180   5.9467180   5.9467180
 SUMMED SPIN DENSITY          -0.00000000
 TOTAL ATOMIC SPINS  :
  -0.0000000  -0.0000000  -0.0000000  -0.0000000  -0.0000000  -0.0000000
   0.0000000   0.0000000   0.0000000   0.0000000   0.0000000   0.0000000
  -0.0000000  -0.0000000  -0.0000000  -0.0000000  -0.0000000  -0.0000000
  -0.0000000  -0.0000000  -0.0000000  -0.0000000  -0.0000000  -0.0000000
  -0.0000000  -0.0000000  -0.0000000  -0.0000000  -0.0000000  -0.0000000
 TTTTTTTTTTTTTTTTTTTTTTTTTTTTTT MOQGAD      TELAPSE       49.00 TCPU       47.28
 TTTTTTTTTTTTTTTTTTTTTTTTTTTTTT SHELLXN     TELAPSE       88.59 TCPU       86.86
 TTTTTTTTTTTTTTTTTTTTTTTTTTTTTT MONMO3      TELAPSE       88.67 TCPU       86.94
 NUMERICALLY INTEGRATED DENSITY     89.9999993197     89.9999993197
 TTTTTTTTTTTTTTTTTTTTTTTTTTTTTT NUMDFT      TELAPSE       89.65 TCPU       87.92
 CYC   1 ETOT(AU) -1.141819475171E+03 DETOT  9.63E+00 tst  0.00E+00 PX  1.00E+00
 TTTTTTTTTTTTTTTTTTTTTTTTTTTTTT DIIS        TELAPSE       89.72 TCPU       87.99
 DIIS TEST: 0.86015E+00 AT SCF   CYCLE   1 - MIX   30 %
 TTTTTTTTTTTTTTTTTTTTTTTTTTTTTT FDIK        TELAPSE       91.61 TCPU       89.88
 POSSIBLY CONDUCTING STATE - EFERMI(AU) -1.0872089E-01 (RES. CHARGE  1.71E-13;IT. 10)
 TTTTTTTTTTTTTTTTTTTTTTTTTTTTTT PDIG        TELAPSE       91.84 TCPU       90.11
 CHARGE NORMALIZATION FACTOR   1.00000000
 TOTAL ATOMIC CHARGES:
   6.0549649   6.0549649   6.0549649   6.0549649   6.0549649   6.0549649
   5.9222471   5.9222471   5.9222471   5.9222471   5.9222471   5.9222471
   5.9171041   5.9171041   5.9171041   5.9171041   5.9171041   5.9171041
   6.0091659   6.0091659   6.0091659   6.0091659   6.0091659   6.0091659
   6.0965180   6.0965180   6.0965180   6.0965180   6.0965180   6.0965180
 SUMMED SPIN DENSITY          -0.00000000
 TOTAL ATOMIC SPINS  :
  -0.0000000  -0.0000000  -0.0000000  -0.0000000  -0.0000000  -0.0000000
  -0.0000000  -0.0000000  -0.0000000  -0.0000000  -0.0000000  -0.0000000
   0.0000000   0.0000000   0.0000000   0.0000000   0.0000000   0.0000000
   0.0000000   0.0000000   0.0000000   0.0000000   0.0000000   0.0000000
   0.0000000   0.0000000   0.0000000   0.0000000   0.0000000   0.0000000
 TTTTTTTTTTTTTTTTTTTTTTTTTTTTTT MOQGAD      TELAPSE       91.85 TCPU       90.12
 TTTTTTTTTTTTTTTTTTTTTTTTTTTTTT SHELLXN     TELAPSE      131.29 TCPU      129.55
 TTTTTTTTTTTTTTTTTTTTTTTTTTTTTT MONMO3      TELAPSE      131.37 TCPU      129.63
 NUMERICALLY INTEGRATED DENSITY     89.9999984363     89.9999984363
 TTTTTTTTTTTTTTTTTTTTTTTTTTTTTT NUMDFT      TELAPSE      132.36 TCPU      130.62
 CYC   2 ETOT(AU) -1.141883209752E+03 DETOT -6.37E-02 tst  1.23E-03 PX  8.28E-02
 TTTTTTTTTTTTTTTTTTTTTTTTTTTTTT DIIS        TELAPSE      132.43 TCPU      130.68
 DIIS TEST: 0.32636E+00 AT SCF   CYCLE   2 - DIIS ACTIVE - HISTORY:     2 CYCLES
 TTTTTTTTTTTTTTTTTTTTTTTTTTTTTT FDIK        TELAPSE      135.29 TCPU      133.54
 POSSIBLY CONDUCTING STATE - EFERMI(AU) -8.9135569E-02 (RES. CHARGE  7.96E-13;IT. 12)
 TTTTTTTTTTTTTTTTTTTTTTTTTTTTTT PDIG        TELAPSE      135.52 TCPU      133.78
 CHARGE NORMALIZATION FACTOR   1.00000000
 TOTAL ATOMIC CHARGES:
   5.9829990   5.9829990   5.9829990   5.9829990   5.9829990   5.9829990
   5.9670444   5.9670444   5.9670444   5.9670444   5.9670444   5.9670444
   6.0457706   6.0457706   6.0457706   6.0457706   6.0457706   6.0457706
   5.9821914   5.9821914   5.9821914   5.9821914   5.9821914   5.9821914
   6.0219947   6.0219947   6.0219947   6.0219947   6.0219947   6.0219947
 SUMMED SPIN DENSITY          -0.00000000
 TOTAL ATOMIC SPINS  :
  -0.0000000  -0.0000000  -0.0000000  -0.0000000  -0.0000000  -0.0000000
  -0.0000000  -0.0000000  -0.0000000  -0.0000000  -0.0000000  -0.0000000
   0.0000000   0.0000000   0.0000000   0.0000000   0.0000000   0.0000000
   0.0000000   0.0000000   0.0000000   0.0000000   0.0000000   0.0000000
  -0.0000000  -0.0000000  -0.0000000  -0.0000000  -0.0000000  -0.0000000
 TTTTTTTTTTTTTTTTTTTTTTTTTTTTTT MOQGAD      TELAPSE      135.53 TCPU      133.78
 TTTTTTTTTTTTTTTTTTTTTTTTTTTTTT SHELLXN     TELAPSE      174.96 TCPU      173.20
 TTTTTTTTTTTTTTTTTTTTTTTTTTTTTT MONMO3      TELAPSE      175.04 TCPU      173.28
 NUMERICALLY INTEGRATED DENSITY     89.9999977663     89.9999977663
 TTTTTTTTTTTTTTTTTTTTTTTTTTTTTT NUMDFT      TELAPSE      175.93 TCPU      174.17
 CYC   3 ETOT(AU) -1.141899529946E+03 DETOT -1.63E-02 tst  4.22E-04 PX  3.15E-02
 TTTTTTTTTTTTTTTTTTTTTTTTTTTTTT DIIS        TELAPSE      175.99 TCPU      174.24
 DIIS TEST: 0.67574E-01 AT SCF   CYCLE   3 - DIIS ACTIVE - HISTORY:     3 CYCLES
 TTTTTTTTTTTTTTTTTTTTTTTTTTTTTT FDIK        TELAPSE      177.96 TCPU      176.19
 POSSIBLY CONDUCTING STATE - EFERMI(AU) -9.6753839E-02 (RES. CHARGE  5.09E-10;IT. 10)
 TTTTTTTTTTTTTTTTTTTTTTTTTTTTTT PDIG        TELAPSE      178.19 TCPU      176.43
 CHARGE NORMALIZATION FACTOR   1.00000000
 TOTAL ATOMIC CHARGES:
   5.9967277   5.9967277   5.9967277   5.9967277   5.9967277   5.9967277
   5.9846954   5.9846954   5.9846954   5.9846954   5.9846954   5.9846954
   5.9781811   5.9781811   5.9781811   5.9781811   5.9781811   5.9781811
   6.0034462   6.0034462   6.0034462   6.0034462   6.0034462   6.0034462
   6.0369497   6.0369497   6.0369497   6.0369497   6.0369497   6.0369497
 SUMMED SPIN DENSITY          -0.00000000
 TOTAL ATOMIC SPINS  :
  -0.0000000  -0.0000000  -0.0000000  -0.0000000  -0.0000000  -0.0000000
  -0.0000000  -0.0000000  -0.0000000  -0.0000000  -0.0000000  -0.0000000
   0.0000000   0.0000000   0.0000000   0.0000000   0.0000000   0.0000000
  -0.0000000  -0.0000000  -0.0000000  -0.0000000  -0.0000000  -0.0000000
   0.0000000   0.0000000   0.0000000   0.0000000   0.0000000   0.0000000
 TTTTTTTTTTTTTTTTTTTTTTTTTTTTTT MOQGAD      TELAPSE      178.20 TCPU      176.44
 TTTTTTTTTTTTTTTTTTTTTTTTTTTTTT SHELLXN     TELAPSE      216.55 TCPU      214.78
 TTTTTTTTTTTTTTTTTTTTTTTTTTTTTT MONMO3      TELAPSE      216.63 TCPU      214.86
 NUMERICALLY INTEGRATED DENSITY     89.9999981030     89.9999981030
 TTTTTTTTTTTTTTTTTTTTTTTTTTTTTT NUMDFT      TELAPSE      217.56 TCPU      215.79
 CYC   4 ETOT(AU) -1.141903435287E+03 DETOT -3.91E-03 tst  6.83E-05 PX  1.99E-02
 TTTTTTTTTTTTTTTTTTTTTTTTTTTTTT DIIS        TELAPSE      217.62 TCPU      215.85
 DIIS TEST: 0.13478E-01 AT SCF   CYCLE   4 - DIIS ACTIVE - HISTORY:     4 CYCLES
 TTTTTTTTTTTTTTTTTTTTTTTTTTTTTT FDIK        TELAPSE      219.29 TCPU      217.50
 POSSIBLY CONDUCTING STATE - EFERMI(AU) -9.7226186E-02 (RES. CHARGE  6.45E-10;IT.  8)
 TTTTTTTTTTTTTTTTTTTTTTTTTTTTTT PDIG        TELAPSE      219.53 TCPU      217.74
 CHARGE NORMALIZATION FACTOR   1.00000000
 TOTAL ATOMIC CHARGES:
   6.0055301   6.0055301   6.0055301   6.0055301   6.0055301   6.0055301
   5.9575912   5.9575912   5.9575912   5.9575912   5.9575912   5.9575912
   6.0033491   6.0033491   6.0033491   6.0033491   6.0033491   6.0033491
   5.9920259   5.9920259   5.9920259   5.9920259   5.9920259   5.9920259
   6.0415037   6.0415037   6.0415037   6.0415037   6.0415037   6.0415037
 SUMMED SPIN DENSITY          -0.00000000
 TOTAL ATOMIC SPINS  :
  -0.0000000  -0.0000000  -0.0000000  -0.0000000  -0.0000000  -0.0000000
   0.0000000   0.0000000   0.0000000   0.0000000   0.0000000   0.0000000
  -0.0000000  -0.0000000  -0.0000000  -0.0000000  -0.0000000  -0.0000000
   0.0000000   0.0000000   0.0000000   0.0000000   0.0000000   0.0000000
  -0.0000000  -0.0000000  -0.0000000  -0.0000000  -0.0000000  -0.0000000
 TTTTTTTTTTTTTTTTTTTTTTTTTTTTTT MOQGAD      TELAPSE      219.53 TCPU      217.75
 TTTTTTTTTTTTTTTTTTTTTTTTTTTTTT SHELLXN     TELAPSE      258.55 TCPU      256.76
 TTTTTTTTTTTTTTTTTTTTTTTTTTTTTT MONMO3      TELAPSE      258.63 TCPU      256.84
 NUMERICALLY INTEGRATED DENSITY     89.9999980631     89.9999980631
 TTTTTTTTTTTTTTTTTTTTTTTTTTTTTT NUMDFT      TELAPSE      259.53 TCPU      257.74
 CYC   5 ETOT(AU) -1.141904154173E+03 DETOT -7.19E-04 tst  1.73E-05 PX  4.63E-03
 TTTTTTTTTTTTTTTTTTTTTTTTTTTTTT DIIS        TELAPSE      259.59 TCPU      257.80
 DIIS TEST: 0.25117E-02 AT SCF   CYCLE   5 - DIIS ACTIVE - HISTORY:     5 CYCLES
 TTTTTTTTTTTTTTTTTTTTTTTTTTTTTT FDIK        TELAPSE      261.37 TCPU      259.57
 POSSIBLY CONDUCTING STATE - EFERMI(AU) -9.6666629E-02 (RES. CHARGE  2.80E-10;IT. 10)
 TTTTTTTTTTTTTTTTTTTTTTTTTTTTTT PDIG        TELAPSE      261.61 TCPU      259.81
 CHARGE NORMALIZATION FACTOR   1.00000000
 TOTAL ATOMIC CHARGES:
   6.0001929   6.0001929   6.0001929   6.0001929   6.0001929   6.0001929
   5.9657698   5.9657698   5.9657698   5.9657698   5.9657698   5.9657698
   5.9975904   5.9975904   5.9975904   5.9975904   5.9975904   5.9975904
   5.9932672   5.9932672   5.9932672   5.9932672   5.9932672   5.9932672
   6.0431797   6.0431797   6.0431797   6.0431797   6.0431797   6.0431797
 SUMMED SPIN DENSITY           0.00000000
 TOTAL ATOMIC SPINS  :
  -0.0000000  -0.0000000  -0.0000000  -0.0000000  -0.0000000  -0.0000000
  -0.0000000  -0.0000000  -0.0000000  -0.0000000  -0.0000000  -0.0000000
  -0.0000000  -0.0000000  -0.0000000  -0.0000000  -0.0000000  -0.0000000
  -0.0000000  -0.0000000  -0.0000000  -0.0000000  -0.0000000  -0.0000000
   0.0000000   0.0000000   0.0000000   0.0000000   0.0000000   0.0000000
 TTTTTTTTTTTTTTTTTTTTTTTTTTTTTT MOQGAD      TELAPSE      261.62 TCPU      259.82
 TTTTTTTTTTTTTTTTTTTTTTTTTTTTTT SHELLXN     TELAPSE      300.29 TCPU      298.49
 TTTTTTTTTTTTTTTTTTTTTTTTTTTTTT MONMO3      TELAPSE      300.37 TCPU      298.57
 NUMERICALLY INTEGRATED DENSITY     89.9999980571     89.9999980571
 TTTTTTTTTTTTTTTTTTTTTTTTTTTTTT NUMDFT      TELAPSE      301.14 TCPU      299.33
 CYC   6 ETOT(AU) -1.141904289558E+03 DETOT -1.35E-04 tst  1.25E-06 PX  1.63E-03
 TTTTTTTTTTTTTTTTTTTTTTTTTTTTTT DIIS        TELAPSE      301.19 TCPU      299.39
 DIIS TEST: 0.31061E-03 AT SCF   CYCLE   6 - DIIS ACTIVE - HISTORY:     6 CYCLES
 TTTTTTTTTTTTTTTTTTTTTTTTTTTTTT FDIK        TELAPSE      302.83 TCPU      301.02
 POSSIBLY CONDUCTING STATE - EFERMI(AU) -9.6740662E-02 (RES. CHARGE  2.84E-14;IT.  8)
 TTTTTTTTTTTTTTTTTTTTTTTTTTTTTT PDIG        TELAPSE      303.07 TCPU      301.26
 CHARGE NORMALIZATION FACTOR   1.00000000
 TOTAL ATOMIC CHARGES:
   6.0010336   6.0010336   6.0010336   6.0010336   6.0010336   6.0010336
   5.9647143   5.9647143   5.9647143   5.9647143   5.9647143   5.9647143
   5.9976915   5.9976915   5.9976915   5.9976915   5.9976915   5.9976915
   5.9973190   5.9973190   5.9973190   5.9973190   5.9973190   5.9973190
   6.0392416   6.0392416   6.0392416   6.0392416   6.0392416   6.0392416
 SUMMED SPIN DENSITY          -0.00000000
 TOTAL ATOMIC SPINS  :
  -0.0000000  -0.0000000  -0.0000000  -0.0000000  -0.0000000  -0.0000000
  -0.0000000  -0.0000000  -0.0000000  -0.0000000  -0.0000000  -0.0000000
  -0.0000000  -0.0000000  -0.0000000  -0.0000000  -0.0000000  -0.0000000
  -0.0000000  -0.0000000  -0.0000000  -0.0000000  -0.0000000  -0.0000000
   0.0000000   0.0000000   0.0000000   0.0000000   0.0000000   0.0000000
 TTTTTTTTTTTTTTTTTTTTTTTTTTTTTT MOQGAD      TELAPSE      303.08 TCPU      301.27
 TTTTTTTTTTTTTTTTTTTTTTTTTTTTTT SHELLXN     TELAPSE      339.85 TCPU      338.03
 TTTTTTTTTTTTTTTTTTTTTTTTTTTTTT MONMO3      TELAPSE      339.93 TCPU      338.11
 NUMERICALLY INTEGRATED DENSITY     89.9999980367     89.9999980367
 TTTTTTTTTTTTTTTTTTTTTTTTTTTTTT NUMDFT      TELAPSE      340.64 TCPU      338.82
 CYC   7 ETOT(AU) -1.141904274477E+03 DETOT  1.51E-05 tst  4.86E-06 PX  8.05E-04
 TTTTTTTTTTTTTTTTTTTTTTTTTTTTTT DIIS        TELAPSE      340.69 TCPU      338.87
 DIIS TEST: 0.32684E-03 AT SCF   CYCLE   7 - DIIS ACTIVE - HISTORY:     7 CYCLES
 TTTTTTTTTTTTTTTTTTTTTTTTTTTTTT FDIK        TELAPSE      342.35 TCPU      340.53
 POSSIBLY CONDUCTING STATE - EFERMI(AU) -9.6704762E-02 (RES. CHARGE  1.09E-11;IT.  8)
 TTTTTTTTTTTTTTTTTTTTTTTTTTTTTT PDIG        TELAPSE      342.59 TCPU      340.77
 CHARGE NORMALIZATION FACTOR   1.00000000
 TOTAL ATOMIC CHARGES:
   6.0011201   6.0011201   6.0011201   6.0011201   6.0011201   6.0011201
   5.9653809   5.9653809   5.9653809   5.9653809   5.9653809   5.9653809
   5.9974368   5.9974368   5.9974368   5.9974368   5.9974368   5.9974368
   5.9948962   5.9948962   5.9948962   5.9948962   5.9948962   5.9948962
   6.0411659   6.0411659   6.0411659   6.0411659   6.0411659   6.0411659
 SUMMED SPIN DENSITY          -0.00000000
 TOTAL ATOMIC SPINS  :
  -0.0000000  -0.0000000  -0.0000000  -0.0000000  -0.0000000  -0.0000000
  -0.0000000  -0.0000000  -0.0000000  -0.0000000  -0.0000000  -0.0000000
   0.0000000   0.0000000   0.0000000   0.0000000   0.0000000   0.0000000
  -0.0000000  -0.0000000  -0.0000000  -0.0000000  -0.0000000  -0.0000000
   0.0000000   0.0000000   0.0000000   0.0000000   0.0000000   0.0000000
 TTTTTTTTTTTTTTTTTTTTTTTTTTTTTT MOQGAD      TELAPSE      342.60 TCPU      340.77
 TTTTTTTTTTTTTTTTTTTTTTTTTTTTTT SHELLXN     TELAPSE      379.50 TCPU      377.67
 TTTTTTTTTTTTTTTTTTTTTTTTTTTTTT MONMO3      TELAPSE      379.58 TCPU      377.75
 NUMERICALLY INTEGRATED DENSITY     89.9999980499     89.9999980499
 TTTTTTTTTTTTTTTTTTTTTTTTTTTTTT NUMDFT      TELAPSE      380.30 TCPU      378.47
 CYC   8 ETOT(AU) -1.141904304893E+03 DETOT -3.04E-05 tst  1.67E-06 PX  4.34E-04
 TTTTTTTTTTTTTTTTTTTTTTTTTTTTTT DIIS        TELAPSE      380.36 TCPU      378.53
 DIIS TEST: 0.16476E-05 AT SCF   CYCLE   8 - DIIS ACTIVE - HISTORY:     8 CYCLES
 TTTTTTTTTTTTTTTTTTTTTTTTTTTTTT FDIK        TELAPSE      382.12 TCPU      380.28
 POSSIBLY CONDUCTING STATE - EFERMI(AU) -9.6720909E-02 (RES. CHARGE  1.30E-10;IT.  6)
 TTTTTTTTTTTTTTTTTTTTTTTTTTTTTT PDIG        TELAPSE      382.36 TCPU      380.52
 CHARGE NORMALIZATION FACTOR   1.00000000
 TOTAL ATOMIC CHARGES:
   6.0008241   6.0008241   6.0008241   6.0008241   6.0008241   6.0008241
   5.9651670   5.9651670   5.9651670   5.9651670   5.9651670   5.9651670
   5.9976032   5.9976032   5.9976032   5.9976032   5.9976032   5.9976032
   5.9950944   5.9950944   5.9950944   5.9950944   5.9950944   5.9950944
   6.0413113   6.0413113   6.0413113   6.0413113   6.0413113   6.0413113
 SUMMED SPIN DENSITY          -0.00000000
 TOTAL ATOMIC SPINS  :
  -0.0000000  -0.0000000  -0.0000000  -0.0000000  -0.0000000  -0.0000000
  -0.0000000  -0.0000000  -0.0000000  -0.0000000  -0.0000000  -0.0000000
  -0.0000000  -0.0000000  -0.0000000  -0.0000000  -0.0000000  -0.0000000
  -0.0000000  -0.0000000  -0.0000000  -0.0000000  -0.0000000  -0.0000000
   0.0000000   0.0000000   0.0000000   0.0000000   0.0000000   0.0000000
 TTTTTTTTTTTTTTTTTTTTTTTTTTTTTT MOQGAD      TELAPSE      382.37 TCPU      380.53
 TTTTTTTTTTTTTTTTTTTTTTTTTTTTTT SHELLXN     TELAPSE      419.26 TCPU      417.42
 TTTTTTTTTTTTTTTTTTTTTTTTTTTTTT MONMO3      TELAPSE      419.34 TCPU      417.50
 NUMERICALLY INTEGRATED DENSITY     89.9999980498     89.9999980498
 TTTTTTTTTTTTTTTTTTTTTTTTTTTTTT NUMDFT      TELAPSE      420.03 TCPU      418.19
 CYC   9 ETOT(AU) -1.141904304941E+03 DETOT -4.80E-08 tst  4.78E-09 PX  5.61E-05
 TTTTTTTTTTTTTTTTTTTTTTTTTTTTTT DIIS        TELAPSE      420.09 TCPU      418.25
 DIIS TEST: 0.38412E-06 AT SCF   CYCLE   9 - DIIS ACTIVE - HISTORY:     9 CYCLES
 TTTTTTTTTTTTTTTTTTTTTTTTTTTTTT FDIK        TELAPSE      421.79 TCPU      419.94
 POSSIBLY CONDUCTING STATE - EFERMI(AU) -9.6714600E-02 (RES. CHARGE  1.79E-10;IT.  6)
 TTTTTTTTTTTTTTTTTTTTTTTTTTTTTT PDIG        TELAPSE      422.04 TCPU      420.19
 CHARGE NORMALIZATION FACTOR   1.00000000
 TOTAL ATOMIC CHARGES:
   6.0009434   6.0009434   6.0009434   6.0009434   6.0009434   6.0009434
   5.9652559   5.9652559   5.9652559   5.9652559   5.9652559   5.9652559
   5.9975321   5.9975321   5.9975321   5.9975321   5.9975321   5.9975321
   5.9950424   5.9950424   5.9950424   5.9950424   5.9950424   5.9950424
   6.0412263   6.0412263   6.0412263   6.0412263   6.0412263   6.0412263
 SUMMED SPIN DENSITY          -0.00000000
 TOTAL ATOMIC SPINS  :
   0.0000000   0.0000000   0.0000000   0.0000000   0.0000000   0.0000000
   0.0000000   0.0000000   0.0000000   0.0000000   0.0000000   0.0000000
  -0.0000000  -0.0000000  -0.0000000  -0.0000000  -0.0000000  -0.0000000
  -0.0000000  -0.0000000  -0.0000000  -0.0000000  -0.0000000  -0.0000000
   0.0000000   0.0000000   0.0000000   0.0000000   0.0000000   0.0000000
 TTTTTTTTTTTTTTTTTTTTTTTTTTTTTT MOQGAD      TELAPSE      422.05 TCPU      420.20
 TTTTTTTTTTTTTTTTTTTTTTTTTTTTTT SHELLXN     TELAPSE      458.08 TCPU      456.22
 TTTTTTTTTTTTTTTTTTTTTTTTTTTTTT MONMO3      TELAPSE      458.16 TCPU      456.31
 NUMERICALLY INTEGRATED DENSITY     89.9999980500     89.9999980500
 TTTTTTTTTTTTTTTTTTTTTTTTTTTTTT NUMDFT      TELAPSE      458.85 TCPU      456.99
 CYC  10 ETOT(AU) -1.141904305076E+03 DETOT -1.35E-07 tst  4.57E-10 PX  2.72E-05
 TTTTTTTTTTTTTTTTTTTTTTTTTTTTTT DIIS        TELAPSE      458.90 TCPU      457.05
 DIIS TEST: 0.20828E-07 AT SCF   CYCLE  10 - DIIS ACTIVE - HISTORY:    10 CYCLES
 TTTTTTTTTTTTTTTTTTTTTTTTTTTTTT FDIK        TELAPSE      460.66 TCPU      458.79
 POSSIBLY CONDUCTING STATE - EFERMI(AU) -9.6715100E-02 (RES. CHARGE  0.00E+00;IT.  6)
 TTTTTTTTTTTTTTTTTTTTTTTTTTTTTT PDIG        TELAPSE      460.89 TCPU      459.03
 CHARGE NORMALIZATION FACTOR   1.00000000
 TOTAL ATOMIC CHARGES:
   6.0009210   6.0009210   6.0009210   6.0009210   6.0009210   6.0009210
   5.9652434   5.9652434   5.9652434   5.9652434   5.9652434   5.9652434
   5.9975417   5.9975417   5.9975417   5.9975417   5.9975417   5.9975417
   5.9950395   5.9950395   5.9950395   5.9950395   5.9950395   5.9950395
   6.0412544   6.0412544   6.0412544   6.0412544   6.0412544   6.0412544
 SUMMED SPIN DENSITY          -0.00000000
 TOTAL ATOMIC SPINS  :
   0.0000000   0.0000000   0.0000000   0.0000000   0.0000000   0.0000000
   0.0000000   0.0000000   0.0000000   0.0000000   0.0000000   0.0000000
  -0.0000000  -0.0000000  -0.0000000  -0.0000000  -0.0000000  -0.0000000
  -0.0000000  -0.0000000  -0.0000000  -0.0000000  -0.0000000  -0.0000000
  -0.0000000  -0.0000000  -0.0000000  -0.0000000  -0.0000000  -0.0000000
 TTTTTTTTTTTTTTTTTTTTTTTTTTTTTT MOQGAD      TELAPSE      460.90 TCPU      459.04
 TTTTTTTTTTTTTTTTTTTTTTTTTTTTTT SHELLXN     TELAPSE      497.22 TCPU      495.34
 TTTTTTTTTTTTTTTTTTTTTTTTTTTTTT MONMO3      TELAPSE      497.30 TCPU      495.42
 NUMERICALLY INTEGRATED DENSITY     89.9999980499     89.9999980499
 TTTTTTTTTTTTTTTTTTTTTTTTTTTTTT NUMDFT      TELAPSE      498.15 TCPU      496.28
 CYC  11 ETOT(AU) -1.141904305143E+03 DETOT -6.67E-08 tst  8.28E-11 PX  5.25E-06
 TTTTTTTTTTTTTTTTTTTTTTTTTTTTTT DIIS        TELAPSE      498.22 TCPU      496.34
 DIIS TEST: 0.39741E-09 AT SCF   CYCLE  11 - DIIS ACTIVE - HISTORY:    11 CYCLES
 TTTTTTTTTTTTTTTTTTTTTTTTTTTTTT FDIK        TELAPSE      499.83 TCPU      497.95
 POSSIBLY CONDUCTING STATE - EFERMI(AU) -9.6714934E-02 (RES. CHARGE  4.24E-10;IT.  4)
 TTTTTTTTTTTTTTTTTTTTTTTTTTTTTT PDIG        TELAPSE      500.06 TCPU      498.18
 CHARGE NORMALIZATION FACTOR   1.00000000
 TOTAL ATOMIC CHARGES:
   6.0009212   6.0009212   6.0009212   6.0009212   6.0009212   6.0009212
   5.9652432   5.9652432   5.9652432   5.9652432   5.9652432   5.9652432
   5.9975419   5.9975419   5.9975419   5.9975419   5.9975419   5.9975419
   5.9950412   5.9950412   5.9950412   5.9950412   5.9950412   5.9950412
   6.0412525   6.0412525   6.0412525   6.0412525   6.0412525   6.0412525
 SUMMED SPIN DENSITY          -0.00000000
 TOTAL ATOMIC SPINS  :
   0.0000000   0.0000000   0.0000000   0.0000000   0.0000000   0.0000000
   0.0000000   0.0000000   0.0000000   0.0000000   0.0000000   0.0000000
  -0.0000000  -0.0000000  -0.0000000  -0.0000000  -0.0000000  -0.0000000
  -0.0000000  -0.0000000  -0.0000000  -0.0000000  -0.0000000  -0.0000000
  -0.0000000  -0.0000000  -0.0000000  -0.0000000  -0.0000000  -0.0000000
 TTTTTTTTTTTTTTTTTTTTTTTTTTTTTT MOQGAD      TELAPSE      500.07 TCPU      498.19
 TTTTTTTTTTTTTTTTTTTTTTTTTTTTTT SHELLXN     TELAPSE      538.35 TCPU      536.45
 TTTTTTTTTTTTTTTTTTTTTTTTTTTTTT MONMO3      TELAPSE      538.43 TCPU      536.53
 NUMERICALLY INTEGRATED DENSITY     89.9999980500     89.9999980500
 TTTTTTTTTTTTTTTTTTTTTTTTTTTTTT NUMDFT      TELAPSE      539.39 TCPU      537.50
 CYC  12 ETOT(AU) -1.141904305149E+03 DETOT -6.01E-09 tst  6.92E-12 PX  1.88E-06
 TTTTTTTTTTTTTTTTTTTTTTTTTTTTTT DIIS        TELAPSE      539.46 TCPU      537.57
 DIIS TEST: 0.69613E-10 AT SCF   CYCLE  12 - DIIS ACTIVE - HISTORY:    12 CYCLES
 TTTTTTTTTTTTTTTTTTTTTTTTTTTTTT FDIK        TELAPSE      540.88 TCPU      538.98
 POSSIBLY CONDUCTING STATE - EFERMI(AU) -9.6714903E-02 (RES. CHARGE  1.46E-11;IT.  4)
 TTTTTTTTTTTTTTTTTTTTTTTTTTTTTT PDIG        TELAPSE      541.11 TCPU      539.21
 CHARGE NORMALIZATION FACTOR   1.00000000
 TOTAL ATOMIC CHARGES:
   6.0009211   6.0009211   6.0009211   6.0009211   6.0009211   6.0009211
   5.9652433   5.9652433   5.9652433   5.9652433   5.9652433   5.9652433
   5.9975417   5.9975417   5.9975417   5.9975417   5.9975417   5.9975417
   5.9950403   5.9950403   5.9950403   5.9950403   5.9950403   5.9950403
   6.0412535   6.0412535   6.0412535   6.0412535   6.0412535   6.0412535
 SUMMED SPIN DENSITY          -0.00000000
 TOTAL ATOMIC SPINS  :
   0.0000000   0.0000000   0.0000000   0.0000000   0.0000000   0.0000000
  -0.0000000  -0.0000000  -0.0000000  -0.0000000  -0.0000000  -0.0000000
  -0.0000000  -0.0000000  -0.0000000  -0.0000000  -0.0000000  -0.0000000
  -0.0000000  -0.0000000  -0.0000000  -0.0000000  -0.0000000  -0.0000000
   0.0000000   0.0000000   0.0000000   0.0000000   0.0000000   0.0000000
 TTTTTTTTTTTTTTTTTTTTTTTTTTTTTT MOQGAD      TELAPSE      541.12 TCPU      539.22
 TTTTTTTTTTTTTTTTTTTTTTTTTTTTTT SHELLXN     TELAPSE      580.62 TCPU      578.71
 TTTTTTTTTTTTTTTTTTTTTTTTTTTTTT MONMO3      TELAPSE      580.70 TCPU      578.79
 NUMERICALLY INTEGRATED DENSITY     89.9999980500     89.9999980500
 TTTTTTTTTTTTTTTTTTTTTTTTTTTTTT NUMDFT      TELAPSE      581.64 TCPU      579.73
 CYC  13 ETOT(AU) -1.141904305155E+03 DETOT -6.40E-09 tst  8.95E-13 PX  4.19E-07
 TTTTTTTTTTTTTTTTTTTTTTTTTTTTTT DIIS        TELAPSE      581.70 TCPU      579.79
 DIIS TEST: 0.98647E-11 AT SCF   CYCLE  13 - DIIS ACTIVE - HISTORY:    13 CYCLES
 TTTTTTTTTTTTTTTTTTTTTTTTTTTTTT FDIK        TELAPSE      582.80 TCPU      580.89
 POSSIBLY CONDUCTING STATE - EFERMI(AU) -9.6714887E-02 (RES. CHARGE  4.12E-12;IT.  4)
 TTTTTTTTTTTTTTTTTTTTTTTTTTTTTT PDIG        TELAPSE      583.03 TCPU      581.12
 CHARGE NORMALIZATION FACTOR   1.00000000
 TOTAL ATOMIC CHARGES:
   6.0009211   6.0009211   6.0009211   6.0009211   6.0009211   6.0009211
   5.9652433   5.9652433   5.9652433   5.9652433   5.9652433   5.9652433
   5.9975417   5.9975417   5.9975417   5.9975417   5.9975417   5.9975417
   5.9950403   5.9950403   5.9950403   5.9950403   5.9950403   5.9950403
   6.0412535   6.0412535   6.0412535   6.0412535   6.0412535   6.0412535
 SUMMED SPIN DENSITY          -0.00000000
 TOTAL ATOMIC SPINS  :
   0.0000000   0.0000000   0.0000000   0.0000000   0.0000000   0.0000000
  -0.0000000  -0.0000000  -0.0000000  -0.0000000  -0.0000000  -0.0000000
  -0.0000000  -0.0000000  -0.0000000  -0.0000000  -0.0000000  -0.0000000
  -0.0000000  -0.0000000  -0.0000000  -0.0000000  -0.0000000  -0.0000000
   0.0000000   0.0000000   0.0000000   0.0000000   0.0000000   0.0000000
 TTTTTTTTTTTTTTTTTTTTTTTTTTTTTT MOQGAD      TELAPSE      583.04 TCPU      581.13
 TTTTTTTTTTTTTTTTTTTTTTTTTTTTTT SHELLXN     TELAPSE      622.48 TCPU      620.56
 TTTTTTTTTTTTTTTTTTTTTTTTTTTTTT MONMO3      TELAPSE      622.56 TCPU      620.64
 NUMERICALLY INTEGRATED DENSITY     89.9999980500     89.9999980500
 TTTTTTTTTTTTTTTTTTTTTTTTTTTTTT NUMDFT      TELAPSE      623.55 TCPU      621.62
 CYC  14 ETOT(AU) -1.141904305157E+03 DETOT -1.37E-09 tst  3.17E-14 PX  4.26E-08
 TTTTTTTTTTTTTTTTTTTTTTTTTTTTTT DIIS        TELAPSE      623.61 TCPU      621.69
 DIIS TEST: 0.81306E-11 AT SCF   CYCLE  14 - DIIS ACTIVE - HISTORY:    14 CYCLES
 TTTTTTTTTTTTTTTTTTTTTTTTTTTTTT FDIK        TELAPSE      624.75 TCPU      622.82
 POSSIBLY CONDUCTING STATE - EFERMI(AU) -9.6714886E-02 (RES. CHARGE  0.00E+00;IT.  4)
 TTTTTTTTTTTTTTTTTTTTTTTTTTTTTT PDIG        TELAPSE      624.98 TCPU      623.05
 CHARGE NORMALIZATION FACTOR   1.00000000
 TOTAL ATOMIC CHARGES:
   6.0009210   6.0009210   6.0009210   6.0009210   6.0009210   6.0009210
   5.9652433   5.9652433   5.9652433   5.9652433   5.9652433   5.9652433
   5.9975417   5.9975417   5.9975417   5.9975417   5.9975417   5.9975417
   5.9950404   5.9950404   5.9950404   5.9950404   5.9950404   5.9950404
   6.0412535   6.0412535   6.0412535   6.0412535   6.0412535   6.0412535
 SUMMED SPIN DENSITY          -0.00000000
 TOTAL ATOMIC SPINS  :
   0.0000000   0.0000000   0.0000000   0.0000000   0.0000000   0.0000000
  -0.0000000  -0.0000000  -0.0000000  -0.0000000  -0.0000000  -0.0000000
  -0.0000000  -0.0000000  -0.0000000  -0.0000000  -0.0000000  -0.0000000
  -0.0000000  -0.0000000  -0.0000000  -0.0000000  -0.0000000  -0.0000000
   0.0000000   0.0000000   0.0000000   0.0000000   0.0000000   0.0000000
 TTTTTTTTTTTTTTTTTTTTTTTTTTTTTT MOQGAD      TELAPSE      624.99 TCPU      623.06
 TTTTTTTTTTTTTTTTTTTTTTTTTTTTTT SHELLXN     TELAPSE      664.48 TCPU      662.54
 TTTTTTTTTTTTTTTTTTTTTTTTTTTTTT MONMO3      TELAPSE      664.56 TCPU      662.62
 NUMERICALLY INTEGRATED DENSITY     89.9999980500     89.9999980500
 TTTTTTTTTTTTTTTTTTTTTTTTTTTTTT NUMDFT      TELAPSE      665.53 TCPU      663.59
 CYC  15 ETOT(AU) -1.141904305157E+03 DETOT -9.98E-11 tst  3.55E-15 PX  2.04E-08
 TTTTTTTTTTTTTTTTTTTTTTTTTTTTTT DIIS        TELAPSE      665.60 TCPU      663.65
 DIIS TEST: 0.66394E-11 AT SCF   CYCLE  15 - DIIS ACTIVE - HISTORY:    15 CYCLES
 TTTTTTTTTTTTTTTTTTTTTTTTTTTTTT FDIK        TELAPSE      666.64 TCPU      664.70
 POSSIBLY CONDUCTING STATE - EFERMI(AU) -9.6714885E-02 (RES. CHARGE  2.84E-14;IT.  4)
 TTTTTTTTTTTTTTTTTTTTTTTTTTTTTT PDIG        TELAPSE      666.88 TCPU      664.93
 CHARGE NORMALIZATION FACTOR   1.00000000
 TOTAL ATOMIC CHARGES:
   6.0009210   6.0009210   6.0009210   6.0009210   6.0009210   6.0009210
   5.9652433   5.9652433   5.9652433   5.9652433   5.9652433   5.9652433
   5.9975417   5.9975417   5.9975417   5.9975417   5.9975417   5.9975417
   5.9950404   5.9950404   5.9950404   5.9950404   5.9950404   5.9950404
   6.0412535   6.0412535   6.0412535   6.0412535   6.0412535   6.0412535
 SUMMED SPIN DENSITY          -0.00000000
 TOTAL ATOMIC SPINS  :
   0.0000000   0.0000000   0.0000000   0.0000000   0.0000000   0.0000000
  -0.0000000  -0.0000000  -0.0000000  -0.0000000  -0.0000000  -0.0000000
  -0.0000000  -0.0000000  -0.0000000  -0.0000000  -0.0000000  -0.0000000
  -0.0000000  -0.0000000  -0.0000000  -0.0000000  -0.0000000  -0.0000000
   0.0000000   0.0000000   0.0000000   0.0000000   0.0000000   0.0000000
 TTTTTTTTTTTTTTTTTTTTTTTTTTTTTT MOQGAD      TELAPSE      666.88 TCPU      664.94
 TTTTTTTTTTTTTTTTTTTTTTTTTTTTTT SHELLXN     TELAPSE      706.45 TCPU      704.50
 +++ ENERGIES IN A.U. +++
 ::: EXT EL-POLE                                  -4.1283127525531E+03
 ::: EXT EL-SPHEROPOLE                             3.7218371764355E+01
 ::: BIELET ZONE E-E                               4.3766837077004E+03
 ::: TOTAL E-E                                     2.8558932691158E+02
 ::: TOTAL E-N + N-E                              -2.1344873693611E+03
 ::: TOTAL N-N                                    -3.0026057030053E+02
 ::: KINETIC ENERGY                                1.1388780434800E+03
 ::: PSEUDO TOTAL   ENERGY                        -1.0102805692701E+03
 ::: VIRIAL COEFFICIENT                            1.0598361951728E+00
 TTTTTTTTTTTTTTTTTTTTTTTTTTTTTT MONMO3      TELAPSE      706.53 TCPU      704.58
 NUMERICALLY INTEGRATED DENSITY     89.9999980500     89.9999980500
 EXCHANGE ENERGY: -0.124103106349E+03  CORRELATION ENERGY: -0.752062953821E+01
 TTTTTTTTTTTTTTTTTTTTTTTTTTTTTT NUMDFT      TELAPSE      707.51 TCPU      705.56
 CYC  16 ETOT(AU) -1.141904305157E+03 DETOT -2.66E-10 tst  1.49E-15 PX  2.04E-08

 == SCF ENDED - CONVERGENCE ON ENERGY      E(AU) -1.1419043051569E+03 CYCLES  16


 ENERGY EXPRESSION=HARTREE+FOCK EXCH*0.20000+(BECKE      EXCH)*0.80000+LYP        CORR


 TOTAL ENERGY(DFT)(AU)( 16) -1.1419043051569E+03 DE-2.7E-10 tester 1.5E-15
 TTTTTTTTTTTTTTTTTTTTTTTTTTTTTT EDFT        TELAPSE      707.52 TCPU      705.56
 
 INFORMATION **** DFTD3 ENERGY **** CALCULATE DFTD3 ENERGY

           DFT-D V3(BJ)
 DF                                         b3-lyp    
 parameters
 s6       :    1.0000
 s8       :    1.9889
 a1       :    0.3981
 a2       :    4.4211
 k1 k3    :   16.0000   -4.0000
 Cutoff   :   50.2022
 CN-Cutoff:   21.1671
 ABC-Cutoff:   21.1671
 
 Edisp /kcal,au:  -167.0196 -0.26616268

 E6    /kcal :   -80.7749
 E8    /kcal :   -86.2447
 
 INFORMATION **** DFTD3 ENERGY **** NORMAL TERMINATION OF DFTD3 MODULE

 *******************************************************************************

 DFT-D3 DISPERSION ENERGY CORRECTION

 D3 DISPERSION ENERGY (AU)       -2.6616268394003E-01
 TOTAL ENERGY + DISP (AU)        -1.1421704678409E+03

 *******************************************************************************


 NEIGHBORS OF THE NON-EQUIVALENT ATOMS

 N = NUMBER OF NEIGHBORS AT DISTANCE R
    ATOM  N     R/ANG      R/AU   NEIGHBORS (ATOM LABELS AND CELL INDICES)
   1 C    1     1.4818     2.8002   29 C    0 0 0
   1 C    1     1.5042     2.8425   14 C    0 0 0
   1 C    1     1.5376     2.9057   16 C    0 0 0
   1 C    1     1.5670     2.9612   19 C    0 0 1
   1 C    1     2.2880     4.3236   24 C    0 0 0
   1 C    1     2.3491     4.4392    9 C    0 0 0

   7 C    1     1.3384     2.5292   17 C    0 0 0
   7 C    1     1.4429     2.7267   29 C    1 0-1
   7 C    1     1.4738     2.7851   26 C    1 1 0
   7 C    1     2.3491     4.4392    4 C    0 0 0
   7 C    2     2.3552     4.4506    9 C    1 0 0   10 C    1 1-1
   7 C    1     2.5752     4.8665    3 C    1 1 0

  13 C    1     1.3384     2.5292   12 C    0 0 0
  13 C    1     1.5042     2.8425    2 C    0 0 0
  13 C    1     1.5376     2.9057    3 C    0 0 0
  13 C    1     2.3183     4.3809   21 C    0 0 0
  13 C    1     2.4096     4.5534   27 C    1 0 0
  13 C    1     2.4268     4.5860   28 C    0 0 0

  19 C    2     1.4184     2.6805   23 C    0 0 0   24 C    0 0-1
  19 C    1     1.5670     2.9612    1 C    0 0-1
  19 C    1     2.2880     4.3236    5 C    0 0 0
  19 C    1     2.3183     4.3809   16 C    0 0-1
  19 C    1     2.4375     4.6062    6 C    0 0-1
  19 C    1     2.4834     4.6930   14 C    0 0-1

  25 C    1     1.4429     2.7267   12 C    0 1 1
  25 C    1     1.4738     2.7851    8 C    1 1 0
  25 C    1     1.4818     2.8002    6 C    0 0 0
  25 C    2     2.1393     4.0427   27 C    1 1 1   28 C    0 1 0
  25 C    1     2.4096     4.5534   16 C    1 1 0
  25 C    1     2.4268     4.5860   15 C    0 0 0

 TTTTTTTTTTTTTTTTTTTTTTTTTTTTTT AFTER FIRST TELAPSE      707.60 TCPU      705.64
 MMMMMMMMMMMMMMMMMMMMMMMMMMMMMMMMMMMMMMMMMMMMMMMMMMMMMMMMMMMMMMMMMMMMMMMMMMMMMMM
     ALPHA+BETA ELECTRONS
 MULLIKEN POPULATION ANALYSIS - NO. OF ELECTRONS  180.000000

  ATOM    Z CHARGE  A.O. POPULATION

   1 C    6  6.001  0.853  1.121  0.755  0.444  0.436  0.441  0.447 -0.000
                    0.006  0.004  0.492  0.466  0.484  0.008  0.010  0.011
                    0.007  0.015
   2 C    6  6.001  0.853  1.121  0.755  0.444  0.436  0.441  0.447 -0.000
                    0.006  0.004  0.492  0.466  0.484  0.008  0.010  0.011
                    0.007  0.015
   3 C    6  6.001  0.853  1.121  0.755  0.444  0.438  0.438  0.447  0.003
                    0.002  0.004  0.487  0.472  0.484  0.008  0.010  0.011
                    0.013  0.009
   4 C    6  6.001  0.853  1.121  0.755  0.444  0.441  0.436  0.447  0.005
                   -0.000  0.004  0.459  0.499  0.484  0.008  0.012  0.009
                    0.013  0.009
   5 C    6  6.001  0.853  1.121  0.755  0.444  0.441  0.436  0.447  0.005
                   -0.000  0.004  0.459  0.499  0.484  0.008  0.012  0.009
                    0.013  0.009
   6 C    6  6.001  0.853  1.121  0.755  0.444  0.438  0.438  0.447  0.003
                    0.002  0.004  0.487  0.472  0.484  0.008  0.010  0.011
                    0.013  0.009
   7 C    6  5.965  0.854  1.121  0.763  0.386  0.466  0.433  0.469 -0.001
                   -0.044 -0.002  0.439  0.596  0.440  0.011  0.013  0.006
                    0.008  0.007
   8 C    6  5.965  0.854  1.121  0.763  0.386  0.466  0.433  0.469 -0.001
                   -0.044 -0.002  0.439  0.596  0.440  0.011  0.013  0.006
                    0.008  0.007
   9 C    6  5.965  0.854  1.121  0.763  0.386  0.466  0.432  0.469 -0.009
                   -0.037 -0.002  0.474  0.561  0.440  0.011  0.011  0.009
                    0.007  0.008
  10 C    6  5.965  0.854  1.121  0.763  0.386  0.415  0.483  0.469 -0.058
                    0.013 -0.002  0.640  0.395  0.440  0.011  0.006  0.014
                    0.007  0.008
  11 C    6  5.965  0.854  1.121  0.763  0.386  0.415  0.483  0.469 -0.058
                    0.013 -0.002  0.640  0.395  0.440  0.011  0.006  0.014
                    0.007  0.008
  12 C    6  5.965  0.854  1.121  0.763  0.386  0.466  0.432  0.469 -0.009
                   -0.037 -0.002  0.474  0.561  0.440  0.011  0.011  0.009
                    0.007  0.008
  13 C    6  5.998  0.854  1.121  0.762  0.430  0.447  0.433  0.467  0.006
                   -0.044 -0.013  0.415  0.586  0.497  0.007  0.010  0.005
                    0.008  0.008
  14 C    6  5.998  0.854  1.121  0.762  0.430  0.447  0.433  0.467  0.006
                   -0.044 -0.013  0.415  0.586  0.497  0.007  0.010  0.005
                    0.008  0.008
  15 C    6  5.998  0.854  1.121  0.762  0.430  0.416  0.463  0.467 -0.043
                    0.005 -0.013  0.593  0.408  0.497  0.007  0.005  0.010
                    0.008  0.008
  16 C    6  5.998  0.854  1.121  0.762  0.430  0.456  0.423  0.467 -0.020
                   -0.018 -0.013  0.493  0.508  0.497  0.007  0.007  0.008
                    0.008  0.008
  17 C    6  5.998  0.854  1.121  0.762  0.430  0.456  0.423  0.467 -0.020
                   -0.018 -0.013  0.493  0.508  0.497  0.007  0.007  0.008
                    0.008  0.008
  18 C    6  5.998  0.854  1.121  0.762  0.430  0.416  0.463  0.467 -0.043
                    0.005 -0.013  0.593  0.408  0.497  0.007  0.005  0.010
                    0.008  0.008
  19 C    6  5.995  0.854  1.121  0.761  0.458  0.431  0.440  0.451 -0.004
                   -0.033 -0.012  0.443  0.559  0.487  0.007  0.012  0.007
                    0.005  0.007
  20 C    6  5.995  0.854  1.121  0.761  0.458  0.431  0.440  0.451 -0.004
                   -0.033 -0.012  0.443  0.559  0.487  0.007  0.012  0.007
                    0.005  0.007
  21 C    6  5.995  0.854  1.121  0.761  0.458  0.432  0.439  0.451 -0.044
                    0.007 -0.012  0.567  0.435  0.487  0.007  0.007  0.013
                    0.007  0.005
  22 C    6  5.995  0.854  1.121  0.761  0.458  0.444  0.427  0.451 -0.007
                   -0.029 -0.012  0.493  0.510  0.487  0.007  0.010  0.009
                    0.006  0.006
  23 C    6  5.995  0.854  1.121  0.761  0.458  0.444  0.427  0.451 -0.007
                   -0.029 -0.012  0.493  0.510  0.487  0.007  0.010  0.009
                    0.006  0.006
  24 C    6  5.995  0.854  1.121  0.761  0.458  0.432  0.439  0.451 -0.044
                    0.007 -0.012  0.567  0.435  0.487  0.007  0.007  0.013
                    0.007  0.005
  25 C    6  6.041  0.854  1.120  0.784  0.446  0.463  0.451  0.395 -0.026
                   -0.020 -0.010  0.563  0.527  0.452  0.009  0.008  0.010
                    0.007  0.007
  26 C    6  6.041  0.854  1.120  0.784  0.446  0.463  0.451  0.395 -0.026
                   -0.020 -0.010  0.563  0.527  0.452  0.009  0.008  0.010
                    0.007  0.007
  27 C    6  6.041  0.854  1.120  0.784  0.446  0.466  0.448  0.395  0.003
                   -0.048 -0.010  0.448  0.642  0.452  0.009  0.012  0.006
                    0.007  0.007
  28 C    6  6.041  0.854  1.120  0.784  0.446  0.441  0.473  0.395 -0.045
                   -0.000 -0.010  0.624  0.466  0.452  0.009  0.007  0.011
                    0.007  0.007
  29 C    6  6.041  0.854  1.120  0.784  0.446  0.441  0.473  0.395 -0.045
                   -0.000 -0.010  0.624  0.466  0.452  0.009  0.007  0.011
                    0.007  0.007
  30 C    6  6.041  0.854  1.120  0.784  0.446  0.466  0.448  0.395  0.003
                   -0.048 -0.010  0.448  0.642  0.452  0.009  0.012  0.006
                    0.007  0.007

  ATOM    Z CHARGE  SHELL POPULATION

   1 C    6  6.001  0.853  1.121  0.755  0.444  1.324  0.010  1.442  0.051
   2 C    6  6.001  0.853  1.121  0.755  0.444  1.324  0.010  1.442  0.051
   3 C    6  6.001  0.853  1.121  0.755  0.444  1.324  0.010  1.442  0.051
   4 C    6  6.001  0.853  1.121  0.755  0.444  1.324  0.010  1.442  0.051
   5 C    6  6.001  0.853  1.121  0.755  0.444  1.324  0.010  1.442  0.051
   6 C    6  6.001  0.853  1.121  0.755  0.444  1.324  0.010  1.442  0.051
   7 C    6  5.965  0.854  1.121  0.763  0.386  1.367 -0.047  1.475  0.046
   8 C    6  5.965  0.854  1.121  0.763  0.386  1.367 -0.047  1.475  0.046
   9 C    6  5.965  0.854  1.121  0.763  0.386  1.367 -0.047  1.475  0.046
  10 C    6  5.965  0.854  1.121  0.763  0.386  1.367 -0.047  1.475  0.046
  11 C    6  5.965  0.854  1.121  0.763  0.386  1.367 -0.047  1.475  0.046
  12 C    6  5.965  0.854  1.121  0.763  0.386  1.367 -0.047  1.475  0.046
  13 C    6  5.998  0.854  1.121  0.762  0.430  1.347 -0.051  1.497  0.038
  14 C    6  5.998  0.854  1.121  0.762  0.430  1.347 -0.051  1.497  0.038
  15 C    6  5.998  0.854  1.121  0.762  0.430  1.347 -0.051  1.497  0.038
  16 C    6  5.998  0.854  1.121  0.762  0.430  1.347 -0.051  1.497  0.038
  17 C    6  5.998  0.854  1.121  0.762  0.430  1.347 -0.051  1.497  0.038
  18 C    6  5.998  0.854  1.121  0.762  0.430  1.347 -0.051  1.497  0.038
  19 C    6  5.995  0.854  1.121  0.761  0.458  1.322 -0.049  1.489  0.039
  20 C    6  5.995  0.854  1.121  0.761  0.458  1.322 -0.049  1.489  0.039
  21 C    6  5.995  0.854  1.121  0.761  0.458  1.322 -0.049  1.489  0.039
  22 C    6  5.995  0.854  1.121  0.761  0.458  1.322 -0.049  1.489  0.039
  23 C    6  5.995  0.854  1.121  0.761  0.458  1.322 -0.049  1.489  0.039
  24 C    6  5.995  0.854  1.121  0.761  0.458  1.322 -0.049  1.489  0.039
  25 C    6  6.041  0.854  1.120  0.784  0.446  1.310 -0.056  1.542  0.041
  26 C    6  6.041  0.854  1.120  0.784  0.446  1.310 -0.056  1.542  0.041
  27 C    6  6.041  0.854  1.120  0.784  0.446  1.310 -0.056  1.542  0.041
  28 C    6  6.041  0.854  1.120  0.784  0.446  1.310 -0.056  1.542  0.041
  29 C    6  6.041  0.854  1.120  0.784  0.446  1.310 -0.056  1.542  0.041
  30 C    6  6.041  0.854  1.120  0.784  0.446  1.310 -0.056  1.542  0.041

 OVERLAP POPULATION CONDENSED TO ATOMS FOR FIRST   6 NEIGHBORS

 ATOM A   1 C    ATOM B     CELL      R(AB)/AU R(AB)/ANG    OVPOP(AB)
                 29 C    (  0  0  0)     2.800     1.482     0.266
                 14 C    (  0  0  0)     2.842     1.504     0.268
                 16 C    (  0  0  0)     2.906     1.538     0.245
                 19 C    (  0  0  1)     2.961     1.567     0.285
                 24 C    (  0  0  0)     4.324     2.288    -0.068
                  9 C    (  0  0  0)     4.439     2.349    -0.024

 ATOM A   7 C    ATOM B     CELL      R(AB)/AU R(AB)/ANG    OVPOP(AB)
                 17 C    (  0  0  0)     2.529     1.338     0.508
                 29 C    (  1  0 -1)     2.727     1.443     0.322
                 26 C    (  1  1  0)     2.785     1.474     0.346
                  4 C    (  0  0  0)     4.439     2.349    -0.024
                  9 C    (  1  0  0)     4.451     2.355    -0.009
                  3 C    (  1  1  0)     4.866     2.575    -0.028

 ATOM A  13 C    ATOM B     CELL      R(AB)/AU R(AB)/ANG    OVPOP(AB)
                 12 C    (  0  0  0)     2.529     1.338     0.508
                  2 C    (  0  0  0)     2.842     1.504     0.268
                  3 C    (  0  0  0)     2.906     1.538     0.245
                 21 C    (  0  0  0)     4.381     2.318    -0.013
                 27 C    (  1  0  0)     4.553     2.410    -0.050
                 28 C    (  0  0  0)     4.586     2.427    -0.015

 ATOM A  19 C    ATOM B     CELL      R(AB)/AU R(AB)/ANG    OVPOP(AB)
                 23 C    (  0  0  0)     2.680     1.418     0.423
                  1 C    (  0  0 -1)     2.961     1.567     0.285
                  5 C    (  0  0  0)     4.324     2.288    -0.068
                 16 C    (  0  0 -1)     4.381     2.318    -0.013
                  6 C    (  0  0 -1)     4.606     2.437    -0.038
                 14 C    (  0  0 -1)     4.693     2.483    -0.038

 ATOM A  25 C    ATOM B     CELL      R(AB)/AU R(AB)/ANG    OVPOP(AB)
                 12 C    (  0  1  1)     2.727     1.443     0.322
                  8 C    (  1  1  0)     2.785     1.474     0.346
                  6 C    (  0  0  0)     2.800     1.482     0.266
                 27 C    (  1  1  1)     4.043     2.139     0.022
                 16 C    (  1  1  0)     4.553     2.410    -0.050
                 15 C    (  0  0  0)     4.586     2.427    -0.015
 TTTTTTTTTTTTTTTTTTTTTTTTTTTTTT AFTER FIRST TELAPSE      707.81 TCPU      705.67
 MMMMMMMMMMMMMMMMMMMMMMMMMMMMMMMMMMMMMMMMMMMMMMMMMMMMMMMMMMMMMMMMMMMMMMMMMMMMMMM
     ALPHA-BETA ELECTRONS
 MULLIKEN POPULATION ANALYSIS - NO. OF ELECTRONS   -0.000000

  ATOM    Z CHARGE  A.O. POPULATION

   1 C    6  0.000  0.000  0.000 -0.000  0.000 -0.000 -0.000 -0.000  0.000
                   -0.000  0.000 -0.000  0.000 -0.000  0.000 -0.000  0.000
                   -0.000 -0.000
   2 C    6  0.000  0.000  0.000 -0.000  0.000 -0.000 -0.000 -0.000  0.000
                   -0.000  0.000 -0.000  0.000 -0.000  0.000 -0.000  0.000
                   -0.000 -0.000
   3 C    6  0.000  0.000  0.000 -0.000  0.000 -0.000 -0.000 -0.000 -0.000
                    0.000  0.000  0.000 -0.000 -0.000  0.000 -0.000 -0.000
                   -0.000 -0.000
   4 C    6  0.000  0.000  0.000 -0.000  0.000 -0.000 -0.000 -0.000 -0.000
                    0.000  0.000 -0.000  0.000 -0.000  0.000 -0.000 -0.000
                   -0.000 -0.000
   5 C    6  0.000  0.000  0.000 -0.000  0.000 -0.000 -0.000 -0.000 -0.000
                    0.000  0.000 -0.000  0.000 -0.000  0.000 -0.000 -0.000
                   -0.000 -0.000
   6 C    6  0.000  0.000  0.000 -0.000  0.000 -0.000 -0.000 -0.000 -0.000
                    0.000  0.000  0.000 -0.000 -0.000  0.000 -0.000 -0.000
                   -0.000 -0.000
   7 C    6 -0.000 -0.000  0.000 -0.000  0.000 -0.000 -0.000 -0.000  0.000
                    0.000  0.000 -0.000  0.000 -0.000  0.000 -0.000 -0.000
                    0.000  0.000
   8 C    6 -0.000 -0.000  0.000 -0.000  0.000 -0.000 -0.000 -0.000  0.000
                    0.000  0.000 -0.000  0.000 -0.000  0.000 -0.000 -0.000
                    0.000  0.000
   9 C    6 -0.000 -0.000  0.000 -0.000  0.000 -0.000 -0.000 -0.000 -0.000
                    0.000  0.000  0.000 -0.000 -0.000  0.000 -0.000 -0.000
                   -0.000  0.000
  10 C    6 -0.000 -0.000  0.000 -0.000  0.000 -0.000 -0.000 -0.000  0.000
                   -0.000  0.000 -0.000 -0.000 -0.000  0.000 -0.000 -0.000
                    0.000 -0.000
  11 C    6 -0.000 -0.000  0.000 -0.000  0.000 -0.000 -0.000 -0.000  0.000
                   -0.000  0.000 -0.000 -0.000 -0.000  0.000 -0.000 -0.000
                    0.000 -0.000
  12 C    6 -0.000 -0.000  0.000 -0.000  0.000 -0.000 -0.000 -0.000 -0.000
                    0.000  0.000  0.000 -0.000 -0.000  0.000 -0.000 -0.000
                   -0.000  0.000
  13 C    6 -0.000 -0.000 -0.000 -0.000 -0.000 -0.000 -0.000  0.000  0.000
                    0.000 -0.000 -0.000 -0.000  0.000  0.000  0.000 -0.000
                   -0.000 -0.000
  14 C    6 -0.000 -0.000 -0.000 -0.000 -0.000 -0.000 -0.000  0.000  0.000
                    0.000 -0.000 -0.000 -0.000  0.000  0.000  0.000 -0.000
                   -0.000 -0.000
  15 C    6 -0.000 -0.000 -0.000 -0.000 -0.000 -0.000 -0.000  0.000  0.000
                    0.000 -0.000 -0.000 -0.000  0.000  0.000 -0.000  0.000
                   -0.000 -0.000
  16 C    6 -0.000 -0.000 -0.000 -0.000 -0.000 -0.000 -0.000  0.000  0.000
                   -0.000 -0.000 -0.000  0.000  0.000  0.000 -0.000  0.000
                   -0.000 -0.000
  17 C    6 -0.000 -0.000 -0.000 -0.000 -0.000 -0.000 -0.000  0.000  0.000
                   -0.000 -0.000 -0.000  0.000  0.000  0.000 -0.000  0.000
                   -0.000 -0.000
  18 C    6 -0.000 -0.000 -0.000 -0.000 -0.000 -0.000 -0.000  0.000  0.000
                    0.000 -0.000 -0.000 -0.000  0.000  0.000 -0.000  0.000
                   -0.000 -0.000
  19 C    6 -0.000 -0.000 -0.000 -0.000 -0.000 -0.000 -0.000 -0.000 -0.000
                    0.000 -0.000  0.000 -0.000  0.000 -0.000 -0.000 -0.000
                   -0.000  0.000
  20 C    6 -0.000 -0.000 -0.000 -0.000 -0.000 -0.000 -0.000 -0.000 -0.000
                    0.000 -0.000  0.000 -0.000  0.000 -0.000 -0.000 -0.000
                   -0.000  0.000
  21 C    6 -0.000 -0.000 -0.000 -0.000 -0.000 -0.000 -0.000 -0.000  0.000
                   -0.000 -0.000 -0.000  0.000  0.000 -0.000 -0.000 -0.000
                    0.000 -0.000
  22 C    6 -0.000 -0.000 -0.000 -0.000 -0.000 -0.000 -0.000 -0.000  0.000
                    0.000 -0.000 -0.000 -0.000  0.000 -0.000 -0.000 -0.000
                    0.000 -0.000
  23 C    6 -0.000 -0.000 -0.000 -0.000 -0.000 -0.000 -0.000 -0.000  0.000
                    0.000 -0.000 -0.000 -0.000  0.000 -0.000 -0.000 -0.000
                    0.000 -0.000
  24 C    6 -0.000 -0.000 -0.000 -0.000 -0.000 -0.000 -0.000 -0.000  0.000
                   -0.000 -0.000 -0.000  0.000  0.000 -0.000 -0.000 -0.000
                    0.000 -0.000
  25 C    6  0.000  0.000  0.000  0.000 -0.000  0.000  0.000  0.000 -0.000
                   -0.000 -0.000  0.000  0.000  0.000  0.000 -0.000 -0.000
                   -0.000 -0.000
  26 C    6  0.000  0.000  0.000  0.000 -0.000  0.000  0.000  0.000 -0.000
                   -0.000 -0.000  0.000  0.000  0.000  0.000 -0.000 -0.000
                   -0.000 -0.000
  27 C    6  0.000  0.000  0.000  0.000 -0.000  0.000  0.000  0.000 -0.000
                   -0.000 -0.000  0.000  0.000  0.000  0.000 -0.000  0.000
                   -0.000 -0.000
  28 C    6  0.000  0.000  0.000  0.000 -0.000  0.000  0.000  0.000 -0.000
                   -0.000 -0.000  0.000  0.000  0.000  0.000 -0.000 -0.000
                   -0.000 -0.000
  29 C    6  0.000  0.000  0.000  0.000 -0.000  0.000  0.000  0.000 -0.000
                   -0.000 -0.000  0.000  0.000  0.000  0.000 -0.000 -0.000
                   -0.000 -0.000
  30 C    6  0.000  0.000  0.000  0.000 -0.000  0.000  0.000  0.000 -0.000
                   -0.000 -0.000  0.000  0.000  0.000  0.000 -0.000  0.000
                   -0.000 -0.000

  ATOM    Z CHARGE  SHELL POPULATION

   1 C    6  0.000  0.000  0.000 -0.000  0.000 -0.000  0.000 -0.000 -0.000
   2 C    6  0.000  0.000  0.000 -0.000  0.000 -0.000  0.000 -0.000 -0.000
   3 C    6  0.000  0.000  0.000 -0.000  0.000 -0.000  0.000 -0.000 -0.000
   4 C    6  0.000  0.000  0.000 -0.000  0.000 -0.000  0.000 -0.000 -0.000
   5 C    6  0.000  0.000  0.000 -0.000  0.000 -0.000  0.000 -0.000 -0.000
   6 C    6  0.000  0.000  0.000 -0.000  0.000 -0.000  0.000 -0.000 -0.000
   7 C    6 -0.000 -0.000  0.000 -0.000  0.000 -0.000  0.000 -0.000  0.000
   8 C    6 -0.000 -0.000  0.000 -0.000  0.000 -0.000  0.000 -0.000  0.000
   9 C    6 -0.000 -0.000  0.000 -0.000  0.000 -0.000  0.000 -0.000  0.000
  10 C    6 -0.000 -0.000  0.000 -0.000  0.000 -0.000  0.000 -0.000  0.000
  11 C    6 -0.000 -0.000  0.000 -0.000  0.000 -0.000  0.000 -0.000  0.000
  12 C    6 -0.000 -0.000  0.000 -0.000  0.000 -0.000  0.000 -0.000  0.000
  13 C    6 -0.000 -0.000 -0.000 -0.000 -0.000 -0.000  0.000 -0.000 -0.000
  14 C    6 -0.000 -0.000 -0.000 -0.000 -0.000 -0.000  0.000 -0.000 -0.000
  15 C    6 -0.000 -0.000 -0.000 -0.000 -0.000 -0.000  0.000 -0.000 -0.000
  16 C    6 -0.000 -0.000 -0.000 -0.000 -0.000 -0.000  0.000 -0.000 -0.000
  17 C    6 -0.000 -0.000 -0.000 -0.000 -0.000 -0.000  0.000 -0.000 -0.000
  18 C    6 -0.000 -0.000 -0.000 -0.000 -0.000 -0.000  0.000 -0.000 -0.000
  19 C    6 -0.000 -0.000 -0.000 -0.000 -0.000 -0.000  0.000 -0.000 -0.000
  20 C    6 -0.000 -0.000 -0.000 -0.000 -0.000 -0.000  0.000 -0.000 -0.000
  21 C    6 -0.000 -0.000 -0.000 -0.000 -0.000 -0.000  0.000 -0.000 -0.000
  22 C    6 -0.000 -0.000 -0.000 -0.000 -0.000 -0.000  0.000 -0.000 -0.000
  23 C    6 -0.000 -0.000 -0.000 -0.000 -0.000 -0.000  0.000 -0.000 -0.000
  24 C    6 -0.000 -0.000 -0.000 -0.000 -0.000 -0.000  0.000 -0.000 -0.000
  25 C    6  0.000  0.000  0.000  0.000 -0.000  0.000 -0.000  0.000 -0.000
  26 C    6  0.000  0.000  0.000  0.000 -0.000  0.000 -0.000  0.000 -0.000
  27 C    6  0.000  0.000  0.000  0.000 -0.000  0.000 -0.000  0.000 -0.000
  28 C    6  0.000  0.000  0.000  0.000 -0.000  0.000 -0.000  0.000 -0.000
  29 C    6  0.000  0.000  0.000  0.000 -0.000  0.000 -0.000  0.000 -0.000
  30 C    6  0.000  0.000  0.000  0.000 -0.000  0.000 -0.000  0.000 -0.000

 OVERLAP POPULATION CONDENSED TO ATOMS FOR FIRST   6 NEIGHBORS

 ATOM A   1 C    ATOM B     CELL      R(AB)/AU R(AB)/ANG    OVPOP(AB)
                 29 C    (  0  0  0)     2.800     1.482     0.000
                 14 C    (  0  0  0)     2.842     1.504    -0.000
                 16 C    (  0  0  0)     2.906     1.538    -0.000
                 19 C    (  0  0  1)     2.961     1.567     0.000
                 24 C    (  0  0  0)     4.324     2.288    -0.000
                  9 C    (  0  0  0)     4.439     2.349     0.000

 ATOM A   7 C    ATOM B     CELL      R(AB)/AU R(AB)/ANG    OVPOP(AB)
                 17 C    (  0  0  0)     2.529     1.338    -0.000
                 29 C    (  1  0 -1)     2.727     1.443    -0.000
                 26 C    (  1  1  0)     2.785     1.474    -0.000
                  4 C    (  0  0  0)     4.439     2.349     0.000
                  9 C    (  1  0  0)     4.451     2.355     0.000
                  3 C    (  1  1  0)     4.866     2.575     0.000

 ATOM A  13 C    ATOM B     CELL      R(AB)/AU R(AB)/ANG    OVPOP(AB)
                 12 C    (  0  0  0)     2.529     1.338    -0.000
                  2 C    (  0  0  0)     2.842     1.504    -0.000
                  3 C    (  0  0  0)     2.906     1.538    -0.000
                 21 C    (  0  0  0)     4.381     2.318     0.000
                 27 C    (  1  0  0)     4.553     2.410    -0.000
                 28 C    (  0  0  0)     4.586     2.427     0.000

 ATOM A  19 C    ATOM B     CELL      R(AB)/AU R(AB)/ANG    OVPOP(AB)
                 23 C    (  0  0  0)     2.680     1.418     0.000
                  1 C    (  0  0 -1)     2.961     1.567     0.000
                  5 C    (  0  0  0)     4.324     2.288    -0.000
                 16 C    (  0  0 -1)     4.381     2.318     0.000
                  6 C    (  0  0 -1)     4.606     2.437    -0.000
                 14 C    (  0  0 -1)     4.693     2.483    -0.000

 ATOM A  25 C    ATOM B     CELL      R(AB)/AU R(AB)/ANG    OVPOP(AB)
                 12 C    (  0  1  1)     2.727     1.443    -0.000
                  8 C    (  1  1  0)     2.785     1.474    -0.000
                  6 C    (  0  0  0)     2.800     1.482     0.000
                 27 C    (  1  1  1)     4.043     2.139    -0.000
                 16 C    (  1  1  0)     4.553     2.410    -0.000
                 15 C    (  0  0  0)     4.586     2.427     0.000
 EIGENVECTORS IN FORTRAN UNIT  8
 TTTTTTTTTTTTTTTTTTTTTTTTTTTTTT END         TELAPSE      711.89 TCPU      709.57
 EEEEEEEEEE TERMINATION  DATE 31 01 2026 TIME 00:56:52.8
NODE    0 CPU TIME =       709.572
NODE    1 CPU TIME =       709.434
NODE    2 CPU TIME =       709.218
NODE    3 CPU TIME =       709.566
NODE    4 CPU TIME =       708.776
NODE    5 CPU TIME =       709.483
NODE    6 CPU TIME =       709.325
NODE    7 CPU TIME =       709.367
NODE    8 CPU TIME =       709.529
NODE    9 CPU TIME =       709.248
NODE   10 CPU TIME =       709.661
NODE   11 CPU TIME =       709.832
NODE   12 CPU TIME =       709.401
NODE   13 CPU TIME =       709.049
NODE   14 CPU TIME =       709.537
NODE   15 CPU TIME =       709.323
NODE   16 CPU TIME =       709.292
NODE   17 CPU TIME =       709.321
NODE   18 CPU TIME =       709.103
NODE   19 CPU TIME =       709.264
NODE   20 CPU TIME =       709.479
NODE   21 CPU TIME =       709.482
NODE   22 CPU TIME =       709.239
NODE   23 CPU TIME =       709.425
NODE   24 CPU TIME =       709.073
NODE   25 CPU TIME =       709.480
NODE   26 CPU TIME =       708.056
NODE   27 CPU TIME =       709.493
NODE   28 CPU TIME =       709.190
NODE   29 CPU TIME =       709.690
NODE   30 CPU TIME =       708.473
NODE   31 CPU TIME =       709.672
    TOTAL CPU TIME =     22698.056
