MPI startup(): Warning: I_MPI_PMI_LIBRARY will be ignored since the hydra process manager was found
MPI startup(): Warning: I_MPI_PMI_LIBRARY will be ignored since the hydra process manager was found
MPI startup(): Warning: I_MPI_PMI_LIBRARY will be ignored since the hydra process manager was found
MPI startup(): Warning: I_MPI_PMI_LIBRARY will be ignored since the hydra process manager was found
MPI startup(): Warning: I_MPI_PMI_LIBRARY will be ignored since the hydra process manager was found
MPI startup(): Warning: I_MPI_PMI_LIBRARY will be ignored since the hydra process manager was found
MPI startup(): Warning: I_MPI_PMI_LIBRARY will be ignored since the hydra process manager was found
MPI startup(): Warning: I_MPI_PMI_LIBRARY will be ignored since the hydra process manager was found
MPI startup(): Warning: I_MPI_PMI_LIBRARY will be ignored since the hydra process manager was found
MPI startup(): Warning: I_MPI_PMI_LIBRARY will be ignored since the hydra process manager was found
MPI startup(): Warning: I_MPI_PMI_LIBRARY will be ignored since the hydra process manager was found
MPI startup(): Warning: I_MPI_PMI_LIBRARY will be ignored since the hydra process manager was found
MPI startup(): Warning: I_MPI_PMI_LIBRARY will be ignored since the hydra process manager was found
MPI startup(): Warning: I_MPI_PMI_LIBRARY will be ignored since the hydra process manager was found
MPI startup(): Warning: I_MPI_PMI_LIBRARY will be ignored since the hydra process manager was found
MPI startup(): Warning: I_MPI_PMI_LIBRARY will be ignored since the hydra process manager was found
MPI startup(): Warning: I_MPI_PMI_LIBRARY will be ignored since the hydra process manager was found
MPI startup(): Warning: I_MPI_PMI_LIBRARY will be ignored since the hydra process manager was found
MPI startup(): Warning: I_MPI_PMI_LIBRARY will be ignored since the hydra process manager was found
MPI startup(): Warning: I_MPI_PMI_LIBRARY will be ignored since the hydra process manager was found
MPI startup(): Warning: I_MPI_PMI_LIBRARY will be ignored since the hydra process manager was found
MPI startup(): Warning: I_MPI_PMI_LIBRARY will be ignored since the hydra process manager was found
MPI startup(): Warning: I_MPI_PMI_LIBRARY will be ignored since the hydra process manager was found
MPI startup(): Warning: I_MPI_PMI_LIBRARY will be ignored since the hydra process manager was found
MPI startup(): Warning: I_MPI_PMI_LIBRARY will be ignored since the hydra process manager was found
MPI startup(): Warning: I_MPI_PMI_LIBRARY will be ignored since the hydra process manager was found
MPI startup(): Warning: I_MPI_PMI_LIBRARY will be ignored since the hydra process manager was found
MPI startup(): Warning: I_MPI_PMI_LIBRARY will be ignored since the hydra process manager was found
MPI startup(): Warning: I_MPI_PMI_LIBRARY will be ignored since the hydra process manager was found
MPI startup(): Warning: I_MPI_PMI_LIBRARY will be ignored since the hydra process manager was found
MPI startup(): Warning: I_MPI_PMI_LIBRARY will be ignored since the hydra process manager was found
MPI startup(): Warning: I_MPI_PMI_LIBRARY will be ignored since the hydra process manager was found
 PROCESS            7  OF           32  WORKING
 PROCESS           31  OF           32  WORKING
 PROCESS           23  OF           32  WORKING
 PROCESS            4  OF           32  WORKING
 PROCESS           29  OF           32  WORKING
 PROCESS           14  OF           32  WORKING
 PROCESS           27  OF           32  WORKING
 PROCESS            3  OF           32  WORKING
 PROCESS           13  OF           32  WORKING
 PROCESS           18  OF           32  WORKING
 PROCESS           19  OF           32  WORKING
 PROCESS           20  OF           32  WORKING
 PROCESS           12  OF           32  WORKING
 PROCESS           24  OF           32  WORKING
 PROCESS           25  OF           32  WORKING
 PROCESS           10  OF           32  WORKING
 PROCESS           15  OF           32  WORKING
 PROCESS           21  OF           32  WORKING
 PROCESS            5  OF           32  WORKING
 PROCESS            2  OF           32  WORKING
 PROCESS           16  OF           32  WORKING
 PROCESS           22  OF           32  WORKING
 PROCESS            0  OF           32  WORKING
 PROCESS           11  OF           32  WORKING
 PROCESS            6  OF           32  WORKING
 PROCESS            8  OF           32  WORKING
 PROCESS           17  OF           32  WORKING
 PROCESS           28  OF           32  WORKING
 PROCESS           26  OF           32  WORKING
 PROCESS           30  OF           32  WORKING

         
 *******************************************************************************
 *                                                                             *
 *                               CRYSTAL23                                     *
 *                      public : 1.0.1 - October 2022                          *
 *                       HTTP://WWW.CRYSTAL.UNITO.IT                           *
 *                                                                             *
 *                              MAIN AUTHORS                                   *
 *                                                                             *
 *  R. DOVESI(1,11), V.R. SAUNDERS(2), C. ROETTI(1,11), R. ORLANDO(1,11),      *
 *  C.M. ZICOVICH-WILSON(1,3), F. PASCALE(4), B. CIVALLERI(1,11),              *
 *  K. DOLL(5), N.M. HARRISON(6), I.J. BUSH(7), Ph. D'ARCO(8),                 *
 *  M. LLUNELL(9), M. CAUSA'(10), Y. NOEL(8), L. MASCHIO(1,11), A. ERBA(1,11)  *
 *  M. RE'RAT(14), S. CASASSA(1,11), B.G. SEARLE(2), J.K. DESMARAIS(1)         *
 *                                                                             *
 *        CONTRIBUTIONS TO THE CODE HAVE ALSO BEEN GIVEN BY                    *
 *                                                                             *
 *  M. FERRABONE(1,11), M. DE LA PIERRE(1,11), M. FERRERO(1,11),               *
 *  J. BAIMA(1,11), E. ALBANESE(1,11), M.F. PEINTINGER(12), R. BAST(13),       *
 *  B. KIRTMAN(15), V. LACIVITA(1,11), R. DEMICHELIS(1,16)                     *
 *  G. BRANDEBURG(17), S. SALUSTRO(1,11), G. SANSONE(1,11)                     *
 *  M.T. RUGGIERO(18), L.E. DAGA(1), L. DONA'(1), A. COSSARD(1)                *
 *                                                                             *
 * (1) THEORETICAL CHEMISTRY GROUP - UNIVERSITA' DI TORINO - TORINO (ITALY)    *
 * (2) SCIENTIFIC COMPUTING DEPARTMENT - STFC DARESBURY (UK)                   *
 * (3) UNIVERSIDAD AUTONOMA DEL ESTADO DE MORELOS - CUERNAVACA (MEXICO)        *
 * (4) UNIVERSITE' DE LORRAINE - NANCY (FRANCE)                                *
 * (5) UNIVERSITAET STUTTGART- STUTTGART (GERMANY)                             *
 * (6) IMPERIAL COLLEGE - LONDON (UK)                                          *
 * (7) SCIENTIFIC COMPUTING DEPARTMENT - STFC RAL (UK)                         *
 * (8) UPMC - SORBONNE UNIVERSITES - PARIS (FRANCE)                            *
 * (9) UNIVERSIDAD DE BARCELONA - BARCELONA (SPAIN)                            *
 *(10) UNIVERSITA' DI NAPOLI "FEDERICO II" - NAPOLI (ITALY)                    *
 *(11) NIS - NANOSTRUCTURED INTERFACES AND SURFACES - TORINO (ITALY)           *
 *(12) MPI FUER CHEMISCHE ENERGIEKONVERSION - MUELHEIM AN DER RUHR (GERMANY)   *
 *(13) UNIVERSITY OF TROMSO - TROMSO (NORWAY)                                  *
 *(14) UNIVERSITE' DE PAU ET DES PAYS DE L'ADOUR - PAU (FRANCE)                *
 *(15) UNIVERSITY OF CALIFORNIA SANTA BARBARA - SANTA BARBARA (USA)            *
 *(16) CURTIN UNIVERSITY - PERTH (AUSTRALIA)                                   *
 *(17) UNIVERSITY COLLEGE LONDON - LONDON (UK)                                 *
 *(18) UNIVERSITY OF VERMONT - BURLINGTON (USA)                                *
 *                                                                             *
 *******************************************************************************
 EEEEEEEEEE STARTING  DATE 30 01 2026 TIME 21:28:03.3
 ./3^5T27-CA_rev1_sp_B3LYP-D3-D3_optimized                                       
 PROCESS            1  OF           32  WORKING
 PROCESS            9  OF           32  WORKING

 CRYSTAL CALCULATION
 (INPUT ACCORDING TO THE INTERNATIONAL TABLES FOR X-RAY CRYSTALLOGRAPHY)
 CRYSTAL FAMILY                       :  HEXAGONAL   
 CRYSTAL CLASS  (GROTH - 1921)        :  TRIGONAL TRAPEZOHEDRAL               

 SPACE GROUP (NONCENTROSYMMETRIC)     :  P 3 1 2         

 LATTICE PARAMETERS  (ANGSTROMS AND DEGREES) - CONVENTIONAL CELL
        A           B           C        ALPHA        BETA       GAMMA
     6.80424     6.80424     8.02268    90.00000    90.00000   120.00000


 NUMBER OF IRREDUCIBLE ATOMS IN THE CONVENTIONAL CELL:    5

 INPUT COORDINATES

 ATOM AT. N.              COORDINATES
   1   6    -1.109099556459E-03  2.039387625351E-01 -1.417692329726E-03
   2   6     3.018044528039E-01 -1.505993890142E-01  2.884211763692E-01
   3   6     3.748656223318E-01 -1.106273371107E-01 -2.066063454628E-01
   4   6    -4.589500359980E-01 -1.346609794615E-01 -4.547455472610E-01
   5   6     1.483276321837E-02 -4.045910183385E-01  5.512965934134E-02

 *******************************************************************************

 << INFORMATION >>: FROM NOW ON, ALL COORDINATES REFER TO THE PRIMITIVE CELL

 *******************************************************************************

 LATTICE PARAMETERS  (ANGSTROMS AND DEGREES) - PRIMITIVE CELL
       A          B          C        ALPHA      BETA     GAMMA        VOLUME
    6.80424    6.80424    8.02268    90.00000  90.00000 120.00000    321.669689

 COORDINATES OF THE EQUIVALENT ATOMS (FRACTIONAL UNITS)

 N. ATOM EQUIV AT. N.          X                  Y                  Z

   1   1   1    6 C    -1.10909955646E-03  2.03938762535E-01 -1.41769232973E-03
   2   1   2    6 C    -2.03938762535E-01 -2.05047862092E-01 -1.41769232973E-03
   3   1   3    6 C     2.05047862092E-01  1.10909955646E-03 -1.41769232973E-03
   4   1   4    6 C    -2.03938762535E-01  1.10909955646E-03  1.41769232973E-03
   5   1   5    6 C    -1.10909955646E-03 -2.05047862092E-01  1.41769232973E-03
   6   1   6    6 C     2.05047862092E-01  2.03938762535E-01  1.41769232973E-03

   7   2   1    6 C     3.01804452804E-01 -1.50599389014E-01  2.88421176369E-01
   8   2   2    6 C     1.50599389014E-01  4.52403841818E-01  2.88421176369E-01
   9   2   3    6 C    -4.52403841818E-01 -3.01804452804E-01  2.88421176369E-01
  10   2   4    6 C     1.50599389014E-01 -3.01804452804E-01 -2.88421176369E-01
  11   2   5    6 C     3.01804452804E-01  4.52403841818E-01 -2.88421176369E-01
  12   2   6    6 C    -4.52403841818E-01 -1.50599389014E-01 -2.88421176369E-01

  13   3   1    6 C     3.74865622332E-01 -1.10627337111E-01 -2.06606345463E-01
  14   3   2    6 C     1.10627337111E-01  4.85492959442E-01 -2.06606345463E-01
  15   3   3    6 C    -4.85492959442E-01 -3.74865622332E-01 -2.06606345463E-01
  16   3   4    6 C     1.10627337111E-01 -3.74865622332E-01  2.06606345463E-01
  17   3   5    6 C     3.74865622332E-01  4.85492959442E-01  2.06606345463E-01
  18   3   6    6 C    -4.85492959442E-01 -1.10627337111E-01  2.06606345463E-01

  19   4   1    6 C    -4.58950035998E-01 -1.34660979461E-01 -4.54745547261E-01
  20   4   2    6 C     1.34660979461E-01 -3.24289056536E-01 -4.54745547261E-01
  21   4   3    6 C     3.24289056536E-01  4.58950035998E-01 -4.54745547261E-01
  22   4   4    6 C     1.34660979461E-01  4.58950035998E-01  4.54745547261E-01
  23   4   5    6 C    -4.58950035998E-01 -3.24289056536E-01  4.54745547261E-01
  24   4   6    6 C     3.24289056536E-01 -1.34660979461E-01  4.54745547261E-01

  25   5   1    6 C     1.48327632184E-02 -4.04591018338E-01  5.51296593413E-02
  26   5   2    6 C     4.04591018338E-01  4.19423781557E-01  5.51296593413E-02
  27   5   3    6 C    -4.19423781557E-01 -1.48327632184E-02  5.51296593413E-02
  28   5   4    6 C     4.04591018338E-01 -1.48327632184E-02 -5.51296593413E-02
  29   5   5    6 C     1.48327632184E-02  4.19423781557E-01 -5.51296593413E-02
  30   5   6    6 C    -4.19423781557E-01 -4.04591018338E-01 -5.51296593413E-02

 NUMBER OF SYMMETRY OPERATORS         :    6
 *******************************************************************************
 * GEOMETRY EDITING - INPUT COORDINATES ARE GIVEN IN ANGSTROM         
 *******************************************************************************

 GEOMETRY NOW FULLY CONSISTENT WITH THE GROUP

 GCALCO - MAX INDICES DIRECT LATTICE VECTOR    16    16    12
 NO.OF VECTORS CREATED 6999 STARS  378 RMAX   153.78673 BOHR

 GEOMETRY FOR WAVE FUNCTION - DIMENSIONALITY OF THE SYSTEM    3
 (NON PERIODIC DIRECTION: LATTICE PARAMETER FORMALLY SET TO 500)
 *******************************************************************************
 LATTICE PARAMETERS (ANGSTROMS AND DEGREES) - BOHR = 0.5291772083 ANGSTROM
 PRIMITIVE CELL - CENTRING CODE 1/0 VOLUME=   321.669689 - DENSITY  1.858 g/cm^3
         A              B              C           ALPHA      BETA       GAMMA 
     6.80424456     6.80424456     8.02268384    90.000000  90.000000 120.000000
 *******************************************************************************
 ATOMS IN THE ASYMMETRIC UNIT    5 - ATOMS IN THE UNIT CELL:   30
     ATOM                 X/A                 Y/B                 Z/C    
 *******************************************************************************
      1 T   6 C    -1.109099556459E-03  2.039387625351E-01 -1.417692329726E-03
      2 F   6 C    -2.039387625351E-01 -2.050478620916E-01 -1.417692329726E-03
      3 F   6 C     2.050478620916E-01  1.109099556459E-03 -1.417692329726E-03
      4 F   6 C    -2.039387625351E-01  1.109099556459E-03  1.417692329726E-03
      5 F   6 C    -1.109099556459E-03 -2.050478620916E-01  1.417692329726E-03
      6 F   6 C     2.050478620916E-01  2.039387625351E-01  1.417692329726E-03
      7 T   6 C     3.018044528039E-01 -1.505993890142E-01  2.884211763692E-01
      8 F   6 C     1.505993890142E-01  4.524038418181E-01  2.884211763692E-01
      9 F   6 C    -4.524038418181E-01 -3.018044528039E-01  2.884211763692E-01
     10 F   6 C     1.505993890142E-01 -3.018044528039E-01 -2.884211763692E-01
     11 F   6 C     3.018044528039E-01  4.524038418181E-01 -2.884211763692E-01
     12 F   6 C    -4.524038418181E-01 -1.505993890142E-01 -2.884211763692E-01
     13 T   6 C     3.748656223318E-01 -1.106273371107E-01 -2.066063454628E-01
     14 F   6 C     1.106273371107E-01  4.854929594425E-01 -2.066063454628E-01
     15 F   6 C    -4.854929594425E-01 -3.748656223318E-01 -2.066063454628E-01
     16 F   6 C     1.106273371107E-01 -3.748656223318E-01  2.066063454628E-01
     17 F   6 C     3.748656223318E-01  4.854929594425E-01  2.066063454628E-01
     18 F   6 C    -4.854929594425E-01 -1.106273371107E-01  2.066063454628E-01
     19 T   6 C    -4.589500359980E-01 -1.346609794615E-01 -4.547455472610E-01
     20 F   6 C     1.346609794615E-01 -3.242890565365E-01 -4.547455472610E-01
     21 F   6 C     3.242890565365E-01  4.589500359980E-01 -4.547455472610E-01
     22 F   6 C     1.346609794615E-01  4.589500359980E-01  4.547455472610E-01
     23 F   6 C    -4.589500359980E-01 -3.242890565365E-01  4.547455472610E-01
     24 F   6 C     3.242890565365E-01 -1.346609794615E-01  4.547455472610E-01
     25 T   6 C     1.483276321837E-02 -4.045910183385E-01  5.512965934134E-02
     26 F   6 C     4.045910183385E-01  4.194237815569E-01  5.512965934134E-02
     27 F   6 C    -4.194237815569E-01 -1.483276321837E-02  5.512965934134E-02
     28 F   6 C     4.045910183385E-01 -1.483276321837E-02 -5.512965934134E-02
     29 F   6 C     1.483276321837E-02  4.194237815569E-01 -5.512965934134E-02
     30 F   6 C    -4.194237815569E-01 -4.045910183385E-01 -5.512965934134E-02

 T = ATOM BELONGING TO THE ASYMMETRIC UNIT

 ****    6 SYMMOPS - TRANSLATORS IN FRACTIONAL UNITS
 **** MATRICES AND TRANSLATORS IN THE CRYSTALLOGRAPHIC REFERENCE FRAME
   V INV                    ROTATION MATRICES                   TRANSLATORS
   1   1  1.00  0.00  0.00  0.00  1.00  0.00  0.00  0.00  1.00  0.00  0.00  0.00
   2   3 -0.00 -1.00  0.00  1.00 -1.00  0.00  0.00  0.00  1.00  0.00  0.00  0.00
   3   2 -1.00  1.00  0.00 -1.00 -0.00  0.00  0.00  0.00  1.00  0.00  0.00  0.00
   4   4 -0.00 -1.00  0.00 -1.00  0.00  0.00  0.00  0.00 -1.00  0.00  0.00  0.00
   5   5  1.00  0.00  0.00  1.00 -1.00  0.00  0.00  0.00 -1.00  0.00  0.00  0.00
   6   6 -1.00  1.00  0.00  0.00  1.00  0.00  0.00  0.00 -1.00  0.00  0.00  0.00

 DIRECT LATTICE VECTORS CARTESIAN COMPONENTS (ANGSTROM)
          X                    Y                    Z
   0.589264864252E+01  -0.340212228000E+01   0.000000000000E+00
   0.000000000000E+00   0.680424456000E+01   0.000000000000E+00
   0.000000000000E+00   0.000000000000E+00   0.802268384000E+01


 CARTESIAN COORDINATES - PRIMITIVE CELL
 *******************************************************************************
 *      ATOM          X(ANGSTROM)         Y(ANGSTROM)         Z(ANGSTROM)
 *******************************************************************************
    1     6 C    -6.535533995790E-03  1.391422507864E+00 -1.137369734378E-02
    2     6 C    -1.201739472210E+00 -7.013711923998E-01 -1.137369734378E-02
    3     6 C     1.208275006206E+00 -6.900513154645E-01 -1.137369734378E-02
    4     6 C    -1.201739472210E+00  7.013711923998E-01  1.137369734378E-02
    5     6 C    -6.535533995790E-03 -1.391422507864E+00  1.137369734378E-02
    6     6 C     1.208275006206E+00  6.900513154645E-01  1.137369734378E-02
    7     6 C     1.778427599122E+00 -2.051490726527E+00  2.313911910771E+00
    8     6 C     8.874292852392E-01  2.565908842894E+00  2.313911910771E+00
    9     6 C    -2.665856884361E+00 -5.144181163678E-01  2.313911910771E+00
   10     6 C     8.874292852392E-01 -2.565908842894E+00 -2.313911910771E+00
   11     6 C     1.778427599122E+00  2.051490726527E+00 -2.313911910771E+00
   12     6 C    -2.665856884361E+00  5.144181163678E-01 -2.313911910771E+00
   13     6 C     2.208951400562E+00 -2.028074142464E+00 -1.657537388986E+00
   14     6 C     6.518880278512E-01  2.927045099844E+00 -1.657537388986E+00
   15     6 C    -2.860839428413E+00 -8.989709573797E-01 -1.657537388986E+00
   16     6 C     6.518880278512E-01 -2.927045099844E+00  1.657537388986E+00
   17     6 C     2.208951400562E+00  2.028074142464E+00  1.657537388986E+00
   18     6 C    -2.860839428413E+00  8.989709573797E-01  1.657537388986E+00
   19     6 C    -2.704431306609E+00  6.451379059304E-01 -3.648279753323E+00
   20     6 C     7.935098378245E-01 -2.664675167279E+00 -3.648279753323E+00
   21     6 C     1.910921468785E+00  2.019537261348E+00 -3.648279753323E+00
   22     6 C     7.935098378245E-01  2.664675167279E+00  3.648279753323E+00
   23     6 C    -2.704431306609E+00 -6.451379059304E-01  3.648279753323E+00
   24     6 C     1.910921468785E+00 -2.019537261348E+00  3.648279753323E+00
   25     6 C     8.740426204358E-02 -2.803399109774E+00  4.422878271025E-01
   26     6 C     2.384112714989E+00  1.477393866216E+00  4.422878271025E-01
   27     6 C    -2.471516977033E+00  1.326005243558E+00  4.422878271025E-01
   28     6 C     2.384112714989E+00 -1.477393866216E+00 -4.422878271025E-01
   29     6 C     8.740426204358E-02  2.803399109774E+00 -4.422878271025E-01
   30     6 C    -2.471516977033E+00 -1.326005243558E+00 -4.422878271025E-01

 *******************************************************************************
 LOCAL ATOMIC FUNCTIONS BASIS SET
 *******************************************************************************
   ATOM   X(AU)   Y(AU)   Z(AU)  N. TYPE  EXPONENT  S COEF   P COEF   D/F/G COEF
 *******************************************************************************
   1 C   -0.012   2.629  -0.021
                                  1 S  
                                         1.358E+04 2.225E-04 0.000E+00 0.000E+00
                                         2.035E+03 1.723E-03 0.000E+00 0.000E+00
                                         4.632E+02 8.926E-03 0.000E+00 0.000E+00
                                         1.312E+02 3.573E-02 0.000E+00 0.000E+00
                                         4.285E+01 1.108E-01 0.000E+00 0.000E+00
                                         1.558E+01 2.430E-01 0.000E+00 0.000E+00
                                  2 S  
                                         6.207E+00 4.144E-01 0.000E+00 0.000E+00
                                         2.576E+00 2.374E-01 0.000E+00 0.000E+00
                                  3 S  
                                         4.941E-01 1.000E+00 0.000E+00 0.000E+00
                                  4 S  
                                         1.644E-01 1.000E+00 0.000E+00 0.000E+00
                           5-     7 P  
                                         3.470E+01 0.000E+00 5.333E-03 0.000E+00
                                         7.958E+00 0.000E+00 3.586E-02 0.000E+00
                                         2.378E+00 0.000E+00 1.422E-01 0.000E+00
                                         8.143E-01 0.000E+00 3.427E-01 0.000E+00
                           8-    10 P  
                                         5.662E-01 0.000E+00 1.000E+00 0.000E+00
                          11-    13 P  
                                         2.674E-01 0.000E+00 1.000E+00 0.000E+00
                          14-    18 D  
                                         8.792E-01 0.000E+00 0.000E+00 1.000E+00
   2 C   -2.271  -1.325  -0.021
   3 C    2.283  -1.304  -0.021
   4 C   -2.271   1.325   0.021
   5 C   -0.012  -2.629   0.021
   6 C    2.283   1.304   0.021
   7 C    3.361  -3.877   4.373
   8 C    1.677   4.849   4.373
   9 C   -5.038  -0.972   4.373
  10 C    1.677  -4.849  -4.373
  11 C    3.361   3.877  -4.373
  12 C   -5.038   0.972  -4.373
  13 C    4.174  -3.833  -3.132
  14 C    1.232   5.531  -3.132
  15 C   -5.406  -1.699  -3.132
  16 C    1.232  -5.531   3.132
  17 C    4.174   3.833   3.132
  18 C   -5.406   1.699   3.132
  19 C   -5.111   1.219  -6.894
  20 C    1.500  -5.036  -6.894
  21 C    3.611   3.816  -6.894
  22 C    1.500   5.036   6.894
  23 C   -5.111  -1.219   6.894
  24 C    3.611  -3.816   6.894
  25 C    0.165  -5.298   0.836
  26 C    4.505   2.792   0.836
  27 C   -4.670   2.506   0.836
  28 C    4.505  -2.792  -0.836
  29 C    0.165   5.298  -0.836
  30 C   -4.670  -2.506  -0.836
 INFORMATION **** SET_MPP **** PCRYSTAL CALCULATION
 INFORMATION **** READM2 **** NEW DEFAULT: FOCK/KS MATRIX MIXING SET TO 30 %
 INFORMATION **** READM2 **** NEW DEFAULT: FULL DIRECT SCF MODE
 INFORMATION **** READM2 **** NEW DEFAULT: COULOMB BIPOLAR BUFFER SET TO 32 Mb
 INFORMATION **** READM2 **** NEW DEFAULT: EXCHANGE BIPOLAR BUFFER SET TO 32 Mb

 *******************************************************************************
 NEW DEFAULT: DFT INTEGRATION GRID INCREASED TO XLGRID
 NEW DEFAULT: DIIS ACCELERATOR ACTIVE
 USE KEYWORD NODIIS TO TURN IT OFF
 *******************************************************************************

 INFORMATION **** DFTD3_INPUT **** PERFORM LATEST DISPERSION CORRECTION DFT-D3(BJ) WITH AUTOMATIC PARAMETER SETUP
 PLEASE CITE:
 (1) DFT-D3 Reference
  S. Grimme, J. Antony, S. Ehrlich, and H. Krieg, J. Chem. Phys. 132 (2010), 154104
 (2) BJ-Damping Reference
  S. Grimme, S. Ehrlich, and L. Goerigk, J. Comput. Chem. 32 (2011), 1456-1465
 (3) General DFT-D Review
  S. Grimme, A. Hansen, J. G. Brandenburg, and C. Bannwarth,
  Chem. Rev. 116 (2016), 5105-5154

 INFORMATION **** TOLINTEG **** COULOMB AND EXCHANGE SERIES TOLERANCES MODIFIED
 INFORMATION **** TOLDEE **** SCF TOL ON TOTAL ENERGY SET TO           9
 INFORMATION **** READM2 **** FULL DIRECT SCF (MONO AND BIEL INT) SELECTED
 INFORMATION **** MAXCYCLE **** MAX NUMBER OF SCF CYCLES SET TO         800
 INFORMATION **** DIIS **** DIIS FOR SCF ACTIVE
 INFORMATION **** DIIS **** LEVEL SHIFTER DISABLED
 INFORMATION **** PPAN ****  MULLIKEN POPULATION ANALYSIS AT THE END OF SCF
 *******************************************************************************
 N. OF ATOMS PER CELL        30  COULOMB OVERLAP TOL         (T1) 10**   -8
 NUMBER OF SHELLS           240  COULOMB PENETRATION TOL     (T2) 10**   -8
 NUMBER OF AO               540  EXCHANGE OVERLAP TOL        (T3) 10**   -8
 N. OF ELECTRONS PER CELL   180  EXCHANGE PSEUDO OVP (F(G))  (T4) 10**   -9
 CORE ELECTRONS PER CELL     60  EXCHANGE PSEUDO OVP (P(G))  (T5) 10**  -24
 N. OF SYMMETRY OPERATORS     6  POLE ORDER IN MONO ZONE                  4
 *******************************************************************************
 TYPE OF CALCULATION :  UNRESTRICTED OPEN SHELL
 KOHN-SHAM HAMILTONIAN

 (EXCHANGE)[CORRELATION] FUNCTIONAL:(BECKE 88)[LEE-YANG-PARR]

 NON-LOCAL WEIGHTING FACTOR (EXCHANGE) =           0.9000
 NON-LOCAL WEIGHTING FACTOR [CORRELATION] =        0.8100

 HYBRID EXCHANGE - PERCENTAGE OF FOCK EXCHANGE    20.0000

 SPIN POLARIZED DFT SELECTED

 CAPPA:IS1  6;IS2  6;IS3  6; K PTS MONK NET  34; SYMMOPS:K SPACE  12;G SPACE   6

 *******************************************************************************
 MAX NUMBER OF SCF CYCLES     800  CONVERGENCE ON DELTAP        10**-19
 WEIGHT OF F(I) IN F(I+1)      30% CONVERGENCE ON ENERGY        10**- 9
 SHRINK. FACT.(MONKH.)    6  6  6  NUMBER OF K POINTS IN THE IBZ     34
 SHRINKING FACTOR(GILAT NET)   12  NUMBER OF K POINTS(GILAT NET)    193
 *******************************************************************************
 *** K POINTS COORDINATES (OBLIQUE COORDINATES IN UNITS OF IS =  6)
   1-R(  0  0  0)   2-C(  1  0  0)   3-C(  2  0  0)   4-R(  3  0  0)
   5-C(  1  1  0)   6-C(  2  1  0)   7-C(  2  2  0)   8-C(  0  0  1)
   9-C(  1  0  1)  10-C(  2  0  1)  11-C(  3  0  1)  12-C(  1  1  1)
  13-C(  2  1  1)  14-C(  2  2  1)  15-C(  5  2  1)  16-C(  4  3  1)
  17-C(  4  4  1)  18-C(  0  0  2)  19-C(  1  0  2)  20-C(  2  0  2)
  21-C(  3  0  2)  22-C(  1  1  2)  23-C(  2  1  2)  24-C(  2  2  2)
  25-C(  5  2  2)  26-C(  4  3  2)  27-C(  4  4  2)  28-R(  0  0  3)
  29-C(  1  0  3)  30-C(  2  0  3)  31-R(  3  0  3)  32-C(  1  1  3)
  33-C(  2  1  3)  34-C(  2  2  3)

 DIRECT LATTICE VECTORS COMPON. (A.U.)     RECIP. LATTICE VECTORS COMPON. (A.U.) 
        X            Y            Z              X            Y            Z
   11.1354921   -6.4290794    0.0000000      0.5642486    0.0000000    0.0000000
    0.0000000   12.8581588    0.0000000      0.2821243    0.4886536    0.0000000
    0.0000000    0.0000000   15.1606753      0.0000000    0.0000000    0.4144397

 DISK SPACE FOR EIGENVECTORS (FTN 10)    18662400 REALS

 SYMMETRY ADAPTION OF THE BLOCH FUNCTIONS ENABLED
 TTTTTTTTTTTTTTTTTTTTTTTTTTTTTT gordsh1     TELAPSE        1.61 TCPU        0.55

 MATRIX SIZE: P(G) 1897134, F(G)  213990, P(G) IRR  161279, F(G) IRR   36351
 MAX G-VECTOR INDEX FOR 1- AND 2-ELECTRON INTEGRALS 137

 TTTTTTTTTTTTTTTTTTTTTTTTTTTTTT INPUT       TELAPSE        1.61 TCPU        0.56

 NEIGHBORS OF THE NON-EQUIVALENT ATOMS

 N = NUMBER OF NEIGHBORS AT DISTANCE R
    ATOM  N     R/ANG      R/AU   NEIGHBORS (ATOM LABELS AND CELL INDICES)
   1 C    1     1.3803     2.6084    4 C    0 0 0
   1 C    1     1.4029     2.6511    6 C    0 0 0
   1 C    1     1.4793     2.7954   29 C    0 0 0
   1 C    1     2.3455     4.4324   14 C    0 0 0
   1 C    2     2.4100     4.5543    2 C    0 0 0    3 C    0 0 0
   1 C    1     2.4348     4.6012   26 C    0 0 0

   7 C    1     1.3413     2.5347   24 C    0 0 0
   7 C    1     1.4852     2.8066   18 C    1 0 0
   7 C    1     1.5705     2.9678   16 C    0 0 0
   7 C    2     2.3614     4.4624    8 C    0-1 0    9 C    1 0 0
   7 C    1     2.3647     4.4686   20 C    0 0 1
   7 C    1     2.4904     4.7062   27 C    1 0 0

  13 C    1     1.3456     2.5429   28 C    0 0 0
  13 C    1     1.4852     2.8066   12 C    1 0 0
  13 C    1     1.5705     2.9678   10 C    0 0 0
  13 C    1     2.3352     4.4130   19 C    1 0 0
  13 C    1     2.3455     4.4324    3 C    0 0 0
  13 C    2     2.4174     4.5682   14 C    0-1 0   15 C    1 0 0

  19 C    1     1.3413     2.5347   12 C    0 0 0
  19 C    1     1.4806     2.7979   23 C    0 0-1
  19 C    1     1.6439     3.1066   24 C   -1 0-1
  19 C    1     2.3352     4.4130   13 C   -1 0 0
  19 C    1     2.3647     4.4686    9 C    0 0-1
  19 C    2     2.3965     4.5287   20 C   -1 0 0   21 C   -1-1 0

  25 C    1     1.3456     2.5429   16 C    0 0 0
  25 C    1     1.4793     2.7954    5 C    0 0 0
  25 C    1     1.4887     2.8133   29 C    0-1 0
  25 C    1     2.4251     4.5827   14 C    0-1 0
  25 C    1     2.4348     4.6012    3 C    0 0 0
  25 C    1     2.4904     4.7062    8 C    0-1 0


 SYMMETRY ALLOWED INTERNAL DEGREE(S) OF FREEDOM:  15
 TTTTTTTTTTTTTTTTTTTTTTTTTTTTTT SYMM        TELAPSE        1.67 TCPU        0.60
 TTTTTTTTTTTTTTTTTTTTTTTTTTTTTT INT_SCREEN  TELAPSE        1.68 TCPU        0.61

 DFT PARAMETERS

     ATOM       ELECTRONS   NET CHARGE   R(ANGSTROM)
   1   6  C       6.0000      0.0000     0.77000000

 SIZE OF GRID=     156179
 TTTTTTTTTTTTTTTTTTTTTTTTTTTTTT MAKE_GRID2  TELAPSE        1.97 TCPU        0.90
 BECKE WEIGHT FUNCTION
 RADSAFE =     2.00
 TOLERANCES - DENSITY:10**- 6; POTENTIAL:10**- 9; GRID WGT:10**-14

 RADIAL INTEGRATION  - INTERVALS (POINTS,UPPER LIMIT):            1( 75,  4.0*R)

 ANGULAR INTEGRATION - INTERVALS (ACCURACY LEVEL [N. POINTS] UPPER LIMIT):
  1(  4[  86]   0.2)  2(  8[ 194]   0.5)  3( 12[ 350]   0.9)  4( 16[ 974]   3.5)
  5( 12[ 350]9999.0)
 TTTTTTTTTTTTTTTTTTTTTTTTTTTTTT INT_CALC    TELAPSE        1.99 TCPU        0.92
 EEEEEEEEEE INT_CALC TERMINATION  DATE 30 01 2026 TIME 21:28:04.1

 *******************************************************************************
 ./3^5T27-CA_rev1_sp_B3LYP-D3-D3_optimized                                       
 CRYSTAL - SCF - TYPE OF CALCULATION :  UNRESTRICTED OPEN SHELL
 *******************************************************************************

 CAPPA:IS1  6;IS2  6;IS3  6; K PTS MONK NET  34; SYMMOPS:K SPACE  12;G SPACE   6

 TTTTTTTTTTTTTTTTTTTTTTTTTTTTTT SDIK        TELAPSE        2.38 TCPU        1.31

 AAAAAAAAAAAAAAAAAAAAAAAAAAAAAAAAAAAAAAAAAAAAAAAAAAAAAAAAAAAAAAAAAAAAAAAAAAAAAAA
         ATOMIC WAVEFUNCTION(S)


 NUCLEAR CHARGE  6.0  SYMMETRY SPECIES            S    P
 N. ELECTRONS    6.0  NUMBER OF PRIMITIVE GTOS   10    6
                      NUMBER OF CONTRACTED GTOS   4    3
                      NUMBER OF CLOSED SHELLS     2    0
                      OPEN SHELL OCCUPATION       0    2

  ZNUC  SCFIT    TOTAL HF ENERGY   KINETIC ENERGY   VIRIAL THEOREM ACCURACY
   6.0    10    -3.766702350E+01  3.783137943E+01 -1.995655566E+00  1.6E-06

 AAAAAAAAAAAAAAAAAAAAAAAAAAAAAAAAAAAAAAAAAAAAAAAAAAAAAAAAAAAAAAAAAAAAAAAAAAAAAAA

 CHARGE NORMALIZATION FACTOR   1.00000000
 TOTAL ATOMIC CHARGES:
   6.0000000   6.0000000   6.0000000   6.0000000   6.0000000   6.0000000
   6.0000000   6.0000000   6.0000000   6.0000000   6.0000000   6.0000000
   6.0000000   6.0000000   6.0000000   6.0000000   6.0000000   6.0000000
   6.0000000   6.0000000   6.0000000   6.0000000   6.0000000   6.0000000
   6.0000000   6.0000000   6.0000000   6.0000000   6.0000000   6.0000000
 SUMMED SPIN DENSITY           0.00000000
 TOTAL ATOMIC SPINS  :
   0.0000000   0.0000000   0.0000000   0.0000000   0.0000000   0.0000000
   0.0000000   0.0000000   0.0000000   0.0000000   0.0000000   0.0000000
   0.0000000   0.0000000   0.0000000   0.0000000   0.0000000   0.0000000
   0.0000000   0.0000000   0.0000000   0.0000000   0.0000000   0.0000000
   0.0000000   0.0000000   0.0000000   0.0000000   0.0000000   0.0000000
 TTTTTTTTTTTTTTTTTTTTTTTTTTTTTT MOQGAD      TELAPSE        2.39 TCPU        1.32
 TTTTTTTTTTTTTTTTTTTTTTTTTTTTTT SHELLXN     TELAPSE       24.82 TCPU       23.74
 TTTTTTTTTTTTTTTTTTTTTTTTTTTTTT MONMO3      TELAPSE       24.90 TCPU       23.81
 NUMERICALLY INTEGRATED DENSITY     90.0000240321     90.0000240321
 TTTTTTTTTTTTTTTTTTTTTTTTTTTTTT NUMDFT      TELAPSE       25.59 TCPU       24.51
 CYC   0 ETOT(AU) -1.150845172913E+03 DETOT -1.15E+03 tst  0.00E+00 PX  1.00E+00
 TTTTTTTTTTTTTTTTTTTTTTTTTTTTTT DIIS        TELAPSE       25.68 TCPU       24.59
 TTTTTTTTTTTTTTTTTTTTTTTTTTTTTT FDIK        TELAPSE       41.71 TCPU       40.60
 POSSIBLY CONDUCTING STATE - EFERMI(AU) -2.0449593E-01 (RES. CHARGE  5.03E-12;IT. 12)
 TTTTTTTTTTTTTTTTTTTTTTTTTTTTTT PDIG        TELAPSE       42.02 TCPU       40.89
 CHARGE NORMALIZATION FACTOR   1.00000000
 TOTAL ATOMIC CHARGES:
   6.0066627   6.0066627   6.0066627   6.0066627   6.0066627   6.0066627
   6.0205615   6.0205615   6.0205615   6.0205615   6.0205615   6.0205615
   5.9779887   5.9779887   5.9779887   5.9779887   5.9779887   5.9779887
   6.0258727   6.0258727   6.0258727   6.0258727   6.0258727   6.0258727
   5.9689143   5.9689143   5.9689143   5.9689143   5.9689143   5.9689143
 SUMMED SPIN DENSITY          -0.00000000
 TOTAL ATOMIC SPINS  :
  -0.0000000  -0.0000000  -0.0000000  -0.0000000  -0.0000000  -0.0000000
  -0.0000000  -0.0000000  -0.0000000  -0.0000000  -0.0000000  -0.0000000
   0.0000000   0.0000000   0.0000000   0.0000000   0.0000000   0.0000000
  -0.0000000  -0.0000000  -0.0000000  -0.0000000  -0.0000000  -0.0000000
  -0.0000000  -0.0000000  -0.0000000  -0.0000000  -0.0000000  -0.0000000
 TTTTTTTTTTTTTTTTTTTTTTTTTTTTTT MOQGAD      TELAPSE       42.03 TCPU       40.90
 TTTTTTTTTTTTTTTTTTTTTTTTTTTTTT SHELLXN     TELAPSE       65.77 TCPU       64.58
 TTTTTTTTTTTTTTTTTTTTTTTTTTTTTT MONMO3      TELAPSE       65.84 TCPU       64.65
 NUMERICALLY INTEGRATED DENSITY     90.0000187995     90.0000187995
 TTTTTTTTTTTTTTTTTTTTTTTTTTTTTT NUMDFT      TELAPSE       66.52 TCPU       65.33
 CYC   1 ETOT(AU) -1.141828264171E+03 DETOT  9.02E+00 tst  0.00E+00 PX  1.00E+00
 TTTTTTTTTTTTTTTTTTTTTTTTTTTTTT DIIS        TELAPSE       66.66 TCPU       65.45
 DIIS TEST: 0.12567E+01 AT SCF   CYCLE   1 - MIX   30 %
 TTTTTTTTTTTTTTTTTTTTTTTTTTTTTT FDIK        TELAPSE       69.29 TCPU       68.05

    ALPHA      ELECTRONS
 INSULATING STATE
 TOP OF VALENCE BANDS -    BAND     90; K    7; EIG -1.5753639E-01 AU
 TOP OF VALENCE BANDS -    BAND     90; K    1; EIG -1.6294175E-01 AU
 BOTTOM OF VIRTUAL BANDS - BAND     91; K   14; EIG -1.4629844E-01 AU
 INDIRECT ENERGY BAND GAP:   0.3058 eV
 BOTTOM OF VIRTUAL BANDS - BAND     91; K    1; EIG -1.4405600E-01 AU

    BETA       ELECTRONS
 INSULATING STATE
 TOP OF VALENCE BANDS -    BAND     90; K    7; EIG -1.5753639E-01 AU
 TOP OF VALENCE BANDS -    BAND     90; K    1; EIG -1.6294175E-01 AU
 BOTTOM OF VIRTUAL BANDS - BAND     91; K   14; EIG -1.4629844E-01 AU
 INDIRECT ENERGY BAND GAP:   0.3058 eV
 BOTTOM OF VIRTUAL BANDS - BAND     91; K    1; EIG -1.4405600E-01 AU
 TTTTTTTTTTTTTTTTTTTTTTTTTTTTTT PDIG        TELAPSE       69.59 TCPU       68.35
 CHARGE NORMALIZATION FACTOR   1.00000000
 TOTAL ATOMIC CHARGES:
   5.9719792   5.9719792   5.9719792   5.9719792   5.9719792   5.9719792
   6.0171102   6.0171102   6.0171102   6.0171102   6.0171102   6.0171102
   6.0250793   6.0250793   6.0250793   6.0250793   6.0250793   6.0250793
   5.9775250   5.9775250   5.9775250   5.9775250   5.9775250   5.9775250
   6.0083063   6.0083063   6.0083063   6.0083063   6.0083063   6.0083063
 SUMMED SPIN DENSITY           0.00000000
 TOTAL ATOMIC SPINS  :
  -0.0000000  -0.0000000  -0.0000000  -0.0000000  -0.0000000  -0.0000000
  -0.0000000  -0.0000000  -0.0000000  -0.0000000  -0.0000000  -0.0000000
   0.0000000   0.0000000   0.0000000   0.0000000   0.0000000   0.0000000
  -0.0000000  -0.0000000  -0.0000000  -0.0000000  -0.0000000  -0.0000000
  -0.0000000  -0.0000000  -0.0000000  -0.0000000  -0.0000000  -0.0000000
 TTTTTTTTTTTTTTTTTTTTTTTTTTTTTT MOQGAD      TELAPSE       69.59 TCPU       68.36
 TTTTTTTTTTTTTTTTTTTTTTTTTTTTTT SHELLXN     TELAPSE       93.27 TCPU       91.99
 TTTTTTTTTTTTTTTTTTTTTTTTTTTTTT MONMO3      TELAPSE       93.35 TCPU       92.07
 NUMERICALLY INTEGRATED DENSITY     90.0000202112     90.0000202112
 TTTTTTTTTTTTTTTTTTTTTTTTTTTTTT NUMDFT      TELAPSE       94.03 TCPU       92.74
 CYC   2 ETOT(AU) -1.141904344747E+03 DETOT -7.61E-02 tst  7.79E-04 PX  8.46E-02
 TTTTTTTTTTTTTTTTTTTTTTTTTTTTTT DIIS        TELAPSE       94.12 TCPU       92.83
 DIIS TEST: 0.27870E+00 AT SCF   CYCLE   2 - DIIS ACTIVE - HISTORY:     2 CYCLES
 TTTTTTTTTTTTTTTTTTTTTTTTTTTTTT FDIK        TELAPSE       96.42 TCPU       95.10

    ALPHA      ELECTRONS
 INSULATING STATE
 TOP OF VALENCE BANDS -    BAND     90; K    7; EIG -1.5374068E-01 AU
 TOP OF VALENCE BANDS -    BAND     90; K    1; EIG -1.6329818E-01 AU
 BOTTOM OF VIRTUAL BANDS - BAND     91; K   14; EIG -1.3740460E-01 AU
 INDIRECT ENERGY BAND GAP:   0.4445 eV
 BOTTOM OF VIRTUAL BANDS - BAND     91; K    1; EIG -1.3471897E-01 AU

    BETA       ELECTRONS
 INSULATING STATE
 TOP OF VALENCE BANDS -    BAND     90; K    7; EIG -1.5374068E-01 AU
 TOP OF VALENCE BANDS -    BAND     90; K    1; EIG -1.6329818E-01 AU
 BOTTOM OF VIRTUAL BANDS - BAND     91; K   14; EIG -1.3740460E-01 AU
 INDIRECT ENERGY BAND GAP:   0.4445 eV
 BOTTOM OF VIRTUAL BANDS - BAND     91; K    1; EIG -1.3471897E-01 AU
 TTTTTTTTTTTTTTTTTTTTTTTTTTTTTT PDIG        TELAPSE       96.72 TCPU       95.39
 CHARGE NORMALIZATION FACTOR   1.00000000
 TOTAL ATOMIC CHARGES:
   5.9959305   5.9959305   5.9959305   5.9959305   5.9959305   5.9959305
   5.9692328   5.9692328   5.9692328   5.9692328   5.9692328   5.9692328
   6.0002571   6.0002571   6.0002571   6.0002571   6.0002571   6.0002571
   6.1038778   6.1038778   6.1038778   6.1038778   6.1038778   6.1038778
   5.9307019   5.9307019   5.9307019   5.9307019   5.9307019   5.9307019
 SUMMED SPIN DENSITY           0.00000000
 TOTAL ATOMIC SPINS  :
   0.0000000   0.0000000   0.0000000   0.0000000   0.0000000   0.0000000
  -0.0000000  -0.0000000  -0.0000000  -0.0000000  -0.0000000  -0.0000000
   0.0000000   0.0000000   0.0000000   0.0000000   0.0000000   0.0000000
  -0.0000000  -0.0000000  -0.0000000  -0.0000000  -0.0000000  -0.0000000
  -0.0000000  -0.0000000  -0.0000000  -0.0000000  -0.0000000  -0.0000000
 TTTTTTTTTTTTTTTTTTTTTTTTTTTTTT MOQGAD      TELAPSE       96.73 TCPU       95.40
 TTTTTTTTTTTTTTTTTTTTTTTTTTTTTT SHELLXN     TELAPSE      120.44 TCPU      119.04
 TTTTTTTTTTTTTTTTTTTTTTTTTTTTTT MONMO3      TELAPSE      120.51 TCPU      119.11
 NUMERICALLY INTEGRATED DENSITY     90.0000203101     90.0000203101
 TTTTTTTTTTTTTTTTTTTTTTTTTTTTTT NUMDFT      TELAPSE      121.25 TCPU      119.85
 CYC   3 ETOT(AU) -1.141882768062E+03 DETOT  2.16E-02 tst  4.84E-04 PX  3.31E-02
 TTTTTTTTTTTTTTTTTTTTTTTTTTTTTT DIIS        TELAPSE      121.40 TCPU      119.97
 DIIS TEST: 0.10195E+01 AT SCF   CYCLE   3 - DIIS ACTIVE - HISTORY:     3 CYCLES
 TTTTTTTTTTTTTTTTTTTTTTTTTTTTTT FDIK        TELAPSE      123.66 TCPU      122.09

    ALPHA      ELECTRONS
 INSULATING STATE
 TOP OF VALENCE BANDS -    BAND     90; K    7; EIG -1.5862413E-01 AU
 TOP OF VALENCE BANDS -    BAND     90; K    1; EIG -1.6542418E-01 AU
 BOTTOM OF VIRTUAL BANDS - BAND     91; K   14; EIG -1.3608380E-01 AU
 INDIRECT ENERGY BAND GAP:   0.6134 eV
 BOTTOM OF VIRTUAL BANDS - BAND     91; K    1; EIG -1.3289172E-01 AU

    BETA       ELECTRONS
 INSULATING STATE
 TOP OF VALENCE BANDS -    BAND     90; K    7; EIG -1.5862413E-01 AU
 TOP OF VALENCE BANDS -    BAND     90; K    1; EIG -1.6542418E-01 AU
 BOTTOM OF VIRTUAL BANDS - BAND     91; K   14; EIG -1.3608380E-01 AU
 INDIRECT ENERGY BAND GAP:   0.6134 eV
 BOTTOM OF VIRTUAL BANDS - BAND     91; K    1; EIG -1.3289172E-01 AU
 TTTTTTTTTTTTTTTTTTTTTTTTTTTTTT PDIG        TELAPSE      123.95 TCPU      122.39
 CHARGE NORMALIZATION FACTOR   1.00000000
 TOTAL ATOMIC CHARGES:
   6.0008657   6.0008657   6.0008657   6.0008657   6.0008657   6.0008657
   6.0393550   6.0393550   6.0393550   6.0393550   6.0393550   6.0393550
   5.9808993   5.9808993   5.9808993   5.9808993   5.9808993   5.9808993
   5.9863447   5.9863447   5.9863447   5.9863447   5.9863447   5.9863447
   5.9925353   5.9925353   5.9925353   5.9925353   5.9925353   5.9925353
 SUMMED SPIN DENSITY          -0.00000000
 TOTAL ATOMIC SPINS  :
  -0.0000000  -0.0000000  -0.0000000  -0.0000000  -0.0000000  -0.0000000
   0.0000000   0.0000000   0.0000000   0.0000000   0.0000000   0.0000000
   0.0000000   0.0000000   0.0000000   0.0000000   0.0000000   0.0000000
  -0.0000000  -0.0000000  -0.0000000  -0.0000000  -0.0000000  -0.0000000
   0.0000000   0.0000000   0.0000000   0.0000000   0.0000000   0.0000000
 TTTTTTTTTTTTTTTTTTTTTTTTTTTTTT MOQGAD      TELAPSE      123.96 TCPU      122.39
 TTTTTTTTTTTTTTTTTTTTTTTTTTTTTT SHELLXN     TELAPSE      147.66 TCPU      146.04
 TTTTTTTTTTTTTTTTTTTTTTTTTTTTTT MONMO3      TELAPSE      147.74 TCPU      146.11
 NUMERICALLY INTEGRATED DENSITY     90.0000199748     90.0000199748
 TTTTTTTTTTTTTTTTTTTTTTTTTTTTTT NUMDFT      TELAPSE      148.41 TCPU      146.79
 CYC   4 ETOT(AU) -1.141911417539E+03 DETOT -2.86E-02 tst  4.25E-04 PX  2.59E-02
 TTTTTTTTTTTTTTTTTTTTTTTTTTTTTT DIIS        TELAPSE      148.49 TCPU      146.86
 DIIS TEST: 0.75545E-01 AT SCF   CYCLE   4 - DIIS ACTIVE - HISTORY:     4 CYCLES
 TTTTTTTTTTTTTTTTTTTTTTTTTTTTTT FDIK        TELAPSE      150.87 TCPU      149.19

    ALPHA      ELECTRONS
 INSULATING STATE
 TOP OF VALENCE BANDS -    BAND     90; K    7; EIG -1.6036864E-01 AU
 TOP OF VALENCE BANDS -    BAND     90; K    1; EIG -1.6645924E-01 AU
 BOTTOM OF VIRTUAL BANDS - BAND     91; K   14; EIG -1.3586802E-01 AU
 INDIRECT ENERGY BAND GAP:   0.6667 eV
 BOTTOM OF VIRTUAL BANDS - BAND     91; K    1; EIG -1.3307678E-01 AU

    BETA       ELECTRONS
 INSULATING STATE
 TOP OF VALENCE BANDS -    BAND     90; K    7; EIG -1.6036864E-01 AU
 TOP OF VALENCE BANDS -    BAND     90; K    1; EIG -1.6645924E-01 AU
 BOTTOM OF VIRTUAL BANDS - BAND     91; K   14; EIG -1.3586802E-01 AU
 INDIRECT ENERGY BAND GAP:   0.6667 eV
 BOTTOM OF VIRTUAL BANDS - BAND     91; K    1; EIG -1.3307678E-01 AU
 TTTTTTTTTTTTTTTTTTTTTTTTTTTTTT PDIG        TELAPSE      151.17 TCPU      149.49
 CHARGE NORMALIZATION FACTOR   1.00000000
 TOTAL ATOMIC CHARGES:
   5.9839572   5.9839572   5.9839572   5.9839572   5.9839572   5.9839572
   6.0132133   6.0132133   6.0132133   6.0132133   6.0132133   6.0132133
   6.0054667   6.0054667   6.0054667   6.0054667   6.0054667   6.0054667
   6.0118550   6.0118550   6.0118550   6.0118550   6.0118550   6.0118550
   5.9855078   5.9855078   5.9855078   5.9855078   5.9855078   5.9855078
 SUMMED SPIN DENSITY           0.00000000
 TOTAL ATOMIC SPINS  :
   0.0000000   0.0000000   0.0000000   0.0000000   0.0000000   0.0000000
   0.0000000   0.0000000   0.0000000   0.0000000   0.0000000   0.0000000
   0.0000000   0.0000000   0.0000000   0.0000000   0.0000000   0.0000000
  -0.0000000  -0.0000000  -0.0000000  -0.0000000  -0.0000000  -0.0000000
   0.0000000   0.0000000   0.0000000   0.0000000   0.0000000   0.0000000
 TTTTTTTTTTTTTTTTTTTTTTTTTTTTTT MOQGAD      TELAPSE      151.18 TCPU      149.49
 TTTTTTTTTTTTTTTTTTTTTTTTTTTTTT SHELLXN     TELAPSE      174.86 TCPU      173.05
 TTTTTTTTTTTTTTTTTTTTTTTTTTTTTT MONMO3      TELAPSE      174.94 TCPU      173.12
 NUMERICALLY INTEGRATED DENSITY     90.0000200336     90.0000200336
 TTTTTTTTTTTTTTTTTTTTTTTTTTTTTT NUMDFT      TELAPSE      175.62 TCPU      173.80
 CYC   5 ETOT(AU) -1.141913997815E+03 DETOT -2.58E-03 tst  2.79E-05 PX  5.57E-03
 TTTTTTTTTTTTTTTTTTTTTTTTTTTTTT DIIS        TELAPSE      175.70 TCPU      173.86
 DIIS TEST: 0.38615E-02 AT SCF   CYCLE   5 - DIIS ACTIVE - HISTORY:     5 CYCLES
 TTTTTTTTTTTTTTTTTTTTTTTTTTTTTT FDIK        TELAPSE      177.95 TCPU      176.10

    ALPHA      ELECTRONS
 INSULATING STATE
 TOP OF VALENCE BANDS -    BAND     90; K    7; EIG -1.5956746E-01 AU
 TOP OF VALENCE BANDS -    BAND     90; K    1; EIG -1.6602647E-01 AU
 BOTTOM OF VIRTUAL BANDS - BAND     91; K   14; EIG -1.3512775E-01 AU
 INDIRECT ENERGY BAND GAP:   0.6650 eV
 BOTTOM OF VIRTUAL BANDS - BAND     91; K    1; EIG -1.3223358E-01 AU

    BETA       ELECTRONS
 INSULATING STATE
 TOP OF VALENCE BANDS -    BAND     90; K    7; EIG -1.5956746E-01 AU
 TOP OF VALENCE BANDS -    BAND     90; K    1; EIG -1.6602647E-01 AU
 BOTTOM OF VIRTUAL BANDS - BAND     91; K   14; EIG -1.3512775E-01 AU
 INDIRECT ENERGY BAND GAP:   0.6650 eV
 BOTTOM OF VIRTUAL BANDS - BAND     91; K    1; EIG -1.3223358E-01 AU
 TTTTTTTTTTTTTTTTTTTTTTTTTTTTTT PDIG        TELAPSE      178.25 TCPU      176.39
 CHARGE NORMALIZATION FACTOR   1.00000000
 TOTAL ATOMIC CHARGES:
   5.9900734   5.9900734   5.9900734   5.9900734   5.9900734   5.9900734
   6.0144112   6.0144112   6.0144112   6.0144112   6.0144112   6.0144112
   5.9980632   5.9980632   5.9980632   5.9980632   5.9980632   5.9980632
   6.0116712   6.0116712   6.0116712   6.0116712   6.0116712   6.0116712
   5.9857811   5.9857811   5.9857811   5.9857811   5.9857811   5.9857811
 SUMMED SPIN DENSITY           0.00000000
 TOTAL ATOMIC SPINS  :
  -0.0000000  -0.0000000  -0.0000000  -0.0000000  -0.0000000  -0.0000000
   0.0000000   0.0000000   0.0000000   0.0000000   0.0000000   0.0000000
   0.0000000   0.0000000   0.0000000   0.0000000   0.0000000   0.0000000
  -0.0000000  -0.0000000  -0.0000000  -0.0000000  -0.0000000  -0.0000000
   0.0000000   0.0000000   0.0000000   0.0000000   0.0000000   0.0000000
 TTTTTTTTTTTTTTTTTTTTTTTTTTTTTT MOQGAD      TELAPSE      178.26 TCPU      176.40
 TTTTTTTTTTTTTTTTTTTTTTTTTTTTTT SHELLXN     TELAPSE      201.99 TCPU      200.09
 TTTTTTTTTTTTTTTTTTTTTTTTTTTTTT MONMO3      TELAPSE      202.06 TCPU      200.17
 NUMERICALLY INTEGRATED DENSITY     90.0000200830     90.0000200830
 TTTTTTTTTTTTTTTTTTTTTTTTTTTTTT NUMDFT      TELAPSE      202.74 TCPU      200.84
 CYC   6 ETOT(AU) -1.141914116612E+03 DETOT -1.19E-04 tst  2.78E-06 PX  1.79E-03
 TTTTTTTTTTTTTTTTTTTTTTTTTTTTTT DIIS        TELAPSE      202.88 TCPU      200.98
 DIIS TEST: 0.13835E-02 AT SCF   CYCLE   6 - DIIS ACTIVE - HISTORY:     6 CYCLES
 TTTTTTTTTTTTTTTTTTTTTTTTTTTTTT FDIK        TELAPSE      205.16 TCPU      203.23

    ALPHA      ELECTRONS
 INSULATING STATE
 TOP OF VALENCE BANDS -    BAND     90; K    7; EIG -1.5995493E-01 AU
 TOP OF VALENCE BANDS -    BAND     90; K    1; EIG -1.6634034E-01 AU
 BOTTOM OF VIRTUAL BANDS - BAND     91; K   14; EIG -1.3540404E-01 AU
 INDIRECT ENERGY BAND GAP:   0.6681 eV
 BOTTOM OF VIRTUAL BANDS - BAND     91; K    1; EIG -1.3258023E-01 AU

    BETA       ELECTRONS
 INSULATING STATE
 TOP OF VALENCE BANDS -    BAND     90; K    7; EIG -1.5995493E-01 AU
 TOP OF VALENCE BANDS -    BAND     90; K    1; EIG -1.6634034E-01 AU
 BOTTOM OF VIRTUAL BANDS - BAND     91; K   14; EIG -1.3540404E-01 AU
 INDIRECT ENERGY BAND GAP:   0.6681 eV
 BOTTOM OF VIRTUAL BANDS - BAND     91; K    1; EIG -1.3258023E-01 AU
 TTTTTTTTTTTTTTTTTTTTTTTTTTTTTT PDIG        TELAPSE      205.46 TCPU      203.53
 CHARGE NORMALIZATION FACTOR   1.00000000
 TOTAL ATOMIC CHARGES:
   5.9886436   5.9886436   5.9886436   5.9886436   5.9886436   5.9886436
   6.0171579   6.0171579   6.0171579   6.0171579   6.0171579   6.0171579
   6.0011382   6.0011382   6.0011382   6.0011382   6.0011382   6.0011382
   6.0098973   6.0098973   6.0098973   6.0098973   6.0098973   6.0098973
   5.9831629   5.9831629   5.9831629   5.9831629   5.9831629   5.9831629
 SUMMED SPIN DENSITY           0.00000000
 TOTAL ATOMIC SPINS  :
   0.0000000   0.0000000   0.0000000   0.0000000   0.0000000   0.0000000
   0.0000000   0.0000000   0.0000000   0.0000000   0.0000000   0.0000000
   0.0000000   0.0000000   0.0000000   0.0000000   0.0000000   0.0000000
  -0.0000000  -0.0000000  -0.0000000  -0.0000000  -0.0000000  -0.0000000
  -0.0000000  -0.0000000  -0.0000000  -0.0000000  -0.0000000  -0.0000000
 TTTTTTTTTTTTTTTTTTTTTTTTTTTTTT MOQGAD      TELAPSE      205.47 TCPU      203.54
 TTTTTTTTTTTTTTTTTTTTTTTTTTTTTT SHELLXN     TELAPSE      229.16 TCPU      227.19
 TTTTTTTTTTTTTTTTTTTTTTTTTTTTTT MONMO3      TELAPSE      229.24 TCPU      227.26
 NUMERICALLY INTEGRATED DENSITY     90.0000200505     90.0000200505
 TTTTTTTTTTTTTTTTTTTTTTTTTTTTTT NUMDFT      TELAPSE      229.93 TCPU      227.95
 CYC   7 ETOT(AU) -1.141914146413E+03 DETOT -2.98E-05 tst  3.91E-07 PX  9.43E-04
 TTTTTTTTTTTTTTTTTTTTTTTTTTTTTT DIIS        TELAPSE      230.05 TCPU      228.02
 DIIS TEST: 0.23389E-03 AT SCF   CYCLE   7 - DIIS ACTIVE - HISTORY:     7 CYCLES
 TTTTTTTTTTTTTTTTTTTTTTTTTTTTTT FDIK        TELAPSE      232.28 TCPU      230.22

    ALPHA      ELECTRONS
 INSULATING STATE
 TOP OF VALENCE BANDS -    BAND     90; K    7; EIG -1.5994407E-01 AU
 TOP OF VALENCE BANDS -    BAND     90; K    1; EIG -1.6632086E-01 AU
 BOTTOM OF VIRTUAL BANDS - BAND     91; K   14; EIG -1.3529782E-01 AU
 INDIRECT ENERGY BAND GAP:   0.6707 eV
 BOTTOM OF VIRTUAL BANDS - BAND     91; K    1; EIG -1.3246378E-01 AU

    BETA       ELECTRONS
 INSULATING STATE
 TOP OF VALENCE BANDS -    BAND     90; K    7; EIG -1.5994407E-01 AU
 TOP OF VALENCE BANDS -    BAND     90; K    1; EIG -1.6632086E-01 AU
 BOTTOM OF VIRTUAL BANDS - BAND     91; K   14; EIG -1.3529782E-01 AU
 INDIRECT ENERGY BAND GAP:   0.6707 eV
 BOTTOM OF VIRTUAL BANDS - BAND     91; K    1; EIG -1.3246378E-01 AU
 TTTTTTTTTTTTTTTTTTTTTTTTTTTTTT PDIG        TELAPSE      232.58 TCPU      230.51
 CHARGE NORMALIZATION FACTOR   1.00000000
 TOTAL ATOMIC CHARGES:
   5.9884378   5.9884378   5.9884378   5.9884378   5.9884378   5.9884378
   6.0157033   6.0157033   6.0157033   6.0157033   6.0157033   6.0157033
   5.9994783   5.9994783   5.9994783   5.9994783   5.9994783   5.9994783
   6.0108237   6.0108237   6.0108237   6.0108237   6.0108237   6.0108237
   5.9855569   5.9855569   5.9855569   5.9855569   5.9855569   5.9855569
 SUMMED SPIN DENSITY           0.00000000
 TOTAL ATOMIC SPINS  :
  -0.0000000  -0.0000000  -0.0000000  -0.0000000  -0.0000000  -0.0000000
   0.0000000   0.0000000   0.0000000   0.0000000   0.0000000   0.0000000
   0.0000000   0.0000000   0.0000000   0.0000000   0.0000000   0.0000000
  -0.0000000  -0.0000000  -0.0000000  -0.0000000  -0.0000000  -0.0000000
  -0.0000000  -0.0000000  -0.0000000  -0.0000000  -0.0000000  -0.0000000
 TTTTTTTTTTTTTTTTTTTTTTTTTTTTTT MOQGAD      TELAPSE      232.59 TCPU      230.52
 TTTTTTTTTTTTTTTTTTTTTTTTTTTTTT SHELLXN     TELAPSE      256.28 TCPU      254.17
 TTTTTTTTTTTTTTTTTTTTTTTTTTTTTT MONMO3      TELAPSE      256.36 TCPU      254.25
 NUMERICALLY INTEGRATED DENSITY     90.0000200549     90.0000200549
 TTTTTTTTTTTTTTTTTTTTTTTTTTTTTT NUMDFT      TELAPSE      257.04 TCPU      254.93
 CYC   8 ETOT(AU) -1.141914152272E+03 DETOT -5.86E-06 tst  8.75E-08 PX  5.49E-04
 TTTTTTTTTTTTTTTTTTTTTTTTTTTTTT DIIS        TELAPSE      257.12 TCPU      255.00
 DIIS TEST: 0.34314E-04 AT SCF   CYCLE   8 - DIIS ACTIVE - HISTORY:     8 CYCLES
 TTTTTTTTTTTTTTTTTTTTTTTTTTTTTT FDIK        TELAPSE      259.30 TCPU      257.15

    ALPHA      ELECTRONS
 INSULATING STATE
 TOP OF VALENCE BANDS -    BAND     90; K    7; EIG -1.5992040E-01 AU
 TOP OF VALENCE BANDS -    BAND     90; K    1; EIG -1.6630042E-01 AU
 BOTTOM OF VIRTUAL BANDS - BAND     91; K   14; EIG -1.3527844E-01 AU
 INDIRECT ENERGY BAND GAP:   0.6705 eV
 BOTTOM OF VIRTUAL BANDS - BAND     91; K    1; EIG -1.3244556E-01 AU

    BETA       ELECTRONS
 INSULATING STATE
 TOP OF VALENCE BANDS -    BAND     90; K    7; EIG -1.5992040E-01 AU
 TOP OF VALENCE BANDS -    BAND     90; K    1; EIG -1.6630042E-01 AU
 BOTTOM OF VIRTUAL BANDS - BAND     91; K   14; EIG -1.3527844E-01 AU
 INDIRECT ENERGY BAND GAP:   0.6705 eV
 BOTTOM OF VIRTUAL BANDS - BAND     91; K    1; EIG -1.3244556E-01 AU
 TTTTTTTTTTTTTTTTTTTTTTTTTTTTTT PDIG        TELAPSE      259.60 TCPU      257.44
 CHARGE NORMALIZATION FACTOR   1.00000000
 TOTAL ATOMIC CHARGES:
   5.9886199   5.9886199   5.9886199   5.9886199   5.9886199   5.9886199
   6.0159363   6.0159363   6.0159363   6.0159363   6.0159363   6.0159363
   6.0000826   6.0000826   6.0000826   6.0000826   6.0000826   6.0000826
   6.0105133   6.0105133   6.0105133   6.0105133   6.0105133   6.0105133
   5.9848479   5.9848479   5.9848479   5.9848479   5.9848479   5.9848479
 SUMMED SPIN DENSITY           0.00000000
 TOTAL ATOMIC SPINS  :
   0.0000000   0.0000000   0.0000000   0.0000000   0.0000000   0.0000000
   0.0000000   0.0000000   0.0000000   0.0000000   0.0000000   0.0000000
   0.0000000   0.0000000   0.0000000   0.0000000   0.0000000   0.0000000
  -0.0000000  -0.0000000  -0.0000000  -0.0000000  -0.0000000  -0.0000000
  -0.0000000  -0.0000000  -0.0000000  -0.0000000  -0.0000000  -0.0000000
 TTTTTTTTTTTTTTTTTTTTTTTTTTTTTT MOQGAD      TELAPSE      259.60 TCPU      257.45
 TTTTTTTTTTTTTTTTTTTTTTTTTTTTTT SHELLXN     TELAPSE      283.30 TCPU      281.09
 TTTTTTTTTTTTTTTTTTTTTTTTTTTTTT MONMO3      TELAPSE      283.37 TCPU      281.17
 NUMERICALLY INTEGRATED DENSITY     90.0000200553     90.0000200553
 TTTTTTTTTTTTTTTTTTTTTTTTTTTTTT NUMDFT      TELAPSE      284.05 TCPU      281.85
 CYC   9 ETOT(AU) -1.141914154125E+03 DETOT -1.85E-06 tst  8.24E-09 PX  1.54E-04
 TTTTTTTTTTTTTTTTTTTTTTTTTTTTTT DIIS        TELAPSE      284.15 TCPU      281.90
 DIIS TEST: 0.94706E-06 AT SCF   CYCLE   9 - DIIS ACTIVE - HISTORY:     9 CYCLES
 TTTTTTTTTTTTTTTTTTTTTTTTTTTTTT FDIK        TELAPSE      286.50 TCPU      284.23

    ALPHA      ELECTRONS
 INSULATING STATE
 TOP OF VALENCE BANDS -    BAND     90; K    7; EIG -1.5992775E-01 AU
 TOP OF VALENCE BANDS -    BAND     90; K    1; EIG -1.6631139E-01 AU
 BOTTOM OF VIRTUAL BANDS - BAND     91; K   14; EIG -1.3529123E-01 AU
 INDIRECT ENERGY BAND GAP:   0.6704 eV
 BOTTOM OF VIRTUAL BANDS - BAND     91; K    1; EIG -1.3246146E-01 AU

    BETA       ELECTRONS
 INSULATING STATE
 TOP OF VALENCE BANDS -    BAND     90; K    7; EIG -1.5992775E-01 AU
 TOP OF VALENCE BANDS -    BAND     90; K    1; EIG -1.6631139E-01 AU
 BOTTOM OF VIRTUAL BANDS - BAND     91; K   14; EIG -1.3529123E-01 AU
 INDIRECT ENERGY BAND GAP:   0.6704 eV
 BOTTOM OF VIRTUAL BANDS - BAND     91; K    1; EIG -1.3246146E-01 AU
 TTTTTTTTTTTTTTTTTTTTTTTTTTTTTT PDIG        TELAPSE      288.85 TCPU      286.58
 CHARGE NORMALIZATION FACTOR   1.00000000
 TOTAL ATOMIC CHARGES:
   5.9885656   5.9885656   5.9885656   5.9885656   5.9885656   5.9885656
   6.0160462   6.0160462   6.0160462   6.0160462   6.0160462   6.0160462
   5.9999634   5.9999634   5.9999634   5.9999634   5.9999634   5.9999634
   6.0105527   6.0105527   6.0105527   6.0105527   6.0105527   6.0105527
   5.9848721   5.9848721   5.9848721   5.9848721   5.9848721   5.9848721
 SUMMED SPIN DENSITY           0.00000000
 TOTAL ATOMIC SPINS  :
   0.0000000   0.0000000   0.0000000   0.0000000   0.0000000   0.0000000
   0.0000000   0.0000000   0.0000000   0.0000000   0.0000000   0.0000000
   0.0000000   0.0000000   0.0000000   0.0000000   0.0000000   0.0000000
  -0.0000000  -0.0000000  -0.0000000  -0.0000000  -0.0000000  -0.0000000
  -0.0000000  -0.0000000  -0.0000000  -0.0000000  -0.0000000  -0.0000000
 TTTTTTTTTTTTTTTTTTTTTTTTTTTTTT MOQGAD      TELAPSE      288.86 TCPU      286.58
 TTTTTTTTTTTTTTTTTTTTTTTTTTTTTT SHELLXN     TELAPSE      312.55 TCPU      310.21
 TTTTTTTTTTTTTTTTTTTTTTTTTTTTTT MONMO3      TELAPSE      312.62 TCPU      310.29
 NUMERICALLY INTEGRATED DENSITY     90.0000200553     90.0000200553
 TTTTTTTTTTTTTTTTTTTTTTTTTTTTTT NUMDFT      TELAPSE      313.31 TCPU      310.97
 CYC  10 ETOT(AU) -1.141914154114E+03 DETOT  1.04E-08 tst  4.31E-10 PX  2.83E-05
 TTTTTTTTTTTTTTTTTTTTTTTTTTTTTT DIIS        TELAPSE      313.42 TCPU      311.05
 DIIS TEST: 0.10060E-06 AT SCF   CYCLE  10 - DIIS ACTIVE - HISTORY:    10 CYCLES
 TTTTTTTTTTTTTTTTTTTTTTTTTTTTTT FDIK        TELAPSE      315.68 TCPU      313.29

    ALPHA      ELECTRONS
 INSULATING STATE
 TOP OF VALENCE BANDS -    BAND     90; K    7; EIG -1.5992850E-01 AU
 TOP OF VALENCE BANDS -    BAND     90; K    1; EIG -1.6631166E-01 AU
 BOTTOM OF VIRTUAL BANDS - BAND     91; K   14; EIG -1.3528825E-01 AU
 INDIRECT ENERGY BAND GAP:   0.6705 eV
 BOTTOM OF VIRTUAL BANDS - BAND     91; K    1; EIG -1.3245776E-01 AU

    BETA       ELECTRONS
 INSULATING STATE
 TOP OF VALENCE BANDS -    BAND     90; K    7; EIG -1.5992850E-01 AU
 TOP OF VALENCE BANDS -    BAND     90; K    1; EIG -1.6631166E-01 AU
 BOTTOM OF VIRTUAL BANDS - BAND     91; K   14; EIG -1.3528825E-01 AU
 INDIRECT ENERGY BAND GAP:   0.6705 eV
 BOTTOM OF VIRTUAL BANDS - BAND     91; K    1; EIG -1.3245776E-01 AU
 TTTTTTTTTTTTTTTTTTTTTTTTTTTTTT PDIG        TELAPSE      315.97 TCPU      313.58
 CHARGE NORMALIZATION FACTOR   1.00000000
 TOTAL ATOMIC CHARGES:
   5.9885887   5.9885887   5.9885887   5.9885887   5.9885887   5.9885887
   6.0159965   6.0159965   6.0159965   6.0159965   6.0159965   6.0159965
   5.9999994   5.9999994   5.9999994   5.9999994   5.9999994   5.9999994
   6.0105590   6.0105590   6.0105590   6.0105590   6.0105590   6.0105590
   5.9848564   5.9848564   5.9848564   5.9848564   5.9848564   5.9848564
 SUMMED SPIN DENSITY           0.00000000
 TOTAL ATOMIC SPINS  :
  -0.0000000  -0.0000000  -0.0000000  -0.0000000  -0.0000000  -0.0000000
   0.0000000   0.0000000   0.0000000   0.0000000   0.0000000   0.0000000
  -0.0000000  -0.0000000  -0.0000000  -0.0000000  -0.0000000  -0.0000000
  -0.0000000  -0.0000000  -0.0000000  -0.0000000  -0.0000000  -0.0000000
   0.0000000   0.0000000   0.0000000   0.0000000   0.0000000   0.0000000
 TTTTTTTTTTTTTTTTTTTTTTTTTTTTTT MOQGAD      TELAPSE      315.98 TCPU      313.59
 TTTTTTTTTTTTTTTTTTTTTTTTTTTTTT SHELLXN     TELAPSE      339.07 TCPU      336.63
 TTTTTTTTTTTTTTTTTTTTTTTTTTTTTT MONMO3      TELAPSE      339.14 TCPU      336.70
 NUMERICALLY INTEGRATED DENSITY     90.0000200552     90.0000200552
 TTTTTTTTTTTTTTTTTTTTTTTTTTTTTT NUMDFT      TELAPSE      339.78 TCPU      337.34
 CYC  11 ETOT(AU) -1.141914154132E+03 DETOT -1.77E-08 tst  1.31E-10 PX  9.30E-06
 TTTTTTTTTTTTTTTTTTTTTTTTTTTTTT DIIS        TELAPSE      339.86 TCPU      337.40
 DIIS TEST: 0.84057E-08 AT SCF   CYCLE  11 - DIIS ACTIVE - HISTORY:    11 CYCLES
 TTTTTTTTTTTTTTTTTTTTTTTTTTTTTT FDIK        TELAPSE      341.99 TCPU      339.51

    ALPHA      ELECTRONS
 INSULATING STATE
 TOP OF VALENCE BANDS -    BAND     90; K    7; EIG -1.5992832E-01 AU
 TOP OF VALENCE BANDS -    BAND     90; K    1; EIG -1.6631146E-01 AU
 BOTTOM OF VIRTUAL BANDS - BAND     91; K   14; EIG -1.3528751E-01 AU
 INDIRECT ENERGY BAND GAP:   0.6705 eV
 BOTTOM OF VIRTUAL BANDS - BAND     91; K    1; EIG -1.3245732E-01 AU

    BETA       ELECTRONS
 INSULATING STATE
 TOP OF VALENCE BANDS -    BAND     90; K    7; EIG -1.5992832E-01 AU
 TOP OF VALENCE BANDS -    BAND     90; K    1; EIG -1.6631146E-01 AU
 BOTTOM OF VIRTUAL BANDS - BAND     91; K   14; EIG -1.3528751E-01 AU
 INDIRECT ENERGY BAND GAP:   0.6705 eV
 BOTTOM OF VIRTUAL BANDS - BAND     91; K    1; EIG -1.3245732E-01 AU
 TTTTTTTTTTTTTTTTTTTTTTTTTTTTTT PDIG        TELAPSE      342.28 TCPU      339.79
 CHARGE NORMALIZATION FACTOR   1.00000000
 TOTAL ATOMIC CHARGES:
   5.9885824   5.9885824   5.9885824   5.9885824   5.9885824   5.9885824
   6.0160079   6.0160079   6.0160079   6.0160079   6.0160079   6.0160079
   5.9999943   5.9999943   5.9999943   5.9999943   5.9999943   5.9999943
   6.0105538   6.0105538   6.0105538   6.0105538   6.0105538   6.0105538
   5.9848616   5.9848616   5.9848616   5.9848616   5.9848616   5.9848616
 SUMMED SPIN DENSITY           0.00000000
 TOTAL ATOMIC SPINS  :
   0.0000000   0.0000000   0.0000000   0.0000000   0.0000000   0.0000000
  -0.0000000  -0.0000000  -0.0000000  -0.0000000  -0.0000000  -0.0000000
   0.0000000   0.0000000   0.0000000   0.0000000   0.0000000   0.0000000
  -0.0000000  -0.0000000  -0.0000000  -0.0000000  -0.0000000  -0.0000000
   0.0000000   0.0000000   0.0000000   0.0000000   0.0000000   0.0000000
 TTTTTTTTTTTTTTTTTTTTTTTTTTTTTT MOQGAD      TELAPSE      342.29 TCPU      339.80
 TTTTTTTTTTTTTTTTTTTTTTTTTTTTTT SHELLXN     TELAPSE      363.73 TCPU      361.22
 TTTTTTTTTTTTTTTTTTTTTTTTTTTTTT MONMO3      TELAPSE      363.80 TCPU      361.29
 NUMERICALLY INTEGRATED DENSITY     90.0000200552     90.0000200552
 TTTTTTTTTTTTTTTTTTTTTTTTTTTTTT NUMDFT      TELAPSE      364.44 TCPU      361.93
 CYC  12 ETOT(AU) -1.141914154131E+03 DETOT  1.46E-09 tst  4.27E-12 PX  3.09E-06
 TTTTTTTTTTTTTTTTTTTTTTTTTTTTTT DIIS        TELAPSE      364.52 TCPU      362.01
 DIIS TEST: 0.21406E-09 AT SCF   CYCLE  12 - DIIS ACTIVE - HISTORY:    12 CYCLES
 TTTTTTTTTTTTTTTTTTTTTTTTTTTTTT FDIK        TELAPSE      366.21 TCPU      363.67

    ALPHA      ELECTRONS
 INSULATING STATE
 TOP OF VALENCE BANDS -    BAND     90; K    7; EIG -1.5992829E-01 AU
 TOP OF VALENCE BANDS -    BAND     90; K    1; EIG -1.6631147E-01 AU
 BOTTOM OF VIRTUAL BANDS - BAND     91; K   14; EIG -1.3528737E-01 AU
 INDIRECT ENERGY BAND GAP:   0.6705 eV
 BOTTOM OF VIRTUAL BANDS - BAND     91; K    1; EIG -1.3245721E-01 AU

    BETA       ELECTRONS
 INSULATING STATE
 TOP OF VALENCE BANDS -    BAND     90; K    7; EIG -1.5992829E-01 AU
 TOP OF VALENCE BANDS -    BAND     90; K    1; EIG -1.6631147E-01 AU
 BOTTOM OF VIRTUAL BANDS - BAND     91; K   14; EIG -1.3528737E-01 AU
 INDIRECT ENERGY BAND GAP:   0.6705 eV
 BOTTOM OF VIRTUAL BANDS - BAND     91; K    1; EIG -1.3245721E-01 AU
 TTTTTTTTTTTTTTTTTTTTTTTTTTTTTT PDIG        TELAPSE      366.48 TCPU      363.94
 CHARGE NORMALIZATION FACTOR   1.00000000
 TOTAL ATOMIC CHARGES:
   5.9885822   5.9885822   5.9885822   5.9885822   5.9885822   5.9885822
   6.0160071   6.0160071   6.0160071   6.0160071   6.0160071   6.0160071
   5.9999943   5.9999943   5.9999943   5.9999943   5.9999943   5.9999943
   6.0105553   6.0105553   6.0105553   6.0105553   6.0105553   6.0105553
   5.9848611   5.9848611   5.9848611   5.9848611   5.9848611   5.9848611
 SUMMED SPIN DENSITY           0.00000000
 TOTAL ATOMIC SPINS  :
  -0.0000000  -0.0000000  -0.0000000  -0.0000000  -0.0000000  -0.0000000
  -0.0000000  -0.0000000  -0.0000000  -0.0000000  -0.0000000  -0.0000000
   0.0000000   0.0000000   0.0000000   0.0000000   0.0000000   0.0000000
  -0.0000000  -0.0000000  -0.0000000  -0.0000000  -0.0000000  -0.0000000
   0.0000000   0.0000000   0.0000000   0.0000000   0.0000000   0.0000000
 TTTTTTTTTTTTTTTTTTTTTTTTTTTTTT MOQGAD      TELAPSE      366.49 TCPU      363.94
 TTTTTTTTTTTTTTTTTTTTTTTTTTTTTT SHELLXN     TELAPSE      387.93 TCPU      385.36
 TTTTTTTTTTTTTTTTTTTTTTTTTTTTTT MONMO3      TELAPSE      388.00 TCPU      385.43
 NUMERICALLY INTEGRATED DENSITY     90.0000200552     90.0000200552
 TTTTTTTTTTTTTTTTTTTTTTTTTTTTTT NUMDFT      TELAPSE      388.65 TCPU      386.08
 CYC  13 ETOT(AU) -1.141914154130E+03 DETOT  6.43E-11 tst  2.20E-13 PX  9.52E-07
 TTTTTTTTTTTTTTTTTTTTTTTTTTTTTT DIIS        TELAPSE      388.75 TCPU      386.14
 DIIS TEST: 0.36732E-10 AT SCF   CYCLE  13 - DIIS ACTIVE - HISTORY:    13 CYCLES
 TTTTTTTTTTTTTTTTTTTTTTTTTTTTTT FDIK        TELAPSE      390.11 TCPU      387.50

    ALPHA      ELECTRONS
 INSULATING STATE
 TOP OF VALENCE BANDS -    BAND     90; K    7; EIG -1.5992832E-01 AU
 TOP OF VALENCE BANDS -    BAND     90; K    1; EIG -1.6631150E-01 AU
 BOTTOM OF VIRTUAL BANDS - BAND     91; K   14; EIG -1.3528733E-01 AU
 INDIRECT ENERGY BAND GAP:   0.6705 eV
 BOTTOM OF VIRTUAL BANDS - BAND     91; K    1; EIG -1.3245717E-01 AU

    BETA       ELECTRONS
 INSULATING STATE
 TOP OF VALENCE BANDS -    BAND     90; K    7; EIG -1.5992832E-01 AU
 TOP OF VALENCE BANDS -    BAND     90; K    1; EIG -1.6631150E-01 AU
 BOTTOM OF VIRTUAL BANDS - BAND     91; K   14; EIG -1.3528733E-01 AU
 INDIRECT ENERGY BAND GAP:   0.6705 eV
 BOTTOM OF VIRTUAL BANDS - BAND     91; K    1; EIG -1.3245717E-01 AU
 TTTTTTTTTTTTTTTTTTTTTTTTTTTTTT PDIG        TELAPSE      390.38 TCPU      387.76
 CHARGE NORMALIZATION FACTOR   1.00000000
 TOTAL ATOMIC CHARGES:
   5.9885823   5.9885823   5.9885823   5.9885823   5.9885823   5.9885823
   6.0160071   6.0160071   6.0160071   6.0160071   6.0160071   6.0160071
   5.9999943   5.9999943   5.9999943   5.9999943   5.9999943   5.9999943
   6.0105551   6.0105551   6.0105551   6.0105551   6.0105551   6.0105551
   5.9848612   5.9848612   5.9848612   5.9848612   5.9848612   5.9848612
 SUMMED SPIN DENSITY           0.00000000
 TOTAL ATOMIC SPINS  :
  -0.0000000  -0.0000000  -0.0000000  -0.0000000  -0.0000000  -0.0000000
  -0.0000000  -0.0000000  -0.0000000  -0.0000000  -0.0000000  -0.0000000
   0.0000000   0.0000000   0.0000000   0.0000000   0.0000000   0.0000000
  -0.0000000  -0.0000000  -0.0000000  -0.0000000  -0.0000000  -0.0000000
   0.0000000   0.0000000   0.0000000   0.0000000   0.0000000   0.0000000
 TTTTTTTTTTTTTTTTTTTTTTTTTTTTTT MOQGAD      TELAPSE      390.39 TCPU      387.77
 TTTTTTTTTTTTTTTTTTTTTTTTTTTTTT SHELLXN     TELAPSE      411.83 TCPU      409.20
 +++ ENERGIES IN A.U. +++
 ::: EXT EL-POLE                                  -3.2158917606451E+03
 ::: EXT EL-SPHEROPOLE                             2.8486353003104E+01
 ::: BIELET ZONE E-E                               3.6158227955329E+03
 ::: TOTAL E-E                                     4.2841738789098E+02
 ::: TOTAL E-N + N-E                              -2.4389426937863E+03
 ::: TOTAL N-N                                    -1.3878024030130E+02
 ::: KINETIC ENERGY                                1.1389099486016E+03
 ::: PSEUDO TOTAL   ENERGY                        -1.0103955975950E+03
 ::: VIRIAL COEFFICIENT                            1.0597934301310E+00
 TTTTTTTTTTTTTTTTTTTTTTTTTTTTTT MONMO3      TELAPSE      411.90 TCPU      409.27
 NUMERICALLY INTEGRATED DENSITY     90.0000200552     90.0000200552
 EXCHANGE ENERGY: -0.124042236339E+03  CORRELATION ENERGY: -0.747632019625E+01
 TTTTTTTTTTTTTTTTTTTTTTTTTTTTTT NUMDFT      TELAPSE      412.54 TCPU      409.91
 CYC  14 ETOT(AU) -1.141914154130E+03 DETOT  1.90E-10 tst  4.01E-14 PX  9.52E-07

 == SCF ENDED - CONVERGENCE ON ENERGY      E(AU) -1.1419141541303E+03 CYCLES  14


 ENERGY EXPRESSION=HARTREE+FOCK EXCH*0.20000+(BECKE      EXCH)*0.80000+LYP        CORR


 TOTAL ENERGY(DFT)(AU)( 14) -1.1419141541303E+03 DE 1.9E-10 tester 4.0E-14
 TTTTTTTTTTTTTTTTTTTTTTTTTTTTTT EDFT        TELAPSE      412.56 TCPU      409.92
 
 INFORMATION **** DFTD3 ENERGY **** CALCULATE DFTD3 ENERGY

           DFT-D V3(BJ)
 DF                                         b3-lyp    
 parameters
 s6       :    1.0000
 s8       :    1.9889
 a1       :    0.3981
 a2       :    4.4211
 k1 k3    :   16.0000   -4.0000
 Cutoff   :   50.2022
 CN-Cutoff:   21.1671
 ABC-Cutoff:   21.1671
 
 Edisp /kcal,au:  -148.3966 -0.23648495

 E6    /kcal :   -70.7778
 E8    /kcal :   -77.6188
 
 INFORMATION **** DFTD3 ENERGY **** NORMAL TERMINATION OF DFTD3 MODULE

 *******************************************************************************

 DFT-D3 DISPERSION ENERGY CORRECTION

 D3 DISPERSION ENERGY (AU)       -2.3648494504129E-01
 TOTAL ENERGY + DISP (AU)        -1.1421506390753E+03

 *******************************************************************************


 NEIGHBORS OF THE NON-EQUIVALENT ATOMS

 N = NUMBER OF NEIGHBORS AT DISTANCE R
    ATOM  N     R/ANG      R/AU   NEIGHBORS (ATOM LABELS AND CELL INDICES)
   1 C    1     1.3803     2.6084    4 C    0 0 0
   1 C    1     1.4029     2.6511    6 C    0 0 0
   1 C    1     1.4793     2.7954   29 C    0 0 0
   1 C    1     2.3455     4.4324   14 C    0 0 0
   1 C    2     2.4100     4.5543    2 C    0 0 0    3 C    0 0 0
   1 C    1     2.4348     4.6012   26 C    0 0 0

   7 C    1     1.3413     2.5347   24 C    0 0 0
   7 C    1     1.4852     2.8066   18 C    1 0 0
   7 C    1     1.5705     2.9678   16 C    0 0 0
   7 C    2     2.3614     4.4624    8 C    0-1 0    9 C    1 0 0
   7 C    1     2.3647     4.4686   20 C    0 0 1
   7 C    1     2.4904     4.7062   27 C    1 0 0

  13 C    1     1.3456     2.5429   28 C    0 0 0
  13 C    1     1.4852     2.8066   12 C    1 0 0
  13 C    1     1.5705     2.9678   10 C    0 0 0
  13 C    1     2.3352     4.4130   19 C    1 0 0
  13 C    1     2.3455     4.4324    3 C    0 0 0
  13 C    2     2.4174     4.5682   14 C    0-1 0   15 C    1 0 0

  19 C    1     1.3413     2.5347   12 C    0 0 0
  19 C    1     1.4806     2.7979   23 C    0 0-1
  19 C    1     1.6439     3.1066   24 C   -1 0-1
  19 C    1     2.3352     4.4130   13 C   -1 0 0
  19 C    1     2.3647     4.4686    9 C    0 0-1
  19 C    2     2.3965     4.5287   20 C   -1 0 0   21 C   -1-1 0

  25 C    1     1.3456     2.5429   16 C    0 0 0
  25 C    1     1.4793     2.7954    5 C    0 0 0
  25 C    1     1.4887     2.8133   29 C    0-1 0
  25 C    1     2.4251     4.5827   14 C    0-1 0
  25 C    1     2.4348     4.6012    3 C    0 0 0
  25 C    1     2.4904     4.7062    8 C    0-1 0

 TTTTTTTTTTTTTTTTTTTTTTTTTTTTTT AFTER FIRST TELAPSE      412.74 TCPU      410.05
 MMMMMMMMMMMMMMMMMMMMMMMMMMMMMMMMMMMMMMMMMMMMMMMMMMMMMMMMMMMMMMMMMMMMMMMMMMMMMMM
     ALPHA+BETA ELECTRONS
 MULLIKEN POPULATION ANALYSIS - NO. OF ELECTRONS  180.000000

  ATOM    Z CHARGE  A.O. POPULATION

   1 C    6  5.989  0.854  1.121  0.769  0.393  0.506  0.469  0.392  0.006
                    0.015 -0.057  0.416  0.428  0.636  0.004  0.006  0.005
                    0.013  0.013
   2 C    6  5.989  0.854  1.121  0.769  0.393  0.483  0.492  0.392  0.011
                    0.009 -0.057  0.430  0.414  0.636  0.004  0.006  0.005
                    0.013  0.013
   3 C    6  5.989  0.854  1.121  0.769  0.393  0.474  0.502  0.392  0.014
                    0.007 -0.057  0.420  0.424  0.636  0.004  0.005  0.006
                    0.013  0.013
   4 C    6  5.989  0.854  1.121  0.769  0.393  0.483  0.492  0.392  0.011
                    0.009 -0.057  0.430  0.414  0.636  0.004  0.006  0.005
                    0.013  0.013
   5 C    6  5.989  0.854  1.121  0.769  0.393  0.506  0.469  0.392  0.006
                    0.015 -0.057  0.416  0.428  0.636  0.004  0.006  0.005
                    0.013  0.013
   6 C    6  5.989  0.854  1.121  0.769  0.393  0.474  0.502  0.392  0.014
                    0.007 -0.057  0.420  0.424  0.636  0.004  0.005  0.006
                    0.013  0.013
   7 C    6  6.016  0.854  1.121  0.747  0.518  0.426  0.399  0.515  0.008
                   -0.052 -0.000  0.432  0.580  0.429  0.011  0.010  0.007
                    0.005  0.007
   8 C    6  6.016  0.854  1.121  0.747  0.518  0.401  0.424  0.515 -0.031
                   -0.012 -0.000  0.537  0.475  0.429  0.011  0.008  0.010
                    0.007  0.005
   9 C    6  6.016  0.854  1.121  0.747  0.518  0.410  0.415  0.515 -0.042
                   -0.002 -0.000  0.548  0.463  0.429  0.011  0.008  0.010
                    0.006  0.006
  10 C    6  6.016  0.854  1.121  0.747  0.518  0.401  0.424  0.515 -0.031
                   -0.012 -0.000  0.537  0.475  0.429  0.011  0.008  0.010
                    0.007  0.005
  11 C    6  6.016  0.854  1.121  0.747  0.518  0.426  0.399  0.515  0.008
                   -0.052 -0.000  0.432  0.580  0.429  0.011  0.010  0.007
                    0.005  0.007
  12 C    6  6.016  0.854  1.121  0.747  0.518  0.410  0.415  0.515 -0.042
                   -0.002 -0.000  0.548  0.463  0.429  0.011  0.008  0.010
                    0.006  0.006
  13 C    6  6.000  0.854  1.121  0.768  0.455  0.419  0.424  0.484  0.001
                   -0.045 -0.019  0.456  0.574  0.470  0.010  0.009  0.006
                    0.005  0.008
  14 C    6  6.000  0.854  1.121  0.768  0.455  0.414  0.429  0.484 -0.043
                   -0.001 -0.019  0.569  0.460  0.470  0.010  0.007  0.009
                    0.007  0.007
  15 C    6  6.000  0.854  1.121  0.768  0.455  0.432  0.411  0.484 -0.025
                   -0.019 -0.019  0.519  0.510  0.470  0.010  0.007  0.008
                    0.008  0.005
  16 C    6  6.000  0.854  1.121  0.768  0.455  0.414  0.429  0.484 -0.043
                   -0.001 -0.019  0.569  0.460  0.470  0.010  0.007  0.009
                    0.007  0.007
  17 C    6  6.000  0.854  1.121  0.768  0.455  0.419  0.424  0.484  0.001
                   -0.045 -0.019  0.456  0.574  0.470  0.010  0.009  0.006
                    0.005  0.008
  18 C    6  6.000  0.854  1.121  0.768  0.455  0.432  0.411  0.484 -0.025
                   -0.019 -0.019  0.519  0.510  0.470  0.010  0.007  0.008
                    0.008  0.005
  19 C    6  6.011  0.854  1.121  0.744  0.549  0.393  0.417  0.512 -0.048
                   -0.013  0.003  0.575  0.464  0.400  0.011  0.007  0.010
                    0.006  0.005
  20 C    6  6.011  0.854  1.121  0.744  0.549  0.417  0.393  0.512 -0.043
                   -0.018  0.003  0.541  0.498  0.400  0.011  0.009  0.009
                    0.006  0.005
  21 C    6  6.011  0.854  1.121  0.744  0.549  0.405  0.405  0.512 -0.000
                   -0.060  0.003  0.443  0.597  0.400  0.011  0.010  0.007
                    0.004  0.006
  22 C    6  6.011  0.854  1.121  0.744  0.549  0.417  0.393  0.512 -0.043
                   -0.018  0.003  0.541  0.498  0.400  0.011  0.009  0.009
                    0.006  0.005
  23 C    6  6.011  0.854  1.121  0.744  0.549  0.393  0.417  0.512 -0.048
                   -0.013  0.003  0.575  0.464  0.400  0.011  0.007  0.010
                    0.006  0.005
  24 C    6  6.011  0.854  1.121  0.744  0.549  0.405  0.405  0.512 -0.000
                   -0.060  0.003  0.443  0.597  0.400  0.011  0.010  0.007
                    0.004  0.006
  25 C    6  5.985  0.854  1.121  0.763  0.426  0.422  0.456  0.472 -0.059
                    0.027  0.001  0.631  0.406  0.424  0.010  0.007  0.012
                    0.007  0.004
  26 C    6  5.985  0.854  1.121  0.763  0.426  0.441  0.437  0.472  0.001
                   -0.034  0.001  0.467  0.570  0.424  0.010  0.010  0.009
                    0.005  0.007
  27 C    6  5.985  0.854  1.121  0.763  0.426  0.454  0.424  0.472  0.009
                   -0.041  0.001  0.458  0.580  0.424  0.010  0.012  0.007
                    0.005  0.006
  28 C    6  5.985  0.854  1.121  0.763  0.426  0.441  0.437  0.472  0.001
                   -0.034  0.001  0.467  0.570  0.424  0.010  0.010  0.009
                    0.005  0.007
  29 C    6  5.985  0.854  1.121  0.763  0.426  0.422  0.456  0.472 -0.059
                    0.027  0.001  0.631  0.406  0.424  0.010  0.007  0.012
                    0.007  0.004
  30 C    6  5.985  0.854  1.121  0.763  0.426  0.454  0.424  0.472  0.009
                   -0.041  0.001  0.458  0.580  0.424  0.010  0.012  0.007
                    0.005  0.006

  ATOM    Z CHARGE  SHELL POPULATION

   1 C    6  5.989  0.854  1.121  0.769  0.393  1.368 -0.036  1.479  0.041
   2 C    6  5.989  0.854  1.121  0.769  0.393  1.368 -0.036  1.479  0.041
   3 C    6  5.989  0.854  1.121  0.769  0.393  1.368 -0.036  1.479  0.041
   4 C    6  5.989  0.854  1.121  0.769  0.393  1.368 -0.036  1.479  0.041
   5 C    6  5.989  0.854  1.121  0.769  0.393  1.368 -0.036  1.479  0.041
   6 C    6  5.989  0.854  1.121  0.769  0.393  1.368 -0.036  1.479  0.041
   7 C    6  6.016  0.854  1.121  0.747  0.518  1.340 -0.044  1.441  0.040
   8 C    6  6.016  0.854  1.121  0.747  0.518  1.340 -0.044  1.441  0.040
   9 C    6  6.016  0.854  1.121  0.747  0.518  1.340 -0.044  1.441  0.040
  10 C    6  6.016  0.854  1.121  0.747  0.518  1.340 -0.044  1.441  0.040
  11 C    6  6.016  0.854  1.121  0.747  0.518  1.340 -0.044  1.441  0.040
  12 C    6  6.016  0.854  1.121  0.747  0.518  1.340 -0.044  1.441  0.040
  13 C    6  6.000  0.854  1.121  0.768  0.455  1.327 -0.063  1.499  0.039
  14 C    6  6.000  0.854  1.121  0.768  0.455  1.327 -0.063  1.499  0.039
  15 C    6  6.000  0.854  1.121  0.768  0.455  1.327 -0.063  1.499  0.039
  16 C    6  6.000  0.854  1.121  0.768  0.455  1.327 -0.063  1.499  0.039
  17 C    6  6.000  0.854  1.121  0.768  0.455  1.327 -0.063  1.499  0.039
  18 C    6  6.000  0.854  1.121  0.768  0.455  1.327 -0.063  1.499  0.039
  19 C    6  6.011  0.854  1.121  0.744  0.549  1.323 -0.058  1.439  0.038
  20 C    6  6.011  0.854  1.121  0.744  0.549  1.323 -0.058  1.439  0.038
  21 C    6  6.011  0.854  1.121  0.744  0.549  1.323 -0.058  1.439  0.038
  22 C    6  6.011  0.854  1.121  0.744  0.549  1.323 -0.058  1.439  0.038
  23 C    6  6.011  0.854  1.121  0.744  0.549  1.323 -0.058  1.439  0.038
  24 C    6  6.011  0.854  1.121  0.744  0.549  1.323 -0.058  1.439  0.038
  25 C    6  5.985  0.854  1.121  0.763  0.426  1.351 -0.031  1.462  0.040
  26 C    6  5.985  0.854  1.121  0.763  0.426  1.351 -0.031  1.462  0.040
  27 C    6  5.985  0.854  1.121  0.763  0.426  1.351 -0.031  1.462  0.040
  28 C    6  5.985  0.854  1.121  0.763  0.426  1.351 -0.031  1.462  0.040
  29 C    6  5.985  0.854  1.121  0.763  0.426  1.351 -0.031  1.462  0.040
  30 C    6  5.985  0.854  1.121  0.763  0.426  1.351 -0.031  1.462  0.040

 OVERLAP POPULATION CONDENSED TO ATOMS FOR FIRST   6 NEIGHBORS

 ATOM A   1 C    ATOM B     CELL      R(AB)/AU R(AB)/ANG    OVPOP(AB)
                  4 C    (  0  0  0)     2.608     1.380     0.481
                  6 C    (  0  0  0)     2.651     1.403     0.457
                 29 C    (  0  0  0)     2.795     1.479     0.313
                 14 C    (  0  0  0)     4.432     2.346    -0.029
                  2 C    (  0  0  0)     4.554     2.410    -0.022
                 26 C    (  0  0  0)     4.601     2.435    -0.037

 ATOM A   7 C    ATOM B     CELL      R(AB)/AU R(AB)/ANG    OVPOP(AB)
                 24 C    (  0  0  0)     2.535     1.341     0.438
                 18 C    (  1  0  0)     2.807     1.485     0.297
                 16 C    (  0  0  0)     2.968     1.571     0.337
                  8 C    (  0 -1  0)     4.462     2.361    -0.018
                 20 C    (  0  0  1)     4.469     2.365    -0.031
                 27 C    (  1  0  0)     4.706     2.490    -0.028

 ATOM A  13 C    ATOM B     CELL      R(AB)/AU R(AB)/ANG    OVPOP(AB)
                 28 C    (  0  0  0)     2.543     1.346     0.512
                 12 C    (  1  0  0)     2.807     1.485     0.297
                 10 C    (  0  0  0)     2.968     1.571     0.337
                 19 C    (  1  0  0)     4.413     2.335    -0.026
                  3 C    (  0  0  0)     4.432     2.346    -0.029
                 14 C    (  0 -1  0)     4.568     2.417    -0.008

 ATOM A  19 C    ATOM B     CELL      R(AB)/AU R(AB)/ANG    OVPOP(AB)
                 12 C    (  0  0  0)     2.535     1.341     0.438
                 23 C    (  0  0 -1)     2.798     1.481     0.277
                 24 C    ( -1  0 -1)     3.107     1.644     0.323
                 13 C    ( -1  0  0)     4.413     2.335    -0.026
                  9 C    (  0  0 -1)     4.469     2.365    -0.031
                 20 C    ( -1  0  0)     4.529     2.396    -0.014

 ATOM A  25 C    ATOM B     CELL      R(AB)/AU R(AB)/ANG    OVPOP(AB)
                 16 C    (  0  0  0)     2.543     1.346     0.512
                  5 C    (  0  0  0)     2.795     1.479     0.313
                 29 C    (  0 -1  0)     2.813     1.489     0.380
                 14 C    (  0 -1  0)     4.583     2.425    -0.024
                  3 C    (  0  0  0)     4.601     2.435    -0.037
                  8 C    (  0 -1  0)     4.706     2.490    -0.028
 TTTTTTTTTTTTTTTTTTTTTTTTTTTTTT AFTER FIRST TELAPSE      412.93 TCPU      410.08
 MMMMMMMMMMMMMMMMMMMMMMMMMMMMMMMMMMMMMMMMMMMMMMMMMMMMMMMMMMMMMMMMMMMMMMMMMMMMMMM
     ALPHA-BETA ELECTRONS
 MULLIKEN POPULATION ANALYSIS - NO. OF ELECTRONS    0.000000

  ATOM    Z CHARGE  A.O. POPULATION

   1 C    6 -0.000 -0.000 -0.000  0.000 -0.000  0.000  0.000 -0.000 -0.000
                    0.000 -0.000  0.000  0.000  0.000 -0.000 -0.000 -0.000
                    0.000  0.000
   2 C    6 -0.000 -0.000 -0.000  0.000 -0.000  0.000  0.000 -0.000  0.000
                   -0.000 -0.000 -0.000  0.000  0.000 -0.000 -0.000 -0.000
                    0.000  0.000
   3 C    6 -0.000 -0.000 -0.000  0.000 -0.000  0.000  0.000 -0.000 -0.000
                    0.000 -0.000  0.000 -0.000  0.000 -0.000 -0.000 -0.000
                    0.000  0.000
   4 C    6 -0.000 -0.000 -0.000  0.000 -0.000  0.000  0.000 -0.000  0.000
                   -0.000 -0.000 -0.000  0.000  0.000 -0.000 -0.000 -0.000
                    0.000  0.000
   5 C    6 -0.000 -0.000 -0.000  0.000 -0.000  0.000  0.000 -0.000 -0.000
                    0.000 -0.000  0.000  0.000  0.000 -0.000 -0.000 -0.000
                    0.000  0.000
   6 C    6 -0.000 -0.000 -0.000  0.000 -0.000  0.000  0.000 -0.000 -0.000
                    0.000 -0.000  0.000 -0.000  0.000 -0.000 -0.000 -0.000
                    0.000  0.000
   7 C    6 -0.000  0.000  0.000  0.000 -0.000  0.000 -0.000  0.000 -0.000
                    0.000 -0.000 -0.000 -0.000  0.000  0.000 -0.000  0.000
                   -0.000 -0.000
   8 C    6 -0.000  0.000  0.000  0.000 -0.000 -0.000  0.000  0.000  0.000
                   -0.000 -0.000 -0.000  0.000  0.000  0.000  0.000  0.000
                   -0.000 -0.000
   9 C    6 -0.000  0.000  0.000  0.000 -0.000 -0.000 -0.000  0.000 -0.000
                    0.000 -0.000  0.000 -0.000  0.000  0.000  0.000 -0.000
                   -0.000 -0.000
  10 C    6 -0.000  0.000  0.000  0.000 -0.000 -0.000  0.000  0.000  0.000
                   -0.000 -0.000 -0.000  0.000  0.000  0.000  0.000  0.000
                   -0.000 -0.000
  11 C    6 -0.000  0.000  0.000  0.000 -0.000  0.000 -0.000  0.000 -0.000
                    0.000 -0.000 -0.000 -0.000  0.000  0.000 -0.000  0.000
                   -0.000 -0.000
  12 C    6 -0.000  0.000  0.000  0.000 -0.000 -0.000 -0.000  0.000 -0.000
                    0.000 -0.000  0.000 -0.000  0.000  0.000  0.000 -0.000
                   -0.000 -0.000
  13 C    6  0.000 -0.000 -0.000 -0.000  0.000  0.000  0.000  0.000 -0.000
                    0.000 -0.000  0.000 -0.000  0.000  0.000  0.000 -0.000
                    0.000  0.000
  14 C    6  0.000 -0.000 -0.000 -0.000  0.000  0.000 -0.000  0.000 -0.000
                    0.000 -0.000  0.000 -0.000  0.000  0.000  0.000  0.000
                    0.000  0.000
  15 C    6  0.000 -0.000 -0.000 -0.000  0.000 -0.000  0.000  0.000  0.000
                   -0.000 -0.000 -0.000  0.000  0.000  0.000  0.000  0.000
                    0.000  0.000
  16 C    6  0.000 -0.000 -0.000 -0.000  0.000  0.000 -0.000  0.000 -0.000
                    0.000 -0.000  0.000 -0.000  0.000  0.000  0.000  0.000
                    0.000  0.000
  17 C    6  0.000 -0.000 -0.000 -0.000  0.000  0.000  0.000  0.000 -0.000
                    0.000 -0.000  0.000 -0.000  0.000  0.000  0.000 -0.000
                    0.000  0.000
  18 C    6  0.000 -0.000 -0.000 -0.000  0.000 -0.000  0.000  0.000  0.000
                   -0.000 -0.000 -0.000  0.000  0.000  0.000  0.000  0.000
                    0.000  0.000
  19 C    6 -0.000 -0.000  0.000  0.000 -0.000 -0.000  0.000  0.000  0.000
                   -0.000 -0.000 -0.000  0.000  0.000  0.000  0.000  0.000
                    0.000  0.000
  20 C    6 -0.000 -0.000  0.000  0.000 -0.000  0.000 -0.000  0.000 -0.000
                    0.000 -0.000  0.000  0.000  0.000  0.000  0.000  0.000
                    0.000 -0.000
  21 C    6 -0.000 -0.000  0.000  0.000 -0.000  0.000 -0.000  0.000 -0.000
                    0.000 -0.000  0.000  0.000  0.000  0.000  0.000  0.000
                   -0.000  0.000
  22 C    6 -0.000 -0.000  0.000  0.000 -0.000  0.000 -0.000  0.000 -0.000
                    0.000 -0.000  0.000  0.000  0.000  0.000  0.000  0.000
                    0.000 -0.000
  23 C    6 -0.000 -0.000  0.000  0.000 -0.000 -0.000  0.000  0.000  0.000
                   -0.000 -0.000 -0.000  0.000  0.000  0.000  0.000  0.000
                    0.000  0.000
  24 C    6 -0.000 -0.000  0.000  0.000 -0.000  0.000 -0.000  0.000 -0.000
                    0.000 -0.000  0.000  0.000  0.000  0.000  0.000  0.000
                   -0.000  0.000
  25 C    6  0.000 -0.000 -0.000 -0.000  0.000  0.000  0.000 -0.000 -0.000
                   -0.000  0.000  0.000  0.000 -0.000  0.000 -0.000 -0.000
                   -0.000  0.000
  26 C    6  0.000 -0.000 -0.000 -0.000  0.000  0.000  0.000 -0.000 -0.000
                   -0.000  0.000  0.000  0.000 -0.000  0.000 -0.000 -0.000
                   -0.000 -0.000
  27 C    6  0.000 -0.000 -0.000 -0.000  0.000  0.000  0.000 -0.000 -0.000
                   -0.000  0.000  0.000  0.000 -0.000  0.000 -0.000 -0.000
                    0.000 -0.000
  28 C    6  0.000 -0.000 -0.000 -0.000  0.000  0.000  0.000 -0.000 -0.000
                   -0.000  0.000  0.000  0.000 -0.000  0.000 -0.000 -0.000
                   -0.000 -0.000
  29 C    6  0.000 -0.000 -0.000 -0.000  0.000  0.000  0.000 -0.000 -0.000
                   -0.000  0.000  0.000  0.000 -0.000  0.000 -0.000 -0.000
                   -0.000  0.000
  30 C    6  0.000 -0.000 -0.000 -0.000  0.000  0.000  0.000 -0.000 -0.000
                   -0.000  0.000  0.000  0.000 -0.000  0.000 -0.000 -0.000
                    0.000 -0.000

  ATOM    Z CHARGE  SHELL POPULATION

   1 C    6 -0.000 -0.000 -0.000  0.000 -0.000  0.000 -0.000  0.000 -0.000
   2 C    6 -0.000 -0.000 -0.000  0.000 -0.000  0.000 -0.000  0.000 -0.000
   3 C    6 -0.000 -0.000 -0.000  0.000 -0.000  0.000 -0.000  0.000 -0.000
   4 C    6 -0.000 -0.000 -0.000  0.000 -0.000  0.000 -0.000  0.000 -0.000
   5 C    6 -0.000 -0.000 -0.000  0.000 -0.000  0.000 -0.000  0.000 -0.000
   6 C    6 -0.000 -0.000 -0.000  0.000 -0.000  0.000 -0.000  0.000 -0.000
   7 C    6 -0.000  0.000  0.000  0.000 -0.000  0.000 -0.000  0.000 -0.000
   8 C    6 -0.000  0.000  0.000  0.000 -0.000  0.000 -0.000  0.000 -0.000
   9 C    6 -0.000  0.000  0.000  0.000 -0.000  0.000 -0.000  0.000 -0.000
  10 C    6 -0.000  0.000  0.000  0.000 -0.000  0.000 -0.000  0.000 -0.000
  11 C    6 -0.000  0.000  0.000  0.000 -0.000  0.000 -0.000  0.000 -0.000
  12 C    6 -0.000  0.000  0.000  0.000 -0.000  0.000 -0.000  0.000 -0.000
  13 C    6  0.000 -0.000 -0.000 -0.000  0.000  0.000 -0.000  0.000  0.000
  14 C    6  0.000 -0.000 -0.000 -0.000  0.000  0.000 -0.000  0.000  0.000
  15 C    6  0.000 -0.000 -0.000 -0.000  0.000  0.000 -0.000  0.000  0.000
  16 C    6  0.000 -0.000 -0.000 -0.000  0.000  0.000 -0.000  0.000  0.000
  17 C    6  0.000 -0.000 -0.000 -0.000  0.000  0.000 -0.000  0.000  0.000
  18 C    6  0.000 -0.000 -0.000 -0.000  0.000  0.000 -0.000  0.000  0.000
  19 C    6 -0.000 -0.000  0.000  0.000 -0.000  0.000 -0.000  0.000  0.000
  20 C    6 -0.000 -0.000  0.000  0.000 -0.000  0.000 -0.000  0.000  0.000
  21 C    6 -0.000 -0.000  0.000  0.000 -0.000  0.000 -0.000  0.000  0.000
  22 C    6 -0.000 -0.000  0.000  0.000 -0.000  0.000 -0.000  0.000  0.000
  23 C    6 -0.000 -0.000  0.000  0.000 -0.000  0.000 -0.000  0.000  0.000
  24 C    6 -0.000 -0.000  0.000  0.000 -0.000  0.000 -0.000  0.000  0.000
  25 C    6  0.000 -0.000 -0.000 -0.000  0.000  0.000 -0.000  0.000 -0.000
  26 C    6  0.000 -0.000 -0.000 -0.000  0.000  0.000 -0.000  0.000 -0.000
  27 C    6  0.000 -0.000 -0.000 -0.000  0.000  0.000 -0.000  0.000 -0.000
  28 C    6  0.000 -0.000 -0.000 -0.000  0.000  0.000 -0.000  0.000 -0.000
  29 C    6  0.000 -0.000 -0.000 -0.000  0.000  0.000 -0.000  0.000 -0.000
  30 C    6  0.000 -0.000 -0.000 -0.000  0.000  0.000 -0.000  0.000 -0.000

 OVERLAP POPULATION CONDENSED TO ATOMS FOR FIRST   6 NEIGHBORS

 ATOM A   1 C    ATOM B     CELL      R(AB)/AU R(AB)/ANG    OVPOP(AB)
                  4 C    (  0  0  0)     2.608     1.380    -0.000
                  6 C    (  0  0  0)     2.651     1.403     0.000
                 29 C    (  0  0  0)     2.795     1.479     0.000
                 14 C    (  0  0  0)     4.432     2.346    -0.000
                  2 C    (  0  0  0)     4.554     2.410     0.000
                 26 C    (  0  0  0)     4.601     2.435     0.000

 ATOM A   7 C    ATOM B     CELL      R(AB)/AU R(AB)/ANG    OVPOP(AB)
                 24 C    (  0  0  0)     2.535     1.341     0.000
                 18 C    (  1  0  0)     2.807     1.485    -0.000
                 16 C    (  0  0  0)     2.968     1.571     0.000
                  8 C    (  0 -1  0)     4.462     2.361     0.000
                 20 C    (  0  0  1)     4.469     2.365    -0.000
                 27 C    (  1  0  0)     4.706     2.490     0.000

 ATOM A  13 C    ATOM B     CELL      R(AB)/AU R(AB)/ANG    OVPOP(AB)
                 28 C    (  0  0  0)     2.543     1.346    -0.000
                 12 C    (  1  0  0)     2.807     1.485    -0.000
                 10 C    (  0  0  0)     2.968     1.571     0.000
                 19 C    (  1  0  0)     4.413     2.335    -0.000
                  3 C    (  0  0  0)     4.432     2.346    -0.000
                 14 C    (  0 -1  0)     4.568     2.417     0.000

 ATOM A  19 C    ATOM B     CELL      R(AB)/AU R(AB)/ANG    OVPOP(AB)
                 12 C    (  0  0  0)     2.535     1.341     0.000
                 23 C    (  0  0 -1)     2.798     1.481     0.000
                 24 C    ( -1  0 -1)     3.107     1.644     0.000
                 13 C    ( -1  0  0)     4.413     2.335    -0.000
                  9 C    (  0  0 -1)     4.469     2.365    -0.000
                 20 C    ( -1  0  0)     4.529     2.396     0.000

 ATOM A  25 C    ATOM B     CELL      R(AB)/AU R(AB)/ANG    OVPOP(AB)
                 16 C    (  0  0  0)     2.543     1.346    -0.000
                  5 C    (  0  0  0)     2.795     1.479     0.000
                 29 C    (  0 -1  0)     2.813     1.489    -0.000
                 14 C    (  0 -1  0)     4.583     2.425     0.000
                  3 C    (  0  0  0)     4.601     2.435     0.000
                  8 C    (  0 -1  0)     4.706     2.490     0.000
 EIGENVECTORS IN FORTRAN UNIT  8
 TTTTTTTTTTTTTTTTTTTTTTTTTTTTTT END         TELAPSE      414.27 TCPU      411.29
 EEEEEEEEEE TERMINATION  DATE 30 01 2026 TIME 21:34:56.4
NODE    0 CPU TIME =       411.292
NODE    1 CPU TIME =       409.942
NODE    2 CPU TIME =       412.238
NODE    3 CPU TIME =       412.672
NODE    4 CPU TIME =       412.854
NODE    5 CPU TIME =       410.673
NODE    6 CPU TIME =       412.367
NODE    7 CPU TIME =       412.298
NODE    8 CPU TIME =       412.678
NODE    9 CPU TIME =       410.306
NODE   10 CPU TIME =       412.540
NODE   11 CPU TIME =       400.927
NODE   12 CPU TIME =       401.243
NODE   13 CPU TIME =       401.369
NODE   14 CPU TIME =       412.450
NODE   15 CPU TIME =       401.312
NODE   16 CPU TIME =       412.590
NODE   17 CPU TIME =       412.648
NODE   18 CPU TIME =       412.153
NODE   19 CPU TIME =       412.433
NODE   20 CPU TIME =       412.816
NODE   21 CPU TIME =       402.751
NODE   22 CPU TIME =       412.386
NODE   23 CPU TIME =       412.701
NODE   24 CPU TIME =       412.460
NODE   25 CPU TIME =       412.716
NODE   26 CPU TIME =       412.591
NODE   27 CPU TIME =       412.548
NODE   28 CPU TIME =       401.453
NODE   29 CPU TIME =       412.212
NODE   30 CPU TIME =       412.336
NODE   31 CPU TIME =       412.081
    TOTAL CPU TIME =     13126.037
