MPI startup(): Warning: I_MPI_PMI_LIBRARY will be ignored since the hydra process manager was found
MPI startup(): Warning: I_MPI_PMI_LIBRARY will be ignored since the hydra process manager was found
MPI startup(): Warning: I_MPI_PMI_LIBRARY will be ignored since the hydra process manager was found
MPI startup(): Warning: I_MPI_PMI_LIBRARY will be ignored since the hydra process manager was found
MPI startup(): Warning: I_MPI_PMI_LIBRARY will be ignored since the hydra process manager was found
MPI startup(): Warning: I_MPI_PMI_LIBRARY will be ignored since the hydra process manager was found
MPI startup(): Warning: I_MPI_PMI_LIBRARY will be ignored since the hydra process manager was found
MPI startup(): Warning: I_MPI_PMI_LIBRARY will be ignored since the hydra process manager was found
MPI startup(): Warning: I_MPI_PMI_LIBRARY will be ignored since the hydra process manager was found
MPI startup(): Warning: I_MPI_PMI_LIBRARY will be ignored since the hydra process manager was found
MPI startup(): Warning: I_MPI_PMI_LIBRARY will be ignored since the hydra process manager was found
MPI startup(): Warning: I_MPI_PMI_LIBRARY will be ignored since the hydra process manager was found
MPI startup(): Warning: I_MPI_PMI_LIBRARY will be ignored since the hydra process manager was found
MPI startup(): Warning: I_MPI_PMI_LIBRARY will be ignored since the hydra process manager was found
MPI startup(): Warning: I_MPI_PMI_LIBRARY will be ignored since the hydra process manager was found
MPI startup(): Warning: I_MPI_PMI_LIBRARY will be ignored since the hydra process manager was found
MPI startup(): Warning: I_MPI_PMI_LIBRARY will be ignored since the hydra process manager was found
MPI startup(): Warning: I_MPI_PMI_LIBRARY will be ignored since the hydra process manager was found
MPI startup(): Warning: I_MPI_PMI_LIBRARY will be ignored since the hydra process manager was found
MPI startup(): Warning: I_MPI_PMI_LIBRARY will be ignored since the hydra process manager was found
MPI startup(): Warning: I_MPI_PMI_LIBRARY will be ignored since the hydra process manager was found
MPI startup(): Warning: I_MPI_PMI_LIBRARY will be ignored since the hydra process manager was found
MPI startup(): Warning: I_MPI_PMI_LIBRARY will be ignored since the hydra process manager was found
MPI startup(): Warning: I_MPI_PMI_LIBRARY will be ignored since the hydra process manager was found
MPI startup(): Warning: I_MPI_PMI_LIBRARY will be ignored since the hydra process manager was found
MPI startup(): Warning: I_MPI_PMI_LIBRARY will be ignored since the hydra process manager was found
MPI startup(): Warning: I_MPI_PMI_LIBRARY will be ignored since the hydra process manager was found
MPI startup(): Warning: I_MPI_PMI_LIBRARY will be ignored since the hydra process manager was found
MPI startup(): Warning: I_MPI_PMI_LIBRARY will be ignored since the hydra process manager was found
MPI startup(): Warning: I_MPI_PMI_LIBRARY will be ignored since the hydra process manager was found
MPI startup(): Warning: I_MPI_PMI_LIBRARY will be ignored since the hydra process manager was found
MPI startup(): Warning: I_MPI_PMI_LIBRARY will be ignored since the hydra process manager was found
 PROCESS           13  OF           32  WORKING
 PROCESS           15  OF           32  WORKING
 PROCESS           24  OF           32  WORKING
 PROCESS           27  OF           32  WORKING
 PROCESS           30  OF           32  WORKING
 PROCESS            5  OF           32  WORKING
 PROCESS           19  OF           32  WORKING
 PROCESS           29  OF           32  WORKING
 PROCESS           20  OF           32  WORKING
 PROCESS            3  OF           32  WORKING
 PROCESS           31  OF           32  WORKING
 PROCESS            2  OF           32  WORKING
 PROCESS           26  OF           32  WORKING
 PROCESS           28  OF           32  WORKING
 PROCESS           16  OF           32  WORKING
 PROCESS            0  OF           32  WORKING

         
 *******************************************************************************
 *                                                                             *
 *                               CRYSTAL23                                     *
 *                      public : 1.0.1 - October 2022                          *
 *                       HTTP://WWW.CRYSTAL.UNITO.IT                           *
 *                                                                             *
 *                              MAIN AUTHORS                                   *
 *                                                                             *
 *  R. DOVESI(1,11), V.R. SAUNDERS(2), C. ROETTI(1,11), R. ORLANDO(1,11),      *
 *  C.M. ZICOVICH-WILSON(1,3), F. PASCALE(4), B. CIVALLERI(1,11),              *
 *  K. DOLL(5), N.M. HARRISON(6), I.J. BUSH(7), Ph. D'ARCO(8),                 *
 *  M. LLUNELL(9), M. CAUSA'(10), Y. NOEL(8), L. MASCHIO(1,11), A. ERBA(1,11)  *
 *  M. RE'RAT(14), S. CASASSA(1,11), B.G. SEARLE(2), J.K. DESMARAIS(1)         *
 *                                                                             *
 *        CONTRIBUTIONS TO THE CODE HAVE ALSO BEEN GIVEN BY                    *
 *                                                                             *
 *  M. FERRABONE(1,11), M. DE LA PIERRE(1,11), M. FERRERO(1,11),               *
 *  J. BAIMA(1,11), E. ALBANESE(1,11), M.F. PEINTINGER(12), R. BAST(13),       *
 *  B. KIRTMAN(15), V. LACIVITA(1,11), R. DEMICHELIS(1,16)                     *
 *  G. BRANDEBURG(17), S. SALUSTRO(1,11), G. SANSONE(1,11)                     *
 *  M.T. RUGGIERO(18), L.E. DAGA(1), L. DONA'(1), A. COSSARD(1)                *
 *                                                                             *
 * (1) THEORETICAL CHEMISTRY GROUP - UNIVERSITA' DI TORINO - TORINO (ITALY)    *
 * (2) SCIENTIFIC COMPUTING DEPARTMENT - STFC DARESBURY (UK)                   *
 * (3) UNIVERSIDAD AUTONOMA DEL ESTADO DE MORELOS - CUERNAVACA (MEXICO)        *
 * (4) UNIVERSITE' DE LORRAINE - NANCY (FRANCE)                                *
 * (5) UNIVERSITAET STUTTGART- STUTTGART (GERMANY)                             *
 * (6) IMPERIAL COLLEGE - LONDON (UK)                                          *
 * (7) SCIENTIFIC COMPUTING DEPARTMENT - STFC RAL (UK)                         *
 * (8) UPMC - SORBONNE UNIVERSITES - PARIS (FRANCE)                            *
 * (9) UNIVERSIDAD DE BARCELONA - BARCELONA (SPAIN)                            *
 *(10) UNIVERSITA' DI NAPOLI "FEDERICO II" - NAPOLI (ITALY)                    *
 *(11) NIS - NANOSTRUCTURED INTERFACES AND SURFACES - TORINO (ITALY)           *
 *(12) MPI FUER CHEMISCHE ENERGIEKONVERSION - MUELHEIM AN DER RUHR (GERMANY)   *
 *(13) UNIVERSITY OF TROMSO - TROMSO (NORWAY)                                  *
 *(14) UNIVERSITE' DE PAU ET DES PAYS DE L'ADOUR - PAU (FRANCE)                *
 *(15) UNIVERSITY OF CALIFORNIA SANTA BARBARA - SANTA BARBARA (USA)            *
 *(16) CURTIN UNIVERSITY - PERTH (AUSTRALIA)                                   *
 *(17) UNIVERSITY COLLEGE LONDON - LONDON (UK)                                 *
 *(18) UNIVERSITY OF VERMONT - BURLINGTON (USA)                                *
 *                                                                             *
 *******************************************************************************
 EEEEEEEEEE STARTING  DATE 30 01 2026 TIME 23:05:08.2
 ./3^6,4^2T10-CA_rev1_sp_B3LYP-D3-D3_optimized                                   
 PROCESS            1  OF           32  WORKING
 PROCESS            4  OF           32  WORKING
 PROCESS            6  OF           32  WORKING
 PROCESS            7  OF           32  WORKING
 PROCESS            8  OF           32  WORKING
 PROCESS           10  OF           32  WORKING
 PROCESS           11  OF           32  WORKING
 PROCESS           12  OF           32  WORKING
 PROCESS           14  OF           32  WORKING
 PROCESS           17  OF           32  WORKING
 PROCESS           18  OF           32  WORKING
 PROCESS           21  OF           32  WORKING
 PROCESS           22  OF           32  WORKING
 PROCESS           23  OF           32  WORKING
 PROCESS           25  OF           32  WORKING
 PROCESS            9  OF           32  WORKING

 CRYSTAL CALCULATION
 (INPUT ACCORDING TO THE INTERNATIONAL TABLES FOR X-RAY CRYSTALLOGRAPHY)
 CRYSTAL FAMILY                       :  TRICLINIC   
 CRYSTAL CLASS  (GROTH - 1921)        :  TRICLINIC PEDIAL                     

 SPACE GROUP (NONCENTROSYMMETRIC)     :  P 1             

 LATTICE PARAMETERS  (ANGSTROMS AND DEGREES) - CONVENTIONAL CELL
        A           B           C        ALPHA        BETA       GAMMA
     3.76279     4.48146     4.81294    76.27742    81.38867    71.52439


 NUMBER OF IRREDUCIBLE ATOMS IN THE CONVENTIONAL CELL:    8

 INPUT COORDINATES

 ATOM AT. N.              COORDINATES
   1   6     1.394831676553E-01 -3.822602032042E-01  4.155601193030E-01
   2   6     6.765765098095E-02  8.001664920064E-02 -3.028303020439E-01
   3   6     2.625200867221E-01 -1.666556280177E-01  2.020504201296E-01
   4   6     3.420887598876E-01  2.824113100345E-02 -8.259090108566E-02
   5   6     1.283063026887E-01  3.048542911074E-01  4.180906804439E-01
   6   6     2.328168358077E-01  1.446370307001E-01  1.964049306190E-01
   7   6    -6.524243296678E-03 -2.176470018966E-01 -3.495223920893E-01
   8   6    -2.677585604457E-01 -3.627626889309E-02 -2.043325552766E-01

 *******************************************************************************

 << INFORMATION >>: FROM NOW ON, ALL COORDINATES REFER TO THE PRIMITIVE CELL

 *******************************************************************************

 LATTICE PARAMETERS  (ANGSTROMS AND DEGREES) - PRIMITIVE CELL
       A          B          C        ALPHA      BETA     GAMMA        VOLUME
    3.76279    4.48146    4.81294    76.27742  81.38867  71.52439     74.534047

 COORDINATES OF THE EQUIVALENT ATOMS (FRACTIONAL UNITS)

 N. ATOM EQUIV AT. N.          X                  Y                  Z

   1   1   1    6 C     1.39483167655E-01 -3.82260203204E-01  4.15560119303E-01

   2   2   1    6 C     6.76576509810E-02  8.00166492006E-02 -3.02830302044E-01

   3   3   1    6 C     2.62520086722E-01 -1.66655628018E-01  2.02050420130E-01

   4   4   1    6 C     3.42088759888E-01  2.82411310034E-02 -8.25909010857E-02

   5   5   1    6 C     1.28306302689E-01  3.04854291107E-01  4.18090680444E-01

   6   6   1    6 C     2.32816835808E-01  1.44637030700E-01  1.96404930619E-01

   7   7   1    6 C    -6.52424329668E-03 -2.17647001897E-01 -3.49522392089E-01

   8   8   1    6 C    -2.67758560446E-01 -3.62762688931E-02 -2.04332555277E-01

 NUMBER OF SYMMETRY OPERATORS         :    1
 *******************************************************************************
 * GEOMETRY EDITING - INPUT COORDINATES ARE GIVEN IN ANGSTROM         
 *******************************************************************************

 GCALCO - MAX INDICES DIRECT LATTICE VECTOR    17    14    13
 NO.OF VECTORS CREATED 6999 STARS 3500 RMAX    94.44676 BOHR

 GEOMETRY FOR WAVE FUNCTION - DIMENSIONALITY OF THE SYSTEM    3
 (NON PERIODIC DIRECTION: LATTICE PARAMETER FORMALLY SET TO 500)
 *******************************************************************************
 LATTICE PARAMETERS (ANGSTROMS AND DEGREES) - BOHR = 0.5291772083 ANGSTROM
 PRIMITIVE CELL - CENTRING CODE 1/0 VOLUME=    74.534047 - DENSITY  2.139 g/cm^3
         A              B              C           ALPHA      BETA       GAMMA 
     3.76278879     4.48145915     4.81294017    76.277424  81.388667  71.524387
 *******************************************************************************
 ATOMS IN THE ASYMMETRIC UNIT    8 - ATOMS IN THE UNIT CELL:    8
     ATOM                 X/A                 Y/B                 Z/C    
 *******************************************************************************
      1 T   6 C     1.394831676553E-01 -3.822602032042E-01  4.155601193030E-01
      2 T   6 C     6.765765098095E-02  8.001664920064E-02 -3.028303020439E-01
      3 T   6 C     2.625200867221E-01 -1.666556280177E-01  2.020504201296E-01
      4 T   6 C     3.420887598876E-01  2.824113100345E-02 -8.259090108566E-02
      5 T   6 C     1.283063026887E-01  3.048542911074E-01  4.180906804439E-01
      6 T   6 C     2.328168358077E-01  1.446370307001E-01  1.964049306190E-01
      7 T   6 C    -6.524243296678E-03 -2.176470018966E-01 -3.495223920893E-01
      8 T   6 C    -2.677585604457E-01 -3.627626889309E-02 -2.043325552766E-01

 T = ATOM BELONGING TO THE ASYMMETRIC UNIT

 ****    1 SYMMOPS - TRANSLATORS IN FRACTIONAL UNITS
 **** MATRICES AND TRANSLATORS IN THE CRYSTALLOGRAPHIC REFERENCE FRAME
   V INV                    ROTATION MATRICES                   TRANSLATORS
   1   1  1.00 -0.00  0.00  0.00  1.00  0.00 -0.00  0.00  1.00  0.00  0.00  0.00

 DIRECT LATTICE VECTORS CARTESIAN COMPONENTS (ANGSTROM)
          X                    Y                    Z
   0.356884948108E+01   0.119243149050E+01   0.000000000000E+00
   0.000000000000E+00   0.448145915000E+01   0.000000000000E+00
   0.378330159239E+00   0.114173020491E+01   0.466022655134E+01


 CARTESIAN COORDINATES - PRIMITIVE CELL
 *******************************************************************************
 *      ATOM          X(ANGSTROM)         Y(ANGSTROM)         Z(ANGSTROM)
 *******************************************************************************
    1     6 C     6.550133566156E-01 -1.072301823661E+00  1.936604301654E+00
    2     6 C     1.268901362000E-01  9.351795551028E-02 -1.411257814135E+00
    3     6 C     1.013336442894E+00 -2.031361032073E-01  9.416007325973E-01
    4     6 C     1.189616664450E+00  4.401823583565E-01 -3.848923101385E-01
    5     6 C     2.377520362399E-01  8.548050814005E-01 -2.711829261467E+00
    6     6 C     9.051941523360E-01  1.150044512875E+00  9.152914724847E-01
    7     6 C    -1.555189045605E-01 -1.382216133618E+00 -1.628853531902E+00
    8     6 C    -1.032895167677E+00 -7.151470066895E-01 -9.522359994031E-01

 *******************************************************************************
 LOCAL ATOMIC FUNCTIONS BASIS SET
 *******************************************************************************
   ATOM   X(AU)   Y(AU)   Z(AU)  N. TYPE  EXPONENT  S COEF   P COEF   D/F/G COEF
 *******************************************************************************
   1 C    1.238  -2.026   3.660
                                  1 S  
                                         1.358E+04 2.225E-04 0.000E+00 0.000E+00
                                         2.035E+03 1.723E-03 0.000E+00 0.000E+00
                                         4.632E+02 8.926E-03 0.000E+00 0.000E+00
                                         1.312E+02 3.573E-02 0.000E+00 0.000E+00
                                         4.285E+01 1.108E-01 0.000E+00 0.000E+00
                                         1.558E+01 2.430E-01 0.000E+00 0.000E+00
                                  2 S  
                                         6.207E+00 4.144E-01 0.000E+00 0.000E+00
                                         2.576E+00 2.374E-01 0.000E+00 0.000E+00
                                  3 S  
                                         4.941E-01 1.000E+00 0.000E+00 0.000E+00
                                  4 S  
                                         1.644E-01 1.000E+00 0.000E+00 0.000E+00
                           5-     7 P  
                                         3.470E+01 0.000E+00 5.333E-03 0.000E+00
                                         7.958E+00 0.000E+00 3.586E-02 0.000E+00
                                         2.378E+00 0.000E+00 1.422E-01 0.000E+00
                                         8.143E-01 0.000E+00 3.427E-01 0.000E+00
                           8-    10 P  
                                         5.662E-01 0.000E+00 1.000E+00 0.000E+00
                          11-    13 P  
                                         2.674E-01 0.000E+00 1.000E+00 0.000E+00
                          14-    18 D  
                                         8.792E-01 0.000E+00 0.000E+00 1.000E+00
   2 C    0.240   0.177  -2.667
   3 C    1.915  -0.384   1.779
   4 C    2.248   0.832  -0.727
   5 C    0.449   1.615  -5.125
   6 C    1.711   2.173   1.730
   7 C   -0.294  -2.612  -3.078
   8 C   -1.952  -1.351  -1.799
 INFORMATION **** SET_MPP **** PCRYSTAL CALCULATION
 INFORMATION **** READM2 **** NEW DEFAULT: FOCK/KS MATRIX MIXING SET TO 30 %
 INFORMATION **** READM2 **** NEW DEFAULT: FULL DIRECT SCF MODE
 INFORMATION **** READM2 **** NEW DEFAULT: COULOMB BIPOLAR BUFFER SET TO 32 Mb
 INFORMATION **** READM2 **** NEW DEFAULT: EXCHANGE BIPOLAR BUFFER SET TO 32 Mb

 *******************************************************************************
 NEW DEFAULT: DFT INTEGRATION GRID INCREASED TO XLGRID
 NEW DEFAULT: DIIS ACCELERATOR ACTIVE
 USE KEYWORD NODIIS TO TURN IT OFF
 *******************************************************************************

 INFORMATION **** DFTD3_INPUT **** PERFORM LATEST DISPERSION CORRECTION DFT-D3(BJ) WITH AUTOMATIC PARAMETER SETUP
 PLEASE CITE:
 (1) DFT-D3 Reference
  S. Grimme, J. Antony, S. Ehrlich, and H. Krieg, J. Chem. Phys. 132 (2010), 154104
 (2) BJ-Damping Reference
  S. Grimme, S. Ehrlich, and L. Goerigk, J. Comput. Chem. 32 (2011), 1456-1465
 (3) General DFT-D Review
  S. Grimme, A. Hansen, J. G. Brandenburg, and C. Bannwarth,
  Chem. Rev. 116 (2016), 5105-5154

 INFORMATION **** TOLINTEG **** COULOMB AND EXCHANGE SERIES TOLERANCES MODIFIED
 INFORMATION **** TOLDEE **** SCF TOL ON TOTAL ENERGY SET TO           9
 INFORMATION **** READM2 **** FULL DIRECT SCF (MONO AND BIEL INT) SELECTED
 INFORMATION **** BIPOSIZE **** COULOMB BIPOLAR BUFFER SET TO   110000000
 INFORMATION **** EXCHSIZE **** EXCHANGE BIPOLAR BUFFER SIZE SET TO   110000000
 INFORMATION **** MAXCYCLE **** MAX NUMBER OF SCF CYCLES SET TO         800
 INFORMATION **** DIIS **** DIIS FOR SCF ACTIVE
 INFORMATION **** DIIS **** LEVEL SHIFTER DISABLED
 INFORMATION **** PPAN ****  MULLIKEN POPULATION ANALYSIS AT THE END OF SCF
 *******************************************************************************
 N. OF ATOMS PER CELL         8  COULOMB OVERLAP TOL         (T1) 10**   -8
 NUMBER OF SHELLS            64  COULOMB PENETRATION TOL     (T2) 10**   -8
 NUMBER OF AO               144  EXCHANGE OVERLAP TOL        (T3) 10**   -8
 N. OF ELECTRONS PER CELL    48  EXCHANGE PSEUDO OVP (F(G))  (T4) 10**   -9
 CORE ELECTRONS PER CELL     16  EXCHANGE PSEUDO OVP (P(G))  (T5) 10**  -24
 N. OF SYMMETRY OPERATORS     1  POLE ORDER IN MONO ZONE                  4
 *******************************************************************************
 TYPE OF CALCULATION :  UNRESTRICTED OPEN SHELL
 KOHN-SHAM HAMILTONIAN

 (EXCHANGE)[CORRELATION] FUNCTIONAL:(BECKE 88)[LEE-YANG-PARR]

 NON-LOCAL WEIGHTING FACTOR (EXCHANGE) =           0.9000
 NON-LOCAL WEIGHTING FACTOR [CORRELATION] =        0.8100

 HYBRID EXCHANGE - PERCENTAGE OF FOCK EXCHANGE    20.0000

 SPIN POLARIZED DFT SELECTED

 CAPPA:IS1 12;IS2  9;IS3  9; K PTS MONK NET 487; SYMMOPS:K SPACE   2;G SPACE   1

 *******************************************************************************
 MAX NUMBER OF SCF CYCLES     800  CONVERGENCE ON DELTAP        10**-19
 WEIGHT OF F(I) IN F(I+1)      30% CONVERGENCE ON ENERGY        10**- 9
 SHRINK. FACT.(MONKH.)   12  9  9  NUMBER OF K POINTS IN THE IBZ    487
 SHRINKING FACTOR(GILAT NET)   24  NUMBER OF K POINTS(GILAT NET)   3892
 *******************************************************************************
 *** K POINTS COORDINATES (OBLIQUE COORDINATES IN UNITS OF IS = 12)
   1-R(  0  0  0)   2-C(  1  0  0)   3-C(  2  0  0)   4-C(  3  0  0)
   5-C(  4  0  0)   6-C(  5  0  0)   7-R(  6  0  0)   8-C(  0  1  0)
   9-C(  1  1  0)  10-C(  2  1  0)  11-C(  3  1  0)  12-C(  4  1  0)
  13-C(  5  1  0)  14-C(  6  1  0)  15-C(  7  1  0)  16-C(  8  1  0)
  17-C(  9  1  0)  18-C( 10  1  0)  19-C( 11  1  0)  20-C(  0  2  0)
  21-C(  1  2  0)  22-C(  2  2  0)  23-C(  3  2  0)  24-C(  4  2  0)
  25-C(  5  2  0)  26-C(  6  2  0)  27-C(  7  2  0)  28-C(  8  2  0)
  29-C(  9  2  0)  30-C( 10  2  0)  31-C( 11  2  0)  32-C(  0  3  0)
  33-C(  1  3  0)  34-C(  2  3  0)  35-C(  3  3  0)  36-C(  4  3  0)
  37-C(  5  3  0)  38-C(  6  3  0)  39-C(  7  3  0)  40-C(  8  3  0)
  41-C(  9  3  0)  42-C( 10  3  0)  43-C( 11  3  0)  44-C(  0  4  0)
  45-C(  1  4  0)  46-C(  2  4  0)  47-C(  3  4  0)  48-C(  4  4  0)
  49-C(  5  4  0)  50-C(  6  4  0)  51-C(  7  4  0)  52-C(  8  4  0)
  53-C(  9  4  0)  54-C( 10  4  0)  55-C( 11  4  0)  56-C(  0  0  1)
  57-C(  1  0  1)  58-C(  2  0  1)  59-C(  3  0  1)  60-C(  4  0  1)
  61-C(  5  0  1)  62-C(  6  0  1)  63-C(  7  0  1)  64-C(  8  0  1)
  65-C(  9  0  1)  66-C( 10  0  1)  67-C( 11  0  1)  68-C(  0  1  1)
  69-C(  1  1  1)  70-C(  2  1  1)  71-C(  3  1  1)  72-C(  4  1  1)
  73-C(  5  1  1)  74-C(  6  1  1)  75-C(  7  1  1)  76-C(  8  1  1)
  77-C(  9  1  1)  78-C( 10  1  1)  79-C( 11  1  1)  80-C(  0  2  1)
  81-C(  1  2  1)  82-C(  2  2  1)  83-C(  3  2  1)  84-C(  4  2  1)
  85-C(  5  2  1)  86-C(  6  2  1)  87-C(  7  2  1)  88-C(  8  2  1)
  89-C(  9  2  1)  90-C( 10  2  1)  91-C( 11  2  1)  92-C(  0  3  1)
  93-C(  1  3  1)  94-C(  2  3  1)  95-C(  3  3  1)  96-C(  4  3  1)
  97-C(  5  3  1)  98-C(  6  3  1)  99-C(  7  3  1) 100-C(  8  3  1)
 101-C(  9  3  1) 102-C( 10  3  1) 103-C( 11  3  1) 104-C(  0  4  1)
 105-C(  1  4  1) 106-C(  2  4  1) 107-C(  3  4  1) 108-C(  4  4  1)
 109-C(  5  4  1) 110-C(  6  4  1) 111-C(  7  4  1) 112-C(  8  4  1)
 113-C(  9  4  1) 114-C( 10  4  1) 115-C( 11  4  1) 116-C(  0  5  1)
 117-C(  1  5  1) 118-C(  2  5  1) 119-C(  3  5  1) 120-C(  4  5  1)
 121-C(  5  5  1) 122-C(  6  5  1) 123-C(  7  5  1) 124-C(  8  5  1)
 125-C(  9  5  1) 126-C( 10  5  1) 127-C( 11  5  1) 128-C(  0  6  1)
 129-C(  1  6  1) 130-C(  2  6  1) 131-C(  3  6  1) 132-C(  4  6  1)
 133-C(  5  6  1) 134-C(  6  6  1) 135-C(  7  6  1) 136-C(  8  6  1)
 137-C(  9  6  1) 138-C( 10  6  1) 139-C( 11  6  1) 140-C(  0  7  1)
 141-C(  1  7  1) 142-C(  2  7  1) 143-C(  3  7  1) 144-C(  4  7  1)
 145-C(  5  7  1) 146-C(  6  7  1) 147-C(  7  7  1) 148-C(  8  7  1)
 149-C(  9  7  1) 150-C( 10  7  1) 151-C( 11  7  1) 152-C(  0  8  1)
 153-C(  1  8  1) 154-C(  2  8  1) 155-C(  3  8  1) 156-C(  4  8  1)
 157-C(  5  8  1) 158-C(  6  8  1) 159-C(  7  8  1) 160-C(  8  8  1)
 161-C(  9  8  1) 162-C( 10  8  1) 163-C( 11  8  1) 164-C(  0  0  2)
 165-C(  1  0  2) 166-C(  2  0  2) 167-C(  3  0  2) 168-C(  4  0  2)
 169-C(  5  0  2) 170-C(  6  0  2) 171-C(  7  0  2) 172-C(  8  0  2)
 173-C(  9  0  2) 174-C( 10  0  2) 175-C( 11  0  2) 176-C(  0  1  2)
 177-C(  1  1  2) 178-C(  2  1  2) 179-C(  3  1  2) 180-C(  4  1  2)
 181-C(  5  1  2) 182-C(  6  1  2) 183-C(  7  1  2) 184-C(  8  1  2)
 185-C(  9  1  2) 186-C( 10  1  2) 187-C( 11  1  2) 188-C(  0  2  2)
 189-C(  1  2  2) 190-C(  2  2  2) 191-C(  3  2  2) 192-C(  4  2  2)
 193-C(  5  2  2) 194-C(  6  2  2) 195-C(  7  2  2) 196-C(  8  2  2)
 197-C(  9  2  2) 198-C( 10  2  2) 199-C( 11  2  2) 200-C(  0  3  2)
 201-C(  1  3  2) 202-C(  2  3  2) 203-C(  3  3  2) 204-C(  4  3  2)
 205-C(  5  3  2) 206-C(  6  3  2) 207-C(  7  3  2) 208-C(  8  3  2)
 209-C(  9  3  2) 210-C( 10  3  2) 211-C( 11  3  2) 212-C(  0  4  2)
 213-C(  1  4  2) 214-C(  2  4  2) 215-C(  3  4  2) 216-C(  4  4  2)
 217-C(  5  4  2) 218-C(  6  4  2) 219-C(  7  4  2) 220-C(  8  4  2)
 221-C(  9  4  2) 222-C( 10  4  2) 223-C( 11  4  2) 224-C(  0  5  2)
 225-C(  1  5  2) 226-C(  2  5  2) 227-C(  3  5  2) 228-C(  4  5  2)
 229-C(  5  5  2) 230-C(  6  5  2) 231-C(  7  5  2) 232-C(  8  5  2)
 233-C(  9  5  2) 234-C( 10  5  2) 235-C( 11  5  2) 236-C(  0  6  2)
 237-C(  1  6  2) 238-C(  2  6  2) 239-C(  3  6  2) 240-C(  4  6  2)
 241-C(  5  6  2) 242-C(  6  6  2) 243-C(  7  6  2) 244-C(  8  6  2)
 245-C(  9  6  2) 246-C( 10  6  2) 247-C( 11  6  2) 248-C(  0  7  2)
 249-C(  1  7  2) 250-C(  2  7  2) 251-C(  3  7  2) 252-C(  4  7  2)
 253-C(  5  7  2) 254-C(  6  7  2) 255-C(  7  7  2) 256-C(  8  7  2)
 257-C(  9  7  2) 258-C( 10  7  2) 259-C( 11  7  2) 260-C(  0  8  2)
 261-C(  1  8  2) 262-C(  2  8  2) 263-C(  3  8  2) 264-C(  4  8  2)
 265-C(  5  8  2) 266-C(  6  8  2) 267-C(  7  8  2) 268-C(  8  8  2)
 269-C(  9  8  2) 270-C( 10  8  2) 271-C( 11  8  2) 272-C(  0  0  3)
 273-C(  1  0  3) 274-C(  2  0  3) 275-C(  3  0  3) 276-C(  4  0  3)
 277-C(  5  0  3) 278-C(  6  0  3) 279-C(  7  0  3) 280-C(  8  0  3)
 281-C(  9  0  3) 282-C( 10  0  3) 283-C( 11  0  3) 284-C(  0  1  3)
 285-C(  1  1  3) 286-C(  2  1  3) 287-C(  3  1  3) 288-C(  4  1  3)
 289-C(  5  1  3) 290-C(  6  1  3) 291-C(  7  1  3) 292-C(  8  1  3)
 293-C(  9  1  3) 294-C( 10  1  3) 295-C( 11  1  3) 296-C(  0  2  3)
 297-C(  1  2  3) 298-C(  2  2  3) 299-C(  3  2  3) 300-C(  4  2  3)
 301-C(  5  2  3) 302-C(  6  2  3) 303-C(  7  2  3) 304-C(  8  2  3)
 305-C(  9  2  3) 306-C( 10  2  3) 307-C( 11  2  3) 308-C(  0  3  3)
 309-C(  1  3  3) 310-C(  2  3  3) 311-C(  3  3  3) 312-C(  4  3  3)
 313-C(  5  3  3) 314-C(  6  3  3) 315-C(  7  3  3) 316-C(  8  3  3)
 317-C(  9  3  3) 318-C( 10  3  3) 319-C( 11  3  3) 320-C(  0  4  3)
 321-C(  1  4  3) 322-C(  2  4  3) 323-C(  3  4  3) 324-C(  4  4  3)
 325-C(  5  4  3) 326-C(  6  4  3) 327-C(  7  4  3) 328-C(  8  4  3)
 329-C(  9  4  3) 330-C( 10  4  3) 331-C( 11  4  3) 332-C(  0  5  3)
 333-C(  1  5  3) 334-C(  2  5  3) 335-C(  3  5  3) 336-C(  4  5  3)
 337-C(  5  5  3) 338-C(  6  5  3) 339-C(  7  5  3) 340-C(  8  5  3)
 341-C(  9  5  3) 342-C( 10  5  3) 343-C( 11  5  3) 344-C(  0  6  3)
 345-C(  1  6  3) 346-C(  2  6  3) 347-C(  3  6  3) 348-C(  4  6  3)
 349-C(  5  6  3) 350-C(  6  6  3) 351-C(  7  6  3) 352-C(  8  6  3)
 353-C(  9  6  3) 354-C( 10  6  3) 355-C( 11  6  3) 356-C(  0  7  3)
 357-C(  1  7  3) 358-C(  2  7  3) 359-C(  3  7  3) 360-C(  4  7  3)
 361-C(  5  7  3) 362-C(  6  7  3) 363-C(  7  7  3) 364-C(  8  7  3)
 365-C(  9  7  3) 366-C( 10  7  3) 367-C( 11  7  3) 368-C(  0  8  3)
 369-C(  1  8  3) 370-C(  2  8  3) 371-C(  3  8  3) 372-C(  4  8  3)
 373-C(  5  8  3) 374-C(  6  8  3) 375-C(  7  8  3) 376-C(  8  8  3)
 377-C(  9  8  3) 378-C( 10  8  3) 379-C( 11  8  3) 380-C(  0  0  4)
 381-C(  1  0  4) 382-C(  2  0  4) 383-C(  3  0  4) 384-C(  4  0  4)
 385-C(  5  0  4) 386-C(  6  0  4) 387-C(  7  0  4) 388-C(  8  0  4)
 389-C(  9  0  4) 390-C( 10  0  4) 391-C( 11  0  4) 392-C(  0  1  4)
 393-C(  1  1  4) 394-C(  2  1  4) 395-C(  3  1  4) 396-C(  4  1  4)
 397-C(  5  1  4) 398-C(  6  1  4) 399-C(  7  1  4) 400-C(  8  1  4)
 401-C(  9  1  4) 402-C( 10  1  4) 403-C( 11  1  4) 404-C(  0  2  4)
 405-C(  1  2  4) 406-C(  2  2  4) 407-C(  3  2  4) 408-C(  4  2  4)
 409-C(  5  2  4) 410-C(  6  2  4) 411-C(  7  2  4) 412-C(  8  2  4)
 413-C(  9  2  4) 414-C( 10  2  4) 415-C( 11  2  4) 416-C(  0  3  4)
 417-C(  1  3  4) 418-C(  2  3  4) 419-C(  3  3  4) 420-C(  4  3  4)
 421-C(  5  3  4) 422-C(  6  3  4) 423-C(  7  3  4) 424-C(  8  3  4)
 425-C(  9  3  4) 426-C( 10  3  4) 427-C( 11  3  4) 428-C(  0  4  4)
 429-C(  1  4  4) 430-C(  2  4  4) 431-C(  3  4  4) 432-C(  4  4  4)
 433-C(  5  4  4) 434-C(  6  4  4) 435-C(  7  4  4) 436-C(  8  4  4)
 437-C(  9  4  4) 438-C( 10  4  4) 439-C( 11  4  4) 440-C(  0  5  4)
 441-C(  1  5  4) 442-C(  2  5  4) 443-C(  3  5  4) 444-C(  4  5  4)
 445-C(  5  5  4) 446-C(  6  5  4) 447-C(  7  5  4) 448-C(  8  5  4)
 449-C(  9  5  4) 450-C( 10  5  4) 451-C( 11  5  4) 452-C(  0  6  4)
 453-C(  1  6  4) 454-C(  2  6  4) 455-C(  3  6  4) 456-C(  4  6  4)
 457-C(  5  6  4) 458-C(  6  6  4) 459-C(  7  6  4) 460-C(  8  6  4)
 461-C(  9  6  4) 462-C( 10  6  4) 463-C( 11  6  4) 464-C(  0  7  4)
 465-C(  1  7  4) 466-C(  2  7  4) 467-C(  3  7  4) 468-C(  4  7  4)
 469-C(  5  7  4) 470-C(  6  7  4) 471-C(  7  7  4) 472-C(  8  7  4)
 473-C(  9  7  4) 474-C( 10  7  4) 475-C( 11  7  4) 476-C(  0  8  4)
 477-C(  1  8  4) 478-C(  2  8  4) 479-C(  3  8  4) 480-C(  4  8  4)
 481-C(  5  8  4) 482-C(  6  8  4) 483-C(  7  8  4) 484-C(  8  8  4)
 485-C(  9  8  4) 486-C( 10  8  4) 487-C( 11  8  4)

 DIRECT LATTICE VECTORS COMPON. (A.U.)     RECIP. LATTICE VECTORS COMPON. (A.U.) 
        X            Y            Z              X            Y            Z
    6.7441481    2.2533690    0.0000000      0.9316500    0.0000000   -0.0756339
    0.0000000    8.4687305    0.0000000     -0.2478944    0.7419277   -0.1616435
    0.7149404    2.1575574    8.8065519      0.0000000    0.0000000    0.7134671

 DISK SPACE FOR EIGENVECTORS (FTN 10)    20155392 REALS

 SYMMETRY ADAPTION OF THE BLOCH FUNCTIONS DISABLED
 TTTTTTTTTTTTTTTTTTTTTTTTTTTTTT gordsh1     TELAPSE        1.53 TCPU        0.57

 MATRIX SIZE: P(G)  580912, F(G)   65645, P(G) IRR  296384, F(G) IRR   66325
 MAX G-VECTOR INDEX FOR 1- AND 2-ELECTRON INTEGRALS 337

 TTTTTTTTTTTTTTTTTTTTTTTTTTTTTT INPUT       TELAPSE        1.54 TCPU        0.57

 NEIGHBORS OF THE NON-EQUIVALENT ATOMS

 N = NUMBER OF NEIGHBORS AT DISTANCE R
    ATOM  N     R/ANG      R/AU   NEIGHBORS (ATOM LABELS AND CELL INDICES)
   1 C    1     1.3689     2.5868    3 C    0 0 0
   1 C    1     1.4132     2.6706    5 C    0-1 1
   1 C    1     1.4413     2.7236    7 C    0 0 1
   1 C    1     2.4586     4.6460    6 C    0 0 0
   1 C    1     2.4918     4.7089    6 C    0-1 0
   1 C    1     2.5437     4.8070    2 C    0-1 1

   2 C    1     1.4865     2.8091    8 C    0 0 0
   2 C    1     1.5111     2.8555    5 C    0 0 0
   2 C    1     1.5176     2.8678    4 C    0 0 0
   2 C    1     1.5182     2.8690    7 C    0 0 0
   2 C    1     2.3692     4.4772    6 C    0 0-1
   2 C    1     2.4823     4.6908    8 C    1 0 0

   3 C    1     1.3577     2.5658    6 C    0 0 0
   3 C    1     1.3689     2.5868    1 C    0 0 0
   3 C    1     1.4848     2.8058    4 C    0 0 0
   3 C    1     2.2346     4.2228    7 C    0 0 1
   3 C    1     2.4515     4.6327    5 C    0 0 1
   3 C    1     2.5235     4.7687    8 C    1 0 0

   4 C    1     1.4615     2.7618    8 C    1 0 0
   4 C    1     1.4848     2.8058    3 C    0 0 0
   4 C    1     1.5084     2.8505    6 C    0 0 0
   4 C    1     1.5176     2.8678    2 C    0 0 0
   4 C    1     2.5481     4.8151    5 C    0 0 0
   4 C    1     2.5683     4.8534    8 C    0 0 0

   5 C    1     1.3665     2.5824    6 C    0 0-1
   5 C    1     1.4132     2.6706    1 C    0 1-1
   5 C    1     1.5111     2.8555    2 C    0 0 0
   5 C    1     2.4515     4.6327    3 C    0 0-1
   5 C    1     2.5163     4.7551    7 C    0 0 0
   5 C    1     2.5229     4.7676    7 C    0 1 0

   6 C    1     1.3577     2.5658    3 C    0 0 0
   6 C    1     1.3665     2.5824    5 C    0 0 1
   6 C    1     1.5084     2.8505    4 C    0 0 0
   6 C    1     2.3692     4.4772    2 C    0 0 1
   6 C    1     2.4586     4.6460    1 C    0 0 0
   6 C    1     2.4918     4.7089    1 C    0 1 0

   7 C    1     1.2933     2.4440    8 C    0 0 0
   7 C    1     1.4413     2.7236    1 C    0 0-1
   7 C    1     1.5182     2.8690    2 C    0 0 0
   7 C    1     2.2346     4.2228    3 C    0 0-1
   7 C    1     2.5163     4.7551    5 C    0 0 0
   7 C    1     2.5229     4.7676    5 C    0-1 0

   8 C    1     1.2933     2.4440    7 C    0 0 0
   8 C    1     1.4615     2.7618    4 C   -1 0 0
   8 C    1     1.4865     2.8091    2 C    0 0 0
   8 C    1     2.4823     4.6908    2 C   -1 0 0
   8 C    1     2.5235     4.7687    3 C   -1 0 0
   8 C    1     2.5683     4.8534    4 C    0 0 0


 SYMMETRY ALLOWED INTERNAL DEGREE(S) OF FREEDOM:  21
 TTTTTTTTTTTTTTTTTTTTTTTTTTTTTT SYMM        TELAPSE        1.54 TCPU        0.58
 TTTTTTTTTTTTTTTTTTTTTTTTTTTTTT INT_SCREEN  TELAPSE        1.54 TCPU        0.58

 DFT PARAMETERS

     ATOM       ELECTRONS   NET CHARGE   R(ANGSTROM)
   1   6  C       6.0000      0.0000     0.77000000

 SIZE OF GRID=     249104
 TTTTTTTTTTTTTTTTTTTTTTTTTTTTTT MAKE_GRID2  TELAPSE        1.88 TCPU        0.91
 BECKE WEIGHT FUNCTION
 RADSAFE =     2.00
 TOLERANCES - DENSITY:10**- 6; POTENTIAL:10**- 9; GRID WGT:10**-14

 RADIAL INTEGRATION  - INTERVALS (POINTS,UPPER LIMIT):            1( 75,  4.0*R)

 ANGULAR INTEGRATION - INTERVALS (ACCURACY LEVEL [N. POINTS] UPPER LIMIT):
  1(  4[  86]   0.2)  2(  8[ 194]   0.5)  3( 12[ 350]   0.9)  4( 16[ 974]   3.5)
  5( 12[ 350]9999.0)
 TTTTTTTTTTTTTTTTTTTTTTTTTTTTTT INT_CALC    TELAPSE        1.90 TCPU        0.93
 EEEEEEEEEE INT_CALC TERMINATION  DATE 30 01 2026 TIME 23:05:09.0

 *******************************************************************************
 ./3^6,4^2T10-CA_rev1_sp_B3LYP-D3-D3_optimized                                   
 CRYSTAL - SCF - TYPE OF CALCULATION :  UNRESTRICTED OPEN SHELL
 *******************************************************************************

 CAPPA:IS1 12;IS2  9;IS3  9; K PTS MONK NET 487; SYMMOPS:K SPACE   2;G SPACE   1

 TTTTTTTTTTTTTTTTTTTTTTTTTTTTTT SDIK        TELAPSE        2.02 TCPU        1.05

 AAAAAAAAAAAAAAAAAAAAAAAAAAAAAAAAAAAAAAAAAAAAAAAAAAAAAAAAAAAAAAAAAAAAAAAAAAAAAAA
         ATOMIC WAVEFUNCTION(S)


 NUCLEAR CHARGE  6.0  SYMMETRY SPECIES            S    P
 N. ELECTRONS    6.0  NUMBER OF PRIMITIVE GTOS   10    6
                      NUMBER OF CONTRACTED GTOS   4    3
                      NUMBER OF CLOSED SHELLS     2    0
                      OPEN SHELL OCCUPATION       0    2

  ZNUC  SCFIT    TOTAL HF ENERGY   KINETIC ENERGY   VIRIAL THEOREM ACCURACY
   6.0    10    -3.766702350E+01  3.783137943E+01 -1.995655566E+00  1.6E-06

 AAAAAAAAAAAAAAAAAAAAAAAAAAAAAAAAAAAAAAAAAAAAAAAAAAAAAAAAAAAAAAAAAAAAAAAAAAAAAAA

 CHARGE NORMALIZATION FACTOR   1.00000000
 TOTAL ATOMIC CHARGES:
   6.0000000   6.0000000   6.0000000   6.0000000   6.0000000   6.0000000
   6.0000000   6.0000000
 SUMMED SPIN DENSITY           0.00000000
 TOTAL ATOMIC SPINS  :
   0.0000000   0.0000000   0.0000000   0.0000000   0.0000000   0.0000000
   0.0000000   0.0000000
 TTTTTTTTTTTTTTTTTTTTTTTTTTTTTT MOQGAD      TELAPSE        2.03 TCPU        1.06
 TTTTTTTTTTTTTTTTTTTTTTTTTTTTTT SHELLXN     TELAPSE       34.79 TCPU       33.78
 TTTTTTTTTTTTTTTTTTTTTTTTTTTTTT MONMO3      TELAPSE       34.84 TCPU       33.83
 NUMERICALLY INTEGRATED DENSITY     24.0000188090     24.0000188090
 TTTTTTTTTTTTTTTTTTTTTTTTTTTTTT NUMDFT      TELAPSE       35.39 TCPU       34.37
 CYC   0 ETOT(AU) -3.072945586645E+02 DETOT -3.07E+02 tst  0.00E+00 PX  1.00E+00
 TTTTTTTTTTTTTTTTTTTTTTTTTTTTTT DIIS        TELAPSE       35.42 TCPU       34.40
 TTTTTTTTTTTTTTTTTTTTTTTTTTTTTT FDIK        TELAPSE       36.65 TCPU       35.63

    ALPHA      ELECTRONS
 INSULATING STATE
 TOP OF VALENCE BANDS -    BAND     24; K  278; EIG -1.8999340E-01 AU
 TOP OF VALENCE BANDS -    BAND     24; K    1; EIG -2.1254356E-01 AU
 BOTTOM OF VIRTUAL BANDS - BAND     25; K  165; EIG -1.8958120E-01 AU
 INDIRECT ENERGY BAND GAP:   0.0112 eV
 BOTTOM OF VIRTUAL BANDS - BAND     25; K    1; EIG -1.8594193E-01 AU

    BETA       ELECTRONS
 INSULATING STATE
 TOP OF VALENCE BANDS -    BAND     24; K  278; EIG -1.8999340E-01 AU
 TOP OF VALENCE BANDS -    BAND     24; K    1; EIG -2.1254356E-01 AU
 BOTTOM OF VIRTUAL BANDS - BAND     25; K  165; EIG -1.8958120E-01 AU
 INDIRECT ENERGY BAND GAP:   0.0112 eV
 BOTTOM OF VIRTUAL BANDS - BAND     25; K    1; EIG -1.8594193E-01 AU
 TTTTTTTTTTTTTTTTTTTTTTTTTTTTTT PDIG        TELAPSE       36.81 TCPU       35.78
 CHARGE NORMALIZATION FACTOR   1.00000000
 TOTAL ATOMIC CHARGES:
   5.9442889   6.0130087   6.0507927   5.9120656   5.9812511   6.0513168
   6.0523491   5.9949272
 SUMMED SPIN DENSITY           0.00000000
 TOTAL ATOMIC SPINS  :
   0.0000000  -0.0000000  -0.0000000  -0.0000000   0.0000000   0.0000000
   0.0000000  -0.0000000
 TTTTTTTTTTTTTTTTTTTTTTTTTTTTTT MOQGAD      TELAPSE       36.81 TCPU       35.78
 TTTTTTTTTTTTTTTTTTTTTTTTTTTTTT SHELLXN     TELAPSE       70.27 TCPU       69.23
 TTTTTTTTTTTTTTTTTTTTTTTTTTTTTT MONMO3      TELAPSE       70.32 TCPU       69.27
 NUMERICALLY INTEGRATED DENSITY     24.0000161422     24.0000161422
 TTTTTTTTTTTTTTTTTTTTTTTTTTTTTT NUMDFT      TELAPSE       70.90 TCPU       69.86
 CYC   1 ETOT(AU) -3.045019351614E+02 DETOT  2.79E+00 tst  0.00E+00 PX  1.00E+00
 TTTTTTTTTTTTTTTTTTTTTTTTTTTTTT DIIS        TELAPSE       70.93 TCPU       69.89
 DIIS TEST: 0.29146E+00 AT SCF   CYCLE   1 - MIX   30 %
 TTTTTTTTTTTTTTTTTTTTTTTTTTTTTT FDIK        TELAPSE       71.55 TCPU       70.50

    ALPHA      ELECTRONS
 INSULATING STATE
 TOP OF VALENCE BANDS -    BAND     24; K  278; EIG -1.2671481E-01 AU
 TOP OF VALENCE BANDS -    BAND     24; K    1; EIG -1.5260287E-01 AU
 BOTTOM OF VIRTUAL BANDS - BAND     25; K  165; EIG -1.2126950E-01 AU
 INDIRECT ENERGY BAND GAP:   0.1482 eV
 BOTTOM OF VIRTUAL BANDS - BAND     25; K    1; EIG -1.1756531E-01 AU

    BETA       ELECTRONS
 INSULATING STATE
 TOP OF VALENCE BANDS -    BAND     24; K  278; EIG -1.2671481E-01 AU
 TOP OF VALENCE BANDS -    BAND     24; K    1; EIG -1.5260287E-01 AU
 BOTTOM OF VIRTUAL BANDS - BAND     25; K  165; EIG -1.2126950E-01 AU
 INDIRECT ENERGY BAND GAP:   0.1482 eV
 BOTTOM OF VIRTUAL BANDS - BAND     25; K    1; EIG -1.1756531E-01 AU
 TTTTTTTTTTTTTTTTTTTTTTTTTTTTTT PDIG        TELAPSE       71.70 TCPU       70.65
 CHARGE NORMALIZATION FACTOR   1.00000000
 TOTAL ATOMIC CHARGES:
   6.0304876   6.0311151   5.9423527   6.0944170   6.0180231   5.9311511
   5.9781082   5.9743453
 SUMMED SPIN DENSITY           0.00000000
 TOTAL ATOMIC SPINS  :
  -0.0000000  -0.0000000   0.0000000  -0.0000000   0.0000000  -0.0000000
   0.0000000  -0.0000000
 TTTTTTTTTTTTTTTTTTTTTTTTTTTTTT MOQGAD      TELAPSE       71.70 TCPU       70.65
 TTTTTTTTTTTTTTTTTTTTTTTTTTTTTT SHELLXN     TELAPSE      105.42 TCPU      104.35
 TTTTTTTTTTTTTTTTTTTTTTTTTTTTTT MONMO3      TELAPSE      105.47 TCPU      104.40
 NUMERICALLY INTEGRATED DENSITY     24.0000174658     24.0000174658
 TTTTTTTTTTTTTTTTTTTTTTTTTTTTTT NUMDFT      TELAPSE      106.06 TCPU      104.99
 CYC   2 ETOT(AU) -3.045256713851E+02 DETOT -2.37E-02 tst  4.47E-04 PX  1.27E-01
 TTTTTTTTTTTTTTTTTTTTTTTTTTTTTT DIIS        TELAPSE      106.10 TCPU      105.03
 DIIS TEST: 0.78610E-01 AT SCF   CYCLE   2 - DIIS ACTIVE - HISTORY:     2 CYCLES
 TTTTTTTTTTTTTTTTTTTTTTTTTTTTTT FDIK        TELAPSE      106.64 TCPU      105.56

    ALPHA      ELECTRONS
 INSULATING STATE
 TOP OF VALENCE BANDS -    BAND     24; K  278; EIG -1.2009607E-01 AU
 TOP OF VALENCE BANDS -    BAND     24; K    1; EIG -1.4574777E-01 AU
 BOTTOM OF VIRTUAL BANDS - BAND     25; K  165; EIG -1.0968827E-01 AU
 INDIRECT ENERGY BAND GAP:   0.2832 eV
 BOTTOM OF VIRTUAL BANDS - BAND     25; K    1; EIG -1.0681913E-01 AU

    BETA       ELECTRONS
 INSULATING STATE
 TOP OF VALENCE BANDS -    BAND     24; K  278; EIG -1.2009607E-01 AU
 TOP OF VALENCE BANDS -    BAND     24; K    1; EIG -1.4574777E-01 AU
 BOTTOM OF VIRTUAL BANDS - BAND     25; K  165; EIG -1.0968827E-01 AU
 INDIRECT ENERGY BAND GAP:   0.2832 eV
 BOTTOM OF VIRTUAL BANDS - BAND     25; K    1; EIG -1.0681913E-01 AU
 TTTTTTTTTTTTTTTTTTTTTTTTTTTTTT PDIG        TELAPSE      106.79 TCPU      105.71
 CHARGE NORMALIZATION FACTOR   1.00000000
 TOTAL ATOMIC CHARGES:
   5.9676752   5.9965527   6.0408653   5.9677059   5.9746497   6.0333227
   6.0460996   5.9731289
 SUMMED SPIN DENSITY          -0.00000000
 TOTAL ATOMIC SPINS  :
  -0.0000000  -0.0000000   0.0000000   0.0000000  -0.0000000  -0.0000000
   0.0000000  -0.0000000
 TTTTTTTTTTTTTTTTTTTTTTTTTTTTTT MOQGAD      TELAPSE      106.79 TCPU      105.71
 TTTTTTTTTTTTTTTTTTTTTTTTTTTTTT SHELLXN     TELAPSE      140.55 TCPU      139.44
 TTTTTTTTTTTTTTTTTTTTTTTTTTTTTT MONMO3      TELAPSE      140.59 TCPU      139.49
 NUMERICALLY INTEGRATED DENSITY     24.0000177521     24.0000177521
 TTTTTTTTTTTTTTTTTTTTTTTTTTTTTT NUMDFT      TELAPSE      141.18 TCPU      140.08
 CYC   3 ETOT(AU) -3.045285543050E+02 DETOT -2.88E-03 tst  6.44E-04 PX  3.27E-02
 TTTTTTTTTTTTTTTTTTTTTTTTTTTTTT DIIS        TELAPSE      141.22 TCPU      140.11
 DIIS TEST: 0.22561E-01 AT SCF   CYCLE   3 - DIIS ACTIVE - HISTORY:     3 CYCLES
 TTTTTTTTTTTTTTTTTTTTTTTTTTTTTT FDIK        TELAPSE      141.77 TCPU      140.66

    ALPHA      ELECTRONS
 INSULATING STATE
 TOP OF VALENCE BANDS -    BAND     24; K  278; EIG -1.2595948E-01 AU
 TOP OF VALENCE BANDS -    BAND     24; K    1; EIG -1.5043767E-01 AU
 BOTTOM OF VIRTUAL BANDS - BAND     25; K  386; EIG -1.1393132E-01 AU
 INDIRECT ENERGY BAND GAP:   0.3273 eV
 BOTTOM OF VIRTUAL BANDS - BAND     25; K    1; EIG -1.1101879E-01 AU

    BETA       ELECTRONS
 INSULATING STATE
 TOP OF VALENCE BANDS -    BAND     24; K  278; EIG -1.2595948E-01 AU
 TOP OF VALENCE BANDS -    BAND     24; K    1; EIG -1.5043767E-01 AU
 BOTTOM OF VIRTUAL BANDS - BAND     25; K  386; EIG -1.1393132E-01 AU
 INDIRECT ENERGY BAND GAP:   0.3273 eV
 BOTTOM OF VIRTUAL BANDS - BAND     25; K    1; EIG -1.1101879E-01 AU
 TTTTTTTTTTTTTTTTTTTTTTTTTTTTTT PDIG        TELAPSE      141.93 TCPU      140.81
 CHARGE NORMALIZATION FACTOR   1.00000000
 TOTAL ATOMIC CHARGES:
   5.9866993   6.0151816   5.9952351   5.9987189   6.0090426   5.9837650
   6.0115101   5.9998474
 SUMMED SPIN DENSITY          -0.00000000
 TOTAL ATOMIC SPINS  :
  -0.0000000  -0.0000000   0.0000000  -0.0000000   0.0000000  -0.0000000
   0.0000000  -0.0000000
 TTTTTTTTTTTTTTTTTTTTTTTTTTTTTT MOQGAD      TELAPSE      141.93 TCPU      140.81
 TTTTTTTTTTTTTTTTTTTTTTTTTTTTTT SHELLXN     TELAPSE      175.84 TCPU      174.71
 TTTTTTTTTTTTTTTTTTTTTTTTTTTTTT MONMO3      TELAPSE      175.89 TCPU      174.76
 NUMERICALLY INTEGRATED DENSITY     24.0000175510     24.0000175510
 TTTTTTTTTTTTTTTTTTTTTTTTTTTTTT NUMDFT      TELAPSE      176.49 TCPU      175.36
 CYC   4 ETOT(AU) -3.045297174945E+02 DETOT -1.16E-03 tst  4.63E-05 PX  1.27E-02
 TTTTTTTTTTTTTTTTTTTTTTTTTTTTTT DIIS        TELAPSE      176.52 TCPU      175.39
 DIIS TEST: 0.20485E-02 AT SCF   CYCLE   4 - DIIS ACTIVE - HISTORY:     4 CYCLES
 TTTTTTTTTTTTTTTTTTTTTTTTTTTTTT FDIK        TELAPSE      177.09 TCPU      175.95

    ALPHA      ELECTRONS
 INSULATING STATE
 TOP OF VALENCE BANDS -    BAND     24; K  386; EIG -1.2701911E-01 AU
 TOP OF VALENCE BANDS -    BAND     24; K    1; EIG -1.5171096E-01 AU
 BOTTOM OF VIRTUAL BANDS - BAND     25; K  386; EIG -1.1445702E-01 AU
 DIRECT ENERGY BAND GAP:   0.3418 eV
 BOTTOM OF VIRTUAL BANDS - BAND     25; K    1; EIG -1.1177396E-01 AU

    BETA       ELECTRONS
 INSULATING STATE
 TOP OF VALENCE BANDS -    BAND     24; K  386; EIG -1.2701911E-01 AU
 TOP OF VALENCE BANDS -    BAND     24; K    1; EIG -1.5171096E-01 AU
 BOTTOM OF VIRTUAL BANDS - BAND     25; K  386; EIG -1.1445702E-01 AU
 DIRECT ENERGY BAND GAP:   0.3418 eV
 BOTTOM OF VIRTUAL BANDS - BAND     25; K    1; EIG -1.1177396E-01 AU
 TTTTTTTTTTTTTTTTTTTTTTTTTTTTTT PDIG        TELAPSE      177.25 TCPU      176.11
 CHARGE NORMALIZATION FACTOR   1.00000000
 TOTAL ATOMIC CHARGES:
   5.9925434   6.0071628   6.0048502   6.0089005   5.9936693   5.9941725
   6.0188878   5.9798136
 SUMMED SPIN DENSITY          -0.00000000
 TOTAL ATOMIC SPINS  :
  -0.0000000  -0.0000000   0.0000000  -0.0000000   0.0000000  -0.0000000
  -0.0000000   0.0000000
 TTTTTTTTTTTTTTTTTTTTTTTTTTTTTT MOQGAD      TELAPSE      177.25 TCPU      176.11
 TTTTTTTTTTTTTTTTTTTTTTTTTTTTTT SHELLXN     TELAPSE      211.43 TCPU      210.28
 TTTTTTTTTTTTTTTTTTTTTTTTTTTTTT MONMO3      TELAPSE      211.48 TCPU      210.33
 NUMERICALLY INTEGRATED DENSITY     24.0000175376     24.0000175376
 TTTTTTTTTTTTTTTTTTTTTTTTTTTTTT NUMDFT      TELAPSE      212.08 TCPU      210.93
 CYC   5 ETOT(AU) -3.045298074174E+02 DETOT -8.99E-05 tst  3.77E-05 PX  4.11E-03
 TTTTTTTTTTTTTTTTTTTTTTTTTTTTTT DIIS        TELAPSE      212.12 TCPU      210.96
 DIIS TEST: 0.53186E-03 AT SCF   CYCLE   5 - DIIS ACTIVE - HISTORY:     5 CYCLES
 TTTTTTTTTTTTTTTTTTTTTTTTTTTTTT FDIK        TELAPSE      212.65 TCPU      211.48

    ALPHA      ELECTRONS
 INSULATING STATE
 TOP OF VALENCE BANDS -    BAND     24; K  386; EIG -1.2694958E-01 AU
 TOP OF VALENCE BANDS -    BAND     24; K    1; EIG -1.5145336E-01 AU
 BOTTOM OF VIRTUAL BANDS - BAND     25; K  386; EIG -1.1388738E-01 AU
 DIRECT ENERGY BAND GAP:   0.3554 eV
 BOTTOM OF VIRTUAL BANDS - BAND     25; K    1; EIG -1.1114958E-01 AU

    BETA       ELECTRONS
 INSULATING STATE
 TOP OF VALENCE BANDS -    BAND     24; K  386; EIG -1.2694958E-01 AU
 TOP OF VALENCE BANDS -    BAND     24; K    1; EIG -1.5145336E-01 AU
 BOTTOM OF VIRTUAL BANDS - BAND     25; K  386; EIG -1.1388738E-01 AU
 DIRECT ENERGY BAND GAP:   0.3554 eV
 BOTTOM OF VIRTUAL BANDS - BAND     25; K    1; EIG -1.1114958E-01 AU
 TTTTTTTTTTTTTTTTTTTTTTTTTTTTTT PDIG        TELAPSE      212.84 TCPU      211.68
 CHARGE NORMALIZATION FACTOR   1.00000000
 TOTAL ATOMIC CHARGES:
   5.9873452   6.0096654   6.0028541   6.0022246   5.9999571   5.9931863
   6.0180683   5.9866989
 SUMMED SPIN DENSITY          -0.00000000
 TOTAL ATOMIC SPINS  :
  -0.0000000   0.0000000   0.0000000  -0.0000000   0.0000000  -0.0000000
  -0.0000000   0.0000000
 TTTTTTTTTTTTTTTTTTTTTTTTTTTTTT MOQGAD      TELAPSE      212.85 TCPU      211.68
 TTTTTTTTTTTTTTTTTTTTTTTTTTTTTT SHELLXN     TELAPSE      247.74 TCPU      246.56
 TTTTTTTTTTTTTTTTTTTTTTTTTTTTTT MONMO3      TELAPSE      247.79 TCPU      246.61
 NUMERICALLY INTEGRATED DENSITY     24.0000175460     24.0000175460
 TTTTTTTTTTTTTTTTTTTTTTTTTTTTTT NUMDFT      TELAPSE      248.38 TCPU      247.19
 CYC   6 ETOT(AU) -3.045298391196E+02 DETOT -3.17E-05 tst  1.05E-05 PX  2.08E-03
 TTTTTTTTTTTTTTTTTTTTTTTTTTTTTT DIIS        TELAPSE      248.41 TCPU      247.23
 DIIS TEST: 0.20628E-04 AT SCF   CYCLE   6 - DIIS ACTIVE - HISTORY:     6 CYCLES
 TTTTTTTTTTTTTTTTTTTTTTTTTTTTTT FDIK        TELAPSE      248.96 TCPU      247.78

    ALPHA      ELECTRONS
 INSULATING STATE
 TOP OF VALENCE BANDS -    BAND     24; K  386; EIG -1.2698783E-01 AU
 TOP OF VALENCE BANDS -    BAND     24; K    1; EIG -1.5156703E-01 AU
 BOTTOM OF VIRTUAL BANDS - BAND     25; K  386; EIG -1.1381585E-01 AU
 DIRECT ENERGY BAND GAP:   0.3584 eV
 BOTTOM OF VIRTUAL BANDS - BAND     25; K    1; EIG -1.1103435E-01 AU

    BETA       ELECTRONS
 INSULATING STATE
 TOP OF VALENCE BANDS -    BAND     24; K  386; EIG -1.2698783E-01 AU
 TOP OF VALENCE BANDS -    BAND     24; K    1; EIG -1.5156703E-01 AU
 BOTTOM OF VIRTUAL BANDS - BAND     25; K  386; EIG -1.1381585E-01 AU
 DIRECT ENERGY BAND GAP:   0.3584 eV
 BOTTOM OF VIRTUAL BANDS - BAND     25; K    1; EIG -1.1103435E-01 AU
 TTTTTTTTTTTTTTTTTTTTTTTTTTTTTT PDIG        TELAPSE      249.12 TCPU      247.93
 CHARGE NORMALIZATION FACTOR   1.00000000
 TOTAL ATOMIC CHARGES:
   5.9891621   6.0094498   6.0028130   6.0034312   5.9980734   5.9920003
   6.0177743   5.9872958
 SUMMED SPIN DENSITY          -0.00000000
 TOTAL ATOMIC SPINS  :
   0.0000000   0.0000000   0.0000000  -0.0000000   0.0000000  -0.0000000
  -0.0000000   0.0000000
 TTTTTTTTTTTTTTTTTTTTTTTTTTTTTT MOQGAD      TELAPSE      249.13 TCPU      247.93
 TTTTTTTTTTTTTTTTTTTTTTTTTTTTTT SHELLXN     TELAPSE      283.63 TCPU      282.42
 TTTTTTTTTTTTTTTTTTTTTTTTTTTTTT MONMO3      TELAPSE      283.68 TCPU      282.47
 NUMERICALLY INTEGRATED DENSITY     24.0000175448     24.0000175448
 TTTTTTTTTTTTTTTTTTTTTTTTTTTTTT NUMDFT      TELAPSE      284.29 TCPU      283.09
 CYC   7 ETOT(AU) -3.045298409240E+02 DETOT -1.80E-06 tst  3.68E-06 PX  4.85E-04
 TTTTTTTTTTTTTTTTTTTTTTTTTTTTTT DIIS        TELAPSE      284.33 TCPU      283.12
 DIIS TEST: 0.49456E-05 AT SCF   CYCLE   7 - DIIS ACTIVE - HISTORY:     7 CYCLES
 TTTTTTTTTTTTTTTTTTTTTTTTTTTTTT FDIK        TELAPSE      284.89 TCPU      283.67

    ALPHA      ELECTRONS
 INSULATING STATE
 TOP OF VALENCE BANDS -    BAND     24; K  386; EIG -1.2707985E-01 AU
 TOP OF VALENCE BANDS -    BAND     24; K    1; EIG -1.5164069E-01 AU
 BOTTOM OF VIRTUAL BANDS - BAND     25; K  386; EIG -1.1379562E-01 AU
 DIRECT ENERGY BAND GAP:   0.3615 eV
 BOTTOM OF VIRTUAL BANDS - BAND     25; K    1; EIG -1.1104011E-01 AU

    BETA       ELECTRONS
 INSULATING STATE
 TOP OF VALENCE BANDS -    BAND     24; K  386; EIG -1.2707985E-01 AU
 TOP OF VALENCE BANDS -    BAND     24; K    1; EIG -1.5164069E-01 AU
 BOTTOM OF VIRTUAL BANDS - BAND     25; K  386; EIG -1.1379562E-01 AU
 DIRECT ENERGY BAND GAP:   0.3615 eV
 BOTTOM OF VIRTUAL BANDS - BAND     25; K    1; EIG -1.1104011E-01 AU
 TTTTTTTTTTTTTTTTTTTTTTTTTTTTTT PDIG        TELAPSE      285.04 TCPU      283.82
 CHARGE NORMALIZATION FACTOR   1.00000000
 TOTAL ATOMIC CHARGES:
   5.9887475   6.0094662   6.0025085   6.0035570   5.9989886   5.9924738
   6.0176258   5.9866327
 SUMMED SPIN DENSITY          -0.00000000
 TOTAL ATOMIC SPINS  :
   0.0000000   0.0000000  -0.0000000  -0.0000000   0.0000000  -0.0000000
  -0.0000000   0.0000000
 TTTTTTTTTTTTTTTTTTTTTTTTTTTTTT MOQGAD      TELAPSE      285.05 TCPU      283.83
 TTTTTTTTTTTTTTTTTTTTTTTTTTTTTT SHELLXN     TELAPSE      319.46 TCPU      318.23
 TTTTTTTTTTTTTTTTTTTTTTTTTTTTTT MONMO3      TELAPSE      319.52 TCPU      318.29
 NUMERICALLY INTEGRATED DENSITY     24.0000175426     24.0000175426
 TTTTTTTTTTTTTTTTTTTTTTTTTTTTTT NUMDFT      TELAPSE      320.12 TCPU      318.89
 CYC   8 ETOT(AU) -3.045298414932E+02 DETOT -5.69E-07 tst  5.24E-07 PX  2.34E-04
 TTTTTTTTTTTTTTTTTTTTTTTTTTTTTT DIIS        TELAPSE      320.15 TCPU      318.92
 DIIS TEST: 0.52167E-06 AT SCF   CYCLE   8 - DIIS ACTIVE - HISTORY:     8 CYCLES
 TTTTTTTTTTTTTTTTTTTTTTTTTTTTTT FDIK        TELAPSE      320.70 TCPU      319.46

    ALPHA      ELECTRONS
 INSULATING STATE
 TOP OF VALENCE BANDS -    BAND     24; K  386; EIG -1.2710244E-01 AU
 TOP OF VALENCE BANDS -    BAND     24; K    1; EIG -1.5167260E-01 AU
 BOTTOM OF VIRTUAL BANDS - BAND     25; K  386; EIG -1.1375149E-01 AU
 DIRECT ENERGY BAND GAP:   0.3633 eV
 BOTTOM OF VIRTUAL BANDS - BAND     25; K    1; EIG -1.1098943E-01 AU

    BETA       ELECTRONS
 INSULATING STATE
 TOP OF VALENCE BANDS -    BAND     24; K  386; EIG -1.2710244E-01 AU
 TOP OF VALENCE BANDS -    BAND     24; K    1; EIG -1.5167260E-01 AU
 BOTTOM OF VIRTUAL BANDS - BAND     25; K  386; EIG -1.1375149E-01 AU
 DIRECT ENERGY BAND GAP:   0.3633 eV
 BOTTOM OF VIRTUAL BANDS - BAND     25; K    1; EIG -1.1098943E-01 AU
 TTTTTTTTTTTTTTTTTTTTTTTTTTTTTT PDIG        TELAPSE      320.85 TCPU      319.61
 CHARGE NORMALIZATION FACTOR   1.00000000
 TOTAL ATOMIC CHARGES:
   5.9888322   6.0094002   6.0025563   6.0036343   5.9987461   5.9923228
   6.0176836   5.9868244
 SUMMED SPIN DENSITY          -0.00000000
 TOTAL ATOMIC SPINS  :
  -0.0000000   0.0000000   0.0000000  -0.0000000   0.0000000  -0.0000000
  -0.0000000   0.0000000
 TTTTTTTTTTTTTTTTTTTTTTTTTTTTTT MOQGAD      TELAPSE      320.86 TCPU      319.62
 TTTTTTTTTTTTTTTTTTTTTTTTTTTTTT SHELLXN     TELAPSE      355.34 TCPU      354.09
 TTTTTTTTTTTTTTTTTTTTTTTTTTTTTT MONMO3      TELAPSE      355.39 TCPU      354.14
 NUMERICALLY INTEGRATED DENSITY     24.0000175417     24.0000175417
 TTTTTTTTTTTTTTTTTTTTTTTTTTTTTT NUMDFT      TELAPSE      355.98 TCPU      354.73
 CYC   9 ETOT(AU) -3.045298416800E+02 DETOT -1.87E-07 tst  5.65E-07 PX  1.86E-04
 TTTTTTTTTTTTTTTTTTTTTTTTTTTTTT DIIS        TELAPSE      356.01 TCPU      354.76
 DIIS TEST: 0.47753E-07 AT SCF   CYCLE   9 - DIIS ACTIVE - HISTORY:     9 CYCLES
 TTTTTTTTTTTTTTTTTTTTTTTTTTTTTT FDIK        TELAPSE      356.56 TCPU      355.30

    ALPHA      ELECTRONS
 INSULATING STATE
 TOP OF VALENCE BANDS -    BAND     24; K  386; EIG -1.2711563E-01 AU
 TOP OF VALENCE BANDS -    BAND     24; K    1; EIG -1.5169496E-01 AU
 BOTTOM OF VIRTUAL BANDS - BAND     25; K  386; EIG -1.1374253E-01 AU
 DIRECT ENERGY BAND GAP:   0.3639 eV
 BOTTOM OF VIRTUAL BANDS - BAND     25; K    1; EIG -1.1097478E-01 AU

    BETA       ELECTRONS
 INSULATING STATE
 TOP OF VALENCE BANDS -    BAND     24; K  386; EIG -1.2711563E-01 AU
 TOP OF VALENCE BANDS -    BAND     24; K    1; EIG -1.5169496E-01 AU
 BOTTOM OF VIRTUAL BANDS - BAND     25; K  386; EIG -1.1374253E-01 AU
 DIRECT ENERGY BAND GAP:   0.3639 eV
 BOTTOM OF VIRTUAL BANDS - BAND     25; K    1; EIG -1.1097478E-01 AU
 TTTTTTTTTTTTTTTTTTTTTTTTTTTTTT PDIG        TELAPSE      356.72 TCPU      355.45
 CHARGE NORMALIZATION FACTOR   1.00000000
 TOTAL ATOMIC CHARGES:
   5.9889348   6.0094366   6.0024805   6.0036291   5.9987259   5.9923573
   6.0176687   5.9867671
 SUMMED SPIN DENSITY          -0.00000000
 TOTAL ATOMIC SPINS  :
  -0.0000000   0.0000000   0.0000000  -0.0000000   0.0000000   0.0000000
  -0.0000000  -0.0000000
 TTTTTTTTTTTTTTTTTTTTTTTTTTTTTT MOQGAD      TELAPSE      356.72 TCPU      355.45
 TTTTTTTTTTTTTTTTTTTTTTTTTTTTTT SHELLXN     TELAPSE      391.64 TCPU      390.37
 TTTTTTTTTTTTTTTTTTTTTTTTTTTTTT MONMO3      TELAPSE      391.69 TCPU      390.42
 NUMERICALLY INTEGRATED DENSITY     24.0000175412     24.0000175412
 TTTTTTTTTTTTTTTTTTTTTTTTTTTTTT NUMDFT      TELAPSE      392.29 TCPU      391.02
 CYC  10 ETOT(AU) -3.045298417120E+02 DETOT -3.20E-08 tst  8.31E-08 PX  8.04E-05
 TTTTTTTTTTTTTTTTTTTTTTTTTTTTTT DIIS        TELAPSE      392.33 TCPU      391.05
 DIIS TEST: 0.24330E-07 AT SCF   CYCLE  10 - DIIS ACTIVE - HISTORY:    10 CYCLES
 TTTTTTTTTTTTTTTTTTTTTTTTTTTTTT FDIK        TELAPSE      392.87 TCPU      391.58

    ALPHA      ELECTRONS
 INSULATING STATE
 TOP OF VALENCE BANDS -    BAND     24; K  386; EIG -1.2711923E-01 AU
 TOP OF VALENCE BANDS -    BAND     24; K    1; EIG -1.5169782E-01 AU
 BOTTOM OF VIRTUAL BANDS - BAND     25; K  386; EIG -1.1373738E-01 AU
 DIRECT ENERGY BAND GAP:   0.3641 eV
 BOTTOM OF VIRTUAL BANDS - BAND     25; K    1; EIG -1.1097002E-01 AU

    BETA       ELECTRONS
 INSULATING STATE
 TOP OF VALENCE BANDS -    BAND     24; K  386; EIG -1.2711923E-01 AU
 TOP OF VALENCE BANDS -    BAND     24; K    1; EIG -1.5169782E-01 AU
 BOTTOM OF VIRTUAL BANDS - BAND     25; K  386; EIG -1.1373738E-01 AU
 DIRECT ENERGY BAND GAP:   0.3641 eV
 BOTTOM OF VIRTUAL BANDS - BAND     25; K    1; EIG -1.1097002E-01 AU
 TTTTTTTTTTTTTTTTTTTTTTTTTTTTTT PDIG        TELAPSE      393.03 TCPU      391.74
 CHARGE NORMALIZATION FACTOR   1.00000000
 TOTAL ATOMIC CHARGES:
   5.9888728   6.0094228   6.0025008   6.0036703   5.9987469   5.9923480
   6.0176383   5.9868002
 SUMMED SPIN DENSITY          -0.00000000
 TOTAL ATOMIC SPINS  :
  -0.0000000   0.0000000  -0.0000000  -0.0000000  -0.0000000   0.0000000
   0.0000000  -0.0000000
 TTTTTTTTTTTTTTTTTTTTTTTTTTTTTT MOQGAD      TELAPSE      393.03 TCPU      391.74
 TTTTTTTTTTTTTTTTTTTTTTTTTTTTTT SHELLXN     TELAPSE      428.13 TCPU      426.81
 TTTTTTTTTTTTTTTTTTTTTTTTTTTTTT MONMO3      TELAPSE      428.18 TCPU      426.86
 NUMERICALLY INTEGRATED DENSITY     24.0000175410     24.0000175410
 TTTTTTTTTTTTTTTTTTTTTTTTTTTTTT NUMDFT      TELAPSE      428.78 TCPU      427.46
 CYC  11 ETOT(AU) -3.045298417270E+02 DETOT -1.50E-08 tst  6.39E-09 PX  2.12E-05
 TTTTTTTTTTTTTTTTTTTTTTTTTTTTTT DIIS        TELAPSE      428.81 TCPU      427.49
 DIIS TEST: 0.29785E-08 AT SCF   CYCLE  11 - DIIS ACTIVE - HISTORY:    11 CYCLES
 TTTTTTTTTTTTTTTTTTTTTTTTTTTTTT FDIK        TELAPSE      429.36 TCPU      428.03

    ALPHA      ELECTRONS
 INSULATING STATE
 TOP OF VALENCE BANDS -    BAND     24; K  386; EIG -1.2711944E-01 AU
 TOP OF VALENCE BANDS -    BAND     24; K    1; EIG -1.5169989E-01 AU
 BOTTOM OF VIRTUAL BANDS - BAND     25; K  386; EIG -1.1373640E-01 AU
 DIRECT ENERGY BAND GAP:   0.3642 eV
 BOTTOM OF VIRTUAL BANDS - BAND     25; K    1; EIG -1.1096757E-01 AU

    BETA       ELECTRONS
 INSULATING STATE
 TOP OF VALENCE BANDS -    BAND     24; K  386; EIG -1.2711944E-01 AU
 TOP OF VALENCE BANDS -    BAND     24; K    1; EIG -1.5169989E-01 AU
 BOTTOM OF VIRTUAL BANDS - BAND     25; K  386; EIG -1.1373640E-01 AU
 DIRECT ENERGY BAND GAP:   0.3642 eV
 BOTTOM OF VIRTUAL BANDS - BAND     25; K    1; EIG -1.1096757E-01 AU
 TTTTTTTTTTTTTTTTTTTTTTTTTTTTTT PDIG        TELAPSE      429.52 TCPU      428.19
 CHARGE NORMALIZATION FACTOR   1.00000000
 TOTAL ATOMIC CHARGES:
   5.9888884   6.0094166   6.0024873   6.0036678   5.9987532   5.9923406
   6.0176623   5.9867838
 SUMMED SPIN DENSITY          -0.00000000
 TOTAL ATOMIC SPINS  :
  -0.0000000   0.0000000   0.0000000  -0.0000000   0.0000000   0.0000000
   0.0000000  -0.0000000
 TTTTTTTTTTTTTTTTTTTTTTTTTTTTTT MOQGAD      TELAPSE      429.52 TCPU      428.19
 TTTTTTTTTTTTTTTTTTTTTTTTTTTTTT SHELLXN     TELAPSE      464.69 TCPU      463.35
 TTTTTTTTTTTTTTTTTTTTTTTTTTTTTT MONMO3      TELAPSE      464.74 TCPU      463.40
 NUMERICALLY INTEGRATED DENSITY     24.0000175410     24.0000175410
 TTTTTTTTTTTTTTTTTTTTTTTTTTTTTT NUMDFT      TELAPSE      465.34 TCPU      464.00
 CYC  12 ETOT(AU) -3.045298417272E+02 DETOT -2.54E-10 tst  1.14E-09 PX  8.38E-06
 TTTTTTTTTTTTTTTTTTTTTTTTTTTTTT DIIS        TELAPSE      465.38 TCPU      464.04
 DIIS TEST: 0.63702E-09 AT SCF   CYCLE  12 - DIIS ACTIVE - HISTORY:    12 CYCLES
 TTTTTTTTTTTTTTTTTTTTTTTTTTTTTT FDIK        TELAPSE      465.88 TCPU      464.53

    ALPHA      ELECTRONS
 INSULATING STATE
 TOP OF VALENCE BANDS -    BAND     24; K  386; EIG -1.2711934E-01 AU
 TOP OF VALENCE BANDS -    BAND     24; K    1; EIG -1.5170054E-01 AU
 BOTTOM OF VIRTUAL BANDS - BAND     25; K  386; EIG -1.1373670E-01 AU
 DIRECT ENERGY BAND GAP:   0.3642 eV
 BOTTOM OF VIRTUAL BANDS - BAND     25; K    1; EIG -1.1096715E-01 AU

    BETA       ELECTRONS
 INSULATING STATE
 TOP OF VALENCE BANDS -    BAND     24; K  386; EIG -1.2711934E-01 AU
 TOP OF VALENCE BANDS -    BAND     24; K    1; EIG -1.5170054E-01 AU
 BOTTOM OF VIRTUAL BANDS - BAND     25; K  386; EIG -1.1373670E-01 AU
 DIRECT ENERGY BAND GAP:   0.3642 eV
 BOTTOM OF VIRTUAL BANDS - BAND     25; K    1; EIG -1.1096715E-01 AU
 TTTTTTTTTTTTTTTTTTTTTTTTTTTTTT PDIG        TELAPSE      466.04 TCPU      464.68
 CHARGE NORMALIZATION FACTOR   1.00000000
 TOTAL ATOMIC CHARGES:
   5.9888908   6.0094218   6.0024857   6.0036658   5.9987471   5.9923486
   6.0176501   5.9867901
 SUMMED SPIN DENSITY          -0.00000000
 TOTAL ATOMIC SPINS  :
  -0.0000000   0.0000000  -0.0000000   0.0000000  -0.0000000   0.0000000
   0.0000000  -0.0000000
 TTTTTTTTTTTTTTTTTTTTTTTTTTTTTT MOQGAD      TELAPSE      466.04 TCPU      464.69
 TTTTTTTTTTTTTTTTTTTTTTTTTTTTTT SHELLXN     TELAPSE      501.22 TCPU      499.87
 +++ ENERGIES IN A.U. +++
 ::: EXT EL-POLE                                  -9.5821773192840E+02
 ::: EXT EL-SPHEROPOLE                             8.7048661800938E+00
 ::: BIELET ZONE E-E                               1.0330575560381E+03
 ::: TOTAL E-E                                     8.3544690289781E+01
 ::: TOTAL E-N + N-E                              -5.8698030173764E+02
 ::: TOTAL N-N                                    -6.9814779379481E+01
 ::: KINETIC ENERGY                                3.0385260793073E+02
 ::: PSEUDO TOTAL   ENERGY                        -2.6939778289661E+02
 ::: VIRIAL COEFFICIENT                            1.0601043201809E+00
 TTTTTTTTTTTTTTTTTTTTTTTTTTTTTT MONMO3      TELAPSE      501.27 TCPU      499.92
 NUMERICALLY INTEGRATED DENSITY     24.0000175410     24.0000175410
 EXCHANGE ENERGY: -0.331348464776E+02  CORRELATION ENERGY: -0.199721235415E+01
 TTTTTTTTTTTTTTTTTTTTTTTTTTTTTT NUMDFT      TELAPSE      501.87 TCPU      500.51
 CYC  13 ETOT(AU) -3.045298417284E+02 DETOT -1.14E-09 tst  5.43E-11 PX  8.38E-06

 == SCF ENDED - CONVERGENCE ON ENERGY      E(AU) -3.0452984172838E+02 CYCLES  13


 ENERGY EXPRESSION=HARTREE+FOCK EXCH*0.20000+(BECKE      EXCH)*0.80000+LYP        CORR


 TOTAL ENERGY(DFT)(AU)( 13) -3.0452984172838E+02 DE-1.1E-09 tester 5.4E-11
 TTTTTTTTTTTTTTTTTTTTTTTTTTTTTT EDFT        TELAPSE      501.89 TCPU      500.52
 
 INFORMATION **** DFTD3 ENERGY **** CALCULATE DFTD3 ENERGY

           DFT-D V3(BJ)
 DF                                         b3-lyp    
 parameters
 s6       :    1.0000
 s8       :    1.9889
 a1       :    0.3981
 a2       :    4.4211
 k1 k3    :   16.0000   -4.0000
 Cutoff   :   50.2022
 CN-Cutoff:   21.1671
 ABC-Cutoff:   21.1671
 
 Edisp /kcal,au:   -41.3386 -0.06587727

 E6    /kcal :   -20.0925
 E8    /kcal :   -21.2461
 
 INFORMATION **** DFTD3 ENERGY **** NORMAL TERMINATION OF DFTD3 MODULE

 *******************************************************************************

 DFT-D3 DISPERSION ENERGY CORRECTION

 D3 DISPERSION ENERGY (AU)       -6.5877269243302E-02
 TOTAL ENERGY + DISP (AU)        -3.0459571899763E+02

 *******************************************************************************


 NEIGHBORS OF THE NON-EQUIVALENT ATOMS

 N = NUMBER OF NEIGHBORS AT DISTANCE R
    ATOM  N     R/ANG      R/AU   NEIGHBORS (ATOM LABELS AND CELL INDICES)
   1 C    1     1.3689     2.5868    3 C    0 0 0
   1 C    1     1.4132     2.6706    5 C    0-1 1
   1 C    1     1.4413     2.7236    7 C    0 0 1
   1 C    1     2.4586     4.6460    6 C    0 0 0
   1 C    1     2.4918     4.7089    6 C    0-1 0
   1 C    1     2.5437     4.8070    2 C    0-1 1

   2 C    1     1.4865     2.8091    8 C    0 0 0
   2 C    1     1.5111     2.8555    5 C    0 0 0
   2 C    1     1.5176     2.8678    4 C    0 0 0
   2 C    1     1.5182     2.8690    7 C    0 0 0
   2 C    1     2.3692     4.4772    6 C    0 0-1
   2 C    1     2.4823     4.6908    8 C    1 0 0

   3 C    1     1.3577     2.5658    6 C    0 0 0
   3 C    1     1.3689     2.5868    1 C    0 0 0
   3 C    1     1.4848     2.8058    4 C    0 0 0
   3 C    1     2.2346     4.2228    7 C    0 0 1
   3 C    1     2.4515     4.6327    5 C    0 0 1
   3 C    1     2.5235     4.7687    8 C    1 0 0

   4 C    1     1.4615     2.7618    8 C    1 0 0
   4 C    1     1.4848     2.8058    3 C    0 0 0
   4 C    1     1.5084     2.8505    6 C    0 0 0
   4 C    1     1.5176     2.8678    2 C    0 0 0
   4 C    1     2.5481     4.8151    5 C    0 0 0
   4 C    1     2.5683     4.8534    8 C    0 0 0

   5 C    1     1.3665     2.5824    6 C    0 0-1
   5 C    1     1.4132     2.6706    1 C    0 1-1
   5 C    1     1.5111     2.8555    2 C    0 0 0
   5 C    1     2.4515     4.6327    3 C    0 0-1
   5 C    1     2.5163     4.7551    7 C    0 0 0
   5 C    1     2.5229     4.7676    7 C    0 1 0

   6 C    1     1.3577     2.5658    3 C    0 0 0
   6 C    1     1.3665     2.5824    5 C    0 0 1
   6 C    1     1.5084     2.8505    4 C    0 0 0
   6 C    1     2.3692     4.4772    2 C    0 0 1
   6 C    1     2.4586     4.6460    1 C    0 0 0
   6 C    1     2.4918     4.7089    1 C    0 1 0

   7 C    1     1.2933     2.4440    8 C    0 0 0
   7 C    1     1.4413     2.7236    1 C    0 0-1
   7 C    1     1.5182     2.8690    2 C    0 0 0
   7 C    1     2.2346     4.2228    3 C    0 0-1
   7 C    1     2.5163     4.7551    5 C    0 0 0
   7 C    1     2.5229     4.7676    5 C    0-1 0

   8 C    1     1.2933     2.4440    7 C    0 0 0
   8 C    1     1.4615     2.7618    4 C   -1 0 0
   8 C    1     1.4865     2.8091    2 C    0 0 0
   8 C    1     2.4823     4.6908    2 C   -1 0 0
   8 C    1     2.5235     4.7687    3 C   -1 0 0
   8 C    1     2.5683     4.8534    4 C    0 0 0

 TTTTTTTTTTTTTTTTTTTTTTTTTTTTTT AFTER FIRST TELAPSE      502.00 TCPU      500.61
 MMMMMMMMMMMMMMMMMMMMMMMMMMMMMMMMMMMMMMMMMMMMMMMMMMMMMMMMMMMMMMMMMMMMMMMMMMMMMMM
     ALPHA+BETA ELECTRONS
 MULLIKEN POPULATION ANALYSIS - NO. OF ELECTRONS   48.000000

  ATOM    Z CHARGE  A.O. POPULATION

   1 C    6  5.989  0.854  1.121  0.766  0.387  0.414  0.498  0.450 -0.057
                    0.028  0.006  0.644  0.376  0.458  0.009  0.004  0.015
                    0.008  0.008
   2 C    6  6.009  0.853  1.122  0.741  0.451  0.448  0.439  0.451 -0.009
                    0.005  0.001  0.515  0.453  0.486  0.009  0.013  0.013
                    0.011  0.008
   3 C    6  6.002  0.854  1.121  0.755  0.445  0.386  0.529  0.478 -0.052
                   -0.000  0.004  0.610  0.402  0.428  0.011  0.005  0.014
                    0.008  0.008
   4 C    6  6.004  0.853  1.122  0.758  0.435  0.458  0.441  0.426  0.015
                   -0.011  0.029  0.478  0.553  0.391  0.013  0.017  0.012
                    0.009  0.004
   5 C    6  5.999  0.854  1.121  0.764  0.418  0.395  0.488  0.468 -0.063
                    0.023  0.012  0.638  0.390  0.450  0.010  0.004  0.013
                    0.008  0.006
   6 C    6  5.992  0.854  1.121  0.753  0.445  0.392  0.526  0.471 -0.067
                   -0.002  0.010  0.632  0.398  0.416  0.010  0.004  0.014
                    0.007  0.007
   7 C    6  6.018  0.854  1.120  0.759  0.463  0.488  0.444  0.449 -0.039
                    0.006 -0.032  0.531  0.412  0.519  0.010  0.006  0.009
                    0.011  0.009
   8 C    6  5.987  0.854  1.121  0.758  0.459  0.471  0.460  0.441  0.018
                   -0.018 -0.038  0.364  0.488  0.561  0.007  0.010  0.005
                    0.013  0.012

  ATOM    Z CHARGE  SHELL POPULATION

   1 C    6  5.989  0.854  1.121  0.766  0.387  1.362 -0.022  1.477  0.044
   2 C    6  6.009  0.853  1.122  0.741  0.451  1.338 -0.003  1.454  0.053
   3 C    6  6.002  0.854  1.121  0.755  0.445  1.393 -0.048  1.440  0.044
   4 C    6  6.004  0.853  1.122  0.758  0.435  1.325  0.032  1.422  0.056
   5 C    6  5.999  0.854  1.121  0.764  0.418  1.350 -0.027  1.478  0.041
   6 C    6  5.992  0.854  1.121  0.753  0.445  1.390 -0.058  1.445  0.043
   7 C    6  6.018  0.854  1.120  0.759  0.463  1.381 -0.066  1.461  0.044
   8 C    6  5.987  0.854  1.121  0.758  0.459  1.372 -0.038  1.414  0.047

 OVERLAP POPULATION CONDENSED TO ATOMS FOR FIRST   6 NEIGHBORS

 ATOM A   1 C    ATOM B     CELL      R(AB)/AU R(AB)/ANG    OVPOP(AB)
                  3 C    (  0  0  0)     2.587     1.369     0.467
                  5 C    (  0 -1  1)     2.671     1.413     0.407
                  7 C    (  0  0  1)     2.724     1.441     0.365
                  6 C    (  0  0  0)     4.646     2.459    -0.019
                  6 C    (  0 -1  0)     4.709     2.492    -0.031
                  2 C    (  0 -1  1)     4.807     2.544    -0.035

 ATOM A   2 C    ATOM B     CELL      R(AB)/AU R(AB)/ANG    OVPOP(AB)
                  8 C    (  0  0  0)     2.809     1.487     0.254
                  5 C    (  0  0  0)     2.856     1.511     0.312
                  4 C    (  0  0  0)     2.868     1.518     0.253
                  7 C    (  0  0  0)     2.869     1.518     0.195
                  6 C    (  0  0 -1)     4.477     2.369    -0.022
                  8 C    (  1  0  0)     4.691     2.482    -0.018

 ATOM A   3 C    ATOM B     CELL      R(AB)/AU R(AB)/ANG    OVPOP(AB)
                  6 C    (  0  0  0)     2.566     1.358     0.318
                  1 C    (  0  0  0)     2.587     1.369     0.467
                  4 C    (  0  0  0)     2.806     1.485     0.214
                  7 C    (  0  0  1)     4.223     2.235    -0.029
                  5 C    (  0  0  1)     4.633     2.452    -0.019
                  8 C    (  1  0  0)     4.769     2.523     0.007

 ATOM A   4 C    ATOM B     CELL      R(AB)/AU R(AB)/ANG    OVPOP(AB)
                  8 C    (  1  0  0)     2.762     1.461     0.276
                  3 C    (  0  0  0)     2.806     1.485     0.214
                  6 C    (  0  0  0)     2.850     1.508     0.245
                  2 C    (  0  0  0)     2.868     1.518     0.253
                  5 C    (  0  0  0)     4.815     2.548    -0.030
                  8 C    (  0  0  0)     4.853     2.568    -0.045

 ATOM A   5 C    ATOM B     CELL      R(AB)/AU R(AB)/ANG    OVPOP(AB)
                  6 C    (  0  0 -1)     2.582     1.367     0.473
                  1 C    (  0  1 -1)     2.671     1.413     0.407
                  2 C    (  0  0  0)     2.856     1.511     0.312
                  3 C    (  0  0 -1)     4.633     2.452    -0.019
                  7 C    (  0  0  0)     4.755     2.516    -0.014
                  7 C    (  0  1  0)     4.768     2.523    -0.033

 ATOM A   6 C    ATOM B     CELL      R(AB)/AU R(AB)/ANG    OVPOP(AB)
                  3 C    (  0  0  0)     2.566     1.358     0.318
                  5 C    (  0  0  1)     2.582     1.367     0.473
                  4 C    (  0  0  0)     2.850     1.508     0.245
                  2 C    (  0  0  1)     4.477     2.369    -0.022
                  1 C    (  0  0  0)     4.646     2.459    -0.019
                  1 C    (  0  1  0)     4.709     2.492    -0.031

 ATOM A   7 C    ATOM B     CELL      R(AB)/AU R(AB)/ANG    OVPOP(AB)
                  8 C    (  0  0  0)     2.444     1.293     0.459
                  1 C    (  0  0 -1)     2.724     1.441     0.365
                  2 C    (  0  0  0)     2.869     1.518     0.195
                  3 C    (  0  0 -1)     4.223     2.235    -0.029
                  5 C    (  0  0  0)     4.755     2.516    -0.014
                  5 C    (  0 -1  0)     4.768     2.523    -0.033

 ATOM A   8 C    ATOM B     CELL      R(AB)/AU R(AB)/ANG    OVPOP(AB)
                  7 C    (  0  0  0)     2.444     1.293     0.459
                  4 C    ( -1  0  0)     2.762     1.461     0.276
                  2 C    (  0  0  0)     2.809     1.487     0.254
                  2 C    ( -1  0  0)     4.691     2.482    -0.018
                  3 C    ( -1  0  0)     4.769     2.523     0.007
                  4 C    (  0  0  0)     4.853     2.568    -0.045
 TTTTTTTTTTTTTTTTTTTTTTTTTTTTTT AFTER FIRST TELAPSE      502.10 TCPU      500.61
 MMMMMMMMMMMMMMMMMMMMMMMMMMMMMMMMMMMMMMMMMMMMMMMMMMMMMMMMMMMMMMMMMMMMMMMMMMMMMMM
     ALPHA-BETA ELECTRONS
 MULLIKEN POPULATION ANALYSIS - NO. OF ELECTRONS   -0.000000

  ATOM    Z CHARGE  A.O. POPULATION

   1 C    6 -0.000  0.000 -0.000  0.000 -0.000  0.000 -0.000  0.000  0.000
                    0.000 -0.000  0.000 -0.000  0.000  0.000  0.000  0.000
                   -0.000 -0.000
   2 C    6  0.000  0.000  0.000  0.000  0.000  0.000  0.000 -0.000 -0.000
                    0.000  0.000  0.000 -0.000 -0.000 -0.000 -0.000 -0.000
                    0.000 -0.000
   3 C    6 -0.000  0.000 -0.000 -0.000  0.000 -0.000 -0.000  0.000 -0.000
                    0.000 -0.000  0.000 -0.000  0.000  0.000  0.000 -0.000
                   -0.000  0.000
   4 C    6  0.000 -0.000  0.000 -0.000  0.000  0.000 -0.000 -0.000 -0.000
                    0.000  0.000  0.000 -0.000 -0.000 -0.000  0.000  0.000
                   -0.000 -0.000
   5 C    6 -0.000 -0.000 -0.000  0.000 -0.000 -0.000  0.000  0.000  0.000
                   -0.000 -0.000 -0.000  0.000  0.000 -0.000  0.000  0.000
                    0.000  0.000
   6 C    6  0.000 -0.000  0.000 -0.000  0.000  0.000  0.000  0.000 -0.000
                   -0.000 -0.000  0.000  0.000 -0.000  0.000 -0.000  0.000
                    0.000 -0.000
   7 C    6  0.000 -0.000  0.000  0.000  0.000 -0.000 -0.000 -0.000 -0.000
                    0.000 -0.000  0.000  0.000  0.000  0.000 -0.000 -0.000
                    0.000 -0.000
   8 C    6 -0.000  0.000 -0.000  0.000 -0.000 -0.000 -0.000  0.000  0.000
                    0.000 -0.000 -0.000  0.000  0.000  0.000 -0.000  0.000
                    0.000  0.000

  ATOM    Z CHARGE  SHELL POPULATION

   1 C    6 -0.000  0.000 -0.000  0.000 -0.000  0.000 -0.000  0.000  0.000
   2 C    6  0.000  0.000  0.000  0.000  0.000  0.000  0.000 -0.000 -0.000
   3 C    6 -0.000  0.000 -0.000 -0.000  0.000  0.000 -0.000 -0.000  0.000
   4 C    6  0.000 -0.000  0.000 -0.000  0.000 -0.000  0.000 -0.000  0.000
   5 C    6 -0.000 -0.000 -0.000  0.000 -0.000 -0.000  0.000 -0.000  0.000
   6 C    6  0.000 -0.000  0.000 -0.000  0.000  0.000 -0.000  0.000  0.000
   7 C    6  0.000 -0.000  0.000  0.000  0.000 -0.000 -0.000  0.000 -0.000
   8 C    6 -0.000  0.000 -0.000  0.000 -0.000  0.000 -0.000  0.000  0.000

 OVERLAP POPULATION CONDENSED TO ATOMS FOR FIRST   6 NEIGHBORS

 ATOM A   1 C    ATOM B     CELL      R(AB)/AU R(AB)/ANG    OVPOP(AB)
                  3 C    (  0  0  0)     2.587     1.369     0.000
                  5 C    (  0 -1  1)     2.671     1.413     0.000
                  7 C    (  0  0  1)     2.724     1.441    -0.000
                  6 C    (  0  0  0)     4.646     2.459     0.000
                  6 C    (  0 -1  0)     4.709     2.492     0.000
                  2 C    (  0 -1  1)     4.807     2.544     0.000

 ATOM A   2 C    ATOM B     CELL      R(AB)/AU R(AB)/ANG    OVPOP(AB)
                  8 C    (  0  0  0)     2.809     1.487    -0.000
                  5 C    (  0  0  0)     2.856     1.511    -0.000
                  4 C    (  0  0  0)     2.868     1.518     0.000
                  7 C    (  0  0  0)     2.869     1.518     0.000
                  6 C    (  0  0 -1)     4.477     2.369     0.000
                  8 C    (  1  0  0)     4.691     2.482     0.000

 ATOM A   3 C    ATOM B     CELL      R(AB)/AU R(AB)/ANG    OVPOP(AB)
                  6 C    (  0  0  0)     2.566     1.358    -0.000
                  1 C    (  0  0  0)     2.587     1.369     0.000
                  4 C    (  0  0  0)     2.806     1.485     0.000
                  7 C    (  0  0  1)     4.223     2.235     0.000
                  5 C    (  0  0  1)     4.633     2.452     0.000
                  8 C    (  1  0  0)     4.769     2.523    -0.000

 ATOM A   4 C    ATOM B     CELL      R(AB)/AU R(AB)/ANG    OVPOP(AB)
                  8 C    (  1  0  0)     2.762     1.461    -0.000
                  3 C    (  0  0  0)     2.806     1.485     0.000
                  6 C    (  0  0  0)     2.850     1.508     0.000
                  2 C    (  0  0  0)     2.868     1.518     0.000
                  5 C    (  0  0  0)     4.815     2.548     0.000
                  8 C    (  0  0  0)     4.853     2.568     0.000

 ATOM A   5 C    ATOM B     CELL      R(AB)/AU R(AB)/ANG    OVPOP(AB)
                  6 C    (  0  0 -1)     2.582     1.367    -0.000
                  1 C    (  0  1 -1)     2.671     1.413     0.000
                  2 C    (  0  0  0)     2.856     1.511    -0.000
                  3 C    (  0  0 -1)     4.633     2.452     0.000
                  7 C    (  0  0  0)     4.755     2.516    -0.000
                  7 C    (  0  1  0)     4.768     2.523    -0.000

 ATOM A   6 C    ATOM B     CELL      R(AB)/AU R(AB)/ANG    OVPOP(AB)
                  3 C    (  0  0  0)     2.566     1.358    -0.000
                  5 C    (  0  0  1)     2.582     1.367    -0.000
                  4 C    (  0  0  0)     2.850     1.508     0.000
                  2 C    (  0  0  1)     4.477     2.369     0.000
                  1 C    (  0  0  0)     4.646     2.459     0.000
                  1 C    (  0  1  0)     4.709     2.492     0.000

 ATOM A   7 C    ATOM B     CELL      R(AB)/AU R(AB)/ANG    OVPOP(AB)
                  8 C    (  0  0  0)     2.444     1.293     0.000
                  1 C    (  0  0 -1)     2.724     1.441    -0.000
                  2 C    (  0  0  0)     2.869     1.518     0.000
                  3 C    (  0  0 -1)     4.223     2.235     0.000
                  5 C    (  0  0  0)     4.755     2.516    -0.000
                  5 C    (  0 -1  0)     4.768     2.523    -0.000

 ATOM A   8 C    ATOM B     CELL      R(AB)/AU R(AB)/ANG    OVPOP(AB)
                  7 C    (  0  0  0)     2.444     1.293     0.000
                  4 C    ( -1  0  0)     2.762     1.461    -0.000
                  2 C    (  0  0  0)     2.809     1.487    -0.000
                  2 C    ( -1  0  0)     4.691     2.482     0.000
                  3 C    ( -1  0  0)     4.769     2.523    -0.000
                  4 C    (  0  0  0)     4.853     2.568     0.000
 EIGENVECTORS IN FORTRAN UNIT 10
 TTTTTTTTTTTTTTTTTTTTTTTTTTTTTT END         TELAPSE      503.39 TCPU      501.89
 EEEEEEEEEE TERMINATION  DATE 30 01 2026 TIME 23:13:30.5
NODE    0 CPU TIME =       501.889
NODE    1 CPU TIME =       501.757
NODE    2 CPU TIME =       502.128
NODE    3 CPU TIME =       501.583
NODE    4 CPU TIME =       502.198
NODE    5 CPU TIME =       502.189
NODE    6 CPU TIME =       502.218
NODE    7 CPU TIME =       502.058
NODE    8 CPU TIME =       502.119
NODE    9 CPU TIME =       502.071
NODE   10 CPU TIME =       502.011
NODE   11 CPU TIME =       502.164
NODE   12 CPU TIME =       501.862
NODE   13 CPU TIME =       502.373
NODE   14 CPU TIME =       501.863
NODE   15 CPU TIME =       501.198
NODE   16 CPU TIME =       502.126
NODE   17 CPU TIME =       501.989
NODE   18 CPU TIME =       501.799
NODE   19 CPU TIME =       502.121
NODE   20 CPU TIME =       502.100
NODE   21 CPU TIME =       502.096
NODE   22 CPU TIME =       502.245
NODE   23 CPU TIME =       502.168
NODE   24 CPU TIME =       502.037
NODE   25 CPU TIME =       502.169
NODE   26 CPU TIME =       502.173
NODE   27 CPU TIME =       502.045
NODE   28 CPU TIME =       502.309
NODE   29 CPU TIME =       502.037
NODE   30 CPU TIME =       501.297
NODE   31 CPU TIME =       502.038
    TOTAL CPU TIME =     16064.432
