MPI startup(): Warning: I_MPI_PMI_LIBRARY will be ignored since the hydra process manager was found
MPI startup(): Warning: I_MPI_PMI_LIBRARY will be ignored since the hydra process manager was found
MPI startup(): Warning: I_MPI_PMI_LIBRARY will be ignored since the hydra process manager was found
MPI startup(): Warning: I_MPI_PMI_LIBRARY will be ignored since the hydra process manager was found
MPI startup(): Warning: I_MPI_PMI_LIBRARY will be ignored since the hydra process manager was found
MPI startup(): Warning: I_MPI_PMI_LIBRARY will be ignored since the hydra process manager was found
MPI startup(): Warning: I_MPI_PMI_LIBRARY will be ignored since the hydra process manager was found
MPI startup(): Warning: I_MPI_PMI_LIBRARY will be ignored since the hydra process manager was found
MPI startup(): Warning: I_MPI_PMI_LIBRARY will be ignored since the hydra process manager was found
MPI startup(): Warning: I_MPI_PMI_LIBRARY will be ignored since the hydra process manager was found
MPI startup(): Warning: I_MPI_PMI_LIBRARY will be ignored since the hydra process manager was found
MPI startup(): Warning: I_MPI_PMI_LIBRARY will be ignored since the hydra process manager was found
MPI startup(): Warning: I_MPI_PMI_LIBRARY will be ignored since the hydra process manager was found
MPI startup(): Warning: I_MPI_PMI_LIBRARY will be ignored since the hydra process manager was found
MPI startup(): Warning: I_MPI_PMI_LIBRARY will be ignored since the hydra process manager was found
MPI startup(): Warning: I_MPI_PMI_LIBRARY will be ignored since the hydra process manager was found
MPI startup(): Warning: I_MPI_PMI_LIBRARY will be ignored since the hydra process manager was found
MPI startup(): Warning: I_MPI_PMI_LIBRARY will be ignored since the hydra process manager was found
MPI startup(): Warning: I_MPI_PMI_LIBRARY will be ignored since the hydra process manager was found
MPI startup(): Warning: I_MPI_PMI_LIBRARY will be ignored since the hydra process manager was found
MPI startup(): Warning: I_MPI_PMI_LIBRARY will be ignored since the hydra process manager was found
MPI startup(): Warning: I_MPI_PMI_LIBRARY will be ignored since the hydra process manager was found
MPI startup(): Warning: I_MPI_PMI_LIBRARY will be ignored since the hydra process manager was found
MPI startup(): Warning: I_MPI_PMI_LIBRARY will be ignored since the hydra process manager was found
MPI startup(): Warning: I_MPI_PMI_LIBRARY will be ignored since the hydra process manager was found
MPI startup(): Warning: I_MPI_PMI_LIBRARY will be ignored since the hydra process manager was found
MPI startup(): Warning: I_MPI_PMI_LIBRARY will be ignored since the hydra process manager was found
MPI startup(): Warning: I_MPI_PMI_LIBRARY will be ignored since the hydra process manager was found
MPI startup(): Warning: I_MPI_PMI_LIBRARY will be ignored since the hydra process manager was found
MPI startup(): Warning: I_MPI_PMI_LIBRARY will be ignored since the hydra process manager was found
MPI startup(): Warning: I_MPI_PMI_LIBRARY will be ignored since the hydra process manager was found
MPI startup(): Warning: I_MPI_PMI_LIBRARY will be ignored since the hydra process manager was found
 PROCESS           12  OF           32  WORKING
 PROCESS            8  OF           32  WORKING
 PROCESS            3  OF           32  WORKING
 PROCESS           29  OF           32  WORKING
 PROCESS           30  OF           32  WORKING
 PROCESS           19  OF           32  WORKING
 PROCESS           23  OF           32  WORKING
 PROCESS           24  OF           32  WORKING
 PROCESS            7  OF           32  WORKING
 PROCESS           28  OF           32  WORKING
 PROCESS           14  OF           32  WORKING
 PROCESS            4  OF           32  WORKING
 PROCESS            5  OF           32  WORKING
 PROCESS           18  OF           32  WORKING
 PROCESS           25  OF           32  WORKING
 PROCESS           27  OF           32  WORKING
 PROCESS           15  OF           32  WORKING
 PROCESS           26  OF           32  WORKING
 PROCESS           10  OF           32  WORKING
 PROCESS           21  OF           32  WORKING
 PROCESS            6  OF           32  WORKING
 PROCESS           11  OF           32  WORKING
 PROCESS           22  OF           32  WORKING
 PROCESS            1  OF           32  WORKING
 PROCESS           20  OF           32  WORKING
 PROCESS            2  OF           32  WORKING
 PROCESS           13  OF           32  WORKING
 PROCESS           16  OF           32  WORKING
 PROCESS           17  OF           32  WORKING
 PROCESS           31  OF           32  WORKING
 PROCESS            0  OF           32  WORKING

         
 *******************************************************************************
 *                                                                             *
 *                               CRYSTAL23                                     *
 *                      public : 1.0.1 - October 2022                          *
 *                       HTTP://WWW.CRYSTAL.UNITO.IT                           *
 *                                                                             *
 *                              MAIN AUTHORS                                   *
 *                                                                             *
 *  R. DOVESI(1,11), V.R. SAUNDERS(2), C. ROETTI(1,11), R. ORLANDO(1,11),      *
 *  C.M. ZICOVICH-WILSON(1,3), F. PASCALE(4), B. CIVALLERI(1,11),              *
 *  K. DOLL(5), N.M. HARRISON(6), I.J. BUSH(7), Ph. D'ARCO(8),                 *
 *  M. LLUNELL(9), M. CAUSA'(10), Y. NOEL(8), L. MASCHIO(1,11), A. ERBA(1,11)  *
 *  M. RE'RAT(14), S. CASASSA(1,11), B.G. SEARLE(2), J.K. DESMARAIS(1)         *
 *                                                                             *
 *        CONTRIBUTIONS TO THE CODE HAVE ALSO BEEN GIVEN BY                    *
 *                                                                             *
 *  M. FERRABONE(1,11), M. DE LA PIERRE(1,11), M. FERRERO(1,11),               *
 *  J. BAIMA(1,11), E. ALBANESE(1,11), M.F. PEINTINGER(12), R. BAST(13),       *
 *  B. KIRTMAN(15), V. LACIVITA(1,11), R. DEMICHELIS(1,16)                     *
 *  G. BRANDEBURG(17), S. SALUSTRO(1,11), G. SANSONE(1,11)                     *
 *  M.T. RUGGIERO(18), L.E. DAGA(1), L. DONA'(1), A. COSSARD(1)                *
 *                                                                             *
 * (1) THEORETICAL CHEMISTRY GROUP - UNIVERSITA' DI TORINO - TORINO (ITALY)    *
 * (2) SCIENTIFIC COMPUTING DEPARTMENT - STFC DARESBURY (UK)                   *
 * (3) UNIVERSIDAD AUTONOMA DEL ESTADO DE MORELOS - CUERNAVACA (MEXICO)        *
 * (4) UNIVERSITE' DE LORRAINE - NANCY (FRANCE)                                *
 * (5) UNIVERSITAET STUTTGART- STUTTGART (GERMANY)                             *
 * (6) IMPERIAL COLLEGE - LONDON (UK)                                          *
 * (7) SCIENTIFIC COMPUTING DEPARTMENT - STFC RAL (UK)                         *
 * (8) UPMC - SORBONNE UNIVERSITES - PARIS (FRANCE)                            *
 * (9) UNIVERSIDAD DE BARCELONA - BARCELONA (SPAIN)                            *
 *(10) UNIVERSITA' DI NAPOLI "FEDERICO II" - NAPOLI (ITALY)                    *
 *(11) NIS - NANOSTRUCTURED INTERFACES AND SURFACES - TORINO (ITALY)           *
 *(12) MPI FUER CHEMISCHE ENERGIEKONVERSION - MUELHEIM AN DER RUHR (GERMANY)   *
 *(13) UNIVERSITY OF TROMSO - TROMSO (NORWAY)                                  *
 *(14) UNIVERSITE' DE PAU ET DES PAYS DE L'ADOUR - PAU (FRANCE)                *
 *(15) UNIVERSITY OF CALIFORNIA SANTA BARBARA - SANTA BARBARA (USA)            *
 *(16) CURTIN UNIVERSITY - PERTH (AUSTRALIA)                                   *
 *(17) UNIVERSITY COLLEGE LONDON - LONDON (UK)                                 *
 *(18) UNIVERSITY OF VERMONT - BURLINGTON (USA)                                *
 *                                                                             *
 *******************************************************************************
 EEEEEEEEEE STARTING  DATE 31 01 2026 TIME 00:45:18.6
 ./4^2T60-CA_rev1_sp_B3LYP-D3-D3_optimized                                       
 PROCESS            9  OF           32  WORKING

 CRYSTAL CALCULATION
 (INPUT ACCORDING TO THE INTERNATIONAL TABLES FOR X-RAY CRYSTALLOGRAPHY)
 CRYSTAL FAMILY                       :  ORTHORHOMBIC
 CRYSTAL CLASS  (GROTH - 1921)        :  ORTHORHOMBIC BIPYRAMIDAL             

 SPACE GROUP (CENTROSYMMETRIC)        :  C C C A         

 LATTICE PARAMETERS  (ANGSTROMS AND DEGREES) - CONVENTIONAL CELL
        A           B           C        ALPHA        BETA       GAMMA
     4.47071     5.96867     4.99473    90.00000    90.00000    90.00000


 NUMBER OF IRREDUCIBLE ATOMS IN THE CONVENTIONAL CELL:    2

 INPUT COORDINATES

 ATOM AT. N.              COORDINATES
   1   6    -4.097468652732E-01 -3.476657620568E-02  3.763987178450E-01
   2   6    -1.232686062090E-17  2.500000000000E-01  2.500000000000E-01

 *******************************************************************************

 << INFORMATION >>: FROM NOW ON, ALL COORDINATES REFER TO THE PRIMITIVE CELL

 *******************************************************************************

 LATTICE PARAMETERS  (ANGSTROMS AND DEGREES) - PRIMITIVE CELL
       A          B          C        ALPHA      BETA     GAMMA        VOLUME
    3.72868    3.72868    4.99473    90.00000  90.00000  73.66859     66.640168

 COORDINATES OF THE EQUIVALENT ATOMS (FRACTIONAL UNITS)

 N. ATOM EQUIV AT. N.          X                  Y                  Z

   1   1   1    6 C    -4.44513441479E-01  3.74980289068E-01  3.76398717845E-01
   2   1   2    6 C    -5.54865585211E-02  1.25019710932E-01  3.76398717845E-01
   3   1   3    6 C     1.25019710932E-01 -5.54865585211E-02  1.23601282155E-01
   4   1   4    6 C     3.74980289068E-01 -4.44513441479E-01  1.23601282155E-01
   5   1   5    6 C     4.44513441479E-01 -3.74980289068E-01 -3.76398717845E-01
   6   1   6    6 C     5.54865585211E-02 -1.25019710932E-01 -3.76398717845E-01
   7   1   7    6 C    -1.25019710932E-01  5.54865585211E-02 -1.23601282155E-01
   8   1   8    6 C    -3.74980289068E-01  4.44513441479E-01 -1.23601282155E-01

   9   2   1    6 C     2.50000000000E-01  2.50000000000E-01  2.50000000000E-01
  10   2   2    6 C    -2.50000000000E-01 -2.50000000000E-01 -2.50000000000E-01

 NUMBER OF SYMMETRY OPERATORS         :    8
 *******************************************************************************
 * GEOMETRY EDITING - INPUT COORDINATES ARE GIVEN IN ANGSTROM         
 *******************************************************************************

 GEOMETRY NOW FULLY CONSISTENT WITH THE GROUP

 GCALCO - MAX INDICES DIRECT LATTICE VECTOR    16    16    12
 NO.OF VECTORS CREATED 6999 STARS 1022 RMAX    90.72794 BOHR

 GEOMETRY FOR WAVE FUNCTION - DIMENSIONALITY OF THE SYSTEM    3
 (NON PERIODIC DIRECTION: LATTICE PARAMETER FORMALLY SET TO 500)
 *******************************************************************************
 LATTICE PARAMETERS (ANGSTROMS AND DEGREES) - BOHR = 0.5291772083 ANGSTROM
 PRIMITIVE CELL - CENTRING CODE 4/0 VOLUME=    66.640168 - DENSITY  2.990 g/cm^3
         A              B              C           ALPHA      BETA       GAMMA 
     3.72868351     3.72868351     4.99472519    90.000000  90.000000  73.668586
 *******************************************************************************
 ATOMS IN THE ASYMMETRIC UNIT    2 - ATOMS IN THE UNIT CELL:   10
     ATOM                 X/A                 Y/B                 Z/C    
 *******************************************************************************
      1 T   6 C    -4.445134414789E-01  3.749802890675E-01  3.763987178450E-01
      2 F   6 C    -5.548655852112E-02  1.250197109325E-01  3.763987178450E-01
      3 F   6 C     1.250197109325E-01 -5.548655852112E-02  1.236012821550E-01
      4 F   6 C     3.749802890675E-01 -4.445134414789E-01  1.236012821550E-01
      5 F   6 C     4.445134414789E-01 -3.749802890675E-01 -3.763987178450E-01
      6 F   6 C     5.548655852112E-02 -1.250197109325E-01 -3.763987178450E-01
      7 F   6 C    -1.250197109325E-01  5.548655852112E-02 -1.236012821550E-01
      8 F   6 C    -3.749802890675E-01  4.445134414789E-01 -1.236012821550E-01
      9 T   6 C     2.500000000000E-01  2.500000000000E-01  2.500000000000E-01
     10 F   6 C    -2.500000000000E-01 -2.500000000000E-01 -2.500000000000E-01

 TRANSFORMATION MATRIX PRIMITIVE-CRYSTALLOGRAPHIC CELL
  1.0000  1.0000  0.0000 -1.0000  1.0000  0.0000  0.0000  0.0000  1.0000

 *******************************************************************************
 CRYSTALLOGRAPHIC CELL (VOLUME=        133.28033562)
         A              B              C           ALPHA      BETA       GAMMA 
     4.47071203     5.96867295     4.99472519    90.000000  90.000000  90.000000

 COORDINATES IN THE CRYSTALLOGRAPHIC CELL
     ATOM                 X/A                 Y/B                 Z/C    
 *******************************************************************************
      1 T   6 C    -4.097468652732E-01 -3.476657620568E-02  3.763987178450E-01
      2 F   6 C    -9.025313472680E-02  3.476657620568E-02  3.763987178450E-01
      3 F   6 C     9.025313472680E-02  3.476657620568E-02  1.236012821550E-01
      4 F   6 C     4.097468652732E-01 -3.476657620568E-02  1.236012821550E-01
      5 F   6 C     4.097468652732E-01  3.476657620568E-02 -3.763987178450E-01
      6 F   6 C     9.025313472680E-02 -3.476657620568E-02 -3.763987178450E-01
      7 F   6 C    -9.025313472680E-02 -3.476657620568E-02 -1.236012821550E-01
      8 F   6 C    -4.097468652732E-01  3.476657620568E-02 -1.236012821550E-01
      9 T   6 C    -2.775557561563E-17  2.500000000000E-01  2.500000000000E-01
     10 F   6 C     1.240459033773E-17 -2.500000000000E-01 -2.500000000000E-01

 T = ATOM BELONGING TO THE ASYMMETRIC UNIT

 ****    8 SYMMOPS - TRANSLATORS IN FRACTIONAL UNITS
 **** MATRICES AND TRANSLATORS IN THE CRYSTALLOGRAPHIC REFERENCE FRAME
   V INV                    ROTATION MATRICES                   TRANSLATORS
   1   1  1.00  0.00  0.00  0.00  1.00  0.00  0.00  0.00  1.00  0.00  0.00  0.00
   2   2 -1.00  0.00  0.00  0.00 -1.00  0.00  0.00  0.00  1.00  0.50 -0.50  0.00
   3   3  0.00 -1.00  0.00 -1.00  0.00  0.00  0.00  0.00 -1.00  0.50 -0.50  0.50
   4   4 -0.00  1.00  0.00  1.00 -0.00  0.00  0.00  0.00 -1.00  0.00  0.00  0.50
   5   5 -1.00  0.00  0.00  0.00 -1.00  0.00  0.00  0.00 -1.00  0.00  0.00  0.00
   6   6  1.00 -0.00  0.00 -0.00  1.00  0.00  0.00  0.00 -1.00  0.50 -0.50  0.00
   7   7 -0.00  1.00  0.00  1.00 -0.00  0.00  0.00  0.00  1.00  0.50 -0.50  0.50
   8   8  0.00 -1.00  0.00 -1.00  0.00  0.00  0.00  0.00  1.00  0.00  0.00  0.50

 DIRECT LATTICE VECTORS CARTESIAN COMPONENTS (ANGSTROM)
          X                    Y                    Z
   0.223535601500E+01   0.298433647500E+01   0.000000000000E+00
  -0.223535601500E+01   0.298433647500E+01   0.000000000000E+00
   0.000000000000E+00   0.000000000000E+00   0.499472519000E+01


 CARTESIAN COORDINATES - PRIMITIVE CELL
 *******************************************************************************
 *      ATOM          X(ANGSTROM)         Y(ANGSTROM)         Z(ANGSTROM)
 *******************************************************************************
    1     6 C    -1.831860239832E+00 -2.075103229630E-01  1.880008157504E+00
    2     6 C    -4.034957751683E-01  2.075103229630E-01  1.880008157504E+00
    3     6 C     4.034957751683E-01  2.075103229630E-01  6.173544374959E-01
    4     6 C     1.831860239832E+00 -2.075103229630E-01  6.173544374959E-01
    5     6 C     1.831860239832E+00  2.075103229630E-01 -1.880008157504E+00
    6     6 C     4.034957751683E-01 -2.075103229630E-01 -1.880008157504E+00
    7     6 C    -4.034957751683E-01 -2.075103229630E-01 -6.173544374959E-01
    8     6 C    -1.831860239832E+00  2.075103229630E-01 -6.173544374959E-01
    9     6 C    -1.240871858044E-16  1.492168237500E+00  1.248681297500E+00
   10     6 C     5.545735125012E-17 -1.492168237500E+00 -1.248681297500E+00

 *******************************************************************************
 LOCAL ATOMIC FUNCTIONS BASIS SET
 *******************************************************************************
   ATOM   X(AU)   Y(AU)   Z(AU)  N. TYPE  EXPONENT  S COEF   P COEF   D/F/G COEF
 *******************************************************************************
   1 C   -3.462  -0.392   3.553
                                  1 S  
                                         1.358E+04 2.225E-04 0.000E+00 0.000E+00
                                         2.035E+03 1.723E-03 0.000E+00 0.000E+00
                                         4.632E+02 8.926E-03 0.000E+00 0.000E+00
                                         1.312E+02 3.573E-02 0.000E+00 0.000E+00
                                         4.285E+01 1.108E-01 0.000E+00 0.000E+00
                                         1.558E+01 2.430E-01 0.000E+00 0.000E+00
                                  2 S  
                                         6.207E+00 4.144E-01 0.000E+00 0.000E+00
                                         2.576E+00 2.374E-01 0.000E+00 0.000E+00
                                  3 S  
                                         4.941E-01 1.000E+00 0.000E+00 0.000E+00
                                  4 S  
                                         1.644E-01 1.000E+00 0.000E+00 0.000E+00
                           5-     7 P  
                                         3.470E+01 0.000E+00 5.333E-03 0.000E+00
                                         7.958E+00 0.000E+00 3.586E-02 0.000E+00
                                         2.378E+00 0.000E+00 1.422E-01 0.000E+00
                                         8.143E-01 0.000E+00 3.427E-01 0.000E+00
                           8-    10 P  
                                         5.662E-01 0.000E+00 1.000E+00 0.000E+00
                          11-    13 P  
                                         2.674E-01 0.000E+00 1.000E+00 0.000E+00
                          14-    18 D  
                                         8.792E-01 0.000E+00 0.000E+00 1.000E+00
   2 C   -0.762   0.392   3.553
   3 C    0.762   0.392   1.167
   4 C    3.462  -0.392   1.167
   5 C    3.462   0.392  -3.553
   6 C    0.762  -0.392  -3.553
   7 C   -0.762  -0.392  -1.167
   8 C   -3.462   0.392  -1.167
   9 C   -0.000   2.820   2.360
  10 C    0.000  -2.820  -2.360
 INFORMATION **** SET_MPP **** PCRYSTAL CALCULATION
 INFORMATION **** READM2 **** NEW DEFAULT: FOCK/KS MATRIX MIXING SET TO 30 %
 INFORMATION **** READM2 **** NEW DEFAULT: FULL DIRECT SCF MODE
 INFORMATION **** READM2 **** NEW DEFAULT: COULOMB BIPOLAR BUFFER SET TO 32 Mb
 INFORMATION **** READM2 **** NEW DEFAULT: EXCHANGE BIPOLAR BUFFER SET TO 32 Mb

 *******************************************************************************
 NEW DEFAULT: DFT INTEGRATION GRID INCREASED TO XLGRID
 NEW DEFAULT: DIIS ACCELERATOR ACTIVE
 USE KEYWORD NODIIS TO TURN IT OFF
 *******************************************************************************

 INFORMATION **** DFTD3_INPUT **** PERFORM LATEST DISPERSION CORRECTION DFT-D3(BJ) WITH AUTOMATIC PARAMETER SETUP
 PLEASE CITE:
 (1) DFT-D3 Reference
  S. Grimme, J. Antony, S. Ehrlich, and H. Krieg, J. Chem. Phys. 132 (2010), 154104
 (2) BJ-Damping Reference
  S. Grimme, S. Ehrlich, and L. Goerigk, J. Comput. Chem. 32 (2011), 1456-1465
 (3) General DFT-D Review
  S. Grimme, A. Hansen, J. G. Brandenburg, and C. Bannwarth,
  Chem. Rev. 116 (2016), 5105-5154

 INFORMATION **** TOLINTEG **** COULOMB AND EXCHANGE SERIES TOLERANCES MODIFIED
 INFORMATION **** TOLDEE **** SCF TOL ON TOTAL ENERGY SET TO           9
 INFORMATION **** READM2 **** FULL DIRECT SCF (MONO AND BIEL INT) SELECTED
 INFORMATION **** MAXCYCLE **** MAX NUMBER OF SCF CYCLES SET TO         800
 INFORMATION **** DIIS **** DIIS FOR SCF ACTIVE
 INFORMATION **** DIIS **** LEVEL SHIFTER DISABLED
 INFORMATION **** PPAN ****  MULLIKEN POPULATION ANALYSIS AT THE END OF SCF
 *******************************************************************************
 N. OF ATOMS PER CELL        10  COULOMB OVERLAP TOL         (T1) 10**   -8
 NUMBER OF SHELLS            80  COULOMB PENETRATION TOL     (T2) 10**   -8
 NUMBER OF AO               180  EXCHANGE OVERLAP TOL        (T3) 10**   -8
 N. OF ELECTRONS PER CELL    60  EXCHANGE PSEUDO OVP (F(G))  (T4) 10**   -9
 CORE ELECTRONS PER CELL     20  EXCHANGE PSEUDO OVP (P(G))  (T5) 10**  -24
 N. OF SYMMETRY OPERATORS     8  POLE ORDER IN MONO ZONE                  4
 *******************************************************************************
 TYPE OF CALCULATION :  UNRESTRICTED OPEN SHELL
 KOHN-SHAM HAMILTONIAN

 (EXCHANGE)[CORRELATION] FUNCTIONAL:(BECKE 88)[LEE-YANG-PARR]

 NON-LOCAL WEIGHTING FACTOR (EXCHANGE) =           0.9000
 NON-LOCAL WEIGHTING FACTOR [CORRELATION] =        0.8100

 HYBRID EXCHANGE - PERCENTAGE OF FOCK EXCHANGE    20.0000

 SPIN POLARIZED DFT SELECTED

 CAPPA:IS1  9;IS2  9;IS3  9; K PTS MONK NET 125; SYMMOPS:K SPACE   8;G SPACE   8

 *******************************************************************************
 MAX NUMBER OF SCF CYCLES     800  CONVERGENCE ON DELTAP        10**-19
 WEIGHT OF F(I) IN F(I+1)      30% CONVERGENCE ON ENERGY        10**- 9
 SHRINK. FACT.(MONKH.)    9  9  9  NUMBER OF K POINTS IN THE IBZ    125
 SHRINKING FACTOR(GILAT NET)   18  NUMBER OF K POINTS(GILAT NET)    910
 *******************************************************************************
 *** K POINTS COORDINATES (OBLIQUE COORDINATES IN UNITS OF IS =  9)
   1-R(  0  0  0)   2-C(  1  0  0)   3-C(  2  0  0)   4-C(  3  0  0)
   5-C(  4  0  0)   6-C(  1  1  0)   7-C(  2  1  0)   8-C(  3  1  0)
   9-C(  4  1  0)  10-C(  5  1  0)  11-C(  6  1  0)  12-C(  7  1  0)
  13-C(  8  1  0)  14-C(  2  2  0)  15-C(  3  2  0)  16-C(  4  2  0)
  17-C(  5  2  0)  18-C(  6  2  0)  19-C(  7  2  0)  20-C(  3  3  0)
  21-C(  4  3  0)  22-C(  5  3  0)  23-C(  6  3  0)  24-C(  4  4  0)
  25-C(  5  4  0)  26-C(  0  0  1)  27-C(  1  0  1)  28-C(  2  0  1)
  29-C(  3  0  1)  30-C(  4  0  1)  31-C(  1  1  1)  32-C(  2  1  1)
  33-C(  3  1  1)  34-C(  4  1  1)  35-C(  5  1  1)  36-C(  6  1  1)
  37-C(  7  1  1)  38-C(  8  1  1)  39-C(  2  2  1)  40-C(  3  2  1)
  41-C(  4  2  1)  42-C(  5  2  1)  43-C(  6  2  1)  44-C(  7  2  1)
  45-C(  3  3  1)  46-C(  4  3  1)  47-C(  5  3  1)  48-C(  6  3  1)
  49-C(  4  4  1)  50-C(  5  4  1)  51-C(  0  0  2)  52-C(  1  0  2)
  53-C(  2  0  2)  54-C(  3  0  2)  55-C(  4  0  2)  56-C(  1  1  2)
  57-C(  2  1  2)  58-C(  3  1  2)  59-C(  4  1  2)  60-C(  5  1  2)
  61-C(  6  1  2)  62-C(  7  1  2)  63-C(  8  1  2)  64-C(  2  2  2)
  65-C(  3  2  2)  66-C(  4  2  2)  67-C(  5  2  2)  68-C(  6  2  2)
  69-C(  7  2  2)  70-C(  3  3  2)  71-C(  4  3  2)  72-C(  5  3  2)
  73-C(  6  3  2)  74-C(  4  4  2)  75-C(  5  4  2)  76-C(  0  0  3)
  77-C(  1  0  3)  78-C(  2  0  3)  79-C(  3  0  3)  80-C(  4  0  3)
  81-C(  1  1  3)  82-C(  2  1  3)  83-C(  3  1  3)  84-C(  4  1  3)
  85-C(  5  1  3)  86-C(  6  1  3)  87-C(  7  1  3)  88-C(  8  1  3)
  89-C(  2  2  3)  90-C(  3  2  3)  91-C(  4  2  3)  92-C(  5  2  3)
  93-C(  6  2  3)  94-C(  7  2  3)  95-C(  3  3  3)  96-C(  4  3  3)
  97-C(  5  3  3)  98-C(  6  3  3)  99-C(  4  4  3) 100-C(  5  4  3)
 101-C(  0  0  4) 102-C(  1  0  4) 103-C(  2  0  4) 104-C(  3  0  4)
 105-C(  4  0  4) 106-C(  1  1  4) 107-C(  2  1  4) 108-C(  3  1  4)
 109-C(  4  1  4) 110-C(  5  1  4) 111-C(  6  1  4) 112-C(  7  1  4)
 113-C(  8  1  4) 114-C(  2  2  4) 115-C(  3  2  4) 116-C(  4  2  4)
 117-C(  5  2  4) 118-C(  6  2  4) 119-C(  7  2  4) 120-C(  3  3  4)
 121-C(  4  3  4) 122-C(  5  3  4) 123-C(  6  3  4) 124-C(  4  4  4)
 125-C(  5  4  4)

 DIRECT LATTICE VECTORS COMPON. (A.U.)     RECIP. LATTICE VECTORS COMPON. (A.U.) 
        X            Y            Z              X            Y            Z
    4.2242107    5.6395786    0.0000000      0.7437112    0.5570616    0.0000000
   -4.2242107    5.6395786    0.0000000     -0.7437112    0.5570616    0.0000000
    0.0000000    0.0000000    9.4386627      0.0000000    0.0000000    0.6656860

 DISK SPACE FOR EIGENVECTORS (FTN 10)     8067600 REALS

 SYMMETRY ADAPTION OF THE BLOCH FUNCTIONS ENABLED
 TTTTTTTTTTTTTTTTTTTTTTTTTTTTTT gordsh1     TELAPSE        2.07 TCPU        0.88

 MATRIX SIZE: P(G) 1012052, F(G)  115698, P(G) IRR   70410, F(G) IRR   16143
 MAX G-VECTOR INDEX FOR 1- AND 2-ELECTRON INTEGRALS 381

 TTTTTTTTTTTTTTTTTTTTTTTTTTTTTT INPUT       TELAPSE        2.07 TCPU        0.89

 NEIGHBORS OF THE NON-EQUIVALENT ATOMS

 N = NUMBER OF NEIGHBORS AT DISTANCE R
    ATOM  N     R/ANG      R/AU   NEIGHBORS (ATOM LABELS AND CELL INDICES)
   1 C    1     1.4872     2.8104    9 C   -1 0 0
   1 C    1     1.4874     2.8108    2 C    0 0 0
   1 C    1     1.4985     2.8318    4 C   -1 1 0
   1 C    1     1.5323     2.8957    5 C   -1 1 1
   1 C    2     2.5316     4.7841    8 C    0 0 0    8 C    0 0 1
   1 C    2     2.5537     4.8258    6 C    0 0 1    6 C   -1 1 1

   9 C    4     1.4872     2.8104    1 C    1 0 0    2 C    0 0 0    3 C    0 0 0
                                     4 C    0 1 0
   9 C    4     2.5561     4.8304    5 C    0 1 1    6 C    0 0 1    7 C    0 0 0
                                     8 C    1 0 0
   9 C    4     2.5774     4.8707    1 C    0 0 0    2 C    1 0 0    3 C    0 1 0
                                     4 C    0 0 0
   9 C    4     2.9134     5.5056    5 C    0 0 1    6 C    0 1 1    7 C    1 0 0
                                     8 C    0 0 0
   9 C    4     3.2017     6.0504    1 C    1-1 0    2 C    0 1 0    3 C    1 0 0
                                     4 C   -1 1 0
   9 C    4     3.3517     6.3337   10 C    1 0 0   10 C    0 1 0   10 C    1 0 1
                                    10 C    0 1 1


 SYMMETRY ALLOWED INTERNAL DEGREE(S) OF FREEDOM:   3
 TTTTTTTTTTTTTTTTTTTTTTTTTTTTTT SYMM        TELAPSE        2.12 TCPU        0.92
 TTTTTTTTTTTTTTTTTTTTTTTTTTTTTT INT_SCREEN  TELAPSE        2.13 TCPU        0.93

 DFT PARAMETERS

     ATOM       ELECTRONS   NET CHARGE   R(ANGSTROM)
   1   6  C       6.0000      0.0000     0.77000000

 SIZE OF GRID=      34593
 TTTTTTTTTTTTTTTTTTTTTTTTTTTTTT MAKE_GRID2  TELAPSE        2.45 TCPU        1.25
 BECKE WEIGHT FUNCTION
 RADSAFE =     2.00
 TOLERANCES - DENSITY:10**- 6; POTENTIAL:10**- 9; GRID WGT:10**-14

 RADIAL INTEGRATION  - INTERVALS (POINTS,UPPER LIMIT):            1( 75,  4.0*R)

 ANGULAR INTEGRATION - INTERVALS (ACCURACY LEVEL [N. POINTS] UPPER LIMIT):
  1(  4[  86]   0.2)  2(  8[ 194]   0.5)  3( 12[ 350]   0.9)  4( 16[ 974]   3.5)
  5( 12[ 350]9999.0)
 TTTTTTTTTTTTTTTTTTTTTTTTTTTTTT INT_CALC    TELAPSE        2.47 TCPU        1.27
 EEEEEEEEEE INT_CALC TERMINATION  DATE 31 01 2026 TIME 00:45:19.8

 *******************************************************************************
 ./4^2T60-CA_rev1_sp_B3LYP-D3-D3_optimized                                       
 CRYSTAL - SCF - TYPE OF CALCULATION :  UNRESTRICTED OPEN SHELL
 *******************************************************************************

 CAPPA:IS1  9;IS2  9;IS3  9; K PTS MONK NET 125; SYMMOPS:K SPACE   8;G SPACE   8

 TTTTTTTTTTTTTTTTTTTTTTTTTTTTTT SDIK        TELAPSE        2.53 TCPU        1.32

 AAAAAAAAAAAAAAAAAAAAAAAAAAAAAAAAAAAAAAAAAAAAAAAAAAAAAAAAAAAAAAAAAAAAAAAAAAAAAAA
         ATOMIC WAVEFUNCTION(S)


 NUCLEAR CHARGE  6.0  SYMMETRY SPECIES            S    P
 N. ELECTRONS    6.0  NUMBER OF PRIMITIVE GTOS   10    6
                      NUMBER OF CONTRACTED GTOS   4    3
                      NUMBER OF CLOSED SHELLS     2    0
                      OPEN SHELL OCCUPATION       0    2

  ZNUC  SCFIT    TOTAL HF ENERGY   KINETIC ENERGY   VIRIAL THEOREM ACCURACY
   6.0    10    -3.766702350E+01  3.783137943E+01 -1.995655566E+00  1.6E-06

 AAAAAAAAAAAAAAAAAAAAAAAAAAAAAAAAAAAAAAAAAAAAAAAAAAAAAAAAAAAAAAAAAAAAAAAAAAAAAAA

 CHARGE NORMALIZATION FACTOR   1.00000000
 TOTAL ATOMIC CHARGES:
   6.0000000   6.0000000   6.0000000   6.0000000   6.0000000   6.0000000
   6.0000000   6.0000000   6.0000000   6.0000000
 SUMMED SPIN DENSITY           0.00000000
 TOTAL ATOMIC SPINS  :
   0.0000000   0.0000000   0.0000000   0.0000000   0.0000000   0.0000000
   0.0000000   0.0000000   0.0000000   0.0000000
 TTTTTTTTTTTTTTTTTTTTTTTTTTTTTT MOQGAD      TELAPSE        2.53 TCPU        1.32
 TTTTTTTTTTTTTTTTTTTTTTTTTTTTTT SHELLXN     TELAPSE       24.90 TCPU       23.65
 TTTTTTTTTTTTTTTTTTTTTTTTTTTTTT MONMO3      TELAPSE       24.92 TCPU       23.67
 NUMERICALLY INTEGRATED DENSITY     30.0000169323     30.0000169323
 TTTTTTTTTTTTTTTTTTTTTTTTTTTTTT NUMDFT      TELAPSE       25.25 TCPU       24.00
 CYC   0 ETOT(AU) -3.845654478696E+02 DETOT -3.85E+02 tst  0.00E+00 PX  1.00E+00
 TTTTTTTTTTTTTTTTTTTTTTTTTTTTTT DIIS        TELAPSE       25.28 TCPU       24.02
 TTTTTTTTTTTTTTTTTTTTTTTTTTTTTT FDIK        TELAPSE       25.71 TCPU       24.46

    ALPHA      ELECTRONS
 INSULATING STATE
 TOP OF VALENCE BANDS -    BAND     30; K   25; EIG -1.8412147E-01 AU
 TOP OF VALENCE BANDS -    BAND     30; K    1; EIG -2.1641060E-01 AU
 BOTTOM OF VIRTUAL BANDS - BAND     31; K    1; EIG -1.3419943E-01 AU
 INDIRECT ENERGY BAND GAP:   1.3584 eV

    BETA       ELECTRONS
 INSULATING STATE
 TOP OF VALENCE BANDS -    BAND     30; K   25; EIG -1.8412147E-01 AU
 TOP OF VALENCE BANDS -    BAND     30; K    1; EIG -2.1641060E-01 AU
 BOTTOM OF VIRTUAL BANDS - BAND     31; K    1; EIG -1.3419943E-01 AU
 INDIRECT ENERGY BAND GAP:   1.3584 eV
 TTTTTTTTTTTTTTTTTTTTTTTTTTTTTT PDIG        TELAPSE       25.79 TCPU       24.53
 CHARGE NORMALIZATION FACTOR   1.00000000
 TOTAL ATOMIC CHARGES:
   5.9704337   5.9704337   5.9704337   5.9704337   5.9704337   5.9704337
   5.9704337   5.9704337   6.1182650   6.1182650
 SUMMED SPIN DENSITY           0.00000000
 TOTAL ATOMIC SPINS  :
  -0.0000000  -0.0000000  -0.0000000  -0.0000000  -0.0000000  -0.0000000
  -0.0000000  -0.0000000   0.0000000   0.0000000
 TTTTTTTTTTTTTTTTTTTTTTTTTTTTTT MOQGAD      TELAPSE       25.80 TCPU       24.54
 TTTTTTTTTTTTTTTTTTTTTTTTTTTTTT SHELLXN     TELAPSE       49.14 TCPU       47.82
 TTTTTTTTTTTTTTTTTTTTTTTTTTTTTT MONMO3      TELAPSE       49.15 TCPU       47.84
 NUMERICALLY INTEGRATED DENSITY     30.0000163008     30.0000163008
 TTTTTTTTTTTTTTTTTTTTTTTTTTTTTT NUMDFT      TELAPSE       49.46 TCPU       48.15
 CYC   1 ETOT(AU) -3.807396292096E+02 DETOT  3.83E+00 tst  0.00E+00 PX  1.00E+00
 TTTTTTTTTTTTTTTTTTTTTTTTTTTTTT DIIS        TELAPSE       49.49 TCPU       48.17
 DIIS TEST: 0.12551E+00 AT SCF   CYCLE   1 - MIX   30 %
 TTTTTTTTTTTTTTTTTTTTTTTTTTTTTT FDIK        TELAPSE       49.72 TCPU       48.39

    ALPHA      ELECTRONS
 INSULATING STATE
 TOP OF VALENCE BANDS -    BAND     30; K   25; EIG -1.1005264E-01 AU
 TOP OF VALENCE BANDS -    BAND     30; K    1; EIG -1.5262629E-01 AU
 BOTTOM OF VIRTUAL BANDS - BAND     31; K    1; EIG -3.7812798E-02 AU
 INDIRECT ENERGY BAND GAP:   1.9657 eV

    BETA       ELECTRONS
 INSULATING STATE
 TOP OF VALENCE BANDS -    BAND     30; K   25; EIG -1.1005264E-01 AU
 TOP OF VALENCE BANDS -    BAND     30; K    1; EIG -1.5262629E-01 AU
 BOTTOM OF VIRTUAL BANDS - BAND     31; K    1; EIG -3.7812798E-02 AU
 INDIRECT ENERGY BAND GAP:   1.9657 eV
 TTTTTTTTTTTTTTTTTTTTTTTTTTTTTT PDIG        TELAPSE       49.80 TCPU       48.47
 CHARGE NORMALIZATION FACTOR   1.00000000
 TOTAL ATOMIC CHARGES:
   5.9967070   5.9967070   5.9967070   5.9967070   5.9967070   5.9967070
   5.9967070   5.9967070   6.0131720   6.0131720
 SUMMED SPIN DENSITY           0.00000000
 TOTAL ATOMIC SPINS  :
  -0.0000000  -0.0000000  -0.0000000  -0.0000000  -0.0000000  -0.0000000
  -0.0000000  -0.0000000   0.0000000   0.0000000
 TTTTTTTTTTTTTTTTTTTTTTTTTTTTTT MOQGAD      TELAPSE       49.80 TCPU       48.47
 TTTTTTTTTTTTTTTTTTTTTTTTTTTTTT SHELLXN     TELAPSE       73.14 TCPU       71.77
 TTTTTTTTTTTTTTTTTTTTTTTTTTTTTT MONMO3      TELAPSE       73.15 TCPU       71.79
 NUMERICALLY INTEGRATED DENSITY     30.0000174419     30.0000174419
 TTTTTTTTTTTTTTTTTTTTTTTTTTTTTT NUMDFT      TELAPSE       73.46 TCPU       72.10
 CYC   2 ETOT(AU) -3.807570777499E+02 DETOT -1.74E-02 tst  3.55E-04 PX  7.34E-02
 TTTTTTTTTTTTTTTTTTTTTTTTTTTTTT DIIS        TELAPSE       73.49 TCPU       72.13
 DIIS TEST: 0.23269E-01 AT SCF   CYCLE   2 - DIIS ACTIVE - HISTORY:     2 CYCLES
 TTTTTTTTTTTTTTTTTTTTTTTTTTTTTT FDIK        TELAPSE       73.71 TCPU       72.34

    ALPHA      ELECTRONS
 INSULATING STATE
 TOP OF VALENCE BANDS -    BAND     30; K   25; EIG -9.8873568E-02 AU
 TOP OF VALENCE BANDS -    BAND     30; K    1; EIG -1.3269866E-01 AU
 BOTTOM OF VIRTUAL BANDS - BAND     31; K    1; EIG -9.5527878E-03 AU
 INDIRECT ENERGY BAND GAP:   2.4305 eV

    BETA       ELECTRONS
 INSULATING STATE
 TOP OF VALENCE BANDS -    BAND     30; K   25; EIG -9.8873568E-02 AU
 TOP OF VALENCE BANDS -    BAND     30; K    1; EIG -1.3269866E-01 AU
 BOTTOM OF VIRTUAL BANDS - BAND     31; K    1; EIG -9.5527878E-03 AU
 INDIRECT ENERGY BAND GAP:   2.4305 eV
 TTTTTTTTTTTTTTTTTTTTTTTTTTTTTT PDIG        TELAPSE       73.79 TCPU       72.42
 CHARGE NORMALIZATION FACTOR   1.00000000
 TOTAL ATOMIC CHARGES:
   5.9798045   5.9798045   5.9798045   5.9798045   5.9798045   5.9798045
   5.9798045   5.9798045   6.0807820   6.0807820
 SUMMED SPIN DENSITY           0.00000000
 TOTAL ATOMIC SPINS  :
  -0.0000000  -0.0000000  -0.0000000  -0.0000000  -0.0000000  -0.0000000
  -0.0000000  -0.0000000   0.0000000   0.0000000
 TTTTTTTTTTTTTTTTTTTTTTTTTTTTTT MOQGAD      TELAPSE       73.80 TCPU       72.42
 TTTTTTTTTTTTTTTTTTTTTTTTTTTTTT SHELLXN     TELAPSE       97.96 TCPU       96.54
 TTTTTTTTTTTTTTTTTTTTTTTTTTTTTT MONMO3      TELAPSE       97.98 TCPU       96.56
 NUMERICALLY INTEGRATED DENSITY     30.0000174934     30.0000174934
 TTTTTTTTTTTTTTTTTTTTTTTTTTTTTT NUMDFT      TELAPSE       98.29 TCPU       96.88
 CYC   3 ETOT(AU) -3.807584316477E+02 DETOT -1.35E-03 tst  1.00E-04 PX  1.89E-02
 TTTTTTTTTTTTTTTTTTTTTTTTTTTTTT DIIS        TELAPSE       98.32 TCPU       96.90
 DIIS TEST: 0.55045E-02 AT SCF   CYCLE   3 - DIIS ACTIVE - HISTORY:     3 CYCLES
 TTTTTTTTTTTTTTTTTTTTTTTTTTTTTT FDIK        TELAPSE       98.54 TCPU       97.12

    ALPHA      ELECTRONS
 INSULATING STATE
 TOP OF VALENCE BANDS -    BAND     30; K   25; EIG -1.0158176E-01 AU
 TOP OF VALENCE BANDS -    BAND     30; K    1; EIG -1.3886664E-01 AU
 BOTTOM OF VIRTUAL BANDS - BAND     31; K    1; EIG -1.2203420E-02 AU
 INDIRECT ENERGY BAND GAP:   2.4321 eV

    BETA       ELECTRONS
 INSULATING STATE
 TOP OF VALENCE BANDS -    BAND     30; K   25; EIG -1.0158176E-01 AU
 TOP OF VALENCE BANDS -    BAND     30; K    1; EIG -1.3886664E-01 AU
 BOTTOM OF VIRTUAL BANDS - BAND     31; K    1; EIG -1.2203420E-02 AU
 INDIRECT ENERGY BAND GAP:   2.4321 eV
 TTTTTTTTTTTTTTTTTTTTTTTTTTTTTT PDIG        TELAPSE       98.62 TCPU       97.20
 CHARGE NORMALIZATION FACTOR   1.00000000
 TOTAL ATOMIC CHARGES:
   5.9882667   5.9882667   5.9882667   5.9882667   5.9882667   5.9882667
   5.9882667   5.9882667   6.0469333   6.0469333
 SUMMED SPIN DENSITY           0.00000000
 TOTAL ATOMIC SPINS  :
  -0.0000000  -0.0000000  -0.0000000  -0.0000000  -0.0000000  -0.0000000
  -0.0000000  -0.0000000   0.0000000   0.0000000
 TTTTTTTTTTTTTTTTTTTTTTTTTTTTTT MOQGAD      TELAPSE       98.63 TCPU       97.20
 TTTTTTTTTTTTTTTTTTTTTTTTTTTTTT SHELLXN     TELAPSE      122.93 TCPU      121.46
 TTTTTTTTTTTTTTTTTTTTTTTTTTTTTT MONMO3      TELAPSE      122.95 TCPU      121.48
 NUMERICALLY INTEGRATED DENSITY     30.0000174012     30.0000174012
 TTTTTTTTTTTTTTTTTTTTTTTTTTTTTT NUMDFT      TELAPSE      123.27 TCPU      121.79
 CYC   4 ETOT(AU) -3.807587801172E+02 DETOT -3.48E-04 tst  8.65E-06 PX  7.19E-03
 TTTTTTTTTTTTTTTTTTTTTTTTTTTTTT DIIS        TELAPSE      123.30 TCPU      121.82
 DIIS TEST: 0.24671E-03 AT SCF   CYCLE   4 - DIIS ACTIVE - HISTORY:     4 CYCLES
 TTTTTTTTTTTTTTTTTTTTTTTTTTTTTT FDIK        TELAPSE      123.52 TCPU      122.04

    ALPHA      ELECTRONS
 INSULATING STATE
 TOP OF VALENCE BANDS -    BAND     30; K   25; EIG -1.0187319E-01 AU
 TOP OF VALENCE BANDS -    BAND     30; K    1; EIG -1.3839719E-01 AU
 BOTTOM OF VIRTUAL BANDS - BAND     31; K    1; EIG -1.2042338E-02 AU
 INDIRECT ENERGY BAND GAP:   2.4444 eV

    BETA       ELECTRONS
 INSULATING STATE
 TOP OF VALENCE BANDS -    BAND     30; K   25; EIG -1.0187319E-01 AU
 TOP OF VALENCE BANDS -    BAND     30; K    1; EIG -1.3839719E-01 AU
 BOTTOM OF VIRTUAL BANDS - BAND     31; K    1; EIG -1.2042338E-02 AU
 INDIRECT ENERGY BAND GAP:   2.4444 eV
 TTTTTTTTTTTTTTTTTTTTTTTTTTTTTT PDIG        TELAPSE      123.60 TCPU      122.12
 CHARGE NORMALIZATION FACTOR   1.00000000
 TOTAL ATOMIC CHARGES:
   5.9867380   5.9867380   5.9867380   5.9867380   5.9867380   5.9867380
   5.9867380   5.9867380   6.0530482   6.0530482
 SUMMED SPIN DENSITY           0.00000000
 TOTAL ATOMIC SPINS  :
  -0.0000000  -0.0000000  -0.0000000  -0.0000000  -0.0000000  -0.0000000
  -0.0000000  -0.0000000   0.0000000   0.0000000
 TTTTTTTTTTTTTTTTTTTTTTTTTTTTTT MOQGAD      TELAPSE      123.61 TCPU      122.12
 TTTTTTTTTTTTTTTTTTTTTTTTTTTTTT SHELLXN     TELAPSE      147.79 TCPU      146.26
 TTTTTTTTTTTTTTTTTTTTTTTTTTTTTT MONMO3      TELAPSE      147.81 TCPU      146.28
 NUMERICALLY INTEGRATED DENSITY     30.0000174236     30.0000174236
 TTTTTTTTTTTTTTTTTTTTTTTTTTTTTT NUMDFT      TELAPSE      148.13 TCPU      146.59
 CYC   5 ETOT(AU) -3.807587988727E+02 DETOT -1.88E-05 tst  4.06E-07 PX  1.19E-03
 TTTTTTTTTTTTTTTTTTTTTTTTTTTTTT DIIS        TELAPSE      148.16 TCPU      146.62
 DIIS TEST: 0.14553E-05 AT SCF   CYCLE   5 - DIIS ACTIVE - HISTORY:     5 CYCLES
 TTTTTTTTTTTTTTTTTTTTTTTTTTTTTT FDIK        TELAPSE      148.38 TCPU      146.84

    ALPHA      ELECTRONS
 INSULATING STATE
 TOP OF VALENCE BANDS -    BAND     30; K   25; EIG -1.0182287E-01 AU
 TOP OF VALENCE BANDS -    BAND     30; K    1; EIG -1.3838701E-01 AU
 BOTTOM OF VIRTUAL BANDS - BAND     31; K    1; EIG -1.1996501E-02 AU
 INDIRECT ENERGY BAND GAP:   2.4443 eV

    BETA       ELECTRONS
 INSULATING STATE
 TOP OF VALENCE BANDS -    BAND     30; K   25; EIG -1.0182287E-01 AU
 TOP OF VALENCE BANDS -    BAND     30; K    1; EIG -1.3838701E-01 AU
 BOTTOM OF VIRTUAL BANDS - BAND     31; K    1; EIG -1.1996501E-02 AU
 INDIRECT ENERGY BAND GAP:   2.4443 eV
 TTTTTTTTTTTTTTTTTTTTTTTTTTTTTT PDIG        TELAPSE      148.47 TCPU      146.92
 CHARGE NORMALIZATION FACTOR   1.00000000
 TOTAL ATOMIC CHARGES:
   5.9867898   5.9867898   5.9867898   5.9867898   5.9867898   5.9867898
   5.9867898   5.9867898   6.0528408   6.0528408
 SUMMED SPIN DENSITY           0.00000000
 TOTAL ATOMIC SPINS  :
  -0.0000000  -0.0000000  -0.0000000  -0.0000000  -0.0000000  -0.0000000
  -0.0000000  -0.0000000   0.0000000   0.0000000
 TTTTTTTTTTTTTTTTTTTTTTTTTTTTTT MOQGAD      TELAPSE      148.47 TCPU      146.93
 TTTTTTTTTTTTTTTTTTTTTTTTTTTTTT SHELLXN     TELAPSE      171.90 TCPU      170.31
 TTTTTTTTTTTTTTTTTTTTTTTTTTTTTT MONMO3      TELAPSE      171.92 TCPU      170.33
 NUMERICALLY INTEGRATED DENSITY     30.0000174250     30.0000174250
 TTTTTTTTTTTTTTTTTTTTTTTTTTTTTT NUMDFT      TELAPSE      172.24 TCPU      170.64
 CYC   6 ETOT(AU) -3.807587990000E+02 DETOT -1.27E-07 tst  1.61E-09 PX  1.55E-04
 TTTTTTTTTTTTTTTTTTTTTTTTTTTTTT DIIS        TELAPSE      172.27 TCPU      170.67
 DIIS TEST: 0.82180E-08 AT SCF   CYCLE   6 - DIIS ACTIVE - HISTORY:     6 CYCLES
 TTTTTTTTTTTTTTTTTTTTTTTTTTTTTT FDIK        TELAPSE      172.49 TCPU      170.89

    ALPHA      ELECTRONS
 INSULATING STATE
 TOP OF VALENCE BANDS -    BAND     30; K   25; EIG -1.0183439E-01 AU
 TOP OF VALENCE BANDS -    BAND     30; K    1; EIG -1.3839601E-01 AU
 BOTTOM OF VIRTUAL BANDS - BAND     31; K    1; EIG -1.2005560E-02 AU
 INDIRECT ENERGY BAND GAP:   2.4444 eV

    BETA       ELECTRONS
 INSULATING STATE
 TOP OF VALENCE BANDS -    BAND     30; K   25; EIG -1.0183439E-01 AU
 TOP OF VALENCE BANDS -    BAND     30; K    1; EIG -1.3839601E-01 AU
 BOTTOM OF VIRTUAL BANDS - BAND     31; K    1; EIG -1.2005560E-02 AU
 INDIRECT ENERGY BAND GAP:   2.4444 eV
 TTTTTTTTTTTTTTTTTTTTTTTTTTTTTT PDIG        TELAPSE      172.57 TCPU      170.97
 CHARGE NORMALIZATION FACTOR   1.00000000
 TOTAL ATOMIC CHARGES:
   5.9867893   5.9867893   5.9867893   5.9867893   5.9867893   5.9867893
   5.9867893   5.9867893   6.0528427   6.0528427
 SUMMED SPIN DENSITY           0.00000000
 TOTAL ATOMIC SPINS  :
  -0.0000000  -0.0000000  -0.0000000  -0.0000000  -0.0000000  -0.0000000
  -0.0000000  -0.0000000   0.0000000   0.0000000
 TTTTTTTTTTTTTTTTTTTTTTTTTTTTTT MOQGAD      TELAPSE      172.58 TCPU      170.97
 TTTTTTTTTTTTTTTTTTTTTTTTTTTTTT SHELLXN     TELAPSE      195.99 TCPU      194.34
 TTTTTTTTTTTTTTTTTTTTTTTTTTTTTT MONMO3      TELAPSE      196.01 TCPU      194.35
 NUMERICALLY INTEGRATED DENSITY     30.0000174249     30.0000174249
 TTTTTTTTTTTTTTTTTTTTTTTTTTTTTT NUMDFT      TELAPSE      196.32 TCPU      194.67
 CYC   7 ETOT(AU) -3.807587990031E+02 DETOT -3.16E-09 tst  1.79E-11 PX  8.65E-06
 TTTTTTTTTTTTTTTTTTTTTTTTTTTTTT DIIS        TELAPSE      196.35 TCPU      194.69
 DIIS TEST: 0.16716E-09 AT SCF   CYCLE   7 - DIIS ACTIVE - HISTORY:     7 CYCLES
 TTTTTTTTTTTTTTTTTTTTTTTTTTTTTT FDIK        TELAPSE      196.56 TCPU      194.90

    ALPHA      ELECTRONS
 INSULATING STATE
 TOP OF VALENCE BANDS -    BAND     30; K   25; EIG -1.0183504E-01 AU
 TOP OF VALENCE BANDS -    BAND     30; K    1; EIG -1.3839631E-01 AU
 BOTTOM OF VIRTUAL BANDS - BAND     31; K    1; EIG -1.2005666E-02 AU
 INDIRECT ENERGY BAND GAP:   2.4444 eV

    BETA       ELECTRONS
 INSULATING STATE
 TOP OF VALENCE BANDS -    BAND     30; K   25; EIG -1.0183504E-01 AU
 TOP OF VALENCE BANDS -    BAND     30; K    1; EIG -1.3839631E-01 AU
 BOTTOM OF VIRTUAL BANDS - BAND     31; K    1; EIG -1.2005666E-02 AU
 INDIRECT ENERGY BAND GAP:   2.4444 eV
 TTTTTTTTTTTTTTTTTTTTTTTTTTTTTT PDIG        TELAPSE      196.64 TCPU      194.97
 CHARGE NORMALIZATION FACTOR   1.00000000
 TOTAL ATOMIC CHARGES:
   5.9867888   5.9867888   5.9867888   5.9867888   5.9867888   5.9867888
   5.9867888   5.9867888   6.0528448   6.0528448
 SUMMED SPIN DENSITY           0.00000000
 TOTAL ATOMIC SPINS  :
  -0.0000000  -0.0000000  -0.0000000  -0.0000000  -0.0000000  -0.0000000
  -0.0000000  -0.0000000   0.0000000   0.0000000
 TTTTTTTTTTTTTTTTTTTTTTTTTTTTTT MOQGAD      TELAPSE      196.65 TCPU      194.98
 TTTTTTTTTTTTTTTTTTTTTTTTTTTTTT SHELLXN     TELAPSE      220.01 TCPU      218.30
 TTTTTTTTTTTTTTTTTTTTTTTTTTTTTT MONMO3      TELAPSE      220.03 TCPU      218.32
 NUMERICALLY INTEGRATED DENSITY     30.0000174249     30.0000174249
 TTTTTTTTTTTTTTTTTTTTTTTTTTTTTT NUMDFT      TELAPSE      220.35 TCPU      218.63
 CYC   8 ETOT(AU) -3.807587990045E+02 DETOT -1.33E-09 tst  9.01E-13 PX  1.23E-06
 TTTTTTTTTTTTTTTTTTTTTTTTTTTTTT DIIS        TELAPSE      220.38 TCPU      218.66
 DIIS TEST: 0.29893E-11 AT SCF   CYCLE   8 - DIIS ACTIVE - HISTORY:     8 CYCLES
 TTTTTTTTTTTTTTTTTTTTTTTTTTTTTT FDIK        TELAPSE      220.65 TCPU      218.92

    ALPHA      ELECTRONS
 INSULATING STATE
 TOP OF VALENCE BANDS -    BAND     30; K   25; EIG -1.0183505E-01 AU
 TOP OF VALENCE BANDS -    BAND     30; K    1; EIG -1.3839634E-01 AU
 BOTTOM OF VIRTUAL BANDS - BAND     31; K    1; EIG -1.2005688E-02 AU
 INDIRECT ENERGY BAND GAP:   2.4444 eV

    BETA       ELECTRONS
 INSULATING STATE
 TOP OF VALENCE BANDS -    BAND     30; K   25; EIG -1.0183505E-01 AU
 TOP OF VALENCE BANDS -    BAND     30; K    1; EIG -1.3839634E-01 AU
 BOTTOM OF VIRTUAL BANDS - BAND     31; K    1; EIG -1.2005688E-02 AU
 INDIRECT ENERGY BAND GAP:   2.4444 eV
 TTTTTTTTTTTTTTTTTTTTTTTTTTTTTT PDIG        TELAPSE      220.74 TCPU      219.01
 CHARGE NORMALIZATION FACTOR   1.00000000
 TOTAL ATOMIC CHARGES:
   5.9867889   5.9867889   5.9867889   5.9867889   5.9867889   5.9867889
   5.9867889   5.9867889   6.0528444   6.0528444
 SUMMED SPIN DENSITY           0.00000000
 TOTAL ATOMIC SPINS  :
  -0.0000000  -0.0000000  -0.0000000  -0.0000000  -0.0000000  -0.0000000
  -0.0000000  -0.0000000   0.0000000   0.0000000
 TTTTTTTTTTTTTTTTTTTTTTTTTTTTTT MOQGAD      TELAPSE      220.74 TCPU      219.01
 TTTTTTTTTTTTTTTTTTTTTTTTTTTTTT SHELLXN     TELAPSE      244.12 TCPU      242.34
 TTTTTTTTTTTTTTTTTTTTTTTTTTTTTT MONMO3      TELAPSE      244.14 TCPU      242.36
 NUMERICALLY INTEGRATED DENSITY     30.0000174249     30.0000174249
 TTTTTTTTTTTTTTTTTTTTTTTTTTTTTT NUMDFT      TELAPSE      244.45 TCPU      242.68
 CYC   9 ETOT(AU) -3.807587990045E+02 DETOT -2.47E-11 tst  5.55E-15 PX  7.91E-08
 TTTTTTTTTTTTTTTTTTTTTTTTTTTTTT DIIS        TELAPSE      244.48 TCPU      242.70
 DIIS TEST: 0.75140E-12 AT SCF   CYCLE   9 - DIIS ACTIVE - HISTORY:     9 CYCLES
 TTTTTTTTTTTTTTTTTTTTTTTTTTTTTT FDIK        TELAPSE      244.66 TCPU      242.87

    ALPHA      ELECTRONS
 INSULATING STATE
 TOP OF VALENCE BANDS -    BAND     30; K   25; EIG -1.0183504E-01 AU
 TOP OF VALENCE BANDS -    BAND     30; K    1; EIG -1.3839633E-01 AU
 BOTTOM OF VIRTUAL BANDS - BAND     31; K    1; EIG -1.2005676E-02 AU
 INDIRECT ENERGY BAND GAP:   2.4444 eV

    BETA       ELECTRONS
 INSULATING STATE
 TOP OF VALENCE BANDS -    BAND     30; K   25; EIG -1.0183504E-01 AU
 TOP OF VALENCE BANDS -    BAND     30; K    1; EIG -1.3839633E-01 AU
 BOTTOM OF VIRTUAL BANDS - BAND     31; K    1; EIG -1.2005676E-02 AU
 INDIRECT ENERGY BAND GAP:   2.4444 eV
 TTTTTTTTTTTTTTTTTTTTTTTTTTTTTT PDIG        TELAPSE      244.74 TCPU      242.95
 CHARGE NORMALIZATION FACTOR   1.00000000
 TOTAL ATOMIC CHARGES:
   5.9867889   5.9867889   5.9867889   5.9867889   5.9867889   5.9867889
   5.9867889   5.9867889   6.0528445   6.0528445
 SUMMED SPIN DENSITY          -0.00000000
 TOTAL ATOMIC SPINS  :
  -0.0000000  -0.0000000  -0.0000000  -0.0000000  -0.0000000  -0.0000000
  -0.0000000  -0.0000000   0.0000000   0.0000000
 TTTTTTTTTTTTTTTTTTTTTTTTTTTTTT MOQGAD      TELAPSE      244.75 TCPU      242.96
 TTTTTTTTTTTTTTTTTTTTTTTTTTTTTT SHELLXN     TELAPSE      268.13 TCPU      266.30
 +++ ENERGIES IN A.U. +++
 ::: EXT EL-POLE                                  -1.6536137298355E+03
 ::: EXT EL-SPHEROPOLE                             1.4606564090838E+01
 ::: BIELET ZONE E-E                               1.7181939749614E+03
 ::: TOTAL E-E                                     7.9186809216723E+01
 ::: TOTAL E-N + N-E                              -6.7381171927858E+02
 ::: TOTAL N-N                                    -1.2178727230578E+02
 ::: KINETIC ENERGY                                3.7970581443965E+02
 ::: PSEUDO TOTAL   ENERGY                        -3.3670636792799E+02
 ::: VIRIAL COEFFICIENT                            1.0600205406468E+00
 TTTTTTTTTTTTTTTTTTTTTTTTTTTTTT MONMO3      TELAPSE      268.15 TCPU      266.32
 NUMERICALLY INTEGRATED DENSITY     30.0000174249     30.0000174249
 EXCHANGE ENERGY: -0.415177372845E+02  CORRELATION ENERGY: -0.253469379194E+01
 TTTTTTTTTTTTTTTTTTTTTTTTTTTTTT NUMDFT      TELAPSE      268.46 TCPU      266.63
 CYC  10 ETOT(AU) -3.807587990044E+02 DETOT  3.85E-11 tst  2.10E-15 PX  7.91E-08

 == SCF ENDED - CONVERGENCE ON ENERGY      E(AU) -3.8075879900444E+02 CYCLES  10


 ENERGY EXPRESSION=HARTREE+FOCK EXCH*0.20000+(BECKE      EXCH)*0.80000+LYP        CORR


 TOTAL ENERGY(DFT)(AU)( 10) -3.8075879900444E+02 DE 3.8E-11 tester 2.1E-15
 TTTTTTTTTTTTTTTTTTTTTTTTTTTTTT EDFT        TELAPSE      268.47 TCPU      266.63
 
 INFORMATION **** DFTD3 ENERGY **** CALCULATE DFTD3 ENERGY

           DFT-D V3(BJ)
 DF                                         b3-lyp    
 parameters
 s6       :    1.0000
 s8       :    1.9889
 a1       :    0.3981
 a2       :    4.4211
 k1 k3    :   16.0000   -4.0000
 Cutoff   :   50.2022
 CN-Cutoff:   21.1671
 ABC-Cutoff:   21.1671
 
 Edisp /kcal,au:   -59.9621 -0.09555563

 E6    /kcal :   -28.8379
 E8    /kcal :   -31.1242
 
 INFORMATION **** DFTD3 ENERGY **** NORMAL TERMINATION OF DFTD3 MODULE

 *******************************************************************************

 DFT-D3 DISPERSION ENERGY CORRECTION

 D3 DISPERSION ENERGY (AU)       -9.5555633708103E-02
 TOTAL ENERGY + DISP (AU)        -3.8085435463815E+02

 *******************************************************************************


 NEIGHBORS OF THE NON-EQUIVALENT ATOMS

 N = NUMBER OF NEIGHBORS AT DISTANCE R
    ATOM  N     R/ANG      R/AU   NEIGHBORS (ATOM LABELS AND CELL INDICES)
   1 C    1     1.4872     2.8104    9 C   -1 0 0
   1 C    1     1.4874     2.8108    2 C    0 0 0
   1 C    1     1.4985     2.8318    4 C   -1 1 0
   1 C    1     1.5323     2.8957    5 C   -1 1 1
   1 C    2     2.5316     4.7841    8 C    0 0 0    8 C    0 0 1
   1 C    2     2.5537     4.8258    6 C    0 0 1    6 C   -1 1 1

   9 C    4     1.4872     2.8104    1 C    1 0 0    2 C    0 0 0    3 C    0 0 0
                                     4 C    0 1 0
   9 C    4     2.5561     4.8304    5 C    0 1 1    6 C    0 0 1    7 C    0 0 0
                                     8 C    1 0 0
   9 C    4     2.5774     4.8707    1 C    0 0 0    2 C    1 0 0    3 C    0 1 0
                                     4 C    0 0 0
   9 C    4     2.9134     5.5056    5 C    0 0 1    6 C    0 1 1    7 C    1 0 0
                                     8 C    0 0 0
   9 C    4     3.2017     6.0504    1 C    1-1 0    2 C    0 1 0    3 C    1 0 0
                                     4 C   -1 1 0
   9 C    4     3.3517     6.3337   10 C    1 0 0   10 C    0 1 0   10 C    1 0 1
                                    10 C    0 1 1

 TTTTTTTTTTTTTTTTTTTTTTTTTTTTTT AFTER FIRST TELAPSE      268.55 TCPU      266.71
 MMMMMMMMMMMMMMMMMMMMMMMMMMMMMMMMMMMMMMMMMMMMMMMMMMMMMMMMMMMMMMMMMMMMMMMMMMMMMMM
     ALPHA+BETA ELECTRONS
 MULLIKEN POPULATION ANALYSIS - NO. OF ELECTRONS   60.000000

  ATOM    Z CHARGE  A.O. POPULATION

   1 C    6  5.987  0.853  1.122  0.753  0.404  0.454  0.453  0.446  0.012
                    0.001  0.009  0.464  0.504  0.460  0.010  0.012  0.008
                    0.011  0.009
   2 C    6  5.987  0.853  1.122  0.753  0.404  0.454  0.453  0.446  0.012
                    0.001  0.009  0.464  0.504  0.460  0.010  0.012  0.008
                    0.011  0.009
   3 C    6  5.987  0.853  1.122  0.753  0.404  0.454  0.453  0.446  0.012
                    0.001  0.009  0.464  0.504  0.460  0.010  0.012  0.008
                    0.011  0.009
   4 C    6  5.987  0.853  1.122  0.753  0.404  0.454  0.453  0.446  0.012
                    0.001  0.009  0.464  0.504  0.460  0.010  0.012  0.008
                    0.011  0.009
   5 C    6  5.987  0.853  1.122  0.753  0.404  0.454  0.453  0.446  0.012
                    0.001  0.009  0.464  0.504  0.460  0.010  0.012  0.008
                    0.011  0.009
   6 C    6  5.987  0.853  1.122  0.753  0.404  0.454  0.453  0.446  0.012
                    0.001  0.009  0.464  0.504  0.460  0.010  0.012  0.008
                    0.011  0.009
   7 C    6  5.987  0.853  1.122  0.753  0.404  0.454  0.453  0.446  0.012
                    0.001  0.009  0.464  0.504  0.460  0.010  0.012  0.008
                    0.011  0.009
   8 C    6  5.987  0.853  1.122  0.753  0.404  0.454  0.453  0.446  0.012
                    0.001  0.009  0.464  0.504  0.460  0.010  0.012  0.008
                    0.011  0.009
   9 C    6  6.053  0.852  1.122  0.728  0.453  0.497  0.430  0.471 -0.035
                    0.046 -0.011  0.659  0.263  0.529  0.007  0.004  0.015
                    0.013  0.009
  10 C    6  6.053  0.852  1.122  0.728  0.453  0.497  0.430  0.471 -0.035
                    0.046 -0.011  0.659  0.263  0.529  0.007  0.004  0.015
                    0.013  0.009

  ATOM    Z CHARGE  SHELL POPULATION

   1 C    6  5.987  0.853  1.122  0.753  0.404  1.354  0.023  1.428  0.051
   2 C    6  5.987  0.853  1.122  0.753  0.404  1.354  0.023  1.428  0.051
   3 C    6  5.987  0.853  1.122  0.753  0.404  1.354  0.023  1.428  0.051
   4 C    6  5.987  0.853  1.122  0.753  0.404  1.354  0.023  1.428  0.051
   5 C    6  5.987  0.853  1.122  0.753  0.404  1.354  0.023  1.428  0.051
   6 C    6  5.987  0.853  1.122  0.753  0.404  1.354  0.023  1.428  0.051
   7 C    6  5.987  0.853  1.122  0.753  0.404  1.354  0.023  1.428  0.051
   8 C    6  5.987  0.853  1.122  0.753  0.404  1.354  0.023  1.428  0.051
   9 C    6  6.053  0.852  1.122  0.728  0.453  1.398 -0.000  1.451  0.048
  10 C    6  6.053  0.852  1.122  0.728  0.453  1.398 -0.000  1.451  0.048

 OVERLAP POPULATION CONDENSED TO ATOMS FOR FIRST   6 NEIGHBORS

 ATOM A   1 C    ATOM B     CELL      R(AB)/AU R(AB)/ANG    OVPOP(AB)
                  9 C    ( -1  0  0)     2.810     1.487     0.199
                  2 C    (  0  0  0)     2.811     1.487     0.336
                  4 C    ( -1  1  0)     2.832     1.499     0.324
                  5 C    ( -1  1  1)     2.896     1.532     0.334
                  8 C    (  0  0  0)     4.784     2.532    -0.014
                  6 C    (  0  0  1)     4.826     2.554    -0.019

 ATOM A   9 C    ATOM B     CELL      R(AB)/AU R(AB)/ANG    OVPOP(AB)
                  1 C    (  1  0  0)     2.810     1.487     0.199
                  5 C    (  0  1  1)     4.830     2.556    -0.020
                  1 C    (  0  0  0)     4.871     2.577    -0.006
                  5 C    (  0  0  1)     5.506     2.913     0.010
                  1 C    (  1 -1  0)     6.050     3.202    -0.004
                 10 C    (  1  0  0)     6.334     3.352     0.004
 TTTTTTTTTTTTTTTTTTTTTTTTTTTTTT AFTER FIRST TELAPSE      268.60 TCPU      266.73
 MMMMMMMMMMMMMMMMMMMMMMMMMMMMMMMMMMMMMMMMMMMMMMMMMMMMMMMMMMMMMMMMMMMMMMMMMMMMMMM
     ALPHA-BETA ELECTRONS
 MULLIKEN POPULATION ANALYSIS - NO. OF ELECTRONS   -0.000000

  ATOM    Z CHARGE  A.O. POPULATION

   1 C    6 -0.000  0.000 -0.000 -0.000 -0.000  0.000 -0.000 -0.000 -0.000
                    0.000  0.000  0.000 -0.000  0.000 -0.000  0.000 -0.000
                   -0.000 -0.000
   2 C    6 -0.000  0.000 -0.000 -0.000 -0.000  0.000 -0.000 -0.000 -0.000
                    0.000  0.000  0.000 -0.000  0.000 -0.000  0.000 -0.000
                   -0.000 -0.000
   3 C    6 -0.000  0.000 -0.000 -0.000 -0.000  0.000 -0.000 -0.000 -0.000
                    0.000  0.000  0.000 -0.000  0.000 -0.000  0.000 -0.000
                   -0.000 -0.000
   4 C    6 -0.000  0.000 -0.000 -0.000 -0.000  0.000 -0.000 -0.000 -0.000
                    0.000  0.000  0.000 -0.000  0.000 -0.000  0.000 -0.000
                   -0.000 -0.000
   5 C    6 -0.000  0.000 -0.000 -0.000 -0.000  0.000 -0.000 -0.000 -0.000
                    0.000  0.000  0.000 -0.000  0.000 -0.000  0.000 -0.000
                   -0.000 -0.000
   6 C    6 -0.000  0.000 -0.000 -0.000 -0.000  0.000 -0.000 -0.000 -0.000
                    0.000  0.000  0.000 -0.000  0.000 -0.000  0.000 -0.000
                   -0.000 -0.000
   7 C    6 -0.000  0.000 -0.000 -0.000 -0.000  0.000 -0.000 -0.000 -0.000
                    0.000  0.000  0.000 -0.000  0.000 -0.000  0.000 -0.000
                   -0.000 -0.000
   8 C    6 -0.000  0.000 -0.000 -0.000 -0.000  0.000 -0.000 -0.000 -0.000
                    0.000  0.000  0.000 -0.000  0.000 -0.000  0.000 -0.000
                   -0.000 -0.000
   9 C    6  0.000 -0.000 -0.000 -0.000  0.000 -0.000  0.000  0.000  0.000
                    0.000 -0.000 -0.000 -0.000  0.000 -0.000 -0.000 -0.000
                   -0.000  0.000
  10 C    6  0.000 -0.000 -0.000 -0.000  0.000 -0.000  0.000  0.000  0.000
                    0.000 -0.000 -0.000 -0.000  0.000 -0.000 -0.000 -0.000
                   -0.000  0.000

  ATOM    Z CHARGE  SHELL POPULATION

   1 C    6 -0.000  0.000 -0.000 -0.000 -0.000 -0.000  0.000 -0.000 -0.000
   2 C    6 -0.000  0.000 -0.000 -0.000 -0.000 -0.000  0.000 -0.000 -0.000
   3 C    6 -0.000  0.000 -0.000 -0.000 -0.000 -0.000  0.000 -0.000 -0.000
   4 C    6 -0.000  0.000 -0.000 -0.000 -0.000 -0.000  0.000 -0.000 -0.000
   5 C    6 -0.000  0.000 -0.000 -0.000 -0.000 -0.000  0.000 -0.000 -0.000
   6 C    6 -0.000  0.000 -0.000 -0.000 -0.000 -0.000  0.000 -0.000 -0.000
   7 C    6 -0.000  0.000 -0.000 -0.000 -0.000 -0.000  0.000 -0.000 -0.000
   8 C    6 -0.000  0.000 -0.000 -0.000 -0.000 -0.000  0.000 -0.000 -0.000
   9 C    6  0.000 -0.000 -0.000 -0.000  0.000  0.000 -0.000 -0.000 -0.000
  10 C    6  0.000 -0.000 -0.000 -0.000  0.000  0.000 -0.000 -0.000 -0.000

 OVERLAP POPULATION CONDENSED TO ATOMS FOR FIRST   6 NEIGHBORS

 ATOM A   1 C    ATOM B     CELL      R(AB)/AU R(AB)/ANG    OVPOP(AB)
                  9 C    ( -1  0  0)     2.810     1.487    -0.000
                  2 C    (  0  0  0)     2.811     1.487    -0.000
                  4 C    ( -1  1  0)     2.832     1.499     0.000
                  5 C    ( -1  1  1)     2.896     1.532    -0.000
                  8 C    (  0  0  0)     4.784     2.532    -0.000
                  6 C    (  0  0  1)     4.826     2.554     0.000

 ATOM A   9 C    ATOM B     CELL      R(AB)/AU R(AB)/ANG    OVPOP(AB)
                  1 C    (  1  0  0)     2.810     1.487    -0.000
                  5 C    (  0  1  1)     4.830     2.556     0.000
                  1 C    (  0  0  0)     4.871     2.577     0.000
                  5 C    (  0  0  1)     5.506     2.913    -0.000
                  1 C    (  1 -1  0)     6.050     3.202     0.000
                 10 C    (  1  0  0)     6.334     3.352     0.000
 EIGENVECTORS IN FORTRAN UNIT  8
 TTTTTTTTTTTTTTTTTTTTTTTTTTTTTT END         TELAPSE      268.83 TCPU      266.94
 EEEEEEEEEE TERMINATION  DATE 31 01 2026 TIME 00:49:46.2
NODE    0 CPU TIME =       266.941
NODE    1 CPU TIME =       267.579
NODE    2 CPU TIME =       267.359
NODE    3 CPU TIME =       267.552
NODE    4 CPU TIME =       267.561
NODE    5 CPU TIME =       267.472
NODE    6 CPU TIME =       267.531
NODE    7 CPU TIME =       267.595
NODE    8 CPU TIME =       267.570
NODE    9 CPU TIME =       267.435
NODE   10 CPU TIME =       267.618
NODE   11 CPU TIME =       267.544
NODE   12 CPU TIME =       267.530
NODE   13 CPU TIME =       267.607
NODE   14 CPU TIME =       267.589
NODE   15 CPU TIME =       267.555
NODE   16 CPU TIME =       267.353
NODE   17 CPU TIME =       267.553
NODE   18 CPU TIME =       267.593
NODE   19 CPU TIME =       267.606
NODE   20 CPU TIME =       267.440
NODE   21 CPU TIME =       267.443
NODE   22 CPU TIME =       267.564
NODE   23 CPU TIME =       267.515
NODE   24 CPU TIME =       267.584
NODE   25 CPU TIME =       267.550
NODE   26 CPU TIME =       267.533
NODE   27 CPU TIME =       267.434
NODE   28 CPU TIME =       267.587
NODE   29 CPU TIME =       267.592
NODE   30 CPU TIME =       267.431
NODE   31 CPU TIME =       267.557
    TOTAL CPU TIME =      8560.373
