MPI startup(): Warning: I_MPI_PMI_LIBRARY will be ignored since the hydra process manager was found
MPI startup(): Warning: I_MPI_PMI_LIBRARY will be ignored since the hydra process manager was found
MPI startup(): Warning: I_MPI_PMI_LIBRARY will be ignored since the hydra process manager was found
MPI startup(): Warning: I_MPI_PMI_LIBRARY will be ignored since the hydra process manager was found
MPI startup(): Warning: I_MPI_PMI_LIBRARY will be ignored since the hydra process manager was found
MPI startup(): Warning: I_MPI_PMI_LIBRARY will be ignored since the hydra process manager was found
MPI startup(): Warning: I_MPI_PMI_LIBRARY will be ignored since the hydra process manager was found
MPI startup(): Warning: I_MPI_PMI_LIBRARY will be ignored since the hydra process manager was found
MPI startup(): Warning: I_MPI_PMI_LIBRARY will be ignored since the hydra process manager was found
MPI startup(): Warning: I_MPI_PMI_LIBRARY will be ignored since the hydra process manager was found
MPI startup(): Warning: I_MPI_PMI_LIBRARY will be ignored since the hydra process manager was found
MPI startup(): Warning: I_MPI_PMI_LIBRARY will be ignored since the hydra process manager was found
MPI startup(): Warning: I_MPI_PMI_LIBRARY will be ignored since the hydra process manager was found
MPI startup(): Warning: I_MPI_PMI_LIBRARY will be ignored since the hydra process manager was found
MPI startup(): Warning: I_MPI_PMI_LIBRARY will be ignored since the hydra process manager was found
MPI startup(): Warning: I_MPI_PMI_LIBRARY will be ignored since the hydra process manager was found
MPI startup(): Warning: I_MPI_PMI_LIBRARY will be ignored since the hydra process manager was found
MPI startup(): Warning: I_MPI_PMI_LIBRARY will be ignored since the hydra process manager was found
MPI startup(): Warning: I_MPI_PMI_LIBRARY will be ignored since the hydra process manager was found
MPI startup(): Warning: I_MPI_PMI_LIBRARY will be ignored since the hydra process manager was found
MPI startup(): Warning: I_MPI_PMI_LIBRARY will be ignored since the hydra process manager was found
MPI startup(): Warning: I_MPI_PMI_LIBRARY will be ignored since the hydra process manager was found
MPI startup(): Warning: I_MPI_PMI_LIBRARY will be ignored since the hydra process manager was found
MPI startup(): Warning: I_MPI_PMI_LIBRARY will be ignored since the hydra process manager was found
MPI startup(): Warning: I_MPI_PMI_LIBRARY will be ignored since the hydra process manager was found
MPI startup(): Warning: I_MPI_PMI_LIBRARY will be ignored since the hydra process manager was found
MPI startup(): Warning: I_MPI_PMI_LIBRARY will be ignored since the hydra process manager was found
MPI startup(): Warning: I_MPI_PMI_LIBRARY will be ignored since the hydra process manager was found
MPI startup(): Warning: I_MPI_PMI_LIBRARY will be ignored since the hydra process manager was found
MPI startup(): Warning: I_MPI_PMI_LIBRARY will be ignored since the hydra process manager was found
MPI startup(): Warning: I_MPI_PMI_LIBRARY will be ignored since the hydra process manager was found
MPI startup(): Warning: I_MPI_PMI_LIBRARY will be ignored since the hydra process manager was found
 PROCESS           12  OF           32  WORKING
 PROCESS           14  OF           32  WORKING
 PROCESS           15  OF           32  WORKING
 PROCESS           28  OF           32  WORKING
 PROCESS           30  OF           32  WORKING
 PROCESS            7  OF           32  WORKING
 PROCESS           27  OF           32  WORKING
 PROCESS           13  OF           32  WORKING
 PROCESS           25  OF           32  WORKING
 PROCESS           26  OF           32  WORKING
 PROCESS            0  OF           32  WORKING
 PROCESS            1  OF           32  WORKING
 PROCESS           31  OF           32  WORKING
 PROCESS           21  OF           32  WORKING
 PROCESS            4  OF           32  WORKING
 PROCESS           17  OF           32  WORKING
 PROCESS           10  OF           32  WORKING
 PROCESS            3  OF           32  WORKING
 PROCESS            2  OF           32  WORKING
 PROCESS           19  OF           32  WORKING
 PROCESS           29  OF           32  WORKING

         
 *******************************************************************************
 *                                                                             *
 *                               CRYSTAL23                                     *
 *                      public : 1.0.1 - October 2022                          *
 *                       HTTP://WWW.CRYSTAL.UNITO.IT                           *
 *                                                                             *
 *                              MAIN AUTHORS                                   *
 *                                                                             *
 *  R. DOVESI(1,11), V.R. SAUNDERS(2), C. ROETTI(1,11), R. ORLANDO(1,11),      *
 *  C.M. ZICOVICH-WILSON(1,3), F. PASCALE(4), B. CIVALLERI(1,11),              *
 *  K. DOLL(5), N.M. HARRISON(6), I.J. BUSH(7), Ph. D'ARCO(8),                 *
 *  M. LLUNELL(9), M. CAUSA'(10), Y. NOEL(8), L. MASCHIO(1,11), A. ERBA(1,11)  *
 *  M. RE'RAT(14), S. CASASSA(1,11), B.G. SEARLE(2), J.K. DESMARAIS(1)         *
 *                                                                             *
 *        CONTRIBUTIONS TO THE CODE HAVE ALSO BEEN GIVEN BY                    *
 *                                                                             *
 *  M. FERRABONE(1,11), M. DE LA PIERRE(1,11), M. FERRERO(1,11),               *
 *  J. BAIMA(1,11), E. ALBANESE(1,11), M.F. PEINTINGER(12), R. BAST(13),       *
 *  B. KIRTMAN(15), V. LACIVITA(1,11), R. DEMICHELIS(1,16)                     *
 *  G. BRANDEBURG(17), S. SALUSTRO(1,11), G. SANSONE(1,11)                     *
 *  M.T. RUGGIERO(18), L.E. DAGA(1), L. DONA'(1), A. COSSARD(1)                *
 *                                                                             *
 * (1) THEORETICAL CHEMISTRY GROUP - UNIVERSITA' DI TORINO - TORINO (ITALY)    *
 * (2) SCIENTIFIC COMPUTING DEPARTMENT - STFC DARESBURY (UK)                   *
 * (3) UNIVERSIDAD AUTONOMA DEL ESTADO DE MORELOS - CUERNAVACA (MEXICO)        *
 * (4) UNIVERSITE' DE LORRAINE - NANCY (FRANCE)                                *
 * (5) UNIVERSITAET STUTTGART- STUTTGART (GERMANY)                             *
 * (6) IMPERIAL COLLEGE - LONDON (UK)                                          *
 * (7) SCIENTIFIC COMPUTING DEPARTMENT - STFC RAL (UK)                         *
 * (8) UPMC - SORBONNE UNIVERSITES - PARIS (FRANCE)                            *
 * (9) UNIVERSIDAD DE BARCELONA - BARCELONA (SPAIN)                            *
 *(10) UNIVERSITA' DI NAPOLI "FEDERICO II" - NAPOLI (ITALY)                    *
 *(11) NIS - NANOSTRUCTURED INTERFACES AND SURFACES - TORINO (ITALY)           *
 *(12) MPI FUER CHEMISCHE ENERGIEKONVERSION - MUELHEIM AN DER RUHR (GERMANY)   *
 *(13) UNIVERSITY OF TROMSO - TROMSO (NORWAY)                                  *
 *(14) UNIVERSITE' DE PAU ET DES PAYS DE L'ADOUR - PAU (FRANCE)                *
 *(15) UNIVERSITY OF CALIFORNIA SANTA BARBARA - SANTA BARBARA (USA)            *
 *(16) CURTIN UNIVERSITY - PERTH (AUSTRALIA)                                   *
 *(17) UNIVERSITY COLLEGE LONDON - LONDON (UK)                                 *
 *(18) UNIVERSITY OF VERMONT - BURLINGTON (USA)                                *
 *                                                                             *
 *******************************************************************************
 EEEEEEEEEE STARTING  DATE 25 01 2026 TIME 00:41:23.9
 ./4^2T168_rev1_sp_B3LYP-D3-D3_optimized                                         
 PROCESS            5  OF           32  WORKING
 PROCESS            6  OF           32  WORKING
 PROCESS            8  OF           32  WORKING
 PROCESS           11  OF           32  WORKING
 PROCESS           16  OF           32  WORKING
 PROCESS           18  OF           32  WORKING
 PROCESS           20  OF           32  WORKING
 PROCESS           22  OF           32  WORKING
 PROCESS           23  OF           32  WORKING
 PROCESS           24  OF           32  WORKING
 PROCESS            9  OF           32  WORKING

 CRYSTAL CALCULATION
 (INPUT ACCORDING TO THE INTERNATIONAL TABLES FOR X-RAY CRYSTALLOGRAPHY)
 CRYSTAL FAMILY                       :  MONOCLINIC  
 CRYSTAL CLASS  (GROTH - 1921)        :  MONOCLINIC PRISMATIC                 

 SPACE GROUP (CENTROSYMMETRIC)        :  C 2/M           

 LATTICE PARAMETERS  (ANGSTROMS AND DEGREES) - CONVENTIONAL CELL
        A           B           C        ALPHA        BETA       GAMMA
     5.00091     4.46499     4.37644    90.00000    90.63236    90.00000


 NUMBER OF IRREDUCIBLE ATOMS IN THE CONVENTIONAL CELL:    2

 INPUT COORDINATES

 ATOM AT. N.              COORDINATES
   1   6     2.381114194687E-01  1.773501970745E-01  3.415874567727E-01
   2   6     1.097423155511E-02  3.252851601167E-01  1.749899955942E-01

 *******************************************************************************

 << INFORMATION >>: FROM NOW ON, ALL COORDINATES REFER TO THE PRIMITIVE CELL

 *******************************************************************************

 LATTICE PARAMETERS  (ANGSTROMS AND DEGREES) - PRIMITIVE CELL
       A          B          C        ALPHA      BETA     GAMMA        VOLUME
    3.35206    3.35206    4.37644    89.52830  90.47170  96.48081     48.857716

 COORDINATES OF THE EQUIVALENT ATOMS (FRACTIONAL UNITS)

 N. ATOM EQUIV AT. N.          X                  Y                  Z

   1   1   1    6 C     4.15461616543E-01 -6.07612223942E-02  3.41587456773E-01
   2   1   2    6 C    -6.07612223942E-02  4.15461616543E-01 -3.41587456773E-01
   3   1   3    6 C    -4.15461616543E-01  6.07612223942E-02 -3.41587456773E-01
   4   1   4    6 C     6.07612223942E-02 -4.15461616543E-01  3.41587456773E-01

   5   2   1    6 C     3.36259391672E-01  3.14310928562E-01  1.74989995594E-01
   6   2   2    6 C     3.14310928562E-01  3.36259391672E-01 -1.74989995594E-01
   7   2   3    6 C    -3.36259391672E-01 -3.14310928562E-01 -1.74989995594E-01
   8   2   4    6 C    -3.14310928562E-01 -3.36259391672E-01  1.74989995594E-01

 NUMBER OF SYMMETRY OPERATORS         :    4
 *******************************************************************************
 * GEOMETRY EDITING - INPUT COORDINATES ARE GIVEN IN ANGSTROM         
 *******************************************************************************

 GEOMETRY NOW FULLY CONSISTENT WITH THE GROUP

 GCALCO - MAX INDICES DIRECT LATTICE VECTOR    16    16    12
 NO.OF VECTORS CREATED 6999 STARS 1822 RMAX    82.03110 BOHR

 GEOMETRY FOR WAVE FUNCTION - DIMENSIONALITY OF THE SYSTEM    3
 (NON PERIODIC DIRECTION: LATTICE PARAMETER FORMALLY SET TO 500)
 *******************************************************************************
 LATTICE PARAMETERS (ANGSTROMS AND DEGREES) - BOHR = 0.5291772083 ANGSTROM
 PRIMITIVE CELL - CENTRING CODE 4/0 VOLUME=    48.857716 - DENSITY  3.263 g/cm^3
         A              B              C           ALPHA      BETA       GAMMA 
     3.35205787     3.35205787     4.37643783    89.528298  90.471702  96.480809
 *******************************************************************************
 ATOMS IN THE ASYMMETRIC UNIT    2 - ATOMS IN THE UNIT CELL:    8
     ATOM                 X/A                 Y/B                 Z/C    
 *******************************************************************************
      1 T   6 C     4.154616165432E-01 -6.076122239420E-02  3.415874567727E-01
      2 F   6 C    -6.076122239420E-02  4.154616165432E-01 -3.415874567727E-01
      3 F   6 C    -4.154616165432E-01  6.076122239420E-02 -3.415874567727E-01
      4 F   6 C     6.076122239420E-02 -4.154616165432E-01  3.415874567727E-01
      5 T   6 C     3.362593916718E-01  3.143109285616E-01  1.749899955942E-01
      6 F   6 C     3.143109285616E-01  3.362593916718E-01 -1.749899955942E-01
      7 F   6 C    -3.362593916718E-01 -3.143109285616E-01 -1.749899955942E-01
      8 F   6 C    -3.143109285616E-01 -3.362593916718E-01  1.749899955942E-01

 TRANSFORMATION MATRIX PRIMITIVE-CRYSTALLOGRAPHIC CELL
  1.0000  1.0000  0.0000 -1.0000  1.0000  0.0000  0.0000  0.0000  1.0000

 *******************************************************************************
 CRYSTALLOGRAPHIC CELL (VOLUME=         97.71543118)
         A              B              C           ALPHA      BETA       GAMMA 
     5.00090730     4.46498533     4.37643783    90.000000  90.632360  90.000000

 COORDINATES IN THE CRYSTALLOGRAPHIC CELL
     ATOM                 X/A                 Y/B                 Z/C    
 *******************************************************************************
      1 T   6 C     2.381114194687E-01  1.773501970745E-01  3.415874567727E-01
      2 F   6 C    -2.381114194687E-01  1.773501970745E-01 -3.415874567727E-01
      3 F   6 C    -2.381114194687E-01 -1.773501970745E-01 -3.415874567727E-01
      4 F   6 C     2.381114194687E-01 -1.773501970745E-01  3.415874567727E-01
      5 T   6 C     1.097423155511E-02  3.252851601167E-01  1.749899955942E-01
      6 F   6 C    -1.097423155511E-02  3.252851601167E-01 -1.749899955942E-01
      7 F   6 C    -1.097423155511E-02 -3.252851601167E-01 -1.749899955942E-01
      8 F   6 C     1.097423155511E-02 -3.252851601167E-01  1.749899955942E-01

 T = ATOM BELONGING TO THE ASYMMETRIC UNIT

 ****    4 SYMMOPS - TRANSLATORS IN FRACTIONAL UNITS
 **** MATRICES AND TRANSLATORS IN THE CRYSTALLOGRAPHIC REFERENCE FRAME
   V INV                    ROTATION MATRICES                   TRANSLATORS
   1   1  1.00  0.00  0.00  0.00  1.00  0.00  0.00  0.00  1.00  0.00  0.00  0.00
   2   2 -0.00  1.00  0.00  1.00  0.00 -0.00  0.00  0.00 -1.00  0.00  0.00  0.00
   3   3 -1.00  0.00  0.00  0.00 -1.00 -0.00  0.00  0.00 -1.00  0.00  0.00  0.00
   4   4  0.00 -1.00 -0.00 -1.00 -0.00  0.00  0.00  0.00  1.00  0.00  0.00  0.00

 DIRECT LATTICE VECTORS CARTESIAN COMPONENTS (ANGSTROM)
          X                    Y                    Z
   0.250045365000E+01   0.223249266500E+01   0.000000000000E+00
  -0.250045365000E+01   0.223249266500E+01   0.000000000000E+00
  -0.483007311433E-01   0.267979529009E-15   0.437617128541E+01


 CARTESIAN COORDINATES - PRIMITIVE CELL
 *******************************************************************************
 *      ATOM          X(ANGSTROM)         Y(ANGSTROM)         Z(ANGSTROM)
 *******************************************************************************
    1     6 C     1.174274211923E+00  7.918660282103E-01  1.494845219784E+00
    2     6 C    -1.174274211923E+00  7.918660282103E-01 -1.494845219784E+00
    3     6 C    -1.174274211923E+00 -7.918660282103E-01 -1.494845219784E+00
    4     6 C     1.174274211923E+00 -7.918660282103E-01  1.494845219784E+00
    5     6 C     4.642896996589E-02  1.452393467988E+00  7.657861939529E-01
    6     6 C    -4.642896996589E-02  1.452393467988E+00 -7.657861939529E-01
    7     6 C    -4.642896996589E-02 -1.452393467988E+00 -7.657861939529E-01
    8     6 C     4.642896996589E-02 -1.452393467988E+00  7.657861939529E-01

 *******************************************************************************
 LOCAL ATOMIC FUNCTIONS BASIS SET
 *******************************************************************************
   ATOM   X(AU)   Y(AU)   Z(AU)  N. TYPE  EXPONENT  S COEF   P COEF   D/F/G COEF
 *******************************************************************************
   1 C    2.219   1.496   2.825
                                  1 S  
                                         1.358E+04 2.225E-04 0.000E+00 0.000E+00
                                         2.035E+03 1.723E-03 0.000E+00 0.000E+00
                                         4.632E+02 8.926E-03 0.000E+00 0.000E+00
                                         1.312E+02 3.573E-02 0.000E+00 0.000E+00
                                         4.285E+01 1.108E-01 0.000E+00 0.000E+00
                                         1.558E+01 2.430E-01 0.000E+00 0.000E+00
                                  2 S  
                                         6.207E+00 4.144E-01 0.000E+00 0.000E+00
                                         2.576E+00 2.374E-01 0.000E+00 0.000E+00
                                  3 S  
                                         4.941E-01 1.000E+00 0.000E+00 0.000E+00
                                  4 S  
                                         1.644E-01 1.000E+00 0.000E+00 0.000E+00
                           5-     7 P  
                                         3.470E+01 0.000E+00 5.333E-03 0.000E+00
                                         7.958E+00 0.000E+00 3.586E-02 0.000E+00
                                         2.378E+00 0.000E+00 1.422E-01 0.000E+00
                                         8.143E-01 0.000E+00 3.427E-01 0.000E+00
                           8-    10 P  
                                         5.662E-01 0.000E+00 1.000E+00 0.000E+00
                          11-    13 P  
                                         2.674E-01 0.000E+00 1.000E+00 0.000E+00
                          14-    18 D  
                                         8.792E-01 0.000E+00 0.000E+00 1.000E+00
   2 C   -2.219   1.496  -2.825
   3 C   -2.219  -1.496  -2.825
   4 C    2.219  -1.496   2.825
   5 C    0.088   2.745   1.447
   6 C   -0.088   2.745  -1.447
   7 C   -0.088  -2.745  -1.447
   8 C    0.088  -2.745   1.447
 INFORMATION **** SET_MPP **** PCRYSTAL CALCULATION
 INFORMATION **** READM2 **** NEW DEFAULT: FOCK/KS MATRIX MIXING SET TO 30 %
 INFORMATION **** READM2 **** NEW DEFAULT: FULL DIRECT SCF MODE
 INFORMATION **** READM2 **** NEW DEFAULT: COULOMB BIPOLAR BUFFER SET TO 32 Mb
 INFORMATION **** READM2 **** NEW DEFAULT: EXCHANGE BIPOLAR BUFFER SET TO 32 Mb

 *******************************************************************************
 NEW DEFAULT: DFT INTEGRATION GRID INCREASED TO XLGRID
 NEW DEFAULT: DIIS ACCELERATOR ACTIVE
 USE KEYWORD NODIIS TO TURN IT OFF
 *******************************************************************************

 INFORMATION **** DFTD3_INPUT **** PERFORM LATEST DISPERSION CORRECTION DFT-D3(BJ) WITH AUTOMATIC PARAMETER SETUP
 PLEASE CITE:
 (1) DFT-D3 Reference
  S. Grimme, J. Antony, S. Ehrlich, and H. Krieg, J. Chem. Phys. 132 (2010), 154104
 (2) BJ-Damping Reference
  S. Grimme, S. Ehrlich, and L. Goerigk, J. Comput. Chem. 32 (2011), 1456-1465
 (3) General DFT-D Review
  S. Grimme, A. Hansen, J. G. Brandenburg, and C. Bannwarth,
  Chem. Rev. 116 (2016), 5105-5154

 INFORMATION **** TOLINTEG **** COULOMB AND EXCHANGE SERIES TOLERANCES MODIFIED
 INFORMATION **** TOLDEE **** SCF TOL ON TOTAL ENERGY SET TO           9
 INFORMATION **** READM2 **** FULL DIRECT SCF (MONO AND BIEL INT) SELECTED
 INFORMATION **** MAXCYCLE **** MAX NUMBER OF SCF CYCLES SET TO         800
 INFORMATION **** DIIS **** DIIS FOR SCF ACTIVE
 INFORMATION **** DIIS **** LEVEL SHIFTER DISABLED
 INFORMATION **** PPAN ****  MULLIKEN POPULATION ANALYSIS AT THE END OF SCF
 *******************************************************************************
 N. OF ATOMS PER CELL         8  COULOMB OVERLAP TOL         (T1) 10**   -8
 NUMBER OF SHELLS            64  COULOMB PENETRATION TOL     (T2) 10**   -8
 NUMBER OF AO               144  EXCHANGE OVERLAP TOL        (T3) 10**   -8
 N. OF ELECTRONS PER CELL    48  EXCHANGE PSEUDO OVP (F(G))  (T4) 10**   -9
 CORE ELECTRONS PER CELL     16  EXCHANGE PSEUDO OVP (P(G))  (T5) 10**  -24
 N. OF SYMMETRY OPERATORS     4  POLE ORDER IN MONO ZONE                  4
 *******************************************************************************
 TYPE OF CALCULATION :  UNRESTRICTED OPEN SHELL
 KOHN-SHAM HAMILTONIAN

 (EXCHANGE)[CORRELATION] FUNCTIONAL:(BECKE 88)[LEE-YANG-PARR]

 NON-LOCAL WEIGHTING FACTOR (EXCHANGE) =           0.9000
 NON-LOCAL WEIGHTING FACTOR [CORRELATION] =        0.8100

 HYBRID EXCHANGE - PERCENTAGE OF FOCK EXCHANGE    20.0000

 SPIN POLARIZED DFT SELECTED

 CAPPA:IS1 10;IS2 10;IS3 10; K PTS MONK NET 282; SYMMOPS:K SPACE   4;G SPACE   4

 *******************************************************************************
 MAX NUMBER OF SCF CYCLES     800  CONVERGENCE ON DELTAP        10**-19
 WEIGHT OF F(I) IN F(I+1)      30% CONVERGENCE ON ENERGY        10**- 9
 SHRINK. FACT.(MONKH.)   10 10 10  NUMBER OF K POINTS IN THE IBZ    282
 SHRINKING FACTOR(GILAT NET)   20  NUMBER OF K POINTS(GILAT NET)   2112
 *******************************************************************************
 *** K POINTS COORDINATES (OBLIQUE COORDINATES IN UNITS OF IS = 10)
   1-R(  0  0  0)   2-C(  1  0  0)   3-C(  2  0  0)   4-C(  3  0  0)
   5-C(  4  0  0)   6-R(  5  0  0)   7-C(  1  1  0)   8-C(  2  1  0)
   9-C(  3  1  0)  10-C(  4  1  0)  11-C(  5  1  0)  12-C(  6  1  0)
  13-C(  7  1  0)  14-C(  8  1  0)  15-C(  9  1  0)  16-C(  2  2  0)
  17-C(  3  2  0)  18-C(  4  2  0)  19-C(  5  2  0)  20-C(  6  2  0)
  21-C(  7  2  0)  22-C(  8  2  0)  23-C(  3  3  0)  24-C(  4  3  0)
  25-C(  5  3  0)  26-C(  6  3  0)  27-C(  7  3  0)  28-C(  4  4  0)
  29-C(  5  4  0)  30-C(  6  4  0)  31-R(  5  5  0)  32-C(  0  0  1)
  33-C(  1  0  1)  34-C(  2  0  1)  35-C(  3  0  1)  36-C(  4  0  1)
  37-C(  5  0  1)  38-C(  6  0  1)  39-C(  7  0  1)  40-C(  8  0  1)
  41-C(  9  0  1)  42-C(  1  1  1)  43-C(  2  1  1)  44-C(  3  1  1)
  45-C(  4  1  1)  46-C(  5  1  1)  47-C(  6  1  1)  48-C(  7  1  1)
  49-C(  8  1  1)  50-C(  9  1  1)  51-C(  1  2  1)  52-C(  2  2  1)
  53-C(  3  2  1)  54-C(  4  2  1)  55-C(  5  2  1)  56-C(  6  2  1)
  57-C(  7  2  1)  58-C(  8  2  1)  59-C(  1  3  1)  60-C(  2  3  1)
  61-C(  3  3  1)  62-C(  4  3  1)  63-C(  5  3  1)  64-C(  6  3  1)
  65-C(  7  3  1)  66-C(  1  4  1)  67-C(  2  4  1)  68-C(  3  4  1)
  69-C(  4  4  1)  70-C(  5  4  1)  71-C(  6  4  1)  72-C(  1  5  1)
  73-C(  2  5  1)  74-C(  3  5  1)  75-C(  4  5  1)  76-C(  5  5  1)
  77-C(  1  6  1)  78-C(  2  6  1)  79-C(  3  6  1)  80-C(  4  6  1)
  81-C(  1  7  1)  82-C(  2  7  1)  83-C(  3  7  1)  84-C(  1  8  1)
  85-C(  2  8  1)  86-C(  1  9  1)  87-C(  0  0  2)  88-C(  1  0  2)
  89-C(  2  0  2)  90-C(  3  0  2)  91-C(  4  0  2)  92-C(  5  0  2)
  93-C(  6  0  2)  94-C(  7  0  2)  95-C(  8  0  2)  96-C(  9  0  2)
  97-C(  1  1  2)  98-C(  2  1  2)  99-C(  3  1  2) 100-C(  4  1  2)
 101-C(  5  1  2) 102-C(  6  1  2) 103-C(  7  1  2) 104-C(  8  1  2)
 105-C(  9  1  2) 106-C(  1  2  2) 107-C(  2  2  2) 108-C(  3  2  2)
 109-C(  4  2  2) 110-C(  5  2  2) 111-C(  6  2  2) 112-C(  7  2  2)
 113-C(  8  2  2) 114-C(  1  3  2) 115-C(  2  3  2) 116-C(  3  3  2)
 117-C(  4  3  2) 118-C(  5  3  2) 119-C(  6  3  2) 120-C(  7  3  2)
 121-C(  1  4  2) 122-C(  2  4  2) 123-C(  3  4  2) 124-C(  4  4  2)
 125-C(  5  4  2) 126-C(  6  4  2) 127-C(  1  5  2) 128-C(  2  5  2)
 129-C(  3  5  2) 130-C(  4  5  2) 131-C(  5  5  2) 132-C(  1  6  2)
 133-C(  2  6  2) 134-C(  3  6  2) 135-C(  4  6  2) 136-C(  1  7  2)
 137-C(  2  7  2) 138-C(  3  7  2) 139-C(  1  8  2) 140-C(  2  8  2)
 141-C(  1  9  2) 142-C(  0  0  3) 143-C(  1  0  3) 144-C(  2  0  3)
 145-C(  3  0  3) 146-C(  4  0  3) 147-C(  5  0  3) 148-C(  6  0  3)
 149-C(  7  0  3) 150-C(  8  0  3) 151-C(  9  0  3) 152-C(  1  1  3)
 153-C(  2  1  3) 154-C(  3  1  3) 155-C(  4  1  3) 156-C(  5  1  3)
 157-C(  6  1  3) 158-C(  7  1  3) 159-C(  8  1  3) 160-C(  9  1  3)
 161-C(  1  2  3) 162-C(  2  2  3) 163-C(  3  2  3) 164-C(  4  2  3)
 165-C(  5  2  3) 166-C(  6  2  3) 167-C(  7  2  3) 168-C(  8  2  3)
 169-C(  1  3  3) 170-C(  2  3  3) 171-C(  3  3  3) 172-C(  4  3  3)
 173-C(  5  3  3) 174-C(  6  3  3) 175-C(  7  3  3) 176-C(  1  4  3)
 177-C(  2  4  3) 178-C(  3  4  3) 179-C(  4  4  3) 180-C(  5  4  3)
 181-C(  6  4  3) 182-C(  1  5  3) 183-C(  2  5  3) 184-C(  3  5  3)
 185-C(  4  5  3) 186-C(  5  5  3) 187-C(  1  6  3) 188-C(  2  6  3)
 189-C(  3  6  3) 190-C(  4  6  3) 191-C(  1  7  3) 192-C(  2  7  3)
 193-C(  3  7  3) 194-C(  1  8  3) 195-C(  2  8  3) 196-C(  1  9  3)
 197-C(  0  0  4) 198-C(  1  0  4) 199-C(  2  0  4) 200-C(  3  0  4)
 201-C(  4  0  4) 202-C(  5  0  4) 203-C(  6  0  4) 204-C(  7  0  4)
 205-C(  8  0  4) 206-C(  9  0  4) 207-C(  1  1  4) 208-C(  2  1  4)
 209-C(  3  1  4) 210-C(  4  1  4) 211-C(  5  1  4) 212-C(  6  1  4)
 213-C(  7  1  4) 214-C(  8  1  4) 215-C(  9  1  4) 216-C(  1  2  4)
 217-C(  2  2  4) 218-C(  3  2  4) 219-C(  4  2  4) 220-C(  5  2  4)
 221-C(  6  2  4) 222-C(  7  2  4) 223-C(  8  2  4) 224-C(  1  3  4)
 225-C(  2  3  4) 226-C(  3  3  4) 227-C(  4  3  4) 228-C(  5  3  4)
 229-C(  6  3  4) 230-C(  7  3  4) 231-C(  1  4  4) 232-C(  2  4  4)
 233-C(  3  4  4) 234-C(  4  4  4) 235-C(  5  4  4) 236-C(  6  4  4)
 237-C(  1  5  4) 238-C(  2  5  4) 239-C(  3  5  4) 240-C(  4  5  4)
 241-C(  5  5  4) 242-C(  1  6  4) 243-C(  2  6  4) 244-C(  3  6  4)
 245-C(  4  6  4) 246-C(  1  7  4) 247-C(  2  7  4) 248-C(  3  7  4)
 249-C(  1  8  4) 250-C(  2  8  4) 251-C(  1  9  4) 252-R(  0  0  5)
 253-C(  1  0  5) 254-C(  2  0  5) 255-C(  3  0  5) 256-C(  4  0  5)
 257-R(  5  0  5) 258-C(  1  1  5) 259-C(  2  1  5) 260-C(  3  1  5)
 261-C(  4  1  5) 262-C(  5  1  5) 263-C(  6  1  5) 264-C(  7  1  5)
 265-C(  8  1  5) 266-C(  9  1  5) 267-C(  2  2  5) 268-C(  3  2  5)
 269-C(  4  2  5) 270-C(  5  2  5) 271-C(  6  2  5) 272-C(  7  2  5)
 273-C(  8  2  5) 274-C(  3  3  5) 275-C(  4  3  5) 276-C(  5  3  5)
 277-C(  6  3  5) 278-C(  7  3  5) 279-C(  4  4  5) 280-C(  5  4  5)
 281-C(  6  4  5) 282-R(  5  5  5)

 DIRECT LATTICE VECTORS COMPON. (A.U.)     RECIP. LATTICE VECTORS COMPON. (A.U.) 
        X            Y            Z              X            Y            Z
    4.7251726    4.2187997    0.0000000      0.6648630    0.7446650    0.0073382
   -4.7251726    4.2187997    0.0000000     -0.6648630    0.7446650   -0.0073382
   -0.0912752    0.0000000    8.2697652      0.0000000    0.0000000    0.7597780

 DISK SPACE FOR EIGENVECTORS (FTN 10)    11570688 REALS

 SYMMETRY ADAPTION OF THE BLOCH FUNCTIONS ENABLED
 TTTTTTTTTTTTTTTTTTTTTTTTTTTTTT gordsh1     TELAPSE        1.71 TCPU        0.51

 MATRIX SIZE: P(G)  884792, F(G)  101516, P(G) IRR  119341, F(G) IRR   27191
 MAX G-VECTOR INDEX FOR 1- AND 2-ELECTRON INTEGRALS 423

 TTTTTTTTTTTTTTTTTTTTTTTTTTTTTT INPUT       TELAPSE        1.72 TCPU        0.52

 NEIGHBORS OF THE NON-EQUIVALENT ATOMS

 N = NUMBER OF NEIGHBORS AT DISTANCE R
    ATOM  N     R/ANG      R/AU   NEIGHBORS (ATOM LABELS AND CELL INDICES)
   1 C    1     1.4966     2.8282    5 C    0 0 0
   1 C    1     1.5343     2.8993    3 C    1 0 1
   1 C    1     1.5543     2.9371    8 C    1 0 0
   1 C    1     1.5837     2.9928    4 C    0 0 0
   1 C    1     2.2106     4.1774    5 C    0-1 0
   1 C    1     2.4479     4.6258    7 C    1 0 1

   5 C    1     1.4966     2.8282    1 C    0 0 0
   5 C    1     1.5344     2.8996    6 C    0 0 0
   5 C    1     1.5543     2.9371    4 C    0 1 0
   5 C    1     1.5602     2.9483    8 C    1 1 0
   5 C    1     2.1883     4.1352    7 C    1 1 0
   5 C    1     2.2106     4.1774    1 C    0 1 0


 SYMMETRY ALLOWED INTERNAL DEGREE(S) OF FREEDOM:   6
 TTTTTTTTTTTTTTTTTTTTTTTTTTTTTT SYMM        TELAPSE        1.77 TCPU        0.56
 TTTTTTTTTTTTTTTTTTTTTTTTTTTTTT INT_SCREEN  TELAPSE        1.77 TCPU        0.56

 DFT PARAMETERS

     ATOM       ELECTRONS   NET CHARGE   R(ANGSTROM)
   1   6  C       6.0000      0.0000     0.77000000

 SIZE OF GRID=      52872
 TTTTTTTTTTTTTTTTTTTTTTTTTTTTTT MAKE_GRID2  TELAPSE        2.13 TCPU        0.91
 BECKE WEIGHT FUNCTION
 RADSAFE =     2.00
 TOLERANCES - DENSITY:10**- 6; POTENTIAL:10**- 9; GRID WGT:10**-14

 RADIAL INTEGRATION  - INTERVALS (POINTS,UPPER LIMIT):            1( 75,  4.0*R)

 ANGULAR INTEGRATION - INTERVALS (ACCURACY LEVEL [N. POINTS] UPPER LIMIT):
  1(  4[  86]   0.2)  2(  8[ 194]   0.5)  3( 12[ 350]   0.9)  4( 16[ 974]   3.5)
  5( 12[ 350]9999.0)
 TTTTTTTTTTTTTTTTTTTTTTTTTTTTTT INT_CALC    TELAPSE        2.15 TCPU        0.93
 EEEEEEEEEE INT_CALC TERMINATION  DATE 25 01 2026 TIME 00:41:25.0

 *******************************************************************************
 ./4^2T168_rev1_sp_B3LYP-D3-D3_optimized                                         
 CRYSTAL - SCF - TYPE OF CALCULATION :  UNRESTRICTED OPEN SHELL
 *******************************************************************************

 CAPPA:IS1 10;IS2 10;IS3 10; K PTS MONK NET 282; SYMMOPS:K SPACE   4;G SPACE   4

 TTTTTTTTTTTTTTTTTTTTTTTTTTTTTT SDIK        TELAPSE        2.21 TCPU        0.99

 AAAAAAAAAAAAAAAAAAAAAAAAAAAAAAAAAAAAAAAAAAAAAAAAAAAAAAAAAAAAAAAAAAAAAAAAAAAAAAA
         ATOMIC WAVEFUNCTION(S)


 NUCLEAR CHARGE  6.0  SYMMETRY SPECIES            S    P
 N. ELECTRONS    6.0  NUMBER OF PRIMITIVE GTOS   10    6
                      NUMBER OF CONTRACTED GTOS   4    3
                      NUMBER OF CLOSED SHELLS     2    0
                      OPEN SHELL OCCUPATION       0    2

  ZNUC  SCFIT    TOTAL HF ENERGY   KINETIC ENERGY   VIRIAL THEOREM ACCURACY
   6.0    10    -3.766702350E+01  3.783137943E+01 -1.995655566E+00  1.6E-06

 AAAAAAAAAAAAAAAAAAAAAAAAAAAAAAAAAAAAAAAAAAAAAAAAAAAAAAAAAAAAAAAAAAAAAAAAAAAAAAA

 CHARGE NORMALIZATION FACTOR   1.00000000
 TOTAL ATOMIC CHARGES:
   6.0000000   6.0000000   6.0000000   6.0000000   6.0000000   6.0000000
   6.0000000   6.0000000
 SUMMED SPIN DENSITY           0.00000000
 TOTAL ATOMIC SPINS  :
   0.0000000   0.0000000   0.0000000   0.0000000   0.0000000   0.0000000
   0.0000000   0.0000000
 TTTTTTTTTTTTTTTTTTTTTTTTTTTTTT MOQGAD      TELAPSE        2.22 TCPU        1.00
 TTTTTTTTTTTTTTTTTTTTTTTTTTTTTT SHELLXN     TELAPSE       48.75 TCPU       47.51
 TTTTTTTTTTTTTTTTTTTTTTTTTTTTTT MONMO3      TELAPSE       48.78 TCPU       47.54
 NUMERICALLY INTEGRATED DENSITY     24.0000225786     24.0000225786
 TTTTTTTTTTTTTTTTTTTTTTTTTTTTTT NUMDFT      TELAPSE       49.16 TCPU       47.92
 CYC   0 ETOT(AU) -3.073223587175E+02 DETOT -3.07E+02 tst  0.00E+00 PX  1.00E+00
 TTTTTTTTTTTTTTTTTTTTTTTTTTTTTT DIIS        TELAPSE       49.22 TCPU       47.98
 TTTTTTTTTTTTTTTTTTTTTTTTTTTTTT FDIK        TELAPSE       49.93 TCPU       48.69

    ALPHA      ELECTRONS
 INSULATING STATE
 TOP OF VALENCE BANDS -    BAND     24; K   31; EIG -1.8491330E-01 AU
 TOP OF VALENCE BANDS -    BAND     24; K    1; EIG -2.5282801E-01 AU
 BOTTOM OF VIRTUAL BANDS - BAND     25; K   86; EIG -2.4187347E-02 AU
 INDIRECT ENERGY BAND GAP:   4.3736 eV
 BOTTOM OF VIRTUAL BANDS - BAND     25; K    1; EIG -2.0657443E-02 AU

    BETA       ELECTRONS
 INSULATING STATE
 TOP OF VALENCE BANDS -    BAND     24; K   31; EIG -1.8491330E-01 AU
 TOP OF VALENCE BANDS -    BAND     24; K    1; EIG -2.5282801E-01 AU
 BOTTOM OF VIRTUAL BANDS - BAND     25; K   86; EIG -2.4187347E-02 AU
 INDIRECT ENERGY BAND GAP:   4.3736 eV
 BOTTOM OF VIRTUAL BANDS - BAND     25; K    1; EIG -2.0657443E-02 AU
 TTTTTTTTTTTTTTTTTTTTTTTTTTTTTT PDIG        TELAPSE       50.05 TCPU       48.81
 CHARGE NORMALIZATION FACTOR   1.00000000
 TOTAL ATOMIC CHARGES:
   5.9628637   5.9628637   5.9628637   5.9628637   6.0371363   6.0371363
   6.0371363   6.0371363
 SUMMED SPIN DENSITY          -0.00000000
 TOTAL ATOMIC SPINS  :
   0.0000000   0.0000000   0.0000000   0.0000000  -0.0000000  -0.0000000
  -0.0000000  -0.0000000
 TTTTTTTTTTTTTTTTTTTTTTTTTTTTTT MOQGAD      TELAPSE       50.06 TCPU       48.81
 TTTTTTTTTTTTTTTTTTTTTTTTTTTTTT SHELLXN     TELAPSE       97.94 TCPU       96.67
 TTTTTTTTTTTTTTTTTTTTTTTTTTTTTT MONMO3      TELAPSE       97.96 TCPU       96.69
 NUMERICALLY INTEGRATED DENSITY     24.0000129869     24.0000129869
 TTTTTTTTTTTTTTTTTTTTTTTTTTTTTT NUMDFT      TELAPSE       98.33 TCPU       97.06
 CYC   1 ETOT(AU) -3.046589384821E+02 DETOT  2.66E+00 tst  0.00E+00 PX  1.00E+00
 TTTTTTTTTTTTTTTTTTTTTTTTTTTTTT DIIS        TELAPSE       98.38 TCPU       97.11
 DIIS TEST: 0.81230E-01 AT SCF   CYCLE   1 - MIX   30 %
 TTTTTTTTTTTTTTTTTTTTTTTTTTTTTT FDIK        TELAPSE       98.74 TCPU       97.46

    ALPHA      ELECTRONS
 INSULATING STATE
 TOP OF VALENCE BANDS -    BAND     24; K   31; EIG -1.1065787E-01 AU
 TOP OF VALENCE BANDS -    BAND     24; K    1; EIG -1.8182781E-01 AU
 BOTTOM OF VIRTUAL BANDS - BAND     25; K   86; EIG  7.0271230E-02 AU
 INDIRECT ENERGY BAND GAP:   4.9233 eV
 BOTTOM OF VIRTUAL BANDS - BAND     25; K    1; EIG  7.4477272E-02 AU

    BETA       ELECTRONS
 INSULATING STATE
 TOP OF VALENCE BANDS -    BAND     24; K   31; EIG -1.1065787E-01 AU
 TOP OF VALENCE BANDS -    BAND     24; K    1; EIG -1.8182781E-01 AU
 BOTTOM OF VIRTUAL BANDS - BAND     25; K   86; EIG  7.0271230E-02 AU
 INDIRECT ENERGY BAND GAP:   4.9233 eV
 BOTTOM OF VIRTUAL BANDS - BAND     25; K    1; EIG  7.4477272E-02 AU
 TTTTTTTTTTTTTTTTTTTTTTTTTTTTTT PDIG        TELAPSE       98.86 TCPU       97.58
 CHARGE NORMALIZATION FACTOR   1.00000000
 TOTAL ATOMIC CHARGES:
   5.9864652   5.9864652   5.9864652   5.9864652   6.0135348   6.0135348
   6.0135348   6.0135348
 SUMMED SPIN DENSITY           0.00000000
 TOTAL ATOMIC SPINS  :
   0.0000000   0.0000000   0.0000000   0.0000000  -0.0000000  -0.0000000
  -0.0000000  -0.0000000
 TTTTTTTTTTTTTTTTTTTTTTTTTTTTTT MOQGAD      TELAPSE       98.87 TCPU       97.58
 TTTTTTTTTTTTTTTTTTTTTTTTTTTTTT SHELLXN     TELAPSE      146.78 TCPU      145.45
 TTTTTTTTTTTTTTTTTTTTTTTTTTTTTT MONMO3      TELAPSE      146.81 TCPU      145.47
 NUMERICALLY INTEGRATED DENSITY     24.0000145339     24.0000145339
 TTTTTTTTTTTTTTTTTTTTTTTTTTTTTT NUMDFT      TELAPSE      147.18 TCPU      145.85
 CYC   2 ETOT(AU) -3.046725094590E+02 DETOT -1.36E-02 tst  1.99E-04 PX  6.88E-02
 TTTTTTTTTTTTTTTTTTTTTTTTTTTTTT DIIS        TELAPSE      147.23 TCPU      145.90
 DIIS TEST: 0.13763E-01 AT SCF   CYCLE   2 - DIIS ACTIVE - HISTORY:     2 CYCLES
 TTTTTTTTTTTTTTTTTTTTTTTTTTTTTT FDIK        TELAPSE      147.60 TCPU      146.26

    ALPHA      ELECTRONS
 INSULATING STATE
 TOP OF VALENCE BANDS -    BAND     24; K   31; EIG -8.9769728E-02 AU
 TOP OF VALENCE BANDS -    BAND     24; K    1; EIG -1.5744356E-01 AU
 BOTTOM OF VIRTUAL BANDS - BAND     25; K   86; EIG  1.0435033E-01 AU
 INDIRECT ENERGY BAND GAP:   5.2823 eV
 BOTTOM OF VIRTUAL BANDS - BAND     25; K    1; EIG  1.0882632E-01 AU

    BETA       ELECTRONS
 INSULATING STATE
 TOP OF VALENCE BANDS -    BAND     24; K   31; EIG -8.9769728E-02 AU
 TOP OF VALENCE BANDS -    BAND     24; K    1; EIG -1.5744356E-01 AU
 BOTTOM OF VIRTUAL BANDS - BAND     25; K   86; EIG  1.0435033E-01 AU
 INDIRECT ENERGY BAND GAP:   5.2823 eV
 BOTTOM OF VIRTUAL BANDS - BAND     25; K    1; EIG  1.0882632E-01 AU
 TTTTTTTTTTTTTTTTTTTTTTTTTTTTTT PDIG        TELAPSE      147.72 TCPU      146.39
 CHARGE NORMALIZATION FACTOR   1.00000000
 TOTAL ATOMIC CHARGES:
   5.9521473   5.9521473   5.9521473   5.9521473   6.0478527   6.0478527
   6.0478527   6.0478527
 SUMMED SPIN DENSITY          -0.00000000
 TOTAL ATOMIC SPINS  :
  -0.0000000  -0.0000000  -0.0000000  -0.0000000   0.0000000   0.0000000
   0.0000000   0.0000000
 TTTTTTTTTTTTTTTTTTTTTTTTTTTTTT MOQGAD      TELAPSE      147.73 TCPU      146.39
 TTTTTTTTTTTTTTTTTTTTTTTTTTTTTT SHELLXN     TELAPSE      196.23 TCPU      194.89
 TTTTTTTTTTTTTTTTTTTTTTTTTTTTTT MONMO3      TELAPSE      196.26 TCPU      194.91
 NUMERICALLY INTEGRATED DENSITY     24.0000145934     24.0000145934
 TTTTTTTTTTTTTTTTTTTTTTTTTTTTTT NUMDFT      TELAPSE      196.62 TCPU      195.27
 CYC   3 ETOT(AU) -3.046730664288E+02 DETOT -5.57E-04 tst  5.74E-05 PX  2.35E-02
 TTTTTTTTTTTTTTTTTTTTTTTTTTTTTT DIIS        TELAPSE      196.74 TCPU      195.38
 DIIS TEST: 0.11595E-01 AT SCF   CYCLE   3 - DIIS ACTIVE - HISTORY:     3 CYCLES
 TTTTTTTTTTTTTTTTTTTTTTTTTTTTTT FDIK        TELAPSE      197.14 TCPU      195.76

    ALPHA      ELECTRONS
 INSULATING STATE
 TOP OF VALENCE BANDS -    BAND     24; K   31; EIG -9.2707727E-02 AU
 TOP OF VALENCE BANDS -    BAND     24; K    1; EIG -1.6030840E-01 AU
 BOTTOM OF VIRTUAL BANDS - BAND     25; K   86; EIG  1.0256050E-01 AU
 INDIRECT ENERGY BAND GAP:   5.3135 eV
 BOTTOM OF VIRTUAL BANDS - BAND     25; K    1; EIG  1.0676986E-01 AU

    BETA       ELECTRONS
 INSULATING STATE
 TOP OF VALENCE BANDS -    BAND     24; K   31; EIG -9.2707727E-02 AU
 TOP OF VALENCE BANDS -    BAND     24; K    1; EIG -1.6030840E-01 AU
 BOTTOM OF VIRTUAL BANDS - BAND     25; K   86; EIG  1.0256050E-01 AU
 INDIRECT ENERGY BAND GAP:   5.3135 eV
 BOTTOM OF VIRTUAL BANDS - BAND     25; K    1; EIG  1.0676986E-01 AU
 TTTTTTTTTTTTTTTTTTTTTTTTTTTTTT PDIG        TELAPSE      197.26 TCPU      195.87
 CHARGE NORMALIZATION FACTOR   1.00000000
 TOTAL ATOMIC CHARGES:
   5.9714689   5.9714689   5.9714689   5.9714689   6.0285311   6.0285311
   6.0285311   6.0285311
 SUMMED SPIN DENSITY          -0.00000000
 TOTAL ATOMIC SPINS  :
  -0.0000000  -0.0000000  -0.0000000  -0.0000000   0.0000000   0.0000000
   0.0000000   0.0000000
 TTTTTTTTTTTTTTTTTTTTTTTTTTTTTT MOQGAD      TELAPSE      197.26 TCPU      195.88
 TTTTTTTTTTTTTTTTTTTTTTTTTTTTTT SHELLXN     TELAPSE      244.82 TCPU      243.41
 TTTTTTTTTTTTTTTTTTTTTTTTTTTTTT MONMO3      TELAPSE      244.84 TCPU      243.43
 NUMERICALLY INTEGRATED DENSITY     24.0000145882     24.0000145882
 TTTTTTTTTTTTTTTTTTTTTTTTTTTTTT NUMDFT      TELAPSE      245.21 TCPU      243.80
 CYC   4 ETOT(AU) -3.046735929300E+02 DETOT -5.27E-04 tst  1.39E-05 PX  9.41E-03
 TTTTTTTTTTTTTTTTTTTTTTTTTTTTTT DIIS        TELAPSE      245.30 TCPU      243.88
 DIIS TEST: 0.50310E-03 AT SCF   CYCLE   4 - DIIS ACTIVE - HISTORY:     4 CYCLES
 TTTTTTTTTTTTTTTTTTTTTTTTTTTTTT FDIK        TELAPSE      245.65 TCPU      244.23

    ALPHA      ELECTRONS
 INSULATING STATE
 TOP OF VALENCE BANDS -    BAND     24; K   31; EIG -9.2213309E-02 AU
 TOP OF VALENCE BANDS -    BAND     24; K    1; EIG -1.6032958E-01 AU
 BOTTOM OF VIRTUAL BANDS - BAND     25; K   86; EIG  1.0307425E-01 AU
 INDIRECT ENERGY BAND GAP:   5.3140 eV
 BOTTOM OF VIRTUAL BANDS - BAND     25; K    1; EIG  1.0735376E-01 AU

    BETA       ELECTRONS
 INSULATING STATE
 TOP OF VALENCE BANDS -    BAND     24; K   31; EIG -9.2213309E-02 AU
 TOP OF VALENCE BANDS -    BAND     24; K    1; EIG -1.6032958E-01 AU
 BOTTOM OF VIRTUAL BANDS - BAND     25; K   86; EIG  1.0307425E-01 AU
 INDIRECT ENERGY BAND GAP:   5.3140 eV
 BOTTOM OF VIRTUAL BANDS - BAND     25; K    1; EIG  1.0735376E-01 AU
 TTTTTTTTTTTTTTTTTTTTTTTTTTTTTT PDIG        TELAPSE      245.77 TCPU      244.35
 CHARGE NORMALIZATION FACTOR   1.00000000
 TOTAL ATOMIC CHARGES:
   5.9691923   5.9691923   5.9691923   5.9691923   6.0308077   6.0308077
   6.0308077   6.0308077
 SUMMED SPIN DENSITY          -0.00000000
 TOTAL ATOMIC SPINS  :
  -0.0000000  -0.0000000  -0.0000000  -0.0000000   0.0000000   0.0000000
   0.0000000   0.0000000
 TTTTTTTTTTTTTTTTTTTTTTTTTTTTTT MOQGAD      TELAPSE      245.77 TCPU      244.35
 TTTTTTTTTTTTTTTTTTTTTTTTTTTTTT SHELLXN     TELAPSE      293.31 TCPU      291.88
 TTTTTTTTTTTTTTTTTTTTTTTTTTTTTT MONMO3      TELAPSE      293.34 TCPU      291.90
 NUMERICALLY INTEGRATED DENSITY     24.0000146086     24.0000146086
 TTTTTTTTTTTTTTTTTTTTTTTTTTTTTT NUMDFT      TELAPSE      293.71 TCPU      292.27
 CYC   5 ETOT(AU) -3.046736174895E+02 DETOT -2.46E-05 tst  7.25E-07 PX  1.20E-03
 TTTTTTTTTTTTTTTTTTTTTTTTTTTTTT DIIS        TELAPSE      293.87 TCPU      292.43
 DIIS TEST: 0.16935E-04 AT SCF   CYCLE   5 - DIIS ACTIVE - HISTORY:     5 CYCLES
 TTTTTTTTTTTTTTTTTTTTTTTTTTTTTT FDIK        TELAPSE      294.43 TCPU      292.85

    ALPHA      ELECTRONS
 INSULATING STATE
 TOP OF VALENCE BANDS -    BAND     24; K   31; EIG -9.2314330E-02 AU
 TOP OF VALENCE BANDS -    BAND     24; K    1; EIG -1.6034188E-01 AU
 BOTTOM OF VIRTUAL BANDS - BAND     25; K   86; EIG  1.0298893E-01 AU
 INDIRECT ENERGY BAND GAP:   5.3145 eV
 BOTTOM OF VIRTUAL BANDS - BAND     25; K    1; EIG  1.0726158E-01 AU

    BETA       ELECTRONS
 INSULATING STATE
 TOP OF VALENCE BANDS -    BAND     24; K   31; EIG -9.2314330E-02 AU
 TOP OF VALENCE BANDS -    BAND     24; K    1; EIG -1.6034188E-01 AU
 BOTTOM OF VIRTUAL BANDS - BAND     25; K   86; EIG  1.0298893E-01 AU
 INDIRECT ENERGY BAND GAP:   5.3145 eV
 BOTTOM OF VIRTUAL BANDS - BAND     25; K    1; EIG  1.0726158E-01 AU
 TTTTTTTTTTTTTTTTTTTTTTTTTTTTTT PDIG        TELAPSE      294.55 TCPU      292.97
 CHARGE NORMALIZATION FACTOR   1.00000000
 TOTAL ATOMIC CHARGES:
   5.9690759   5.9690759   5.9690759   5.9690759   6.0309241   6.0309241
   6.0309241   6.0309241
 SUMMED SPIN DENSITY           0.00000000
 TOTAL ATOMIC SPINS  :
   0.0000000   0.0000000   0.0000000   0.0000000  -0.0000000  -0.0000000
  -0.0000000  -0.0000000
 TTTTTTTTTTTTTTTTTTTTTTTTTTTTTT MOQGAD      TELAPSE      294.55 TCPU      292.97
 TTTTTTTTTTTTTTTTTTTTTTTTTTTTTT SHELLXN     TELAPSE      342.05 TCPU      340.44
 TTTTTTTTTTTTTTTTTTTTTTTTTTTTTT MONMO3      TELAPSE      342.08 TCPU      340.47
 NUMERICALLY INTEGRATED DENSITY     24.0000146132     24.0000146132
 TTTTTTTTTTTTTTTTTTTTTTTTTTTTTT NUMDFT      TELAPSE      342.45 TCPU      340.83
 CYC   6 ETOT(AU) -3.046736183905E+02 DETOT -9.01E-07 tst  1.85E-08 PX  3.39E-04
 TTTTTTTTTTTTTTTTTTTTTTTTTTTTTT DIIS        TELAPSE      342.52 TCPU      340.91
 DIIS TEST: 0.23063E-06 AT SCF   CYCLE   6 - DIIS ACTIVE - HISTORY:     6 CYCLES
 TTTTTTTTTTTTTTTTTTTTTTTTTTTTTT FDIK        TELAPSE      342.88 TCPU      341.23

    ALPHA      ELECTRONS
 INSULATING STATE
 TOP OF VALENCE BANDS -    BAND     24; K   31; EIG -9.2340426E-02 AU
 TOP OF VALENCE BANDS -    BAND     24; K    1; EIG -1.6036941E-01 AU
 BOTTOM OF VIRTUAL BANDS - BAND     25; K   86; EIG  1.0295963E-01 AU
 INDIRECT ENERGY BAND GAP:   5.3144 eV
 BOTTOM OF VIRTUAL BANDS - BAND     25; K    1; EIG  1.0723154E-01 AU

    BETA       ELECTRONS
 INSULATING STATE
 TOP OF VALENCE BANDS -    BAND     24; K   31; EIG -9.2340426E-02 AU
 TOP OF VALENCE BANDS -    BAND     24; K    1; EIG -1.6036941E-01 AU
 BOTTOM OF VIRTUAL BANDS - BAND     25; K   86; EIG  1.0295963E-01 AU
 INDIRECT ENERGY BAND GAP:   5.3144 eV
 BOTTOM OF VIRTUAL BANDS - BAND     25; K    1; EIG  1.0723154E-01 AU
 TTTTTTTTTTTTTTTTTTTTTTTTTTTTTT PDIG        TELAPSE      343.00 TCPU      341.35
 CHARGE NORMALIZATION FACTOR   1.00000000
 TOTAL ATOMIC CHARGES:
   5.9691670   5.9691670   5.9691670   5.9691670   6.0308330   6.0308330
   6.0308330   6.0308330
 SUMMED SPIN DENSITY          -0.00000000
 TOTAL ATOMIC SPINS  :
  -0.0000000  -0.0000000  -0.0000000  -0.0000000   0.0000000   0.0000000
   0.0000000   0.0000000
 TTTTTTTTTTTTTTTTTTTTTTTTTTTTTT MOQGAD      TELAPSE      343.00 TCPU      341.35
 TTTTTTTTTTTTTTTTTTTTTTTTTTTTTT SHELLXN     TELAPSE      391.53 TCPU      389.86
 TTTTTTTTTTTTTTTTTTTTTTTTTTTTTT MONMO3      TELAPSE      391.55 TCPU      389.88
 NUMERICALLY INTEGRATED DENSITY     24.0000146128     24.0000146128
 TTTTTTTTTTTTTTTTTTTTTTTTTTTTTT NUMDFT      TELAPSE      391.92 TCPU      390.25
 CYC   7 ETOT(AU) -3.046736183895E+02 DETOT  1.06E-09 tst  3.69E-10 PX  4.12E-05
 TTTTTTTTTTTTTTTTTTTTTTTTTTTTTT DIIS        TELAPSE      391.97 TCPU      390.29
 DIIS TEST: 0.15948E-07 AT SCF   CYCLE   7 - DIIS ACTIVE - HISTORY:     7 CYCLES
 TTTTTTTTTTTTTTTTTTTTTTTTTTTTTT FDIK        TELAPSE      392.35 TCPU      390.61

    ALPHA      ELECTRONS
 INSULATING STATE
 TOP OF VALENCE BANDS -    BAND     24; K   31; EIG -9.2343665E-02 AU
 TOP OF VALENCE BANDS -    BAND     24; K    1; EIG -1.6037300E-01 AU
 BOTTOM OF VIRTUAL BANDS - BAND     25; K   86; EIG  1.0295744E-01 AU
 INDIRECT ENERGY BAND GAP:   5.3144 eV
 BOTTOM OF VIRTUAL BANDS - BAND     25; K    1; EIG  1.0722965E-01 AU

    BETA       ELECTRONS
 INSULATING STATE
 TOP OF VALENCE BANDS -    BAND     24; K   31; EIG -9.2343665E-02 AU
 TOP OF VALENCE BANDS -    BAND     24; K    1; EIG -1.6037300E-01 AU
 BOTTOM OF VIRTUAL BANDS - BAND     25; K   86; EIG  1.0295744E-01 AU
 INDIRECT ENERGY BAND GAP:   5.3144 eV
 BOTTOM OF VIRTUAL BANDS - BAND     25; K    1; EIG  1.0722965E-01 AU
 TTTTTTTTTTTTTTTTTTTTTTTTTTTTTT PDIG        TELAPSE      392.47 TCPU      390.73
 CHARGE NORMALIZATION FACTOR   1.00000000
 TOTAL ATOMIC CHARGES:
   5.9691493   5.9691493   5.9691493   5.9691493   6.0308507   6.0308507
   6.0308507   6.0308507
 SUMMED SPIN DENSITY           0.00000000
 TOTAL ATOMIC SPINS  :
  -0.0000000  -0.0000000  -0.0000000  -0.0000000   0.0000000   0.0000000
   0.0000000   0.0000000
 TTTTTTTTTTTTTTTTTTTTTTTTTTTTTT MOQGAD      TELAPSE      392.48 TCPU      390.73
 TTTTTTTTTTTTTTTTTTTTTTTTTTTTTT SHELLXN     TELAPSE      440.65 TCPU      438.89
 TTTTTTTTTTTTTTTTTTTTTTTTTTTTTT MONMO3      TELAPSE      440.68 TCPU      438.91
 NUMERICALLY INTEGRATED DENSITY     24.0000146131     24.0000146131
 TTTTTTTTTTTTTTTTTTTTTTTTTTTTTT NUMDFT      TELAPSE      441.04 TCPU      439.28
 CYC   8 ETOT(AU) -3.046736183935E+02 DETOT -4.03E-09 tst  2.00E-11 PX  8.76E-06
 TTTTTTTTTTTTTTTTTTTTTTTTTTTTTT DIIS        TELAPSE      441.08 TCPU      439.31
 DIIS TEST: 0.36562E-10 AT SCF   CYCLE   8 - DIIS ACTIVE - HISTORY:     8 CYCLES
 TTTTTTTTTTTTTTTTTTTTTTTTTTTTTT FDIK        TELAPSE      441.44 TCPU      439.63

    ALPHA      ELECTRONS
 INSULATING STATE
 TOP OF VALENCE BANDS -    BAND     24; K   31; EIG -9.2344089E-02 AU
 TOP OF VALENCE BANDS -    BAND     24; K    1; EIG -1.6037345E-01 AU
 BOTTOM OF VIRTUAL BANDS - BAND     25; K   86; EIG  1.0295696E-01 AU
 INDIRECT ENERGY BAND GAP:   5.3144 eV
 BOTTOM OF VIRTUAL BANDS - BAND     25; K    1; EIG  1.0722916E-01 AU

    BETA       ELECTRONS
 INSULATING STATE
 TOP OF VALENCE BANDS -    BAND     24; K   31; EIG -9.2344089E-02 AU
 TOP OF VALENCE BANDS -    BAND     24; K    1; EIG -1.6037345E-01 AU
 BOTTOM OF VIRTUAL BANDS - BAND     25; K   86; EIG  1.0295696E-01 AU
 INDIRECT ENERGY BAND GAP:   5.3144 eV
 BOTTOM OF VIRTUAL BANDS - BAND     25; K    1; EIG  1.0722916E-01 AU
 TTTTTTTTTTTTTTTTTTTTTTTTTTTTTT PDIG        TELAPSE      441.56 TCPU      439.75
 CHARGE NORMALIZATION FACTOR   1.00000000
 TOTAL ATOMIC CHARGES:
   5.9691497   5.9691497   5.9691497   5.9691497   6.0308503   6.0308503
   6.0308503   6.0308503
 SUMMED SPIN DENSITY          -0.00000000
 TOTAL ATOMIC SPINS  :
  -0.0000000  -0.0000000  -0.0000000  -0.0000000   0.0000000   0.0000000
   0.0000000   0.0000000
 TTTTTTTTTTTTTTTTTTTTTTTTTTTTTT MOQGAD      TELAPSE      441.57 TCPU      439.75
 TTTTTTTTTTTTTTTTTTTTTTTTTTTTTT SHELLXN     TELAPSE      489.97 TCPU      488.10
 TTTTTTTTTTTTTTTTTTTTTTTTTTTTTT MONMO3      TELAPSE      490.00 TCPU      488.12
 NUMERICALLY INTEGRATED DENSITY     24.0000146131     24.0000146131
 TTTTTTTTTTTTTTTTTTTTTTTTTTTTTT NUMDFT      TELAPSE      490.37 TCPU      488.50
 CYC   9 ETOT(AU) -3.046736183936E+02 DETOT -1.38E-10 tst  7.48E-14 PX  4.20E-07
 TTTTTTTTTTTTTTTTTTTTTTTTTTTTTT DIIS        TELAPSE      490.45 TCPU      488.58
 DIIS TEST: 0.20121E-11 AT SCF   CYCLE   9 - DIIS ACTIVE - HISTORY:     9 CYCLES
 TTTTTTTTTTTTTTTTTTTTTTTTTTTTTT FDIK        TELAPSE      490.78 TCPU      488.86

    ALPHA      ELECTRONS
 INSULATING STATE
 TOP OF VALENCE BANDS -    BAND     24; K   31; EIG -9.2344107E-02 AU
 TOP OF VALENCE BANDS -    BAND     24; K    1; EIG -1.6037345E-01 AU
 BOTTOM OF VIRTUAL BANDS - BAND     25; K   86; EIG  1.0295697E-01 AU
 INDIRECT ENERGY BAND GAP:   5.3144 eV
 BOTTOM OF VIRTUAL BANDS - BAND     25; K    1; EIG  1.0722918E-01 AU

    BETA       ELECTRONS
 INSULATING STATE
 TOP OF VALENCE BANDS -    BAND     24; K   31; EIG -9.2344107E-02 AU
 TOP OF VALENCE BANDS -    BAND     24; K    1; EIG -1.6037345E-01 AU
 BOTTOM OF VIRTUAL BANDS - BAND     25; K   86; EIG  1.0295697E-01 AU
 INDIRECT ENERGY BAND GAP:   5.3144 eV
 BOTTOM OF VIRTUAL BANDS - BAND     25; K    1; EIG  1.0722918E-01 AU
 TTTTTTTTTTTTTTTTTTTTTTTTTTTTTT PDIG        TELAPSE      490.90 TCPU      488.98
 CHARGE NORMALIZATION FACTOR   1.00000000
 TOTAL ATOMIC CHARGES:
   5.9691497   5.9691497   5.9691497   5.9691497   6.0308503   6.0308503
   6.0308503   6.0308503
 SUMMED SPIN DENSITY           0.00000000
 TOTAL ATOMIC SPINS  :
   0.0000000   0.0000000   0.0000000   0.0000000  -0.0000000  -0.0000000
  -0.0000000  -0.0000000
 TTTTTTTTTTTTTTTTTTTTTTTTTTTTTT MOQGAD      TELAPSE      490.90 TCPU      488.99
 TTTTTTTTTTTTTTTTTTTTTTTTTTTTTT SHELLXN     TELAPSE      539.42 TCPU      537.43
 +++ ENERGIES IN A.U. +++
 ::: EXT EL-POLE                                  -1.4530831836904E+03
 ::: EXT EL-SPHEROPOLE                             1.2792583384889E+01
 ::: BIELET ZONE E-E                               1.4972958040469E+03
 ::: TOTAL E-E                                     5.7005203741368E+01
 ::: TOTAL E-N + N-E                              -5.2316558925514E+02
 ::: TOTAL N-N                                    -1.0705953219603E+02
 ::: KINETIC ENERGY                                3.0379527700238E+02
 ::: PSEUDO TOTAL   ENERGY                        -2.6942464070742E+02
 ::: VIRIAL COEFFICIENT                            1.0599606455273E+00
 TTTTTTTTTTTTTTTTTTTTTTTTTTTTTT MONMO3      TELAPSE      539.44 TCPU      537.46
 NUMERICALLY INTEGRATED DENSITY     24.0000146131     24.0000146131
 EXCHANGE ENERGY: -0.332149398063E+02  CORRELATION ENERGY: -0.203403787998E+01
 TTTTTTTTTTTTTTTTTTTTTTTTTTTTTT NUMDFT      TELAPSE      539.81 TCPU      537.82
 CYC  10 ETOT(AU) -3.046736183937E+02 DETOT -2.73E-11 tst  6.16E-15 PX  4.20E-07

 == SCF ENDED - CONVERGENCE ON ENERGY      E(AU) -3.0467361839366E+02 CYCLES  10


 ENERGY EXPRESSION=HARTREE+FOCK EXCH*0.20000+(BECKE      EXCH)*0.80000+LYP        CORR


 TOTAL ENERGY(DFT)(AU)( 10) -3.0467361839366E+02 DE-2.7E-11 tester 6.2E-15
 TTTTTTTTTTTTTTTTTTTTTTTTTTTTTT EDFT        TELAPSE      539.82 TCPU      537.83
 
 INFORMATION **** DFTD3 ENERGY **** CALCULATE DFTD3 ENERGY

           DFT-D V3(BJ)
 DF                                         b3-lyp    
 parameters
 s6       :    1.0000
 s8       :    1.9889
 a1       :    0.3981
 a2       :    4.4211
 k1 k3    :   16.0000   -4.0000
 Cutoff   :   50.2022
 CN-Cutoff:   21.1671
 ABC-Cutoff:   21.1671
 
 Edisp /kcal,au:   -52.6837 -0.08395682

 E6    /kcal :   -25.2846
 E8    /kcal :   -27.3991
 
 INFORMATION **** DFTD3 ENERGY **** NORMAL TERMINATION OF DFTD3 MODULE

 *******************************************************************************

 DFT-D3 DISPERSION ENERGY CORRECTION

 D3 DISPERSION ENERGY (AU)       -8.3956817704393E-02
 TOTAL ENERGY + DISP (AU)        -3.0475757521136E+02

 *******************************************************************************


 NEIGHBORS OF THE NON-EQUIVALENT ATOMS

 N = NUMBER OF NEIGHBORS AT DISTANCE R
    ATOM  N     R/ANG      R/AU   NEIGHBORS (ATOM LABELS AND CELL INDICES)
   1 C    1     1.4966     2.8282    5 C    0 0 0
   1 C    1     1.5343     2.8993    3 C    1 0 1
   1 C    1     1.5543     2.9371    8 C    1 0 0
   1 C    1     1.5837     2.9928    4 C    0 0 0
   1 C    1     2.2106     4.1774    5 C    0-1 0
   1 C    1     2.4479     4.6258    7 C    1 0 1

   5 C    1     1.4966     2.8282    1 C    0 0 0
   5 C    1     1.5344     2.8996    6 C    0 0 0
   5 C    1     1.5543     2.9371    4 C    0 1 0
   5 C    1     1.5602     2.9483    8 C    1 1 0
   5 C    1     2.1883     4.1352    7 C    1 1 0
   5 C    1     2.2106     4.1774    1 C    0 1 0

 TTTTTTTTTTTTTTTTTTTTTTTTTTTTTT AFTER FIRST TELAPSE      539.91 TCPU      537.89
 MMMMMMMMMMMMMMMMMMMMMMMMMMMMMMMMMMMMMMMMMMMMMMMMMMMMMMMMMMMMMMMMMMMMMMMMMMMMMMM
     ALPHA+BETA ELECTRONS
 MULLIKEN POPULATION ANALYSIS - NO. OF ELECTRONS   48.000000

  ATOM    Z CHARGE  A.O. POPULATION

   1 C    6  5.969  0.853  1.121  0.761  0.387  0.449  0.434  0.447 -0.004
                   -0.004 -0.003  0.492  0.495  0.496  0.009  0.010  0.008
                    0.012  0.007
   2 C    6  5.969  0.853  1.121  0.761  0.387  0.449  0.434  0.447 -0.004
                   -0.004 -0.003  0.492  0.495  0.496  0.009  0.010  0.008
                    0.012  0.007
   3 C    6  5.969  0.853  1.121  0.761  0.387  0.449  0.434  0.447 -0.004
                   -0.004 -0.003  0.492  0.495  0.496  0.009  0.010  0.008
                    0.012  0.007
   4 C    6  5.969  0.853  1.121  0.761  0.387  0.449  0.434  0.447 -0.004
                   -0.004 -0.003  0.492  0.495  0.496  0.009  0.010  0.008
                    0.012  0.007
   5 C    6  6.031  0.853  1.121  0.756  0.417  0.450  0.446  0.448 -0.009
                   -0.016 -0.007  0.519  0.512  0.495  0.012  0.010  0.007
                    0.011  0.007
   6 C    6  6.031  0.853  1.121  0.756  0.417  0.450  0.446  0.448 -0.009
                   -0.016 -0.007  0.519  0.512  0.495  0.012  0.010  0.007
                    0.011  0.007
   7 C    6  6.031  0.853  1.121  0.756  0.417  0.450  0.446  0.448 -0.009
                   -0.016 -0.007  0.519  0.512  0.495  0.012  0.010  0.007
                    0.011  0.007
   8 C    6  6.031  0.853  1.121  0.756  0.417  0.450  0.446  0.448 -0.009
                   -0.016 -0.007  0.519  0.512  0.495  0.012  0.010  0.007
                    0.011  0.007

  ATOM    Z CHARGE  SHELL POPULATION

   1 C    6  5.969  0.853  1.121  0.761  0.387  1.330 -0.011  1.483  0.045
   2 C    6  5.969  0.853  1.121  0.761  0.387  1.330 -0.011  1.483  0.045
   3 C    6  5.969  0.853  1.121  0.761  0.387  1.330 -0.011  1.483  0.045
   4 C    6  5.969  0.853  1.121  0.761  0.387  1.330 -0.011  1.483  0.045
   5 C    6  6.031  0.853  1.121  0.756  0.417  1.344 -0.031  1.526  0.046
   6 C    6  6.031  0.853  1.121  0.756  0.417  1.344 -0.031  1.526  0.046
   7 C    6  6.031  0.853  1.121  0.756  0.417  1.344 -0.031  1.526  0.046
   8 C    6  6.031  0.853  1.121  0.756  0.417  1.344 -0.031  1.526  0.046

 OVERLAP POPULATION CONDENSED TO ATOMS FOR FIRST   6 NEIGHBORS

 ATOM A   1 C    ATOM B     CELL      R(AB)/AU R(AB)/ANG    OVPOP(AB)
                  5 C    (  0  0  0)     2.828     1.497     0.308
                  3 C    (  1  0  1)     2.899     1.534     0.355
                  8 C    (  1  0  0)     2.937     1.554     0.306
                  4 C    (  0  0  0)     2.993     1.584     0.319
                  5 C    (  0 -1  0)     4.177     2.211    -0.096
                  7 C    (  1  0  1)     4.626     2.448    -0.012

 ATOM A   5 C    ATOM B     CELL      R(AB)/AU R(AB)/ANG    OVPOP(AB)
                  1 C    (  0  0  0)     2.828     1.497     0.308
                  6 C    (  0  0  0)     2.900     1.534     0.265
                  4 C    (  0  1  0)     2.937     1.554     0.306
                  8 C    (  1  1  0)     2.948     1.560     0.379
                  7 C    (  1  1  0)     4.135     2.188    -0.093
                  1 C    (  0  1  0)     4.177     2.211    -0.096
 TTTTTTTTTTTTTTTTTTTTTTTTTTTTTT AFTER FIRST TELAPSE      539.95 TCPU      537.92
 MMMMMMMMMMMMMMMMMMMMMMMMMMMMMMMMMMMMMMMMMMMMMMMMMMMMMMMMMMMMMMMMMMMMMMMMMMMMMMM
     ALPHA-BETA ELECTRONS
 MULLIKEN POPULATION ANALYSIS - NO. OF ELECTRONS    0.000000

  ATOM    Z CHARGE  A.O. POPULATION

   1 C    6  0.000 -0.000  0.000 -0.000  0.000  0.000 -0.000 -0.000 -0.000
                    0.000 -0.000  0.000 -0.000  0.000 -0.000  0.000 -0.000
                   -0.000  0.000
   2 C    6  0.000 -0.000  0.000 -0.000  0.000  0.000 -0.000 -0.000 -0.000
                    0.000 -0.000  0.000 -0.000  0.000 -0.000  0.000 -0.000
                   -0.000  0.000
   3 C    6  0.000 -0.000  0.000 -0.000  0.000  0.000 -0.000 -0.000 -0.000
                    0.000 -0.000  0.000 -0.000  0.000 -0.000  0.000 -0.000
                   -0.000  0.000
   4 C    6  0.000 -0.000  0.000 -0.000  0.000  0.000 -0.000 -0.000 -0.000
                    0.000 -0.000  0.000 -0.000  0.000 -0.000  0.000 -0.000
                   -0.000  0.000
   5 C    6 -0.000  0.000  0.000  0.000 -0.000 -0.000 -0.000  0.000 -0.000
                    0.000  0.000  0.000  0.000 -0.000  0.000  0.000  0.000
                   -0.000 -0.000
   6 C    6 -0.000  0.000  0.000  0.000 -0.000 -0.000 -0.000  0.000 -0.000
                    0.000  0.000  0.000  0.000 -0.000  0.000  0.000  0.000
                   -0.000 -0.000
   7 C    6 -0.000  0.000  0.000  0.000 -0.000 -0.000 -0.000  0.000 -0.000
                    0.000  0.000  0.000  0.000 -0.000  0.000  0.000  0.000
                   -0.000 -0.000
   8 C    6 -0.000  0.000  0.000  0.000 -0.000 -0.000 -0.000  0.000 -0.000
                    0.000  0.000  0.000  0.000 -0.000  0.000  0.000  0.000
                   -0.000 -0.000

  ATOM    Z CHARGE  SHELL POPULATION

   1 C    6  0.000 -0.000  0.000 -0.000  0.000 -0.000 -0.000  0.000  0.000
   2 C    6  0.000 -0.000  0.000 -0.000  0.000 -0.000 -0.000  0.000  0.000
   3 C    6  0.000 -0.000  0.000 -0.000  0.000 -0.000 -0.000  0.000  0.000
   4 C    6  0.000 -0.000  0.000 -0.000  0.000 -0.000 -0.000  0.000  0.000
   5 C    6 -0.000  0.000  0.000  0.000 -0.000 -0.000  0.000 -0.000  0.000
   6 C    6 -0.000  0.000  0.000  0.000 -0.000 -0.000  0.000 -0.000  0.000
   7 C    6 -0.000  0.000  0.000  0.000 -0.000 -0.000  0.000 -0.000  0.000
   8 C    6 -0.000  0.000  0.000  0.000 -0.000 -0.000  0.000 -0.000  0.000

 OVERLAP POPULATION CONDENSED TO ATOMS FOR FIRST   6 NEIGHBORS

 ATOM A   1 C    ATOM B     CELL      R(AB)/AU R(AB)/ANG    OVPOP(AB)
                  5 C    (  0  0  0)     2.828     1.497    -0.000
                  3 C    (  1  0  1)     2.899     1.534    -0.000
                  8 C    (  1  0  0)     2.937     1.554     0.000
                  4 C    (  0  0  0)     2.993     1.584    -0.000
                  5 C    (  0 -1  0)     4.177     2.211    -0.000
                  7 C    (  1  0  1)     4.626     2.448    -0.000

 ATOM A   5 C    ATOM B     CELL      R(AB)/AU R(AB)/ANG    OVPOP(AB)
                  1 C    (  0  0  0)     2.828     1.497    -0.000
                  6 C    (  0  0  0)     2.900     1.534     0.000
                  4 C    (  0  1  0)     2.937     1.554     0.000
                  8 C    (  1  1  0)     2.948     1.560     0.000
                  7 C    (  1  1  0)     4.135     2.188    -0.000
                  1 C    (  0  1  0)     4.177     2.211    -0.000
 EIGENVECTORS IN FORTRAN UNIT  8
 TTTTTTTTTTTTTTTTTTTTTTTTTTTTTT END         TELAPSE      540.29 TCPU      538.24
 EEEEEEEEEE TERMINATION  DATE 25 01 2026 TIME 00:50:23.1
NODE    0 CPU TIME =       538.243
NODE    1 CPU TIME =       538.867
NODE    2 CPU TIME =       539.031
NODE    3 CPU TIME =       538.911
NODE    4 CPU TIME =       538.975
NODE    5 CPU TIME =       538.853
NODE    6 CPU TIME =       538.445
NODE    7 CPU TIME =       538.846
NODE    8 CPU TIME =       538.850
NODE    9 CPU TIME =       538.841
NODE   10 CPU TIME =       539.063
NODE   11 CPU TIME =       539.103
NODE   12 CPU TIME =       538.960
NODE   13 CPU TIME =       538.884
NODE   14 CPU TIME =       538.915
NODE   15 CPU TIME =       538.916
NODE   16 CPU TIME =       538.968
NODE   17 CPU TIME =       538.743
NODE   18 CPU TIME =       539.016
NODE   19 CPU TIME =       538.909
NODE   20 CPU TIME =       538.936
NODE   21 CPU TIME =       538.993
NODE   22 CPU TIME =       538.872
NODE   23 CPU TIME =       538.775
NODE   24 CPU TIME =       538.957
NODE   25 CPU TIME =       538.804
NODE   26 CPU TIME =       538.903
NODE   27 CPU TIME =       538.827
NODE   28 CPU TIME =       538.791
NODE   29 CPU TIME =       538.602
NODE   30 CPU TIME =       538.794
NODE   31 CPU TIME =       538.637
    TOTAL CPU TIME =     17243.226
