MPI startup(): Warning: I_MPI_PMI_LIBRARY will be ignored since the hydra process manager was found
MPI startup(): Warning: I_MPI_PMI_LIBRARY will be ignored since the hydra process manager was found
MPI startup(): Warning: I_MPI_PMI_LIBRARY will be ignored since the hydra process manager was found
MPI startup(): Warning: I_MPI_PMI_LIBRARY will be ignored since the hydra process manager was found
MPI startup(): Warning: I_MPI_PMI_LIBRARY will be ignored since the hydra process manager was found
MPI startup(): Warning: I_MPI_PMI_LIBRARY will be ignored since the hydra process manager was found
MPI startup(): Warning: I_MPI_PMI_LIBRARY will be ignored since the hydra process manager was found
MPI startup(): Warning: I_MPI_PMI_LIBRARY will be ignored since the hydra process manager was found
MPI startup(): Warning: I_MPI_PMI_LIBRARY will be ignored since the hydra process manager was found
MPI startup(): Warning: I_MPI_PMI_LIBRARY will be ignored since the hydra process manager was found
MPI startup(): Warning: I_MPI_PMI_LIBRARY will be ignored since the hydra process manager was found
MPI startup(): Warning: I_MPI_PMI_LIBRARY will be ignored since the hydra process manager was found
MPI startup(): Warning: I_MPI_PMI_LIBRARY will be ignored since the hydra process manager was found
MPI startup(): Warning: I_MPI_PMI_LIBRARY will be ignored since the hydra process manager was found
MPI startup(): Warning: I_MPI_PMI_LIBRARY will be ignored since the hydra process manager was found
MPI startup(): Warning: I_MPI_PMI_LIBRARY will be ignored since the hydra process manager was found
MPI startup(): Warning: I_MPI_PMI_LIBRARY will be ignored since the hydra process manager was found
MPI startup(): Warning: I_MPI_PMI_LIBRARY will be ignored since the hydra process manager was found
MPI startup(): Warning: I_MPI_PMI_LIBRARY will be ignored since the hydra process manager was found
MPI startup(): Warning: I_MPI_PMI_LIBRARY will be ignored since the hydra process manager was found
MPI startup(): Warning: I_MPI_PMI_LIBRARY will be ignored since the hydra process manager was found
MPI startup(): Warning: I_MPI_PMI_LIBRARY will be ignored since the hydra process manager was found
MPI startup(): Warning: I_MPI_PMI_LIBRARY will be ignored since the hydra process manager was found
MPI startup(): Warning: I_MPI_PMI_LIBRARY will be ignored since the hydra process manager was found
MPI startup(): Warning: I_MPI_PMI_LIBRARY will be ignored since the hydra process manager was found
MPI startup(): Warning: I_MPI_PMI_LIBRARY will be ignored since the hydra process manager was found
MPI startup(): Warning: I_MPI_PMI_LIBRARY will be ignored since the hydra process manager was found
MPI startup(): Warning: I_MPI_PMI_LIBRARY will be ignored since the hydra process manager was found
MPI startup(): Warning: I_MPI_PMI_LIBRARY will be ignored since the hydra process manager was found
MPI startup(): Warning: I_MPI_PMI_LIBRARY will be ignored since the hydra process manager was found
MPI startup(): Warning: I_MPI_PMI_LIBRARY will be ignored since the hydra process manager was found
MPI startup(): Warning: I_MPI_PMI_LIBRARY will be ignored since the hydra process manager was found
 PROCESS            6  OF           32  WORKING
 PROCESS            7  OF           32  WORKING
 PROCESS           12  OF           32  WORKING
 PROCESS           14  OF           32  WORKING
 PROCESS            4  OF           32  WORKING
 PROCESS            5  OF           32  WORKING
 PROCESS            8  OF           32  WORKING
 PROCESS           11  OF           32  WORKING
 PROCESS           16  OF           32  WORKING
 PROCESS            2  OF           32  WORKING
 PROCESS           10  OF           32  WORKING
 PROCESS           13  OF           32  WORKING
 PROCESS           15  OF           32  WORKING
 PROCESS           17  OF           32  WORKING
 PROCESS           18  OF           32  WORKING
 PROCESS           19  OF           32  WORKING
 PROCESS           20  OF           32  WORKING
 PROCESS           21  OF           32  WORKING
 PROCESS           27  OF           32  WORKING
 PROCESS           29  OF           32  WORKING
 PROCESS           30  OF           32  WORKING
 PROCESS           31  OF           32  WORKING
 PROCESS           28  OF           32  WORKING
 PROCESS            0  OF           32  WORKING

         
 *******************************************************************************
 *                                                                             *
 *                               CRYSTAL23                                     *
 *                      public : 1.0.1 - October 2022                          *
 *                       HTTP://WWW.CRYSTAL.UNITO.IT                           *
 *                                                                             *
 *                              MAIN AUTHORS                                   *
 *                                                                             *
 *  R. DOVESI(1,11), V.R. SAUNDERS(2), C. ROETTI(1,11), R. ORLANDO(1,11),      *
 *  C.M. ZICOVICH-WILSON(1,3), F. PASCALE(4), B. CIVALLERI(1,11),              *
 *  K. DOLL(5), N.M. HARRISON(6), I.J. BUSH(7), Ph. D'ARCO(8),                 *
 *  M. LLUNELL(9), M. CAUSA'(10), Y. NOEL(8), L. MASCHIO(1,11), A. ERBA(1,11)  *
 *  M. RE'RAT(14), S. CASASSA(1,11), B.G. SEARLE(2), J.K. DESMARAIS(1)         *
 *                                                                             *
 *        CONTRIBUTIONS TO THE CODE HAVE ALSO BEEN GIVEN BY                    *
 *                                                                             *
 *  M. FERRABONE(1,11), M. DE LA PIERRE(1,11), M. FERRERO(1,11),               *
 *  J. BAIMA(1,11), E. ALBANESE(1,11), M.F. PEINTINGER(12), R. BAST(13),       *
 *  B. KIRTMAN(15), V. LACIVITA(1,11), R. DEMICHELIS(1,16)                     *
 *  G. BRANDEBURG(17), S. SALUSTRO(1,11), G. SANSONE(1,11)                     *
 *  M.T. RUGGIERO(18), L.E. DAGA(1), L. DONA'(1), A. COSSARD(1)                *
 *                                                                             *
 * (1) THEORETICAL CHEMISTRY GROUP - UNIVERSITA' DI TORINO - TORINO (ITALY)    *
 * (2) SCIENTIFIC COMPUTING DEPARTMENT - STFC DARESBURY (UK)                   *
 * (3) UNIVERSIDAD AUTONOMA DEL ESTADO DE MORELOS - CUERNAVACA (MEXICO)        *
 * (4) UNIVERSITE' DE LORRAINE - NANCY (FRANCE)                                *
 * (5) UNIVERSITAET STUTTGART- STUTTGART (GERMANY)                             *
 * (6) IMPERIAL COLLEGE - LONDON (UK)                                          *
 * (7) SCIENTIFIC COMPUTING DEPARTMENT - STFC RAL (UK)                         *
 * (8) UPMC - SORBONNE UNIVERSITES - PARIS (FRANCE)                            *
 * (9) UNIVERSIDAD DE BARCELONA - BARCELONA (SPAIN)                            *
 *(10) UNIVERSITA' DI NAPOLI "FEDERICO II" - NAPOLI (ITALY)                    *
 *(11) NIS - NANOSTRUCTURED INTERFACES AND SURFACES - TORINO (ITALY)           *
 *(12) MPI FUER CHEMISCHE ENERGIEKONVERSION - MUELHEIM AN DER RUHR (GERMANY)   *
 *(13) UNIVERSITY OF TROMSO - TROMSO (NORWAY)                                  *
 *(14) UNIVERSITE' DE PAU ET DES PAYS DE L'ADOUR - PAU (FRANCE)                *
 *(15) UNIVERSITY OF CALIFORNIA SANTA BARBARA - SANTA BARBARA (USA)            *
 *(16) CURTIN UNIVERSITY - PERTH (AUSTRALIA)                                   *
 *(17) UNIVERSITY COLLEGE LONDON - LONDON (UK)                                 *
 *(18) UNIVERSITY OF VERMONT - BURLINGTON (USA)                                *
 *                                                                             *
 *******************************************************************************
 EEEEEEEEEE STARTING  DATE 28 01 2026 TIME 18:34:18.5
 ./4^2T1151-HZ_rev1_sp_B3LYP-D3-D3_optimized                                     
 PROCESS            1  OF           32  WORKING
 PROCESS            3  OF           32  WORKING
 PROCESS           22  OF           32  WORKING
 PROCESS           23  OF           32  WORKING
 PROCESS           24  OF           32  WORKING
 PROCESS           25  OF           32  WORKING
 PROCESS           26  OF           32  WORKING
 PROCESS            9  OF           32  WORKING

 CRYSTAL CALCULATION
 (INPUT ACCORDING TO THE INTERNATIONAL TABLES FOR X-RAY CRYSTALLOGRAPHY)
 CRYSTAL FAMILY                       :  TETRAGONAL  
 CRYSTAL CLASS  (GROTH - 1921)        :  DITETRAGONAL DIPYRAMIDAL             

 SPACE GROUP (CENTROSYMMETRIC)        :  P 42/M N M      

 LATTICE PARAMETERS  (ANGSTROMS AND DEGREES) - CONVENTIONAL CELL
        A           B           C        ALPHA        BETA       GAMMA
     5.84423     5.84423     4.20222    90.00000    90.00000    90.00000


 NUMBER OF IRREDUCIBLE ATOMS IN THE CONVENTIONAL CELL:    2

 INPUT COORDINATES

 ATOM AT. N.              COORDINATES
   1   6     3.374142163234E-02 -3.260234639622E-01  1.858276499532E-01
   2   6     9.462481550923E-02 -9.462481550923E-02  3.173805375442E-01

 *******************************************************************************

 << INFORMATION >>: FROM NOW ON, ALL COORDINATES REFER TO THE PRIMITIVE CELL

 *******************************************************************************

 LATTICE PARAMETERS  (ANGSTROMS AND DEGREES) - PRIMITIVE CELL
       A          B          C        ALPHA      BETA     GAMMA        VOLUME
    5.84423    5.84423    4.20222    90.00000  90.00000  90.00000    143.527313

 COORDINATES OF THE EQUIVALENT ATOMS (FRACTIONAL UNITS)

 N. ATOM EQUIV AT. N.          X                  Y                  Z

   1   1   1    6 C     3.37414216323E-02 -3.26023463962E-01  1.85827649953E-01
   2   1   2    6 C    -3.37414216323E-02  3.26023463962E-01  1.85827649953E-01
   3   1   3    6 C    -4.66258578368E-01 -1.73976536038E-01  3.14172350047E-01
   4   1   4    6 C     4.66258578368E-01  1.73976536038E-01  3.14172350047E-01
   5   1   5    6 C     3.26023463962E-01 -3.37414216323E-02 -1.85827649953E-01
   6   1   6    6 C    -3.26023463962E-01  3.37414216323E-02 -1.85827649953E-01
   7   1   7    6 C     1.73976536038E-01  4.66258578368E-01 -3.14172350047E-01
   8   1   8    6 C    -1.73976536038E-01 -4.66258578368E-01 -3.14172350047E-01
   9   1   9    6 C    -3.37414216323E-02  3.26023463962E-01 -1.85827649953E-01
  10   1  10    6 C     3.37414216323E-02 -3.26023463962E-01 -1.85827649953E-01
  11   1  11    6 C     4.66258578368E-01  1.73976536038E-01 -3.14172350047E-01
  12   1  12    6 C    -4.66258578368E-01 -1.73976536038E-01 -3.14172350047E-01
  13   1  13    6 C    -3.26023463962E-01  3.37414216323E-02  1.85827649953E-01
  14   1  14    6 C     3.26023463962E-01 -3.37414216323E-02  1.85827649953E-01
  15   1  15    6 C    -1.73976536038E-01 -4.66258578368E-01  3.14172350047E-01
  16   1  16    6 C     1.73976536038E-01  4.66258578368E-01  3.14172350047E-01

  17   2   1    6 C     9.46248155092E-02 -9.46248155092E-02  3.17380537544E-01
  18   2   2    6 C    -9.46248155092E-02  9.46248155092E-02  3.17380537544E-01
  19   2   3    6 C    -4.05375184491E-01 -4.05375184491E-01  1.82619462456E-01
  20   2   4    6 C     4.05375184491E-01  4.05375184491E-01  1.82619462456E-01
  21   2   5    6 C     9.46248155092E-02 -9.46248155092E-02 -3.17380537544E-01
  22   2   6    6 C    -9.46248155092E-02  9.46248155092E-02 -3.17380537544E-01
  23   2   7    6 C     4.05375184491E-01  4.05375184491E-01 -1.82619462456E-01
  24   2   8    6 C    -4.05375184491E-01 -4.05375184491E-01 -1.82619462456E-01

 NUMBER OF SYMMETRY OPERATORS         :   16
 *******************************************************************************
 * GEOMETRY EDITING - INPUT COORDINATES ARE GIVEN IN ANGSTROM         
 *******************************************************************************

 GEOMETRY NOW FULLY CONSISTENT WITH THE GROUP

 GCALCO - MAX INDICES DIRECT LATTICE VECTOR    13    13    18
 NO.OF VECTORS CREATED 6999 STARS  526 RMAX   117.44557 BOHR

 GEOMETRY FOR WAVE FUNCTION - DIMENSIONALITY OF THE SYSTEM    3
 (NON PERIODIC DIRECTION: LATTICE PARAMETER FORMALLY SET TO 500)
 *******************************************************************************
 LATTICE PARAMETERS (ANGSTROMS AND DEGREES) - BOHR = 0.5291772083 ANGSTROM
 PRIMITIVE CELL - CENTRING CODE 1/0 VOLUME=   143.527313 - DENSITY  3.332 g/cm^3
         A              B              C           ALPHA      BETA       GAMMA 
     5.84423470     5.84423470     4.20222457    90.000000  90.000000  90.000000
 *******************************************************************************
 ATOMS IN THE ASYMMETRIC UNIT    2 - ATOMS IN THE UNIT CELL:   24
     ATOM                 X/A                 Y/B                 Z/C    
 *******************************************************************************
      1 T   6 C     3.374142163234E-02 -3.260234639622E-01  1.858276499532E-01
      2 F   6 C    -3.374142163234E-02  3.260234639622E-01  1.858276499532E-01
      3 F   6 C    -4.662585783677E-01 -1.739765360378E-01  3.141723500468E-01
      4 F   6 C     4.662585783677E-01  1.739765360378E-01  3.141723500468E-01
      5 F   6 C     3.260234639622E-01 -3.374142163234E-02 -1.858276499532E-01
      6 F   6 C    -3.260234639622E-01  3.374142163234E-02 -1.858276499532E-01
      7 F   6 C     1.739765360378E-01  4.662585783677E-01 -3.141723500468E-01
      8 F   6 C    -1.739765360378E-01 -4.662585783677E-01 -3.141723500468E-01
      9 F   6 C    -3.374142163234E-02  3.260234639622E-01 -1.858276499532E-01
     10 F   6 C     3.374142163234E-02 -3.260234639622E-01 -1.858276499532E-01
     11 F   6 C     4.662585783677E-01  1.739765360378E-01 -3.141723500468E-01
     12 F   6 C    -4.662585783677E-01 -1.739765360378E-01 -3.141723500468E-01
     13 F   6 C    -3.260234639622E-01  3.374142163234E-02  1.858276499532E-01
     14 F   6 C     3.260234639622E-01 -3.374142163234E-02  1.858276499532E-01
     15 F   6 C    -1.739765360378E-01 -4.662585783677E-01  3.141723500468E-01
     16 F   6 C     1.739765360378E-01  4.662585783677E-01  3.141723500468E-01
     17 T   6 C     9.462481550923E-02 -9.462481550923E-02  3.173805375442E-01
     18 F   6 C    -9.462481550923E-02  9.462481550923E-02  3.173805375442E-01
     19 F   6 C    -4.053751844908E-01 -4.053751844908E-01  1.826194624558E-01
     20 F   6 C     4.053751844908E-01  4.053751844908E-01  1.826194624558E-01
     21 F   6 C     9.462481550923E-02 -9.462481550923E-02 -3.173805375442E-01
     22 F   6 C    -9.462481550923E-02  9.462481550923E-02 -3.173805375442E-01
     23 F   6 C     4.053751844908E-01  4.053751844908E-01 -1.826194624558E-01
     24 F   6 C    -4.053751844908E-01 -4.053751844908E-01 -1.826194624558E-01

 T = ATOM BELONGING TO THE ASYMMETRIC UNIT

 ****   16 SYMMOPS - TRANSLATORS IN FRACTIONAL UNITS
 **** MATRICES AND TRANSLATORS IN THE CRYSTALLOGRAPHIC REFERENCE FRAME
   V INV                    ROTATION MATRICES                   TRANSLATORS
   1   1  1.00  0.00  0.00  0.00  1.00  0.00  0.00  0.00  1.00  0.00  0.00  0.00
   2   2 -1.00  0.00  0.00  0.00 -1.00  0.00  0.00  0.00  1.00  0.00  0.00  0.00
   3   3  1.00  0.00  0.00  0.00 -1.00  0.00  0.00  0.00 -1.00  0.50  0.50  0.50
   4   4 -1.00  0.00  0.00  0.00  1.00  0.00  0.00  0.00 -1.00  0.50  0.50  0.50
   5   5  0.00 -1.00  0.00 -1.00  0.00  0.00  0.00  0.00 -1.00  0.00  0.00  0.00
   6   6  0.00  1.00  0.00  1.00  0.00  0.00  0.00  0.00 -1.00  0.00  0.00  0.00
   7   8  0.00  1.00  0.00 -1.00  0.00  0.00  0.00  0.00  1.00  0.50  0.50  0.50
   8   7  0.00 -1.00  0.00  1.00  0.00  0.00  0.00  0.00  1.00  0.50  0.50  0.50
   9   9 -1.00  0.00  0.00  0.00 -1.00  0.00  0.00  0.00 -1.00  0.00  0.00  0.00
  10  10  1.00  0.00  0.00  0.00  1.00  0.00  0.00  0.00 -1.00  0.00  0.00  0.00
  11  11 -1.00  0.00  0.00  0.00  1.00  0.00  0.00  0.00  1.00  0.50  0.50  0.50
  12  12  1.00  0.00  0.00  0.00 -1.00  0.00  0.00  0.00  1.00  0.50  0.50  0.50
  13  13  0.00  1.00  0.00  1.00  0.00  0.00  0.00  0.00  1.00  0.00  0.00  0.00
  14  14  0.00 -1.00  0.00 -1.00  0.00  0.00  0.00  0.00  1.00  0.00  0.00  0.00
  15  16  0.00 -1.00  0.00  1.00  0.00  0.00  0.00  0.00 -1.00  0.50  0.50  0.50
  16  15  0.00  1.00  0.00 -1.00  0.00  0.00  0.00  0.00 -1.00  0.50  0.50  0.50

 DIRECT LATTICE VECTORS CARTESIAN COMPONENTS (ANGSTROM)
          X                    Y                    Z
   0.584423470000E+01   0.000000000000E+00   0.000000000000E+00
   0.000000000000E+00   0.584423470000E+01   0.000000000000E+00
   0.000000000000E+00   0.000000000000E+00   0.420222457000E+01


 CARTESIAN COORDINATES - PRIMITIVE CELL
 *******************************************************************************
 *      ATOM          X(ANGSTROM)         Y(ANGSTROM)         Z(ANGSTROM)
 *******************************************************************************
    1     6 C     1.971927871311E-01 -1.905357641102E+00  7.808895164187E-01
    2     6 C    -1.971927871311E-01  1.905357641102E+00  7.808895164187E-01
    3     6 C    -2.724924562869E+00 -1.016759708898E+00  1.320222768581E+00
    4     6 C     2.724924562869E+00  1.016759708898E+00  1.320222768581E+00
    5     6 C     1.905357641102E+00 -1.971927871311E-01 -7.808895164187E-01
    6     6 C    -1.905357641102E+00  1.971927871311E-01 -7.808895164187E-01
    7     6 C     1.016759708898E+00  2.724924562869E+00 -1.320222768581E+00
    8     6 C    -1.016759708898E+00 -2.724924562869E+00 -1.320222768581E+00
    9     6 C    -1.971927871311E-01  1.905357641102E+00 -7.808895164187E-01
   10     6 C     1.971927871311E-01 -1.905357641102E+00 -7.808895164187E-01
   11     6 C     2.724924562869E+00  1.016759708898E+00 -1.320222768581E+00
   12     6 C    -2.724924562869E+00 -1.016759708898E+00 -1.320222768581E+00
   13     6 C    -1.905357641102E+00  1.971927871311E-01  7.808895164187E-01
   14     6 C     1.905357641102E+00 -1.971927871311E-01  7.808895164187E-01
   15     6 C    -1.016759708898E+00 -2.724924562869E+00  1.320222768581E+00
   16     6 C     1.016759708898E+00  2.724924562869E+00  1.320222768581E+00
   17     6 C     5.530096302801E-01 -5.530096302801E-01  1.333704292908E+00
   18     6 C    -5.530096302801E-01  5.530096302801E-01  1.333704292908E+00
   19     6 C    -2.369107719720E+00 -2.369107719720E+00  7.674079920920E-01
   20     6 C     2.369107719720E+00  2.369107719720E+00  7.674079920920E-01
   21     6 C     5.530096302801E-01 -5.530096302801E-01 -1.333704292908E+00
   22     6 C    -5.530096302801E-01  5.530096302801E-01 -1.333704292908E+00
   23     6 C     2.369107719720E+00  2.369107719720E+00 -7.674079920920E-01
   24     6 C    -2.369107719720E+00 -2.369107719720E+00 -7.674079920920E-01

 *******************************************************************************
 LOCAL ATOMIC FUNCTIONS BASIS SET
 *******************************************************************************
   ATOM   X(AU)   Y(AU)   Z(AU)  N. TYPE  EXPONENT  S COEF   P COEF   D/F/G COEF
 *******************************************************************************
   1 C    0.373  -3.601   1.476
                                  1 S  
                                         1.358E+04 2.225E-04 0.000E+00 0.000E+00
                                         2.035E+03 1.723E-03 0.000E+00 0.000E+00
                                         4.632E+02 8.926E-03 0.000E+00 0.000E+00
                                         1.312E+02 3.573E-02 0.000E+00 0.000E+00
                                         4.285E+01 1.108E-01 0.000E+00 0.000E+00
                                         1.558E+01 2.430E-01 0.000E+00 0.000E+00
                                  2 S  
                                         6.207E+00 4.144E-01 0.000E+00 0.000E+00
                                         2.576E+00 2.374E-01 0.000E+00 0.000E+00
                                  3 S  
                                         4.941E-01 1.000E+00 0.000E+00 0.000E+00
                                  4 S  
                                         1.644E-01 1.000E+00 0.000E+00 0.000E+00
                           5-     7 P  
                                         3.470E+01 0.000E+00 5.333E-03 0.000E+00
                                         7.958E+00 0.000E+00 3.586E-02 0.000E+00
                                         2.378E+00 0.000E+00 1.422E-01 0.000E+00
                                         8.143E-01 0.000E+00 3.427E-01 0.000E+00
                           8-    10 P  
                                         5.662E-01 0.000E+00 1.000E+00 0.000E+00
                          11-    13 P  
                                         2.674E-01 0.000E+00 1.000E+00 0.000E+00
                          14-    18 D  
                                         8.792E-01 0.000E+00 0.000E+00 1.000E+00
   2 C   -0.373   3.601   1.476
   3 C   -5.149  -1.921   2.495
   4 C    5.149   1.921   2.495
   5 C    3.601  -0.373  -1.476
   6 C   -3.601   0.373  -1.476
   7 C    1.921   5.149  -2.495
   8 C   -1.921  -5.149  -2.495
   9 C   -0.373   3.601  -1.476
  10 C    0.373  -3.601  -1.476
  11 C    5.149   1.921  -2.495
  12 C   -5.149  -1.921  -2.495
  13 C   -3.601   0.373   1.476
  14 C    3.601  -0.373   1.476
  15 C   -1.921  -5.149   2.495
  16 C    1.921   5.149   2.495
  17 C    1.045  -1.045   2.520
  18 C   -1.045   1.045   2.520
  19 C   -4.477  -4.477   1.450
  20 C    4.477   4.477   1.450
  21 C    1.045  -1.045  -2.520
  22 C   -1.045   1.045  -2.520
  23 C    4.477   4.477  -1.450
  24 C   -4.477  -4.477  -1.450
 INFORMATION **** SET_MPP **** PCRYSTAL CALCULATION
 INFORMATION **** READM2 **** NEW DEFAULT: FOCK/KS MATRIX MIXING SET TO 30 %
 INFORMATION **** READM2 **** NEW DEFAULT: FULL DIRECT SCF MODE
 INFORMATION **** READM2 **** NEW DEFAULT: COULOMB BIPOLAR BUFFER SET TO 32 Mb
 INFORMATION **** READM2 **** NEW DEFAULT: EXCHANGE BIPOLAR BUFFER SET TO 32 Mb

 *******************************************************************************
 NEW DEFAULT: DFT INTEGRATION GRID INCREASED TO XLGRID
 NEW DEFAULT: DIIS ACCELERATOR ACTIVE
 USE KEYWORD NODIIS TO TURN IT OFF
 *******************************************************************************

 INFORMATION **** DFTD3_INPUT **** PERFORM LATEST DISPERSION CORRECTION DFT-D3(BJ) WITH AUTOMATIC PARAMETER SETUP
 PLEASE CITE:
 (1) DFT-D3 Reference
  S. Grimme, J. Antony, S. Ehrlich, and H. Krieg, J. Chem. Phys. 132 (2010), 154104
 (2) BJ-Damping Reference
  S. Grimme, S. Ehrlich, and L. Goerigk, J. Comput. Chem. 32 (2011), 1456-1465
 (3) General DFT-D Review
  S. Grimme, A. Hansen, J. G. Brandenburg, and C. Bannwarth,
  Chem. Rev. 116 (2016), 5105-5154

 INFORMATION **** TOLINTEG **** COULOMB AND EXCHANGE SERIES TOLERANCES MODIFIED
 INFORMATION **** TOLDEE **** SCF TOL ON TOTAL ENERGY SET TO           9
 INFORMATION **** READM2 **** FULL DIRECT SCF (MONO AND BIEL INT) SELECTED
 INFORMATION **** MAXCYCLE **** MAX NUMBER OF SCF CYCLES SET TO         800
 INFORMATION **** DIIS **** DIIS FOR SCF ACTIVE
 INFORMATION **** DIIS **** LEVEL SHIFTER DISABLED
 INFORMATION **** PPAN ****  MULLIKEN POPULATION ANALYSIS AT THE END OF SCF
 *******************************************************************************
 N. OF ATOMS PER CELL        24  COULOMB OVERLAP TOL         (T1) 10**   -8
 NUMBER OF SHELLS           192  COULOMB PENETRATION TOL     (T2) 10**   -8
 NUMBER OF AO               432  EXCHANGE OVERLAP TOL        (T3) 10**   -8
 N. OF ELECTRONS PER CELL   144  EXCHANGE PSEUDO OVP (F(G))  (T4) 10**   -9
 CORE ELECTRONS PER CELL     48  EXCHANGE PSEUDO OVP (P(G))  (T5) 10**  -24
 N. OF SYMMETRY OPERATORS    16  POLE ORDER IN MONO ZONE                  4
 *******************************************************************************
 TYPE OF CALCULATION :  UNRESTRICTED OPEN SHELL
 KOHN-SHAM HAMILTONIAN

 (EXCHANGE)[CORRELATION] FUNCTIONAL:(BECKE 88)[LEE-YANG-PARR]

 NON-LOCAL WEIGHTING FACTOR (EXCHANGE) =           0.9000
 NON-LOCAL WEIGHTING FACTOR [CORRELATION] =        0.8100

 HYBRID EXCHANGE - PERCENTAGE OF FOCK EXCHANGE    20.0000

 SPIN POLARIZED DFT SELECTED

 CAPPA:IS1 10;IS2 10;IS3 10; K PTS MONK NET 126; SYMMOPS:K SPACE  16;G SPACE  16

 *******************************************************************************
 MAX NUMBER OF SCF CYCLES     800  CONVERGENCE ON DELTAP        10**-19
 WEIGHT OF F(I) IN F(I+1)      30% CONVERGENCE ON ENERGY        10**- 9
 SHRINK. FACT.(MONKH.)   10 10 10  NUMBER OF K POINTS IN THE IBZ    126
 SHRINKING FACTOR(GILAT NET)   20  NUMBER OF K POINTS(GILAT NET)    726
 *******************************************************************************
 *** K POINTS COORDINATES (OBLIQUE COORDINATES IN UNITS OF IS = 10)
   1-R(  0  0  0)   2-C(  1  0  0)   3-C(  2  0  0)   4-C(  3  0  0)
   5-C(  4  0  0)   6-R(  5  0  0)   7-C(  1  1  0)   8-C(  2  1  0)
   9-C(  3  1  0)  10-C(  4  1  0)  11-C(  5  1  0)  12-C(  2  2  0)
  13-C(  3  2  0)  14-C(  4  2  0)  15-C(  5  2  0)  16-C(  3  3  0)
  17-C(  4  3  0)  18-C(  5  3  0)  19-C(  4  4  0)  20-C(  5  4  0)
  21-R(  5  5  0)  22-C(  0  0  1)  23-C(  1  0  1)  24-C(  2  0  1)
  25-C(  3  0  1)  26-C(  4  0  1)  27-C(  5  0  1)  28-C(  1  1  1)
  29-C(  2  1  1)  30-C(  3  1  1)  31-C(  4  1  1)  32-C(  5  1  1)
  33-C(  2  2  1)  34-C(  3  2  1)  35-C(  4  2  1)  36-C(  5  2  1)
  37-C(  3  3  1)  38-C(  4  3  1)  39-C(  5  3  1)  40-C(  4  4  1)
  41-C(  5  4  1)  42-C(  5  5  1)  43-C(  0  0  2)  44-C(  1  0  2)
  45-C(  2  0  2)  46-C(  3  0  2)  47-C(  4  0  2)  48-C(  5  0  2)
  49-C(  1  1  2)  50-C(  2  1  2)  51-C(  3  1  2)  52-C(  4  1  2)
  53-C(  5  1  2)  54-C(  2  2  2)  55-C(  3  2  2)  56-C(  4  2  2)
  57-C(  5  2  2)  58-C(  3  3  2)  59-C(  4  3  2)  60-C(  5  3  2)
  61-C(  4  4  2)  62-C(  5  4  2)  63-C(  5  5  2)  64-C(  0  0  3)
  65-C(  1  0  3)  66-C(  2  0  3)  67-C(  3  0  3)  68-C(  4  0  3)
  69-C(  5  0  3)  70-C(  1  1  3)  71-C(  2  1  3)  72-C(  3  1  3)
  73-C(  4  1  3)  74-C(  5  1  3)  75-C(  2  2  3)  76-C(  3  2  3)
  77-C(  4  2  3)  78-C(  5  2  3)  79-C(  3  3  3)  80-C(  4  3  3)
  81-C(  5  3  3)  82-C(  4  4  3)  83-C(  5  4  3)  84-C(  5  5  3)
  85-C(  0  0  4)  86-C(  1  0  4)  87-C(  2  0  4)  88-C(  3  0  4)
  89-C(  4  0  4)  90-C(  5  0  4)  91-C(  1  1  4)  92-C(  2  1  4)
  93-C(  3  1  4)  94-C(  4  1  4)  95-C(  5  1  4)  96-C(  2  2  4)
  97-C(  3  2  4)  98-C(  4  2  4)  99-C(  5  2  4) 100-C(  3  3  4)
 101-C(  4  3  4) 102-C(  5  3  4) 103-C(  4  4  4) 104-C(  5  4  4)
 105-C(  5  5  4) 106-R(  0  0  5) 107-C(  1  0  5) 108-C(  2  0  5)
 109-C(  3  0  5) 110-C(  4  0  5) 111-R(  5  0  5) 112-C(  1  1  5)
 113-C(  2  1  5) 114-C(  3  1  5) 115-C(  4  1  5) 116-C(  5  1  5)
 117-C(  2  2  5) 118-C(  3  2  5) 119-C(  4  2  5) 120-C(  5  2  5)
 121-C(  3  3  5) 122-C(  4  3  5) 123-C(  5  3  5) 124-C(  4  4  5)
 125-C(  5  4  5) 126-R(  5  5  5)

 DIRECT LATTICE VECTORS COMPON. (A.U.)     RECIP. LATTICE VECTORS COMPON. (A.U.) 
        X            Y            Z              X            Y            Z
   11.0440030    0.0000000    0.0000000      0.5689228    0.0000000    0.0000000
    0.0000000   11.0440030    0.0000000      0.0000000    0.5689228    0.0000000
    0.0000000    0.0000000    7.9410536      0.0000000    0.0000000    0.7912282

 DISK SPACE FOR EIGENVECTORS (FTN 10)    45909504 REALS

 SYMMETRY ADAPTION OF THE BLOCH FUNCTIONS ENABLED
 TTTTTTTTTTTTTTTTTTTTTTTTTTTTTT gordsh1     TELAPSE        1.33 TCPU        0.51

 MATRIX SIZE: P(G) 2712752, F(G)  309412, P(G) IRR   92788, F(G) IRR   21380
 MAX G-VECTOR INDEX FOR 1- AND 2-ELECTRON INTEGRALS 229

 TTTTTTTTTTTTTTTTTTTTTTTTTTTTTT INPUT       TELAPSE        1.34 TCPU        0.51

 NEIGHBORS OF THE NON-EQUIVALENT ATOMS

 N = NUMBER OF NEIGHBORS AT DISTANCE R
    ATOM  N     R/ANG      R/AU   NEIGHBORS (ATOM LABELS AND CELL INDICES)
   1 C    1     1.5037     2.8415   17 C    0 0 0
   1 C    2     1.5608     2.9496   15 C    0 0 0   16 C    0-1 0
   1 C    1     1.5618     2.9513   10 C    0 0 0
   1 C    1     2.0714     3.9144    2 C    0-1 0
   1 C    1     2.4157     4.5650   14 C    0 0 0
   1 C    1     2.5127     4.7483   21 C    0 0 1

  17 C    2     1.5037     2.8415    1 C    0 0 0   14 C    0 0 0
  17 C    1     1.5348     2.9004   21 C    0 0 1
  17 C    1     1.5641     2.9558   18 C    0 0 0
  17 C    1     2.1914     4.1411   22 C    0 0 1
  17 C    2     2.5127     4.7483    5 C    0 0 1   10 C    0 0 1
  17 C    2     2.5351     4.7907    5 C    0 0 0   10 C    0 0 0


 SYMMETRY ALLOWED INTERNAL DEGREE(S) OF FREEDOM:   5
 TTTTTTTTTTTTTTTTTTTTTTTTTTTTTT SYMM        TELAPSE        1.41 TCPU        0.57
 TTTTTTTTTTTTTTTTTTTTTTTTTTTTTT INT_SCREEN  TELAPSE        1.41 TCPU        0.58

 DFT PARAMETERS

     ATOM       ELECTRONS   NET CHARGE   R(ANGSTROM)
   1   6  C       6.0000      0.0000     0.77000000

 SIZE OF GRID=      40185
 TTTTTTTTTTTTTTTTTTTTTTTTTTTTTT MAKE_GRID2  TELAPSE        1.83 TCPU        1.00
 BECKE WEIGHT FUNCTION
 RADSAFE =     2.00
 TOLERANCES - DENSITY:10**- 6; POTENTIAL:10**- 9; GRID WGT:10**-14

 RADIAL INTEGRATION  - INTERVALS (POINTS,UPPER LIMIT):            1( 75,  4.0*R)

 ANGULAR INTEGRATION - INTERVALS (ACCURACY LEVEL [N. POINTS] UPPER LIMIT):
  1(  4[  86]   0.2)  2(  8[ 194]   0.5)  3( 12[ 350]   0.9)  4( 16[ 974]   3.5)
  5( 12[ 350]9999.0)
 TTTTTTTTTTTTTTTTTTTTTTTTTTTTTT INT_CALC    TELAPSE        1.85 TCPU        1.02
 EEEEEEEEEE INT_CALC TERMINATION  DATE 28 01 2026 TIME 18:34:19.4

 *******************************************************************************
 ./4^2T1151-HZ_rev1_sp_B3LYP-D3-D3_optimized                                     
 CRYSTAL - SCF - TYPE OF CALCULATION :  UNRESTRICTED OPEN SHELL
 *******************************************************************************

 CAPPA:IS1 10;IS2 10;IS3 10; K PTS MONK NET 126; SYMMOPS:K SPACE  16;G SPACE  16

 TTTTTTTTTTTTTTTTTTTTTTTTTTTTTT SDIK        TELAPSE        2.25 TCPU        1.42

 AAAAAAAAAAAAAAAAAAAAAAAAAAAAAAAAAAAAAAAAAAAAAAAAAAAAAAAAAAAAAAAAAAAAAAAAAAAAAAA
         ATOMIC WAVEFUNCTION(S)


 NUCLEAR CHARGE  6.0  SYMMETRY SPECIES            S    P
 N. ELECTRONS    6.0  NUMBER OF PRIMITIVE GTOS   10    6
                      NUMBER OF CONTRACTED GTOS   4    3
                      NUMBER OF CLOSED SHELLS     2    0
                      OPEN SHELL OCCUPATION       0    2

  ZNUC  SCFIT    TOTAL HF ENERGY   KINETIC ENERGY   VIRIAL THEOREM ACCURACY
   6.0    10    -3.766702350E+01  3.783137943E+01 -1.995655566E+00  1.6E-06

 AAAAAAAAAAAAAAAAAAAAAAAAAAAAAAAAAAAAAAAAAAAAAAAAAAAAAAAAAAAAAAAAAAAAAAAAAAAAAAA

 CHARGE NORMALIZATION FACTOR   1.00000000
 TOTAL ATOMIC CHARGES:
   6.0000000   6.0000000   6.0000000   6.0000000   6.0000000   6.0000000
   6.0000000   6.0000000   6.0000000   6.0000000   6.0000000   6.0000000
   6.0000000   6.0000000   6.0000000   6.0000000   6.0000000   6.0000000
   6.0000000   6.0000000   6.0000000   6.0000000   6.0000000   6.0000000
 SUMMED SPIN DENSITY           0.00000000
 TOTAL ATOMIC SPINS  :
   0.0000000   0.0000000   0.0000000   0.0000000   0.0000000   0.0000000
   0.0000000   0.0000000   0.0000000   0.0000000   0.0000000   0.0000000
   0.0000000   0.0000000   0.0000000   0.0000000   0.0000000   0.0000000
   0.0000000   0.0000000   0.0000000   0.0000000   0.0000000   0.0000000
 TTTTTTTTTTTTTTTTTTTTTTTTTTTTTT MOQGAD      TELAPSE        2.27 TCPU        1.43
 TTTTTTTTTTTTTTTTTTTTTTTTTTTTTT SHELLXN     TELAPSE       40.43 TCPU       39.58
 TTTTTTTTTTTTTTTTTTTTTTTTTTTTTT MONMO3      TELAPSE       40.47 TCPU       39.62
 NUMERICALLY INTEGRATED DENSITY     72.0000856842     72.0000856842
 TTTTTTTTTTTTTTTTTTTTTTTTTTTTTT NUMDFT      TELAPSE       41.01 TCPU       40.16
 CYC   0 ETOT(AU) -9.221294528668E+02 DETOT -9.22E+02 tst  0.00E+00 PX  1.00E+00
 TTTTTTTTTTTTTTTTTTTTTTTTTTTTTT DIIS        TELAPSE       41.14 TCPU       40.29
 TTTTTTTTTTTTTTTTTTTTTTTTTTTTTT FDIK        TELAPSE       45.70 TCPU       44.85

    ALPHA      ELECTRONS
 INSULATING STATE
 TOP OF VALENCE BANDS -    BAND     72; K    5; EIG -2.0829443E-01 AU
 TOP OF VALENCE BANDS -    BAND     72; K    1; EIG -2.4084183E-01 AU
 BOTTOM OF VIRTUAL BANDS - BAND     73; K    1; EIG -3.9780049E-02 AU
 INDIRECT ENERGY BAND GAP:   4.5855 eV

    BETA       ELECTRONS
 INSULATING STATE
 TOP OF VALENCE BANDS -    BAND     72; K    5; EIG -2.0829443E-01 AU
 TOP OF VALENCE BANDS -    BAND     72; K    1; EIG -2.4084183E-01 AU
 BOTTOM OF VIRTUAL BANDS - BAND     73; K    1; EIG -3.9780049E-02 AU
 INDIRECT ENERGY BAND GAP:   4.5855 eV
 TTTTTTTTTTTTTTTTTTTTTTTTTTTTTT PDIG        TELAPSE       46.12 TCPU       45.27
 CHARGE NORMALIZATION FACTOR   1.00000000
 TOTAL ATOMIC CHARGES:
   6.0013937   6.0013937   6.0013937   6.0013937   6.0013937   6.0013937
   6.0013937   6.0013937   6.0013937   6.0013937   6.0013937   6.0013937
   6.0013937   6.0013937   6.0013937   6.0013937   5.9972126   5.9972126
   5.9972126   5.9972126   5.9972126   5.9972126   5.9972126   5.9972126
 SUMMED SPIN DENSITY           0.00000000
 TOTAL ATOMIC SPINS  :
   0.0000000   0.0000000   0.0000000   0.0000000   0.0000000   0.0000000
   0.0000000   0.0000000   0.0000000   0.0000000   0.0000000   0.0000000
   0.0000000   0.0000000   0.0000000   0.0000000  -0.0000000  -0.0000000
  -0.0000000  -0.0000000  -0.0000000  -0.0000000  -0.0000000  -0.0000000
 TTTTTTTTTTTTTTTTTTTTTTTTTTTTTT MOQGAD      TELAPSE       46.14 TCPU       45.28
 TTTTTTTTTTTTTTTTTTTTTTTTTTTTTT SHELLXN     TELAPSE       86.42 TCPU       85.55
 TTTTTTTTTTTTTTTTTTTTTTTTTTTTTT MONMO3      TELAPSE       86.46 TCPU       85.59
 NUMERICALLY INTEGRATED DENSITY     72.0000421298     72.0000421298
 TTTTTTTTTTTTTTTTTTTTTTTTTTTTTT NUMDFT      TELAPSE       86.99 TCPU       86.11
 CYC   1 ETOT(AU) -9.140019555072E+02 DETOT  8.13E+00 tst  0.00E+00 PX  1.00E+00
 TTTTTTTTTTTTTTTTTTTTTTTTTTTTTT DIIS        TELAPSE       87.12 TCPU       86.24
 DIIS TEST: 0.35481E+00 AT SCF   CYCLE   1 - MIX   30 %
 TTTTTTTTTTTTTTTTTTTTTTTTTTTTTT FDIK        TELAPSE       89.28 TCPU       88.40

    ALPHA      ELECTRONS
 INSULATING STATE
 TOP OF VALENCE BANDS -    BAND     72; K    5; EIG -1.3570146E-01 AU
 TOP OF VALENCE BANDS -    BAND     72; K    1; EIG -1.6867666E-01 AU
 BOTTOM OF VIRTUAL BANDS - BAND     73; K    1; EIG  4.3931758E-02 AU
 INDIRECT ENERGY BAND GAP:   4.8881 eV

    BETA       ELECTRONS
 INSULATING STATE
 TOP OF VALENCE BANDS -    BAND     72; K    5; EIG -1.3570146E-01 AU
 TOP OF VALENCE BANDS -    BAND     72; K    1; EIG -1.6867666E-01 AU
 BOTTOM OF VIRTUAL BANDS - BAND     73; K    1; EIG  4.3931758E-02 AU
 INDIRECT ENERGY BAND GAP:   4.8881 eV
 TTTTTTTTTTTTTTTTTTTTTTTTTTTTTT PDIG        TELAPSE       89.70 TCPU       88.82
 CHARGE NORMALIZATION FACTOR   1.00000000
 TOTAL ATOMIC CHARGES:
   6.0189332   6.0189332   6.0189332   6.0189332   6.0189332   6.0189332
   6.0189332   6.0189332   6.0189332   6.0189332   6.0189332   6.0189332
   6.0189332   6.0189332   6.0189332   6.0189332   5.9621336   5.9621336
   5.9621336   5.9621336   5.9621336   5.9621336   5.9621336   5.9621336
 SUMMED SPIN DENSITY          -0.00000000
 TOTAL ATOMIC SPINS  :
  -0.0000000  -0.0000000  -0.0000000  -0.0000000  -0.0000000  -0.0000000
  -0.0000000  -0.0000000  -0.0000000  -0.0000000  -0.0000000  -0.0000000
  -0.0000000  -0.0000000  -0.0000000  -0.0000000   0.0000000   0.0000000
   0.0000000   0.0000000   0.0000000   0.0000000   0.0000000   0.0000000
 TTTTTTTTTTTTTTTTTTTTTTTTTTTTTT MOQGAD      TELAPSE       89.71 TCPU       88.83
 TTTTTTTTTTTTTTTTTTTTTTTTTTTTTT SHELLXN     TELAPSE      130.01 TCPU      129.12
 TTTTTTTTTTTTTTTTTTTTTTTTTTTTTT MONMO3      TELAPSE      130.05 TCPU      129.15
 NUMERICALLY INTEGRATED DENSITY     72.0000448420     72.0000448420
 TTTTTTTTTTTTTTTTTTTTTTTTTTTTTT NUMDFT      TELAPSE      130.58 TCPU      129.69
 CYC   2 ETOT(AU) -9.140408920187E+02 DETOT -3.89E-02 tst  1.63E-04 PX  7.10E-02
 TTTTTTTTTTTTTTTTTTTTTTTTTTTTTT DIIS        TELAPSE      130.72 TCPU      129.82
 DIIS TEST: 0.36045E-01 AT SCF   CYCLE   2 - DIIS ACTIVE - HISTORY:     2 CYCLES
 TTTTTTTTTTTTTTTTTTTTTTTTTTTTTT FDIK        TELAPSE      132.87 TCPU      131.97

    ALPHA      ELECTRONS
 INSULATING STATE
 TOP OF VALENCE BANDS -    BAND     72; K    5; EIG -1.1316893E-01 AU
 TOP OF VALENCE BANDS -    BAND     72; K    1; EIG -1.4625800E-01 AU
 BOTTOM OF VIRTUAL BANDS - BAND     73; K    1; EIG  8.1293597E-02 AU
 INDIRECT ENERGY BAND GAP:   5.2916 eV

    BETA       ELECTRONS
 INSULATING STATE
 TOP OF VALENCE BANDS -    BAND     72; K    5; EIG -1.1316893E-01 AU
 TOP OF VALENCE BANDS -    BAND     72; K    1; EIG -1.4625800E-01 AU
 BOTTOM OF VIRTUAL BANDS - BAND     73; K    1; EIG  8.1293597E-02 AU
 INDIRECT ENERGY BAND GAP:   5.2916 eV
 TTTTTTTTTTTTTTTTTTTTTTTTTTTTTT PDIG        TELAPSE      133.29 TCPU      132.39
 CHARGE NORMALIZATION FACTOR   1.00000000
 TOTAL ATOMIC CHARGES:
   6.0041868   6.0041868   6.0041868   6.0041868   6.0041868   6.0041868
   6.0041868   6.0041868   6.0041868   6.0041868   6.0041868   6.0041868
   6.0041868   6.0041868   6.0041868   6.0041868   5.9916265   5.9916265
   5.9916265   5.9916265   5.9916265   5.9916265   5.9916265   5.9916265
 SUMMED SPIN DENSITY           0.00000000
 TOTAL ATOMIC SPINS  :
  -0.0000000  -0.0000000  -0.0000000  -0.0000000  -0.0000000  -0.0000000
  -0.0000000  -0.0000000  -0.0000000  -0.0000000  -0.0000000  -0.0000000
  -0.0000000  -0.0000000  -0.0000000  -0.0000000   0.0000000   0.0000000
   0.0000000   0.0000000   0.0000000   0.0000000   0.0000000   0.0000000
 TTTTTTTTTTTTTTTTTTTTTTTTTTTTTT MOQGAD      TELAPSE      133.31 TCPU      132.40
 TTTTTTTTTTTTTTTTTTTTTTTTTTTTTT SHELLXN     TELAPSE      173.93 TCPU      173.01
 TTTTTTTTTTTTTTTTTTTTTTTTTTTTTT MONMO3      TELAPSE      173.97 TCPU      173.05
 NUMERICALLY INTEGRATED DENSITY     72.0000450652     72.0000450652
 TTTTTTTTTTTTTTTTTTTTTTTTTTTTTT NUMDFT      TELAPSE      174.57 TCPU      173.66
 CYC   3 ETOT(AU) -9.140424096741E+02 DETOT -1.52E-03 tst  6.66E-05 PX  2.07E-02
 TTTTTTTTTTTTTTTTTTTTTTTTTTTTTT DIIS        TELAPSE      174.71 TCPU      173.79
 DIIS TEST: 0.32830E-01 AT SCF   CYCLE   3 - DIIS ACTIVE - HISTORY:     3 CYCLES
 TTTTTTTTTTTTTTTTTTTTTTTTTTTTTT FDIK        TELAPSE      176.79 TCPU      175.87

    ALPHA      ELECTRONS
 INSULATING STATE
 TOP OF VALENCE BANDS -    BAND     72; K    5; EIG -1.1450257E-01 AU
 TOP OF VALENCE BANDS -    BAND     72; K    1; EIG -1.4631671E-01 AU
 BOTTOM OF VIRTUAL BANDS - BAND     73; K    1; EIG  7.9311890E-02 AU
 INDIRECT ENERGY BAND GAP:   5.2740 eV

    BETA       ELECTRONS
 INSULATING STATE
 TOP OF VALENCE BANDS -    BAND     72; K    5; EIG -1.1450257E-01 AU
 TOP OF VALENCE BANDS -    BAND     72; K    1; EIG -1.4631671E-01 AU
 BOTTOM OF VIRTUAL BANDS - BAND     73; K    1; EIG  7.9311890E-02 AU
 INDIRECT ENERGY BAND GAP:   5.2740 eV
 TTTTTTTTTTTTTTTTTTTTTTTTTTTTTT PDIG        TELAPSE      177.23 TCPU      176.31
 CHARGE NORMALIZATION FACTOR   1.00000000
 TOTAL ATOMIC CHARGES:
   6.0157292   6.0157292   6.0157292   6.0157292   6.0157292   6.0157292
   6.0157292   6.0157292   6.0157292   6.0157292   6.0157292   6.0157292
   6.0157292   6.0157292   6.0157292   6.0157292   5.9685416   5.9685416
   5.9685416   5.9685416   5.9685416   5.9685416   5.9685416   5.9685416
 SUMMED SPIN DENSITY          -0.00000000
 TOTAL ATOMIC SPINS  :
  -0.0000000  -0.0000000  -0.0000000  -0.0000000  -0.0000000  -0.0000000
  -0.0000000  -0.0000000  -0.0000000  -0.0000000  -0.0000000  -0.0000000
  -0.0000000  -0.0000000  -0.0000000  -0.0000000   0.0000000   0.0000000
   0.0000000   0.0000000   0.0000000   0.0000000   0.0000000   0.0000000
 TTTTTTTTTTTTTTTTTTTTTTTTTTTTTT MOQGAD      TELAPSE      177.25 TCPU      176.32
 TTTTTTTTTTTTTTTTTTTTTTTTTTTTTT SHELLXN     TELAPSE      219.79 TCPU      218.85
 TTTTTTTTTTTTTTTTTTTTTTTTTTTTTT MONMO3      TELAPSE      219.83 TCPU      218.89
 NUMERICALLY INTEGRATED DENSITY     72.0000449072     72.0000449072
 TTTTTTTTTTTTTTTTTTTTTTTTTTTTTT NUMDFT      TELAPSE      220.36 TCPU      219.42
 CYC   4 ETOT(AU) -9.140434845118E+02 DETOT -1.07E-03 tst  1.10E-05 PX  4.56E-03
 TTTTTTTTTTTTTTTTTTTTTTTTTTTTTT DIIS        TELAPSE      220.50 TCPU      219.56
 DIIS TEST: 0.33786E-02 AT SCF   CYCLE   4 - DIIS ACTIVE - HISTORY:     4 CYCLES
 TTTTTTTTTTTTTTTTTTTTTTTTTTTTTT FDIK        TELAPSE      222.77 TCPU      221.82

    ALPHA      ELECTRONS
 INSULATING STATE
 TOP OF VALENCE BANDS -    BAND     72; K    5; EIG -1.1420888E-01 AU
 TOP OF VALENCE BANDS -    BAND     72; K    1; EIG -1.4629218E-01 AU
 BOTTOM OF VIRTUAL BANDS - BAND     73; K    1; EIG  7.9510526E-02 AU
 INDIRECT ENERGY BAND GAP:   5.2714 eV

    BETA       ELECTRONS
 INSULATING STATE
 TOP OF VALENCE BANDS -    BAND     72; K    5; EIG -1.1420888E-01 AU
 TOP OF VALENCE BANDS -    BAND     72; K    1; EIG -1.4629218E-01 AU
 BOTTOM OF VIRTUAL BANDS - BAND     73; K    1; EIG  7.9510526E-02 AU
 INDIRECT ENERGY BAND GAP:   5.2714 eV
 TTTTTTTTTTTTTTTTTTTTTTTTTTTTTT PDIG        TELAPSE      223.22 TCPU      222.27
 CHARGE NORMALIZATION FACTOR   1.00000000
 TOTAL ATOMIC CHARGES:
   6.0131688   6.0131688   6.0131688   6.0131688   6.0131688   6.0131688
   6.0131688   6.0131688   6.0131688   6.0131688   6.0131688   6.0131688
   6.0131688   6.0131688   6.0131688   6.0131688   5.9736625   5.9736625
   5.9736625   5.9736625   5.9736625   5.9736625   5.9736625   5.9736625
 SUMMED SPIN DENSITY          -0.00000000
 TOTAL ATOMIC SPINS  :
   0.0000000   0.0000000   0.0000000   0.0000000   0.0000000   0.0000000
   0.0000000   0.0000000   0.0000000   0.0000000   0.0000000   0.0000000
   0.0000000   0.0000000   0.0000000   0.0000000  -0.0000000  -0.0000000
  -0.0000000  -0.0000000  -0.0000000  -0.0000000  -0.0000000  -0.0000000
 TTTTTTTTTTTTTTTTTTTTTTTTTTTTTT MOQGAD      TELAPSE      223.23 TCPU      222.29
 TTTTTTTTTTTTTTTTTTTTTTTTTTTTTT SHELLXN     TELAPSE      265.94 TCPU      264.98
 TTTTTTTTTTTTTTTTTTTTTTTTTTTTTT MONMO3      TELAPSE      265.98 TCPU      265.02
 NUMERICALLY INTEGRATED DENSITY     72.0000449465     72.0000449465
 TTTTTTTTTTTTTTTTTTTTTTTTTTTTTT NUMDFT      TELAPSE      266.52 TCPU      265.56
 CYC   5 ETOT(AU) -9.140436011904E+02 DETOT -1.17E-04 tst  7.54E-07 PX  2.01E-03
 TTTTTTTTTTTTTTTTTTTTTTTTTTTTTT DIIS        TELAPSE      266.66 TCPU      265.69
 DIIS TEST: 0.16338E-03 AT SCF   CYCLE   5 - DIIS ACTIVE - HISTORY:     5 CYCLES
 TTTTTTTTTTTTTTTTTTTTTTTTTTTTTT FDIK        TELAPSE      268.91 TCPU      267.94

    ALPHA      ELECTRONS
 INSULATING STATE
 TOP OF VALENCE BANDS -    BAND     72; K    5; EIG -1.1427580E-01 AU
 TOP OF VALENCE BANDS -    BAND     72; K    1; EIG -1.4635881E-01 AU
 BOTTOM OF VIRTUAL BANDS - BAND     73; K    1; EIG  7.9458826E-02 AU
 INDIRECT ENERGY BAND GAP:   5.2718 eV

    BETA       ELECTRONS
 INSULATING STATE
 TOP OF VALENCE BANDS -    BAND     72; K    5; EIG -1.1427580E-01 AU
 TOP OF VALENCE BANDS -    BAND     72; K    1; EIG -1.4635881E-01 AU
 BOTTOM OF VIRTUAL BANDS - BAND     73; K    1; EIG  7.9458826E-02 AU
 INDIRECT ENERGY BAND GAP:   5.2718 eV
 TTTTTTTTTTTTTTTTTTTTTTTTTTTTTT PDIG        TELAPSE      269.35 TCPU      268.38
 CHARGE NORMALIZATION FACTOR   1.00000000
 TOTAL ATOMIC CHARGES:
   6.0135104   6.0135104   6.0135104   6.0135104   6.0135104   6.0135104
   6.0135104   6.0135104   6.0135104   6.0135104   6.0135104   6.0135104
   6.0135104   6.0135104   6.0135104   6.0135104   5.9729792   5.9729792
   5.9729792   5.9729792   5.9729792   5.9729792   5.9729792   5.9729792
 SUMMED SPIN DENSITY          -0.00000000
 TOTAL ATOMIC SPINS  :
   0.0000000   0.0000000   0.0000000   0.0000000   0.0000000   0.0000000
   0.0000000   0.0000000   0.0000000   0.0000000   0.0000000   0.0000000
   0.0000000   0.0000000   0.0000000   0.0000000  -0.0000000  -0.0000000
  -0.0000000  -0.0000000  -0.0000000  -0.0000000  -0.0000000  -0.0000000
 TTTTTTTTTTTTTTTTTTTTTTTTTTTTTT MOQGAD      TELAPSE      269.36 TCPU      268.39
 TTTTTTTTTTTTTTTTTTTTTTTTTTTTTT SHELLXN     TELAPSE      312.08 TCPU      311.10
 TTTTTTTTTTTTTTTTTTTTTTTTTTTTTT MONMO3      TELAPSE      312.12 TCPU      311.14
 NUMERICALLY INTEGRATED DENSITY     72.0000449604     72.0000449604
 TTTTTTTTTTTTTTTTTTTTTTTTTTTTTT NUMDFT      TELAPSE      312.66 TCPU      311.68
 CYC   6 ETOT(AU) -9.140436057923E+02 DETOT -4.60E-06 tst  3.93E-08 PX  5.24E-04
 TTTTTTTTTTTTTTTTTTTTTTTTTTTTTT DIIS        TELAPSE      312.80 TCPU      311.82
 DIIS TEST: 0.92116E-06 AT SCF   CYCLE   6 - DIIS ACTIVE - HISTORY:     6 CYCLES
 TTTTTTTTTTTTTTTTTTTTTTTTTTTTTT FDIK        TELAPSE      314.99 TCPU      314.01

    ALPHA      ELECTRONS
 INSULATING STATE
 TOP OF VALENCE BANDS -    BAND     72; K    5; EIG -1.1431463E-01 AU
 TOP OF VALENCE BANDS -    BAND     72; K    1; EIG -1.4639394E-01 AU
 BOTTOM OF VIRTUAL BANDS - BAND     73; K    1; EIG  7.9423519E-02 AU
 INDIRECT ENERGY BAND GAP:   5.2719 eV

    BETA       ELECTRONS
 INSULATING STATE
 TOP OF VALENCE BANDS -    BAND     72; K    5; EIG -1.1431463E-01 AU
 TOP OF VALENCE BANDS -    BAND     72; K    1; EIG -1.4639394E-01 AU
 BOTTOM OF VIRTUAL BANDS - BAND     73; K    1; EIG  7.9423519E-02 AU
 INDIRECT ENERGY BAND GAP:   5.2719 eV
 TTTTTTTTTTTTTTTTTTTTTTTTTTTTTT PDIG        TELAPSE      315.43 TCPU      314.45
 CHARGE NORMALIZATION FACTOR   1.00000000
 TOTAL ATOMIC CHARGES:
   6.0134828   6.0134828   6.0134828   6.0134828   6.0134828   6.0134828
   6.0134828   6.0134828   6.0134828   6.0134828   6.0134828   6.0134828
   6.0134828   6.0134828   6.0134828   6.0134828   5.9730345   5.9730345
   5.9730345   5.9730345   5.9730345   5.9730345   5.9730345   5.9730345
 SUMMED SPIN DENSITY           0.00000000
 TOTAL ATOMIC SPINS  :
   0.0000000   0.0000000   0.0000000   0.0000000   0.0000000   0.0000000
   0.0000000   0.0000000   0.0000000   0.0000000   0.0000000   0.0000000
   0.0000000   0.0000000   0.0000000   0.0000000  -0.0000000  -0.0000000
  -0.0000000  -0.0000000  -0.0000000  -0.0000000  -0.0000000  -0.0000000
 TTTTTTTTTTTTTTTTTTTTTTTTTTTTTT MOQGAD      TELAPSE      315.45 TCPU      314.46
 TTTTTTTTTTTTTTTTTTTTTTTTTTTTTT SHELLXN     TELAPSE      358.12 TCPU      357.12
 TTTTTTTTTTTTTTTTTTTTTTTTTTTTTT MONMO3      TELAPSE      358.16 TCPU      357.16
 NUMERICALLY INTEGRATED DENSITY     72.0000449601     72.0000449601
 TTTTTTTTTTTTTTTTTTTTTTTTTTTTTT NUMDFT      TELAPSE      358.70 TCPU      357.69
 CYC   7 ETOT(AU) -9.140436057857E+02 DETOT  6.58E-09 tst  2.41E-10 PX  2.18E-05
 TTTTTTTTTTTTTTTTTTTTTTTTTTTTTT DIIS        TELAPSE      358.85 TCPU      357.85
 DIIS TEST: 0.25979E-07 AT SCF   CYCLE   7 - DIIS ACTIVE - HISTORY:     7 CYCLES
 TTTTTTTTTTTTTTTTTTTTTTTTTTTTTT FDIK        TELAPSE      361.05 TCPU      360.04

    ALPHA      ELECTRONS
 INSULATING STATE
 TOP OF VALENCE BANDS -    BAND     72; K    5; EIG -1.1432497E-01 AU
 TOP OF VALENCE BANDS -    BAND     72; K    1; EIG -1.4640461E-01 AU
 BOTTOM OF VIRTUAL BANDS - BAND     73; K    1; EIG  7.9411584E-02 AU
 INDIRECT ENERGY BAND GAP:   5.2718 eV

    BETA       ELECTRONS
 INSULATING STATE
 TOP OF VALENCE BANDS -    BAND     72; K    5; EIG -1.1432497E-01 AU
 TOP OF VALENCE BANDS -    BAND     72; K    1; EIG -1.4640461E-01 AU
 BOTTOM OF VIRTUAL BANDS - BAND     73; K    1; EIG  7.9411584E-02 AU
 INDIRECT ENERGY BAND GAP:   5.2718 eV
 TTTTTTTTTTTTTTTTTTTTTTTTTTTTTT PDIG        TELAPSE      361.49 TCPU      360.48
 CHARGE NORMALIZATION FACTOR   1.00000000
 TOTAL ATOMIC CHARGES:
   6.0134896   6.0134896   6.0134896   6.0134896   6.0134896   6.0134896
   6.0134896   6.0134896   6.0134896   6.0134896   6.0134896   6.0134896
   6.0134896   6.0134896   6.0134896   6.0134896   5.9730209   5.9730209
   5.9730209   5.9730209   5.9730209   5.9730209   5.9730209   5.9730209
 SUMMED SPIN DENSITY          -0.00000000
 TOTAL ATOMIC SPINS  :
   0.0000000   0.0000000   0.0000000   0.0000000   0.0000000   0.0000000
   0.0000000   0.0000000   0.0000000   0.0000000   0.0000000   0.0000000
   0.0000000   0.0000000   0.0000000   0.0000000  -0.0000000  -0.0000000
  -0.0000000  -0.0000000  -0.0000000  -0.0000000  -0.0000000  -0.0000000
 TTTTTTTTTTTTTTTTTTTTTTTTTTTTTT MOQGAD      TELAPSE      361.50 TCPU      360.49
 TTTTTTTTTTTTTTTTTTTTTTTTTTTTTT SHELLXN     TELAPSE      404.19 TCPU      403.17
 TTTTTTTTTTTTTTTTTTTTTTTTTTTTTT MONMO3      TELAPSE      404.23 TCPU      403.21
 NUMERICALLY INTEGRATED DENSITY     72.0000449602     72.0000449602
 TTTTTTTTTTTTTTTTTTTTTTTTTTTTTT NUMDFT      TELAPSE      404.77 TCPU      403.74
 CYC   8 ETOT(AU) -9.140436057850E+02 DETOT  7.61E-10 tst  7.41E-12 PX  4.80E-06
 TTTTTTTTTTTTTTTTTTTTTTTTTTTTTT DIIS        TELAPSE      404.91 TCPU      403.88
 DIIS TEST: 0.91782E-09 AT SCF   CYCLE   8 - DIIS ACTIVE - HISTORY:     8 CYCLES
 TTTTTTTTTTTTTTTTTTTTTTTTTTTTTT FDIK        TELAPSE      406.98 TCPU      405.95

    ALPHA      ELECTRONS
 INSULATING STATE
 TOP OF VALENCE BANDS -    BAND     72; K    5; EIG -1.1432479E-01 AU
 TOP OF VALENCE BANDS -    BAND     72; K    1; EIG -1.4640444E-01 AU
 BOTTOM OF VIRTUAL BANDS - BAND     73; K    1; EIG  7.9412001E-02 AU
 INDIRECT ENERGY BAND GAP:   5.2718 eV

    BETA       ELECTRONS
 INSULATING STATE
 TOP OF VALENCE BANDS -    BAND     72; K    5; EIG -1.1432479E-01 AU
 TOP OF VALENCE BANDS -    BAND     72; K    1; EIG -1.4640444E-01 AU
 BOTTOM OF VIRTUAL BANDS - BAND     73; K    1; EIG  7.9412001E-02 AU
 INDIRECT ENERGY BAND GAP:   5.2718 eV
 TTTTTTTTTTTTTTTTTTTTTTTTTTTTTT PDIG        TELAPSE      407.42 TCPU      406.39
 CHARGE NORMALIZATION FACTOR   1.00000000
 TOTAL ATOMIC CHARGES:
   6.0134887   6.0134887   6.0134887   6.0134887   6.0134887   6.0134887
   6.0134887   6.0134887   6.0134887   6.0134887   6.0134887   6.0134887
   6.0134887   6.0134887   6.0134887   6.0134887   5.9730225   5.9730225
   5.9730225   5.9730225   5.9730225   5.9730225   5.9730225   5.9730225
 SUMMED SPIN DENSITY          -0.00000000
 TOTAL ATOMIC SPINS  :
   0.0000000   0.0000000   0.0000000   0.0000000   0.0000000   0.0000000
   0.0000000   0.0000000   0.0000000   0.0000000   0.0000000   0.0000000
   0.0000000   0.0000000   0.0000000   0.0000000  -0.0000000  -0.0000000
  -0.0000000  -0.0000000  -0.0000000  -0.0000000  -0.0000000  -0.0000000
 TTTTTTTTTTTTTTTTTTTTTTTTTTTTTT MOQGAD      TELAPSE      407.43 TCPU      406.40
 TTTTTTTTTTTTTTTTTTTTTTTTTTTTTT SHELLXN     TELAPSE      450.01 TCPU      448.96
 +++ ENERGIES IN A.U. +++
 ::: EXT EL-POLE                                  -4.4930172777209E+03
 ::: EXT EL-SPHEROPOLE                             3.9036257243198E+01
 ::: BIELET ZONE E-E                               4.6220519526101E+03
 ::: TOTAL E-E                                     1.6807093213247E+02
 ::: TOTAL E-N + N-E                              -1.5620488475096E+03
 ::: TOTAL N-N                                    -3.2568556566201E+02
 ::: KINETIC ENERGY                                9.1139256831265E+02
 ::: PSEUDO TOTAL   ENERGY                        -8.0827091272649E+02
 ::: VIRIAL COEFFICIENT                            1.0599661833395E+00
 TTTTTTTTTTTTTTTTTTTTTTTTTTTTTT MONMO3      TELAPSE      450.05 TCPU      449.00
 NUMERICALLY INTEGRATED DENSITY     72.0000449602     72.0000449602
 EXCHANGE ENERGY: -0.996626897616E+02  CORRELATION ENERGY: -0.611000329633E+01
 TTTTTTTTTTTTTTTTTTTTTTTTTTTTTT NUMDFT      TELAPSE      450.58 TCPU      449.54
 CYC   9 ETOT(AU) -9.140436057845E+02 DETOT  4.99E-10 tst  4.60E-13 PX  4.80E-06

 == SCF ENDED - CONVERGENCE ON ENERGY      E(AU) -9.1404360578446E+02 CYCLES   9


 ENERGY EXPRESSION=HARTREE+FOCK EXCH*0.20000+(BECKE      EXCH)*0.80000+LYP        CORR


 TOTAL ENERGY(DFT)(AU)(  9) -9.1404360578446E+02 DE 5.0E-10 tester 4.6E-13
 TTTTTTTTTTTTTTTTTTTTTTTTTTTTTT EDFT        TELAPSE      450.60 TCPU      449.55
 
 INFORMATION **** DFTD3 ENERGY **** CALCULATE DFTD3 ENERGY

           DFT-D V3(BJ)
 DF                                         b3-lyp    
 parameters
 s6       :    1.0000
 s8       :    1.9889
 a1       :    0.3981
 a2       :    4.4211
 k1 k3    :   16.0000   -4.0000
 Cutoff   :   50.2022
 CN-Cutoff:   21.1671
 ABC-Cutoff:   21.1671
 
 Edisp /kcal,au:  -161.2525 -0.25697222

 E6    /kcal :   -77.4667
 E8    /kcal :   -83.7858
 
 INFORMATION **** DFTD3 ENERGY **** NORMAL TERMINATION OF DFTD3 MODULE

 *******************************************************************************

 DFT-D3 DISPERSION ENERGY CORRECTION

 D3 DISPERSION ENERGY (AU)       -2.5697221506806E-01
 TOTAL ENERGY + DISP (AU)        -9.1430057799953E+02

 *******************************************************************************


 NEIGHBORS OF THE NON-EQUIVALENT ATOMS

 N = NUMBER OF NEIGHBORS AT DISTANCE R
    ATOM  N     R/ANG      R/AU   NEIGHBORS (ATOM LABELS AND CELL INDICES)
   1 C    1     1.5037     2.8415   17 C    0 0 0
   1 C    2     1.5608     2.9496   15 C    0 0 0   16 C    0-1 0
   1 C    1     1.5618     2.9513   10 C    0 0 0
   1 C    1     2.0714     3.9144    2 C    0-1 0
   1 C    1     2.4157     4.5650   14 C    0 0 0
   1 C    1     2.5127     4.7483   21 C    0 0 1

  17 C    2     1.5037     2.8415    1 C    0 0 0   14 C    0 0 0
  17 C    1     1.5348     2.9004   21 C    0 0 1
  17 C    1     1.5641     2.9558   18 C    0 0 0
  17 C    1     2.1914     4.1411   22 C    0 0 1
  17 C    2     2.5127     4.7483    5 C    0 0 1   10 C    0 0 1
  17 C    2     2.5351     4.7907    5 C    0 0 0   10 C    0 0 0

 TTTTTTTTTTTTTTTTTTTTTTTTTTTTTT AFTER FIRST TELAPSE      450.81 TCPU      449.70
 MMMMMMMMMMMMMMMMMMMMMMMMMMMMMMMMMMMMMMMMMMMMMMMMMMMMMMMMMMMMMMMMMMMMMMMMMMMMMMM
     ALPHA+BETA ELECTRONS
 MULLIKEN POPULATION ANALYSIS - NO. OF ELECTRONS  144.000000

  ATOM    Z CHARGE  A.O. POPULATION

   1 C    6  6.013  0.853  1.120  0.755  0.433  0.438  0.453  0.439 -0.015
                   -0.011 -0.005  0.523  0.500  0.485  0.012  0.006  0.008
                    0.009  0.011
   2 C    6  6.013  0.853  1.120  0.755  0.433  0.438  0.453  0.439 -0.015
                   -0.011 -0.005  0.523  0.500  0.485  0.012  0.006  0.008
                    0.009  0.011
   3 C    6  6.013  0.853  1.120  0.755  0.433  0.438  0.453  0.439 -0.015
                   -0.011 -0.005  0.523  0.500  0.485  0.012  0.006  0.008
                    0.009  0.011
   4 C    6  6.013  0.853  1.120  0.755  0.433  0.438  0.453  0.439 -0.015
                   -0.011 -0.005  0.523  0.500  0.485  0.012  0.006  0.008
                    0.009  0.011
   5 C    6  6.013  0.853  1.120  0.755  0.433  0.453  0.438  0.439 -0.011
                   -0.015 -0.005  0.500  0.523  0.485  0.012  0.008  0.006
                    0.009  0.011
   6 C    6  6.013  0.853  1.120  0.755  0.433  0.453  0.438  0.439 -0.011
                   -0.015 -0.005  0.500  0.523  0.485  0.012  0.008  0.006
                    0.009  0.011
   7 C    6  6.013  0.853  1.120  0.755  0.433  0.453  0.438  0.439 -0.011
                   -0.015 -0.005  0.500  0.523  0.485  0.012  0.008  0.006
                    0.009  0.011
   8 C    6  6.013  0.853  1.120  0.755  0.433  0.453  0.438  0.439 -0.011
                   -0.015 -0.005  0.500  0.523  0.485  0.012  0.008  0.006
                    0.009  0.011
   9 C    6  6.013  0.853  1.120  0.755  0.433  0.438  0.453  0.439 -0.015
                   -0.011 -0.005  0.523  0.500  0.485  0.012  0.006  0.008
                    0.009  0.011
  10 C    6  6.013  0.853  1.120  0.755  0.433  0.438  0.453  0.439 -0.015
                   -0.011 -0.005  0.523  0.500  0.485  0.012  0.006  0.008
                    0.009  0.011
  11 C    6  6.013  0.853  1.120  0.755  0.433  0.438  0.453  0.439 -0.015
                   -0.011 -0.005  0.523  0.500  0.485  0.012  0.006  0.008
                    0.009  0.011
  12 C    6  6.013  0.853  1.120  0.755  0.433  0.438  0.453  0.439 -0.015
                   -0.011 -0.005  0.523  0.500  0.485  0.012  0.006  0.008
                    0.009  0.011
  13 C    6  6.013  0.853  1.120  0.755  0.433  0.453  0.438  0.439 -0.011
                   -0.015 -0.005  0.500  0.523  0.485  0.012  0.008  0.006
                    0.009  0.011
  14 C    6  6.013  0.853  1.120  0.755  0.433  0.453  0.438  0.439 -0.011
                   -0.015 -0.005  0.500  0.523  0.485  0.012  0.008  0.006
                    0.009  0.011
  15 C    6  6.013  0.853  1.120  0.755  0.433  0.453  0.438  0.439 -0.011
                   -0.015 -0.005  0.500  0.523  0.485  0.012  0.008  0.006
                    0.009  0.011
  16 C    6  6.013  0.853  1.120  0.755  0.433  0.453  0.438  0.439 -0.011
                   -0.015 -0.005  0.500  0.523  0.485  0.012  0.008  0.006
                    0.009  0.011
  17 C    6  5.973  0.853  1.120  0.768  0.352  0.449  0.449  0.454 -0.001
                   -0.001 -0.006  0.494  0.494  0.500  0.012  0.007  0.007
                    0.009  0.011
  18 C    6  5.973  0.853  1.120  0.768  0.352  0.449  0.449  0.454 -0.001
                   -0.001 -0.006  0.494  0.494  0.500  0.012  0.007  0.007
                    0.009  0.011
  19 C    6  5.973  0.853  1.120  0.768  0.352  0.449  0.449  0.454 -0.001
                   -0.001 -0.006  0.494  0.494  0.500  0.012  0.007  0.007
                    0.009  0.011
  20 C    6  5.973  0.853  1.120  0.768  0.352  0.449  0.449  0.454 -0.001
                   -0.001 -0.006  0.494  0.494  0.500  0.012  0.007  0.007
                    0.009  0.011
  21 C    6  5.973  0.853  1.120  0.768  0.352  0.449  0.449  0.454 -0.001
                   -0.001 -0.006  0.494  0.494  0.500  0.012  0.007  0.007
                    0.009  0.011
  22 C    6  5.973  0.853  1.120  0.768  0.352  0.449  0.449  0.454 -0.001
                   -0.001 -0.006  0.494  0.494  0.500  0.012  0.007  0.007
                    0.009  0.011
  23 C    6  5.973  0.853  1.120  0.768  0.352  0.449  0.449  0.454 -0.001
                   -0.001 -0.006  0.494  0.494  0.500  0.012  0.007  0.007
                    0.009  0.011
  24 C    6  5.973  0.853  1.120  0.768  0.352  0.449  0.449  0.454 -0.001
                   -0.001 -0.006  0.494  0.494  0.500  0.012  0.007  0.007
                    0.009  0.011

  ATOM    Z CHARGE  SHELL POPULATION

   1 C    6  6.013  0.853  1.120  0.755  0.433  1.330 -0.031  1.508  0.046
   2 C    6  6.013  0.853  1.120  0.755  0.433  1.330 -0.031  1.508  0.046
   3 C    6  6.013  0.853  1.120  0.755  0.433  1.330 -0.031  1.508  0.046
   4 C    6  6.013  0.853  1.120  0.755  0.433  1.330 -0.031  1.508  0.046
   5 C    6  6.013  0.853  1.120  0.755  0.433  1.330 -0.031  1.508  0.046
   6 C    6  6.013  0.853  1.120  0.755  0.433  1.330 -0.031  1.508  0.046
   7 C    6  6.013  0.853  1.120  0.755  0.433  1.330 -0.031  1.508  0.046
   8 C    6  6.013  0.853  1.120  0.755  0.433  1.330 -0.031  1.508  0.046
   9 C    6  6.013  0.853  1.120  0.755  0.433  1.330 -0.031  1.508  0.046
  10 C    6  6.013  0.853  1.120  0.755  0.433  1.330 -0.031  1.508  0.046
  11 C    6  6.013  0.853  1.120  0.755  0.433  1.330 -0.031  1.508  0.046
  12 C    6  6.013  0.853  1.120  0.755  0.433  1.330 -0.031  1.508  0.046
  13 C    6  6.013  0.853  1.120  0.755  0.433  1.330 -0.031  1.508  0.046
  14 C    6  6.013  0.853  1.120  0.755  0.433  1.330 -0.031  1.508  0.046
  15 C    6  6.013  0.853  1.120  0.755  0.433  1.330 -0.031  1.508  0.046
  16 C    6  6.013  0.853  1.120  0.755  0.433  1.330 -0.031  1.508  0.046
  17 C    6  5.973  0.853  1.120  0.768  0.352  1.351 -0.007  1.489  0.046
  18 C    6  5.973  0.853  1.120  0.768  0.352  1.351 -0.007  1.489  0.046
  19 C    6  5.973  0.853  1.120  0.768  0.352  1.351 -0.007  1.489  0.046
  20 C    6  5.973  0.853  1.120  0.768  0.352  1.351 -0.007  1.489  0.046
  21 C    6  5.973  0.853  1.120  0.768  0.352  1.351 -0.007  1.489  0.046
  22 C    6  5.973  0.853  1.120  0.768  0.352  1.351 -0.007  1.489  0.046
  23 C    6  5.973  0.853  1.120  0.768  0.352  1.351 -0.007  1.489  0.046
  24 C    6  5.973  0.853  1.120  0.768  0.352  1.351 -0.007  1.489  0.046

 OVERLAP POPULATION CONDENSED TO ATOMS FOR FIRST   6 NEIGHBORS

 ATOM A   1 C    ATOM B     CELL      R(AB)/AU R(AB)/ANG    OVPOP(AB)
                 17 C    (  0  0  0)     2.842     1.504     0.319
                 15 C    (  0  0  0)     2.950     1.561     0.322
                 10 C    (  0  0  0)     2.951     1.562     0.330
                  2 C    (  0 -1  0)     3.914     2.071    -0.105
                 14 C    (  0  0  0)     4.565     2.416    -0.006
                 21 C    (  0  0  1)     4.748     2.513    -0.011

 ATOM A  17 C    ATOM B     CELL      R(AB)/AU R(AB)/ANG    OVPOP(AB)
                  1 C    (  0  0  0)     2.842     1.504     0.319
                 21 C    (  0  0  1)     2.900     1.535     0.360
                 18 C    (  0  0  0)     2.956     1.564     0.322
                 22 C    (  0  0  1)     4.141     2.191    -0.081
                  5 C    (  0  0  1)     4.748     2.513    -0.011
                  5 C    (  0  0  0)     4.791     2.535    -0.021
 TTTTTTTTTTTTTTTTTTTTTTTTTTTTTT AFTER FIRST TELAPSE      451.05 TCPU      449.76
 MMMMMMMMMMMMMMMMMMMMMMMMMMMMMMMMMMMMMMMMMMMMMMMMMMMMMMMMMMMMMMMMMMMMMMMMMMMMMMM
     ALPHA-BETA ELECTRONS
 MULLIKEN POPULATION ANALYSIS - NO. OF ELECTRONS   -0.000000

  ATOM    Z CHARGE  A.O. POPULATION

   1 C    6  0.000  0.000  0.000 -0.000  0.000  0.000 -0.000 -0.000 -0.000
                    0.000  0.000  0.000 -0.000 -0.000 -0.000  0.000 -0.000
                    0.000  0.000
   2 C    6  0.000  0.000  0.000 -0.000  0.000  0.000 -0.000 -0.000 -0.000
                    0.000  0.000  0.000 -0.000 -0.000 -0.000  0.000 -0.000
                    0.000  0.000
   3 C    6  0.000  0.000  0.000 -0.000  0.000  0.000 -0.000 -0.000 -0.000
                    0.000  0.000  0.000 -0.000 -0.000 -0.000  0.000 -0.000
                    0.000  0.000
   4 C    6  0.000  0.000  0.000 -0.000  0.000  0.000 -0.000 -0.000 -0.000
                    0.000  0.000  0.000 -0.000 -0.000 -0.000  0.000 -0.000
                    0.000  0.000
   5 C    6  0.000  0.000  0.000 -0.000  0.000 -0.000  0.000 -0.000  0.000
                   -0.000  0.000 -0.000  0.000 -0.000 -0.000 -0.000  0.000
                    0.000  0.000
   6 C    6  0.000  0.000  0.000 -0.000  0.000 -0.000  0.000 -0.000  0.000
                   -0.000  0.000 -0.000  0.000 -0.000 -0.000 -0.000  0.000
                    0.000  0.000
   7 C    6  0.000  0.000  0.000 -0.000  0.000 -0.000  0.000 -0.000  0.000
                   -0.000  0.000 -0.000  0.000 -0.000 -0.000 -0.000  0.000
                    0.000  0.000
   8 C    6  0.000  0.000  0.000 -0.000  0.000 -0.000  0.000 -0.000  0.000
                   -0.000  0.000 -0.000  0.000 -0.000 -0.000 -0.000  0.000
                    0.000  0.000
   9 C    6  0.000  0.000  0.000 -0.000  0.000  0.000 -0.000 -0.000 -0.000
                    0.000  0.000  0.000 -0.000 -0.000 -0.000  0.000 -0.000
                    0.000  0.000
  10 C    6  0.000  0.000  0.000 -0.000  0.000  0.000 -0.000 -0.000 -0.000
                    0.000  0.000  0.000 -0.000 -0.000 -0.000  0.000 -0.000
                    0.000  0.000
  11 C    6  0.000  0.000  0.000 -0.000  0.000  0.000 -0.000 -0.000 -0.000
                    0.000  0.000  0.000 -0.000 -0.000 -0.000  0.000 -0.000
                    0.000  0.000
  12 C    6  0.000  0.000  0.000 -0.000  0.000  0.000 -0.000 -0.000 -0.000
                    0.000  0.000  0.000 -0.000 -0.000 -0.000  0.000 -0.000
                    0.000  0.000
  13 C    6  0.000  0.000  0.000 -0.000  0.000 -0.000  0.000 -0.000  0.000
                   -0.000  0.000 -0.000  0.000 -0.000 -0.000 -0.000  0.000
                    0.000  0.000
  14 C    6  0.000  0.000  0.000 -0.000  0.000 -0.000  0.000 -0.000  0.000
                   -0.000  0.000 -0.000  0.000 -0.000 -0.000 -0.000  0.000
                    0.000  0.000
  15 C    6  0.000  0.000  0.000 -0.000  0.000 -0.000  0.000 -0.000  0.000
                   -0.000  0.000 -0.000  0.000 -0.000 -0.000 -0.000  0.000
                    0.000  0.000
  16 C    6  0.000  0.000  0.000 -0.000  0.000 -0.000  0.000 -0.000  0.000
                   -0.000  0.000 -0.000  0.000 -0.000 -0.000 -0.000  0.000
                    0.000  0.000
  17 C    6 -0.000  0.000 -0.000  0.000 -0.000  0.000  0.000 -0.000  0.000
                    0.000  0.000 -0.000 -0.000  0.000 -0.000  0.000  0.000
                    0.000 -0.000
  18 C    6 -0.000  0.000 -0.000  0.000 -0.000  0.000  0.000 -0.000  0.000
                    0.000  0.000 -0.000 -0.000  0.000 -0.000  0.000  0.000
                    0.000 -0.000
  19 C    6 -0.000  0.000 -0.000  0.000 -0.000  0.000  0.000 -0.000  0.000
                    0.000  0.000 -0.000 -0.000  0.000 -0.000  0.000  0.000
                    0.000 -0.000
  20 C    6 -0.000  0.000 -0.000  0.000 -0.000  0.000  0.000 -0.000  0.000
                    0.000  0.000 -0.000 -0.000  0.000 -0.000  0.000  0.000
                    0.000 -0.000
  21 C    6 -0.000  0.000 -0.000  0.000 -0.000  0.000  0.000 -0.000  0.000
                    0.000  0.000 -0.000 -0.000  0.000 -0.000  0.000  0.000
                    0.000 -0.000
  22 C    6 -0.000  0.000 -0.000  0.000 -0.000  0.000  0.000 -0.000  0.000
                    0.000  0.000 -0.000 -0.000  0.000 -0.000  0.000  0.000
                    0.000 -0.000
  23 C    6 -0.000  0.000 -0.000  0.000 -0.000  0.000  0.000 -0.000  0.000
                    0.000  0.000 -0.000 -0.000  0.000 -0.000  0.000  0.000
                    0.000 -0.000
  24 C    6 -0.000  0.000 -0.000  0.000 -0.000  0.000  0.000 -0.000  0.000
                    0.000  0.000 -0.000 -0.000  0.000 -0.000  0.000  0.000
                    0.000 -0.000

  ATOM    Z CHARGE  SHELL POPULATION

   1 C    6  0.000  0.000  0.000 -0.000  0.000 -0.000  0.000 -0.000  0.000
   2 C    6  0.000  0.000  0.000 -0.000  0.000 -0.000  0.000 -0.000  0.000
   3 C    6  0.000  0.000  0.000 -0.000  0.000 -0.000  0.000 -0.000  0.000
   4 C    6  0.000  0.000  0.000 -0.000  0.000 -0.000  0.000 -0.000  0.000
   5 C    6  0.000  0.000  0.000 -0.000  0.000 -0.000  0.000 -0.000  0.000
   6 C    6  0.000  0.000  0.000 -0.000  0.000 -0.000  0.000 -0.000  0.000
   7 C    6  0.000  0.000  0.000 -0.000  0.000 -0.000  0.000 -0.000  0.000
   8 C    6  0.000  0.000  0.000 -0.000  0.000 -0.000  0.000 -0.000  0.000
   9 C    6  0.000  0.000  0.000 -0.000  0.000 -0.000  0.000 -0.000  0.000
  10 C    6  0.000  0.000  0.000 -0.000  0.000 -0.000  0.000 -0.000  0.000
  11 C    6  0.000  0.000  0.000 -0.000  0.000 -0.000  0.000 -0.000  0.000
  12 C    6  0.000  0.000  0.000 -0.000  0.000 -0.000  0.000 -0.000  0.000
  13 C    6  0.000  0.000  0.000 -0.000  0.000 -0.000  0.000 -0.000  0.000
  14 C    6  0.000  0.000  0.000 -0.000  0.000 -0.000  0.000 -0.000  0.000
  15 C    6  0.000  0.000  0.000 -0.000  0.000 -0.000  0.000 -0.000  0.000
  16 C    6  0.000  0.000  0.000 -0.000  0.000 -0.000  0.000 -0.000  0.000
  17 C    6 -0.000  0.000 -0.000  0.000 -0.000 -0.000  0.000  0.000  0.000
  18 C    6 -0.000  0.000 -0.000  0.000 -0.000 -0.000  0.000  0.000  0.000
  19 C    6 -0.000  0.000 -0.000  0.000 -0.000 -0.000  0.000  0.000  0.000
  20 C    6 -0.000  0.000 -0.000  0.000 -0.000 -0.000  0.000  0.000  0.000
  21 C    6 -0.000  0.000 -0.000  0.000 -0.000 -0.000  0.000  0.000  0.000
  22 C    6 -0.000  0.000 -0.000  0.000 -0.000 -0.000  0.000  0.000  0.000
  23 C    6 -0.000  0.000 -0.000  0.000 -0.000 -0.000  0.000  0.000  0.000
  24 C    6 -0.000  0.000 -0.000  0.000 -0.000 -0.000  0.000  0.000  0.000

 OVERLAP POPULATION CONDENSED TO ATOMS FOR FIRST   6 NEIGHBORS

 ATOM A   1 C    ATOM B     CELL      R(AB)/AU R(AB)/ANG    OVPOP(AB)
                 17 C    (  0  0  0)     2.842     1.504     0.000
                 15 C    (  0  0  0)     2.950     1.561    -0.000
                 10 C    (  0  0  0)     2.951     1.562     0.000
                  2 C    (  0 -1  0)     3.914     2.071     0.000
                 14 C    (  0  0  0)     4.565     2.416     0.000
                 21 C    (  0  0  1)     4.748     2.513    -0.000

 ATOM A  17 C    ATOM B     CELL      R(AB)/AU R(AB)/ANG    OVPOP(AB)
                  1 C    (  0  0  0)     2.842     1.504     0.000
                 21 C    (  0  0  1)     2.900     1.535     0.000
                 18 C    (  0  0  0)     2.956     1.564     0.000
                 22 C    (  0  0  1)     4.141     2.191    -0.000
                  5 C    (  0  0  1)     4.748     2.513    -0.000
                  5 C    (  0  0  0)     4.791     2.535    -0.000
 EIGENVECTORS IN FORTRAN UNIT 10
 TTTTTTTTTTTTTTTTTTTTTTTTTTTTTT END         TELAPSE      451.48 TCPU      450.13
 EEEEEEEEEE TERMINATION  DATE 28 01 2026 TIME 18:41:49.1
NODE    0 CPU TIME =       450.126
NODE    1 CPU TIME =       450.395
NODE    2 CPU TIME =       450.400
NODE    3 CPU TIME =       450.410
NODE    4 CPU TIME =       450.343
NODE    5 CPU TIME =       450.246
NODE    6 CPU TIME =       450.456
NODE    7 CPU TIME =       450.189
NODE    8 CPU TIME =       450.473
NODE    9 CPU TIME =       450.290
NODE   10 CPU TIME =       450.419
NODE   11 CPU TIME =       450.269
NODE   12 CPU TIME =       450.498
NODE   13 CPU TIME =       450.172
NODE   14 CPU TIME =       450.351
NODE   15 CPU TIME =       450.520
NODE   16 CPU TIME =       450.326
NODE   17 CPU TIME =       450.366
NODE   18 CPU TIME =       450.484
NODE   19 CPU TIME =       450.313
NODE   20 CPU TIME =       450.461
NODE   21 CPU TIME =       450.374
NODE   22 CPU TIME =       450.361
NODE   23 CPU TIME =       450.345
NODE   24 CPU TIME =       450.440
NODE   25 CPU TIME =       450.400
NODE   26 CPU TIME =       450.465
NODE   27 CPU TIME =       450.325
NODE   28 CPU TIME =       450.332
NODE   29 CPU TIME =       450.341
NODE   30 CPU TIME =       450.214
NODE   31 CPU TIME =       450.082
    TOTAL CPU TIME =     14411.188
