MPI startup(): Warning: I_MPI_PMI_LIBRARY will be ignored since the hydra process manager was found
MPI startup(): Warning: I_MPI_PMI_LIBRARY will be ignored since the hydra process manager was found
MPI startup(): Warning: I_MPI_PMI_LIBRARY will be ignored since the hydra process manager was found
MPI startup(): Warning: I_MPI_PMI_LIBRARY will be ignored since the hydra process manager was found
MPI startup(): Warning: I_MPI_PMI_LIBRARY will be ignored since the hydra process manager was found
MPI startup(): Warning: I_MPI_PMI_LIBRARY will be ignored since the hydra process manager was found
MPI startup(): Warning: I_MPI_PMI_LIBRARY will be ignored since the hydra process manager was found
MPI startup(): Warning: I_MPI_PMI_LIBRARY will be ignored since the hydra process manager was found
MPI startup(): Warning: I_MPI_PMI_LIBRARY will be ignored since the hydra process manager was found
MPI startup(): Warning: I_MPI_PMI_LIBRARY will be ignored since the hydra process manager was found
MPI startup(): Warning: I_MPI_PMI_LIBRARY will be ignored since the hydra process manager was found
MPI startup(): Warning: I_MPI_PMI_LIBRARY will be ignored since the hydra process manager was found
MPI startup(): Warning: I_MPI_PMI_LIBRARY will be ignored since the hydra process manager was found
MPI startup(): Warning: I_MPI_PMI_LIBRARY will be ignored since the hydra process manager was found
MPI startup(): Warning: I_MPI_PMI_LIBRARY will be ignored since the hydra process manager was found
MPI startup(): Warning: I_MPI_PMI_LIBRARY will be ignored since the hydra process manager was found
MPI startup(): Warning: I_MPI_PMI_LIBRARY will be ignored since the hydra process manager was found
MPI startup(): Warning: I_MPI_PMI_LIBRARY will be ignored since the hydra process manager was found
MPI startup(): Warning: I_MPI_PMI_LIBRARY will be ignored since the hydra process manager was found
MPI startup(): Warning: I_MPI_PMI_LIBRARY will be ignored since the hydra process manager was found
MPI startup(): Warning: I_MPI_PMI_LIBRARY will be ignored since the hydra process manager was found
MPI startup(): Warning: I_MPI_PMI_LIBRARY will be ignored since the hydra process manager was found
MPI startup(): Warning: I_MPI_PMI_LIBRARY will be ignored since the hydra process manager was found
MPI startup(): Warning: I_MPI_PMI_LIBRARY will be ignored since the hydra process manager was found
MPI startup(): Warning: I_MPI_PMI_LIBRARY will be ignored since the hydra process manager was found
MPI startup(): Warning: I_MPI_PMI_LIBRARY will be ignored since the hydra process manager was found
MPI startup(): Warning: I_MPI_PMI_LIBRARY will be ignored since the hydra process manager was found
MPI startup(): Warning: I_MPI_PMI_LIBRARY will be ignored since the hydra process manager was found
MPI startup(): Warning: I_MPI_PMI_LIBRARY will be ignored since the hydra process manager was found
MPI startup(): Warning: I_MPI_PMI_LIBRARY will be ignored since the hydra process manager was found
MPI startup(): Warning: I_MPI_PMI_LIBRARY will be ignored since the hydra process manager was found
MPI startup(): Warning: I_MPI_PMI_LIBRARY will be ignored since the hydra process manager was found
 PROCESS           20  OF           32  WORKING
 PROCESS           21  OF           32  WORKING
 PROCESS           22  OF           32  WORKING
 PROCESS            1  OF           32  WORKING
 PROCESS           16  OF           32  WORKING
 PROCESS           23  OF           32  WORKING
 PROCESS           29  OF           32  WORKING
 PROCESS           11  OF           32  WORKING
 PROCESS            2  OF           32  WORKING
 PROCESS            6  OF           32  WORKING
 PROCESS            7  OF           32  WORKING
 PROCESS           19  OF           32  WORKING
 PROCESS           30  OF           32  WORKING
 PROCESS           26  OF           32  WORKING
 PROCESS           12  OF           32  WORKING
 PROCESS            8  OF           32  WORKING
 PROCESS           14  OF           32  WORKING
 PROCESS           17  OF           32  WORKING
 PROCESS           13  OF           32  WORKING
 PROCESS           18  OF           32  WORKING
 PROCESS            4  OF           32  WORKING
 PROCESS            3  OF           32  WORKING
 PROCESS            5  OF           32  WORKING
 PROCESS           24  OF           32  WORKING
 PROCESS           15  OF           32  WORKING
 PROCESS           10  OF           32  WORKING
 PROCESS           27  OF           32  WORKING
 PROCESS           28  OF           32  WORKING
 PROCESS           25  OF           32  WORKING
 PROCESS           31  OF           32  WORKING
 PROCESS            0  OF           32  WORKING

         
 *******************************************************************************
 *                                                                             *
 *                               CRYSTAL23                                     *
 *                      public : 1.0.1 - October 2022                          *
 *                       HTTP://WWW.CRYSTAL.UNITO.IT                           *
 *                                                                             *
 *                              MAIN AUTHORS                                   *
 *                                                                             *
 *  R. DOVESI(1,11), V.R. SAUNDERS(2), C. ROETTI(1,11), R. ORLANDO(1,11),      *
 *  C.M. ZICOVICH-WILSON(1,3), F. PASCALE(4), B. CIVALLERI(1,11),              *
 *  K. DOLL(5), N.M. HARRISON(6), I.J. BUSH(7), Ph. D'ARCO(8),                 *
 *  M. LLUNELL(9), M. CAUSA'(10), Y. NOEL(8), L. MASCHIO(1,11), A. ERBA(1,11)  *
 *  M. RE'RAT(14), S. CASASSA(1,11), B.G. SEARLE(2), J.K. DESMARAIS(1)         *
 *                                                                             *
 *        CONTRIBUTIONS TO THE CODE HAVE ALSO BEEN GIVEN BY                    *
 *                                                                             *
 *  M. FERRABONE(1,11), M. DE LA PIERRE(1,11), M. FERRERO(1,11),               *
 *  J. BAIMA(1,11), E. ALBANESE(1,11), M.F. PEINTINGER(12), R. BAST(13),       *
 *  B. KIRTMAN(15), V. LACIVITA(1,11), R. DEMICHELIS(1,16)                     *
 *  G. BRANDEBURG(17), S. SALUSTRO(1,11), G. SANSONE(1,11)                     *
 *  M.T. RUGGIERO(18), L.E. DAGA(1), L. DONA'(1), A. COSSARD(1)                *
 *                                                                             *
 * (1) THEORETICAL CHEMISTRY GROUP - UNIVERSITA' DI TORINO - TORINO (ITALY)    *
 * (2) SCIENTIFIC COMPUTING DEPARTMENT - STFC DARESBURY (UK)                   *
 * (3) UNIVERSIDAD AUTONOMA DEL ESTADO DE MORELOS - CUERNAVACA (MEXICO)        *
 * (4) UNIVERSITE' DE LORRAINE - NANCY (FRANCE)                                *
 * (5) UNIVERSITAET STUTTGART- STUTTGART (GERMANY)                             *
 * (6) IMPERIAL COLLEGE - LONDON (UK)                                          *
 * (7) SCIENTIFIC COMPUTING DEPARTMENT - STFC RAL (UK)                         *
 * (8) UPMC - SORBONNE UNIVERSITES - PARIS (FRANCE)                            *
 * (9) UNIVERSIDAD DE BARCELONA - BARCELONA (SPAIN)                            *
 *(10) UNIVERSITA' DI NAPOLI "FEDERICO II" - NAPOLI (ITALY)                    *
 *(11) NIS - NANOSTRUCTURED INTERFACES AND SURFACES - TORINO (ITALY)           *
 *(12) MPI FUER CHEMISCHE ENERGIEKONVERSION - MUELHEIM AN DER RUHR (GERMANY)   *
 *(13) UNIVERSITY OF TROMSO - TROMSO (NORWAY)                                  *
 *(14) UNIVERSITE' DE PAU ET DES PAYS DE L'ADOUR - PAU (FRANCE)                *
 *(15) UNIVERSITY OF CALIFORNIA SANTA BARBARA - SANTA BARBARA (USA)            *
 *(16) CURTIN UNIVERSITY - PERTH (AUSTRALIA)                                   *
 *(17) UNIVERSITY COLLEGE LONDON - LONDON (UK)                                 *
 *(18) UNIVERSITY OF VERMONT - BURLINGTON (USA)                                *
 *                                                                             *
 *******************************************************************************
 EEEEEEEEEE STARTING  DATE 30 01 2026 TIME 22:38:39.4
 ./4^2T710-HZ_rev1_sp_B3LYP-D3-D3_optimized                                      
 PROCESS            9  OF           32  WORKING

 CRYSTAL CALCULATION
 (INPUT ACCORDING TO THE INTERNATIONAL TABLES FOR X-RAY CRYSTALLOGRAPHY)
 CRYSTAL FAMILY                       :  TETRAGONAL  
 CRYSTAL CLASS  (GROTH - 1921)        :  DITETRAGONAL DIPYRAMIDAL             

 SPACE GROUP (CENTROSYMMETRIC)        :  P 4/M C C       

 LATTICE PARAMETERS  (ANGSTROMS AND DEGREES) - CONVENTIONAL CELL
        A           B           C        ALPHA        BETA       GAMMA
     4.77237     4.77237     6.89979    90.00000    90.00000    90.00000


 NUMBER OF IRREDUCIBLE ATOMS IN THE CONVENTIONAL CELL:    2

 INPUT COORDINATES

 ATOM AT. N.              COORDINATES
   1   6     1.462647165165E-01 -3.427637600299E-01 -2.920890665467E-01
   2   6     9.346814938734E-02 -2.244818062213E-01  5.000000000000E-01

 *******************************************************************************

 << INFORMATION >>: FROM NOW ON, ALL COORDINATES REFER TO THE PRIMITIVE CELL

 *******************************************************************************

 LATTICE PARAMETERS  (ANGSTROMS AND DEGREES) - PRIMITIVE CELL
       A          B          C        ALPHA      BETA     GAMMA        VOLUME
    4.77237    4.77237    6.89979    90.00000  90.00000  90.00000    157.146511

 COORDINATES OF THE EQUIVALENT ATOMS (FRACTIONAL UNITS)

 N. ATOM EQUIV AT. N.          X                  Y                  Z

   1   1   1    6 C     1.46264716516E-01 -3.42763760030E-01 -2.92089066547E-01
   2   1   2    6 C    -1.46264716516E-01  3.42763760030E-01 -2.92089066547E-01
   3   1   3    6 C     1.46264716516E-01  3.42763760030E-01 -2.07910933453E-01
   4   1   4    6 C    -1.46264716516E-01 -3.42763760030E-01 -2.07910933453E-01
   5   1   5    6 C     3.42763760030E-01 -1.46264716516E-01 -2.07910933453E-01
   6   1   6    6 C    -3.42763760030E-01  1.46264716516E-01 -2.07910933453E-01
   7   1   7    6 C    -3.42763760030E-01 -1.46264716516E-01 -2.92089066547E-01
   8   1   8    6 C     3.42763760030E-01  1.46264716516E-01 -2.92089066547E-01
   9   1   9    6 C    -1.46264716516E-01  3.42763760030E-01  2.92089066547E-01
  10   1  10    6 C     1.46264716516E-01 -3.42763760030E-01  2.92089066547E-01
  11   1  11    6 C    -1.46264716516E-01 -3.42763760030E-01  2.07910933453E-01
  12   1  12    6 C     1.46264716516E-01  3.42763760030E-01  2.07910933453E-01
  13   1  13    6 C    -3.42763760030E-01  1.46264716516E-01  2.07910933453E-01
  14   1  14    6 C     3.42763760030E-01 -1.46264716516E-01  2.07910933453E-01
  15   1  15    6 C     3.42763760030E-01  1.46264716516E-01  2.92089066547E-01
  16   1  16    6 C    -3.42763760030E-01 -1.46264716516E-01  2.92089066547E-01

  17   2   1    6 C     9.34681493873E-02 -2.24481806221E-01 -5.00000000000E-01
  18   2   2    6 C    -9.34681493873E-02  2.24481806221E-01 -5.00000000000E-01
  19   2   3    6 C     9.34681493873E-02  2.24481806221E-01  0.00000000000E+00
  20   2   4    6 C    -9.34681493873E-02 -2.24481806221E-01  0.00000000000E+00
  21   2   5    6 C     2.24481806221E-01 -9.34681493873E-02  0.00000000000E+00
  22   2   6    6 C    -2.24481806221E-01  9.34681493873E-02  0.00000000000E+00
  23   2   7    6 C    -2.24481806221E-01 -9.34681493873E-02 -5.00000000000E-01
  24   2   8    6 C     2.24481806221E-01  9.34681493873E-02 -5.00000000000E-01

 NUMBER OF SYMMETRY OPERATORS         :   16
 *******************************************************************************
 * GEOMETRY EDITING - INPUT COORDINATES ARE GIVEN IN ANGSTROM         
 *******************************************************************************

 GEOMETRY NOW FULLY CONSISTENT WITH THE GROUP

 GCALCO - MAX INDICES DIRECT LATTICE VECTOR    16    16    11
 NO.OF VECTORS CREATED 6999 STARS  506 RMAX   120.80870 BOHR

 GEOMETRY FOR WAVE FUNCTION - DIMENSIONALITY OF THE SYSTEM    3
 (NON PERIODIC DIRECTION: LATTICE PARAMETER FORMALLY SET TO 500)
 *******************************************************************************
 LATTICE PARAMETERS (ANGSTROMS AND DEGREES) - BOHR = 0.5291772083 ANGSTROM
 PRIMITIVE CELL - CENTRING CODE 1/0 VOLUME=   157.146511 - DENSITY  3.043 g/cm^3
         A              B              C           ALPHA      BETA       GAMMA 
     4.77237374     4.77237374     6.89978961    90.000000  90.000000  90.000000
 *******************************************************************************
 ATOMS IN THE ASYMMETRIC UNIT    2 - ATOMS IN THE UNIT CELL:   24
     ATOM                 X/A                 Y/B                 Z/C    
 *******************************************************************************
      1 T   6 C     1.462647165165E-01 -3.427637600299E-01 -2.920890665467E-01
      2 F   6 C    -1.462647165165E-01  3.427637600299E-01 -2.920890665467E-01
      3 F   6 C     1.462647165165E-01  3.427637600299E-01 -2.079109334533E-01
      4 F   6 C    -1.462647165165E-01 -3.427637600299E-01 -2.079109334533E-01
      5 F   6 C     3.427637600299E-01 -1.462647165165E-01 -2.079109334533E-01
      6 F   6 C    -3.427637600299E-01  1.462647165165E-01 -2.079109334533E-01
      7 F   6 C    -3.427637600299E-01 -1.462647165165E-01 -2.920890665467E-01
      8 F   6 C     3.427637600299E-01  1.462647165165E-01 -2.920890665467E-01
      9 F   6 C    -1.462647165165E-01  3.427637600299E-01  2.920890665467E-01
     10 F   6 C     1.462647165165E-01 -3.427637600299E-01  2.920890665467E-01
     11 F   6 C    -1.462647165165E-01 -3.427637600299E-01  2.079109334533E-01
     12 F   6 C     1.462647165165E-01  3.427637600299E-01  2.079109334533E-01
     13 F   6 C    -3.427637600299E-01  1.462647165165E-01  2.079109334533E-01
     14 F   6 C     3.427637600299E-01 -1.462647165165E-01  2.079109334533E-01
     15 F   6 C     3.427637600299E-01  1.462647165165E-01  2.920890665467E-01
     16 F   6 C    -3.427637600299E-01 -1.462647165165E-01  2.920890665467E-01
     17 T   6 C     9.346814938734E-02 -2.244818062213E-01 -5.000000000000E-01
     18 F   6 C    -9.346814938734E-02  2.244818062213E-01 -5.000000000000E-01
     19 F   6 C     9.346814938734E-02  2.244818062213E-01  0.000000000000E+00
     20 F   6 C    -9.346814938734E-02 -2.244818062213E-01  0.000000000000E+00
     21 F   6 C     2.244818062213E-01 -9.346814938734E-02  0.000000000000E+00
     22 F   6 C    -2.244818062213E-01  9.346814938734E-02  0.000000000000E+00
     23 F   6 C    -2.244818062213E-01 -9.346814938734E-02 -5.000000000000E-01
     24 F   6 C     2.244818062213E-01  9.346814938734E-02 -5.000000000000E-01

 T = ATOM BELONGING TO THE ASYMMETRIC UNIT

 ****   16 SYMMOPS - TRANSLATORS IN FRACTIONAL UNITS
 **** MATRICES AND TRANSLATORS IN THE CRYSTALLOGRAPHIC REFERENCE FRAME
   V INV                    ROTATION MATRICES                   TRANSLATORS
   1   1  1.00  0.00  0.00  0.00  1.00  0.00  0.00  0.00  1.00  0.00  0.00  0.00
   2   2 -1.00  0.00  0.00  0.00 -1.00  0.00  0.00  0.00  1.00  0.00  0.00  0.00
   3   3  1.00  0.00  0.00  0.00 -1.00  0.00  0.00  0.00 -1.00  0.00  0.00  0.50
   4   4 -1.00  0.00  0.00  0.00  1.00  0.00  0.00  0.00 -1.00  0.00  0.00  0.50
   5   5  0.00 -1.00  0.00 -1.00  0.00  0.00  0.00  0.00 -1.00  0.00  0.00  0.50
   6   6  0.00  1.00  0.00  1.00  0.00  0.00  0.00  0.00 -1.00  0.00  0.00  0.50
   7   8  0.00  1.00  0.00 -1.00  0.00  0.00  0.00  0.00  1.00  0.00  0.00  0.00
   8   7  0.00 -1.00  0.00  1.00  0.00  0.00  0.00  0.00  1.00  0.00  0.00  0.00
   9   9 -1.00  0.00  0.00  0.00 -1.00  0.00  0.00  0.00 -1.00  0.00  0.00  0.00
  10  10  1.00  0.00  0.00  0.00  1.00  0.00  0.00  0.00 -1.00  0.00  0.00  0.00
  11  11 -1.00  0.00  0.00  0.00  1.00  0.00  0.00  0.00  1.00  0.00  0.00  0.50
  12  12  1.00  0.00  0.00  0.00 -1.00  0.00  0.00  0.00  1.00  0.00  0.00  0.50
  13  13  0.00  1.00  0.00  1.00  0.00  0.00  0.00  0.00  1.00  0.00  0.00  0.50
  14  14  0.00 -1.00  0.00 -1.00  0.00  0.00  0.00  0.00  1.00  0.00  0.00  0.50
  15  16  0.00 -1.00  0.00  1.00  0.00  0.00  0.00  0.00 -1.00  0.00  0.00  0.00
  16  15  0.00  1.00  0.00 -1.00  0.00  0.00  0.00  0.00 -1.00  0.00  0.00  0.00

 DIRECT LATTICE VECTORS CARTESIAN COMPONENTS (ANGSTROM)
          X                    Y                    Z
   0.477237374000E+01   0.000000000000E+00   0.000000000000E+00
   0.000000000000E+00   0.477237374000E+01   0.000000000000E+00
   0.000000000000E+00   0.000000000000E+00   0.689978961000E+01


 CARTESIAN COORDINATES - PRIMITIVE CELL
 *******************************************************************************
 *      ATOM          X(ANGSTROM)         Y(ANGSTROM)         Z(ANGSTROM)
 *******************************************************************************
    1     6 C     6.980298921919E-01 -1.635796767390E+00 -2.015353106554E+00
    2     6 C    -6.980298921919E-01  1.635796767390E+00 -2.015353106554E+00
    3     6 C     6.980298921919E-01  1.635796767390E+00 -1.434541698446E+00
    4     6 C    -6.980298921919E-01 -1.635796767390E+00 -1.434541698446E+00
    5     6 C     1.635796767390E+00 -6.980298921919E-01 -1.434541698446E+00
    6     6 C    -1.635796767390E+00  6.980298921919E-01 -1.434541698446E+00
    7     6 C    -1.635796767390E+00 -6.980298921919E-01 -2.015353106554E+00
    8     6 C     1.635796767390E+00  6.980298921919E-01 -2.015353106554E+00
    9     6 C    -6.980298921919E-01  1.635796767390E+00  2.015353106554E+00
   10     6 C     6.980298921919E-01 -1.635796767390E+00  2.015353106554E+00
   11     6 C    -6.980298921919E-01 -1.635796767390E+00  1.434541698446E+00
   12     6 C     6.980298921919E-01  1.635796767390E+00  1.434541698446E+00
   13     6 C    -1.635796767390E+00  6.980298921919E-01  1.434541698446E+00
   14     6 C     1.635796767390E+00 -6.980298921919E-01  1.434541698446E+00
   15     6 C     1.635796767390E+00  6.980298921919E-01  2.015353106554E+00
   16     6 C    -1.635796767390E+00 -6.980298921919E-01  2.015353106554E+00
   17     6 C     4.460649416625E-01 -1.071311077118E+00  3.449894805000E+00
   18     6 C    -4.460649416625E-01  1.071311077118E+00  3.449894805000E+00
   19     6 C     4.460649416625E-01  1.071311077118E+00  0.000000000000E+00
   20     6 C    -4.460649416625E-01 -1.071311077118E+00  0.000000000000E+00
   21     6 C     1.071311077118E+00 -4.460649416625E-01  0.000000000000E+00
   22     6 C    -1.071311077118E+00  4.460649416625E-01  0.000000000000E+00
   23     6 C    -1.071311077118E+00 -4.460649416625E-01  3.449894805000E+00
   24     6 C     1.071311077118E+00  4.460649416625E-01  3.449894805000E+00

 *******************************************************************************
 LOCAL ATOMIC FUNCTIONS BASIS SET
 *******************************************************************************
   ATOM   X(AU)   Y(AU)   Z(AU)  N. TYPE  EXPONENT  S COEF   P COEF   D/F/G COEF
 *******************************************************************************
   1 C    1.319  -3.091  -3.808
                                  1 S  
                                         1.358E+04 2.225E-04 0.000E+00 0.000E+00
                                         2.035E+03 1.723E-03 0.000E+00 0.000E+00
                                         4.632E+02 8.926E-03 0.000E+00 0.000E+00
                                         1.312E+02 3.573E-02 0.000E+00 0.000E+00
                                         4.285E+01 1.108E-01 0.000E+00 0.000E+00
                                         1.558E+01 2.430E-01 0.000E+00 0.000E+00
                                  2 S  
                                         6.207E+00 4.144E-01 0.000E+00 0.000E+00
                                         2.576E+00 2.374E-01 0.000E+00 0.000E+00
                                  3 S  
                                         4.941E-01 1.000E+00 0.000E+00 0.000E+00
                                  4 S  
                                         1.644E-01 1.000E+00 0.000E+00 0.000E+00
                           5-     7 P  
                                         3.470E+01 0.000E+00 5.333E-03 0.000E+00
                                         7.958E+00 0.000E+00 3.586E-02 0.000E+00
                                         2.378E+00 0.000E+00 1.422E-01 0.000E+00
                                         8.143E-01 0.000E+00 3.427E-01 0.000E+00
                           8-    10 P  
                                         5.662E-01 0.000E+00 1.000E+00 0.000E+00
                          11-    13 P  
                                         2.674E-01 0.000E+00 1.000E+00 0.000E+00
                          14-    18 D  
                                         8.792E-01 0.000E+00 0.000E+00 1.000E+00
   2 C   -1.319   3.091  -3.808
   3 C    1.319   3.091  -2.711
   4 C   -1.319  -3.091  -2.711
   5 C    3.091  -1.319  -2.711
   6 C   -3.091   1.319  -2.711
   7 C   -3.091  -1.319  -3.808
   8 C    3.091   1.319  -3.808
   9 C   -1.319   3.091   3.808
  10 C    1.319  -3.091   3.808
  11 C   -1.319  -3.091   2.711
  12 C    1.319   3.091   2.711
  13 C   -3.091   1.319   2.711
  14 C    3.091  -1.319   2.711
  15 C    3.091   1.319   3.808
  16 C   -3.091  -1.319   3.808
  17 C    0.843  -2.024   6.519
  18 C   -0.843   2.024   6.519
  19 C    0.843   2.024   0.000
  20 C   -0.843  -2.024   0.000
  21 C    2.024  -0.843   0.000
  22 C   -2.024   0.843   0.000
  23 C   -2.024  -0.843   6.519
  24 C    2.024   0.843   6.519
 INFORMATION **** SET_MPP **** PCRYSTAL CALCULATION
 INFORMATION **** READM2 **** NEW DEFAULT: FOCK/KS MATRIX MIXING SET TO 30 %
 INFORMATION **** READM2 **** NEW DEFAULT: FULL DIRECT SCF MODE
 INFORMATION **** READM2 **** NEW DEFAULT: COULOMB BIPOLAR BUFFER SET TO 32 Mb
 INFORMATION **** READM2 **** NEW DEFAULT: EXCHANGE BIPOLAR BUFFER SET TO 32 Mb

 *******************************************************************************
 NEW DEFAULT: DFT INTEGRATION GRID INCREASED TO XLGRID
 NEW DEFAULT: DIIS ACCELERATOR ACTIVE
 USE KEYWORD NODIIS TO TURN IT OFF
 *******************************************************************************

 INFORMATION **** DFTD3_INPUT **** PERFORM LATEST DISPERSION CORRECTION DFT-D3(BJ) WITH AUTOMATIC PARAMETER SETUP
 PLEASE CITE:
 (1) DFT-D3 Reference
  S. Grimme, J. Antony, S. Ehrlich, and H. Krieg, J. Chem. Phys. 132 (2010), 154104
 (2) BJ-Damping Reference
  S. Grimme, S. Ehrlich, and L. Goerigk, J. Comput. Chem. 32 (2011), 1456-1465
 (3) General DFT-D Review
  S. Grimme, A. Hansen, J. G. Brandenburg, and C. Bannwarth,
  Chem. Rev. 116 (2016), 5105-5154

 INFORMATION **** TOLINTEG **** COULOMB AND EXCHANGE SERIES TOLERANCES MODIFIED
 INFORMATION **** TOLDEE **** SCF TOL ON TOTAL ENERGY SET TO           9
 INFORMATION **** READM2 **** FULL DIRECT SCF (MONO AND BIEL INT) SELECTED
 INFORMATION **** MAXCYCLE **** MAX NUMBER OF SCF CYCLES SET TO         800
 INFORMATION **** DIIS **** DIIS FOR SCF ACTIVE
 INFORMATION **** DIIS **** LEVEL SHIFTER DISABLED
 INFORMATION **** PPAN ****  MULLIKEN POPULATION ANALYSIS AT THE END OF SCF
 *******************************************************************************
 N. OF ATOMS PER CELL        24  COULOMB OVERLAP TOL         (T1) 10**   -8
 NUMBER OF SHELLS           192  COULOMB PENETRATION TOL     (T2) 10**   -8
 NUMBER OF AO               432  EXCHANGE OVERLAP TOL        (T3) 10**   -8
 N. OF ELECTRONS PER CELL   144  EXCHANGE PSEUDO OVP (F(G))  (T4) 10**   -9
 CORE ELECTRONS PER CELL     48  EXCHANGE PSEUDO OVP (P(G))  (T5) 10**  -24
 N. OF SYMMETRY OPERATORS    16  POLE ORDER IN MONO ZONE                  4
 *******************************************************************************
 TYPE OF CALCULATION :  UNRESTRICTED OPEN SHELL
 KOHN-SHAM HAMILTONIAN

 (EXCHANGE)[CORRELATION] FUNCTIONAL:(BECKE 88)[LEE-YANG-PARR]

 NON-LOCAL WEIGHTING FACTOR (EXCHANGE) =           0.9000
 NON-LOCAL WEIGHTING FACTOR [CORRELATION] =        0.8100

 HYBRID EXCHANGE - PERCENTAGE OF FOCK EXCHANGE    20.0000

 SPIN POLARIZED DFT SELECTED

 CAPPA:IS1  8;IS2  8;IS3  8; K PTS MONK NET  75; SYMMOPS:K SPACE  16;G SPACE  16

 *******************************************************************************
 MAX NUMBER OF SCF CYCLES     800  CONVERGENCE ON DELTAP        10**-19
 WEIGHT OF F(I) IN F(I+1)      30% CONVERGENCE ON ENERGY        10**- 9
 SHRINK. FACT.(MONKH.)    8  8  8  NUMBER OF K POINTS IN THE IBZ     75
 SHRINKING FACTOR(GILAT NET)   16  NUMBER OF K POINTS(GILAT NET)    405
 *******************************************************************************
 *** K POINTS COORDINATES (OBLIQUE COORDINATES IN UNITS OF IS =  8)
   1-R(  0  0  0)   2-C(  1  0  0)   3-C(  2  0  0)   4-C(  3  0  0)
   5-R(  4  0  0)   6-C(  1  1  0)   7-C(  2  1  0)   8-C(  3  1  0)
   9-C(  4  1  0)  10-C(  2  2  0)  11-C(  3  2  0)  12-C(  4  2  0)
  13-C(  3  3  0)  14-C(  4  3  0)  15-R(  4  4  0)  16-C(  0  0  1)
  17-C(  1  0  1)  18-C(  2  0  1)  19-C(  3  0  1)  20-C(  4  0  1)
  21-C(  1  1  1)  22-C(  2  1  1)  23-C(  3  1  1)  24-C(  4  1  1)
  25-C(  2  2  1)  26-C(  3  2  1)  27-C(  4  2  1)  28-C(  3  3  1)
  29-C(  4  3  1)  30-C(  4  4  1)  31-C(  0  0  2)  32-C(  1  0  2)
  33-C(  2  0  2)  34-C(  3  0  2)  35-C(  4  0  2)  36-C(  1  1  2)
  37-C(  2  1  2)  38-C(  3  1  2)  39-C(  4  1  2)  40-C(  2  2  2)
  41-C(  3  2  2)  42-C(  4  2  2)  43-C(  3  3  2)  44-C(  4  3  2)
  45-C(  4  4  2)  46-C(  0  0  3)  47-C(  1  0  3)  48-C(  2  0  3)
  49-C(  3  0  3)  50-C(  4  0  3)  51-C(  1  1  3)  52-C(  2  1  3)
  53-C(  3  1  3)  54-C(  4  1  3)  55-C(  2  2  3)  56-C(  3  2  3)
  57-C(  4  2  3)  58-C(  3  3  3)  59-C(  4  3  3)  60-C(  4  4  3)
  61-R(  0  0  4)  62-C(  1  0  4)  63-C(  2  0  4)  64-C(  3  0  4)
  65-R(  4  0  4)  66-C(  1  1  4)  67-C(  2  1  4)  68-C(  3  1  4)
  69-C(  4  1  4)  70-C(  2  2  4)  71-C(  3  2  4)  72-C(  4  2  4)
  73-C(  3  3  4)  74-C(  4  3  4)  75-R(  4  4  4)

 DIRECT LATTICE VECTORS COMPON. (A.U.)     RECIP. LATTICE VECTORS COMPON. (A.U.) 
        X            Y            Z              X            Y            Z
    9.0184794    0.0000000    0.0000000      0.6967012    0.0000000    0.0000000
    0.0000000    9.0184794    0.0000000      0.0000000    0.6967012    0.0000000
    0.0000000    0.0000000   13.0387127      0.0000000    0.0000000    0.4818869

 DISK SPACE FOR EIGENVECTORS (FTN 10)    26873856 REALS

 SYMMETRY ADAPTION OF THE BLOCH FUNCTIONS ENABLED
 TTTTTTTTTTTTTTTTTTTTTTTTTTTTTT gordsh1     TELAPSE        1.94 TCPU        0.85

 MATRIX SIZE: P(G) 2477864, F(G)  282556, P(G) IRR   85277, F(G) IRR   19796
 MAX G-VECTOR INDEX FOR 1- AND 2-ELECTRON INTEGRALS 189

 TTTTTTTTTTTTTTTTTTTTTTTTTTTTTT INPUT       TELAPSE        1.95 TCPU        0.86

 NEIGHBORS OF THE NON-EQUIVALENT ATOMS

 N = NUMBER OF NEIGHBORS AT DISTANCE R
    ATOM  N     R/ANG      R/AU   NEIGHBORS (ATOM LABELS AND CELL INDICES)
   1 C    1     1.4478     2.7360    5 C    0 0 0
   1 C    1     1.5121     2.8574    4 C    0 0 0
   1 C    1     1.5621     2.9519   17 C    0 0-1
   1 C    1     1.6092     3.0410    3 C    0-1 0
   1 C    1     2.0497     3.8734    2 C    0-1 0
   1 C    1     2.3699     4.4785   21 C    0 0 0

  17 C    2     1.5621     2.9519    1 C    0 0 1   10 C    0 0 0
  17 C    2     1.6411     3.1013   23 C    0 0 0   24 C    0 0 0
  17 C    1     2.3209     4.3859   18 C    0 0 0
  17 C    2     2.3699     4.4785    5 C    0 0 1   14 C    0 0 0
  17 C    2     2.3852     4.5074    4 C    0 0 1   11 C    0 0 0
  17 C    2     2.5557     4.8295    7 C    0 0 1   16 C    0 0 0


 SYMMETRY ALLOWED INTERNAL DEGREE(S) OF FREEDOM:   5
 TTTTTTTTTTTTTTTTTTTTTTTTTTTTTT SYMM        TELAPSE        2.00 TCPU        0.90
 TTTTTTTTTTTTTTTTTTTTTTTTTTTTTT INT_SCREEN  TELAPSE        2.00 TCPU        0.90

 DFT PARAMETERS

     ATOM       ELECTRONS   NET CHARGE   R(ANGSTROM)
   1   6  C       6.0000      0.0000     0.77000000

 SIZE OF GRID=      41454
 TTTTTTTTTTTTTTTTTTTTTTTTTTTTTT MAKE_GRID2  TELAPSE        2.38 TCPU        1.27
 BECKE WEIGHT FUNCTION
 RADSAFE =     2.00
 TOLERANCES - DENSITY:10**- 6; POTENTIAL:10**- 9; GRID WGT:10**-14

 RADIAL INTEGRATION  - INTERVALS (POINTS,UPPER LIMIT):            1( 75,  4.0*R)

 ANGULAR INTEGRATION - INTERVALS (ACCURACY LEVEL [N. POINTS] UPPER LIMIT):
  1(  4[  86]   0.2)  2(  8[ 194]   0.5)  3( 12[ 350]   0.9)  4( 16[ 974]   3.5)
  5( 12[ 350]9999.0)
 TTTTTTTTTTTTTTTTTTTTTTTTTTTTTT INT_CALC    TELAPSE        2.40 TCPU        1.29
 EEEEEEEEEE INT_CALC TERMINATION  DATE 30 01 2026 TIME 22:38:40.4

 *******************************************************************************
 ./4^2T710-HZ_rev1_sp_B3LYP-D3-D3_optimized                                      
 CRYSTAL - SCF - TYPE OF CALCULATION :  UNRESTRICTED OPEN SHELL
 *******************************************************************************

 CAPPA:IS1  8;IS2  8;IS3  8; K PTS MONK NET  75; SYMMOPS:K SPACE  16;G SPACE  16

 TTTTTTTTTTTTTTTTTTTTTTTTTTTTTT SDIK        TELAPSE        2.63 TCPU        1.52

 AAAAAAAAAAAAAAAAAAAAAAAAAAAAAAAAAAAAAAAAAAAAAAAAAAAAAAAAAAAAAAAAAAAAAAAAAAAAAAA
         ATOMIC WAVEFUNCTION(S)


 NUCLEAR CHARGE  6.0  SYMMETRY SPECIES            S    P
 N. ELECTRONS    6.0  NUMBER OF PRIMITIVE GTOS   10    6
                      NUMBER OF CONTRACTED GTOS   4    3
                      NUMBER OF CLOSED SHELLS     2    0
                      OPEN SHELL OCCUPATION       0    2

  ZNUC  SCFIT    TOTAL HF ENERGY   KINETIC ENERGY   VIRIAL THEOREM ACCURACY
   6.0    10    -3.766702350E+01  3.783137943E+01 -1.995655566E+00  1.6E-06

 AAAAAAAAAAAAAAAAAAAAAAAAAAAAAAAAAAAAAAAAAAAAAAAAAAAAAAAAAAAAAAAAAAAAAAAAAAAAAAA

 CHARGE NORMALIZATION FACTOR   1.00000000
 TOTAL ATOMIC CHARGES:
   6.0000000   6.0000000   6.0000000   6.0000000   6.0000000   6.0000000
   6.0000000   6.0000000   6.0000000   6.0000000   6.0000000   6.0000000
   6.0000000   6.0000000   6.0000000   6.0000000   6.0000000   6.0000000
   6.0000000   6.0000000   6.0000000   6.0000000   6.0000000   6.0000000
 SUMMED SPIN DENSITY           0.00000000
 TOTAL ATOMIC SPINS  :
   0.0000000   0.0000000   0.0000000   0.0000000   0.0000000   0.0000000
   0.0000000   0.0000000   0.0000000   0.0000000   0.0000000   0.0000000
   0.0000000   0.0000000   0.0000000   0.0000000   0.0000000   0.0000000
   0.0000000   0.0000000   0.0000000   0.0000000   0.0000000   0.0000000
 TTTTTTTTTTTTTTTTTTTTTTTTTTTTTT MOQGAD      TELAPSE        2.64 TCPU        1.53
 TTTTTTTTTTTTTTTTTTTTTTTTTTTTTT SHELLXN     TELAPSE       26.06 TCPU       24.95
 TTTTTTTTTTTTTTTTTTTTTTTTTTTTTT MONMO3      TELAPSE       26.10 TCPU       24.99
 NUMERICALLY INTEGRATED DENSITY     72.0000943016     72.0000943016
 TTTTTTTTTTTTTTTTTTTTTTTTTTTTTT NUMDFT      TELAPSE       26.58 TCPU       25.46
 CYC   0 ETOT(AU) -9.216366407819E+02 DETOT -9.22E+02 tst  0.00E+00 PX  1.00E+00
 TTTTTTTTTTTTTTTTTTTTTTTTTTTTTT DIIS        TELAPSE       26.67 TCPU       25.56
 TTTTTTTTTTTTTTTTTTTTTTTTTTTTTT FDIK        TELAPSE       29.67 TCPU       28.55

    ALPHA      ELECTRONS
 INSULATING STATE
 TOP OF VALENCE BANDS -    BAND     72; K   46; EIG -2.2577100E-01 AU
 TOP OF VALENCE BANDS -    BAND     72; K    1; EIG -2.3754938E-01 AU
 BOTTOM OF VIRTUAL BANDS - BAND     73; K    1; EIG -9.7287803E-02 AU
 INDIRECT ENERGY BAND GAP:   3.4962 eV

    BETA       ELECTRONS
 INSULATING STATE
 TOP OF VALENCE BANDS -    BAND     72; K   46; EIG -2.2577100E-01 AU
 TOP OF VALENCE BANDS -    BAND     72; K    1; EIG -2.3754938E-01 AU
 BOTTOM OF VIRTUAL BANDS - BAND     73; K    1; EIG -9.7287803E-02 AU
 INDIRECT ENERGY BAND GAP:   3.4962 eV
 TTTTTTTTTTTTTTTTTTTTTTTTTTTTTT PDIG        TELAPSE       29.96 TCPU       28.85
 CHARGE NORMALIZATION FACTOR   1.00000000
 TOTAL ATOMIC CHARGES:
   6.0152325   6.0152325   6.0152325   6.0152325   6.0152325   6.0152325
   6.0152325   6.0152325   6.0152325   6.0152325   6.0152325   6.0152325
   6.0152325   6.0152325   6.0152325   6.0152325   5.9695351   5.9695351
   5.9695351   5.9695351   5.9695351   5.9695351   5.9695351   5.9695351
 SUMMED SPIN DENSITY          -0.00000000
 TOTAL ATOMIC SPINS  :
   0.0000000   0.0000000   0.0000000   0.0000000   0.0000000   0.0000000
   0.0000000   0.0000000   0.0000000   0.0000000   0.0000000   0.0000000
   0.0000000   0.0000000   0.0000000   0.0000000  -0.0000000  -0.0000000
  -0.0000000  -0.0000000  -0.0000000  -0.0000000  -0.0000000  -0.0000000
 TTTTTTTTTTTTTTTTTTTTTTTTTTTTTT MOQGAD      TELAPSE       29.98 TCPU       28.86
 TTTTTTTTTTTTTTTTTTTTTTTTTTTTTT SHELLXN     TELAPSE       54.54 TCPU       53.41
 TTTTTTTTTTTTTTTTTTTTTTTTTTTTTT MONMO3      TELAPSE       54.57 TCPU       53.45
 NUMERICALLY INTEGRATED DENSITY     72.0000802674     72.0000802674
 TTTTTTTTTTTTTTTTTTTTTTTTTTTTTT NUMDFT      TELAPSE       55.03 TCPU       53.91
 CYC   1 ETOT(AU) -9.136223433830E+02 DETOT  8.01E+00 tst  0.00E+00 PX  1.00E+00
 TTTTTTTTTTTTTTTTTTTTTTTTTTTTTT DIIS        TELAPSE       55.13 TCPU       54.00
 DIIS TEST: 0.57406E+00 AT SCF   CYCLE   1 - MIX   30 %
 TTTTTTTTTTTTTTTTTTTTTTTTTTTTTT FDIK        TELAPSE       56.55 TCPU       55.42

    ALPHA      ELECTRONS
 INSULATING STATE
 TOP OF VALENCE BANDS -    BAND     72; K   46; EIG -1.4702501E-01 AU
 TOP OF VALENCE BANDS -    BAND     72; K    1; EIG -1.5512442E-01 AU
 BOTTOM OF VIRTUAL BANDS - BAND     73; K    1; EIG -7.3272641E-03 AU
 INDIRECT ENERGY BAND GAP:   3.8014 eV

    BETA       ELECTRONS
 INSULATING STATE
 TOP OF VALENCE BANDS -    BAND     72; K   46; EIG -1.4702501E-01 AU
 TOP OF VALENCE BANDS -    BAND     72; K    1; EIG -1.5512442E-01 AU
 BOTTOM OF VIRTUAL BANDS - BAND     73; K    1; EIG -7.3272641E-03 AU
 INDIRECT ENERGY BAND GAP:   3.8014 eV
 TTTTTTTTTTTTTTTTTTTTTTTTTTTTTT PDIG        TELAPSE       56.85 TCPU       55.72
 CHARGE NORMALIZATION FACTOR   1.00000000
 TOTAL ATOMIC CHARGES:
   5.9738204   5.9738204   5.9738204   5.9738204   5.9738204   5.9738204
   5.9738204   5.9738204   5.9738204   5.9738204   5.9738204   5.9738204
   5.9738204   5.9738204   5.9738204   5.9738204   6.0523591   6.0523591
   6.0523591   6.0523591   6.0523591   6.0523591   6.0523591   6.0523591
 SUMMED SPIN DENSITY          -0.00000000
 TOTAL ATOMIC SPINS  :
   0.0000000   0.0000000   0.0000000   0.0000000   0.0000000   0.0000000
   0.0000000   0.0000000   0.0000000   0.0000000   0.0000000   0.0000000
   0.0000000   0.0000000   0.0000000   0.0000000  -0.0000000  -0.0000000
  -0.0000000  -0.0000000  -0.0000000  -0.0000000  -0.0000000  -0.0000000
 TTTTTTTTTTTTTTTTTTTTTTTTTTTTTT MOQGAD      TELAPSE       56.86 TCPU       55.73
 TTTTTTTTTTTTTTTTTTTTTTTTTTTTTT SHELLXN     TELAPSE       81.41 TCPU       80.28
 TTTTTTTTTTTTTTTTTTTTTTTTTTTTTT MONMO3      TELAPSE       81.45 TCPU       80.31
 NUMERICALLY INTEGRATED DENSITY     72.0000815503     72.0000815503
 TTTTTTTTTTTTTTTTTTTTTTTTTTTTTT NUMDFT      TELAPSE       81.90 TCPU       80.77
 CYC   2 ETOT(AU) -9.136666028008E+02 DETOT -4.43E-02 tst  2.78E-04 PX  6.80E-02
 TTTTTTTTTTTTTTTTTTTTTTTTTTTTTT DIIS        TELAPSE       82.00 TCPU       80.86
 DIIS TEST: 0.10062E+00 AT SCF   CYCLE   2 - DIIS ACTIVE - HISTORY:     2 CYCLES
 TTTTTTTTTTTTTTTTTTTTTTTTTTTTTT FDIK        TELAPSE       83.35 TCPU       82.21

    ALPHA      ELECTRONS
 INSULATING STATE
 TOP OF VALENCE BANDS -    BAND     72; K   46; EIG -1.2982844E-01 AU
 TOP OF VALENCE BANDS -    BAND     72; K    1; EIG -1.3954994E-01 AU
 BOTTOM OF VIRTUAL BANDS - BAND     73; K    1; EIG  2.8522893E-02 AU
 INDIRECT ENERGY BAND GAP:   4.3090 eV

    BETA       ELECTRONS
 INSULATING STATE
 TOP OF VALENCE BANDS -    BAND     72; K   46; EIG -1.2982844E-01 AU
 TOP OF VALENCE BANDS -    BAND     72; K    1; EIG -1.3954994E-01 AU
 BOTTOM OF VIRTUAL BANDS - BAND     73; K    1; EIG  2.8522893E-02 AU
 INDIRECT ENERGY BAND GAP:   4.3090 eV
 TTTTTTTTTTTTTTTTTTTTTTTTTTTTTT PDIG        TELAPSE       83.65 TCPU       82.51
 CHARGE NORMALIZATION FACTOR   1.00000000
 TOTAL ATOMIC CHARGES:
   6.0034580   6.0034580   6.0034580   6.0034580   6.0034580   6.0034580
   6.0034580   6.0034580   6.0034580   6.0034580   6.0034580   6.0034580
   6.0034580   6.0034580   6.0034580   6.0034580   5.9930840   5.9930840
   5.9930840   5.9930840   5.9930840   5.9930840   5.9930840   5.9930840
 SUMMED SPIN DENSITY          -0.00000000
 TOTAL ATOMIC SPINS  :
   0.0000000   0.0000000   0.0000000   0.0000000   0.0000000   0.0000000
   0.0000000   0.0000000   0.0000000   0.0000000   0.0000000   0.0000000
   0.0000000   0.0000000   0.0000000   0.0000000  -0.0000000  -0.0000000
  -0.0000000  -0.0000000  -0.0000000  -0.0000000  -0.0000000  -0.0000000
 TTTTTTTTTTTTTTTTTTTTTTTTTTTTTT MOQGAD      TELAPSE       83.66 TCPU       82.52
 TTTTTTTTTTTTTTTTTTTTTTTTTTTTTT SHELLXN     TELAPSE      108.21 TCPU      107.06
 TTTTTTTTTTTTTTTTTTTTTTTTTTTTTT MONMO3      TELAPSE      108.25 TCPU      107.10
 NUMERICALLY INTEGRATED DENSITY     72.0000817768     72.0000817768
 TTTTTTTTTTTTTTTTTTTTTTTTTTTTTT NUMDFT      TELAPSE      108.70 TCPU      107.55
 CYC   3 ETOT(AU) -9.136702295531E+02 DETOT -3.63E-03 tst  1.04E-04 PX  3.14E-02
 TTTTTTTTTTTTTTTTTTTTTTTTTTTTTT DIIS        TELAPSE      108.80 TCPU      107.65
 DIIS TEST: 0.49911E-01 AT SCF   CYCLE   3 - DIIS ACTIVE - HISTORY:     3 CYCLES
 TTTTTTTTTTTTTTTTTTTTTTTTTTTTTT FDIK        TELAPSE      110.22 TCPU      109.06

    ALPHA      ELECTRONS
 INSULATING STATE
 TOP OF VALENCE BANDS -    BAND     72; K   46; EIG -1.3094709E-01 AU
 TOP OF VALENCE BANDS -    BAND     72; K    1; EIG -1.3969079E-01 AU
 BOTTOM OF VIRTUAL BANDS - BAND     73; K    1; EIG  2.5987671E-02 AU
 INDIRECT ENERGY BAND GAP:   4.2704 eV

    BETA       ELECTRONS
 INSULATING STATE
 TOP OF VALENCE BANDS -    BAND     72; K   46; EIG -1.3094709E-01 AU
 TOP OF VALENCE BANDS -    BAND     72; K    1; EIG -1.3969079E-01 AU
 BOTTOM OF VIRTUAL BANDS - BAND     73; K    1; EIG  2.5987671E-02 AU
 INDIRECT ENERGY BAND GAP:   4.2704 eV
 TTTTTTTTTTTTTTTTTTTTTTTTTTTTTT PDIG        TELAPSE      110.51 TCPU      109.36
 CHARGE NORMALIZATION FACTOR   1.00000000
 TOTAL ATOMIC CHARGES:
   5.9916380   5.9916380   5.9916380   5.9916380   5.9916380   5.9916380
   5.9916380   5.9916380   5.9916380   5.9916380   5.9916380   5.9916380
   5.9916380   5.9916380   5.9916380   5.9916380   6.0167239   6.0167239
   6.0167239   6.0167239   6.0167239   6.0167239   6.0167239   6.0167239
 SUMMED SPIN DENSITY          -0.00000000
 TOTAL ATOMIC SPINS  :
   0.0000000   0.0000000   0.0000000   0.0000000   0.0000000   0.0000000
   0.0000000   0.0000000   0.0000000   0.0000000   0.0000000   0.0000000
   0.0000000   0.0000000   0.0000000   0.0000000  -0.0000000  -0.0000000
  -0.0000000  -0.0000000  -0.0000000  -0.0000000  -0.0000000  -0.0000000
 TTTTTTTTTTTTTTTTTTTTTTTTTTTTTT MOQGAD      TELAPSE      110.52 TCPU      109.37
 TTTTTTTTTTTTTTTTTTTTTTTTTTTTTT SHELLXN     TELAPSE      135.08 TCPU      133.91
 TTTTTTTTTTTTTTTTTTTTTTTTTTTTTT MONMO3      TELAPSE      135.12 TCPU      133.95
 NUMERICALLY INTEGRATED DENSITY     72.0000813128     72.0000813128
 TTTTTTTTTTTTTTTTTTTTTTTTTTTTTT NUMDFT      TELAPSE      135.57 TCPU      134.40
 CYC   4 ETOT(AU) -9.136720097271E+02 DETOT -1.78E-03 tst  2.93E-05 PX  9.32E-03
 TTTTTTTTTTTTTTTTTTTTTTTTTTTTTT DIIS        TELAPSE      135.66 TCPU      134.50
 DIIS TEST: 0.52927E-02 AT SCF   CYCLE   4 - DIIS ACTIVE - HISTORY:     4 CYCLES
 TTTTTTTTTTTTTTTTTTTTTTTTTTTTTT FDIK        TELAPSE      137.08 TCPU      135.92

    ALPHA      ELECTRONS
 INSULATING STATE
 TOP OF VALENCE BANDS -    BAND     72; K   46; EIG -1.3053118E-01 AU
 TOP OF VALENCE BANDS -    BAND     72; K    1; EIG -1.3935415E-01 AU
 BOTTOM OF VIRTUAL BANDS - BAND     73; K    1; EIG  2.6815340E-02 AU
 INDIRECT ENERGY BAND GAP:   4.2816 eV

    BETA       ELECTRONS
 INSULATING STATE
 TOP OF VALENCE BANDS -    BAND     72; K   46; EIG -1.3053118E-01 AU
 TOP OF VALENCE BANDS -    BAND     72; K    1; EIG -1.3935415E-01 AU
 BOTTOM OF VIRTUAL BANDS - BAND     73; K    1; EIG  2.6815340E-02 AU
 INDIRECT ENERGY BAND GAP:   4.2816 eV
 TTTTTTTTTTTTTTTTTTTTTTTTTTTTTT PDIG        TELAPSE      137.38 TCPU      136.21
 CHARGE NORMALIZATION FACTOR   1.00000000
 TOTAL ATOMIC CHARGES:
   5.9923393   5.9923393   5.9923393   5.9923393   5.9923393   5.9923393
   5.9923393   5.9923393   5.9923393   5.9923393   5.9923393   5.9923393
   5.9923393   5.9923393   5.9923393   5.9923393   6.0153214   6.0153214
   6.0153214   6.0153214   6.0153214   6.0153214   6.0153214   6.0153214
 SUMMED SPIN DENSITY          -0.00000000
 TOTAL ATOMIC SPINS  :
  -0.0000000  -0.0000000  -0.0000000  -0.0000000  -0.0000000  -0.0000000
  -0.0000000  -0.0000000  -0.0000000  -0.0000000  -0.0000000  -0.0000000
  -0.0000000  -0.0000000  -0.0000000  -0.0000000   0.0000000   0.0000000
   0.0000000   0.0000000   0.0000000   0.0000000   0.0000000   0.0000000
 TTTTTTTTTTTTTTTTTTTTTTTTTTTTTT MOQGAD      TELAPSE      137.39 TCPU      136.22
 TTTTTTTTTTTTTTTTTTTTTTTTTTTTTT SHELLXN     TELAPSE      161.93 TCPU      160.75
 TTTTTTTTTTTTTTTTTTTTTTTTTTTTTT MONMO3      TELAPSE      161.97 TCPU      160.79
 NUMERICALLY INTEGRATED DENSITY     72.0000814273     72.0000814273
 TTTTTTTTTTTTTTTTTTTTTTTTTTTTTT NUMDFT      TELAPSE      162.42 TCPU      161.24
 CYC   5 ETOT(AU) -9.136721779768E+02 DETOT -1.68E-04 tst  1.21E-06 PX  2.78E-03
 TTTTTTTTTTTTTTTTTTTTTTTTTTTTTT DIIS        TELAPSE      162.52 TCPU      161.34
 DIIS TEST: 0.59051E-04 AT SCF   CYCLE   5 - DIIS ACTIVE - HISTORY:     5 CYCLES
 TTTTTTTTTTTTTTTTTTTTTTTTTTTTTT FDIK        TELAPSE      163.95 TCPU      162.76

    ALPHA      ELECTRONS
 INSULATING STATE
 TOP OF VALENCE BANDS -    BAND     72; K   46; EIG -1.3053383E-01 AU
 TOP OF VALENCE BANDS -    BAND     72; K    1; EIG -1.3936117E-01 AU
 BOTTOM OF VIRTUAL BANDS - BAND     73; K    1; EIG  2.6843192E-02 AU
 INDIRECT ENERGY BAND GAP:   4.2824 eV

    BETA       ELECTRONS
 INSULATING STATE
 TOP OF VALENCE BANDS -    BAND     72; K   46; EIG -1.3053383E-01 AU
 TOP OF VALENCE BANDS -    BAND     72; K    1; EIG -1.3936117E-01 AU
 BOTTOM OF VIRTUAL BANDS - BAND     73; K    1; EIG  2.6843192E-02 AU
 INDIRECT ENERGY BAND GAP:   4.2824 eV
 TTTTTTTTTTTTTTTTTTTTTTTTTTTTTT PDIG        TELAPSE      164.24 TCPU      163.06
 CHARGE NORMALIZATION FACTOR   1.00000000
 TOTAL ATOMIC CHARGES:
   5.9924776   5.9924776   5.9924776   5.9924776   5.9924776   5.9924776
   5.9924776   5.9924776   5.9924776   5.9924776   5.9924776   5.9924776
   5.9924776   5.9924776   5.9924776   5.9924776   6.0150447   6.0150447
   6.0150447   6.0150447   6.0150447   6.0150447   6.0150447   6.0150447
 SUMMED SPIN DENSITY          -0.00000000
 TOTAL ATOMIC SPINS  :
  -0.0000000  -0.0000000  -0.0000000  -0.0000000  -0.0000000  -0.0000000
  -0.0000000  -0.0000000  -0.0000000  -0.0000000  -0.0000000  -0.0000000
  -0.0000000  -0.0000000  -0.0000000  -0.0000000   0.0000000   0.0000000
   0.0000000   0.0000000   0.0000000   0.0000000   0.0000000   0.0000000
 TTTTTTTTTTTTTTTTTTTTTTTTTTTTTT MOQGAD      TELAPSE      164.26 TCPU      163.07
 TTTTTTTTTTTTTTTTTTTTTTTTTTTTTT SHELLXN     TELAPSE      188.82 TCPU      187.62
 TTTTTTTTTTTTTTTTTTTTTTTTTTTTTT MONMO3      TELAPSE      188.85 TCPU      187.66
 NUMERICALLY INTEGRATED DENSITY     72.0000814279     72.0000814279
 TTTTTTTTTTTTTTTTTTTTTTTTTTTTTT NUMDFT      TELAPSE      189.30 TCPU      188.11
 CYC   6 ETOT(AU) -9.136721810084E+02 DETOT -3.03E-06 tst  2.17E-08 PX  5.49E-04
 TTTTTTTTTTTTTTTTTTTTTTTTTTTTTT DIIS        TELAPSE      189.40 TCPU      188.21
 DIIS TEST: 0.46792E-06 AT SCF   CYCLE   6 - DIIS ACTIVE - HISTORY:     6 CYCLES
 TTTTTTTTTTTTTTTTTTTTTTTTTTTTTT FDIK        TELAPSE      190.85 TCPU      189.65

    ALPHA      ELECTRONS
 INSULATING STATE
 TOP OF VALENCE BANDS -    BAND     72; K   46; EIG -1.3055524E-01 AU
 TOP OF VALENCE BANDS -    BAND     72; K    1; EIG -1.3938445E-01 AU
 BOTTOM OF VIRTUAL BANDS - BAND     73; K    1; EIG  2.6820826E-02 AU
 INDIRECT ENERGY BAND GAP:   4.2824 eV

    BETA       ELECTRONS
 INSULATING STATE
 TOP OF VALENCE BANDS -    BAND     72; K   46; EIG -1.3055524E-01 AU
 TOP OF VALENCE BANDS -    BAND     72; K    1; EIG -1.3938445E-01 AU
 BOTTOM OF VIRTUAL BANDS - BAND     73; K    1; EIG  2.6820826E-02 AU
 INDIRECT ENERGY BAND GAP:   4.2824 eV
 TTTTTTTTTTTTTTTTTTTTTTTTTTTTTT PDIG        TELAPSE      191.14 TCPU      189.95
 CHARGE NORMALIZATION FACTOR   1.00000000
 TOTAL ATOMIC CHARGES:
   5.9924928   5.9924928   5.9924928   5.9924928   5.9924928   5.9924928
   5.9924928   5.9924928   5.9924928   5.9924928   5.9924928   5.9924928
   5.9924928   5.9924928   5.9924928   5.9924928   6.0150144   6.0150144
   6.0150144   6.0150144   6.0150144   6.0150144   6.0150144   6.0150144
 SUMMED SPIN DENSITY          -0.00000000
 TOTAL ATOMIC SPINS  :
   0.0000000   0.0000000   0.0000000   0.0000000   0.0000000   0.0000000
   0.0000000   0.0000000   0.0000000   0.0000000   0.0000000   0.0000000
   0.0000000   0.0000000   0.0000000   0.0000000  -0.0000000  -0.0000000
  -0.0000000  -0.0000000  -0.0000000  -0.0000000  -0.0000000  -0.0000000
 TTTTTTTTTTTTTTTTTTTTTTTTTTTTTT MOQGAD      TELAPSE      191.15 TCPU      189.96
 TTTTTTTTTTTTTTTTTTTTTTTTTTTTTT SHELLXN     TELAPSE      215.70 TCPU      214.50
 TTTTTTTTTTTTTTTTTTTTTTTTTTTTTT MONMO3      TELAPSE      215.74 TCPU      214.53
 NUMERICALLY INTEGRATED DENSITY     72.0000814288     72.0000814288
 TTTTTTTTTTTTTTTTTTTTTTTTTTTTTT NUMDFT      TELAPSE      216.19 TCPU      214.98
 CYC   7 ETOT(AU) -9.136721810628E+02 DETOT -5.44E-08 tst  2.71E-10 PX  2.58E-05
 TTTTTTTTTTTTTTTTTTTTTTTTTTTTTT DIIS        TELAPSE      216.29 TCPU      215.08
 DIIS TEST: 0.35009E-07 AT SCF   CYCLE   7 - DIIS ACTIVE - HISTORY:     7 CYCLES
 TTTTTTTTTTTTTTTTTTTTTTTTTTTTTT FDIK        TELAPSE      217.70 TCPU      216.48

    ALPHA      ELECTRONS
 INSULATING STATE
 TOP OF VALENCE BANDS -    BAND     72; K   46; EIG -1.3056566E-01 AU
 TOP OF VALENCE BANDS -    BAND     72; K    1; EIG -1.3939428E-01 AU
 BOTTOM OF VIRTUAL BANDS - BAND     73; K    1; EIG  2.6810902E-02 AU
 INDIRECT ENERGY BAND GAP:   4.2824 eV

    BETA       ELECTRONS
 INSULATING STATE
 TOP OF VALENCE BANDS -    BAND     72; K   46; EIG -1.3056566E-01 AU
 TOP OF VALENCE BANDS -    BAND     72; K    1; EIG -1.3939428E-01 AU
 BOTTOM OF VIRTUAL BANDS - BAND     73; K    1; EIG  2.6810902E-02 AU
 INDIRECT ENERGY BAND GAP:   4.2824 eV
 TTTTTTTTTTTTTTTTTTTTTTTTTTTTTT PDIG        TELAPSE      217.99 TCPU      216.78
 CHARGE NORMALIZATION FACTOR   1.00000000
 TOTAL ATOMIC CHARGES:
   5.9924861   5.9924861   5.9924861   5.9924861   5.9924861   5.9924861
   5.9924861   5.9924861   5.9924861   5.9924861   5.9924861   5.9924861
   5.9924861   5.9924861   5.9924861   5.9924861   6.0150278   6.0150278
   6.0150278   6.0150278   6.0150278   6.0150278   6.0150278   6.0150278
 SUMMED SPIN DENSITY          -0.00000000
 TOTAL ATOMIC SPINS  :
  -0.0000000  -0.0000000  -0.0000000  -0.0000000  -0.0000000  -0.0000000
  -0.0000000  -0.0000000  -0.0000000  -0.0000000  -0.0000000  -0.0000000
  -0.0000000  -0.0000000  -0.0000000  -0.0000000   0.0000000   0.0000000
   0.0000000   0.0000000   0.0000000   0.0000000   0.0000000   0.0000000
 TTTTTTTTTTTTTTTTTTTTTTTTTTTTTT MOQGAD      TELAPSE      218.00 TCPU      216.79
 TTTTTTTTTTTTTTTTTTTTTTTTTTTTTT SHELLXN     TELAPSE      242.55 TCPU      241.33
 TTTTTTTTTTTTTTTTTTTTTTTTTTTTTT MONMO3      TELAPSE      242.59 TCPU      241.37
 NUMERICALLY INTEGRATED DENSITY     72.0000814284     72.0000814284
 TTTTTTTTTTTTTTTTTTTTTTTTTTTTTT NUMDFT      TELAPSE      243.04 TCPU      241.81
 CYC   8 ETOT(AU) -9.136721810838E+02 DETOT -2.10E-08 tst  2.24E-11 PX  8.23E-06
 TTTTTTTTTTTTTTTTTTTTTTTTTTTTTT DIIS        TELAPSE      243.13 TCPU      241.91
 DIIS TEST: 0.13996E-09 AT SCF   CYCLE   8 - DIIS ACTIVE - HISTORY:     8 CYCLES
 TTTTTTTTTTTTTTTTTTTTTTTTTTTTTT FDIK        TELAPSE      244.37 TCPU      243.15

    ALPHA      ELECTRONS
 INSULATING STATE
 TOP OF VALENCE BANDS -    BAND     72; K   46; EIG -1.3056585E-01 AU
 TOP OF VALENCE BANDS -    BAND     72; K    1; EIG -1.3939446E-01 AU
 BOTTOM OF VIRTUAL BANDS - BAND     73; K    1; EIG  2.6810766E-02 AU
 INDIRECT ENERGY BAND GAP:   4.2824 eV

    BETA       ELECTRONS
 INSULATING STATE
 TOP OF VALENCE BANDS -    BAND     72; K   46; EIG -1.3056585E-01 AU
 TOP OF VALENCE BANDS -    BAND     72; K    1; EIG -1.3939446E-01 AU
 BOTTOM OF VIRTUAL BANDS - BAND     73; K    1; EIG  2.6810766E-02 AU
 INDIRECT ENERGY BAND GAP:   4.2824 eV
 TTTTTTTTTTTTTTTTTTTTTTTTTTTTTT PDIG        TELAPSE      244.67 TCPU      243.44
 CHARGE NORMALIZATION FACTOR   1.00000000
 TOTAL ATOMIC CHARGES:
   5.9924862   5.9924862   5.9924862   5.9924862   5.9924862   5.9924862
   5.9924862   5.9924862   5.9924862   5.9924862   5.9924862   5.9924862
   5.9924862   5.9924862   5.9924862   5.9924862   6.0150277   6.0150277
   6.0150277   6.0150277   6.0150277   6.0150277   6.0150277   6.0150277
 SUMMED SPIN DENSITY           0.00000000
 TOTAL ATOMIC SPINS  :
  -0.0000000  -0.0000000  -0.0000000  -0.0000000  -0.0000000  -0.0000000
  -0.0000000  -0.0000000  -0.0000000  -0.0000000  -0.0000000  -0.0000000
  -0.0000000  -0.0000000  -0.0000000  -0.0000000   0.0000000   0.0000000
   0.0000000   0.0000000   0.0000000   0.0000000   0.0000000   0.0000000
 TTTTTTTTTTTTTTTTTTTTTTTTTTTTTT MOQGAD      TELAPSE      244.68 TCPU      243.45
 TTTTTTTTTTTTTTTTTTTTTTTTTTTTTT SHELLXN     TELAPSE      269.22 TCPU      267.99
 TTTTTTTTTTTTTTTTTTTTTTTTTTTTTT MONMO3      TELAPSE      269.26 TCPU      268.02
 NUMERICALLY INTEGRATED DENSITY     72.0000814284     72.0000814284
 TTTTTTTTTTTTTTTTTTTTTTTTTTTTTT NUMDFT      TELAPSE      269.71 TCPU      268.47
 CYC   9 ETOT(AU) -9.136721810840E+02 DETOT -1.95E-10 tst  1.24E-13 PX  6.25E-07
 TTTTTTTTTTTTTTTTTTTTTTTTTTTTTT DIIS        TELAPSE      269.80 TCPU      268.57
 DIIS TEST: 0.13024E-10 AT SCF   CYCLE   9 - DIIS ACTIVE - HISTORY:     9 CYCLES
 TTTTTTTTTTTTTTTTTTTTTTTTTTTTTT FDIK        TELAPSE      270.93 TCPU      269.69

    ALPHA      ELECTRONS
 INSULATING STATE
 TOP OF VALENCE BANDS -    BAND     72; K   46; EIG -1.3056587E-01 AU
 TOP OF VALENCE BANDS -    BAND     72; K    1; EIG -1.3939447E-01 AU
 BOTTOM OF VIRTUAL BANDS - BAND     73; K    1; EIG  2.6810736E-02 AU
 INDIRECT ENERGY BAND GAP:   4.2824 eV

    BETA       ELECTRONS
 INSULATING STATE
 TOP OF VALENCE BANDS -    BAND     72; K   46; EIG -1.3056587E-01 AU
 TOP OF VALENCE BANDS -    BAND     72; K    1; EIG -1.3939447E-01 AU
 BOTTOM OF VIRTUAL BANDS - BAND     73; K    1; EIG  2.6810736E-02 AU
 INDIRECT ENERGY BAND GAP:   4.2824 eV
 TTTTTTTTTTTTTTTTTTTTTTTTTTTTTT PDIG        TELAPSE      271.23 TCPU      269.99
 CHARGE NORMALIZATION FACTOR   1.00000000
 TOTAL ATOMIC CHARGES:
   5.9924861   5.9924861   5.9924861   5.9924861   5.9924861   5.9924861
   5.9924861   5.9924861   5.9924861   5.9924861   5.9924861   5.9924861
   5.9924861   5.9924861   5.9924861   5.9924861   6.0150279   6.0150279
   6.0150279   6.0150279   6.0150279   6.0150279   6.0150279   6.0150279
 SUMMED SPIN DENSITY          -0.00000000
 TOTAL ATOMIC SPINS  :
  -0.0000000  -0.0000000  -0.0000000  -0.0000000  -0.0000000  -0.0000000
  -0.0000000  -0.0000000  -0.0000000  -0.0000000  -0.0000000  -0.0000000
  -0.0000000  -0.0000000  -0.0000000  -0.0000000  -0.0000000  -0.0000000
  -0.0000000  -0.0000000  -0.0000000  -0.0000000  -0.0000000  -0.0000000
 TTTTTTTTTTTTTTTTTTTTTTTTTTTTTT MOQGAD      TELAPSE      271.24 TCPU      270.00
 TTTTTTTTTTTTTTTTTTTTTTTTTTTTTT SHELLXN     TELAPSE      295.77 TCPU      294.53
 +++ ENERGIES IN A.U. +++
 ::: EXT EL-POLE                                  -4.1428144266574E+03
 ::: EXT EL-SPHEROPOLE                             3.5053021776252E+01
 ::: BIELET ZONE E-E                               4.3026818524348E+03
 ::: TOTAL E-E                                     1.9492044755367E+02
 ::: TOTAL E-N + N-E                              -1.6229470813877E+03
 ::: TOTAL N-N                                    -2.9122772947216E+02
 ::: KINETIC ENERGY                                9.1114704811288E+02
 ::: PSEUDO TOTAL   ENERGY                        -8.0810731519335E+02
 ::: VIRIAL COEFFICIENT                            1.0599328029166E+00
 TTTTTTTTTTTTTTTTTTTTTTTTTTTTTT MONMO3      TELAPSE      295.81 TCPU      294.57
 NUMERICALLY INTEGRATED DENSITY     72.0000814284     72.0000814284
 EXCHANGE ENERGY: -0.994792763012E+02  CORRELATION ENERGY: -0.608558958984E+01
 TTTTTTTTTTTTTTTTTTTTTTTTTTTTTT NUMDFT      TELAPSE      296.26 TCPU      295.02
 CYC  10 ETOT(AU) -9.136721810844E+02 DETOT -3.65E-10 tst  2.99E-15 PX  6.25E-07

 == SCF ENDED - CONVERGENCE ON ENERGY      E(AU) -9.1367218108440E+02 CYCLES  10


 ENERGY EXPRESSION=HARTREE+FOCK EXCH*0.20000+(BECKE      EXCH)*0.80000+LYP        CORR


 TOTAL ENERGY(DFT)(AU)( 10) -9.1367218108440E+02 DE-3.7E-10 tester 3.0E-15
 TTTTTTTTTTTTTTTTTTTTTTTTTTTTTT EDFT        TELAPSE      296.28 TCPU      295.03
 
 INFORMATION **** DFTD3 ENERGY **** CALCULATE DFTD3 ENERGY

           DFT-D V3(BJ)
 DF                                         b3-lyp    
 parameters
 s6       :    1.0000
 s8       :    1.9889
 a1       :    0.3981
 a2       :    4.4211
 k1 k3    :   16.0000   -4.0000
 Cutoff   :   50.2022
 CN-Cutoff:   21.1671
 ABC-Cutoff:   21.1671
 
 Edisp /kcal,au:  -146.2178 -0.23301283

 E6    /kcal :   -70.3567
 E8    /kcal :   -75.8611
 
 INFORMATION **** DFTD3 ENERGY **** NORMAL TERMINATION OF DFTD3 MODULE

 *******************************************************************************

 DFT-D3 DISPERSION ENERGY CORRECTION

 D3 DISPERSION ENERGY (AU)       -2.3301282840420E-01
 TOTAL ENERGY + DISP (AU)        -9.1390519391280E+02

 *******************************************************************************


 NEIGHBORS OF THE NON-EQUIVALENT ATOMS

 N = NUMBER OF NEIGHBORS AT DISTANCE R
    ATOM  N     R/ANG      R/AU   NEIGHBORS (ATOM LABELS AND CELL INDICES)
   1 C    1     1.4478     2.7360    5 C    0 0 0
   1 C    1     1.5121     2.8574    4 C    0 0 0
   1 C    1     1.5621     2.9519   17 C    0 0-1
   1 C    1     1.6092     3.0410    3 C    0-1 0
   1 C    1     2.0497     3.8734    2 C    0-1 0
   1 C    1     2.3699     4.4785   21 C    0 0 0

  17 C    2     1.5621     2.9519    1 C    0 0 1   10 C    0 0 0
  17 C    2     1.6411     3.1013   23 C    0 0 0   24 C    0 0 0
  17 C    1     2.3209     4.3859   18 C    0 0 0
  17 C    2     2.3699     4.4785    5 C    0 0 1   14 C    0 0 0
  17 C    2     2.3852     4.5074    4 C    0 0 1   11 C    0 0 0
  17 C    2     2.5557     4.8295    7 C    0 0 1   16 C    0 0 0

 TTTTTTTTTTTTTTTTTTTTTTTTTTTTTT AFTER FIRST TELAPSE      296.41 TCPU      295.16
 MMMMMMMMMMMMMMMMMMMMMMMMMMMMMMMMMMMMMMMMMMMMMMMMMMMMMMMMMMMMMMMMMMMMMMMMMMMMMMM
     ALPHA+BETA ELECTRONS
 MULLIKEN POPULATION ANALYSIS - NO. OF ELECTRONS  144.000000

  ATOM    Z CHARGE  A.O. POPULATION

   1 C    6  5.992  0.854  1.121  0.750  0.448  0.465  0.439  0.438 -0.009
                   -0.010  0.000  0.472  0.493  0.484  0.010  0.008  0.009
                    0.011  0.010
   2 C    6  5.992  0.854  1.121  0.750  0.448  0.465  0.439  0.438 -0.009
                   -0.010  0.000  0.472  0.493  0.484  0.010  0.008  0.009
                    0.011  0.010
   3 C    6  5.992  0.854  1.121  0.750  0.448  0.465  0.439  0.438 -0.009
                   -0.010  0.000  0.472  0.493  0.484  0.010  0.008  0.009
                    0.011  0.010
   4 C    6  5.992  0.854  1.121  0.750  0.448  0.465  0.439  0.438 -0.009
                   -0.010  0.000  0.472  0.493  0.484  0.010  0.008  0.009
                    0.011  0.010
   5 C    6  5.992  0.854  1.121  0.750  0.448  0.439  0.465  0.438 -0.010
                   -0.009  0.000  0.493  0.472  0.484  0.010  0.009  0.008
                    0.011  0.010
   6 C    6  5.992  0.854  1.121  0.750  0.448  0.439  0.465  0.438 -0.010
                   -0.009  0.000  0.493  0.472  0.484  0.010  0.009  0.008
                    0.011  0.010
   7 C    6  5.992  0.854  1.121  0.750  0.448  0.439  0.465  0.438 -0.010
                   -0.009  0.000  0.493  0.472  0.484  0.010  0.009  0.008
                    0.011  0.010
   8 C    6  5.992  0.854  1.121  0.750  0.448  0.439  0.465  0.438 -0.010
                   -0.009  0.000  0.493  0.472  0.484  0.010  0.009  0.008
                    0.011  0.010
   9 C    6  5.992  0.854  1.121  0.750  0.448  0.465  0.439  0.438 -0.009
                   -0.010  0.000  0.472  0.493  0.484  0.010  0.008  0.009
                    0.011  0.010
  10 C    6  5.992  0.854  1.121  0.750  0.448  0.465  0.439  0.438 -0.009
                   -0.010  0.000  0.472  0.493  0.484  0.010  0.008  0.009
                    0.011  0.010
  11 C    6  5.992  0.854  1.121  0.750  0.448  0.465  0.439  0.438 -0.009
                   -0.010  0.000  0.472  0.493  0.484  0.010  0.008  0.009
                    0.011  0.010
  12 C    6  5.992  0.854  1.121  0.750  0.448  0.465  0.439  0.438 -0.009
                   -0.010  0.000  0.472  0.493  0.484  0.010  0.008  0.009
                    0.011  0.010
  13 C    6  5.992  0.854  1.121  0.750  0.448  0.439  0.465  0.438 -0.010
                   -0.009  0.000  0.493  0.472  0.484  0.010  0.009  0.008
                    0.011  0.010
  14 C    6  5.992  0.854  1.121  0.750  0.448  0.439  0.465  0.438 -0.010
                   -0.009  0.000  0.493  0.472  0.484  0.010  0.009  0.008
                    0.011  0.010
  15 C    6  5.992  0.854  1.121  0.750  0.448  0.439  0.465  0.438 -0.010
                   -0.009  0.000  0.493  0.472  0.484  0.010  0.009  0.008
                    0.011  0.010
  16 C    6  5.992  0.854  1.121  0.750  0.448  0.439  0.465  0.438 -0.010
                   -0.009  0.000  0.493  0.472  0.484  0.010  0.009  0.008
                    0.011  0.010
  17 C    6  6.015  0.854  1.120  0.767  0.486  0.417  0.408  0.439 -0.017
                   -0.020 -0.009  0.514  0.522  0.495  0.012  0.006  0.008
                    0.007  0.007
  18 C    6  6.015  0.854  1.120  0.767  0.486  0.417  0.408  0.439 -0.017
                   -0.020 -0.009  0.514  0.522  0.495  0.012  0.006  0.008
                    0.007  0.007
  19 C    6  6.015  0.854  1.120  0.767  0.486  0.417  0.408  0.439 -0.017
                   -0.020 -0.009  0.514  0.522  0.495  0.012  0.006  0.008
                    0.007  0.007
  20 C    6  6.015  0.854  1.120  0.767  0.486  0.417  0.408  0.439 -0.017
                   -0.020 -0.009  0.514  0.522  0.495  0.012  0.006  0.008
                    0.007  0.007
  21 C    6  6.015  0.854  1.120  0.767  0.486  0.408  0.417  0.439 -0.020
                   -0.017 -0.009  0.522  0.514  0.495  0.012  0.008  0.006
                    0.007  0.007
  22 C    6  6.015  0.854  1.120  0.767  0.486  0.408  0.417  0.439 -0.020
                   -0.017 -0.009  0.522  0.514  0.495  0.012  0.008  0.006
                    0.007  0.007
  23 C    6  6.015  0.854  1.120  0.767  0.486  0.408  0.417  0.439 -0.020
                   -0.017 -0.009  0.522  0.514  0.495  0.012  0.008  0.006
                    0.007  0.007
  24 C    6  6.015  0.854  1.120  0.767  0.486  0.408  0.417  0.439 -0.020
                   -0.017 -0.009  0.522  0.514  0.495  0.012  0.008  0.006
                    0.007  0.007

  ATOM    Z CHARGE  SHELL POPULATION

   1 C    6  5.992  0.854  1.121  0.750  0.448  1.342 -0.019  1.448  0.048
   2 C    6  5.992  0.854  1.121  0.750  0.448  1.342 -0.019  1.448  0.048
   3 C    6  5.992  0.854  1.121  0.750  0.448  1.342 -0.019  1.448  0.048
   4 C    6  5.992  0.854  1.121  0.750  0.448  1.342 -0.019  1.448  0.048
   5 C    6  5.992  0.854  1.121  0.750  0.448  1.342 -0.019  1.448  0.048
   6 C    6  5.992  0.854  1.121  0.750  0.448  1.342 -0.019  1.448  0.048
   7 C    6  5.992  0.854  1.121  0.750  0.448  1.342 -0.019  1.448  0.048
   8 C    6  5.992  0.854  1.121  0.750  0.448  1.342 -0.019  1.448  0.048
   9 C    6  5.992  0.854  1.121  0.750  0.448  1.342 -0.019  1.448  0.048
  10 C    6  5.992  0.854  1.121  0.750  0.448  1.342 -0.019  1.448  0.048
  11 C    6  5.992  0.854  1.121  0.750  0.448  1.342 -0.019  1.448  0.048
  12 C    6  5.992  0.854  1.121  0.750  0.448  1.342 -0.019  1.448  0.048
  13 C    6  5.992  0.854  1.121  0.750  0.448  1.342 -0.019  1.448  0.048
  14 C    6  5.992  0.854  1.121  0.750  0.448  1.342 -0.019  1.448  0.048
  15 C    6  5.992  0.854  1.121  0.750  0.448  1.342 -0.019  1.448  0.048
  16 C    6  5.992  0.854  1.121  0.750  0.448  1.342 -0.019  1.448  0.048
  17 C    6  6.015  0.854  1.120  0.767  0.486  1.264 -0.046  1.531  0.039
  18 C    6  6.015  0.854  1.120  0.767  0.486  1.264 -0.046  1.531  0.039
  19 C    6  6.015  0.854  1.120  0.767  0.486  1.264 -0.046  1.531  0.039
  20 C    6  6.015  0.854  1.120  0.767  0.486  1.264 -0.046  1.531  0.039
  21 C    6  6.015  0.854  1.120  0.767  0.486  1.264 -0.046  1.531  0.039
  22 C    6  6.015  0.854  1.120  0.767  0.486  1.264 -0.046  1.531  0.039
  23 C    6  6.015  0.854  1.120  0.767  0.486  1.264 -0.046  1.531  0.039
  24 C    6  6.015  0.854  1.120  0.767  0.486  1.264 -0.046  1.531  0.039

 OVERLAP POPULATION CONDENSED TO ATOMS FOR FIRST   6 NEIGHBORS

 ATOM A   1 C    ATOM B     CELL      R(AB)/AU R(AB)/ANG    OVPOP(AB)
                  5 C    (  0  0  0)     2.736     1.448     0.312
                  4 C    (  0  0  0)     2.857     1.512     0.300
                 17 C    (  0  0 -1)     2.952     1.562     0.274
                  3 C    (  0 -1  0)     3.041     1.609     0.297
                  2 C    (  0 -1  0)     3.873     2.050    -0.140
                 21 C    (  0  0  0)     4.478     2.370    -0.032

 ATOM A  17 C    ATOM B     CELL      R(AB)/AU R(AB)/ANG    OVPOP(AB)
                  1 C    (  0  0  1)     2.952     1.562     0.274
                 23 C    (  0  0  0)     3.101     1.641     0.372
                 18 C    (  0  0  0)     4.386     2.321    -0.115
                  5 C    (  0  0  1)     4.478     2.370    -0.032
                  4 C    (  0  0  1)     4.507     2.385    -0.032
                  7 C    (  0  0  1)     4.829     2.556    -0.029
 TTTTTTTTTTTTTTTTTTTTTTTTTTTTTT AFTER FIRST TELAPSE      296.76 TCPU      295.20
 MMMMMMMMMMMMMMMMMMMMMMMMMMMMMMMMMMMMMMMMMMMMMMMMMMMMMMMMMMMMMMMMMMMMMMMMMMMMMMM
     ALPHA-BETA ELECTRONS
 MULLIKEN POPULATION ANALYSIS - NO. OF ELECTRONS   -0.000000

  ATOM    Z CHARGE  A.O. POPULATION

   1 C    6 -0.000 -0.000  0.000  0.000 -0.000  0.000  0.000  0.000  0.000
                   -0.000 -0.000 -0.000  0.000 -0.000  0.000 -0.000  0.000
                    0.000 -0.000
   2 C    6 -0.000 -0.000  0.000  0.000 -0.000  0.000  0.000  0.000  0.000
                   -0.000 -0.000 -0.000  0.000 -0.000  0.000 -0.000  0.000
                    0.000 -0.000
   3 C    6 -0.000 -0.000  0.000  0.000 -0.000  0.000  0.000  0.000  0.000
                   -0.000 -0.000 -0.000  0.000 -0.000  0.000 -0.000  0.000
                    0.000 -0.000
   4 C    6 -0.000 -0.000  0.000  0.000 -0.000  0.000  0.000  0.000  0.000
                   -0.000 -0.000 -0.000  0.000 -0.000  0.000 -0.000  0.000
                    0.000 -0.000
   5 C    6 -0.000 -0.000  0.000  0.000 -0.000  0.000  0.000  0.000 -0.000
                    0.000 -0.000  0.000 -0.000 -0.000  0.000  0.000 -0.000
                    0.000 -0.000
   6 C    6 -0.000 -0.000  0.000  0.000 -0.000  0.000  0.000  0.000 -0.000
                    0.000 -0.000  0.000 -0.000 -0.000  0.000  0.000 -0.000
                    0.000 -0.000
   7 C    6 -0.000 -0.000  0.000  0.000 -0.000  0.000  0.000  0.000 -0.000
                    0.000 -0.000  0.000 -0.000 -0.000  0.000  0.000 -0.000
                    0.000 -0.000
   8 C    6 -0.000 -0.000  0.000  0.000 -0.000  0.000  0.000  0.000 -0.000
                    0.000 -0.000  0.000 -0.000 -0.000  0.000  0.000 -0.000
                    0.000 -0.000
   9 C    6 -0.000 -0.000  0.000  0.000 -0.000  0.000  0.000  0.000  0.000
                   -0.000 -0.000 -0.000  0.000 -0.000  0.000 -0.000  0.000
                    0.000 -0.000
  10 C    6 -0.000 -0.000  0.000  0.000 -0.000  0.000  0.000  0.000  0.000
                   -0.000 -0.000 -0.000  0.000 -0.000  0.000 -0.000  0.000
                    0.000 -0.000
  11 C    6 -0.000 -0.000  0.000  0.000 -0.000  0.000  0.000  0.000  0.000
                   -0.000 -0.000 -0.000  0.000 -0.000  0.000 -0.000  0.000
                    0.000 -0.000
  12 C    6 -0.000 -0.000  0.000  0.000 -0.000  0.000  0.000  0.000  0.000
                   -0.000 -0.000 -0.000  0.000 -0.000  0.000 -0.000  0.000
                    0.000 -0.000
  13 C    6 -0.000 -0.000  0.000  0.000 -0.000  0.000  0.000  0.000 -0.000
                    0.000 -0.000  0.000 -0.000 -0.000  0.000  0.000 -0.000
                    0.000 -0.000
  14 C    6 -0.000 -0.000  0.000  0.000 -0.000  0.000  0.000  0.000 -0.000
                    0.000 -0.000  0.000 -0.000 -0.000  0.000  0.000 -0.000
                    0.000 -0.000
  15 C    6 -0.000 -0.000  0.000  0.000 -0.000  0.000  0.000  0.000 -0.000
                    0.000 -0.000  0.000 -0.000 -0.000  0.000  0.000 -0.000
                    0.000 -0.000
  16 C    6 -0.000 -0.000  0.000  0.000 -0.000  0.000  0.000  0.000 -0.000
                    0.000 -0.000  0.000 -0.000 -0.000  0.000  0.000 -0.000
                    0.000 -0.000
  17 C    6 -0.000 -0.000 -0.000  0.000 -0.000  0.000 -0.000  0.000 -0.000
                   -0.000 -0.000  0.000  0.000 -0.000 -0.000  0.000  0.000
                    0.000 -0.000
  18 C    6 -0.000 -0.000 -0.000  0.000 -0.000  0.000 -0.000  0.000 -0.000
                   -0.000 -0.000  0.000  0.000 -0.000 -0.000  0.000  0.000
                    0.000 -0.000
  19 C    6 -0.000 -0.000 -0.000  0.000 -0.000  0.000 -0.000  0.000 -0.000
                   -0.000 -0.000  0.000  0.000 -0.000 -0.000  0.000  0.000
                    0.000 -0.000
  20 C    6 -0.000 -0.000 -0.000  0.000 -0.000  0.000 -0.000  0.000 -0.000
                   -0.000 -0.000  0.000  0.000 -0.000 -0.000  0.000  0.000
                    0.000 -0.000
  21 C    6 -0.000 -0.000 -0.000  0.000 -0.000 -0.000  0.000  0.000 -0.000
                   -0.000 -0.000  0.000  0.000 -0.000 -0.000  0.000  0.000
                    0.000 -0.000
  22 C    6 -0.000 -0.000 -0.000  0.000 -0.000 -0.000  0.000  0.000 -0.000
                   -0.000 -0.000  0.000  0.000 -0.000 -0.000  0.000  0.000
                    0.000 -0.000
  23 C    6 -0.000 -0.000 -0.000  0.000 -0.000 -0.000  0.000  0.000 -0.000
                   -0.000 -0.000  0.000  0.000 -0.000 -0.000  0.000  0.000
                    0.000 -0.000
  24 C    6 -0.000 -0.000 -0.000  0.000 -0.000 -0.000  0.000  0.000 -0.000
                   -0.000 -0.000  0.000  0.000 -0.000 -0.000  0.000  0.000
                    0.000 -0.000

  ATOM    Z CHARGE  SHELL POPULATION

   1 C    6 -0.000 -0.000  0.000  0.000 -0.000  0.000 -0.000  0.000  0.000
   2 C    6 -0.000 -0.000  0.000  0.000 -0.000  0.000 -0.000  0.000  0.000
   3 C    6 -0.000 -0.000  0.000  0.000 -0.000  0.000 -0.000  0.000  0.000
   4 C    6 -0.000 -0.000  0.000  0.000 -0.000  0.000 -0.000  0.000  0.000
   5 C    6 -0.000 -0.000  0.000  0.000 -0.000  0.000 -0.000  0.000  0.000
   6 C    6 -0.000 -0.000  0.000  0.000 -0.000  0.000 -0.000  0.000  0.000
   7 C    6 -0.000 -0.000  0.000  0.000 -0.000  0.000 -0.000  0.000  0.000
   8 C    6 -0.000 -0.000  0.000  0.000 -0.000  0.000 -0.000  0.000  0.000
   9 C    6 -0.000 -0.000  0.000  0.000 -0.000  0.000 -0.000  0.000  0.000
  10 C    6 -0.000 -0.000  0.000  0.000 -0.000  0.000 -0.000  0.000  0.000
  11 C    6 -0.000 -0.000  0.000  0.000 -0.000  0.000 -0.000  0.000  0.000
  12 C    6 -0.000 -0.000  0.000  0.000 -0.000  0.000 -0.000  0.000  0.000
  13 C    6 -0.000 -0.000  0.000  0.000 -0.000  0.000 -0.000  0.000  0.000
  14 C    6 -0.000 -0.000  0.000  0.000 -0.000  0.000 -0.000  0.000  0.000
  15 C    6 -0.000 -0.000  0.000  0.000 -0.000  0.000 -0.000  0.000  0.000
  16 C    6 -0.000 -0.000  0.000  0.000 -0.000  0.000 -0.000  0.000  0.000
  17 C    6 -0.000 -0.000 -0.000  0.000 -0.000  0.000 -0.000  0.000  0.000
  18 C    6 -0.000 -0.000 -0.000  0.000 -0.000  0.000 -0.000  0.000  0.000
  19 C    6 -0.000 -0.000 -0.000  0.000 -0.000  0.000 -0.000  0.000  0.000
  20 C    6 -0.000 -0.000 -0.000  0.000 -0.000  0.000 -0.000  0.000  0.000
  21 C    6 -0.000 -0.000 -0.000  0.000 -0.000  0.000 -0.000  0.000  0.000
  22 C    6 -0.000 -0.000 -0.000  0.000 -0.000  0.000 -0.000  0.000  0.000
  23 C    6 -0.000 -0.000 -0.000  0.000 -0.000  0.000 -0.000  0.000  0.000
  24 C    6 -0.000 -0.000 -0.000  0.000 -0.000  0.000 -0.000  0.000  0.000

 OVERLAP POPULATION CONDENSED TO ATOMS FOR FIRST   6 NEIGHBORS

 ATOM A   1 C    ATOM B     CELL      R(AB)/AU R(AB)/ANG    OVPOP(AB)
                  5 C    (  0  0  0)     2.736     1.448     0.000
                  4 C    (  0  0  0)     2.857     1.512    -0.000
                 17 C    (  0  0 -1)     2.952     1.562    -0.000
                  3 C    (  0 -1  0)     3.041     1.609     0.000
                  2 C    (  0 -1  0)     3.873     2.050     0.000
                 21 C    (  0  0  0)     4.478     2.370    -0.000

 ATOM A  17 C    ATOM B     CELL      R(AB)/AU R(AB)/ANG    OVPOP(AB)
                  1 C    (  0  0  1)     2.952     1.562    -0.000
                 23 C    (  0  0  0)     3.101     1.641     0.000
                 18 C    (  0  0  0)     4.386     2.321     0.000
                  5 C    (  0  0  1)     4.478     2.370    -0.000
                  4 C    (  0  0  1)     4.507     2.385     0.000
                  7 C    (  0  0  1)     4.829     2.556     0.000
 EIGENVECTORS IN FORTRAN UNIT  8
 TTTTTTTTTTTTTTTTTTTTTTTTTTTTTT END         TELAPSE      297.16 TCPU      295.54
 EEEEEEEEEE TERMINATION  DATE 30 01 2026 TIME 22:43:35.2
NODE    0 CPU TIME =       295.539
NODE    1 CPU TIME =       295.783
NODE    2 CPU TIME =       295.817
NODE    3 CPU TIME =       295.799
NODE    4 CPU TIME =       295.964
NODE    5 CPU TIME =       295.773
NODE    6 CPU TIME =       295.973
NODE    7 CPU TIME =       296.066
NODE    8 CPU TIME =       295.849
NODE    9 CPU TIME =       295.772
NODE   10 CPU TIME =       295.951
NODE   11 CPU TIME =       296.007
NODE   12 CPU TIME =       295.880
NODE   13 CPU TIME =       295.808
NODE   14 CPU TIME =       295.902
NODE   15 CPU TIME =       296.032
NODE   16 CPU TIME =       295.926
NODE   17 CPU TIME =       295.788
NODE   18 CPU TIME =       295.733
NODE   19 CPU TIME =       295.906
NODE   20 CPU TIME =       295.996
NODE   21 CPU TIME =       295.815
NODE   22 CPU TIME =       295.789
NODE   23 CPU TIME =       295.865
NODE   24 CPU TIME =       295.781
NODE   25 CPU TIME =       295.853
NODE   26 CPU TIME =       295.938
NODE   27 CPU TIME =       295.624
NODE   28 CPU TIME =       295.874
NODE   29 CPU TIME =       295.546
NODE   30 CPU TIME =       295.879
NODE   31 CPU TIME =       295.615
    TOTAL CPU TIME =      9466.843
