MPI startup(): Warning: I_MPI_PMI_LIBRARY will be ignored since the hydra process manager was found
MPI startup(): Warning: I_MPI_PMI_LIBRARY will be ignored since the hydra process manager was found
MPI startup(): Warning: I_MPI_PMI_LIBRARY will be ignored since the hydra process manager was found
MPI startup(): Warning: I_MPI_PMI_LIBRARY will be ignored since the hydra process manager was found
MPI startup(): Warning: I_MPI_PMI_LIBRARY will be ignored since the hydra process manager was found
MPI startup(): Warning: I_MPI_PMI_LIBRARY will be ignored since the hydra process manager was found
MPI startup(): Warning: I_MPI_PMI_LIBRARY will be ignored since the hydra process manager was found
MPI startup(): Warning: I_MPI_PMI_LIBRARY will be ignored since the hydra process manager was found
MPI startup(): Warning: I_MPI_PMI_LIBRARY will be ignored since the hydra process manager was found
MPI startup(): Warning: I_MPI_PMI_LIBRARY will be ignored since the hydra process manager was found
MPI startup(): Warning: I_MPI_PMI_LIBRARY will be ignored since the hydra process manager was found
MPI startup(): Warning: I_MPI_PMI_LIBRARY will be ignored since the hydra process manager was found
MPI startup(): Warning: I_MPI_PMI_LIBRARY will be ignored since the hydra process manager was found
MPI startup(): Warning: I_MPI_PMI_LIBRARY will be ignored since the hydra process manager was found
MPI startup(): Warning: I_MPI_PMI_LIBRARY will be ignored since the hydra process manager was found
MPI startup(): Warning: I_MPI_PMI_LIBRARY will be ignored since the hydra process manager was found
MPI startup(): Warning: I_MPI_PMI_LIBRARY will be ignored since the hydra process manager was found
MPI startup(): Warning: I_MPI_PMI_LIBRARY will be ignored since the hydra process manager was found
MPI startup(): Warning: I_MPI_PMI_LIBRARY will be ignored since the hydra process manager was found
MPI startup(): Warning: I_MPI_PMI_LIBRARY will be ignored since the hydra process manager was found
MPI startup(): Warning: I_MPI_PMI_LIBRARY will be ignored since the hydra process manager was found
MPI startup(): Warning: I_MPI_PMI_LIBRARY will be ignored since the hydra process manager was found
MPI startup(): Warning: I_MPI_PMI_LIBRARY will be ignored since the hydra process manager was found
MPI startup(): Warning: I_MPI_PMI_LIBRARY will be ignored since the hydra process manager was found
 PROCESS           23  OF           24  WORKING
 PROCESS           21  OF           24  WORKING
 PROCESS            4  OF           24  WORKING
 PROCESS           19  OF           24  WORKING
 PROCESS           17  OF           24  WORKING
 PROCESS           16  OF           24  WORKING
 PROCESS           22  OF           24  WORKING
 PROCESS            2  OF           24  WORKING
 PROCESS           18  OF           24  WORKING
 PROCESS           11  OF           24  WORKING
 PROCESS           15  OF           24  WORKING
 PROCESS           14  OF           24  WORKING
 PROCESS            6  OF           24  WORKING
 PROCESS           13  OF           24  WORKING
 PROCESS           20  OF           24  WORKING
 PROCESS            3  OF           24  WORKING
 PROCESS           10  OF           24  WORKING
 PROCESS           12  OF           24  WORKING
 PROCESS            1  OF           24  WORKING
 PROCESS            0  OF           24  WORKING

         
 *******************************************************************************
 *                                                                             *
 *                               CRYSTAL23                                     *
 *                      public : 1.0.1 - October 2022                          *
 *                       HTTP://WWW.CRYSTAL.UNITO.IT                           *
 *                                                                             *
 *                              MAIN AUTHORS                                   *
 *                                                                             *
 *  R. DOVESI(1,11), V.R. SAUNDERS(2), C. ROETTI(1,11), R. ORLANDO(1,11),      *
 *  C.M. ZICOVICH-WILSON(1,3), F. PASCALE(4), B. CIVALLERI(1,11),              *
 *  K. DOLL(5), N.M. HARRISON(6), I.J. BUSH(7), Ph. D'ARCO(8),                 *
 *  M. LLUNELL(9), M. CAUSA'(10), Y. NOEL(8), L. MASCHIO(1,11), A. ERBA(1,11)  *
 *  M. RE'RAT(14), S. CASASSA(1,11), B.G. SEARLE(2), J.K. DESMARAIS(1)         *
 *                                                                             *
 *        CONTRIBUTIONS TO THE CODE HAVE ALSO BEEN GIVEN BY                    *
 *                                                                             *
 *  M. FERRABONE(1,11), M. DE LA PIERRE(1,11), M. FERRERO(1,11),               *
 *  J. BAIMA(1,11), E. ALBANESE(1,11), M.F. PEINTINGER(12), R. BAST(13),       *
 *  B. KIRTMAN(15), V. LACIVITA(1,11), R. DEMICHELIS(1,16)                     *
 *  G. BRANDEBURG(17), S. SALUSTRO(1,11), G. SANSONE(1,11)                     *
 *  M.T. RUGGIERO(18), L.E. DAGA(1), L. DONA'(1), A. COSSARD(1)                *
 *                                                                             *
 * (1) THEORETICAL CHEMISTRY GROUP - UNIVERSITA' DI TORINO - TORINO (ITALY)    *
 * (2) SCIENTIFIC COMPUTING DEPARTMENT - STFC DARESBURY (UK)                   *
 * (3) UNIVERSIDAD AUTONOMA DEL ESTADO DE MORELOS - CUERNAVACA (MEXICO)        *
 * (4) UNIVERSITE' DE LORRAINE - NANCY (FRANCE)                                *
 * (5) UNIVERSITAET STUTTGART- STUTTGART (GERMANY)                             *
 * (6) IMPERIAL COLLEGE - LONDON (UK)                                          *
 * (7) SCIENTIFIC COMPUTING DEPARTMENT - STFC RAL (UK)                         *
 * (8) UPMC - SORBONNE UNIVERSITES - PARIS (FRANCE)                            *
 * (9) UNIVERSIDAD DE BARCELONA - BARCELONA (SPAIN)                            *
 *(10) UNIVERSITA' DI NAPOLI "FEDERICO II" - NAPOLI (ITALY)                    *
 *(11) NIS - NANOSTRUCTURED INTERFACES AND SURFACES - TORINO (ITALY)           *
 *(12) MPI FUER CHEMISCHE ENERGIEKONVERSION - MUELHEIM AN DER RUHR (GERMANY)   *
 *(13) UNIVERSITY OF TROMSO - TROMSO (NORWAY)                                  *
 *(14) UNIVERSITE' DE PAU ET DES PAYS DE L'ADOUR - PAU (FRANCE)                *
 *(15) UNIVERSITY OF CALIFORNIA SANTA BARBARA - SANTA BARBARA (USA)            *
 *(16) CURTIN UNIVERSITY - PERTH (AUSTRALIA)                                   *
 *(17) UNIVERSITY COLLEGE LONDON - LONDON (UK)                                 *
 *(18) UNIVERSITY OF VERMONT - BURLINGTON (USA)                                *
 *                                                                             *
 *******************************************************************************
 EEEEEEEEEE STARTING  DATE 22 01 2026 TIME 06:04:39.5
 ./4^2T1262-HZ_BULK_OPTGEOM_TZ_opt_B3LYP-D3-D3_optimized_rev1_sp_B3LYP-D3-D3_opti
 PROCESS            5  OF           24  WORKING
 PROCESS            7  OF           24  WORKING
 PROCESS            8  OF           24  WORKING
 PROCESS            9  OF           24  WORKING

 CRYSTAL CALCULATION
 (INPUT ACCORDING TO THE INTERNATIONAL TABLES FOR X-RAY CRYSTALLOGRAPHY)
 CRYSTAL FAMILY                       :  TETRAGONAL  
 CRYSTAL CLASS  (GROTH - 1921)        :  DITETRAGONAL DIPYRAMIDAL             

 SPACE GROUP (CENTROSYMMETRIC)        :  P 42/M B C      

 LATTICE PARAMETERS  (ANGSTROMS AND DEGREES) - CONVENTIONAL CELL
        A           B           C        ALPHA        BETA       GAMMA
     4.66382     4.66382     8.65523    90.00000    90.00000    90.00000


 NUMBER OF IRREDUCIBLE ATOMS IN THE CONVENTIONAL CELL:    2

 INPUT COORDINATES

 ATOM AT. N.              COORDINATES
   1   6     8.307168726942E-02  1.380866593311E-01  4.094177202339E-01
   2   6     1.026834647695E-01 -3.699855184823E-01  3.394143483570E-01

 *******************************************************************************

 << INFORMATION >>: FROM NOW ON, ALL COORDINATES REFER TO THE PRIMITIVE CELL

 *******************************************************************************

 LATTICE PARAMETERS  (ANGSTROMS AND DEGREES) - PRIMITIVE CELL
       A          B          C        ALPHA      BETA     GAMMA        VOLUME
    4.66382    4.66382    8.65523    90.00000  90.00000  90.00000    188.261849

 COORDINATES OF THE EQUIVALENT ATOMS (FRACTIONAL UNITS)

 N. ATOM EQUIV AT. N.          X                  Y                  Z

   1   1   1    6 C     8.30716872694E-02  1.38086659331E-01  4.09417720234E-01
   2   1   2    6 C    -8.30716872694E-02 -1.38086659331E-01  4.09417720234E-01
   3   1   3    6 C    -4.16928312731E-01  3.61913340669E-01 -4.09417720234E-01
   4   1   4    6 C     4.16928312731E-01 -3.61913340669E-01 -4.09417720234E-01
   5   1   5    6 C     3.61913340669E-01  4.16928312731E-01  9.05822797661E-02
   6   1   6    6 C    -3.61913340669E-01 -4.16928312731E-01  9.05822797661E-02
   7   1   7    6 C     1.38086659331E-01 -8.30716872694E-02 -9.05822797661E-02
   8   1   8    6 C    -1.38086659331E-01  8.30716872694E-02 -9.05822797661E-02
   9   1   9    6 C    -8.30716872694E-02 -1.38086659331E-01 -4.09417720234E-01
  10   1  10    6 C     8.30716872694E-02  1.38086659331E-01 -4.09417720234E-01
  11   1  11    6 C     4.16928312731E-01 -3.61913340669E-01  4.09417720234E-01
  12   1  12    6 C    -4.16928312731E-01  3.61913340669E-01  4.09417720234E-01
  13   1  13    6 C    -3.61913340669E-01 -4.16928312731E-01 -9.05822797661E-02
  14   1  14    6 C     3.61913340669E-01  4.16928312731E-01 -9.05822797661E-02
  15   1  15    6 C    -1.38086659331E-01  8.30716872694E-02  9.05822797661E-02
  16   1  16    6 C     1.38086659331E-01 -8.30716872694E-02  9.05822797661E-02

  17   2   1    6 C     1.02683464769E-01 -3.69985518482E-01  3.39414348357E-01
  18   2   2    6 C    -1.02683464769E-01  3.69985518482E-01  3.39414348357E-01
  19   2   3    6 C    -3.97316535231E-01 -1.30014481518E-01 -3.39414348357E-01
  20   2   4    6 C     3.97316535231E-01  1.30014481518E-01 -3.39414348357E-01
  21   2   5    6 C    -1.30014481518E-01  3.97316535231E-01  1.60585651643E-01
  22   2   6    6 C     1.30014481518E-01 -3.97316535231E-01  1.60585651643E-01
  23   2   7    6 C    -3.69985518482E-01 -1.02683464769E-01 -1.60585651643E-01
  24   2   8    6 C     3.69985518482E-01  1.02683464769E-01 -1.60585651643E-01
  25   2   9    6 C    -1.02683464769E-01  3.69985518482E-01 -3.39414348357E-01
  26   2  10    6 C     1.02683464769E-01 -3.69985518482E-01 -3.39414348357E-01
  27   2  11    6 C     3.97316535231E-01  1.30014481518E-01  3.39414348357E-01
  28   2  12    6 C    -3.97316535231E-01 -1.30014481518E-01  3.39414348357E-01
  29   2  13    6 C     1.30014481518E-01 -3.97316535231E-01 -1.60585651643E-01
  30   2  14    6 C    -1.30014481518E-01  3.97316535231E-01 -1.60585651643E-01
  31   2  15    6 C     3.69985518482E-01  1.02683464769E-01  1.60585651643E-01
  32   2  16    6 C    -3.69985518482E-01 -1.02683464769E-01  1.60585651643E-01

 NUMBER OF SYMMETRY OPERATORS         :   16
 *******************************************************************************
 * GEOMETRY EDITING - INPUT COORDINATES ARE GIVEN IN ANGSTROM         
 *******************************************************************************

 GEOMETRY NOW FULLY CONSISTENT WITH THE GROUP

 GCALCO - MAX INDICES DIRECT LATTICE VECTOR    18    18     9
 NO.OF VECTORS CREATED 6999 STARS  498 RMAX   128.32322 BOHR

 GEOMETRY FOR WAVE FUNCTION - DIMENSIONALITY OF THE SYSTEM    3
 (NON PERIODIC DIRECTION: LATTICE PARAMETER FORMALLY SET TO 500)
 *******************************************************************************
 LATTICE PARAMETERS (ANGSTROMS AND DEGREES) - BOHR = 0.5291772083 ANGSTROM
 PRIMITIVE CELL - CENTRING CODE 1/0 VOLUME=   188.261849 - DENSITY  3.387 g/cm^3
         A              B              C           ALPHA      BETA       GAMMA 
     4.66381975     4.66381975     8.65523385    90.000000  90.000000  90.000000
 *******************************************************************************
 ATOMS IN THE ASYMMETRIC UNIT    2 - ATOMS IN THE UNIT CELL:   32
     ATOM                 X/A                 Y/B                 Z/C    
 *******************************************************************************
      1 T   6 C     8.307168726942E-02  1.380866593311E-01  4.094177202339E-01
      2 F   6 C    -8.307168726942E-02 -1.380866593311E-01  4.094177202339E-01
      3 F   6 C    -4.169283127306E-01  3.619133406689E-01 -4.094177202339E-01
      4 F   6 C     4.169283127306E-01 -3.619133406689E-01 -4.094177202339E-01
      5 F   6 C     3.619133406689E-01  4.169283127306E-01  9.058227976610E-02
      6 F   6 C    -3.619133406689E-01 -4.169283127306E-01  9.058227976610E-02
      7 F   6 C     1.380866593311E-01 -8.307168726942E-02 -9.058227976610E-02
      8 F   6 C    -1.380866593311E-01  8.307168726942E-02 -9.058227976610E-02
      9 F   6 C    -8.307168726942E-02 -1.380866593311E-01 -4.094177202339E-01
     10 F   6 C     8.307168726942E-02  1.380866593311E-01 -4.094177202339E-01
     11 F   6 C     4.169283127306E-01 -3.619133406689E-01  4.094177202339E-01
     12 F   6 C    -4.169283127306E-01  3.619133406689E-01  4.094177202339E-01
     13 F   6 C    -3.619133406689E-01 -4.169283127306E-01 -9.058227976610E-02
     14 F   6 C     3.619133406689E-01  4.169283127306E-01 -9.058227976610E-02
     15 F   6 C    -1.380866593311E-01  8.307168726942E-02  9.058227976610E-02
     16 F   6 C     1.380866593311E-01 -8.307168726942E-02  9.058227976610E-02
     17 T   6 C     1.026834647695E-01 -3.699855184823E-01  3.394143483570E-01
     18 F   6 C    -1.026834647695E-01  3.699855184823E-01  3.394143483570E-01
     19 F   6 C    -3.973165352305E-01 -1.300144815177E-01 -3.394143483570E-01
     20 F   6 C     3.973165352305E-01  1.300144815177E-01 -3.394143483570E-01
     21 F   6 C    -1.300144815177E-01  3.973165352305E-01  1.605856516430E-01
     22 F   6 C     1.300144815177E-01 -3.973165352305E-01  1.605856516430E-01
     23 F   6 C    -3.699855184823E-01 -1.026834647695E-01 -1.605856516430E-01
     24 F   6 C     3.699855184823E-01  1.026834647695E-01 -1.605856516430E-01
     25 F   6 C    -1.026834647695E-01  3.699855184823E-01 -3.394143483570E-01
     26 F   6 C     1.026834647695E-01 -3.699855184823E-01 -3.394143483570E-01
     27 F   6 C     3.973165352305E-01  1.300144815177E-01  3.394143483570E-01
     28 F   6 C    -3.973165352305E-01 -1.300144815177E-01  3.394143483570E-01
     29 F   6 C     1.300144815177E-01 -3.973165352305E-01 -1.605856516430E-01
     30 F   6 C    -1.300144815177E-01  3.973165352305E-01 -1.605856516430E-01
     31 F   6 C     3.699855184823E-01  1.026834647695E-01  1.605856516430E-01
     32 F   6 C    -3.699855184823E-01 -1.026834647695E-01  1.605856516430E-01

 T = ATOM BELONGING TO THE ASYMMETRIC UNIT

 ****   16 SYMMOPS - TRANSLATORS IN FRACTIONAL UNITS
 **** MATRICES AND TRANSLATORS IN THE CRYSTALLOGRAPHIC REFERENCE FRAME
   V INV                    ROTATION MATRICES                   TRANSLATORS
   1   1  1.00  0.00  0.00  0.00  1.00  0.00  0.00  0.00  1.00  0.00  0.00  0.00
   2   2 -1.00  0.00  0.00  0.00 -1.00  0.00  0.00  0.00  1.00  0.00  0.00  0.00
   3   3  1.00  0.00  0.00  0.00 -1.00  0.00  0.00  0.00 -1.00  0.50  0.50  0.00
   4   4 -1.00  0.00  0.00  0.00  1.00  0.00  0.00  0.00 -1.00  0.50  0.50  0.00
   5   5  0.00 -1.00  0.00 -1.00  0.00  0.00  0.00  0.00 -1.00  0.50  0.50  0.50
   6   6  0.00  1.00  0.00  1.00  0.00  0.00  0.00  0.00 -1.00  0.50  0.50  0.50
   7   8  0.00  1.00  0.00 -1.00  0.00  0.00  0.00  0.00  1.00  0.00  0.00  0.50
   8   7  0.00 -1.00  0.00  1.00  0.00  0.00  0.00  0.00  1.00  0.00  0.00  0.50
   9   9 -1.00  0.00  0.00  0.00 -1.00  0.00  0.00  0.00 -1.00  0.00  0.00  0.00
  10  10  1.00  0.00  0.00  0.00  1.00  0.00  0.00  0.00 -1.00  0.00  0.00  0.00
  11  11 -1.00  0.00  0.00  0.00  1.00  0.00  0.00  0.00  1.00  0.50  0.50  0.00
  12  12  1.00  0.00  0.00  0.00 -1.00  0.00  0.00  0.00  1.00  0.50  0.50  0.00
  13  13  0.00  1.00  0.00  1.00  0.00  0.00  0.00  0.00  1.00  0.50  0.50  0.50
  14  14  0.00 -1.00  0.00 -1.00  0.00  0.00  0.00  0.00  1.00  0.50  0.50  0.50
  15  16  0.00 -1.00  0.00  1.00  0.00  0.00  0.00  0.00 -1.00  0.00  0.00  0.50
  16  15  0.00  1.00  0.00 -1.00  0.00  0.00  0.00  0.00 -1.00  0.00  0.00  0.50

 DIRECT LATTICE VECTORS CARTESIAN COMPONENTS (ANGSTROM)
          X                    Y                    Z
   0.466381975000E+01   0.000000000000E+00   0.000000000000E+00
   0.000000000000E+00   0.466381975000E+01   0.000000000000E+00
   0.000000000000E+00   0.000000000000E+00   0.865523385000E+01


 CARTESIAN COORDINATES - PRIMITIVE CELL
 *******************************************************************************
 *      ATOM          X(ANGSTROM)         Y(ANGSTROM)         Z(ANGSTROM)
 *******************************************************************************
    1     6 C     3.874313757529E-01  6.440112889999E-01  3.543606110958E+00
    2     6 C    -3.874313757529E-01 -6.440112889999E-01  3.543606110958E+00
    3     6 C    -1.944478499247E+00  1.687898586000E+00 -3.543606110958E+00
    4     6 C     1.944478499247E+00 -1.687898586000E+00 -3.543606110958E+00
    5     6 C     1.687898586000E+00  1.944478499247E+00  7.840108140417E-01
    6     6 C    -1.687898586000E+00 -1.944478499247E+00  7.840108140417E-01
    7     6 C     6.440112889999E-01 -3.874313757529E-01 -7.840108140417E-01
    8     6 C    -6.440112889999E-01  3.874313757529E-01 -7.840108140417E-01
    9     6 C    -3.874313757529E-01 -6.440112889999E-01 -3.543606110958E+00
   10     6 C     3.874313757529E-01  6.440112889999E-01 -3.543606110958E+00
   11     6 C     1.944478499247E+00 -1.687898586000E+00  3.543606110958E+00
   12     6 C    -1.944478499247E+00  1.687898586000E+00  3.543606110958E+00
   13     6 C    -1.687898586000E+00 -1.944478499247E+00 -7.840108140417E-01
   14     6 C     1.687898586000E+00  1.944478499247E+00 -7.840108140417E-01
   15     6 C    -6.440112889999E-01  3.874313757529E-01  7.840108140417E-01
   16     6 C     6.440112889999E-01 -3.874313757529E-01  7.840108140417E-01
   17     6 C     4.788971709904E-01 -1.725545768312E+00  2.937710557075E+00
   18     6 C    -4.788971709904E-01  1.725545768312E+00  2.937710557075E+00
   19     6 C    -1.853012704010E+00 -6.063641066883E-01 -2.937710557075E+00
   20     6 C     1.853012704010E+00  6.063641066883E-01 -2.937710557075E+00
   21     6 C    -6.063641066883E-01  1.853012704010E+00  1.389906367925E+00
   22     6 C     6.063641066883E-01 -1.853012704010E+00  1.389906367925E+00
   23     6 C    -1.725545768312E+00 -4.788971709904E-01 -1.389906367925E+00
   24     6 C     1.725545768312E+00  4.788971709904E-01 -1.389906367925E+00
   25     6 C    -4.788971709904E-01  1.725545768312E+00 -2.937710557075E+00
   26     6 C     4.788971709904E-01 -1.725545768312E+00 -2.937710557075E+00
   27     6 C     1.853012704010E+00  6.063641066883E-01  2.937710557075E+00
   28     6 C    -1.853012704010E+00 -6.063641066883E-01  2.937710557075E+00
   29     6 C     6.063641066883E-01 -1.853012704010E+00 -1.389906367925E+00
   30     6 C    -6.063641066883E-01  1.853012704010E+00 -1.389906367925E+00
   31     6 C     1.725545768312E+00  4.788971709904E-01  1.389906367925E+00
   32     6 C    -1.725545768312E+00 -4.788971709904E-01  1.389906367925E+00

 *******************************************************************************
 LOCAL ATOMIC FUNCTIONS BASIS SET
 *******************************************************************************
   ATOM   X(AU)   Y(AU)   Z(AU)  N. TYPE  EXPONENT  S COEF   P COEF   D/F/G COEF
 *******************************************************************************
   1 C    0.732   1.217   6.696
                                  1 S  
                                         1.358E+04 2.225E-04 0.000E+00 0.000E+00
                                         2.035E+03 1.723E-03 0.000E+00 0.000E+00
                                         4.632E+02 8.926E-03 0.000E+00 0.000E+00
                                         1.312E+02 3.573E-02 0.000E+00 0.000E+00
                                         4.285E+01 1.108E-01 0.000E+00 0.000E+00
                                         1.558E+01 2.430E-01 0.000E+00 0.000E+00
                                  2 S  
                                         6.207E+00 4.144E-01 0.000E+00 0.000E+00
                                         2.576E+00 2.374E-01 0.000E+00 0.000E+00
                                  3 S  
                                         4.941E-01 1.000E+00 0.000E+00 0.000E+00
                                  4 S  
                                         1.644E-01 1.000E+00 0.000E+00 0.000E+00
                           5-     7 P  
                                         3.470E+01 0.000E+00 5.333E-03 0.000E+00
                                         7.958E+00 0.000E+00 3.586E-02 0.000E+00
                                         2.378E+00 0.000E+00 1.422E-01 0.000E+00
                                         8.143E-01 0.000E+00 3.427E-01 0.000E+00
                           8-    10 P  
                                         5.662E-01 0.000E+00 1.000E+00 0.000E+00
                          11-    13 P  
                                         2.674E-01 0.000E+00 1.000E+00 0.000E+00
                          14-    18 D  
                                         8.792E-01 0.000E+00 0.000E+00 1.000E+00
   2 C   -0.732  -1.217   6.696
   3 C   -3.675   3.190  -6.696
   4 C    3.675  -3.190  -6.696
   5 C    3.190   3.675   1.482
   6 C   -3.190  -3.675   1.482
   7 C    1.217  -0.732  -1.482
   8 C   -1.217   0.732  -1.482
   9 C   -0.732  -1.217  -6.696
  10 C    0.732   1.217  -6.696
  11 C    3.675  -3.190   6.696
  12 C   -3.675   3.190   6.696
  13 C   -3.190  -3.675  -1.482
  14 C    3.190   3.675  -1.482
  15 C   -1.217   0.732   1.482
  16 C    1.217  -0.732   1.482
  17 C    0.905  -3.261   5.551
  18 C   -0.905   3.261   5.551
  19 C   -3.502  -1.146  -5.551
  20 C    3.502   1.146  -5.551
  21 C   -1.146   3.502   2.627
  22 C    1.146  -3.502   2.627
  23 C   -3.261  -0.905  -2.627
  24 C    3.261   0.905  -2.627
  25 C   -0.905   3.261  -5.551
  26 C    0.905  -3.261  -5.551
  27 C    3.502   1.146   5.551
  28 C   -3.502  -1.146   5.551
  29 C    1.146  -3.502  -2.627
  30 C   -1.146   3.502  -2.627
  31 C    3.261   0.905   2.627
  32 C   -3.261  -0.905   2.627
 INFORMATION **** SET_MPP **** PCRYSTAL CALCULATION
 INFORMATION **** READM2 **** NEW DEFAULT: FOCK/KS MATRIX MIXING SET TO 30 %
 INFORMATION **** READM2 **** NEW DEFAULT: FULL DIRECT SCF MODE
 INFORMATION **** READM2 **** NEW DEFAULT: COULOMB BIPOLAR BUFFER SET TO 32 Mb
 INFORMATION **** READM2 **** NEW DEFAULT: EXCHANGE BIPOLAR BUFFER SET TO 32 Mb

 *******************************************************************************
 NEW DEFAULT: DFT INTEGRATION GRID INCREASED TO XLGRID
 NEW DEFAULT: DIIS ACCELERATOR ACTIVE
 USE KEYWORD NODIIS TO TURN IT OFF
 *******************************************************************************

 INFORMATION **** DFTD3_INPUT **** PERFORM LATEST DISPERSION CORRECTION DFT-D3(BJ) WITH AUTOMATIC PARAMETER SETUP
 PLEASE CITE:
 (1) DFT-D3 Reference
  S. Grimme, J. Antony, S. Ehrlich, and H. Krieg, J. Chem. Phys. 132 (2010), 154104
 (2) BJ-Damping Reference
  S. Grimme, S. Ehrlich, and L. Goerigk, J. Comput. Chem. 32 (2011), 1456-1465
 (3) General DFT-D Review
  S. Grimme, A. Hansen, J. G. Brandenburg, and C. Bannwarth,
  Chem. Rev. 116 (2016), 5105-5154

 INFORMATION **** TOLINTEG **** COULOMB AND EXCHANGE SERIES TOLERANCES MODIFIED
 INFORMATION **** TOLDEE **** SCF TOL ON TOTAL ENERGY SET TO           9
 INFORMATION **** READM2 **** FULL DIRECT SCF (MONO AND BIEL INT) SELECTED
 INFORMATION **** MAXCYCLE **** MAX NUMBER OF SCF CYCLES SET TO        1600
 INFORMATION **** DIIS **** DIIS FOR SCF ACTIVE
 INFORMATION **** DIIS **** LEVEL SHIFTER DISABLED
 INFORMATION **** PPAN ****  MULLIKEN POPULATION ANALYSIS AT THE END OF SCF
 *******************************************************************************
 N. OF ATOMS PER CELL        32  COULOMB OVERLAP TOL         (T1) 10**   -8
 NUMBER OF SHELLS           256  COULOMB PENETRATION TOL     (T2) 10**   -8
 NUMBER OF AO               576  EXCHANGE OVERLAP TOL        (T3) 10**   -8
 N. OF ELECTRONS PER CELL   192  EXCHANGE PSEUDO OVP (F(G))  (T4) 10**   -9
 CORE ELECTRONS PER CELL     64  EXCHANGE PSEUDO OVP (P(G))  (T5) 10**  -24
 N. OF SYMMETRY OPERATORS    16  POLE ORDER IN MONO ZONE                  4
 *******************************************************************************
 TYPE OF CALCULATION :  UNRESTRICTED OPEN SHELL
 KOHN-SHAM HAMILTONIAN

 (EXCHANGE)[CORRELATION] FUNCTIONAL:(BECKE 88)[LEE-YANG-PARR]

 NON-LOCAL WEIGHTING FACTOR (EXCHANGE) =           0.9000
 NON-LOCAL WEIGHTING FACTOR [CORRELATION] =        0.8100

 HYBRID EXCHANGE - PERCENTAGE OF FOCK EXCHANGE    20.0000

 SPIN POLARIZED DFT SELECTED

 CAPPA:IS1  8;IS2  8;IS3  8; K PTS MONK NET  75; SYMMOPS:K SPACE  16;G SPACE  16

 *******************************************************************************
 MAX NUMBER OF SCF CYCLES    1600  CONVERGENCE ON DELTAP        10**-19
 WEIGHT OF F(I) IN F(I+1)      30% CONVERGENCE ON ENERGY        10**- 9
 SHRINK. FACT.(MONKH.)    8  8  8  NUMBER OF K POINTS IN THE IBZ     75
 SHRINKING FACTOR(GILAT NET)   16  NUMBER OF K POINTS(GILAT NET)    405
 *******************************************************************************
 *** K POINTS COORDINATES (OBLIQUE COORDINATES IN UNITS OF IS =  8)
   1-R(  0  0  0)   2-C(  1  0  0)   3-C(  2  0  0)   4-C(  3  0  0)
   5-R(  4  0  0)   6-C(  1  1  0)   7-C(  2  1  0)   8-C(  3  1  0)
   9-C(  4  1  0)  10-C(  2  2  0)  11-C(  3  2  0)  12-C(  4  2  0)
  13-C(  3  3  0)  14-C(  4  3  0)  15-R(  4  4  0)  16-C(  0  0  1)
  17-C(  1  0  1)  18-C(  2  0  1)  19-C(  3  0  1)  20-C(  4  0  1)
  21-C(  1  1  1)  22-C(  2  1  1)  23-C(  3  1  1)  24-C(  4  1  1)
  25-C(  2  2  1)  26-C(  3  2  1)  27-C(  4  2  1)  28-C(  3  3  1)
  29-C(  4  3  1)  30-C(  4  4  1)  31-C(  0  0  2)  32-C(  1  0  2)
  33-C(  2  0  2)  34-C(  3  0  2)  35-C(  4  0  2)  36-C(  1  1  2)
  37-C(  2  1  2)  38-C(  3  1  2)  39-C(  4  1  2)  40-C(  2  2  2)
  41-C(  3  2  2)  42-C(  4  2  2)  43-C(  3  3  2)  44-C(  4  3  2)
  45-C(  4  4  2)  46-C(  0  0  3)  47-C(  1  0  3)  48-C(  2  0  3)
  49-C(  3  0  3)  50-C(  4  0  3)  51-C(  1  1  3)  52-C(  2  1  3)
  53-C(  3  1  3)  54-C(  4  1  3)  55-C(  2  2  3)  56-C(  3  2  3)
  57-C(  4  2  3)  58-C(  3  3  3)  59-C(  4  3  3)  60-C(  4  4  3)
  61-R(  0  0  4)  62-C(  1  0  4)  63-C(  2  0  4)  64-C(  3  0  4)
  65-R(  4  0  4)  66-C(  1  1  4)  67-C(  2  1  4)  68-C(  3  1  4)
  69-C(  4  1  4)  70-C(  2  2  4)  71-C(  3  2  4)  72-C(  4  2  4)
  73-C(  3  3  4)  74-C(  4  3  4)  75-R(  4  4  4)

 DIRECT LATTICE VECTORS COMPON. (A.U.)     RECIP. LATTICE VECTORS COMPON. (A.U.) 
        X            Y            Z              X            Y            Z
    8.8133421    0.0000000    0.0000000      0.7129174    0.0000000    0.0000000
    0.0000000    8.8133421    0.0000000      0.0000000    0.7129174    0.0000000
    0.0000000    0.0000000   16.3560216      0.0000000    0.0000000    0.3841512

 DISK SPACE FOR EIGENVECTORS (FTN 10)    47775744 REALS

 SYMMETRY ADAPTION OF THE BLOCH FUNCTIONS ENABLED
 TTTTTTTTTTTTTTTTTTTTTTTTTTTTTT gordsh1     TELAPSE        1.85 TCPU        0.86

 MATRIX SIZE: P(G) 3687408, F(G)  414784, P(G) IRR  121924, F(G) IRR   27371
 MAX G-VECTOR INDEX FOR 1- AND 2-ELECTRON INTEGRALS 241

 TTTTTTTTTTTTTTTTTTTTTTTTTTTTTT INPUT       TELAPSE        1.86 TCPU        0.87

 NEIGHBORS OF THE NON-EQUIVALENT ATOMS

 N = NUMBER OF NEIGHBORS AT DISTANCE R
    ATOM  N     R/ANG      R/AU   NEIGHBORS (ATOM LABELS AND CELL INDICES)
   1 C    1     1.5031     2.8405    2 C    0 0 0
   1 C    1     1.5124     2.8580   18 C    0 0 0
   1 C    1     1.5680     2.9631   10 C    0 0 1
   1 C    1     1.5863     2.9977   27 C    0 0 0
   1 C    1     2.1721     4.1047    9 C    0 0 1
   1 C    1     2.3747     4.4875   17 C    0 1 0

  17 C    1     1.5124     2.8580    2 C    0 0 0
  17 C    1     1.5453     2.9203   18 C    0-1 0
  17 C    1     1.5583     2.9447   22 C    0 0 0
  17 C    1     1.5863     2.9977   11 C    0 0 0
  17 C    1     2.1797     4.1191   21 C    0-1 0
  17 C    1     2.3747     4.4875    1 C    0-1 0


 SYMMETRY ALLOWED INTERNAL DEGREE(S) OF FREEDOM:   6
 TTTTTTTTTTTTTTTTTTTTTTTTTTTTTT SYMM        TELAPSE        1.93 TCPU        0.92
 TTTTTTTTTTTTTTTTTTTTTTTTTTTTTT INT_SCREEN  TELAPSE        1.93 TCPU        0.92
 WARNING **** EXCBUF **** EXCH. BIPO BUFFER TOO SMALL - TO AVOID I/O SET EXCHSIZE =     5250996

 DFT PARAMETERS

     ATOM       ELECTRONS   NET CHARGE   R(ANGSTROM)
   1   6  C       6.0000      0.0000     0.77000000

 SIZE OF GRID=      52099
 TTTTTTTTTTTTTTTTTTTTTTTTTTTTTT MAKE_GRID2  TELAPSE        2.37 TCPU        1.35
 BECKE WEIGHT FUNCTION
 RADSAFE =     2.00
 TOLERANCES - DENSITY:10**- 6; POTENTIAL:10**- 9; GRID WGT:10**-14

 RADIAL INTEGRATION  - INTERVALS (POINTS,UPPER LIMIT):            1( 75,  4.0*R)

 ANGULAR INTEGRATION - INTERVALS (ACCURACY LEVEL [N. POINTS] UPPER LIMIT):
  1(  4[  86]   0.2)  2(  8[ 194]   0.5)  3( 12[ 350]   0.9)  4( 16[ 974]   3.5)
  5( 12[ 350]9999.0)
 TTTTTTTTTTTTTTTTTTTTTTTTTTTTTT INT_CALC    TELAPSE        2.38 TCPU        1.37
 EEEEEEEEEE INT_CALC TERMINATION  DATE 22 01 2026 TIME 06:04:40.5

 *******************************************************************************
 ./4^2T1262-HZ_BULK_OPTGEOM_TZ_opt_B3LYP-D3-D3_optimized_rev1_sp_B3LYP-D3-D3_opti
 CRYSTAL - SCF - TYPE OF CALCULATION :  UNRESTRICTED OPEN SHELL
 *******************************************************************************

 CAPPA:IS1  8;IS2  8;IS3  8; K PTS MONK NET  75; SYMMOPS:K SPACE  16;G SPACE  16

 TTTTTTTTTTTTTTTTTTTTTTTTTTTTTT SDIK        TELAPSE        8.91 TCPU        7.80

 AAAAAAAAAAAAAAAAAAAAAAAAAAAAAAAAAAAAAAAAAAAAAAAAAAAAAAAAAAAAAAAAAAAAAAAAAAAAAAA
         ATOMIC WAVEFUNCTION(S)


 NUCLEAR CHARGE  6.0  SYMMETRY SPECIES            S    P
 N. ELECTRONS    6.0  NUMBER OF PRIMITIVE GTOS   10    6
                      NUMBER OF CONTRACTED GTOS   4    3
                      NUMBER OF CLOSED SHELLS     2    0
                      OPEN SHELL OCCUPATION       0    2

  ZNUC  SCFIT    TOTAL HF ENERGY   KINETIC ENERGY   VIRIAL THEOREM ACCURACY
   6.0    10    -3.766702350E+01  3.783137943E+01 -1.995655566E+00  1.6E-06

 AAAAAAAAAAAAAAAAAAAAAAAAAAAAAAAAAAAAAAAAAAAAAAAAAAAAAAAAAAAAAAAAAAAAAAAAAAAAAAA

 CHARGE NORMALIZATION FACTOR   1.00000000
 TOTAL ATOMIC CHARGES:
   6.0000000   6.0000000   6.0000000   6.0000000   6.0000000   6.0000000
   6.0000000   6.0000000   6.0000000   6.0000000   6.0000000   6.0000000
   6.0000000   6.0000000   6.0000000   6.0000000   6.0000000   6.0000000
   6.0000000   6.0000000   6.0000000   6.0000000   6.0000000   6.0000000
   6.0000000   6.0000000   6.0000000   6.0000000   6.0000000   6.0000000
   6.0000000   6.0000000
 SUMMED SPIN DENSITY           0.00000000
 TOTAL ATOMIC SPINS  :
   0.0000000   0.0000000   0.0000000   0.0000000   0.0000000   0.0000000
   0.0000000   0.0000000   0.0000000   0.0000000   0.0000000   0.0000000
   0.0000000   0.0000000   0.0000000   0.0000000   0.0000000   0.0000000
   0.0000000   0.0000000   0.0000000   0.0000000   0.0000000   0.0000000
   0.0000000   0.0000000   0.0000000   0.0000000   0.0000000   0.0000000
   0.0000000   0.0000000
 TTTTTTTTTTTTTTTTTTTTTTTTTTTTTT MOQGAD      TELAPSE        8.93 TCPU        7.82
 TTTTTTTTTTTTTTTTTTTTTTTTTTTTTT SHELLXN     TELAPSE       59.77 TCPU       58.65
 TTTTTTTTTTTTTTTTTTTTTTTTTTTTTT MONMO3      TELAPSE       59.85 TCPU       58.73
 NUMERICALLY INTEGRATED DENSITY     96.0000750747     96.0000750747
 TTTTTTTTTTTTTTTTTTTTTTTTTTTTTT NUMDFT      TELAPSE       60.65 TCPU       59.53
 CYC   0 ETOT(AU) -1.229042094903E+03 DETOT -1.23E+03 tst  0.00E+00 PX  1.00E+00
 TTTTTTTTTTTTTTTTTTTTTTTTTTTTTT DIIS        TELAPSE       61.11 TCPU       59.77
 TTTTTTTTTTTTTTTTTTTTTTTTTTTTTT FDIK        TELAPSE       67.75 TCPU       66.33

    ALPHA      ELECTRONS
 INSULATING STATE
 TOP OF VALENCE BANDS -    BAND     96; K    1; EIG -1.7298148E-01 AU
 BOTTOM OF VIRTUAL BANDS - BAND     97; K   61; EIG -4.7399808E-02 AU
 INDIRECT ENERGY BAND GAP:   3.4173 eV
 BOTTOM OF VIRTUAL BANDS - BAND     97; K    1; EIG -3.2751282E-02 AU

    BETA       ELECTRONS
 INSULATING STATE
 TOP OF VALENCE BANDS -    BAND     96; K    1; EIG -1.7298148E-01 AU
 BOTTOM OF VIRTUAL BANDS - BAND     97; K   61; EIG -4.7399808E-02 AU
 INDIRECT ENERGY BAND GAP:   3.4173 eV
 BOTTOM OF VIRTUAL BANDS - BAND     97; K    1; EIG -3.2751282E-02 AU
 TTTTTTTTTTTTTTTTTTTTTTTTTTTTTT PDIG        TELAPSE       68.20 TCPU       66.78
 CHARGE NORMALIZATION FACTOR   1.00000000
 TOTAL ATOMIC CHARGES:
   6.0041530   6.0041530   6.0041530   6.0041530   6.0041530   6.0041530
   6.0041530   6.0041530   6.0041530   6.0041530   6.0041530   6.0041530
   6.0041530   6.0041530   6.0041530   6.0041530   5.9958470   5.9958470
   5.9958470   5.9958470   5.9958470   5.9958470   5.9958470   5.9958470
   5.9958470   5.9958470   5.9958470   5.9958470   5.9958470   5.9958470
   5.9958470   5.9958470
 SUMMED SPIN DENSITY           0.00000000
 TOTAL ATOMIC SPINS  :
  -0.0000000  -0.0000000  -0.0000000  -0.0000000  -0.0000000  -0.0000000
  -0.0000000  -0.0000000  -0.0000000  -0.0000000  -0.0000000  -0.0000000
  -0.0000000  -0.0000000  -0.0000000  -0.0000000   0.0000000   0.0000000
   0.0000000   0.0000000   0.0000000   0.0000000   0.0000000   0.0000000
   0.0000000   0.0000000   0.0000000   0.0000000   0.0000000   0.0000000
   0.0000000   0.0000000
 TTTTTTTTTTTTTTTTTTTTTTTTTTTTTT MOQGAD      TELAPSE       68.22 TCPU       66.80
 TTTTTTTTTTTTTTTTTTTTTTTTTTTTTT SHELLXN     TELAPSE      123.86 TCPU      122.37
 TTTTTTTTTTTTTTTTTTTTTTTTTTTTTT MONMO3      TELAPSE      123.95 TCPU      122.45
 NUMERICALLY INTEGRATED DENSITY     96.0000493351     96.0000493351
 TTTTTTTTTTTTTTTTTTTTTTTTTTTTTT NUMDFT      TELAPSE      124.81 TCPU      123.32
 CYC   1 ETOT(AU) -1.218480234789E+03 DETOT  1.06E+01 tst  0.00E+00 PX  1.00E+00
 TTTTTTTTTTTTTTTTTTTTTTTTTTTTTT DIIS        TELAPSE      125.19 TCPU      123.44
 DIIS TEST: 0.49611E+00 AT SCF   CYCLE   1 - MIX   30 %
 TTTTTTTTTTTTTTTTTTTTTTTTTTTTTT FDIK        TELAPSE      127.95 TCPU      125.97

    ALPHA      ELECTRONS
 INSULATING STATE
 TOP OF VALENCE BANDS -    BAND     96; K    1; EIG -9.6273217E-02 AU
 BOTTOM OF VIRTUAL BANDS - BAND     97; K   61; EIG  5.4734020E-02 AU
 INDIRECT ENERGY BAND GAP:   4.1091 eV
 BOTTOM OF VIRTUAL BANDS - BAND     97; K    1; EIG  7.0029062E-02 AU

    BETA       ELECTRONS
 INSULATING STATE
 TOP OF VALENCE BANDS -    BAND     96; K    1; EIG -9.6273217E-02 AU
 BOTTOM OF VIRTUAL BANDS - BAND     97; K   61; EIG  5.4734020E-02 AU
 INDIRECT ENERGY BAND GAP:   4.1091 eV
 BOTTOM OF VIRTUAL BANDS - BAND     97; K    1; EIG  7.0029062E-02 AU
 TTTTTTTTTTTTTTTTTTTTTTTTTTTTTT PDIG        TELAPSE      128.42 TCPU      126.44
 CHARGE NORMALIZATION FACTOR   1.00000000
 TOTAL ATOMIC CHARGES:
   5.9834567   5.9834567   5.9834567   5.9834567   5.9834567   5.9834567
   5.9834567   5.9834567   5.9834567   5.9834567   5.9834567   5.9834567
   5.9834567   5.9834567   5.9834567   5.9834567   6.0165433   6.0165433
   6.0165433   6.0165433   6.0165433   6.0165433   6.0165433   6.0165433
   6.0165433   6.0165433   6.0165433   6.0165433   6.0165433   6.0165433
   6.0165433   6.0165433
 SUMMED SPIN DENSITY           0.00000000
 TOTAL ATOMIC SPINS  :
   0.0000000   0.0000000   0.0000000   0.0000000   0.0000000   0.0000000
   0.0000000   0.0000000   0.0000000   0.0000000   0.0000000   0.0000000
   0.0000000   0.0000000   0.0000000   0.0000000  -0.0000000  -0.0000000
  -0.0000000  -0.0000000  -0.0000000  -0.0000000  -0.0000000  -0.0000000
  -0.0000000  -0.0000000  -0.0000000  -0.0000000  -0.0000000  -0.0000000
  -0.0000000  -0.0000000
 TTTTTTTTTTTTTTTTTTTTTTTTTTTTTT MOQGAD      TELAPSE      128.43 TCPU      126.45
 TTTTTTTTTTTTTTTTTTTTTTTTTTTTTT SHELLXN     TELAPSE      184.90 TCPU      182.86
 TTTTTTTTTTTTTTTTTTTTTTTTTTTTTT MONMO3      TELAPSE      184.98 TCPU      182.94
 NUMERICALLY INTEGRATED DENSITY     96.0000531241     96.0000531241
 TTTTTTTTTTTTTTTTTTTTTTTTTTTTTT NUMDFT      TELAPSE      185.82 TCPU      183.78
 CYC   2 ETOT(AU) -1.218534477614E+03 DETOT -5.42E-02 tst  1.84E-04 PX  6.58E-02
 TTTTTTTTTTTTTTTTTTTTTTTTTTTTTT DIIS        TELAPSE      186.38 TCPU      184.20
 DIIS TEST: 0.40869E-01 AT SCF   CYCLE   2 - DIIS ACTIVE - HISTORY:     2 CYCLES
 TTTTTTTTTTTTTTTTTTTTTTTTTTTTTT FDIK        TELAPSE      189.26 TCPU      186.69

    ALPHA      ELECTRONS
 INSULATING STATE
 TOP OF VALENCE BANDS -    BAND     96; K    1; EIG -7.3926794E-02 AU
 BOTTOM OF VIRTUAL BANDS - BAND     97; K   61; EIG  9.2293405E-02 AU
 INDIRECT ENERGY BAND GAP:   4.5231 eV
 BOTTOM OF VIRTUAL BANDS - BAND     97; K    1; EIG  1.0739380E-01 AU

    BETA       ELECTRONS
 INSULATING STATE
 TOP OF VALENCE BANDS -    BAND     96; K    1; EIG -7.3926794E-02 AU
 BOTTOM OF VIRTUAL BANDS - BAND     97; K   61; EIG  9.2293405E-02 AU
 INDIRECT ENERGY BAND GAP:   4.5231 eV
 BOTTOM OF VIRTUAL BANDS - BAND     97; K    1; EIG  1.0739380E-01 AU
 TTTTTTTTTTTTTTTTTTTTTTTTTTTTTT PDIG        TELAPSE      189.72 TCPU      187.16
 CHARGE NORMALIZATION FACTOR   1.00000000
 TOTAL ATOMIC CHARGES:
   6.0052437   6.0052437   6.0052437   6.0052437   6.0052437   6.0052437
   6.0052437   6.0052437   6.0052437   6.0052437   6.0052437   6.0052437
   6.0052437   6.0052437   6.0052437   6.0052437   5.9947563   5.9947563
   5.9947563   5.9947563   5.9947563   5.9947563   5.9947563   5.9947563
   5.9947563   5.9947563   5.9947563   5.9947563   5.9947563   5.9947563
   5.9947563   5.9947563
 SUMMED SPIN DENSITY           0.00000000
 TOTAL ATOMIC SPINS  :
   0.0000000   0.0000000   0.0000000   0.0000000   0.0000000   0.0000000
   0.0000000   0.0000000   0.0000000   0.0000000   0.0000000   0.0000000
   0.0000000   0.0000000   0.0000000   0.0000000  -0.0000000  -0.0000000
  -0.0000000  -0.0000000  -0.0000000  -0.0000000  -0.0000000  -0.0000000
  -0.0000000  -0.0000000  -0.0000000  -0.0000000  -0.0000000  -0.0000000
  -0.0000000  -0.0000000
 TTTTTTTTTTTTTTTTTTTTTTTTTTTTTT MOQGAD      TELAPSE      189.74 TCPU      187.18
 TTTTTTTTTTTTTTTTTTTTTTTTTTTTTT SHELLXN     TELAPSE      246.14 TCPU      243.52
 TTTTTTTTTTTTTTTTTTTTTTTTTTTTTT MONMO3      TELAPSE      246.22 TCPU      243.60
 NUMERICALLY INTEGRATED DENSITY     96.0000540766     96.0000540766
 TTTTTTTTTTTTTTTTTTTTTTTTTTTTTT NUMDFT      TELAPSE      247.07 TCPU      244.45
 CYC   3 ETOT(AU) -1.218536365364E+03 DETOT -1.89E-03 tst  2.60E-05 PX  2.04E-02
 TTTTTTTTTTTTTTTTTTTTTTTTTTTTTT DIIS        TELAPSE      256.12 TCPU      253.44
 DIIS TEST: 0.41949E-01 AT SCF   CYCLE   3 - DIIS ACTIVE - HISTORY:     3 CYCLES
 TTTTTTTTTTTTTTTTTTTTTTTTTTTTTT FDIK        TELAPSE      259.64 TCPU      256.34

    ALPHA      ELECTRONS
 INSULATING STATE
 TOP OF VALENCE BANDS -    BAND     96; K    1; EIG -7.5007649E-02 AU
 BOTTOM OF VIRTUAL BANDS - BAND     97; K   61; EIG  9.1876122E-02 AU
 INDIRECT ENERGY BAND GAP:   4.5411 eV
 BOTTOM OF VIRTUAL BANDS - BAND     97; K    1; EIG  1.0699396E-01 AU

    BETA       ELECTRONS
 INSULATING STATE
 TOP OF VALENCE BANDS -    BAND     96; K    1; EIG -7.5007649E-02 AU
 BOTTOM OF VIRTUAL BANDS - BAND     97; K   61; EIG  9.1876122E-02 AU
 INDIRECT ENERGY BAND GAP:   4.5411 eV
 BOTTOM OF VIRTUAL BANDS - BAND     97; K    1; EIG  1.0699396E-01 AU
 TTTTTTTTTTTTTTTTTTTTTTTTTTTTTT PDIG        TELAPSE      260.09 TCPU      256.79
 CHARGE NORMALIZATION FACTOR   1.00000000
 TOTAL ATOMIC CHARGES:
   5.9862007   5.9862007   5.9862007   5.9862007   5.9862007   5.9862007
   5.9862007   5.9862007   5.9862007   5.9862007   5.9862007   5.9862007
   5.9862007   5.9862007   5.9862007   5.9862007   6.0137993   6.0137993
   6.0137993   6.0137993   6.0137993   6.0137993   6.0137993   6.0137993
   6.0137993   6.0137993   6.0137993   6.0137993   6.0137993   6.0137993
   6.0137993   6.0137993
 SUMMED SPIN DENSITY          -0.00000000
 TOTAL ATOMIC SPINS  :
   0.0000000   0.0000000   0.0000000   0.0000000   0.0000000   0.0000000
   0.0000000   0.0000000   0.0000000   0.0000000   0.0000000   0.0000000
   0.0000000   0.0000000   0.0000000   0.0000000  -0.0000000  -0.0000000
  -0.0000000  -0.0000000  -0.0000000  -0.0000000  -0.0000000  -0.0000000
  -0.0000000  -0.0000000  -0.0000000  -0.0000000  -0.0000000  -0.0000000
  -0.0000000  -0.0000000
 TTTTTTTTTTTTTTTTTTTTTTTTTTTTTT MOQGAD      TELAPSE      260.11 TCPU      256.81
 TTTTTTTTTTTTTTTTTTTTTTTTTTTTTT SHELLXN     TELAPSE      315.59 TCPU      311.99
 TTTTTTTTTTTTTTTTTTTTTTTTTTTTTT MONMO3      TELAPSE      315.67 TCPU      312.07
 NUMERICALLY INTEGRATED DENSITY     96.0000536876     96.0000536876
 TTTTTTTTTTTTTTTTTTTTTTTTTTTTTT NUMDFT      TELAPSE      316.49 TCPU      312.89
 CYC   4 ETOT(AU) -1.218537639773E+03 DETOT -1.27E-03 tst  1.31E-05 PX  4.25E-03
 TTTTTTTTTTTTTTTTTTTTTTTTTTTTTT DIIS        TELAPSE      316.90 TCPU      313.10
 DIIS TEST: 0.40785E-02 AT SCF   CYCLE   4 - DIIS ACTIVE - HISTORY:     4 CYCLES
 TTTTTTTTTTTTTTTTTTTTTTTTTTTTTT FDIK        TELAPSE      319.64 TCPU      315.68

    ALPHA      ELECTRONS
 INSULATING STATE
 TOP OF VALENCE BANDS -    BAND     96; K    1; EIG -7.5021800E-02 AU
 BOTTOM OF VIRTUAL BANDS - BAND     97; K   61; EIG  9.2013106E-02 AU
 INDIRECT ENERGY BAND GAP:   4.5453 eV
 BOTTOM OF VIRTUAL BANDS - BAND     97; K    1; EIG  1.0707289E-01 AU

    BETA       ELECTRONS
 INSULATING STATE
 TOP OF VALENCE BANDS -    BAND     96; K    1; EIG -7.5021800E-02 AU
 BOTTOM OF VIRTUAL BANDS - BAND     97; K   61; EIG  9.2013106E-02 AU
 INDIRECT ENERGY BAND GAP:   4.5453 eV
 BOTTOM OF VIRTUAL BANDS - BAND     97; K    1; EIG  1.0707289E-01 AU
 TTTTTTTTTTTTTTTTTTTTTTTTTTTTTT PDIG        TELAPSE      320.10 TCPU      316.14
 CHARGE NORMALIZATION FACTOR   1.00000000
 TOTAL ATOMIC CHARGES:
   5.9903643   5.9903643   5.9903643   5.9903643   5.9903643   5.9903643
   5.9903643   5.9903643   5.9903643   5.9903643   5.9903643   5.9903643
   5.9903643   5.9903643   5.9903643   5.9903643   6.0096357   6.0096357
   6.0096357   6.0096357   6.0096357   6.0096357   6.0096357   6.0096357
   6.0096357   6.0096357   6.0096357   6.0096357   6.0096357   6.0096357
   6.0096357   6.0096357
 SUMMED SPIN DENSITY           0.00000000
 TOTAL ATOMIC SPINS  :
   0.0000000   0.0000000   0.0000000   0.0000000   0.0000000   0.0000000
   0.0000000   0.0000000   0.0000000   0.0000000   0.0000000   0.0000000
   0.0000000   0.0000000   0.0000000   0.0000000  -0.0000000  -0.0000000
  -0.0000000  -0.0000000  -0.0000000  -0.0000000  -0.0000000  -0.0000000
  -0.0000000  -0.0000000  -0.0000000  -0.0000000  -0.0000000  -0.0000000
  -0.0000000  -0.0000000
 TTTTTTTTTTTTTTTTTTTTTTTTTTTTTT MOQGAD      TELAPSE      320.12 TCPU      316.16
 TTTTTTTTTTTTTTTTTTTTTTTTTTTTTT SHELLXN     TELAPSE      376.37 TCPU      372.26
 TTTTTTTTTTTTTTTTTTTTTTTTTTTTTT MONMO3      TELAPSE      376.45 TCPU      372.34
 NUMERICALLY INTEGRATED DENSITY     96.0000538461     96.0000538461
 TTTTTTTTTTTTTTTTTTTTTTTTTTTTTT NUMDFT      TELAPSE      377.28 TCPU      373.18
 CYC   5 ETOT(AU) -1.218537784381E+03 DETOT -1.45E-04 tst  6.55E-07 PX  1.75E-03
 TTTTTTTTTTTTTTTTTTTTTTTTTTTTTT DIIS        TELAPSE      377.63 TCPU      373.32
 DIIS TEST: 0.60683E-04 AT SCF   CYCLE   5 - DIIS ACTIVE - HISTORY:     5 CYCLES
 TTTTTTTTTTTTTTTTTTTTTTTTTTTTTT FDIK        TELAPSE      380.38 TCPU      375.85

    ALPHA      ELECTRONS
 INSULATING STATE
 TOP OF VALENCE BANDS -    BAND     96; K    1; EIG -7.5048371E-02 AU
 BOTTOM OF VIRTUAL BANDS - BAND     97; K   61; EIG  9.1998630E-02 AU
 INDIRECT ENERGY BAND GAP:   4.5456 eV
 BOTTOM OF VIRTUAL BANDS - BAND     97; K    1; EIG  1.0706410E-01 AU

    BETA       ELECTRONS
 INSULATING STATE
 TOP OF VALENCE BANDS -    BAND     96; K    1; EIG -7.5048371E-02 AU
 BOTTOM OF VIRTUAL BANDS - BAND     97; K   61; EIG  9.1998630E-02 AU
 INDIRECT ENERGY BAND GAP:   4.5456 eV
 BOTTOM OF VIRTUAL BANDS - BAND     97; K    1; EIG  1.0706410E-01 AU
 TTTTTTTTTTTTTTTTTTTTTTTTTTTTTT PDIG        TELAPSE      380.83 TCPU      376.31
 CHARGE NORMALIZATION FACTOR   1.00000000
 TOTAL ATOMIC CHARGES:
   5.9904538   5.9904538   5.9904538   5.9904538   5.9904538   5.9904538
   5.9904538   5.9904538   5.9904538   5.9904538   5.9904538   5.9904538
   5.9904538   5.9904538   5.9904538   5.9904538   6.0095462   6.0095462
   6.0095462   6.0095462   6.0095462   6.0095462   6.0095462   6.0095462
   6.0095462   6.0095462   6.0095462   6.0095462   6.0095462   6.0095462
   6.0095462   6.0095462
 SUMMED SPIN DENSITY           0.00000000
 TOTAL ATOMIC SPINS  :
  -0.0000000  -0.0000000  -0.0000000  -0.0000000  -0.0000000  -0.0000000
  -0.0000000  -0.0000000  -0.0000000  -0.0000000  -0.0000000  -0.0000000
  -0.0000000  -0.0000000  -0.0000000  -0.0000000   0.0000000   0.0000000
   0.0000000   0.0000000   0.0000000   0.0000000   0.0000000   0.0000000
   0.0000000   0.0000000   0.0000000   0.0000000   0.0000000   0.0000000
   0.0000000   0.0000000
 TTTTTTTTTTTTTTTTTTTTTTTTTTTTTT MOQGAD      TELAPSE      380.85 TCPU      376.32
 TTTTTTTTTTTTTTTTTTTTTTTTTTTTTT SHELLXN     TELAPSE      437.22 TCPU      432.58
 TTTTTTTTTTTTTTTTTTTTTTTTTTTTTT MONMO3      TELAPSE      437.30 TCPU      432.67
 NUMERICALLY INTEGRATED DENSITY     96.0000538380     96.0000538380
 TTTTTTTTTTTTTTTTTTTTTTTTTTTTTT NUMDFT      TELAPSE      438.13 TCPU      433.49
 CYC   6 ETOT(AU) -1.218537786376E+03 DETOT -1.99E-06 tst  1.45E-08 PX  3.69E-04
 TTTTTTTTTTTTTTTTTTTTTTTTTTTTTT DIIS        TELAPSE      438.61 TCPU      433.84
 DIIS TEST: 0.37542E-05 AT SCF   CYCLE   6 - DIIS ACTIVE - HISTORY:     6 CYCLES
 TTTTTTTTTTTTTTTTTTTTTTTTTTTTTT FDIK        TELAPSE      441.35 TCPU      436.41

    ALPHA      ELECTRONS
 INSULATING STATE
 TOP OF VALENCE BANDS -    BAND     96; K    1; EIG -7.5068007E-02 AU
 BOTTOM OF VIRTUAL BANDS - BAND     97; K   61; EIG  9.1967904E-02 AU
 INDIRECT ENERGY BAND GAP:   4.5453 eV
 BOTTOM OF VIRTUAL BANDS - BAND     97; K    1; EIG  1.0703273E-01 AU

    BETA       ELECTRONS
 INSULATING STATE
 TOP OF VALENCE BANDS -    BAND     96; K    1; EIG -7.5068007E-02 AU
 BOTTOM OF VIRTUAL BANDS - BAND     97; K   61; EIG  9.1967904E-02 AU
 INDIRECT ENERGY BAND GAP:   4.5453 eV
 BOTTOM OF VIRTUAL BANDS - BAND     97; K    1; EIG  1.0703273E-01 AU
 TTTTTTTTTTTTTTTTTTTTTTTTTTTTTT PDIG        TELAPSE      441.81 TCPU      436.87
 CHARGE NORMALIZATION FACTOR   1.00000000
 TOTAL ATOMIC CHARGES:
   5.9903846   5.9903846   5.9903846   5.9903846   5.9903846   5.9903846
   5.9903846   5.9903846   5.9903846   5.9903846   5.9903846   5.9903846
   5.9903846   5.9903846   5.9903846   5.9903846   6.0096154   6.0096154
   6.0096154   6.0096154   6.0096154   6.0096154   6.0096154   6.0096154
   6.0096154   6.0096154   6.0096154   6.0096154   6.0096154   6.0096154
   6.0096154   6.0096154
 SUMMED SPIN DENSITY           0.00000000
 TOTAL ATOMIC SPINS  :
  -0.0000000  -0.0000000  -0.0000000  -0.0000000  -0.0000000  -0.0000000
  -0.0000000  -0.0000000  -0.0000000  -0.0000000  -0.0000000  -0.0000000
  -0.0000000  -0.0000000  -0.0000000  -0.0000000   0.0000000   0.0000000
   0.0000000   0.0000000   0.0000000   0.0000000   0.0000000   0.0000000
   0.0000000   0.0000000   0.0000000   0.0000000   0.0000000   0.0000000
   0.0000000   0.0000000
 TTTTTTTTTTTTTTTTTTTTTTTTTTTTTT MOQGAD      TELAPSE      441.83 TCPU      436.89
 TTTTTTTTTTTTTTTTTTTTTTTTTTTTTT SHELLXN     TELAPSE      497.61 TCPU      492.48
 TTTTTTTTTTTTTTTTTTTTTTTTTTTTTT MONMO3      TELAPSE      497.69 TCPU      492.56
 NUMERICALLY INTEGRATED DENSITY     96.0000538436     96.0000538436
 TTTTTTTTTTTTTTTTTTTTTTTTTTTTTT NUMDFT      TELAPSE      498.48 TCPU      493.35
 CYC   7 ETOT(AU) -1.218537786328E+03 DETOT  4.79E-08 tst  8.15E-10 PX  4.25E-05
 TTTTTTTTTTTTTTTTTTTTTTTTTTTTTT DIIS        TELAPSE      505.76 TCPU      500.44
 DIIS TEST: 0.52997E-07 AT SCF   CYCLE   7 - DIIS ACTIVE - HISTORY:     7 CYCLES
 TTTTTTTTTTTTTTTTTTTTTTTTTTTTTT FDIK        TELAPSE      508.57 TCPU      502.99

    ALPHA      ELECTRONS
 INSULATING STATE
 TOP OF VALENCE BANDS -    BAND     96; K    1; EIG -7.5080420E-02 AU
 BOTTOM OF VIRTUAL BANDS - BAND     97; K   61; EIG  9.1958087E-02 AU
 INDIRECT ENERGY BAND GAP:   4.5454 eV
 BOTTOM OF VIRTUAL BANDS - BAND     97; K    1; EIG  1.0702284E-01 AU

    BETA       ELECTRONS
 INSULATING STATE
 TOP OF VALENCE BANDS -    BAND     96; K    1; EIG -7.5080420E-02 AU
 BOTTOM OF VIRTUAL BANDS - BAND     97; K   61; EIG  9.1958087E-02 AU
 INDIRECT ENERGY BAND GAP:   4.5454 eV
 BOTTOM OF VIRTUAL BANDS - BAND     97; K    1; EIG  1.0702284E-01 AU
 TTTTTTTTTTTTTTTTTTTTTTTTTTTTTT PDIG        TELAPSE      509.04 TCPU      503.45
 CHARGE NORMALIZATION FACTOR   1.00000000
 TOTAL ATOMIC CHARGES:
   5.9903917   5.9903917   5.9903917   5.9903917   5.9903917   5.9903917
   5.9903917   5.9903917   5.9903917   5.9903917   5.9903917   5.9903917
   5.9903917   5.9903917   5.9903917   5.9903917   6.0096083   6.0096083
   6.0096083   6.0096083   6.0096083   6.0096083   6.0096083   6.0096083
   6.0096083   6.0096083   6.0096083   6.0096083   6.0096083   6.0096083
   6.0096083   6.0096083
 SUMMED SPIN DENSITY          -0.00000000
 TOTAL ATOMIC SPINS  :
  -0.0000000  -0.0000000  -0.0000000  -0.0000000  -0.0000000  -0.0000000
  -0.0000000  -0.0000000  -0.0000000  -0.0000000  -0.0000000  -0.0000000
  -0.0000000  -0.0000000  -0.0000000  -0.0000000   0.0000000   0.0000000
   0.0000000   0.0000000   0.0000000   0.0000000   0.0000000   0.0000000
   0.0000000   0.0000000   0.0000000   0.0000000   0.0000000   0.0000000
   0.0000000   0.0000000
 TTTTTTTTTTTTTTTTTTTTTTTTTTTTTT MOQGAD      TELAPSE      509.05 TCPU      503.47
 TTTTTTTTTTTTTTTTTTTTTTTTTTTTTT SHELLXN     TELAPSE      565.51 TCPU      559.86
 TTTTTTTTTTTTTTTTTTTTTTTTTTTTTT MONMO3      TELAPSE      565.60 TCPU      559.94
 NUMERICALLY INTEGRATED DENSITY     96.0000538433     96.0000538433
 TTTTTTTTTTTTTTTTTTTTTTTTTTTTTT NUMDFT      TELAPSE      566.43 TCPU      560.78
 CYC   8 ETOT(AU) -1.218537786353E+03 DETOT -2.46E-08 tst  1.39E-11 PX  3.97E-06
 TTTTTTTTTTTTTTTTTTTTTTTTTTTTTT DIIS        TELAPSE      566.80 TCPU      561.06
 DIIS TEST: 0.46832E-09 AT SCF   CYCLE   8 - DIIS ACTIVE - HISTORY:     8 CYCLES
 TTTTTTTTTTTTTTTTTTTTTTTTTTTTTT FDIK        TELAPSE      569.02 TCPU      563.10

    ALPHA      ELECTRONS
 INSULATING STATE
 TOP OF VALENCE BANDS -    BAND     96; K    1; EIG -7.5081232E-02 AU
 BOTTOM OF VIRTUAL BANDS - BAND     97; K   61; EIG  9.1957211E-02 AU
 INDIRECT ENERGY BAND GAP:   4.5453 eV
 BOTTOM OF VIRTUAL BANDS - BAND     97; K    1; EIG  1.0702193E-01 AU

    BETA       ELECTRONS
 INSULATING STATE
 TOP OF VALENCE BANDS -    BAND     96; K    1; EIG -7.5081232E-02 AU
 BOTTOM OF VIRTUAL BANDS - BAND     97; K   61; EIG  9.1957211E-02 AU
 INDIRECT ENERGY BAND GAP:   4.5453 eV
 BOTTOM OF VIRTUAL BANDS - BAND     97; K    1; EIG  1.0702193E-01 AU
 TTTTTTTTTTTTTTTTTTTTTTTTTTTTTT PDIG        TELAPSE      569.48 TCPU      563.55
 CHARGE NORMALIZATION FACTOR   1.00000000
 TOTAL ATOMIC CHARGES:
   5.9903915   5.9903915   5.9903915   5.9903915   5.9903915   5.9903915
   5.9903915   5.9903915   5.9903915   5.9903915   5.9903915   5.9903915
   5.9903915   5.9903915   5.9903915   5.9903915   6.0096085   6.0096085
   6.0096085   6.0096085   6.0096085   6.0096085   6.0096085   6.0096085
   6.0096085   6.0096085   6.0096085   6.0096085   6.0096085   6.0096085
   6.0096085   6.0096085
 SUMMED SPIN DENSITY           0.00000000
 TOTAL ATOMIC SPINS  :
  -0.0000000  -0.0000000  -0.0000000  -0.0000000  -0.0000000  -0.0000000
  -0.0000000  -0.0000000  -0.0000000  -0.0000000  -0.0000000  -0.0000000
  -0.0000000  -0.0000000  -0.0000000  -0.0000000   0.0000000   0.0000000
   0.0000000   0.0000000   0.0000000   0.0000000   0.0000000   0.0000000
   0.0000000   0.0000000   0.0000000   0.0000000   0.0000000   0.0000000
   0.0000000   0.0000000
 TTTTTTTTTTTTTTTTTTTTTTTTTTTTTT MOQGAD      TELAPSE      569.50 TCPU      563.57
 TTTTTTTTTTTTTTTTTTTTTTTTTTTTTT SHELLXN     TELAPSE      625.96 TCPU      619.97
 TTTTTTTTTTTTTTTTTTTTTTTTTTTTTT MONMO3      TELAPSE      626.04 TCPU      620.05
 NUMERICALLY INTEGRATED DENSITY     96.0000538433     96.0000538433
 TTTTTTTTTTTTTTTTTTTTTTTTTTTTTT NUMDFT      TELAPSE      626.87 TCPU      620.87
 CYC   9 ETOT(AU) -1.218537786353E+03 DETOT -5.36E-10 tst  7.35E-14 PX  7.74E-07
 TTTTTTTTTTTTTTTTTTTTTTTTTTTTTT DIIS        TELAPSE      627.19 TCPU      621.10
 DIIS TEST: 0.24594E-10 AT SCF   CYCLE   9 - DIIS ACTIVE - HISTORY:     9 CYCLES
 TTTTTTTTTTTTTTTTTTTTTTTTTTTTTT FDIK        TELAPSE      629.22 TCPU      622.95

    ALPHA      ELECTRONS
 INSULATING STATE
 TOP OF VALENCE BANDS -    BAND     96; K    1; EIG -7.5081257E-02 AU
 BOTTOM OF VIRTUAL BANDS - BAND     97; K   61; EIG  9.1957213E-02 AU
 INDIRECT ENERGY BAND GAP:   4.5453 eV
 BOTTOM OF VIRTUAL BANDS - BAND     97; K    1; EIG  1.0702193E-01 AU

    BETA       ELECTRONS
 INSULATING STATE
 TOP OF VALENCE BANDS -    BAND     96; K    1; EIG -7.5081257E-02 AU
 BOTTOM OF VIRTUAL BANDS - BAND     97; K   61; EIG  9.1957213E-02 AU
 INDIRECT ENERGY BAND GAP:   4.5453 eV
 BOTTOM OF VIRTUAL BANDS - BAND     97; K    1; EIG  1.0702193E-01 AU
 TTTTTTTTTTTTTTTTTTTTTTTTTTTTTT PDIG        TELAPSE      629.70 TCPU      623.43
 CHARGE NORMALIZATION FACTOR   1.00000000
 TOTAL ATOMIC CHARGES:
   5.9903915   5.9903915   5.9903915   5.9903915   5.9903915   5.9903915
   5.9903915   5.9903915   5.9903915   5.9903915   5.9903915   5.9903915
   5.9903915   5.9903915   5.9903915   5.9903915   6.0096085   6.0096085
   6.0096085   6.0096085   6.0096085   6.0096085   6.0096085   6.0096085
   6.0096085   6.0096085   6.0096085   6.0096085   6.0096085   6.0096085
   6.0096085   6.0096085
 SUMMED SPIN DENSITY           0.00000000
 TOTAL ATOMIC SPINS  :
  -0.0000000  -0.0000000  -0.0000000  -0.0000000  -0.0000000  -0.0000000
  -0.0000000  -0.0000000  -0.0000000  -0.0000000  -0.0000000  -0.0000000
  -0.0000000  -0.0000000  -0.0000000  -0.0000000   0.0000000   0.0000000
   0.0000000   0.0000000   0.0000000   0.0000000   0.0000000   0.0000000
   0.0000000   0.0000000   0.0000000   0.0000000   0.0000000   0.0000000
   0.0000000   0.0000000
 TTTTTTTTTTTTTTTTTTTTTTTTTTTTTT MOQGAD      TELAPSE      629.72 TCPU      623.45
 TTTTTTTTTTTTTTTTTTTTTTTTTTTTTT SHELLXN     TELAPSE      685.80 TCPU      679.48
 +++ ENERGIES IN A.U. +++
 ::: EXT EL-POLE                                  -6.0533161653322E+03
 ::: EXT EL-SPHEROPOLE                             5.2526365401584E+01
 ::: BIELET ZONE E-E                               6.2153188067545E+03
 ::: TOTAL E-E                                     2.1452900682388E+02
 ::: TOTAL E-N + N-E                              -2.0609114950106E+03
 ::: TOTAL N-N                                    -4.4617469441512E+02
 ::: KINETIC ENERGY                                1.2149632924037E+03
 ::: PSEUDO TOTAL   ENERGY                        -1.0775938901981E+03
 ::: VIRIAL COEFFICIENT                            1.0599197277381E+00
 TTTTTTTTTTTTTTTTTTTTTTTTTTTTTT MONMO3      TELAPSE      685.89 TCPU      679.57
 NUMERICALLY INTEGRATED DENSITY     96.0000538433     96.0000538433
 EXCHANGE ENERGY: -0.132797981389E+03  CORRELATION ENERGY: -0.814591476607E+01
 TTTTTTTTTTTTTTTTTTTTTTTTTTTTTT NUMDFT      TELAPSE      686.75 TCPU      680.42
 CYC  10 ETOT(AU) -1.218537786354E+03 DETOT -1.79E-10 tst  3.03E-15 PX  7.74E-07

 == SCF ENDED - CONVERGENCE ON ENERGY      E(AU) -1.2185377863536E+03 CYCLES  10


 ENERGY EXPRESSION=HARTREE+FOCK EXCH*0.20000+(BECKE      EXCH)*0.80000+LYP        CORR


 TOTAL ENERGY(DFT)(AU)( 10) -1.2185377863536E+03 DE-1.8E-10 tester 3.0E-15
 TTTTTTTTTTTTTTTTTTTTTTTTTTTTTT EDFT        TELAPSE      686.77 TCPU      680.44
 
 INFORMATION **** DFTD3 ENERGY **** CALCULATE DFTD3 ENERGY

           DFT-D V3(BJ)
 DF                                         b3-lyp    
 parameters
 s6       :    1.0000
 s8       :    1.9889
 a1       :    0.3981
 a2       :    4.4211
 k1 k3    :   16.0000   -4.0000
 Cutoff   :   50.2022
 CN-Cutoff:   21.1671
 ABC-Cutoff:   21.1671
 
 Edisp /kcal,au:  -219.4792 -0.34976240

 E6    /kcal :  -105.2634
 E8    /kcal :  -114.2158
 
 INFORMATION **** DFTD3 ENERGY **** NORMAL TERMINATION OF DFTD3 MODULE

 *******************************************************************************

 DFT-D3 DISPERSION ENERGY CORRECTION

 D3 DISPERSION ENERGY (AU)       -3.4976239866775E-01
 TOTAL ENERGY + DISP (AU)        -1.2188875487523E+03

 *******************************************************************************


 NEIGHBORS OF THE NON-EQUIVALENT ATOMS

 N = NUMBER OF NEIGHBORS AT DISTANCE R
    ATOM  N     R/ANG      R/AU   NEIGHBORS (ATOM LABELS AND CELL INDICES)
   1 C    1     1.5031     2.8405    2 C    0 0 0
   1 C    1     1.5124     2.8580   18 C    0 0 0
   1 C    1     1.5680     2.9631   10 C    0 0 1
   1 C    1     1.5863     2.9977   27 C    0 0 0
   1 C    1     2.1721     4.1047    9 C    0 0 1
   1 C    1     2.3747     4.4875   17 C    0 1 0

  17 C    1     1.5124     2.8580    2 C    0 0 0
  17 C    1     1.5453     2.9203   18 C    0-1 0
  17 C    1     1.5583     2.9447   22 C    0 0 0
  17 C    1     1.5863     2.9977   11 C    0 0 0
  17 C    1     2.1797     4.1191   21 C    0-1 0
  17 C    1     2.3747     4.4875    1 C    0-1 0

 TTTTTTTTTTTTTTTTTTTTTTTTTTTTTT AFTER FIRST TELAPSE      687.04 TCPU      680.65
 MMMMMMMMMMMMMMMMMMMMMMMMMMMMMMMMMMMMMMMMMMMMMMMMMMMMMMMMMMMMMMMMMMMMMMMMMMMMMMM
     ALPHA+BETA ELECTRONS
 MULLIKEN POPULATION ANALYSIS - NO. OF ELECTRONS  192.000000

  ATOM    Z CHARGE  A.O. POPULATION

   1 C    6  5.990  0.853  1.120  0.759  0.401  0.433  0.468  0.435 -0.003
                   -0.011 -0.006  0.504  0.496  0.496  0.012  0.007  0.007
                    0.009  0.011
   2 C    6  5.990  0.853  1.120  0.759  0.401  0.433  0.468  0.435 -0.003
                   -0.011 -0.006  0.504  0.496  0.496  0.012  0.007  0.007
                    0.009  0.011
   3 C    6  5.990  0.853  1.120  0.759  0.401  0.433  0.468  0.435 -0.003
                   -0.011 -0.006  0.504  0.496  0.496  0.012  0.007  0.007
                    0.009  0.011
   4 C    6  5.990  0.853  1.120  0.759  0.401  0.433  0.468  0.435 -0.003
                   -0.011 -0.006  0.504  0.496  0.496  0.012  0.007  0.007
                    0.009  0.011
   5 C    6  5.990  0.853  1.120  0.759  0.401  0.468  0.433  0.435 -0.011
                   -0.003 -0.006  0.496  0.504  0.496  0.012  0.007  0.007
                    0.009  0.011
   6 C    6  5.990  0.853  1.120  0.759  0.401  0.468  0.433  0.435 -0.011
                   -0.003 -0.006  0.496  0.504  0.496  0.012  0.007  0.007
                    0.009  0.011
   7 C    6  5.990  0.853  1.120  0.759  0.401  0.468  0.433  0.435 -0.011
                   -0.003 -0.006  0.496  0.504  0.496  0.012  0.007  0.007
                    0.009  0.011
   8 C    6  5.990  0.853  1.120  0.759  0.401  0.468  0.433  0.435 -0.011
                   -0.003 -0.006  0.496  0.504  0.496  0.012  0.007  0.007
                    0.009  0.011
   9 C    6  5.990  0.853  1.120  0.759  0.401  0.433  0.468  0.435 -0.003
                   -0.011 -0.006  0.504  0.496  0.496  0.012  0.007  0.007
                    0.009  0.011
  10 C    6  5.990  0.853  1.120  0.759  0.401  0.433  0.468  0.435 -0.003
                   -0.011 -0.006  0.504  0.496  0.496  0.012  0.007  0.007
                    0.009  0.011
  11 C    6  5.990  0.853  1.120  0.759  0.401  0.433  0.468  0.435 -0.003
                   -0.011 -0.006  0.504  0.496  0.496  0.012  0.007  0.007
                    0.009  0.011
  12 C    6  5.990  0.853  1.120  0.759  0.401  0.433  0.468  0.435 -0.003
                   -0.011 -0.006  0.504  0.496  0.496  0.012  0.007  0.007
                    0.009  0.011
  13 C    6  5.990  0.853  1.120  0.759  0.401  0.468  0.433  0.435 -0.011
                   -0.003 -0.006  0.496  0.504  0.496  0.012  0.007  0.007
                    0.009  0.011
  14 C    6  5.990  0.853  1.120  0.759  0.401  0.468  0.433  0.435 -0.011
                   -0.003 -0.006  0.496  0.504  0.496  0.012  0.007  0.007
                    0.009  0.011
  15 C    6  5.990  0.853  1.120  0.759  0.401  0.468  0.433  0.435 -0.011
                   -0.003 -0.006  0.496  0.504  0.496  0.012  0.007  0.007
                    0.009  0.011
  16 C    6  5.990  0.853  1.120  0.759  0.401  0.468  0.433  0.435 -0.011
                   -0.003 -0.006  0.496  0.504  0.496  0.012  0.007  0.007
                    0.009  0.011
  17 C    6  6.010  0.853  1.120  0.752  0.435  0.427  0.464  0.437 -0.001
                   -0.015 -0.005  0.495  0.511  0.489  0.012  0.008  0.006
                    0.008  0.011
  18 C    6  6.010  0.853  1.120  0.752  0.435  0.427  0.464  0.437 -0.001
                   -0.015 -0.005  0.495  0.511  0.489  0.012  0.008  0.006
                    0.008  0.011
  19 C    6  6.010  0.853  1.120  0.752  0.435  0.427  0.464  0.437 -0.001
                   -0.015 -0.005  0.495  0.511  0.489  0.012  0.008  0.006
                    0.008  0.011
  20 C    6  6.010  0.853  1.120  0.752  0.435  0.427  0.464  0.437 -0.001
                   -0.015 -0.005  0.495  0.511  0.489  0.012  0.008  0.006
                    0.008  0.011
  21 C    6  6.010  0.853  1.120  0.752  0.435  0.464  0.427  0.437 -0.015
                   -0.001 -0.005  0.511  0.495  0.489  0.012  0.006  0.008
                    0.008  0.011
  22 C    6  6.010  0.853  1.120  0.752  0.435  0.464  0.427  0.437 -0.015
                   -0.001 -0.005  0.511  0.495  0.489  0.012  0.006  0.008
                    0.008  0.011
  23 C    6  6.010  0.853  1.120  0.752  0.435  0.464  0.427  0.437 -0.015
                   -0.001 -0.005  0.511  0.495  0.489  0.012  0.006  0.008
                    0.008  0.011
  24 C    6  6.010  0.853  1.120  0.752  0.435  0.464  0.427  0.437 -0.015
                   -0.001 -0.005  0.511  0.495  0.489  0.012  0.006  0.008
                    0.008  0.011
  25 C    6  6.010  0.853  1.120  0.752  0.435  0.427  0.464  0.437 -0.001
                   -0.015 -0.005  0.495  0.511  0.489  0.012  0.008  0.006
                    0.008  0.011
  26 C    6  6.010  0.853  1.120  0.752  0.435  0.427  0.464  0.437 -0.001
                   -0.015 -0.005  0.495  0.511  0.489  0.012  0.008  0.006
                    0.008  0.011
  27 C    6  6.010  0.853  1.120  0.752  0.435  0.427  0.464  0.437 -0.001
                   -0.015 -0.005  0.495  0.511  0.489  0.012  0.008  0.006
                    0.008  0.011
  28 C    6  6.010  0.853  1.120  0.752  0.435  0.427  0.464  0.437 -0.001
                   -0.015 -0.005  0.495  0.511  0.489  0.012  0.008  0.006
                    0.008  0.011
  29 C    6  6.010  0.853  1.120  0.752  0.435  0.464  0.427  0.437 -0.015
                   -0.001 -0.005  0.511  0.495  0.489  0.012  0.006  0.008
                    0.008  0.011
  30 C    6  6.010  0.853  1.120  0.752  0.435  0.464  0.427  0.437 -0.015
                   -0.001 -0.005  0.511  0.495  0.489  0.012  0.006  0.008
                    0.008  0.011
  31 C    6  6.010  0.853  1.120  0.752  0.435  0.464  0.427  0.437 -0.015
                   -0.001 -0.005  0.511  0.495  0.489  0.012  0.006  0.008
                    0.008  0.011
  32 C    6  6.010  0.853  1.120  0.752  0.435  0.464  0.427  0.437 -0.015
                   -0.001 -0.005  0.511  0.495  0.489  0.012  0.006  0.008
                    0.008  0.011

  ATOM    Z CHARGE  SHELL POPULATION

   1 C    6  5.990  0.853  1.120  0.759  0.401  1.336 -0.020  1.495  0.046
   2 C    6  5.990  0.853  1.120  0.759  0.401  1.336 -0.020  1.495  0.046
   3 C    6  5.990  0.853  1.120  0.759  0.401  1.336 -0.020  1.495  0.046
   4 C    6  5.990  0.853  1.120  0.759  0.401  1.336 -0.020  1.495  0.046
   5 C    6  5.990  0.853  1.120  0.759  0.401  1.336 -0.020  1.495  0.046
   6 C    6  5.990  0.853  1.120  0.759  0.401  1.336 -0.020  1.495  0.046
   7 C    6  5.990  0.853  1.120  0.759  0.401  1.336 -0.020  1.495  0.046
   8 C    6  5.990  0.853  1.120  0.759  0.401  1.336 -0.020  1.495  0.046
   9 C    6  5.990  0.853  1.120  0.759  0.401  1.336 -0.020  1.495  0.046
  10 C    6  5.990  0.853  1.120  0.759  0.401  1.336 -0.020  1.495  0.046
  11 C    6  5.990  0.853  1.120  0.759  0.401  1.336 -0.020  1.495  0.046
  12 C    6  5.990  0.853  1.120  0.759  0.401  1.336 -0.020  1.495  0.046
  13 C    6  5.990  0.853  1.120  0.759  0.401  1.336 -0.020  1.495  0.046
  14 C    6  5.990  0.853  1.120  0.759  0.401  1.336 -0.020  1.495  0.046
  15 C    6  5.990  0.853  1.120  0.759  0.401  1.336 -0.020  1.495  0.046
  16 C    6  5.990  0.853  1.120  0.759  0.401  1.336 -0.020  1.495  0.046
  17 C    6  6.010  0.853  1.120  0.752  0.435  1.328 -0.020  1.496  0.045
  18 C    6  6.010  0.853  1.120  0.752  0.435  1.328 -0.020  1.496  0.045
  19 C    6  6.010  0.853  1.120  0.752  0.435  1.328 -0.020  1.496  0.045
  20 C    6  6.010  0.853  1.120  0.752  0.435  1.328 -0.020  1.496  0.045
  21 C    6  6.010  0.853  1.120  0.752  0.435  1.328 -0.020  1.496  0.045
  22 C    6  6.010  0.853  1.120  0.752  0.435  1.328 -0.020  1.496  0.045
  23 C    6  6.010  0.853  1.120  0.752  0.435  1.328 -0.020  1.496  0.045
  24 C    6  6.010  0.853  1.120  0.752  0.435  1.328 -0.020  1.496  0.045
  25 C    6  6.010  0.853  1.120  0.752  0.435  1.328 -0.020  1.496  0.045
  26 C    6  6.010  0.853  1.120  0.752  0.435  1.328 -0.020  1.496  0.045
  27 C    6  6.010  0.853  1.120  0.752  0.435  1.328 -0.020  1.496  0.045
  28 C    6  6.010  0.853  1.120  0.752  0.435  1.328 -0.020  1.496  0.045
  29 C    6  6.010  0.853  1.120  0.752  0.435  1.328 -0.020  1.496  0.045
  30 C    6  6.010  0.853  1.120  0.752  0.435  1.328 -0.020  1.496  0.045
  31 C    6  6.010  0.853  1.120  0.752  0.435  1.328 -0.020  1.496  0.045
  32 C    6  6.010  0.853  1.120  0.752  0.435  1.328 -0.020  1.496  0.045

 OVERLAP POPULATION CONDENSED TO ATOMS FOR FIRST   6 NEIGHBORS

 ATOM A   1 C    ATOM B     CELL      R(AB)/AU R(AB)/ANG    OVPOP(AB)
                  2 C    (  0  0  0)     2.841     1.503     0.347
                 18 C    (  0  0  0)     2.858     1.512     0.306
                 10 C    (  0  0  1)     2.963     1.568     0.362
                 27 C    (  0  0  0)     2.998     1.586     0.327
                  9 C    (  0  0  1)     4.105     2.172    -0.108
                 17 C    (  0  1  0)     4.487     2.375    -0.033

 ATOM A  17 C    ATOM B     CELL      R(AB)/AU R(AB)/ANG    OVPOP(AB)
                  2 C    (  0  0  0)     2.858     1.512     0.306
                 18 C    (  0 -1  0)     2.920     1.545     0.322
                 22 C    (  0  0  0)     2.945     1.558     0.300
                 11 C    (  0  0  0)     2.998     1.586     0.327
                 21 C    (  0 -1  0)     4.119     2.180    -0.087
                  1 C    (  0 -1  0)     4.487     2.375    -0.033
 TTTTTTTTTTTTTTTTTTTTTTTTTTTTTT AFTER FIRST TELAPSE      687.21 TCPU      680.67
 MMMMMMMMMMMMMMMMMMMMMMMMMMMMMMMMMMMMMMMMMMMMMMMMMMMMMMMMMMMMMMMMMMMMMMMMMMMMMMM
     ALPHA-BETA ELECTRONS
 MULLIKEN POPULATION ANALYSIS - NO. OF ELECTRONS    0.000000

  ATOM    Z CHARGE  A.O. POPULATION

   1 C    6 -0.000  0.000  0.000  0.000 -0.000 -0.000  0.000 -0.000  0.000
                   -0.000  0.000 -0.000  0.000  0.000  0.000 -0.000 -0.000
                    0.000 -0.000
   2 C    6 -0.000  0.000  0.000  0.000 -0.000 -0.000  0.000 -0.000  0.000
                   -0.000  0.000 -0.000  0.000  0.000  0.000 -0.000 -0.000
                    0.000 -0.000
   3 C    6 -0.000  0.000  0.000  0.000 -0.000 -0.000  0.000 -0.000  0.000
                   -0.000  0.000 -0.000  0.000  0.000  0.000 -0.000 -0.000
                    0.000 -0.000
   4 C    6 -0.000  0.000  0.000  0.000 -0.000 -0.000  0.000 -0.000  0.000
                   -0.000  0.000 -0.000  0.000  0.000  0.000 -0.000 -0.000
                    0.000 -0.000
   5 C    6 -0.000  0.000  0.000  0.000 -0.000  0.000 -0.000 -0.000 -0.000
                    0.000  0.000  0.000 -0.000  0.000  0.000 -0.000 -0.000
                    0.000 -0.000
   6 C    6 -0.000  0.000  0.000  0.000 -0.000  0.000 -0.000 -0.000 -0.000
                    0.000  0.000  0.000 -0.000  0.000  0.000 -0.000 -0.000
                    0.000 -0.000
   7 C    6 -0.000  0.000  0.000  0.000 -0.000  0.000 -0.000 -0.000 -0.000
                    0.000  0.000  0.000 -0.000  0.000  0.000 -0.000 -0.000
                    0.000 -0.000
   8 C    6 -0.000  0.000  0.000  0.000 -0.000  0.000 -0.000 -0.000 -0.000
                    0.000  0.000  0.000 -0.000  0.000  0.000 -0.000 -0.000
                    0.000 -0.000
   9 C    6 -0.000  0.000  0.000  0.000 -0.000 -0.000  0.000 -0.000  0.000
                   -0.000  0.000 -0.000  0.000  0.000  0.000 -0.000 -0.000
                    0.000 -0.000
  10 C    6 -0.000  0.000  0.000  0.000 -0.000 -0.000  0.000 -0.000  0.000
                   -0.000  0.000 -0.000  0.000  0.000  0.000 -0.000 -0.000
                    0.000 -0.000
  11 C    6 -0.000  0.000  0.000  0.000 -0.000 -0.000  0.000 -0.000  0.000
                   -0.000  0.000 -0.000  0.000  0.000  0.000 -0.000 -0.000
                    0.000 -0.000
  12 C    6 -0.000  0.000  0.000  0.000 -0.000 -0.000  0.000 -0.000  0.000
                   -0.000  0.000 -0.000  0.000  0.000  0.000 -0.000 -0.000
                    0.000 -0.000
  13 C    6 -0.000  0.000  0.000  0.000 -0.000  0.000 -0.000 -0.000 -0.000
                    0.000  0.000  0.000 -0.000  0.000  0.000 -0.000 -0.000
                    0.000 -0.000
  14 C    6 -0.000  0.000  0.000  0.000 -0.000  0.000 -0.000 -0.000 -0.000
                    0.000  0.000  0.000 -0.000  0.000  0.000 -0.000 -0.000
                    0.000 -0.000
  15 C    6 -0.000  0.000  0.000  0.000 -0.000  0.000 -0.000 -0.000 -0.000
                    0.000  0.000  0.000 -0.000  0.000  0.000 -0.000 -0.000
                    0.000 -0.000
  16 C    6 -0.000  0.000  0.000  0.000 -0.000  0.000 -0.000 -0.000 -0.000
                    0.000  0.000  0.000 -0.000  0.000  0.000 -0.000 -0.000
                    0.000 -0.000
  17 C    6  0.000 -0.000 -0.000 -0.000  0.000  0.000  0.000 -0.000  0.000
                   -0.000  0.000 -0.000  0.000 -0.000 -0.000  0.000  0.000
                    0.000 -0.000
  18 C    6  0.000 -0.000 -0.000 -0.000  0.000  0.000  0.000 -0.000  0.000
                   -0.000  0.000 -0.000  0.000 -0.000 -0.000  0.000  0.000
                    0.000 -0.000
  19 C    6  0.000 -0.000 -0.000 -0.000  0.000  0.000  0.000 -0.000  0.000
                   -0.000  0.000 -0.000  0.000 -0.000 -0.000  0.000  0.000
                    0.000 -0.000
  20 C    6  0.000 -0.000 -0.000 -0.000  0.000  0.000  0.000 -0.000  0.000
                   -0.000  0.000 -0.000  0.000 -0.000 -0.000  0.000  0.000
                    0.000 -0.000
  21 C    6  0.000 -0.000 -0.000 -0.000  0.000  0.000  0.000 -0.000 -0.000
                    0.000  0.000  0.000 -0.000 -0.000 -0.000  0.000  0.000
                    0.000 -0.000
  22 C    6  0.000 -0.000 -0.000 -0.000  0.000  0.000  0.000 -0.000 -0.000
                    0.000  0.000  0.000 -0.000 -0.000 -0.000  0.000  0.000
                    0.000 -0.000
  23 C    6  0.000 -0.000 -0.000 -0.000  0.000  0.000  0.000 -0.000 -0.000
                    0.000  0.000  0.000 -0.000 -0.000 -0.000  0.000  0.000
                    0.000 -0.000
  24 C    6  0.000 -0.000 -0.000 -0.000  0.000  0.000  0.000 -0.000 -0.000
                    0.000  0.000  0.000 -0.000 -0.000 -0.000  0.000  0.000
                    0.000 -0.000
  25 C    6  0.000 -0.000 -0.000 -0.000  0.000  0.000  0.000 -0.000  0.000
                   -0.000  0.000 -0.000  0.000 -0.000 -0.000  0.000  0.000
                    0.000 -0.000
  26 C    6  0.000 -0.000 -0.000 -0.000  0.000  0.000  0.000 -0.000  0.000
                   -0.000  0.000 -0.000  0.000 -0.000 -0.000  0.000  0.000
                    0.000 -0.000
  27 C    6  0.000 -0.000 -0.000 -0.000  0.000  0.000  0.000 -0.000  0.000
                   -0.000  0.000 -0.000  0.000 -0.000 -0.000  0.000  0.000
                    0.000 -0.000
  28 C    6  0.000 -0.000 -0.000 -0.000  0.000  0.000  0.000 -0.000  0.000
                   -0.000  0.000 -0.000  0.000 -0.000 -0.000  0.000  0.000
                    0.000 -0.000
  29 C    6  0.000 -0.000 -0.000 -0.000  0.000  0.000  0.000 -0.000 -0.000
                    0.000  0.000  0.000 -0.000 -0.000 -0.000  0.000  0.000
                    0.000 -0.000
  30 C    6  0.000 -0.000 -0.000 -0.000  0.000  0.000  0.000 -0.000 -0.000
                    0.000  0.000  0.000 -0.000 -0.000 -0.000  0.000  0.000
                    0.000 -0.000
  31 C    6  0.000 -0.000 -0.000 -0.000  0.000  0.000  0.000 -0.000 -0.000
                    0.000  0.000  0.000 -0.000 -0.000 -0.000  0.000  0.000
                    0.000 -0.000
  32 C    6  0.000 -0.000 -0.000 -0.000  0.000  0.000  0.000 -0.000 -0.000
                    0.000  0.000  0.000 -0.000 -0.000 -0.000  0.000  0.000
                    0.000 -0.000

  ATOM    Z CHARGE  SHELL POPULATION

   1 C    6 -0.000  0.000  0.000  0.000 -0.000 -0.000  0.000 -0.000 -0.000
   2 C    6 -0.000  0.000  0.000  0.000 -0.000 -0.000  0.000 -0.000 -0.000
   3 C    6 -0.000  0.000  0.000  0.000 -0.000 -0.000  0.000 -0.000 -0.000
   4 C    6 -0.000  0.000  0.000  0.000 -0.000 -0.000  0.000 -0.000 -0.000
   5 C    6 -0.000  0.000  0.000  0.000 -0.000 -0.000  0.000 -0.000 -0.000
   6 C    6 -0.000  0.000  0.000  0.000 -0.000 -0.000  0.000 -0.000 -0.000
   7 C    6 -0.000  0.000  0.000  0.000 -0.000 -0.000  0.000 -0.000 -0.000
   8 C    6 -0.000  0.000  0.000  0.000 -0.000 -0.000  0.000 -0.000 -0.000
   9 C    6 -0.000  0.000  0.000  0.000 -0.000 -0.000  0.000 -0.000 -0.000
  10 C    6 -0.000  0.000  0.000  0.000 -0.000 -0.000  0.000 -0.000 -0.000
  11 C    6 -0.000  0.000  0.000  0.000 -0.000 -0.000  0.000 -0.000 -0.000
  12 C    6 -0.000  0.000  0.000  0.000 -0.000 -0.000  0.000 -0.000 -0.000
  13 C    6 -0.000  0.000  0.000  0.000 -0.000 -0.000  0.000 -0.000 -0.000
  14 C    6 -0.000  0.000  0.000  0.000 -0.000 -0.000  0.000 -0.000 -0.000
  15 C    6 -0.000  0.000  0.000  0.000 -0.000 -0.000  0.000 -0.000 -0.000
  16 C    6 -0.000  0.000  0.000  0.000 -0.000 -0.000  0.000 -0.000 -0.000
  17 C    6  0.000 -0.000 -0.000 -0.000  0.000  0.000  0.000 -0.000 -0.000
  18 C    6  0.000 -0.000 -0.000 -0.000  0.000  0.000  0.000 -0.000 -0.000
  19 C    6  0.000 -0.000 -0.000 -0.000  0.000  0.000  0.000 -0.000 -0.000
  20 C    6  0.000 -0.000 -0.000 -0.000  0.000  0.000  0.000 -0.000 -0.000
  21 C    6  0.000 -0.000 -0.000 -0.000  0.000  0.000  0.000 -0.000 -0.000
  22 C    6  0.000 -0.000 -0.000 -0.000  0.000  0.000  0.000 -0.000 -0.000
  23 C    6  0.000 -0.000 -0.000 -0.000  0.000  0.000  0.000 -0.000 -0.000
  24 C    6  0.000 -0.000 -0.000 -0.000  0.000  0.000  0.000 -0.000 -0.000
  25 C    6  0.000 -0.000 -0.000 -0.000  0.000  0.000  0.000 -0.000 -0.000
  26 C    6  0.000 -0.000 -0.000 -0.000  0.000  0.000  0.000 -0.000 -0.000
  27 C    6  0.000 -0.000 -0.000 -0.000  0.000  0.000  0.000 -0.000 -0.000
  28 C    6  0.000 -0.000 -0.000 -0.000  0.000  0.000  0.000 -0.000 -0.000
  29 C    6  0.000 -0.000 -0.000 -0.000  0.000  0.000  0.000 -0.000 -0.000
  30 C    6  0.000 -0.000 -0.000 -0.000  0.000  0.000  0.000 -0.000 -0.000
  31 C    6  0.000 -0.000 -0.000 -0.000  0.000  0.000  0.000 -0.000 -0.000
  32 C    6  0.000 -0.000 -0.000 -0.000  0.000  0.000  0.000 -0.000 -0.000

 OVERLAP POPULATION CONDENSED TO ATOMS FOR FIRST   6 NEIGHBORS

 ATOM A   1 C    ATOM B     CELL      R(AB)/AU R(AB)/ANG    OVPOP(AB)
                  2 C    (  0  0  0)     2.841     1.503     0.000
                 18 C    (  0  0  0)     2.858     1.512    -0.000
                 10 C    (  0  0  1)     2.963     1.568     0.000
                 27 C    (  0  0  0)     2.998     1.586    -0.000
                  9 C    (  0  0  1)     4.105     2.172    -0.000
                 17 C    (  0  1  0)     4.487     2.375     0.000

 ATOM A  17 C    ATOM B     CELL      R(AB)/AU R(AB)/ANG    OVPOP(AB)
                  2 C    (  0  0  0)     2.858     1.512    -0.000
                 18 C    (  0 -1  0)     2.920     1.545    -0.000
                 22 C    (  0  0  0)     2.945     1.558    -0.000
                 11 C    (  0  0  0)     2.998     1.586    -0.000
                 21 C    (  0 -1  0)     4.119     2.180    -0.000
                  1 C    (  0 -1  0)     4.487     2.375     0.000
 EIGENVECTORS IN FORTRAN UNIT  8
 TTTTTTTTTTTTTTTTTTTTTTTTTTTTTT END         TELAPSE      688.05 TCPU      681.43
 EEEEEEEEEE TERMINATION  DATE 22 01 2026 TIME 06:16:06.2
NODE    0 CPU TIME =       681.433
NODE    1 CPU TIME =       684.610
NODE    2 CPU TIME =       684.002
NODE    3 CPU TIME =       674.971
NODE    4 CPU TIME =       684.313
NODE    5 CPU TIME =       683.759
NODE    6 CPU TIME =       684.950
NODE    7 CPU TIME =       684.210
NODE    8 CPU TIME =       684.040
NODE    9 CPU TIME =       684.144
NODE   10 CPU TIME =       684.028
NODE   11 CPU TIME =       683.891
NODE   12 CPU TIME =       683.497
NODE   13 CPU TIME =       683.771
NODE   14 CPU TIME =       677.583
NODE   15 CPU TIME =       682.938
NODE   16 CPU TIME =       677.045
NODE   17 CPU TIME =       676.065
NODE   18 CPU TIME =       683.759
NODE   19 CPU TIME =       675.619
NODE   20 CPU TIME =       673.659
NODE   21 CPU TIME =       682.032
NODE   22 CPU TIME =       669.240
NODE   23 CPU TIME =       684.247
    TOTAL CPU TIME =     16347.807
