MPI startup(): Warning: I_MPI_PMI_LIBRARY will be ignored since the hydra process manager was found
MPI startup(): Warning: I_MPI_PMI_LIBRARY will be ignored since the hydra process manager was found
MPI startup(): Warning: I_MPI_PMI_LIBRARY will be ignored since the hydra process manager was found
MPI startup(): Warning: I_MPI_PMI_LIBRARY will be ignored since the hydra process manager was found
MPI startup(): Warning: I_MPI_PMI_LIBRARY will be ignored since the hydra process manager was found
MPI startup(): Warning: I_MPI_PMI_LIBRARY will be ignored since the hydra process manager was found
MPI startup(): Warning: I_MPI_PMI_LIBRARY will be ignored since the hydra process manager was found
MPI startup(): Warning: I_MPI_PMI_LIBRARY will be ignored since the hydra process manager was found
MPI startup(): Warning: I_MPI_PMI_LIBRARY will be ignored since the hydra process manager was found
MPI startup(): Warning: I_MPI_PMI_LIBRARY will be ignored since the hydra process manager was found
MPI startup(): Warning: I_MPI_PMI_LIBRARY will be ignored since the hydra process manager was found
MPI startup(): Warning: I_MPI_PMI_LIBRARY will be ignored since the hydra process manager was found
MPI startup(): Warning: I_MPI_PMI_LIBRARY will be ignored since the hydra process manager was found
MPI startup(): Warning: I_MPI_PMI_LIBRARY will be ignored since the hydra process manager was found
MPI startup(): Warning: I_MPI_PMI_LIBRARY will be ignored since the hydra process manager was found
MPI startup(): Warning: I_MPI_PMI_LIBRARY will be ignored since the hydra process manager was found
MPI startup(): Warning: I_MPI_PMI_LIBRARY will be ignored since the hydra process manager was found
MPI startup(): Warning: I_MPI_PMI_LIBRARY will be ignored since the hydra process manager was found
MPI startup(): Warning: I_MPI_PMI_LIBRARY will be ignored since the hydra process manager was found
MPI startup(): Warning: I_MPI_PMI_LIBRARY will be ignored since the hydra process manager was found
MPI startup(): Warning: I_MPI_PMI_LIBRARY will be ignored since the hydra process manager was found
MPI startup(): Warning: I_MPI_PMI_LIBRARY will be ignored since the hydra process manager was found
MPI startup(): Warning: I_MPI_PMI_LIBRARY will be ignored since the hydra process manager was found
MPI startup(): Warning: I_MPI_PMI_LIBRARY will be ignored since the hydra process manager was found
MPI startup(): Warning: I_MPI_PMI_LIBRARY will be ignored since the hydra process manager was found
MPI startup(): Warning: I_MPI_PMI_LIBRARY will be ignored since the hydra process manager was found
MPI startup(): Warning: I_MPI_PMI_LIBRARY will be ignored since the hydra process manager was found
MPI startup(): Warning: I_MPI_PMI_LIBRARY will be ignored since the hydra process manager was found
MPI startup(): Warning: I_MPI_PMI_LIBRARY will be ignored since the hydra process manager was found
MPI startup(): Warning: I_MPI_PMI_LIBRARY will be ignored since the hydra process manager was found
MPI startup(): Warning: I_MPI_PMI_LIBRARY will be ignored since the hydra process manager was found
MPI startup(): Warning: I_MPI_PMI_LIBRARY will be ignored since the hydra process manager was found
 PROCESS           27  OF           32  WORKING
 PROCESS            5  OF           32  WORKING
 PROCESS           21  OF           32  WORKING
 PROCESS           22  OF           32  WORKING
 PROCESS           18  OF           32  WORKING
 PROCESS           26  OF           32  WORKING
 PROCESS            1  OF           32  WORKING
 PROCESS            0  OF           32  WORKING
 PROCESS            8  OF           32  WORKING
 PROCESS           12  OF           32  WORKING
 PROCESS           17  OF           32  WORKING
 PROCESS           10  OF           32  WORKING
 PROCESS           28  OF           32  WORKING

 PROCESS           16  OF           32  WORKING
         
 PROCESS           31  OF           32  WORKING
 *******************************************************************************
 *                                                                             *
 *                               CRYSTAL23                                     *
 PROCESS           25  OF           32  WORKING
 PROCESS           20  OF           32  WORKING
 *                      public : 1.0.1 - October 2022                          *
 PROCESS            6  OF           32  WORKING
 PROCESS           29  OF           32  WORKING
 PROCESS           24  OF           32  WORKING
 PROCESS           30  OF           32  WORKING
 PROCESS           11  OF           32  WORKING
 *                       HTTP://WWW.CRYSTAL.UNITO.IT                           *
 *                                                                             *
 *                              MAIN AUTHORS                                   *
 *                                                                             *
 *  R. DOVESI(1,11), V.R. SAUNDERS(2), C. ROETTI(1,11), R. ORLANDO(1,11),      *
 *  C.M. ZICOVICH-WILSON(1,3), F. PASCALE(4), B. CIVALLERI(1,11),              *
 *  K. DOLL(5), N.M. HARRISON(6), I.J. BUSH(7), Ph. D'ARCO(8),                 *
 *  M. LLUNELL(9), M. CAUSA'(10), Y. NOEL(8), L. MASCHIO(1,11), A. ERBA(1,11)  *
 *  M. RE'RAT(14), S. CASASSA(1,11), B.G. SEARLE(2), J.K. DESMARAIS(1)         *
 *                                                                             *
 *        CONTRIBUTIONS TO THE CODE HAVE ALSO BEEN GIVEN BY                    *
 *                                                                             *
 PROCESS            2  OF           32  WORKING
 *  M. FERRABONE(1,11), M. DE LA PIERRE(1,11), M. FERRERO(1,11),               *
 *  J. BAIMA(1,11), E. ALBANESE(1,11), M.F. PEINTINGER(12), R. BAST(13),       *
 *  B. KIRTMAN(15), V. LACIVITA(1,11), R. DEMICHELIS(1,16)                     *
 *  G. BRANDEBURG(17), S. SALUSTRO(1,11), G. SANSONE(1,11)                     *
 *  M.T. RUGGIERO(18), L.E. DAGA(1), L. DONA'(1), A. COSSARD(1)                *
 *                                                                             *
 * (1) THEORETICAL CHEMISTRY GROUP - UNIVERSITA' DI TORINO - TORINO (ITALY)    *
 * (2) SCIENTIFIC COMPUTING DEPARTMENT - STFC DARESBURY (UK)                   *
 * (3) UNIVERSIDAD AUTONOMA DEL ESTADO DE MORELOS - CUERNAVACA (MEXICO)        *
 * (4) UNIVERSITE' DE LORRAINE - NANCY (FRANCE)                                *
 * (5) UNIVERSITAET STUTTGART- STUTTGART (GERMANY)                             *
 * (6) IMPERIAL COLLEGE - LONDON (UK)                                          *
 * (7) SCIENTIFIC COMPUTING DEPARTMENT - STFC RAL (UK)                         *
 * (8) UPMC - SORBONNE UNIVERSITES - PARIS (FRANCE)                            *
 * (9) UNIVERSIDAD DE BARCELONA - BARCELONA (SPAIN)                            *
 *(10) UNIVERSITA' DI NAPOLI "FEDERICO II" - NAPOLI (ITALY)                    *
 *(11) NIS - NANOSTRUCTURED INTERFACES AND SURFACES - TORINO (ITALY)           *
 *(12) MPI FUER CHEMISCHE ENERGIEKONVERSION - MUELHEIM AN DER RUHR (GERMANY)   *
 *(13) UNIVERSITY OF TROMSO - TROMSO (NORWAY)                                  *
 *(14) UNIVERSITE' DE PAU ET DES PAYS DE L'ADOUR - PAU (FRANCE)                *
 *(15) UNIVERSITY OF CALIFORNIA SANTA BARBARA - SANTA BARBARA (USA)            *
 *(16) CURTIN UNIVERSITY - PERTH (AUSTRALIA)                                   *
 *(17) UNIVERSITY COLLEGE LONDON - LONDON (UK)                                 *
 *(18) UNIVERSITY OF VERMONT - BURLINGTON (USA)                                *
 PROCESS           14  OF           32  WORKING
 *                                                                             *
 *******************************************************************************
 PROCESS            3  OF           32  WORKING
 EEEEEEEEEE STARTING  DATE 25 01 2026 TIME 00:16:03.9
 ./4^3T186-CA_SCF_opt_rev1_sp_B3LYP-D3-D3_optimized                              
 PROCESS           15  OF           32  WORKING
 PROCESS           13  OF           32  WORKING
 PROCESS            7  OF           32  WORKING
 PROCESS           19  OF           32  WORKING
 PROCESS           23  OF           32  WORKING
 PROCESS            4  OF           32  WORKING
 PROCESS            9  OF           32  WORKING

 CRYSTAL CALCULATION
 (INPUT ACCORDING TO THE INTERNATIONAL TABLES FOR X-RAY CRYSTALLOGRAPHY)
 CRYSTAL FAMILY                       :  ORTHORHOMBIC
 CRYSTAL CLASS  (GROTH - 1921)        :  ORTHORHOMBIC BIPYRAMIDAL             

 SPACE GROUP (CENTROSYMMETRIC)        :  I M M M         

 LATTICE PARAMETERS  (ANGSTROMS AND DEGREES) - CONVENTIONAL CELL
        A           B           C        ALPHA        BETA       GAMMA
     4.36491     5.09136     8.81119    90.00000    90.00000    90.00000


 NUMBER OF IRREDUCIBLE ATOMS IN THE CONVENTIONAL CELL:    3

 INPUT COORDINATES

 ATOM AT. N.              COORDINATES
   1   6     1.823462226268E-01  2.374551868124E-01  1.710785353886E-01
   2   6     1.756237866434E-01  5.000000000000E-01  8.602114669565E-02
   3   6    -3.204683290748E-01  2.639596257620E-17 -8.973327593540E-02

 *******************************************************************************

 << INFORMATION >>: FROM NOW ON, ALL COORDINATES REFER TO THE PRIMITIVE CELL

 *******************************************************************************

 LATTICE PARAMETERS  (ANGSTROMS AND DEGREES) - PRIMITIVE CELL
       A          B          C        ALPHA      BETA     GAMMA        VOLUME
    5.53650    5.53650    5.53650   133.56860 125.25167  74.55035     97.907056

 COORDINATES OF THE EQUIVALENT ATOMS (FRACTIONAL UNITS)

 N. ATOM EQUIV AT. N.          X                  Y                  Z

   1   1   1    6 C     4.08533722201E-01  3.53424758015E-01  4.19801409439E-01
   2   1   2    6 C    -6.63766514238E-02 -1.12676872382E-02 -4.19801409439E-01
   3   1   3    6 C    -4.08533722201E-01  1.12676872382E-02 -5.51089641856E-02
   4   1   4    6 C     6.63766514238E-02 -3.53424758015E-01  5.51089641856E-02
   5   1   5    6 C    -4.08533722201E-01 -3.53424758015E-01 -4.19801409439E-01
   6   1   6    6 C     6.63766514238E-02  1.12676872382E-02  4.19801409439E-01
   7   1   7    6 C     4.08533722201E-01 -1.12676872382E-02  5.51089641856E-02
   8   1   8    6 C    -6.63766514238E-02  3.53424758015E-01 -5.51089641856E-02

   9   2   1    6 C    -4.13978853304E-01  2.61644933339E-01 -3.24376213357E-01
  10   2   2    6 C    -4.13978853304E-01 -8.96026399478E-02  3.24376213357E-01
  11   2   3    6 C     4.13978853304E-01  8.96026399478E-02 -3.24376213357E-01
  12   2   4    6 C     4.13978853304E-01 -2.61644933339E-01  3.24376213357E-01

  13   3   1    6 C    -8.97332759354E-02 -4.10201605010E-01 -3.20468329075E-01
  14   3   2    6 C    -8.97332759354E-02  2.30735053139E-01  3.20468329075E-01
  15   3   3    6 C     8.97332759354E-02 -2.30735053139E-01 -3.20468329075E-01
  16   3   4    6 C     8.97332759354E-02  4.10201605010E-01  3.20468329075E-01

 NUMBER OF SYMMETRY OPERATORS         :    8
 *******************************************************************************
 * GEOMETRY EDITING - INPUT COORDINATES ARE GIVEN IN ANGSTROM         
 *******************************************************************************

 GEOMETRY NOW FULLY CONSISTENT WITH THE GROUP

 GCALCO - MAX INDICES DIRECT LATTICE VECTOR    13    14    17
 NO.OF VECTORS CREATED 6999 STARS  993 RMAX   103.29876 BOHR

 GEOMETRY FOR WAVE FUNCTION - DIMENSIONALITY OF THE SYSTEM    3
 (NON PERIODIC DIRECTION: LATTICE PARAMETER FORMALLY SET TO 500)
 *******************************************************************************
 LATTICE PARAMETERS (ANGSTROMS AND DEGREES) - BOHR = 0.5291772083 ANGSTROM
 PRIMITIVE CELL - CENTRING CODE 6/0 VOLUME=    97.907056 - DENSITY  3.256 g/cm^3
         A              B              C           ALPHA      BETA       GAMMA 
     5.53650389     5.53650389     5.53650389   133.568600 125.251668  74.550346
 *******************************************************************************
 ATOMS IN THE ASYMMETRIC UNIT    3 - ATOMS IN THE UNIT CELL:   16
     ATOM                 X/A                 Y/B                 Z/C    
 *******************************************************************************
      1 T   6 C     4.085337222010E-01  3.534247580154E-01  4.198014094392E-01
      2 F   6 C    -6.637665142380E-02 -1.126768723820E-02 -4.198014094392E-01
      3 F   6 C    -4.085337222010E-01  1.126768723820E-02 -5.510896418560E-02
      4 F   6 C     6.637665142380E-02 -3.534247580154E-01  5.510896418560E-02
      5 F   6 C    -4.085337222010E-01 -3.534247580154E-01 -4.198014094392E-01
      6 F   6 C     6.637665142380E-02  1.126768723820E-02  4.198014094392E-01
      7 F   6 C     4.085337222010E-01 -1.126768723820E-02  5.510896418560E-02
      8 F   6 C    -6.637665142380E-02  3.534247580154E-01 -5.510896418560E-02
      9 T   6 C    -4.139788533044E-01  2.616449333390E-01 -3.243762133566E-01
     10 F   6 C    -4.139788533044E-01 -8.960263994775E-02  3.243762133566E-01
     11 F   6 C     4.139788533043E-01  8.960263994775E-02 -3.243762133566E-01
     12 F   6 C     4.139788533044E-01 -2.616449333390E-01  3.243762133566E-01
     13 T   6 C    -8.973327593540E-02 -4.102016050102E-01 -3.204683290748E-01
     14 F   6 C    -8.973327593540E-02  2.307350531394E-01  3.204683290748E-01
     15 F   6 C     8.973327593540E-02 -2.307350531394E-01 -3.204683290748E-01
     16 F   6 C     8.973327593540E-02  4.102016050102E-01  3.204683290748E-01

 TRANSFORMATION MATRIX PRIMITIVE-CRYSTALLOGRAPHIC CELL
  0.0000  1.0000  1.0000  1.0000  0.0000  1.0000  1.0000  1.0000  0.0000

 *******************************************************************************
 CRYSTALLOGRAPHIC CELL (VOLUME=        195.81411279)
         A              B              C           ALPHA      BETA       GAMMA 
     4.36491053     5.09136271     8.81119080    90.000000  90.000000  90.000000

 COORDINATES IN THE CRYSTALLOGRAPHIC CELL
     ATOM                 X/A                 Y/B                 Z/C    
 *******************************************************************************
      1 T   6 C     1.823462226268E-01  2.374551868124E-01  1.710785353886E-01
      2 F   6 C    -1.823462226268E-01 -2.374551868124E-01  1.710785353886E-01
      3 F   6 C     1.823462226268E-01 -2.374551868124E-01 -1.710785353886E-01
      4 F   6 C    -1.823462226268E-01  2.374551868124E-01 -1.710785353886E-01
      5 F   6 C    -1.823462226268E-01 -2.374551868124E-01 -1.710785353886E-01
      6 F   6 C     1.823462226268E-01  2.374551868124E-01 -1.710785353886E-01
      7 F   6 C    -1.823462226268E-01  2.374551868124E-01  1.710785353886E-01
      8 F   6 C     1.823462226268E-01 -2.374551868124E-01  1.710785353886E-01
      9 T   6 C     1.756237866434E-01  5.000000000000E-01  8.602114669565E-02
     10 F   6 C    -1.756237866434E-01  5.000000000000E-01  8.602114669565E-02
     11 F   6 C     1.756237866434E-01  5.000000000000E-01 -8.602114669565E-02
     12 F   6 C    -1.756237866434E-01  5.000000000000E-01 -8.602114669565E-02
     13 T   6 C    -3.204683290748E-01 -9.377356086930E-18 -8.973327593540E-02
     14 F   6 C     3.204683290748E-01  9.377356086930E-18 -8.973327593540E-02
     15 F   6 C    -3.204683290748E-01 -9.377356086930E-18  8.973327593540E-02
     16 F   6 C     3.204683290748E-01  9.377356086930E-18  8.973327593540E-02

 T = ATOM BELONGING TO THE ASYMMETRIC UNIT

 ****    8 SYMMOPS - TRANSLATORS IN FRACTIONAL UNITS
 **** MATRICES AND TRANSLATORS IN THE CRYSTALLOGRAPHIC REFERENCE FRAME
   V INV                    ROTATION MATRICES                   TRANSLATORS
   1   1  1.00  0.00  0.00  0.00  1.00  0.00  0.00  0.00  1.00  0.00  0.00  0.00
   2   2 -0.00  1.00 -1.00  1.00 -0.00 -1.00  0.00 -0.00 -1.00  0.00  0.00  0.00
   3   3 -1.00  0.00 -0.00 -1.00  0.00  1.00 -1.00  1.00  0.00  0.00  0.00  0.00
   4   4  0.00 -1.00  1.00  0.00 -1.00 -0.00  1.00 -1.00 -0.00  0.00  0.00  0.00
   5   5 -1.00  0.00 -0.00  0.00 -1.00 -0.00  0.00 -0.00 -1.00  0.00  0.00  0.00
   6   6  0.00 -1.00  1.00 -1.00  0.00  1.00 -0.00  0.00  1.00  0.00  0.00  0.00
   7   7  1.00 -0.00  0.00  1.00 -0.00 -1.00  1.00 -1.00 -0.00  0.00  0.00  0.00
   8   8 -0.00  1.00 -1.00 -0.00  1.00  0.00 -1.00  1.00  0.00  0.00  0.00  0.00

 DIRECT LATTICE VECTORS CARTESIAN COMPONENTS (ANGSTROM)
          X                    Y                    Z
  -0.218245526500E+01   0.254568135500E+01   0.440559540000E+01
   0.218245526500E+01  -0.254568135500E+01   0.440559540000E+01
   0.218245526500E+01   0.254568135500E+01  -0.440559540000E+01


 CARTESIAN COORDINATES - PRIMITIVE CELL
 *******************************************************************************
 *      ATOM          X(ANGSTROM)         Y(ANGSTROM)         Z(ANGSTROM)
 *******************************************************************************
    1     6 C     7.959249472494E-01  1.208970483433E+00  1.507405617094E+00
    2     6 C    -7.959249472494E-01 -1.208970483433E+00  1.507405617094E+00
    3     6 C     7.959249472494E-01 -1.208970483433E+00 -1.507405617094E+00
    4     6 C    -7.959249472494E-01  1.208970483433E+00 -1.507405617094E+00
    5     6 C    -7.959249472494E-01 -1.208970483433E+00 -1.507405617094E+00
    6     6 C     7.959249472494E-01  1.208970483433E+00 -1.507405617094E+00
    7     6 C    -7.959249472494E-01  1.208970483433E+00  1.507405617094E+00
    8     6 C     7.959249472494E-01 -1.208970483433E+00  1.507405617094E+00
    9     6 C     7.665821156383E-01 -2.545681355000E+00  7.579487363702E-01
   10     6 C    -7.665821156383E-01 -2.545681355000E+00  7.579487363702E-01
   11     6 C     7.665821156383E-01 -2.545681355000E+00 -7.579487363702E-01
   12     6 C    -7.665821156383E-01 -2.545681355000E+00 -7.579487363702E-01
   13     6 C    -1.398815584110E+00 -4.774352109938E-17 -7.906570153759E-01
   14     6 C     1.398815584110E+00  4.774352109938E-17 -7.906570153759E-01
   15     6 C    -1.398815584110E+00 -4.774352109938E-17  7.906570153759E-01
   16     6 C     1.398815584110E+00  4.774352109938E-17  7.906570153759E-01

 *******************************************************************************
 LOCAL ATOMIC FUNCTIONS BASIS SET
 *******************************************************************************
   ATOM   X(AU)   Y(AU)   Z(AU)  N. TYPE  EXPONENT  S COEF   P COEF   D/F/G COEF
 *******************************************************************************
   1 C    1.504   2.285   2.849
                                  1 S  
                                         1.358E+04 2.225E-04 0.000E+00 0.000E+00
                                         2.035E+03 1.723E-03 0.000E+00 0.000E+00
                                         4.632E+02 8.926E-03 0.000E+00 0.000E+00
                                         1.312E+02 3.573E-02 0.000E+00 0.000E+00
                                         4.285E+01 1.108E-01 0.000E+00 0.000E+00
                                         1.558E+01 2.430E-01 0.000E+00 0.000E+00
                                  2 S  
                                         6.207E+00 4.144E-01 0.000E+00 0.000E+00
                                         2.576E+00 2.374E-01 0.000E+00 0.000E+00
                                  3 S  
                                         4.941E-01 1.000E+00 0.000E+00 0.000E+00
                                  4 S  
                                         1.644E-01 1.000E+00 0.000E+00 0.000E+00
                           5-     7 P  
                                         3.470E+01 0.000E+00 5.333E-03 0.000E+00
                                         7.958E+00 0.000E+00 3.586E-02 0.000E+00
                                         2.378E+00 0.000E+00 1.422E-01 0.000E+00
                                         8.143E-01 0.000E+00 3.427E-01 0.000E+00
                           8-    10 P  
                                         5.662E-01 0.000E+00 1.000E+00 0.000E+00
                          11-    13 P  
                                         2.674E-01 0.000E+00 1.000E+00 0.000E+00
                          14-    18 D  
                                         8.792E-01 0.000E+00 0.000E+00 1.000E+00
   2 C   -1.504  -2.285   2.849
   3 C    1.504  -2.285  -2.849
   4 C   -1.504   2.285  -2.849
   5 C   -1.504  -2.285  -2.849
   6 C    1.504   2.285  -2.849
   7 C   -1.504   2.285   2.849
   8 C    1.504  -2.285   2.849
   9 C    1.449  -4.811   1.432
  10 C   -1.449  -4.811   1.432
  11 C    1.449  -4.811  -1.432
  12 C   -1.449  -4.811  -1.432
  13 C   -2.643  -0.000  -1.494
  14 C    2.643   0.000  -1.494
  15 C   -2.643  -0.000   1.494
  16 C    2.643   0.000   1.494
 INFORMATION **** SET_MPP **** PCRYSTAL CALCULATION
 INFORMATION **** READM2 **** NEW DEFAULT: FOCK/KS MATRIX MIXING SET TO 30 %
 INFORMATION **** READM2 **** NEW DEFAULT: FULL DIRECT SCF MODE
 INFORMATION **** READM2 **** NEW DEFAULT: COULOMB BIPOLAR BUFFER SET TO 32 Mb
 INFORMATION **** READM2 **** NEW DEFAULT: EXCHANGE BIPOLAR BUFFER SET TO 32 Mb

 *******************************************************************************
 NEW DEFAULT: DFT INTEGRATION GRID INCREASED TO XLGRID
 NEW DEFAULT: DIIS ACCELERATOR ACTIVE
 USE KEYWORD NODIIS TO TURN IT OFF
 *******************************************************************************

 INFORMATION **** DFTD3_INPUT **** PERFORM LATEST DISPERSION CORRECTION DFT-D3(BJ) WITH AUTOMATIC PARAMETER SETUP
 PLEASE CITE:
 (1) DFT-D3 Reference
  S. Grimme, J. Antony, S. Ehrlich, and H. Krieg, J. Chem. Phys. 132 (2010), 154104
 (2) BJ-Damping Reference
  S. Grimme, S. Ehrlich, and L. Goerigk, J. Comput. Chem. 32 (2011), 1456-1465
 (3) General DFT-D Review
  S. Grimme, A. Hansen, J. G. Brandenburg, and C. Bannwarth,
  Chem. Rev. 116 (2016), 5105-5154

 INFORMATION **** TOLINTEG **** COULOMB AND EXCHANGE SERIES TOLERANCES MODIFIED
 INFORMATION **** TOLDEE **** SCF TOL ON TOTAL ENERGY SET TO           9
 INFORMATION **** READM2 **** FULL DIRECT SCF (MONO AND BIEL INT) SELECTED
 INFORMATION **** MAXCYCLE **** MAX NUMBER OF SCF CYCLES SET TO         800
 INFORMATION **** DIIS **** DIIS FOR SCF ACTIVE
 INFORMATION **** DIIS **** LEVEL SHIFTER DISABLED
 INFORMATION **** PPAN ****  MULLIKEN POPULATION ANALYSIS AT THE END OF SCF
 *******************************************************************************
 N. OF ATOMS PER CELL        16  COULOMB OVERLAP TOL         (T1) 10**   -8
 NUMBER OF SHELLS           128  COULOMB PENETRATION TOL     (T2) 10**   -8
 NUMBER OF AO               288  EXCHANGE OVERLAP TOL        (T3) 10**   -8
 N. OF ELECTRONS PER CELL    96  EXCHANGE PSEUDO OVP (F(G))  (T4) 10**   -9
 CORE ELECTRONS PER CELL     32  EXCHANGE PSEUDO OVP (P(G))  (T5) 10**  -24
 N. OF SYMMETRY OPERATORS     8  POLE ORDER IN MONO ZONE                  4
 *******************************************************************************
 TYPE OF CALCULATION :  UNRESTRICTED OPEN SHELL
 KOHN-SHAM HAMILTONIAN

 (EXCHANGE)[CORRELATION] FUNCTIONAL:(BECKE 88)[LEE-YANG-PARR]

 NON-LOCAL WEIGHTING FACTOR (EXCHANGE) =           0.9000
 NON-LOCAL WEIGHTING FACTOR [CORRELATION] =        0.8100

 HYBRID EXCHANGE - PERCENTAGE OF FOCK EXCHANGE    20.0000

 SPIN POLARIZED DFT SELECTED

 CAPPA:IS1 10;IS2 10;IS3 10; K PTS MONK NET 171; SYMMOPS:K SPACE   8;G SPACE   8

 *******************************************************************************
 MAX NUMBER OF SCF CYCLES     800  CONVERGENCE ON DELTAP        10**-19
 WEIGHT OF F(I) IN F(I+1)      30% CONVERGENCE ON ENERGY        10**- 9
 SHRINK. FACT.(MONKH.)   10 10 10  NUMBER OF K POINTS IN THE IBZ    171
 SHRINKING FACTOR(GILAT NET)   20  NUMBER OF K POINTS(GILAT NET)   1166
 *******************************************************************************
 *** K POINTS COORDINATES (OBLIQUE COORDINATES IN UNITS OF IS = 10)
   1-R(  0  0  0)   2-C(  1  0  0)   3-C(  2  0  0)   4-C(  3  0  0)
   5-C(  4  0  0)   6-R(  5  0  0)   7-C(  0  1  0)   8-C(  1  1  0)
   9-C(  2  1  0)  10-C(  3  1  0)  11-C(  4  1  0)  12-C(  5  1  0)
  13-C(  6  1  0)  14-C(  7  1  0)  15-C(  8  1  0)  16-C(  9  1  0)
  17-C(  0  2  0)  18-C(  1  2  0)  19-C(  2  2  0)  20-C(  3  2  0)
  21-C(  4  2  0)  22-C(  5  2  0)  23-C(  6  2  0)  24-C(  7  2  0)
  25-C(  8  2  0)  26-C(  9  2  0)  27-C(  0  3  0)  28-C(  1  3  0)
  29-C(  2  3  0)  30-C(  3  3  0)  31-C(  4  3  0)  32-C(  5  3  0)
  33-C(  6  3  0)  34-C(  7  3  0)  35-C(  8  3  0)  36-C(  9  3  0)
  37-C(  0  4  0)  38-C(  1  4  0)  39-C(  2  4  0)  40-C(  3  4  0)
  41-C(  4  4  0)  42-C(  5  4  0)  43-C(  6  4  0)  44-C(  7  4  0)
  45-C(  8  4  0)  46-C(  9  4  0)  47-R(  0  5  0)  48-C(  1  5  0)
  49-C(  2  5  0)  50-C(  3  5  0)  51-C(  4  5  0)  52-R(  5  5  0)
  53-C(  1  1  1)  54-C(  2  1  1)  55-C(  3  1  1)  56-C(  4  1  1)
  57-C(  9  1  1)  58-C(  1  2  1)  59-C(  2  2  1)  60-C(  3  2  1)
  61-C(  4  2  1)  62-C(  5  2  1)  63-C(  6  2  1)  64-C(  8  2  1)
  65-C(  9  2  1)  66-C(  1  3  1)  67-C(  2  3  1)  68-C(  3  3  1)
  69-C(  4  3  1)  70-C(  5  3  1)  71-C(  7  3  1)  72-C(  8  3  1)
  73-C(  9  3  1)  74-C(  1  4  1)  75-C(  2  4  1)  76-C(  3  4  1)
  77-C(  4  4  1)  78-C(  6  4  1)  79-C(  7  4  1)  80-C(  8  4  1)
  81-C(  9  4  1)  82-C(  2  5  1)  83-C(  5  5  1)  84-C(  6  5  1)
  85-C(  7  5  1)  86-C(  8  5  1)  87-C(  9  5  1)  88-C(  4  6  1)
  89-C(  5  6  1)  90-C(  6  6  1)  91-C(  7  6  1)  92-C(  8  6  1)
  93-C(  9  6  1)  94-C(  3  7  1)  95-C(  4  7  1)  96-C(  5  7  1)
  97-C(  6  7  1)  98-C(  7  7  1)  99-C(  8  7  1) 100-C(  9  7  1)
 101-C(  2  8  1) 102-C(  3  8  1) 103-C(  4  8  1) 104-C(  5  8  1)
 105-C(  6  8  1) 106-C(  7  8  1) 107-C(  8  8  1) 108-C(  9  8  1)
 109-C(  1  9  1) 110-C(  2  9  1) 111-C(  3  9  1) 112-C(  4  9  1)
 113-C(  5  9  1) 114-C(  6  9  1) 115-C(  7  9  1) 116-C(  8  9  1)
 117-C(  9  9  1) 118-C(  2  2  2) 119-C(  3  2  2) 120-C(  8  2  2)
 121-C(  2  3  2) 122-C(  3  3  2) 123-C(  7  3  2) 124-C(  8  3  2)
 125-C(  6  4  2) 126-C(  7  4  2) 127-C(  8  4  2) 128-C(  5  5  2)
 129-C(  6  5  2) 130-C(  7  5  2) 131-C(  8  5  2) 132-C(  4  6  2)
 133-C(  5  6  2) 134-C(  6  6  2) 135-C(  7  6  2) 136-C(  8  6  2)
 137-C(  3  7  2) 138-C(  4  7  2) 139-C(  5  7  2) 140-C(  6  7  2)
 141-C(  7  7  2) 142-C(  8  7  2) 143-C(  2  8  2) 144-C(  3  8  2)
 145-C(  4  8  2) 146-C(  5  8  2) 147-C(  6  8  2) 148-C(  7  8  2)
 149-C(  8  8  2) 150-C(  7  3  3) 151-C(  6  4  3) 152-C(  7  4  3)
 153-C(  5  5  3) 154-C(  6  5  3) 155-C(  7  5  3) 156-C(  4  6  3)
 157-C(  5  6  3) 158-C(  6  6  3) 159-C(  7  6  3) 160-C(  3  7  3)
 161-C(  4  7  3) 162-C(  5  7  3) 163-C(  6  7  3) 164-C(  7  7  3)
 165-C(  6  4  4) 166-C(  5  5  4) 167-C(  6  5  4) 168-C(  4  6  4)
 169-C(  5  6  4) 170-C(  6  6  4) 171-R(  5  5  5)

 DIRECT LATTICE VECTORS COMPON. (A.U.)     RECIP. LATTICE VECTORS COMPON. (A.U.) 
        X            Y            Z              X            Y            Z
   -4.1242428    4.8106406    8.3253688     -0.0000000    0.6530508    0.3773518
    4.1242428   -4.8106406    8.3253688      0.7617381    0.0000000    0.3773518
    4.1242428    4.8106406   -8.3253688      0.7617381    0.6530508    0.0000000

 DISK SPACE FOR EIGENVECTORS (FTN 10)    27952128 REALS

 SYMMETRY ADAPTION OF THE BLOCH FUNCTIONS ENABLED
 TTTTTTTTTTTTTTTTTTTTTTTTTTTTTT gordsh1     TELAPSE        1.72 TCPU        0.61

 MATRIX SIZE: P(G) 1763492, F(G)  201136, P(G) IRR  123711, F(G) IRR   29054
 MAX G-VECTOR INDEX FOR 1- AND 2-ELECTRON INTEGRALS 255

 TTTTTTTTTTTTTTTTTTTTTTTTTTTTTT INPUT       TELAPSE        1.73 TCPU        0.62

 NEIGHBORS OF THE NON-EQUIVALENT ATOMS

 N = NUMBER OF NEIGHBORS AT DISTANCE R
    ATOM  N     R/ANG      R/AU   NEIGHBORS (ATOM LABELS AND CELL INDICES)
   1 C    1     1.5164     2.8655    5 C    1 1 1
   1 C    1     1.5293     2.8900   16 C    0 0 0
   1 C    1     1.5328     2.8965    9 C    1 0 1
   1 C    1     1.5918     3.0082    7 C    0 0 0
   1 C    1     2.1886     4.1358   10 C    1 0 1
   1 C    1     2.4179     4.5692    8 C    0 0 0

   9 C    1     1.5159     2.8646   11 C    0 0 0
   9 C    2     1.5328     2.8965    1 C   -1 0-1    8 C    0 0 0
   9 C    1     1.5332     2.8973   10 C    0 0 0
   9 C    1     2.1560     4.0743   12 C    0 0 0
   9 C    2     2.1886     4.1358    2 C    0 0 0    7 C   -1 0-1
   9 C    2     2.5351     4.7906    4 C    0 1 0    5 C    0 1 0

  13 C    2     1.5293     2.8900    4 C    0 0 0    5 C    0 0 0
  13 C    1     1.5673     2.9617   14 C    0-1-1
  13 C    1     1.5813     2.9883   15 C    0 0 0
  13 C    1     2.2264     4.2073   16 C    0-1-1
  13 C    2     2.4957     4.7162    1 C   -1-1-1    8 C    0-1 0
  13 C    2     2.5855     4.8859    3 C    0-1-1    6 C    0-1-1


 SYMMETRY ALLOWED INTERNAL DEGREE(S) OF FREEDOM:   7
 TTTTTTTTTTTTTTTTTTTTTTTTTTTTTT SYMM        TELAPSE        1.79 TCPU        0.66
 TTTTTTTTTTTTTTTTTTTTTTTTTTTTTT INT_SCREEN  TELAPSE        1.79 TCPU        0.66

 DFT PARAMETERS

     ATOM       ELECTRONS   NET CHARGE   R(ANGSTROM)
   1   6  C       6.0000      0.0000     0.77000000

 SIZE OF GRID=      54066
 TTTTTTTTTTTTTTTTTTTTTTTTTTTTTT MAKE_GRID2  TELAPSE        2.18 TCPU        1.05
 BECKE WEIGHT FUNCTION
 RADSAFE =     2.00
 TOLERANCES - DENSITY:10**- 6; POTENTIAL:10**- 9; GRID WGT:10**-14

 RADIAL INTEGRATION  - INTERVALS (POINTS,UPPER LIMIT):            1( 75,  4.0*R)

 ANGULAR INTEGRATION - INTERVALS (ACCURACY LEVEL [N. POINTS] UPPER LIMIT):
  1(  4[  86]   0.2)  2(  8[ 194]   0.5)  3( 12[ 350]   0.9)  4( 16[ 974]   3.5)
  5( 12[ 350]9999.0)
 TTTTTTTTTTTTTTTTTTTTTTTTTTTTTT INT_CALC    TELAPSE        2.20 TCPU        1.07
 EEEEEEEEEE INT_CALC TERMINATION  DATE 25 01 2026 TIME 00:16:04.9

 *******************************************************************************
 ./4^3T186-CA_SCF_opt_rev1_sp_B3LYP-D3-D3_optimized                              
 CRYSTAL - SCF - TYPE OF CALCULATION :  UNRESTRICTED OPEN SHELL
 *******************************************************************************

 CAPPA:IS1 10;IS2 10;IS3 10; K PTS MONK NET 171; SYMMOPS:K SPACE   8;G SPACE   8

 TTTTTTTTTTTTTTTTTTTTTTTTTTTTTT SDIK        TELAPSE        2.41 TCPU        1.27

 AAAAAAAAAAAAAAAAAAAAAAAAAAAAAAAAAAAAAAAAAAAAAAAAAAAAAAAAAAAAAAAAAAAAAAAAAAAAAAA
         ATOMIC WAVEFUNCTION(S)


 NUCLEAR CHARGE  6.0  SYMMETRY SPECIES            S    P
 N. ELECTRONS    6.0  NUMBER OF PRIMITIVE GTOS   10    6
                      NUMBER OF CONTRACTED GTOS   4    3
                      NUMBER OF CLOSED SHELLS     2    0
                      OPEN SHELL OCCUPATION       0    2

  ZNUC  SCFIT    TOTAL HF ENERGY   KINETIC ENERGY   VIRIAL THEOREM ACCURACY
   6.0    10    -3.766702350E+01  3.783137943E+01 -1.995655566E+00  1.6E-06

 AAAAAAAAAAAAAAAAAAAAAAAAAAAAAAAAAAAAAAAAAAAAAAAAAAAAAAAAAAAAAAAAAAAAAAAAAAAAAAA

 CHARGE NORMALIZATION FACTOR   1.00000000
 TOTAL ATOMIC CHARGES:
   6.0000000   6.0000000   6.0000000   6.0000000   6.0000000   6.0000000
   6.0000000   6.0000000   6.0000000   6.0000000   6.0000000   6.0000000
   6.0000000   6.0000000   6.0000000   6.0000000
 SUMMED SPIN DENSITY           0.00000000
 TOTAL ATOMIC SPINS  :
   0.0000000   0.0000000   0.0000000   0.0000000   0.0000000   0.0000000
   0.0000000   0.0000000   0.0000000   0.0000000   0.0000000   0.0000000
   0.0000000   0.0000000   0.0000000   0.0000000
 TTTTTTTTTTTTTTTTTTTTTTTTTTTTTT MOQGAD      TELAPSE        2.42 TCPU        1.28
 TTTTTTTTTTTTTTTTTTTTTTTTTTTTTT SHELLXN     TELAPSE       38.40 TCPU       37.20
 TTTTTTTTTTTTTTTTTTTTTTTTTTTTTT MONMO3      TELAPSE       38.44 TCPU       37.24
 NUMERICALLY INTEGRATED DENSITY     48.0000933366     48.0000933366
 TTTTTTTTTTTTTTTTTTTTTTTTTTTTTT NUMDFT      TELAPSE       39.14 TCPU       37.94
 CYC   0 ETOT(AU) -6.146085234037E+02 DETOT -6.15E+02 tst  0.00E+00 PX  1.00E+00
 TTTTTTTTTTTTTTTTTTTTTTTTTTTTTT DIIS        TELAPSE       39.21 TCPU       38.01
 TTTTTTTTTTTTTTTTTTTTTTTTTTTTTT FDIK        TELAPSE       42.35 TCPU       41.13

    ALPHA      ELECTRONS
 INSULATING STATE
 TOP OF VALENCE BANDS -    BAND     48; K  171; EIG -1.8111152E-01 AU
 TOP OF VALENCE BANDS -    BAND     48; K    1; EIG -2.3163953E-01 AU
 BOTTOM OF VIRTUAL BANDS - BAND     49; K   52; EIG -5.1357640E-02 AU
 INDIRECT ENERGY BAND GAP:   3.5308 eV
 BOTTOM OF VIRTUAL BANDS - BAND     49; K    1; EIG -3.1683674E-02 AU

    BETA       ELECTRONS
 INSULATING STATE
 TOP OF VALENCE BANDS -    BAND     48; K  171; EIG -1.8111152E-01 AU
 TOP OF VALENCE BANDS -    BAND     48; K    1; EIG -2.3163953E-01 AU
 BOTTOM OF VIRTUAL BANDS - BAND     49; K   52; EIG -5.1357640E-02 AU
 INDIRECT ENERGY BAND GAP:   3.5308 eV
 BOTTOM OF VIRTUAL BANDS - BAND     49; K    1; EIG -3.1683674E-02 AU
 TTTTTTTTTTTTTTTTTTTTTTTTTTTTTT PDIG        TELAPSE       42.61 TCPU       41.40
 CHARGE NORMALIZATION FACTOR   1.00000000
 TOTAL ATOMIC CHARGES:
   5.9783722   5.9783722   5.9783722   5.9783722   5.9783722   5.9783722
   5.9783722   5.9783722   6.0587032   6.0587032   6.0587032   6.0587032
   5.9845524   5.9845524   5.9845524   5.9845524
 SUMMED SPIN DENSITY          -0.00000000
 TOTAL ATOMIC SPINS  :
  -0.0000000  -0.0000000  -0.0000000  -0.0000000  -0.0000000  -0.0000000
  -0.0000000  -0.0000000  -0.0000000  -0.0000000  -0.0000000  -0.0000000
   0.0000000   0.0000000   0.0000000   0.0000000
 TTTTTTTTTTTTTTTTTTTTTTTTTTTTTT MOQGAD      TELAPSE       42.62 TCPU       41.41
 TTTTTTTTTTTTTTTTTTTTTTTTTTTTTT SHELLXN     TELAPSE       80.96 TCPU       79.69
 TTTTTTTTTTTTTTTTTTTTTTTTTTTTTT MONMO3      TELAPSE       81.00 TCPU       79.73
 NUMERICALLY INTEGRATED DENSITY     48.0000556986     48.0000556986
 TTTTTTTTTTTTTTTTTTTTTTTTTTTTTT NUMDFT      TELAPSE       81.65 TCPU       80.38
 CYC   1 ETOT(AU) -6.092546001813E+02 DETOT  5.35E+00 tst  0.00E+00 PX  1.00E+00
 TTTTTTTTTTTTTTTTTTTTTTTTTTTTTT DIIS        TELAPSE       81.77 TCPU       80.46
 DIIS TEST: 0.21594E+00 AT SCF   CYCLE   1 - MIX   30 %
 TTTTTTTTTTTTTTTTTTTTTTTTTTTTTT FDIK        TELAPSE       83.07 TCPU       81.74

    ALPHA      ELECTRONS
 INSULATING STATE
 TOP OF VALENCE BANDS -    BAND     48; K  171; EIG -1.0806481E-01 AU
 TOP OF VALENCE BANDS -    BAND     48; K    1; EIG -1.6620191E-01 AU
 BOTTOM OF VIRTUAL BANDS - BAND     49; K   52; EIG  4.1732348E-02 AU
 INDIRECT ENERGY BAND GAP:   4.0762 eV
 BOTTOM OF VIRTUAL BANDS - BAND     49; K    1; EIG  6.0777017E-02 AU

    BETA       ELECTRONS
 INSULATING STATE
 TOP OF VALENCE BANDS -    BAND     48; K  171; EIG -1.0806481E-01 AU
 TOP OF VALENCE BANDS -    BAND     48; K    1; EIG -1.6620191E-01 AU
 BOTTOM OF VIRTUAL BANDS - BAND     49; K   52; EIG  4.1732348E-02 AU
 INDIRECT ENERGY BAND GAP:   4.0762 eV
 BOTTOM OF VIRTUAL BANDS - BAND     49; K    1; EIG  6.0777017E-02 AU
 TTTTTTTTTTTTTTTTTTTTTTTTTTTTTT PDIG        TELAPSE       83.33 TCPU       82.00
 CHARGE NORMALIZATION FACTOR   1.00000000
 TOTAL ATOMIC CHARGES:
   5.9965748   5.9965748   5.9965748   5.9965748   5.9965748   5.9965748
   5.9965748   5.9965748   5.9939222   5.9939222   5.9939222   5.9939222
   6.0129283   6.0129283   6.0129283   6.0129283
 SUMMED SPIN DENSITY          -0.00000000
 TOTAL ATOMIC SPINS  :
  -0.0000000  -0.0000000  -0.0000000  -0.0000000  -0.0000000  -0.0000000
  -0.0000000  -0.0000000   0.0000000   0.0000000   0.0000000   0.0000000
   0.0000000   0.0000000   0.0000000   0.0000000
 TTTTTTTTTTTTTTTTTTTTTTTTTTTTTT MOQGAD      TELAPSE       83.34 TCPU       82.01
 TTTTTTTTTTTTTTTTTTTTTTTTTTTTTT SHELLXN     TELAPSE      121.71 TCPU      120.28
 TTTTTTTTTTTTTTTTTTTTTTTTTTTTTT MONMO3      TELAPSE      121.75 TCPU      120.32
 NUMERICALLY INTEGRATED DENSITY     48.0000592163     48.0000592163
 TTTTTTTTTTTTTTTTTTTTTTTTTTTTTT NUMDFT      TELAPSE      122.39 TCPU      120.95
 CYC   2 ETOT(AU) -6.092826749462E+02 DETOT -2.81E-02 tst  4.87E-04 PX  8.55E-02
 TTTTTTTTTTTTTTTTTTTTTTTTTTTTTT DIIS        TELAPSE      122.50 TCPU      121.06
 DIIS TEST: 0.53087E-01 AT SCF   CYCLE   2 - DIIS ACTIVE - HISTORY:     2 CYCLES
 TTTTTTTTTTTTTTTTTTTTTTTTTTTTTT FDIK        TELAPSE      123.79 TCPU      122.35

    ALPHA      ELECTRONS
 INSULATING STATE
 TOP OF VALENCE BANDS -    BAND     48; K  171; EIG -9.0566715E-02 AU
 TOP OF VALENCE BANDS -    BAND     48; K    1; EIG -1.4327273E-01 AU
 BOTTOM OF VIRTUAL BANDS - BAND     49; K   52; EIG  6.8316478E-02 AU
 INDIRECT ENERGY BAND GAP:   4.3234 eV
 BOTTOM OF VIRTUAL BANDS - BAND     49; K    1; EIG  9.2531411E-02 AU

    BETA       ELECTRONS
 INSULATING STATE
 TOP OF VALENCE BANDS -    BAND     48; K  171; EIG -9.0566715E-02 AU
 TOP OF VALENCE BANDS -    BAND     48; K    1; EIG -1.4327273E-01 AU
 BOTTOM OF VIRTUAL BANDS - BAND     49; K   52; EIG  6.8316478E-02 AU
 INDIRECT ENERGY BAND GAP:   4.3234 eV
 BOTTOM OF VIRTUAL BANDS - BAND     49; K    1; EIG  9.2531411E-02 AU
 TTTTTTTTTTTTTTTTTTTTTTTTTTTTTT PDIG        TELAPSE      124.05 TCPU      122.61
 CHARGE NORMALIZATION FACTOR   1.00000000
 TOTAL ATOMIC CHARGES:
   5.9757920   5.9757920   5.9757920   5.9757920   5.9757920   5.9757920
   5.9757920   5.9757920   6.0449445   6.0449445   6.0449445   6.0449445
   6.0034714   6.0034714   6.0034714   6.0034714
 SUMMED SPIN DENSITY           0.00000000
 TOTAL ATOMIC SPINS  :
  -0.0000000  -0.0000000  -0.0000000  -0.0000000  -0.0000000  -0.0000000
  -0.0000000  -0.0000000   0.0000000   0.0000000   0.0000000   0.0000000
   0.0000000   0.0000000   0.0000000   0.0000000
 TTTTTTTTTTTTTTTTTTTTTTTTTTTTTT MOQGAD      TELAPSE      124.06 TCPU      122.61
 TTTTTTTTTTTTTTTTTTTTTTTTTTTTTT SHELLXN     TELAPSE      162.43 TCPU      160.94
 TTTTTTTTTTTTTTTTTTTTTTTTTTTTTT MONMO3      TELAPSE      162.47 TCPU      160.98
 NUMERICALLY INTEGRATED DENSITY     48.0000598981     48.0000598981
 TTTTTTTTTTTTTTTTTTTTTTTTTTTTTT NUMDFT      TELAPSE      163.12 TCPU      161.62
 CYC   3 ETOT(AU) -6.092854475234E+02 DETOT -2.77E-03 tst  1.44E-04 PX  2.33E-02
 TTTTTTTTTTTTTTTTTTTTTTTTTTTTTT DIIS        TELAPSE      163.19 TCPU      161.70
 DIIS TEST: 0.14875E-01 AT SCF   CYCLE   3 - DIIS ACTIVE - HISTORY:     3 CYCLES
 TTTTTTTTTTTTTTTTTTTTTTTTTTTTTT FDIK        TELAPSE      164.45 TCPU      162.95

    ALPHA      ELECTRONS
 INSULATING STATE
 TOP OF VALENCE BANDS -    BAND     48; K  171; EIG -9.3109631E-02 AU
 TOP OF VALENCE BANDS -    BAND     48; K    1; EIG -1.4655239E-01 AU
 BOTTOM OF VIRTUAL BANDS - BAND     49; K   52; EIG  7.1087992E-02 AU
 INDIRECT ENERGY BAND GAP:   4.4680 eV
 BOTTOM OF VIRTUAL BANDS - BAND     49; K    1; EIG  9.1293412E-02 AU

    BETA       ELECTRONS
 INSULATING STATE
 TOP OF VALENCE BANDS -    BAND     48; K  171; EIG -9.3109631E-02 AU
 TOP OF VALENCE BANDS -    BAND     48; K    1; EIG -1.4655239E-01 AU
 BOTTOM OF VIRTUAL BANDS - BAND     49; K   52; EIG  7.1087992E-02 AU
 INDIRECT ENERGY BAND GAP:   4.4680 eV
 BOTTOM OF VIRTUAL BANDS - BAND     49; K    1; EIG  9.1293412E-02 AU
 TTTTTTTTTTTTTTTTTTTTTTTTTTTTTT PDIG        TELAPSE      164.71 TCPU      163.21
 CHARGE NORMALIZATION FACTOR   1.00000000
 TOTAL ATOMIC CHARGES:
   5.9854119   5.9854119   5.9854119   5.9854119   5.9854119   5.9854119
   5.9854119   5.9854119   6.0203140   6.0203140   6.0203140   6.0203140
   6.0088623   6.0088623   6.0088623   6.0088623
 SUMMED SPIN DENSITY           0.00000000
 TOTAL ATOMIC SPINS  :
  -0.0000000  -0.0000000  -0.0000000  -0.0000000  -0.0000000  -0.0000000
  -0.0000000  -0.0000000   0.0000000   0.0000000   0.0000000   0.0000000
  -0.0000000  -0.0000000  -0.0000000  -0.0000000
 TTTTTTTTTTTTTTTTTTTTTTTTTTTTTT MOQGAD      TELAPSE      164.72 TCPU      163.22
 TTTTTTTTTTTTTTTTTTTTTTTTTTTTTT SHELLXN     TELAPSE      203.07 TCPU      201.54
 TTTTTTTTTTTTTTTTTTTTTTTTTTTTTT MONMO3      TELAPSE      203.11 TCPU      201.58
 NUMERICALLY INTEGRATED DENSITY     48.0000594262     48.0000594262
 TTTTTTTTTTTTTTTTTTTTTTTTTTTTTT NUMDFT      TELAPSE      203.76 TCPU      202.23
 CYC   4 ETOT(AU) -6.092862410294E+02 DETOT -7.94E-04 tst  1.19E-05 PX  7.03E-03
 TTTTTTTTTTTTTTTTTTTTTTTTTTTTTT DIIS        TELAPSE      203.83 TCPU      202.30
 DIIS TEST: 0.10585E-02 AT SCF   CYCLE   4 - DIIS ACTIVE - HISTORY:     4 CYCLES
 TTTTTTTTTTTTTTTTTTTTTTTTTTTTTT FDIK        TELAPSE      205.12 TCPU      203.59

    ALPHA      ELECTRONS
 INSULATING STATE
 TOP OF VALENCE BANDS -    BAND     48; K  171; EIG -9.2579690E-02 AU
 TOP OF VALENCE BANDS -    BAND     48; K    1; EIG -1.4620135E-01 AU
 BOTTOM OF VIRTUAL BANDS - BAND     49; K   52; EIG  7.0508147E-02 AU
 INDIRECT ENERGY BAND GAP:   4.4378 eV
 BOTTOM OF VIRTUAL BANDS - BAND     49; K    1; EIG  9.1890465E-02 AU

    BETA       ELECTRONS
 INSULATING STATE
 TOP OF VALENCE BANDS -    BAND     48; K  171; EIG -9.2579690E-02 AU
 TOP OF VALENCE BANDS -    BAND     48; K    1; EIG -1.4620135E-01 AU
 BOTTOM OF VIRTUAL BANDS - BAND     49; K   52; EIG  7.0508147E-02 AU
 INDIRECT ENERGY BAND GAP:   4.4378 eV
 BOTTOM OF VIRTUAL BANDS - BAND     49; K    1; EIG  9.1890465E-02 AU
 TTTTTTTTTTTTTTTTTTTTTTTTTTTTTT PDIG        TELAPSE      205.38 TCPU      203.85
 CHARGE NORMALIZATION FACTOR   1.00000000
 TOTAL ATOMIC CHARGES:
   5.9818313   5.9818313   5.9818313   5.9818313   5.9818313   5.9818313
   5.9818313   5.9818313   6.0255216   6.0255216   6.0255216   6.0255216
   6.0108158   6.0108158   6.0108158   6.0108158
 SUMMED SPIN DENSITY          -0.00000000
 TOTAL ATOMIC SPINS  :
  -0.0000000  -0.0000000  -0.0000000  -0.0000000  -0.0000000  -0.0000000
  -0.0000000  -0.0000000   0.0000000   0.0000000   0.0000000   0.0000000
  -0.0000000  -0.0000000  -0.0000000  -0.0000000
 TTTTTTTTTTTTTTTTTTTTTTTTTTTTTT MOQGAD      TELAPSE      205.39 TCPU      203.85
 TTTTTTTTTTTTTTTTTTTTTTTTTTTTTT SHELLXN     TELAPSE      243.82 TCPU      242.24
 TTTTTTTTTTTTTTTTTTTTTTTTTTTTTT MONMO3      TELAPSE      243.86 TCPU      242.28
 NUMERICALLY INTEGRATED DENSITY     48.0000594961     48.0000594961
 TTTTTTTTTTTTTTTTTTTTTTTTTTTTTT NUMDFT      TELAPSE      244.51 TCPU      242.93
 CYC   5 ETOT(AU) -6.092862920553E+02 DETOT -5.10E-05 tst  8.79E-07 PX  2.08E-03
 TTTTTTTTTTTTTTTTTTTTTTTTTTTTTT DIIS        TELAPSE      244.58 TCPU      243.00
 DIIS TEST: 0.18949E-03 AT SCF   CYCLE   5 - DIIS ACTIVE - HISTORY:     5 CYCLES
 TTTTTTTTTTTTTTTTTTTTTTTTTTTTTT FDIK        TELAPSE      245.81 TCPU      244.23

    ALPHA      ELECTRONS
 INSULATING STATE
 TOP OF VALENCE BANDS -    BAND     48; K  171; EIG -9.2651106E-02 AU
 TOP OF VALENCE BANDS -    BAND     48; K    1; EIG -1.4626020E-01 AU
 BOTTOM OF VIRTUAL BANDS - BAND     49; K   52; EIG  7.0413095E-02 AU
 INDIRECT ENERGY BAND GAP:   4.4372 eV
 BOTTOM OF VIRTUAL BANDS - BAND     49; K    1; EIG  9.1772125E-02 AU

    BETA       ELECTRONS
 INSULATING STATE
 TOP OF VALENCE BANDS -    BAND     48; K  171; EIG -9.2651106E-02 AU
 TOP OF VALENCE BANDS -    BAND     48; K    1; EIG -1.4626020E-01 AU
 BOTTOM OF VIRTUAL BANDS - BAND     49; K   52; EIG  7.0413095E-02 AU
 INDIRECT ENERGY BAND GAP:   4.4372 eV
 BOTTOM OF VIRTUAL BANDS - BAND     49; K    1; EIG  9.1772125E-02 AU
 TTTTTTTTTTTTTTTTTTTTTTTTTTTTTT PDIG        TELAPSE      246.08 TCPU      244.49
 CHARGE NORMALIZATION FACTOR   1.00000000
 TOTAL ATOMIC CHARGES:
   5.9835682   5.9835682   5.9835682   5.9835682   5.9835682   5.9835682
   5.9835682   5.9835682   6.0249347   6.0249347   6.0249347   6.0249347
   6.0079289   6.0079289   6.0079289   6.0079289
 SUMMED SPIN DENSITY          -0.00000000
 TOTAL ATOMIC SPINS  :
  -0.0000000  -0.0000000  -0.0000000  -0.0000000  -0.0000000  -0.0000000
  -0.0000000  -0.0000000   0.0000000   0.0000000   0.0000000   0.0000000
   0.0000000   0.0000000   0.0000000   0.0000000
 TTTTTTTTTTTTTTTTTTTTTTTTTTTTTT MOQGAD      TELAPSE      246.08 TCPU      244.49
 TTTTTTTTTTTTTTTTTTTTTTTTTTTTTT SHELLXN     TELAPSE      284.51 TCPU      282.88
 TTTTTTTTTTTTTTTTTTTTTTTTTTTTTT MONMO3      TELAPSE      284.55 TCPU      282.92
 NUMERICALLY INTEGRATED DENSITY     48.0000595083     48.0000595083
 TTTTTTTTTTTTTTTTTTTTTTTTTTTTTT NUMDFT      TELAPSE      285.20 TCPU      283.57
 CYC   6 ETOT(AU) -6.092862995356E+02 DETOT -7.48E-06 tst  2.89E-07 PX  8.20E-04
 TTTTTTTTTTTTTTTTTTTTTTTTTTTTTT DIIS        TELAPSE      285.27 TCPU      283.64
 DIIS TEST: 0.31899E-04 AT SCF   CYCLE   6 - DIIS ACTIVE - HISTORY:     6 CYCLES
 TTTTTTTTTTTTTTTTTTTTTTTTTTTTTT FDIK        TELAPSE      286.51 TCPU      284.89

    ALPHA      ELECTRONS
 INSULATING STATE
 TOP OF VALENCE BANDS -    BAND     48; K  171; EIG -9.2714882E-02 AU
 TOP OF VALENCE BANDS -    BAND     48; K    1; EIG -1.4631899E-01 AU
 BOTTOM OF VIRTUAL BANDS - BAND     49; K   52; EIG  7.0452871E-02 AU
 INDIRECT ENERGY BAND GAP:   4.4400 eV
 BOTTOM OF VIRTUAL BANDS - BAND     49; K    1; EIG  9.1735864E-02 AU

    BETA       ELECTRONS
 INSULATING STATE
 TOP OF VALENCE BANDS -    BAND     48; K  171; EIG -9.2714882E-02 AU
 TOP OF VALENCE BANDS -    BAND     48; K    1; EIG -1.4631899E-01 AU
 BOTTOM OF VIRTUAL BANDS - BAND     49; K   52; EIG  7.0452871E-02 AU
 INDIRECT ENERGY BAND GAP:   4.4400 eV
 BOTTOM OF VIRTUAL BANDS - BAND     49; K    1; EIG  9.1735864E-02 AU
 TTTTTTTTTTTTTTTTTTTTTTTTTTTTTT PDIG        TELAPSE      286.78 TCPU      285.14
 CHARGE NORMALIZATION FACTOR   1.00000000
 TOTAL ATOMIC CHARGES:
   5.9830577   5.9830577   5.9830577   5.9830577   5.9830577   5.9830577
   5.9830577   5.9830577   6.0247960   6.0247960   6.0247960   6.0247960
   6.0090887   6.0090887   6.0090887   6.0090887
 SUMMED SPIN DENSITY          -0.00000000
 TOTAL ATOMIC SPINS  :
  -0.0000000  -0.0000000  -0.0000000  -0.0000000  -0.0000000  -0.0000000
  -0.0000000  -0.0000000   0.0000000   0.0000000   0.0000000   0.0000000
   0.0000000   0.0000000   0.0000000   0.0000000
 TTTTTTTTTTTTTTTTTTTTTTTTTTTTTT MOQGAD      TELAPSE      286.78 TCPU      285.15
 TTTTTTTTTTTTTTTTTTTTTTTTTTTTTT SHELLXN     TELAPSE      325.18 TCPU      323.52
 TTTTTTTTTTTTTTTTTTTTTTTTTTTTTT MONMO3      TELAPSE      325.22 TCPU      323.56
 NUMERICALLY INTEGRATED DENSITY     48.0000595095     48.0000595095
 TTTTTTTTTTTTTTTTTTTTTTTTTTTTTT NUMDFT      TELAPSE      325.86 TCPU      324.20
 CYC   7 ETOT(AU) -6.092863010823E+02 DETOT -1.55E-06 tst  2.93E-08 PX  2.37E-04
 TTTTTTTTTTTTTTTTTTTTTTTTTTTTTT DIIS        TELAPSE      325.93 TCPU      324.27
 DIIS TEST: 0.26744E-06 AT SCF   CYCLE   7 - DIIS ACTIVE - HISTORY:     7 CYCLES
 TTTTTTTTTTTTTTTTTTTTTTTTTTTTTT FDIK        TELAPSE      327.19 TCPU      325.52

    ALPHA      ELECTRONS
 INSULATING STATE
 TOP OF VALENCE BANDS -    BAND     48; K  171; EIG -9.2736064E-02 AU
 TOP OF VALENCE BANDS -    BAND     48; K    1; EIG -1.4634066E-01 AU
 BOTTOM OF VIRTUAL BANDS - BAND     49; K   52; EIG  7.0426981E-02 AU
 INDIRECT ENERGY BAND GAP:   4.4399 eV
 BOTTOM OF VIRTUAL BANDS - BAND     49; K    1; EIG  9.1712495E-02 AU

    BETA       ELECTRONS
 INSULATING STATE
 TOP OF VALENCE BANDS -    BAND     48; K  171; EIG -9.2736064E-02 AU
 TOP OF VALENCE BANDS -    BAND     48; K    1; EIG -1.4634066E-01 AU
 BOTTOM OF VIRTUAL BANDS - BAND     49; K   52; EIG  7.0426981E-02 AU
 INDIRECT ENERGY BAND GAP:   4.4399 eV
 BOTTOM OF VIRTUAL BANDS - BAND     49; K    1; EIG  9.1712495E-02 AU
 TTTTTTTTTTTTTTTTTTTTTTTTTTTTTT PDIG        TELAPSE      327.45 TCPU      325.78
 CHARGE NORMALIZATION FACTOR   1.00000000
 TOTAL ATOMIC CHARGES:
   5.9830735   5.9830735   5.9830735   5.9830735   5.9830735   5.9830735
   5.9830735   5.9830735   6.0248028   6.0248028   6.0248028   6.0248028
   6.0090501   6.0090501   6.0090501   6.0090501
 SUMMED SPIN DENSITY          -0.00000000
 TOTAL ATOMIC SPINS  :
  -0.0000000  -0.0000000  -0.0000000  -0.0000000  -0.0000000  -0.0000000
  -0.0000000  -0.0000000   0.0000000   0.0000000   0.0000000   0.0000000
  -0.0000000  -0.0000000  -0.0000000  -0.0000000
 TTTTTTTTTTTTTTTTTTTTTTTTTTTTTT MOQGAD      TELAPSE      327.45 TCPU      325.79
 TTTTTTTTTTTTTTTTTTTTTTTTTTTTTT SHELLXN     TELAPSE      365.80 TCPU      364.11
 TTTTTTTTTTTTTTTTTTTTTTTTTTTTTT MONMO3      TELAPSE      365.84 TCPU      364.15
 NUMERICALLY INTEGRATED DENSITY     48.0000595093     48.0000595093
 TTTTTTTTTTTTTTTTTTTTTTTTTTTTTT NUMDFT      TELAPSE      366.48 TCPU      364.79
 CYC   8 ETOT(AU) -6.092863010972E+02 DETOT -1.49E-08 tst  2.28E-10 PX  2.21E-05
 TTTTTTTTTTTTTTTTTTTTTTTTTTTTTT DIIS        TELAPSE      366.55 TCPU      364.86
 DIIS TEST: 0.76351E-07 AT SCF   CYCLE   8 - DIIS ACTIVE - HISTORY:     8 CYCLES
 TTTTTTTTTTTTTTTTTTTTTTTTTTTTTT FDIK        TELAPSE      367.80 TCPU      366.11

    ALPHA      ELECTRONS
 INSULATING STATE
 TOP OF VALENCE BANDS -    BAND     48; K  171; EIG -9.2739894E-02 AU
 TOP OF VALENCE BANDS -    BAND     48; K    1; EIG -1.4634497E-01 AU
 BOTTOM OF VIRTUAL BANDS - BAND     49; K   52; EIG  7.0425087E-02 AU
 INDIRECT ENERGY BAND GAP:   4.4399 eV
 BOTTOM OF VIRTUAL BANDS - BAND     49; K    1; EIG  9.1709629E-02 AU

    BETA       ELECTRONS
 INSULATING STATE
 TOP OF VALENCE BANDS -    BAND     48; K  171; EIG -9.2739894E-02 AU
 TOP OF VALENCE BANDS -    BAND     48; K    1; EIG -1.4634497E-01 AU
 BOTTOM OF VIRTUAL BANDS - BAND     49; K   52; EIG  7.0425087E-02 AU
 INDIRECT ENERGY BAND GAP:   4.4399 eV
 BOTTOM OF VIRTUAL BANDS - BAND     49; K    1; EIG  9.1709629E-02 AU
 TTTTTTTTTTTTTTTTTTTTTTTTTTTTTT PDIG        TELAPSE      368.11 TCPU      366.41
 CHARGE NORMALIZATION FACTOR   1.00000000
 TOTAL ATOMIC CHARGES:
   5.9830705   5.9830705   5.9830705   5.9830705   5.9830705   5.9830705
   5.9830705   5.9830705   6.0248009   6.0248009   6.0248009   6.0248009
   6.0090581   6.0090581   6.0090581   6.0090581
 SUMMED SPIN DENSITY          -0.00000000
 TOTAL ATOMIC SPINS  :
  -0.0000000  -0.0000000  -0.0000000  -0.0000000  -0.0000000  -0.0000000
  -0.0000000  -0.0000000   0.0000000   0.0000000   0.0000000   0.0000000
   0.0000000   0.0000000   0.0000000   0.0000000
 TTTTTTTTTTTTTTTTTTTTTTTTTTTTTT MOQGAD      TELAPSE      368.12 TCPU      366.42
 TTTTTTTTTTTTTTTTTTTTTTTTTTTTTT SHELLXN     TELAPSE      406.45 TCPU      404.73
 TTTTTTTTTTTTTTTTTTTTTTTTTTTTTT MONMO3      TELAPSE      406.49 TCPU      404.77
 NUMERICALLY INTEGRATED DENSITY     48.0000595094     48.0000595094
 TTTTTTTTTTTTTTTTTTTTTTTTTTTTTT NUMDFT      TELAPSE      407.13 TCPU      405.41
 CYC   9 ETOT(AU) -6.092863010947E+02 DETOT  2.42E-09 tst  1.35E-10 PX  3.58E-06
 TTTTTTTTTTTTTTTTTTTTTTTTTTTTTT DIIS        TELAPSE      407.21 TCPU      405.49
 DIIS TEST: 0.11818E-08 AT SCF   CYCLE   9 - DIIS ACTIVE - HISTORY:     9 CYCLES
 TTTTTTTTTTTTTTTTTTTTTTTTTTTTTT FDIK        TELAPSE      408.43 TCPU      406.71

    ALPHA      ELECTRONS
 INSULATING STATE
 TOP OF VALENCE BANDS -    BAND     48; K  171; EIG -9.2740739E-02 AU
 TOP OF VALENCE BANDS -    BAND     48; K    1; EIG -1.4634547E-01 AU
 BOTTOM OF VIRTUAL BANDS - BAND     49; K   52; EIG  7.0423017E-02 AU
 INDIRECT ENERGY BAND GAP:   4.4399 eV
 BOTTOM OF VIRTUAL BANDS - BAND     49; K    1; EIG  9.1708312E-02 AU

    BETA       ELECTRONS
 INSULATING STATE
 TOP OF VALENCE BANDS -    BAND     48; K  171; EIG -9.2740739E-02 AU
 TOP OF VALENCE BANDS -    BAND     48; K    1; EIG -1.4634547E-01 AU
 BOTTOM OF VIRTUAL BANDS - BAND     49; K   52; EIG  7.0423017E-02 AU
 INDIRECT ENERGY BAND GAP:   4.4399 eV
 BOTTOM OF VIRTUAL BANDS - BAND     49; K    1; EIG  9.1708312E-02 AU
 TTTTTTTTTTTTTTTTTTTTTTTTTTTTTT PDIG        TELAPSE      408.69 TCPU      406.97
 CHARGE NORMALIZATION FACTOR   1.00000000
 TOTAL ATOMIC CHARGES:
   5.9830708   5.9830708   5.9830708   5.9830708   5.9830708   5.9830708
   5.9830708   5.9830708   6.0248042   6.0248042   6.0248042   6.0248042
   6.0090541   6.0090541   6.0090541   6.0090541
 SUMMED SPIN DENSITY          -0.00000000
 TOTAL ATOMIC SPINS  :
   0.0000000   0.0000000   0.0000000   0.0000000   0.0000000   0.0000000
   0.0000000   0.0000000  -0.0000000  -0.0000000  -0.0000000  -0.0000000
  -0.0000000  -0.0000000  -0.0000000  -0.0000000
 TTTTTTTTTTTTTTTTTTTTTTTTTTTTTT MOQGAD      TELAPSE      408.70 TCPU      406.97
 TTTTTTTTTTTTTTTTTTTTTTTTTTTTTT SHELLXN     TELAPSE      447.00 TCPU      445.16
 TTTTTTTTTTTTTTTTTTTTTTTTTTTTTT MONMO3      TELAPSE      447.04 TCPU      445.20
 NUMERICALLY INTEGRATED DENSITY     48.0000595094     48.0000595094
 TTTTTTTTTTTTTTTTTTTTTTTTTTTTTT NUMDFT      TELAPSE      447.68 TCPU      445.83
 CYC  10 ETOT(AU) -6.092863010957E+02 DETOT -9.37E-10 tst  1.68E-12 PX  2.32E-06
 TTTTTTTTTTTTTTTTTTTTTTTTTTTTTT DIIS        TELAPSE      447.75 TCPU      445.91
 DIIS TEST: 0.49480E-09 AT SCF   CYCLE  10 - DIIS ACTIVE - HISTORY:    10 CYCLES
 TTTTTTTTTTTTTTTTTTTTTTTTTTTTTT FDIK        TELAPSE      448.95 TCPU      447.10

    ALPHA      ELECTRONS
 INSULATING STATE
 TOP OF VALENCE BANDS -    BAND     48; K  171; EIG -9.2741189E-02 AU
 TOP OF VALENCE BANDS -    BAND     48; K    1; EIG -1.4634614E-01 AU
 BOTTOM OF VIRTUAL BANDS - BAND     49; K   52; EIG  7.0423109E-02 AU
 INDIRECT ENERGY BAND GAP:   4.4399 eV
 BOTTOM OF VIRTUAL BANDS - BAND     49; K    1; EIG  9.1708035E-02 AU

    BETA       ELECTRONS
 INSULATING STATE
 TOP OF VALENCE BANDS -    BAND     48; K  171; EIG -9.2741189E-02 AU
 TOP OF VALENCE BANDS -    BAND     48; K    1; EIG -1.4634614E-01 AU
 BOTTOM OF VIRTUAL BANDS - BAND     49; K   52; EIG  7.0423109E-02 AU
 INDIRECT ENERGY BAND GAP:   4.4399 eV
 BOTTOM OF VIRTUAL BANDS - BAND     49; K    1; EIG  9.1708035E-02 AU
 TTTTTTTTTTTTTTTTTTTTTTTTTTTTTT PDIG        TELAPSE      449.27 TCPU      447.42
 CHARGE NORMALIZATION FACTOR   1.00000000
 TOTAL ATOMIC CHARGES:
   5.9830714   5.9830714   5.9830714   5.9830714   5.9830714   5.9830714
   5.9830714   5.9830714   6.0248022   6.0248022   6.0248022   6.0248022
   6.0090550   6.0090550   6.0090550   6.0090550
 SUMMED SPIN DENSITY          -0.00000000
 TOTAL ATOMIC SPINS  :
  -0.0000000  -0.0000000  -0.0000000  -0.0000000  -0.0000000  -0.0000000
  -0.0000000  -0.0000000   0.0000000   0.0000000   0.0000000   0.0000000
   0.0000000   0.0000000   0.0000000   0.0000000
 TTTTTTTTTTTTTTTTTTTTTTTTTTTTTT MOQGAD      TELAPSE      449.28 TCPU      447.43
 TTTTTTTTTTTTTTTTTTTTTTTTTTTTTT SHELLXN     TELAPSE      487.51 TCPU      485.55
 +++ ENERGIES IN A.U. +++
 ::: EXT EL-POLE                                  -2.8996639423713E+03
 ::: EXT EL-SPHEROPOLE                             2.5716209465453E+01
 ::: BIELET ZONE E-E                               2.9888395132484E+03
 ::: TOTAL E-E                                     1.1489178034251E+02
 ::: TOTAL E-N + N-E                              -1.0481530464086E+03
 ::: TOTAL N-N                                    -2.1309069889140E+02
 ::: KINETIC ENERGY                                6.0754248827401E+02
 ::: PSEUDO TOTAL   ENERGY                        -5.3880947668344E+02
 ::: VIRIAL COEFFICIENT                            1.0599580353082E+00
 TTTTTTTTTTTTTTTTTTTTTTTTTTTTTT MONMO3      TELAPSE      487.55 TCPU      485.59
 NUMERICALLY INTEGRATED DENSITY     48.0000595094     48.0000595094
 EXCHANGE ENERGY: -0.664095694954E+02  CORRELATION ENERGY: -0.406725491633E+01
 TTTTTTTTTTTTTTTTTTTTTTTTTTTTTT NUMDFT      TELAPSE      488.19 TCPU      486.22
 CYC  11 ETOT(AU) -6.092863010951E+02 DETOT  5.44E-10 tst  7.89E-13 PX  2.32E-06

 == SCF ENDED - CONVERGENCE ON ENERGY      E(AU) -6.0928630109514E+02 CYCLES  11


 ENERGY EXPRESSION=HARTREE+FOCK EXCH*0.20000+(BECKE      EXCH)*0.80000+LYP        CORR


 TOTAL ENERGY(DFT)(AU)( 11) -6.0928630109514E+02 DE 5.4E-10 tester 7.9E-13
 TTTTTTTTTTTTTTTTTTTTTTTTTTTTTT EDFT        TELAPSE      488.20 TCPU      486.24
 
 INFORMATION **** DFTD3 ENERGY **** CALCULATE DFTD3 ENERGY

           DFT-D V3(BJ)
 DF                                         b3-lyp    
 parameters
 s6       :    1.0000
 s8       :    1.9889
 a1       :    0.3981
 a2       :    4.4211
 k1 k3    :   16.0000   -4.0000
 Cutoff   :   50.2022
 CN-Cutoff:   21.1671
 ABC-Cutoff:   21.1671
 
 Edisp /kcal,au:  -105.0611 -0.16742557

 E6    /kcal :   -50.4391
 E8    /kcal :   -54.6220
 
 INFORMATION **** DFTD3 ENERGY **** NORMAL TERMINATION OF DFTD3 MODULE

 *******************************************************************************

 DFT-D3 DISPERSION ENERGY CORRECTION

 D3 DISPERSION ENERGY (AU)       -1.6742556791307E-01
 TOTAL ENERGY + DISP (AU)        -6.0945372666305E+02

 *******************************************************************************


 NEIGHBORS OF THE NON-EQUIVALENT ATOMS

 N = NUMBER OF NEIGHBORS AT DISTANCE R
    ATOM  N     R/ANG      R/AU   NEIGHBORS (ATOM LABELS AND CELL INDICES)
   1 C    1     1.5164     2.8655    5 C    1 1 1
   1 C    1     1.5293     2.8900   16 C    0 0 0
   1 C    1     1.5328     2.8965    9 C    1 0 1
   1 C    1     1.5918     3.0082    7 C    0 0 0
   1 C    1     2.1886     4.1358   10 C    1 0 1
   1 C    1     2.4179     4.5692    8 C    0 0 0

   9 C    1     1.5159     2.8646   11 C    0 0 0
   9 C    2     1.5328     2.8965    1 C   -1 0-1    8 C    0 0 0
   9 C    1     1.5332     2.8973   10 C    0 0 0
   9 C    1     2.1560     4.0743   12 C    0 0 0
   9 C    2     2.1886     4.1358    2 C    0 0 0    7 C   -1 0-1
   9 C    2     2.5351     4.7906    4 C    0 1 0    5 C    0 1 0

  13 C    2     1.5293     2.8900    4 C    0 0 0    5 C    0 0 0
  13 C    1     1.5673     2.9617   14 C    0-1-1
  13 C    1     1.5813     2.9883   15 C    0 0 0
  13 C    1     2.2264     4.2073   16 C    0-1-1
  13 C    2     2.4957     4.7162    1 C   -1-1-1    8 C    0-1 0
  13 C    2     2.5855     4.8859    3 C    0-1-1    6 C    0-1-1

 TTTTTTTTTTTTTTTTTTTTTTTTTTTTTT AFTER FIRST TELAPSE      488.34 TCPU      486.35
 MMMMMMMMMMMMMMMMMMMMMMMMMMMMMMMMMMMMMMMMMMMMMMMMMMMMMMMMMMMMMMMMMMMMMMMMMMMMMMM
     ALPHA+BETA ELECTRONS
 MULLIKEN POPULATION ANALYSIS - NO. OF ELECTRONS   96.000000

  ATOM    Z CHARGE  A.O. POPULATION

   1 C    6  5.983  0.853  1.121  0.764  0.387  0.433  0.445  0.452 -0.009
                   -0.006 -0.006  0.500  0.495  0.511  0.009  0.007  0.010
                    0.012  0.007
   2 C    6  5.983  0.853  1.121  0.764  0.387  0.433  0.445  0.452 -0.009
                   -0.006 -0.006  0.500  0.495  0.511  0.009  0.007  0.010
                    0.012  0.007
   3 C    6  5.983  0.853  1.121  0.764  0.387  0.433  0.445  0.452 -0.009
                   -0.006 -0.006  0.500  0.495  0.511  0.009  0.007  0.010
                    0.012  0.007
   4 C    6  5.983  0.853  1.121  0.764  0.387  0.433  0.445  0.452 -0.009
                   -0.006 -0.006  0.500  0.495  0.511  0.009  0.007  0.010
                    0.012  0.007
   5 C    6  5.983  0.853  1.121  0.764  0.387  0.433  0.445  0.452 -0.009
                   -0.006 -0.006  0.500  0.495  0.511  0.009  0.007  0.010
                    0.012  0.007
   6 C    6  5.983  0.853  1.121  0.764  0.387  0.433  0.445  0.452 -0.009
                   -0.006 -0.006  0.500  0.495  0.511  0.009  0.007  0.010
                    0.012  0.007
   7 C    6  5.983  0.853  1.121  0.764  0.387  0.433  0.445  0.452 -0.009
                   -0.006 -0.006  0.500  0.495  0.511  0.009  0.007  0.010
                    0.012  0.007
   8 C    6  5.983  0.853  1.121  0.764  0.387  0.433  0.445  0.452 -0.009
                   -0.006 -0.006  0.500  0.495  0.511  0.009  0.007  0.010
                    0.012  0.007
   9 C    6  6.025  0.853  1.120  0.756  0.384  0.468  0.447  0.446 -0.037
                   -0.005 -0.007  0.556  0.500  0.496  0.012  0.007  0.010
                    0.013  0.006
  10 C    6  6.025  0.853  1.120  0.756  0.384  0.468  0.447  0.446 -0.037
                   -0.005 -0.007  0.556  0.500  0.496  0.012  0.007  0.010
                    0.013  0.006
  11 C    6  6.025  0.853  1.120  0.756  0.384  0.468  0.447  0.446 -0.037
                   -0.005 -0.007  0.556  0.500  0.496  0.012  0.007  0.010
                    0.013  0.006
  12 C    6  6.025  0.853  1.120  0.756  0.384  0.468  0.447  0.446 -0.037
                   -0.005 -0.007  0.556  0.500  0.496  0.012  0.007  0.010
                    0.013  0.006
  13 C    6  6.009  0.853  1.121  0.761  0.415  0.438  0.450  0.435 -0.009
                   -0.005 -0.005  0.498  0.510  0.503  0.011  0.006  0.008
                    0.010  0.007
  14 C    6  6.009  0.853  1.121  0.761  0.415  0.438  0.450  0.435 -0.009
                   -0.005 -0.005  0.498  0.510  0.503  0.011  0.006  0.008
                    0.010  0.007
  15 C    6  6.009  0.853  1.121  0.761  0.415  0.438  0.450  0.435 -0.009
                   -0.005 -0.005  0.498  0.510  0.503  0.011  0.006  0.008
                    0.010  0.007
  16 C    6  6.009  0.853  1.121  0.761  0.415  0.438  0.450  0.435 -0.009
                   -0.005 -0.005  0.498  0.510  0.503  0.011  0.006  0.008
                    0.010  0.007

  ATOM    Z CHARGE  SHELL POPULATION

   1 C    6  5.983  0.853  1.121  0.764  0.387  1.329 -0.022  1.506  0.046
   2 C    6  5.983  0.853  1.121  0.764  0.387  1.329 -0.022  1.506  0.046
   3 C    6  5.983  0.853  1.121  0.764  0.387  1.329 -0.022  1.506  0.046
   4 C    6  5.983  0.853  1.121  0.764  0.387  1.329 -0.022  1.506  0.046
   5 C    6  5.983  0.853  1.121  0.764  0.387  1.329 -0.022  1.506  0.046
   6 C    6  5.983  0.853  1.121  0.764  0.387  1.329 -0.022  1.506  0.046
   7 C    6  5.983  0.853  1.121  0.764  0.387  1.329 -0.022  1.506  0.046
   8 C    6  5.983  0.853  1.121  0.764  0.387  1.329 -0.022  1.506  0.046
   9 C    6  6.025  0.853  1.120  0.756  0.384  1.361 -0.049  1.551  0.048
  10 C    6  6.025  0.853  1.120  0.756  0.384  1.361 -0.049  1.551  0.048
  11 C    6  6.025  0.853  1.120  0.756  0.384  1.361 -0.049  1.551  0.048
  12 C    6  6.025  0.853  1.120  0.756  0.384  1.361 -0.049  1.551  0.048
  13 C    6  6.009  0.853  1.121  0.761  0.415  1.323 -0.019  1.511  0.043
  14 C    6  6.009  0.853  1.121  0.761  0.415  1.323 -0.019  1.511  0.043
  15 C    6  6.009  0.853  1.121  0.761  0.415  1.323 -0.019  1.511  0.043
  16 C    6  6.009  0.853  1.121  0.761  0.415  1.323 -0.019  1.511  0.043

 OVERLAP POPULATION CONDENSED TO ATOMS FOR FIRST   6 NEIGHBORS

 ATOM A   1 C    ATOM B     CELL      R(AB)/AU R(AB)/ANG    OVPOP(AB)
                  5 C    (  1  1  1)     2.866     1.516     0.297
                 16 C    (  0  0  0)     2.890     1.529     0.310
                  9 C    (  1  0  1)     2.896     1.533     0.279
                  7 C    (  0  0  0)     3.008     1.592     0.353
                 10 C    (  1  0  1)     4.136     2.189    -0.107
                  8 C    (  0  0  0)     4.569     2.418    -0.009

 ATOM A   9 C    ATOM B     CELL      R(AB)/AU R(AB)/ANG    OVPOP(AB)
                 11 C    (  0  0  0)     2.865     1.516     0.265
                  1 C    ( -1  0 -1)     2.896     1.533     0.279
                 10 C    (  0  0  0)     2.897     1.533     0.510
                 12 C    (  0  0  0)     4.074     2.156    -0.139
                  2 C    (  0  0  0)     4.136     2.189    -0.107
                  4 C    (  0  1  0)     4.791     2.535    -0.002

 ATOM A  13 C    ATOM B     CELL      R(AB)/AU R(AB)/ANG    OVPOP(AB)
                  4 C    (  0  0  0)     2.890     1.529     0.310
                 14 C    (  0 -1 -1)     2.962     1.567     0.338
                 15 C    (  0  0  0)     2.988     1.581     0.366
                 16 C    (  0 -1 -1)     4.207     2.226    -0.091
                  1 C    ( -1 -1 -1)     4.716     2.496    -0.007
                  3 C    (  0 -1 -1)     4.886     2.586    -0.019
 TTTTTTTTTTTTTTTTTTTTTTTTTTTTTT AFTER FIRST TELAPSE      488.55 TCPU      486.37
 MMMMMMMMMMMMMMMMMMMMMMMMMMMMMMMMMMMMMMMMMMMMMMMMMMMMMMMMMMMMMMMMMMMMMMMMMMMMMMM
     ALPHA-BETA ELECTRONS
 MULLIKEN POPULATION ANALYSIS - NO. OF ELECTRONS   -0.000000

  ATOM    Z CHARGE  A.O. POPULATION

   1 C    6 -0.000 -0.000  0.000  0.000 -0.000  0.000  0.000  0.000 -0.000
                   -0.000  0.000  0.000 -0.000 -0.000 -0.000 -0.000 -0.000
                    0.000 -0.000
   2 C    6 -0.000 -0.000  0.000  0.000 -0.000  0.000  0.000  0.000 -0.000
                   -0.000  0.000  0.000 -0.000 -0.000 -0.000 -0.000 -0.000
                    0.000 -0.000
   3 C    6 -0.000 -0.000  0.000  0.000 -0.000  0.000  0.000  0.000 -0.000
                   -0.000  0.000  0.000 -0.000 -0.000 -0.000 -0.000 -0.000
                    0.000 -0.000
   4 C    6 -0.000 -0.000  0.000  0.000 -0.000  0.000  0.000  0.000 -0.000
                   -0.000  0.000  0.000 -0.000 -0.000 -0.000 -0.000 -0.000
                    0.000 -0.000
   5 C    6 -0.000 -0.000  0.000  0.000 -0.000  0.000  0.000  0.000 -0.000
                   -0.000  0.000  0.000 -0.000 -0.000 -0.000 -0.000 -0.000
                    0.000 -0.000
   6 C    6 -0.000 -0.000  0.000  0.000 -0.000  0.000  0.000  0.000 -0.000
                   -0.000  0.000  0.000 -0.000 -0.000 -0.000 -0.000 -0.000
                    0.000 -0.000
   7 C    6 -0.000 -0.000  0.000  0.000 -0.000  0.000  0.000  0.000 -0.000
                   -0.000  0.000  0.000 -0.000 -0.000 -0.000 -0.000 -0.000
                    0.000 -0.000
   8 C    6 -0.000 -0.000  0.000  0.000 -0.000  0.000  0.000  0.000 -0.000
                   -0.000  0.000  0.000 -0.000 -0.000 -0.000 -0.000 -0.000
                    0.000 -0.000
   9 C    6  0.000  0.000  0.000 -0.000  0.000 -0.000 -0.000 -0.000  0.000
                    0.000  0.000 -0.000  0.000 -0.000 -0.000 -0.000 -0.000
                   -0.000 -0.000
  10 C    6  0.000  0.000  0.000 -0.000  0.000 -0.000 -0.000 -0.000  0.000
                    0.000  0.000 -0.000  0.000 -0.000 -0.000 -0.000 -0.000
                   -0.000 -0.000
  11 C    6  0.000  0.000  0.000 -0.000  0.000 -0.000 -0.000 -0.000  0.000
                    0.000  0.000 -0.000  0.000 -0.000 -0.000 -0.000 -0.000
                   -0.000 -0.000
  12 C    6  0.000  0.000  0.000 -0.000  0.000 -0.000 -0.000 -0.000  0.000
                    0.000  0.000 -0.000  0.000 -0.000 -0.000 -0.000 -0.000
                   -0.000 -0.000
  13 C    6  0.000  0.000 -0.000 -0.000 -0.000 -0.000  0.000 -0.000  0.000
                   -0.000  0.000 -0.000  0.000 -0.000 -0.000 -0.000 -0.000
                    0.000  0.000
  14 C    6  0.000  0.000 -0.000 -0.000 -0.000 -0.000  0.000 -0.000  0.000
                   -0.000  0.000 -0.000  0.000 -0.000 -0.000 -0.000 -0.000
                    0.000  0.000
  15 C    6  0.000  0.000 -0.000 -0.000 -0.000 -0.000  0.000 -0.000  0.000
                   -0.000  0.000 -0.000  0.000 -0.000 -0.000 -0.000 -0.000
                    0.000  0.000
  16 C    6  0.000  0.000 -0.000 -0.000 -0.000 -0.000  0.000 -0.000  0.000
                   -0.000  0.000 -0.000  0.000 -0.000 -0.000 -0.000 -0.000
                    0.000  0.000

  ATOM    Z CHARGE  SHELL POPULATION

   1 C    6 -0.000 -0.000  0.000  0.000 -0.000  0.000 -0.000  0.000 -0.000
   2 C    6 -0.000 -0.000  0.000  0.000 -0.000  0.000 -0.000  0.000 -0.000
   3 C    6 -0.000 -0.000  0.000  0.000 -0.000  0.000 -0.000  0.000 -0.000
   4 C    6 -0.000 -0.000  0.000  0.000 -0.000  0.000 -0.000  0.000 -0.000
   5 C    6 -0.000 -0.000  0.000  0.000 -0.000  0.000 -0.000  0.000 -0.000
   6 C    6 -0.000 -0.000  0.000  0.000 -0.000  0.000 -0.000  0.000 -0.000
   7 C    6 -0.000 -0.000  0.000  0.000 -0.000  0.000 -0.000  0.000 -0.000
   8 C    6 -0.000 -0.000  0.000  0.000 -0.000  0.000 -0.000  0.000 -0.000
   9 C    6  0.000  0.000  0.000 -0.000  0.000 -0.000  0.000 -0.000 -0.000
  10 C    6  0.000  0.000  0.000 -0.000  0.000 -0.000  0.000 -0.000 -0.000
  11 C    6  0.000  0.000  0.000 -0.000  0.000 -0.000  0.000 -0.000 -0.000
  12 C    6  0.000  0.000  0.000 -0.000  0.000 -0.000  0.000 -0.000 -0.000
  13 C    6  0.000  0.000 -0.000 -0.000 -0.000  0.000 -0.000  0.000  0.000
  14 C    6  0.000  0.000 -0.000 -0.000 -0.000  0.000 -0.000  0.000  0.000
  15 C    6  0.000  0.000 -0.000 -0.000 -0.000  0.000 -0.000  0.000  0.000
  16 C    6  0.000  0.000 -0.000 -0.000 -0.000  0.000 -0.000  0.000  0.000

 OVERLAP POPULATION CONDENSED TO ATOMS FOR FIRST   6 NEIGHBORS

 ATOM A   1 C    ATOM B     CELL      R(AB)/AU R(AB)/ANG    OVPOP(AB)
                  5 C    (  1  1  1)     2.866     1.516     0.000
                 16 C    (  0  0  0)     2.890     1.529    -0.000
                  9 C    (  1  0  1)     2.896     1.533     0.000
                  7 C    (  0  0  0)     3.008     1.592    -0.000
                 10 C    (  1  0  1)     4.136     2.189    -0.000
                  8 C    (  0  0  0)     4.569     2.418     0.000

 ATOM A   9 C    ATOM B     CELL      R(AB)/AU R(AB)/ANG    OVPOP(AB)
                 11 C    (  0  0  0)     2.865     1.516    -0.000
                  1 C    ( -1  0 -1)     2.896     1.533     0.000
                 10 C    (  0  0  0)     2.897     1.533    -0.000
                 12 C    (  0  0  0)     4.074     2.156     0.000
                  2 C    (  0  0  0)     4.136     2.189    -0.000
                  4 C    (  0  1  0)     4.791     2.535    -0.000

 ATOM A  13 C    ATOM B     CELL      R(AB)/AU R(AB)/ANG    OVPOP(AB)
                  4 C    (  0  0  0)     2.890     1.529    -0.000
                 14 C    (  0 -1 -1)     2.962     1.567     0.000
                 15 C    (  0  0  0)     2.988     1.581    -0.000
                 16 C    (  0 -1 -1)     4.207     2.226     0.000
                  1 C    ( -1 -1 -1)     4.716     2.496    -0.000
                  3 C    (  0 -1 -1)     4.886     2.586    -0.000
 EIGENVECTORS IN FORTRAN UNIT 10
 TTTTTTTTTTTTTTTTTTTTTTTTTTTTTT END         TELAPSE      489.21 TCPU      486.98
 EEEEEEEEEE TERMINATION  DATE 25 01 2026 TIME 00:24:11.9
NODE    0 CPU TIME =       486.982
NODE    1 CPU TIME =       487.868
NODE    2 CPU TIME =       487.219
NODE    3 CPU TIME =       487.865
NODE    4 CPU TIME =       487.894
NODE    5 CPU TIME =       487.908
NODE    6 CPU TIME =       487.919
NODE    7 CPU TIME =       487.821
NODE    8 CPU TIME =       487.859
NODE    9 CPU TIME =       487.601
NODE   10 CPU TIME =       488.044
NODE   11 CPU TIME =       487.994
NODE   12 CPU TIME =       487.898
NODE   13 CPU TIME =       487.832
NODE   14 CPU TIME =       487.943
NODE   15 CPU TIME =       487.838
NODE   16 CPU TIME =       487.841
NODE   17 CPU TIME =       487.981
NODE   18 CPU TIME =       487.705
NODE   19 CPU TIME =       487.966
NODE   20 CPU TIME =       487.878
NODE   21 CPU TIME =       488.033
NODE   22 CPU TIME =       487.908
NODE   23 CPU TIME =       487.887
NODE   24 CPU TIME =       487.861
NODE   25 CPU TIME =       487.701
NODE   26 CPU TIME =       487.796
NODE   27 CPU TIME =       487.741
NODE   28 CPU TIME =       487.907
NODE   29 CPU TIME =       487.797
NODE   30 CPU TIME =       487.902
NODE   31 CPU TIME =       487.747
    TOTAL CPU TIME =     15610.134
