MPI startup(): Warning: I_MPI_PMI_LIBRARY will be ignored since the hydra process manager was found
MPI startup(): Warning: I_MPI_PMI_LIBRARY will be ignored since the hydra process manager was found
MPI startup(): Warning: I_MPI_PMI_LIBRARY will be ignored since the hydra process manager was found
MPI startup(): Warning: I_MPI_PMI_LIBRARY will be ignored since the hydra process manager was found
MPI startup(): Warning: I_MPI_PMI_LIBRARY will be ignored since the hydra process manager was found
MPI startup(): Warning: I_MPI_PMI_LIBRARY will be ignored since the hydra process manager was found
MPI startup(): Warning: I_MPI_PMI_LIBRARY will be ignored since the hydra process manager was found
MPI startup(): Warning: I_MPI_PMI_LIBRARY will be ignored since the hydra process manager was found
MPI startup(): Warning: I_MPI_PMI_LIBRARY will be ignored since the hydra process manager was found
MPI startup(): Warning: I_MPI_PMI_LIBRARY will be ignored since the hydra process manager was found
MPI startup(): Warning: I_MPI_PMI_LIBRARY will be ignored since the hydra process manager was found
MPI startup(): Warning: I_MPI_PMI_LIBRARY will be ignored since the hydra process manager was found
MPI startup(): Warning: I_MPI_PMI_LIBRARY will be ignored since the hydra process manager was found
MPI startup(): Warning: I_MPI_PMI_LIBRARY will be ignored since the hydra process manager was found
MPI startup(): Warning: I_MPI_PMI_LIBRARY will be ignored since the hydra process manager was found
MPI startup(): Warning: I_MPI_PMI_LIBRARY will be ignored since the hydra process manager was found
MPI startup(): Warning: I_MPI_PMI_LIBRARY will be ignored since the hydra process manager was found
MPI startup(): Warning: I_MPI_PMI_LIBRARY will be ignored since the hydra process manager was found
MPI startup(): Warning: I_MPI_PMI_LIBRARY will be ignored since the hydra process manager was found
MPI startup(): Warning: I_MPI_PMI_LIBRARY will be ignored since the hydra process manager was found
MPI startup(): Warning: I_MPI_PMI_LIBRARY will be ignored since the hydra process manager was found
MPI startup(): Warning: I_MPI_PMI_LIBRARY will be ignored since the hydra process manager was found
MPI startup(): Warning: I_MPI_PMI_LIBRARY will be ignored since the hydra process manager was found
MPI startup(): Warning: I_MPI_PMI_LIBRARY will be ignored since the hydra process manager was found
MPI startup(): Warning: I_MPI_PMI_LIBRARY will be ignored since the hydra process manager was found
MPI startup(): Warning: I_MPI_PMI_LIBRARY will be ignored since the hydra process manager was found
MPI startup(): Warning: I_MPI_PMI_LIBRARY will be ignored since the hydra process manager was found
MPI startup(): Warning: I_MPI_PMI_LIBRARY will be ignored since the hydra process manager was found
MPI startup(): Warning: I_MPI_PMI_LIBRARY will be ignored since the hydra process manager was found
MPI startup(): Warning: I_MPI_PMI_LIBRARY will be ignored since the hydra process manager was found
MPI startup(): Warning: I_MPI_PMI_LIBRARY will be ignored since the hydra process manager was found
MPI startup(): Warning: I_MPI_PMI_LIBRARY will be ignored since the hydra process manager was found
 PROCESS            7  OF           32  WORKING
 PROCESS           17  OF           32  WORKING
 PROCESS           18  OF           32  WORKING
 PROCESS            5  OF           32  WORKING
 PROCESS           15  OF           32  WORKING
 PROCESS           16  OF           32  WORKING
 PROCESS           20  OF           32  WORKING
 PROCESS           29  OF           32  WORKING
 PROCESS           30  OF           32  WORKING
 PROCESS           11  OF           32  WORKING
 PROCESS            2  OF           32  WORKING
 PROCESS            3  OF           32  WORKING
 PROCESS           25  OF           32  WORKING
 PROCESS           26  OF           32  WORKING
 PROCESS            1  OF           32  WORKING
 PROCESS            6  OF           32  WORKING
 PROCESS           28  OF           32  WORKING
 PROCESS           24  OF           32  WORKING
 PROCESS            8  OF           32  WORKING
 PROCESS           23  OF           32  WORKING
 PROCESS           31  OF           32  WORKING
 PROCESS           22  OF           32  WORKING
 PROCESS            0  OF           32  WORKING
 PROCESS           27  OF           32  WORKING
 PROCESS           19  OF           32  WORKING
 PROCESS           21  OF           32  WORKING
 PROCESS           12  OF           32  WORKING
 PROCESS            4  OF           32  WORKING
 PROCESS           14  OF           32  WORKING

         
 *******************************************************************************
 *                                                                             *
 *                               CRYSTAL23                                     *
 *                      public : 1.0.1 - October 2022                          *
 *                       HTTP://WWW.CRYSTAL.UNITO.IT                           *
 *                                                                             *
 *                              MAIN AUTHORS                                   *
 *                                                                             *
 *  R. DOVESI(1,11), V.R. SAUNDERS(2), C. ROETTI(1,11), R. ORLANDO(1,11),      *
 *  C.M. ZICOVICH-WILSON(1,3), F. PASCALE(4), B. CIVALLERI(1,11),              *
 *  K. DOLL(5), N.M. HARRISON(6), I.J. BUSH(7), Ph. D'ARCO(8),                 *
 *  M. LLUNELL(9), M. CAUSA'(10), Y. NOEL(8), L. MASCHIO(1,11), A. ERBA(1,11)  *
 *  M. RE'RAT(14), S. CASASSA(1,11), B.G. SEARLE(2), J.K. DESMARAIS(1)         *
 *                                                                             *
 *        CONTRIBUTIONS TO THE CODE HAVE ALSO BEEN GIVEN BY                    *
 *                                                                             *
 *  M. FERRABONE(1,11), M. DE LA PIERRE(1,11), M. FERRERO(1,11),               *
 *  J. BAIMA(1,11), E. ALBANESE(1,11), M.F. PEINTINGER(12), R. BAST(13),       *
 *  B. KIRTMAN(15), V. LACIVITA(1,11), R. DEMICHELIS(1,16)                     *
 *  G. BRANDEBURG(17), S. SALUSTRO(1,11), G. SANSONE(1,11)                     *
 *  M.T. RUGGIERO(18), L.E. DAGA(1), L. DONA'(1), A. COSSARD(1)                *
 *                                                                             *
 * (1) THEORETICAL CHEMISTRY GROUP - UNIVERSITA' DI TORINO - TORINO (ITALY)    *
 * (2) SCIENTIFIC COMPUTING DEPARTMENT - STFC DARESBURY (UK)                   *
 * (3) UNIVERSIDAD AUTONOMA DEL ESTADO DE MORELOS - CUERNAVACA (MEXICO)        *
 * (4) UNIVERSITE' DE LORRAINE - NANCY (FRANCE)                                *
 * (5) UNIVERSITAET STUTTGART- STUTTGART (GERMANY)                             *
 * (6) IMPERIAL COLLEGE - LONDON (UK)                                          *
 * (7) SCIENTIFIC COMPUTING DEPARTMENT - STFC RAL (UK)                         *
 * (8) UPMC - SORBONNE UNIVERSITES - PARIS (FRANCE)                            *
 * (9) UNIVERSIDAD DE BARCELONA - BARCELONA (SPAIN)                            *
 *(10) UNIVERSITA' DI NAPOLI "FEDERICO II" - NAPOLI (ITALY)                    *
 *(11) NIS - NANOSTRUCTURED INTERFACES AND SURFACES - TORINO (ITALY)           *
 *(12) MPI FUER CHEMISCHE ENERGIEKONVERSION - MUELHEIM AN DER RUHR (GERMANY)   *
 *(13) UNIVERSITY OF TROMSO - TROMSO (NORWAY)                                  *
 *(14) UNIVERSITE' DE PAU ET DES PAYS DE L'ADOUR - PAU (FRANCE)                *
 *(15) UNIVERSITY OF CALIFORNIA SANTA BARBARA - SANTA BARBARA (USA)            *
 *(16) CURTIN UNIVERSITY - PERTH (AUSTRALIA)                                   *
 *(17) UNIVERSITY COLLEGE LONDON - LONDON (UK)                                 *
 *(18) UNIVERSITY OF VERMONT - BURLINGTON (USA)                                *
 *                                                                             *
 *******************************************************************************
 EEEEEEEEEE STARTING  DATE 30 01 2026 TIME 22:42:05.9
 ./4^3T6552-HZ_rev1_sp_B3LYP-D3-D3_optimized                                     
 PROCESS           10  OF           32  WORKING
 PROCESS           13  OF           32  WORKING
 PROCESS            9  OF           32  WORKING

 CRYSTAL CALCULATION
 (INPUT ACCORDING TO THE INTERNATIONAL TABLES FOR X-RAY CRYSTALLOGRAPHY)
 CRYSTAL FAMILY                       :  TETRAGONAL  
 CRYSTAL CLASS  (GROTH - 1921)        :  TETRAGONAL DIPYRAMIDAL               

 SPACE GROUP (CENTROSYMMETRIC)        :  P 42/M          

 LATTICE PARAMETERS  (ANGSTROMS AND DEGREES) - CONVENTIONAL CELL
        A           B           C        ALPHA        BETA       GAMMA
     5.91506     5.91506     4.29439    90.00000    90.00000    90.00000


 NUMBER OF IRREDUCIBLE ATOMS IN THE CONVENTIONAL CELL:    3

 INPUT COORDINATES

 ATOM AT. N.              COORDINATES
   1   6     8.344917996979E-02  3.990006652333E-01  3.184418504096E-01
   2   6     3.337188771422E-01  4.642455762653E-01  3.196570587044E-01
   3   6     3.090240436270E-02  1.730084844592E-01  1.831013421935E-01

 *******************************************************************************

 << INFORMATION >>: FROM NOW ON, ALL COORDINATES REFER TO THE PRIMITIVE CELL

 *******************************************************************************

 LATTICE PARAMETERS  (ANGSTROMS AND DEGREES) - PRIMITIVE CELL
       A          B          C        ALPHA      BETA     GAMMA        VOLUME
    5.91506    5.91506    4.29439    90.00000  90.00000  90.00000    150.251709

 COORDINATES OF THE EQUIVALENT ATOMS (FRACTIONAL UNITS)

 N. ATOM EQUIV AT. N.          X                  Y                  Z

   1   1   1    6 C     8.34491799698E-02  3.99000665233E-01  3.18441850410E-01
   2   1   2    6 C    -8.34491799698E-02 -3.99000665233E-01  3.18441850410E-01
   3   1   3    6 C    -3.99000665233E-01  8.34491799698E-02 -1.81558149590E-01
   4   1   4    6 C     3.99000665233E-01 -8.34491799698E-02 -1.81558149590E-01
   5   1   5    6 C    -8.34491799698E-02 -3.99000665233E-01 -3.18441850410E-01
   6   1   6    6 C     8.34491799698E-02  3.99000665233E-01 -3.18441850410E-01
   7   1   7    6 C     3.99000665233E-01 -8.34491799698E-02  1.81558149590E-01
   8   1   8    6 C    -3.99000665233E-01  8.34491799698E-02  1.81558149590E-01

   9   2   1    6 C     3.33718877142E-01  4.64245576265E-01  3.19657058704E-01
  10   2   2    6 C    -3.33718877142E-01 -4.64245576265E-01  3.19657058704E-01
  11   2   3    6 C    -4.64245576265E-01  3.33718877142E-01 -1.80342941296E-01
  12   2   4    6 C     4.64245576265E-01 -3.33718877142E-01 -1.80342941296E-01
  13   2   5    6 C    -3.33718877142E-01 -4.64245576265E-01 -3.19657058704E-01
  14   2   6    6 C     3.33718877142E-01  4.64245576265E-01 -3.19657058704E-01
  15   2   7    6 C     4.64245576265E-01 -3.33718877142E-01  1.80342941296E-01
  16   2   8    6 C    -4.64245576265E-01  3.33718877142E-01  1.80342941296E-01

  17   3   1    6 C     3.09024043627E-02  1.73008484459E-01  1.83101342193E-01
  18   3   2    6 C    -3.09024043627E-02 -1.73008484459E-01  1.83101342193E-01
  19   3   3    6 C    -1.73008484459E-01  3.09024043627E-02 -3.16898657807E-01
  20   3   4    6 C     1.73008484459E-01 -3.09024043627E-02 -3.16898657807E-01
  21   3   5    6 C    -3.09024043627E-02 -1.73008484459E-01 -1.83101342193E-01
  22   3   6    6 C     3.09024043627E-02  1.73008484459E-01 -1.83101342193E-01
  23   3   7    6 C     1.73008484459E-01 -3.09024043627E-02  3.16898657807E-01
  24   3   8    6 C    -1.73008484459E-01  3.09024043627E-02  3.16898657807E-01

 NUMBER OF SYMMETRY OPERATORS         :    8
 *******************************************************************************
 * GEOMETRY EDITING - INPUT COORDINATES ARE GIVEN IN ANGSTROM         
 *******************************************************************************

 GEOMETRY NOW FULLY CONSISTENT WITH THE GROUP

 GCALCO - MAX INDICES DIRECT LATTICE VECTOR    13    13    18
 NO.OF VECTORS CREATED 6999 STARS  527 RMAX   119.23037 BOHR

 GEOMETRY FOR WAVE FUNCTION - DIMENSIONALITY OF THE SYSTEM    3
 (NON PERIODIC DIRECTION: LATTICE PARAMETER FORMALLY SET TO 500)
 *******************************************************************************
 LATTICE PARAMETERS (ANGSTROMS AND DEGREES) - BOHR = 0.5291772083 ANGSTROM
 PRIMITIVE CELL - CENTRING CODE 1/0 VOLUME=   150.251709 - DENSITY  3.183 g/cm^3
         A              B              C           ALPHA      BETA       GAMMA 
     5.91505627     5.91505627     4.29439175    90.000000  90.000000  90.000000
 *******************************************************************************
 ATOMS IN THE ASYMMETRIC UNIT    3 - ATOMS IN THE UNIT CELL:   24
     ATOM                 X/A                 Y/B                 Z/C    
 *******************************************************************************
      1 T   6 C     8.344917996979E-02  3.990006652333E-01  3.184418504096E-01
      2 F   6 C    -8.344917996979E-02 -3.990006652333E-01  3.184418504096E-01
      3 F   6 C    -3.990006652333E-01  8.344917996979E-02 -1.815581495904E-01
      4 F   6 C     3.990006652333E-01 -8.344917996979E-02 -1.815581495904E-01
      5 F   6 C    -8.344917996979E-02 -3.990006652333E-01 -3.184418504096E-01
      6 F   6 C     8.344917996979E-02  3.990006652333E-01 -3.184418504096E-01
      7 F   6 C     3.990006652333E-01 -8.344917996979E-02  1.815581495904E-01
      8 F   6 C    -3.990006652333E-01  8.344917996979E-02  1.815581495904E-01
      9 T   6 C     3.337188771422E-01  4.642455762653E-01  3.196570587044E-01
     10 F   6 C    -3.337188771422E-01 -4.642455762653E-01  3.196570587044E-01
     11 F   6 C    -4.642455762653E-01  3.337188771422E-01 -1.803429412956E-01
     12 F   6 C     4.642455762653E-01 -3.337188771422E-01 -1.803429412956E-01
     13 F   6 C    -3.337188771422E-01 -4.642455762653E-01 -3.196570587044E-01
     14 F   6 C     3.337188771422E-01  4.642455762653E-01 -3.196570587044E-01
     15 F   6 C     4.642455762653E-01 -3.337188771422E-01  1.803429412956E-01
     16 F   6 C    -4.642455762653E-01  3.337188771422E-01  1.803429412956E-01
     17 T   6 C     3.090240436270E-02  1.730084844592E-01  1.831013421935E-01
     18 F   6 C    -3.090240436270E-02 -1.730084844592E-01  1.831013421935E-01
     19 F   6 C    -1.730084844592E-01  3.090240436270E-02 -3.168986578065E-01
     20 F   6 C     1.730084844592E-01 -3.090240436270E-02 -3.168986578065E-01
     21 F   6 C    -3.090240436270E-02 -1.730084844592E-01 -1.831013421935E-01
     22 F   6 C     3.090240436270E-02  1.730084844592E-01 -1.831013421935E-01
     23 F   6 C     1.730084844592E-01 -3.090240436270E-02  3.168986578065E-01
     24 F   6 C    -1.730084844592E-01  3.090240436270E-02  3.168986578065E-01

 T = ATOM BELONGING TO THE ASYMMETRIC UNIT

 ****    8 SYMMOPS - TRANSLATORS IN FRACTIONAL UNITS
 **** MATRICES AND TRANSLATORS IN THE CRYSTALLOGRAPHIC REFERENCE FRAME
   V INV                    ROTATION MATRICES                   TRANSLATORS
   1   1  1.00  0.00  0.00  0.00  1.00  0.00  0.00  0.00  1.00  0.00  0.00  0.00
   2   2 -1.00  0.00  0.00  0.00 -1.00  0.00  0.00  0.00  1.00  0.00  0.00  0.00
   3   4  0.00 -1.00  0.00  1.00  0.00  0.00  0.00  0.00  1.00  0.00  0.00  0.50
   4   3  0.00  1.00  0.00 -1.00  0.00  0.00  0.00  0.00  1.00  0.00  0.00  0.50
   5   5 -1.00  0.00  0.00  0.00 -1.00  0.00  0.00  0.00 -1.00  0.00  0.00  0.00
   6   6  1.00  0.00  0.00  0.00  1.00  0.00  0.00  0.00 -1.00  0.00  0.00  0.00
   7   8  0.00  1.00  0.00 -1.00  0.00  0.00  0.00  0.00 -1.00  0.00  0.00  0.50
   8   7  0.00 -1.00  0.00  1.00  0.00  0.00  0.00  0.00 -1.00  0.00  0.00  0.50

 DIRECT LATTICE VECTORS CARTESIAN COMPONENTS (ANGSTROM)
          X                    Y                    Z
   0.591505627000E+01   0.000000000000E+00   0.000000000000E+00
   0.000000000000E+00   0.591505627000E+01   0.000000000000E+00
   0.000000000000E+00   0.000000000000E+00   0.429439175000E+01


 CARTESIAN COORDINATES - PRIMITIVE CELL
 *******************************************************************************
 *      ATOM          X(ANGSTROM)         Y(ANGSTROM)         Z(ANGSTROM)
 *******************************************************************************
    1     6 C     4.936065952067E-01  2.360111386622E+00  1.367514055254E+00
    2     6 C    -4.936065952067E-01 -2.360111386622E+00  1.367514055254E+00
    3     6 C    -2.360111386622E+00  4.936065952067E-01 -7.796818197463E-01
    4     6 C     2.360111386622E+00 -4.936065952067E-01 -7.796818197463E-01
    5     6 C    -4.936065952067E-01 -2.360111386622E+00 -1.367514055254E+00
    6     6 C     4.936065952067E-01  2.360111386622E+00 -1.367514055254E+00
    7     6 C     2.360111386622E+00 -4.936065952067E-01  7.796818197463E-01
    8     6 C    -2.360111386622E+00  4.936065952067E-01  7.796818197463E-01
    9     6 C     1.973965936657E+00  2.746038706708E+00  1.372732635729E+00
   10     6 C    -1.973965936657E+00 -2.746038706708E+00  1.372732635729E+00
   11     6 C    -2.746038706708E+00  1.973965936657E+00 -7.744632392706E-01
   12     6 C     2.746038706708E+00 -1.973965936657E+00 -7.744632392706E-01
   13     6 C    -1.973965936657E+00 -2.746038706708E+00 -1.372732635729E+00
   14     6 C     1.973965936657E+00  2.746038706708E+00 -1.372732635729E+00
   15     6 C     2.746038706708E+00 -1.973965936657E+00  7.744632392706E-01
   16     6 C    -2.746038706708E+00  1.973965936657E+00  7.744632392706E-01
   17     6 C     1.827894606837E-01  1.023354920764E+00  7.863088933297E-01
   18     6 C    -1.827894606837E-01 -1.023354920764E+00  7.863088933297E-01
   19     6 C    -1.023354920764E+00  1.827894606837E-01 -1.360886981670E+00
   20     6 C     1.023354920764E+00 -1.827894606837E-01 -1.360886981670E+00
   21     6 C    -1.827894606837E-01 -1.023354920764E+00 -7.863088933297E-01
   22     6 C     1.827894606837E-01  1.023354920764E+00 -7.863088933297E-01
   23     6 C     1.023354920764E+00 -1.827894606837E-01  1.360886981670E+00
   24     6 C    -1.023354920764E+00  1.827894606837E-01  1.360886981670E+00

 *******************************************************************************
 LOCAL ATOMIC FUNCTIONS BASIS SET
 *******************************************************************************
   ATOM   X(AU)   Y(AU)   Z(AU)  N. TYPE  EXPONENT  S COEF   P COEF   D/F/G COEF
 *******************************************************************************
   1 C    0.933   4.460   2.584
                                  1 S  
                                         1.358E+04 2.225E-04 0.000E+00 0.000E+00
                                         2.035E+03 1.723E-03 0.000E+00 0.000E+00
                                         4.632E+02 8.926E-03 0.000E+00 0.000E+00
                                         1.312E+02 3.573E-02 0.000E+00 0.000E+00
                                         4.285E+01 1.108E-01 0.000E+00 0.000E+00
                                         1.558E+01 2.430E-01 0.000E+00 0.000E+00
                                  2 S  
                                         6.207E+00 4.144E-01 0.000E+00 0.000E+00
                                         2.576E+00 2.374E-01 0.000E+00 0.000E+00
                                  3 S  
                                         4.941E-01 1.000E+00 0.000E+00 0.000E+00
                                  4 S  
                                         1.644E-01 1.000E+00 0.000E+00 0.000E+00
                           5-     7 P  
                                         3.470E+01 0.000E+00 5.333E-03 0.000E+00
                                         7.958E+00 0.000E+00 3.586E-02 0.000E+00
                                         2.378E+00 0.000E+00 1.422E-01 0.000E+00
                                         8.143E-01 0.000E+00 3.427E-01 0.000E+00
                           8-    10 P  
                                         5.662E-01 0.000E+00 1.000E+00 0.000E+00
                          11-    13 P  
                                         2.674E-01 0.000E+00 1.000E+00 0.000E+00
                          14-    18 D  
                                         8.792E-01 0.000E+00 0.000E+00 1.000E+00
   2 C   -0.933  -4.460   2.584
   3 C   -4.460   0.933  -1.473
   4 C    4.460  -0.933  -1.473
   5 C   -0.933  -4.460  -2.584
   6 C    0.933   4.460  -2.584
   7 C    4.460  -0.933   1.473
   8 C   -4.460   0.933   1.473
   9 C    3.730   5.189   2.594
  10 C   -3.730  -5.189   2.594
  11 C   -5.189   3.730  -1.464
  12 C    5.189  -3.730  -1.464
  13 C   -3.730  -5.189  -2.594
  14 C    3.730   5.189  -2.594
  15 C    5.189  -3.730   1.464
  16 C   -5.189   3.730   1.464
  17 C    0.345   1.934   1.486
  18 C   -0.345  -1.934   1.486
  19 C   -1.934   0.345  -2.572
  20 C    1.934  -0.345  -2.572
  21 C   -0.345  -1.934  -1.486
  22 C    0.345   1.934  -1.486
  23 C    1.934  -0.345   2.572
  24 C   -1.934   0.345   2.572
 INFORMATION **** SET_MPP **** PCRYSTAL CALCULATION
 INFORMATION **** READM2 **** NEW DEFAULT: FOCK/KS MATRIX MIXING SET TO 30 %
 INFORMATION **** READM2 **** NEW DEFAULT: FULL DIRECT SCF MODE
 INFORMATION **** READM2 **** NEW DEFAULT: COULOMB BIPOLAR BUFFER SET TO 32 Mb
 INFORMATION **** READM2 **** NEW DEFAULT: EXCHANGE BIPOLAR BUFFER SET TO 32 Mb

 *******************************************************************************
 NEW DEFAULT: DFT INTEGRATION GRID INCREASED TO XLGRID
 NEW DEFAULT: DIIS ACCELERATOR ACTIVE
 USE KEYWORD NODIIS TO TURN IT OFF
 *******************************************************************************

 INFORMATION **** DFTD3_INPUT **** PERFORM LATEST DISPERSION CORRECTION DFT-D3(BJ) WITH AUTOMATIC PARAMETER SETUP
 PLEASE CITE:
 (1) DFT-D3 Reference
  S. Grimme, J. Antony, S. Ehrlich, and H. Krieg, J. Chem. Phys. 132 (2010), 154104
 (2) BJ-Damping Reference
  S. Grimme, S. Ehrlich, and L. Goerigk, J. Comput. Chem. 32 (2011), 1456-1465
 (3) General DFT-D Review
  S. Grimme, A. Hansen, J. G. Brandenburg, and C. Bannwarth,
  Chem. Rev. 116 (2016), 5105-5154

 INFORMATION **** TOLINTEG **** COULOMB AND EXCHANGE SERIES TOLERANCES MODIFIED
 INFORMATION **** TOLDEE **** SCF TOL ON TOTAL ENERGY SET TO           9
 INFORMATION **** READM2 **** FULL DIRECT SCF (MONO AND BIEL INT) SELECTED
 INFORMATION **** MAXCYCLE **** MAX NUMBER OF SCF CYCLES SET TO         800
 INFORMATION **** DIIS **** DIIS FOR SCF ACTIVE
 INFORMATION **** DIIS **** LEVEL SHIFTER DISABLED
 INFORMATION **** PPAN ****  MULLIKEN POPULATION ANALYSIS AT THE END OF SCF
 *******************************************************************************
 N. OF ATOMS PER CELL        24  COULOMB OVERLAP TOL         (T1) 10**   -8
 NUMBER OF SHELLS           192  COULOMB PENETRATION TOL     (T2) 10**   -8
 NUMBER OF AO               432  EXCHANGE OVERLAP TOL        (T3) 10**   -8
 N. OF ELECTRONS PER CELL   144  EXCHANGE PSEUDO OVP (F(G))  (T4) 10**   -9
 CORE ELECTRONS PER CELL     48  EXCHANGE PSEUDO OVP (P(G))  (T5) 10**  -24
 N. OF SYMMETRY OPERATORS     8  POLE ORDER IN MONO ZONE                  4
 *******************************************************************************
 TYPE OF CALCULATION :  UNRESTRICTED OPEN SHELL
 KOHN-SHAM HAMILTONIAN

 (EXCHANGE)[CORRELATION] FUNCTIONAL:(BECKE 88)[LEE-YANG-PARR]

 NON-LOCAL WEIGHTING FACTOR (EXCHANGE) =           0.9000
 NON-LOCAL WEIGHTING FACTOR [CORRELATION] =        0.8100

 HYBRID EXCHANGE - PERCENTAGE OF FOCK EXCHANGE    20.0000

 SPIN POLARIZED DFT SELECTED

 CAPPA:IS1 10;IS2 10;IS3 10; K PTS MONK NET 162; SYMMOPS:K SPACE   8;G SPACE   8

 *******************************************************************************
 MAX NUMBER OF SCF CYCLES     800  CONVERGENCE ON DELTAP        10**-19
 WEIGHT OF F(I) IN F(I+1)      30% CONVERGENCE ON ENERGY        10**- 9
 SHRINK. FACT.(MONKH.)   10 10 10  NUMBER OF K POINTS IN THE IBZ    162
 SHRINKING FACTOR(GILAT NET)   20  NUMBER OF K POINTS(GILAT NET)   1122
 *******************************************************************************
 *** K POINTS COORDINATES (OBLIQUE COORDINATES IN UNITS OF IS = 10)
   1-R(  0  0  0)   2-C(  1  0  0)   3-C(  2  0  0)   4-C(  3  0  0)
   5-C(  4  0  0)   6-R(  5  0  0)   7-C(  1  1  0)   8-C(  2  1  0)
   9-C(  3  1  0)  10-C(  4  1  0)  11-C(  5  1  0)  12-C(  6  1  0)
  13-C(  7  1  0)  14-C(  8  1  0)  15-C(  2  2  0)  16-C(  3  2  0)
  17-C(  4  2  0)  18-C(  5  2  0)  19-C(  6  2  0)  20-C(  7  2  0)
  21-C(  3  3  0)  22-C(  4  3  0)  23-C(  5  3  0)  24-C(  6  3  0)
  25-C(  4  4  0)  26-C(  5  4  0)  27-R(  5  5  0)  28-C(  0  0  1)
  29-C(  1  0  1)  30-C(  2  0  1)  31-C(  3  0  1)  32-C(  4  0  1)
  33-C(  5  0  1)  34-C(  1  1  1)  35-C(  2  1  1)  36-C(  3  1  1)
  37-C(  4  1  1)  38-C(  5  1  1)  39-C(  6  1  1)  40-C(  7  1  1)
  41-C(  8  1  1)  42-C(  2  2  1)  43-C(  3  2  1)  44-C(  4  2  1)
  45-C(  5  2  1)  46-C(  6  2  1)  47-C(  7  2  1)  48-C(  3  3  1)
  49-C(  4  3  1)  50-C(  5  3  1)  51-C(  6  3  1)  52-C(  4  4  1)
  53-C(  5  4  1)  54-C(  5  5  1)  55-C(  0  0  2)  56-C(  1  0  2)
  57-C(  2  0  2)  58-C(  3  0  2)  59-C(  4  0  2)  60-C(  5  0  2)
  61-C(  1  1  2)  62-C(  2  1  2)  63-C(  3  1  2)  64-C(  4  1  2)
  65-C(  5  1  2)  66-C(  6  1  2)  67-C(  7  1  2)  68-C(  8  1  2)
  69-C(  2  2  2)  70-C(  3  2  2)  71-C(  4  2  2)  72-C(  5  2  2)
  73-C(  6  2  2)  74-C(  7  2  2)  75-C(  3  3  2)  76-C(  4  3  2)
  77-C(  5  3  2)  78-C(  6  3  2)  79-C(  4  4  2)  80-C(  5  4  2)
  81-C(  5  5  2)  82-C(  0  0  3)  83-C(  1  0  3)  84-C(  2  0  3)
  85-C(  3  0  3)  86-C(  4  0  3)  87-C(  5  0  3)  88-C(  1  1  3)
  89-C(  2  1  3)  90-C(  3  1  3)  91-C(  4  1  3)  92-C(  5  1  3)
  93-C(  6  1  3)  94-C(  7  1  3)  95-C(  8  1  3)  96-C(  2  2  3)
  97-C(  3  2  3)  98-C(  4  2  3)  99-C(  5  2  3) 100-C(  6  2  3)
 101-C(  7  2  3) 102-C(  3  3  3) 103-C(  4  3  3) 104-C(  5  3  3)
 105-C(  6  3  3) 106-C(  4  4  3) 107-C(  5  4  3) 108-C(  5  5  3)
 109-C(  0  0  4) 110-C(  1  0  4) 111-C(  2  0  4) 112-C(  3  0  4)
 113-C(  4  0  4) 114-C(  5  0  4) 115-C(  1  1  4) 116-C(  2  1  4)
 117-C(  3  1  4) 118-C(  4  1  4) 119-C(  5  1  4) 120-C(  6  1  4)
 121-C(  7  1  4) 122-C(  8  1  4) 123-C(  2  2  4) 124-C(  3  2  4)
 125-C(  4  2  4) 126-C(  5  2  4) 127-C(  6  2  4) 128-C(  7  2  4)
 129-C(  3  3  4) 130-C(  4  3  4) 131-C(  5  3  4) 132-C(  6  3  4)
 133-C(  4  4  4) 134-C(  5  4  4) 135-C(  5  5  4) 136-R(  0  0  5)
 137-C(  1  0  5) 138-C(  2  0  5) 139-C(  3  0  5) 140-C(  4  0  5)
 141-R(  5  0  5) 142-C(  1  1  5) 143-C(  2  1  5) 144-C(  3  1  5)
 145-C(  4  1  5) 146-C(  5  1  5) 147-C(  6  1  5) 148-C(  7  1  5)
 149-C(  8  1  5) 150-C(  2  2  5) 151-C(  3  2  5) 152-C(  4  2  5)
 153-C(  5  2  5) 154-C(  6  2  5) 155-C(  7  2  5) 156-C(  3  3  5)
 157-C(  4  3  5) 158-C(  5  3  5) 159-C(  6  3  5) 160-C(  4  4  5)
 161-C(  5  4  5) 162-R(  5  5  5)

 DIRECT LATTICE VECTORS COMPON. (A.U.)     RECIP. LATTICE VECTORS COMPON. (A.U.) 
        X            Y            Z              X            Y            Z
   11.1778364    0.0000000    0.0000000      0.5621110    0.0000000    0.0000000
    0.0000000   11.1778364    0.0000000      0.0000000    0.5621110    0.0000000
    0.0000000    0.0000000    8.1152243      0.0000000    0.0000000    0.7742467

 DISK SPACE FOR EIGENVECTORS (FTN 10)    59346432 REALS

 SYMMETRY ADAPTION OF THE BLOCH FUNCTIONS ENABLED
 TTTTTTTTTTTTTTTTTTTTTTTTTTTTTT gordsh1     TELAPSE        1.76 TCPU        0.62

 MATRIX SIZE: P(G) 2608064, F(G)  296424, P(G) IRR  167214, F(G) IRR   37954
 MAX G-VECTOR INDEX FOR 1- AND 2-ELECTRON INTEGRALS 241

 TTTTTTTTTTTTTTTTTTTTTTTTTTTTTT INPUT       TELAPSE        1.77 TCPU        0.62

 NEIGHBORS OF THE NON-EQUIVALENT ATOMS

 N = NUMBER OF NEIGHBORS AT DISTANCE R
    ATOM  N     R/ANG      R/AU   NEIGHBORS (ATOM LABELS AND CELL INDICES)
   1 C    1     1.4904     2.8165   17 C    0 0 0
   1 C    1     1.5298     2.8910    9 C    0 0 0
   1 C    1     1.5499     2.9289    2 C    0 1 0
   1 C    1     1.5594     2.9468    6 C    0 0 1
   1 C    1     2.1808     4.1211   14 C    0 0 1
   1 C    1     2.1986     4.1547    5 C    0 1 1

   9 C    1     1.5298     2.8910    1 C    0 0 0
   9 C    2     1.5434     2.9167   15 C    0 1 0   16 C    1 0 0
   9 C    1     1.5489     2.9270   14 C    0 0 1
   9 C    1     2.0121     3.8023   10 C    1 1 0
   9 C    1     2.1808     4.1211    6 C    0 0 1
   9 C    1     2.5392     4.7984   13 C    1 1 1

  17 C    1     1.4904     2.8165    1 C    0 0 0
  17 C    1     1.5726     2.9718   22 C    0 0 0
  17 C    2     1.5784     2.9828   23 C    0 0 0   24 C    0 0 0
  17 C    1     2.0791     3.9289   18 C    0 0 0
  17 C    1     2.5427     4.8051    6 C    0 0 1
  17 C    1     2.5534     4.8252    9 C    0 0 0


 SYMMETRY ALLOWED INTERNAL DEGREE(S) OF FREEDOM:   9
 TTTTTTTTTTTTTTTTTTTTTTTTTTTTTT SYMM        TELAPSE        1.83 TCPU        0.66
 TTTTTTTTTTTTTTTTTTTTTTTTTTTTTT INT_SCREEN  TELAPSE        1.83 TCPU        0.67

 DFT PARAMETERS

     ATOM       ELECTRONS   NET CHARGE   R(ANGSTROM)
   1   6  C       6.0000      0.0000     0.77000000

 SIZE OF GRID=      80101
 TTTTTTTTTTTTTTTTTTTTTTTTTTTTTT MAKE_GRID2  TELAPSE        2.24 TCPU        1.08
 BECKE WEIGHT FUNCTION
 RADSAFE =     2.00
 TOLERANCES - DENSITY:10**- 6; POTENTIAL:10**- 9; GRID WGT:10**-14

 RADIAL INTEGRATION  - INTERVALS (POINTS,UPPER LIMIT):            1( 75,  4.0*R)

 ANGULAR INTEGRATION - INTERVALS (ACCURACY LEVEL [N. POINTS] UPPER LIMIT):
  1(  4[  86]   0.2)  2(  8[ 194]   0.5)  3( 12[ 350]   0.9)  4( 16[ 974]   3.5)
  5( 12[ 350]9999.0)
 TTTTTTTTTTTTTTTTTTTTTTTTTTTTTT INT_CALC    TELAPSE        2.26 TCPU        1.10
 EEEEEEEEEE INT_CALC TERMINATION  DATE 30 01 2026 TIME 22:42:06.9

 *******************************************************************************
 ./4^3T6552-HZ_rev1_sp_B3LYP-D3-D3_optimized                                     
 CRYSTAL - SCF - TYPE OF CALCULATION :  UNRESTRICTED OPEN SHELL
 *******************************************************************************

 CAPPA:IS1 10;IS2 10;IS3 10; K PTS MONK NET 162; SYMMOPS:K SPACE   8;G SPACE   8

 TTTTTTTTTTTTTTTTTTTTTTTTTTTTTT SDIK        TELAPSE        2.92 TCPU        1.75

 AAAAAAAAAAAAAAAAAAAAAAAAAAAAAAAAAAAAAAAAAAAAAAAAAAAAAAAAAAAAAAAAAAAAAAAAAAAAAAA
         ATOMIC WAVEFUNCTION(S)


 NUCLEAR CHARGE  6.0  SYMMETRY SPECIES            S    P
 N. ELECTRONS    6.0  NUMBER OF PRIMITIVE GTOS   10    6
                      NUMBER OF CONTRACTED GTOS   4    3
                      NUMBER OF CLOSED SHELLS     2    0
                      OPEN SHELL OCCUPATION       0    2

  ZNUC  SCFIT    TOTAL HF ENERGY   KINETIC ENERGY   VIRIAL THEOREM ACCURACY
   6.0    10    -3.766702350E+01  3.783137943E+01 -1.995655566E+00  1.6E-06

 AAAAAAAAAAAAAAAAAAAAAAAAAAAAAAAAAAAAAAAAAAAAAAAAAAAAAAAAAAAAAAAAAAAAAAAAAAAAAAA

 CHARGE NORMALIZATION FACTOR   1.00000000
 TOTAL ATOMIC CHARGES:
   6.0000000   6.0000000   6.0000000   6.0000000   6.0000000   6.0000000
   6.0000000   6.0000000   6.0000000   6.0000000   6.0000000   6.0000000
   6.0000000   6.0000000   6.0000000   6.0000000   6.0000000   6.0000000
   6.0000000   6.0000000   6.0000000   6.0000000   6.0000000   6.0000000
 SUMMED SPIN DENSITY           0.00000000
 TOTAL ATOMIC SPINS  :
   0.0000000   0.0000000   0.0000000   0.0000000   0.0000000   0.0000000
   0.0000000   0.0000000   0.0000000   0.0000000   0.0000000   0.0000000
   0.0000000   0.0000000   0.0000000   0.0000000   0.0000000   0.0000000
   0.0000000   0.0000000   0.0000000   0.0000000   0.0000000   0.0000000
 TTTTTTTTTTTTTTTTTTTTTTTTTTTTTT MOQGAD      TELAPSE        2.93 TCPU        1.76
 TTTTTTTTTTTTTTTTTTTTTTTTTTTTTT SHELLXN     TELAPSE       53.73 TCPU       52.56
 TTTTTTTTTTTTTTTTTTTTTTTTTTTTTT MONMO3      TELAPSE       53.79 TCPU       52.62
 NUMERICALLY INTEGRATED DENSITY     71.9999635883     71.9999635883
 TTTTTTTTTTTTTTTTTTTTTTTTTTTTTT NUMDFT      TELAPSE       54.56 TCPU       53.39
 CYC   0 ETOT(AU) -9.219947773326E+02 DETOT -9.22E+02 tst  0.00E+00 PX  1.00E+00
 TTTTTTTTTTTTTTTTTTTTTTTTTTTTTT DIIS        TELAPSE       54.80 TCPU       53.63
 TTTTTTTTTTTTTTTTTTTTTTTTTTTTTT FDIK        TELAPSE       64.33 TCPU       63.15

    ALPHA      ELECTRONS
 INSULATING STATE
 TOP OF VALENCE BANDS -    BAND     72; K    5; EIG -2.1710076E-01 AU
 TOP OF VALENCE BANDS -    BAND     72; K    1; EIG -2.2833794E-01 AU
 BOTTOM OF VIRTUAL BANDS - BAND     73; K   27; EIG -5.9027162E-02 AU
 INDIRECT ENERGY BAND GAP:   4.3014 eV
 BOTTOM OF VIRTUAL BANDS - BAND     73; K    1; EIG -2.5563307E-02 AU

    BETA       ELECTRONS
 INSULATING STATE
 TOP OF VALENCE BANDS -    BAND     72; K    5; EIG -2.1710076E-01 AU
 TOP OF VALENCE BANDS -    BAND     72; K    1; EIG -2.2833794E-01 AU
 BOTTOM OF VIRTUAL BANDS - BAND     73; K   27; EIG -5.9027162E-02 AU
 INDIRECT ENERGY BAND GAP:   4.3014 eV
 BOTTOM OF VIRTUAL BANDS - BAND     73; K    1; EIG -2.5563307E-02 AU
 TTTTTTTTTTTTTTTTTTTTTTTTTTTTTT PDIG        TELAPSE       64.86 TCPU       63.68
 CHARGE NORMALIZATION FACTOR   1.00000000
 TOTAL ATOMIC CHARGES:
   6.0194100   6.0194100   6.0194100   6.0194100   6.0194100   6.0194100
   6.0194100   6.0194100   5.9909090   5.9909090   5.9909090   5.9909090
   5.9909090   5.9909090   5.9909090   5.9909090   5.9896810   5.9896810
   5.9896810   5.9896810   5.9896810   5.9896810   5.9896810   5.9896810
 SUMMED SPIN DENSITY          -0.00000000
 TOTAL ATOMIC SPINS  :
   0.0000000   0.0000000   0.0000000   0.0000000   0.0000000   0.0000000
   0.0000000   0.0000000  -0.0000000  -0.0000000  -0.0000000  -0.0000000
  -0.0000000  -0.0000000  -0.0000000  -0.0000000  -0.0000000  -0.0000000
  -0.0000000  -0.0000000  -0.0000000  -0.0000000  -0.0000000  -0.0000000
 TTTTTTTTTTTTTTTTTTTTTTTTTTTTTT MOQGAD      TELAPSE       64.87 TCPU       63.69
 TTTTTTTTTTTTTTTTTTTTTTTTTTTTTT SHELLXN     TELAPSE      118.06 TCPU      116.86
 TTTTTTTTTTTTTTTTTTTTTTTTTTTTTT MONMO3      TELAPSE      118.12 TCPU      116.92
 NUMERICALLY INTEGRATED DENSITY     71.9999753837     71.9999753837
 TTTTTTTTTTTTTTTTTTTTTTTTTTTTTT NUMDFT      TELAPSE      118.86 TCPU      117.66
 CYC   1 ETOT(AU) -9.138151166445E+02 DETOT  8.18E+00 tst  0.00E+00 PX  1.00E+00
 TTTTTTTTTTTTTTTTTTTTTTTTTTTTTT DIIS        TELAPSE      119.06 TCPU      117.86
 DIIS TEST: 0.25098E+00 AT SCF   CYCLE   1 - MIX   30 %
 TTTTTTTTTTTTTTTTTTTTTTTTTTTTTT FDIK        TELAPSE      122.88 TCPU      121.68

    ALPHA      ELECTRONS
 INSULATING STATE
 TOP OF VALENCE BANDS -    BAND     72; K    5; EIG -1.4641214E-01 AU
 TOP OF VALENCE BANDS -    BAND     72; K    1; EIG -1.5523079E-01 AU
 BOTTOM OF VIRTUAL BANDS - BAND     73; K   27; EIG  3.8252648E-02 AU
 INDIRECT ENERGY BAND GAP:   5.0250 eV
 BOTTOM OF VIRTUAL BANDS - BAND     73; K    1; EIG  6.2172077E-02 AU

    BETA       ELECTRONS
 INSULATING STATE
 TOP OF VALENCE BANDS -    BAND     72; K    5; EIG -1.4641214E-01 AU
 TOP OF VALENCE BANDS -    BAND     72; K    1; EIG -1.5523079E-01 AU
 BOTTOM OF VIRTUAL BANDS - BAND     73; K   27; EIG  3.8252648E-02 AU
 INDIRECT ENERGY BAND GAP:   5.0250 eV
 BOTTOM OF VIRTUAL BANDS - BAND     73; K    1; EIG  6.2172077E-02 AU
 TTTTTTTTTTTTTTTTTTTTTTTTTTTTTT PDIG        TELAPSE      123.38 TCPU      122.18
 CHARGE NORMALIZATION FACTOR   1.00000000
 TOTAL ATOMIC CHARGES:
   5.9924851   5.9924851   5.9924851   5.9924851   5.9924851   5.9924851
   5.9924851   5.9924851   5.9893688   5.9893688   5.9893688   5.9893688
   5.9893688   5.9893688   5.9893688   5.9893688   6.0181461   6.0181461
   6.0181461   6.0181461   6.0181461   6.0181461   6.0181461   6.0181461
 SUMMED SPIN DENSITY          -0.00000000
 TOTAL ATOMIC SPINS  :
   0.0000000   0.0000000   0.0000000   0.0000000   0.0000000   0.0000000
   0.0000000   0.0000000  -0.0000000  -0.0000000  -0.0000000  -0.0000000
  -0.0000000  -0.0000000  -0.0000000  -0.0000000  -0.0000000  -0.0000000
  -0.0000000  -0.0000000  -0.0000000  -0.0000000  -0.0000000  -0.0000000
 TTTTTTTTTTTTTTTTTTTTTTTTTTTTTT MOQGAD      TELAPSE      123.39 TCPU      122.19
 TTTTTTTTTTTTTTTTTTTTTTTTTTTTTT SHELLXN     TELAPSE      176.47 TCPU      175.25
 TTTTTTTTTTTTTTTTTTTTTTTTTTTTTT MONMO3      TELAPSE      176.53 TCPU      175.31
 NUMERICALLY INTEGRATED DENSITY     71.9999721851     71.9999721851
 TTTTTTTTTTTTTTTTTTTTTTTTTTTTTT NUMDFT      TELAPSE      177.25 TCPU      176.03
 CYC   2 ETOT(AU) -9.138539064210E+02 DETOT -3.88E-02 tst  1.64E-04 PX  6.97E-02
 TTTTTTTTTTTTTTTTTTTTTTTTTTTTTT DIIS        TELAPSE      177.42 TCPU      176.21
 DIIS TEST: 0.37415E-01 AT SCF   CYCLE   2 - DIIS ACTIVE - HISTORY:     2 CYCLES
 TTTTTTTTTTTTTTTTTTTTTTTTTTTTTT FDIK        TELAPSE      180.99 TCPU      179.77

    ALPHA      ELECTRONS
 INSULATING STATE
 TOP OF VALENCE BANDS -    BAND     72; K    5; EIG -1.2538502E-01 AU
 TOP OF VALENCE BANDS -    BAND     72; K    1; EIG -1.3742602E-01 AU
 BOTTOM OF VIRTUAL BANDS - BAND     73; K   27; EIG  6.6887321E-02 AU
 INDIRECT ENERGY BAND GAP:   5.2320 eV
 BOTTOM OF VIRTUAL BANDS - BAND     73; K    1; EIG  9.3595595E-02 AU

    BETA       ELECTRONS
 INSULATING STATE
 TOP OF VALENCE BANDS -    BAND     72; K    5; EIG -1.2538502E-01 AU
 TOP OF VALENCE BANDS -    BAND     72; K    1; EIG -1.3742602E-01 AU
 BOTTOM OF VIRTUAL BANDS - BAND     73; K   27; EIG  6.6887321E-02 AU
 INDIRECT ENERGY BAND GAP:   5.2320 eV
 BOTTOM OF VIRTUAL BANDS - BAND     73; K    1; EIG  9.3595595E-02 AU
 TTTTTTTTTTTTTTTTTTTTTTTTTTTTTT PDIG        TELAPSE      181.49 TCPU      180.27
 CHARGE NORMALIZATION FACTOR   1.00000000
 TOTAL ATOMIC CHARGES:
   6.0178696   6.0178696   6.0178696   6.0178696   6.0178696   6.0178696
   6.0178696   6.0178696   5.9941865   5.9941865   5.9941865   5.9941865
   5.9941865   5.9941865   5.9941865   5.9941865   5.9879439   5.9879439
   5.9879439   5.9879439   5.9879439   5.9879439   5.9879439   5.9879439
 SUMMED SPIN DENSITY          -0.00000000
 TOTAL ATOMIC SPINS  :
   0.0000000   0.0000000   0.0000000   0.0000000   0.0000000   0.0000000
   0.0000000   0.0000000  -0.0000000  -0.0000000  -0.0000000  -0.0000000
  -0.0000000  -0.0000000  -0.0000000  -0.0000000  -0.0000000  -0.0000000
  -0.0000000  -0.0000000  -0.0000000  -0.0000000  -0.0000000  -0.0000000
 TTTTTTTTTTTTTTTTTTTTTTTTTTTTTT MOQGAD      TELAPSE      181.50 TCPU      180.28
 TTTTTTTTTTTTTTTTTTTTTTTTTTTTTT SHELLXN     TELAPSE      234.53 TCPU      233.29
 TTTTTTTTTTTTTTTTTTTTTTTTTTTTTT MONMO3      TELAPSE      234.59 TCPU      233.35
 NUMERICALLY INTEGRATED DENSITY     71.9999712543     71.9999712543
 TTTTTTTTTTTTTTTTTTTTTTTTTTTTTT NUMDFT      TELAPSE      235.31 TCPU      234.08
 CYC   3 ETOT(AU) -9.138554714136E+02 DETOT -1.56E-03 tst  6.13E-05 PX  2.43E-02
 TTTTTTTTTTTTTTTTTTTTTTTTTTTTTT DIIS        TELAPSE      235.49 TCPU      234.26
 DIIS TEST: 0.30423E-01 AT SCF   CYCLE   3 - DIIS ACTIVE - HISTORY:     3 CYCLES
 TTTTTTTTTTTTTTTTTTTTTTTTTTTTTT FDIK        TELAPSE      238.96 TCPU      237.72

    ALPHA      ELECTRONS
 INSULATING STATE
 TOP OF VALENCE BANDS -    BAND     72; K    5; EIG -1.2772010E-01 AU
 TOP OF VALENCE BANDS -    BAND     72; K    1; EIG -1.3759485E-01 AU
 BOTTOM OF VIRTUAL BANDS - BAND     73; K   27; EIG  6.9245746E-02 AU
 INDIRECT ENERGY BAND GAP:   5.3597 eV
 BOTTOM OF VIRTUAL BANDS - BAND     73; K    1; EIG  9.3896377E-02 AU

    BETA       ELECTRONS
 INSULATING STATE
 TOP OF VALENCE BANDS -    BAND     72; K    5; EIG -1.2772010E-01 AU
 TOP OF VALENCE BANDS -    BAND     72; K    1; EIG -1.3759485E-01 AU
 BOTTOM OF VIRTUAL BANDS - BAND     73; K   27; EIG  6.9245746E-02 AU
 INDIRECT ENERGY BAND GAP:   5.3597 eV
 BOTTOM OF VIRTUAL BANDS - BAND     73; K    1; EIG  9.3896377E-02 AU
 TTTTTTTTTTTTTTTTTTTTTTTTTTTTTT PDIG        TELAPSE      239.46 TCPU      238.22
 CHARGE NORMALIZATION FACTOR   1.00000000
 TOTAL ATOMIC CHARGES:
   6.0013884   6.0013884   6.0013884   6.0013884   6.0013884   6.0013884
   6.0013884   6.0013884   5.9900907   5.9900907   5.9900907   5.9900907
   5.9900907   5.9900907   5.9900907   5.9900907   6.0085209   6.0085209
   6.0085209   6.0085209   6.0085209   6.0085209   6.0085209   6.0085209
 SUMMED SPIN DENSITY          -0.00000000
 TOTAL ATOMIC SPINS  :
   0.0000000   0.0000000   0.0000000   0.0000000   0.0000000   0.0000000
   0.0000000   0.0000000  -0.0000000  -0.0000000  -0.0000000  -0.0000000
  -0.0000000  -0.0000000  -0.0000000  -0.0000000  -0.0000000  -0.0000000
  -0.0000000  -0.0000000  -0.0000000  -0.0000000  -0.0000000  -0.0000000
 TTTTTTTTTTTTTTTTTTTTTTTTTTTTTT MOQGAD      TELAPSE      239.47 TCPU      238.23
 TTTTTTTTTTTTTTTTTTTTTTTTTTTTTT SHELLXN     TELAPSE      292.48 TCPU      291.23
 TTTTTTTTTTTTTTTTTTTTTTTTTTTTTT MONMO3      TELAPSE      292.54 TCPU      291.29
 NUMERICALLY INTEGRATED DENSITY     71.9999717558     71.9999717558
 TTTTTTTTTTTTTTTTTTTTTTTTTTTTTT NUMDFT      TELAPSE      293.26 TCPU      292.01
 CYC   4 ETOT(AU) -9.138570923672E+02 DETOT -1.62E-03 tst  1.68E-05 PX  6.94E-03
 TTTTTTTTTTTTTTTTTTTTTTTTTTTTTT DIIS        TELAPSE      293.45 TCPU      292.19
 DIIS TEST: 0.30514E-02 AT SCF   CYCLE   4 - DIIS ACTIVE - HISTORY:     4 CYCLES
 TTTTTTTTTTTTTTTTTTTTTTTTTTTTTT FDIK        TELAPSE      297.21 TCPU      295.95

    ALPHA      ELECTRONS
 INSULATING STATE
 TOP OF VALENCE BANDS -    BAND     72; K    5; EIG -1.2734681E-01 AU
 TOP OF VALENCE BANDS -    BAND     72; K    1; EIG -1.3749708E-01 AU
 BOTTOM OF VIRTUAL BANDS - BAND     73; K   27; EIG  6.9292962E-02 AU
 INDIRECT ENERGY BAND GAP:   5.3508 eV
 BOTTOM OF VIRTUAL BANDS - BAND     73; K    1; EIG  9.4126576E-02 AU

    BETA       ELECTRONS
 INSULATING STATE
 TOP OF VALENCE BANDS -    BAND     72; K    5; EIG -1.2734681E-01 AU
 TOP OF VALENCE BANDS -    BAND     72; K    1; EIG -1.3749708E-01 AU
 BOTTOM OF VIRTUAL BANDS - BAND     73; K   27; EIG  6.9292962E-02 AU
 INDIRECT ENERGY BAND GAP:   5.3508 eV
 BOTTOM OF VIRTUAL BANDS - BAND     73; K    1; EIG  9.4126576E-02 AU
 TTTTTTTTTTTTTTTTTTTTTTTTTTTTTT PDIG        TELAPSE      297.71 TCPU      296.45
 CHARGE NORMALIZATION FACTOR   1.00000000
 TOTAL ATOMIC CHARGES:
   6.0048185   6.0048185   6.0048185   6.0048185   6.0048185   6.0048185
   6.0048185   6.0048185   5.9906862   5.9906862   5.9906862   5.9906862
   5.9906862   5.9906862   5.9906862   5.9906862   6.0044953   6.0044953
   6.0044953   6.0044953   6.0044953   6.0044953   6.0044953   6.0044953
 SUMMED SPIN DENSITY          -0.00000000
 TOTAL ATOMIC SPINS  :
   0.0000000   0.0000000   0.0000000   0.0000000   0.0000000   0.0000000
   0.0000000   0.0000000  -0.0000000  -0.0000000  -0.0000000  -0.0000000
  -0.0000000  -0.0000000  -0.0000000  -0.0000000  -0.0000000  -0.0000000
  -0.0000000  -0.0000000  -0.0000000  -0.0000000  -0.0000000  -0.0000000
 TTTTTTTTTTTTTTTTTTTTTTTTTTTTTT MOQGAD      TELAPSE      297.72 TCPU      296.46
 TTTTTTTTTTTTTTTTTTTTTTTTTTTTTT SHELLXN     TELAPSE      350.70 TCPU      349.43
 TTTTTTTTTTTTTTTTTTTTTTTTTTTTTT MONMO3      TELAPSE      350.76 TCPU      349.49
 NUMERICALLY INTEGRATED DENSITY     71.9999715880     71.9999715880
 TTTTTTTTTTTTTTTTTTTTTTTTTTTTTT NUMDFT      TELAPSE      351.48 TCPU      350.21
 CYC   5 ETOT(AU) -9.138572647867E+02 DETOT -1.72E-04 tst  1.02E-06 PX  3.09E-03
 TTTTTTTTTTTTTTTTTTTTTTTTTTTTTT DIIS        TELAPSE      351.64 TCPU      350.37
 DIIS TEST: 0.69738E-04 AT SCF   CYCLE   5 - DIIS ACTIVE - HISTORY:     5 CYCLES
 TTTTTTTTTTTTTTTTTTTTTTTTTTTTTT FDIK        TELAPSE      355.39 TCPU      354.12

    ALPHA      ELECTRONS
 INSULATING STATE
 TOP OF VALENCE BANDS -    BAND     72; K    5; EIG -1.2740380E-01 AU
 TOP OF VALENCE BANDS -    BAND     72; K    1; EIG -1.3757952E-01 AU
 BOTTOM OF VIRTUAL BANDS - BAND     73; K   27; EIG  6.9171909E-02 AU
 INDIRECT ENERGY BAND GAP:   5.3491 eV
 BOTTOM OF VIRTUAL BANDS - BAND     73; K    1; EIG  9.4014608E-02 AU

    BETA       ELECTRONS
 INSULATING STATE
 TOP OF VALENCE BANDS -    BAND     72; K    5; EIG -1.2740380E-01 AU
 TOP OF VALENCE BANDS -    BAND     72; K    1; EIG -1.3757952E-01 AU
 BOTTOM OF VIRTUAL BANDS - BAND     73; K   27; EIG  6.9171909E-02 AU
 INDIRECT ENERGY BAND GAP:   5.3491 eV
 BOTTOM OF VIRTUAL BANDS - BAND     73; K    1; EIG  9.4014608E-02 AU
 TTTTTTTTTTTTTTTTTTTTTTTTTTTTTT PDIG        TELAPSE      355.89 TCPU      354.61
 CHARGE NORMALIZATION FACTOR   1.00000000
 TOTAL ATOMIC CHARGES:
   6.0045691   6.0045691   6.0045691   6.0045691   6.0045691   6.0045691
   6.0045691   6.0045691   5.9908813   5.9908813   5.9908813   5.9908813
   5.9908813   5.9908813   5.9908813   5.9908813   6.0045496   6.0045496
   6.0045496   6.0045496   6.0045496   6.0045496   6.0045496   6.0045496
 SUMMED SPIN DENSITY          -0.00000000
 TOTAL ATOMIC SPINS  :
   0.0000000   0.0000000   0.0000000   0.0000000   0.0000000   0.0000000
   0.0000000   0.0000000  -0.0000000  -0.0000000  -0.0000000  -0.0000000
  -0.0000000  -0.0000000  -0.0000000  -0.0000000  -0.0000000  -0.0000000
  -0.0000000  -0.0000000  -0.0000000  -0.0000000  -0.0000000  -0.0000000
 TTTTTTTTTTTTTTTTTTTTTTTTTTTTTT MOQGAD      TELAPSE      355.90 TCPU      354.62
 TTTTTTTTTTTTTTTTTTTTTTTTTTTTTT SHELLXN     TELAPSE      408.02 TCPU      406.74
 TTTTTTTTTTTTTTTTTTTTTTTTTTTTTT MONMO3      TELAPSE      408.08 TCPU      406.80
 NUMERICALLY INTEGRATED DENSITY     71.9999715847     71.9999715847
 TTTTTTTTTTTTTTTTTTTTTTTTTTTTTT NUMDFT      TELAPSE      408.77 TCPU      407.49
 CYC   6 ETOT(AU) -9.138572683101E+02 DETOT -3.52E-06 tst  3.16E-08 PX  6.43E-04
 TTTTTTTTTTTTTTTTTTTTTTTTTTTTTT DIIS        TELAPSE      408.93 TCPU      407.65
 DIIS TEST: 0.70365E-06 AT SCF   CYCLE   6 - DIIS ACTIVE - HISTORY:     6 CYCLES
 TTTTTTTTTTTTTTTTTTTTTTTTTTTTTT FDIK        TELAPSE      412.35 TCPU      411.06

    ALPHA      ELECTRONS
 INSULATING STATE
 TOP OF VALENCE BANDS -    BAND     72; K    5; EIG -1.2743885E-01 AU
 TOP OF VALENCE BANDS -    BAND     72; K    1; EIG -1.3762120E-01 AU
 BOTTOM OF VIRTUAL BANDS - BAND     73; K   27; EIG  6.9143266E-02 AU
 INDIRECT ENERGY BAND GAP:   5.3493 eV
 BOTTOM OF VIRTUAL BANDS - BAND     73; K    1; EIG  9.3980349E-02 AU

    BETA       ELECTRONS
 INSULATING STATE
 TOP OF VALENCE BANDS -    BAND     72; K    5; EIG -1.2743885E-01 AU
 TOP OF VALENCE BANDS -    BAND     72; K    1; EIG -1.3762120E-01 AU
 BOTTOM OF VIRTUAL BANDS - BAND     73; K   27; EIG  6.9143266E-02 AU
 INDIRECT ENERGY BAND GAP:   5.3493 eV
 BOTTOM OF VIRTUAL BANDS - BAND     73; K    1; EIG  9.3980349E-02 AU
 TTTTTTTTTTTTTTTTTTTTTTTTTTTTTT PDIG        TELAPSE      412.82 TCPU      411.53
 CHARGE NORMALIZATION FACTOR   1.00000000
 TOTAL ATOMIC CHARGES:
   6.0045618   6.0045618   6.0045618   6.0045618   6.0045618   6.0045618
   6.0045618   6.0045618   5.9908748   5.9908748   5.9908748   5.9908748
   5.9908748   5.9908748   5.9908748   5.9908748   6.0045635   6.0045635
   6.0045635   6.0045635   6.0045635   6.0045635   6.0045635   6.0045635
 SUMMED SPIN DENSITY          -0.00000000
 TOTAL ATOMIC SPINS  :
   0.0000000   0.0000000   0.0000000   0.0000000   0.0000000   0.0000000
   0.0000000   0.0000000   0.0000000   0.0000000   0.0000000   0.0000000
   0.0000000   0.0000000   0.0000000   0.0000000  -0.0000000  -0.0000000
  -0.0000000  -0.0000000  -0.0000000  -0.0000000  -0.0000000  -0.0000000
 TTTTTTTTTTTTTTTTTTTTTTTTTTTTTT MOQGAD      TELAPSE      412.83 TCPU      411.54
 TTTTTTTTTTTTTTTTTTTTTTTTTTTTTT SHELLXN     TELAPSE      462.85 TCPU      461.55
 TTTTTTTTTTTTTTTTTTTTTTTTTTTTTT MONMO3      TELAPSE      462.90 TCPU      461.61
 NUMERICALLY INTEGRATED DENSITY     71.9999715832     71.9999715832
 TTTTTTTTTTTTTTTTTTTTTTTTTTTTTT NUMDFT      TELAPSE      463.58 TCPU      462.28
 CYC   7 ETOT(AU) -9.138572683134E+02 DETOT -3.36E-09 tst  2.19E-10 PX  4.67E-05
 TTTTTTTTTTTTTTTTTTTTTTTTTTTTTT DIIS        TELAPSE      463.74 TCPU      462.44
 DIIS TEST: 0.79203E-07 AT SCF   CYCLE   7 - DIIS ACTIVE - HISTORY:     7 CYCLES
 TTTTTTTTTTTTTTTTTTTTTTTTTTTTTT FDIK        TELAPSE      467.00 TCPU      465.70

    ALPHA      ELECTRONS
 INSULATING STATE
 TOP OF VALENCE BANDS -    BAND     72; K    5; EIG -1.2744700E-01 AU
 TOP OF VALENCE BANDS -    BAND     72; K    1; EIG -1.3762358E-01 AU
 BOTTOM OF VIRTUAL BANDS - BAND     73; K   27; EIG  6.9138936E-02 AU
 INDIRECT ENERGY BAND GAP:   5.3494 eV
 BOTTOM OF VIRTUAL BANDS - BAND     73; K    1; EIG  9.3975675E-02 AU

    BETA       ELECTRONS
 INSULATING STATE
 TOP OF VALENCE BANDS -    BAND     72; K    5; EIG -1.2744700E-01 AU
 TOP OF VALENCE BANDS -    BAND     72; K    1; EIG -1.3762358E-01 AU
 BOTTOM OF VIRTUAL BANDS - BAND     73; K   27; EIG  6.9138936E-02 AU
 INDIRECT ENERGY BAND GAP:   5.3494 eV
 BOTTOM OF VIRTUAL BANDS - BAND     73; K    1; EIG  9.3975675E-02 AU
 TTTTTTTTTTTTTTTTTTTTTTTTTTTTTT PDIG        TELAPSE      467.47 TCPU      466.16
 CHARGE NORMALIZATION FACTOR   1.00000000
 TOTAL ATOMIC CHARGES:
   6.0045941   6.0045941   6.0045941   6.0045941   6.0045941   6.0045941
   6.0045941   6.0045941   5.9908439   5.9908439   5.9908439   5.9908439
   5.9908439   5.9908439   5.9908439   5.9908439   6.0045620   6.0045620
   6.0045620   6.0045620   6.0045620   6.0045620   6.0045620   6.0045620
 SUMMED SPIN DENSITY          -0.00000000
 TOTAL ATOMIC SPINS  :
   0.0000000   0.0000000   0.0000000   0.0000000   0.0000000   0.0000000
   0.0000000   0.0000000   0.0000000   0.0000000   0.0000000   0.0000000
   0.0000000   0.0000000   0.0000000   0.0000000  -0.0000000  -0.0000000
  -0.0000000  -0.0000000  -0.0000000  -0.0000000  -0.0000000  -0.0000000
 TTTTTTTTTTTTTTTTTTTTTTTTTTTTTT MOQGAD      TELAPSE      467.48 TCPU      466.17
 TTTTTTTTTTTTTTTTTTTTTTTTTTTTTT SHELLXN     TELAPSE      517.49 TCPU      516.18
 TTTTTTTTTTTTTTTTTTTTTTTTTTTTTT MONMO3      TELAPSE      517.55 TCPU      516.23
 NUMERICALLY INTEGRATED DENSITY     71.9999715834     71.9999715834
 TTTTTTTTTTTTTTTTTTTTTTTTTTTTTT NUMDFT      TELAPSE      518.23 TCPU      516.91
 CYC   8 ETOT(AU) -9.138572683281E+02 DETOT -1.46E-08 tst  5.66E-11 PX  2.33E-05
 TTTTTTTTTTTTTTTTTTTTTTTTTTTTTT DIIS        TELAPSE      518.38 TCPU      517.07
 DIIS TEST: 0.30154E-07 AT SCF   CYCLE   8 - DIIS ACTIVE - HISTORY:     8 CYCLES
 TTTTTTTTTTTTTTTTTTTTTTTTTTTTTT FDIK        TELAPSE      521.48 TCPU      520.16

    ALPHA      ELECTRONS
 INSULATING STATE
 TOP OF VALENCE BANDS -    BAND     72; K    5; EIG -1.2744897E-01 AU
 TOP OF VALENCE BANDS -    BAND     72; K    1; EIG -1.3762834E-01 AU
 BOTTOM OF VIRTUAL BANDS - BAND     73; K   27; EIG  6.9134759E-02 AU
 INDIRECT ENERGY BAND GAP:   5.3493 eV
 BOTTOM OF VIRTUAL BANDS - BAND     73; K    1; EIG  9.3972121E-02 AU

    BETA       ELECTRONS
 INSULATING STATE
 TOP OF VALENCE BANDS -    BAND     72; K    5; EIG -1.2744897E-01 AU
 TOP OF VALENCE BANDS -    BAND     72; K    1; EIG -1.3762834E-01 AU
 BOTTOM OF VIRTUAL BANDS - BAND     73; K   27; EIG  6.9134759E-02 AU
 INDIRECT ENERGY BAND GAP:   5.3493 eV
 BOTTOM OF VIRTUAL BANDS - BAND     73; K    1; EIG  9.3972121E-02 AU
 TTTTTTTTTTTTTTTTTTTTTTTTTTTTTT PDIG        TELAPSE      521.94 TCPU      520.62
 CHARGE NORMALIZATION FACTOR   1.00000000
 TOTAL ATOMIC CHARGES:
   6.0045749   6.0045749   6.0045749   6.0045749   6.0045749   6.0045749
   6.0045749   6.0045749   5.9908632   5.9908632   5.9908632   5.9908632
   5.9908632   5.9908632   5.9908632   5.9908632   6.0045619   6.0045619
   6.0045619   6.0045619   6.0045619   6.0045619   6.0045619   6.0045619
 SUMMED SPIN DENSITY          -0.00000000
 TOTAL ATOMIC SPINS  :
  -0.0000000  -0.0000000  -0.0000000  -0.0000000  -0.0000000  -0.0000000
  -0.0000000  -0.0000000   0.0000000   0.0000000   0.0000000   0.0000000
   0.0000000   0.0000000   0.0000000   0.0000000  -0.0000000  -0.0000000
  -0.0000000  -0.0000000  -0.0000000  -0.0000000  -0.0000000  -0.0000000
 TTTTTTTTTTTTTTTTTTTTTTTTTTTTTT MOQGAD      TELAPSE      521.95 TCPU      520.63
 TTTTTTTTTTTTTTTTTTTTTTTTTTTTTT SHELLXN     TELAPSE      574.47 TCPU      573.14
 TTTTTTTTTTTTTTTTTTTTTTTTTTTTTT MONMO3      TELAPSE      574.53 TCPU      573.20
 NUMERICALLY INTEGRATED DENSITY     71.9999715834     71.9999715834
 TTTTTTTTTTTTTTTTTTTTTTTTTTTTTT NUMDFT      TELAPSE      575.27 TCPU      573.93
 CYC   9 ETOT(AU) -9.138572683308E+02 DETOT -2.77E-09 tst  1.16E-11 PX  8.29E-06
 TTTTTTTTTTTTTTTTTTTTTTTTTTTTTT DIIS        TELAPSE      575.60 TCPU      574.20
 DIIS TEST: 0.55927E-09 AT SCF   CYCLE   9 - DIIS ACTIVE - HISTORY:     9 CYCLES
 TTTTTTTTTTTTTTTTTTTTTTTTTTTTTT FDIK        TELAPSE      585.87 TCPU      584.46

    ALPHA      ELECTRONS
 INSULATING STATE
 TOP OF VALENCE BANDS -    BAND     72; K    5; EIG -1.2744904E-01 AU
 TOP OF VALENCE BANDS -    BAND     72; K    1; EIG -1.3762794E-01 AU
 BOTTOM OF VIRTUAL BANDS - BAND     73; K   27; EIG  6.9135173E-02 AU
 INDIRECT ENERGY BAND GAP:   5.3493 eV
 BOTTOM OF VIRTUAL BANDS - BAND     73; K    1; EIG  9.3972357E-02 AU

    BETA       ELECTRONS
 INSULATING STATE
 TOP OF VALENCE BANDS -    BAND     72; K    5; EIG -1.2744904E-01 AU
 TOP OF VALENCE BANDS -    BAND     72; K    1; EIG -1.3762794E-01 AU
 BOTTOM OF VIRTUAL BANDS - BAND     73; K   27; EIG  6.9135173E-02 AU
 INDIRECT ENERGY BAND GAP:   5.3493 eV
 BOTTOM OF VIRTUAL BANDS - BAND     73; K    1; EIG  9.3972357E-02 AU
 TTTTTTTTTTTTTTTTTTTTTTTTTTTTTT PDIG        TELAPSE      586.37 TCPU      584.96
 CHARGE NORMALIZATION FACTOR   1.00000000
 TOTAL ATOMIC CHARGES:
   6.0045774   6.0045774   6.0045774   6.0045774   6.0045774   6.0045774
   6.0045774   6.0045774   5.9908607   5.9908607   5.9908607   5.9908607
   5.9908607   5.9908607   5.9908607   5.9908607   6.0045619   6.0045619
   6.0045619   6.0045619   6.0045619   6.0045619   6.0045619   6.0045619
 SUMMED SPIN DENSITY          -0.00000000
 TOTAL ATOMIC SPINS  :
   0.0000000   0.0000000   0.0000000   0.0000000   0.0000000   0.0000000
   0.0000000   0.0000000   0.0000000   0.0000000   0.0000000   0.0000000
   0.0000000   0.0000000   0.0000000   0.0000000  -0.0000000  -0.0000000
  -0.0000000  -0.0000000  -0.0000000  -0.0000000  -0.0000000  -0.0000000
 TTTTTTTTTTTTTTTTTTTTTTTTTTTTTT MOQGAD      TELAPSE      586.38 TCPU      584.97
 TTTTTTTTTTTTTTTTTTTTTTTTTTTTTT SHELLXN     TELAPSE      639.33 TCPU      637.91
 TTTTTTTTTTTTTTTTTTTTTTTTTTTTTT MONMO3      TELAPSE      639.39 TCPU      637.97
 NUMERICALLY INTEGRATED DENSITY     71.9999715834     71.9999715834
 TTTTTTTTTTTTTTTTTTTTTTTTTTTTTT NUMDFT      TELAPSE      640.14 TCPU      638.71
 CYC  10 ETOT(AU) -9.138572683303E+02 DETOT  5.54E-10 tst  2.19E-13 PX  7.79E-07
 TTTTTTTTTTTTTTTTTTTTTTTTTTTTTT DIIS        TELAPSE      640.29 TCPU      638.87
 DIIS TEST: 0.11603E-10 AT SCF   CYCLE  10 - DIIS ACTIVE - HISTORY:    10 CYCLES
 TTTTTTTTTTTTTTTTTTTTTTTTTTTTTT FDIK        TELAPSE      642.97 TCPU      641.55

    ALPHA      ELECTRONS
 INSULATING STATE
 TOP OF VALENCE BANDS -    BAND     72; K    5; EIG -1.2744903E-01 AU
 TOP OF VALENCE BANDS -    BAND     72; K    1; EIG -1.3762798E-01 AU
 BOTTOM OF VIRTUAL BANDS - BAND     73; K   27; EIG  6.9135134E-02 AU
 INDIRECT ENERGY BAND GAP:   5.3493 eV
 BOTTOM OF VIRTUAL BANDS - BAND     73; K    1; EIG  9.3972328E-02 AU

    BETA       ELECTRONS
 INSULATING STATE
 TOP OF VALENCE BANDS -    BAND     72; K    5; EIG -1.2744903E-01 AU
 TOP OF VALENCE BANDS -    BAND     72; K    1; EIG -1.3762798E-01 AU
 BOTTOM OF VIRTUAL BANDS - BAND     73; K   27; EIG  6.9135134E-02 AU
 INDIRECT ENERGY BAND GAP:   5.3493 eV
 BOTTOM OF VIRTUAL BANDS - BAND     73; K    1; EIG  9.3972328E-02 AU
 TTTTTTTTTTTTTTTTTTTTTTTTTTTTTT PDIG        TELAPSE      643.47 TCPU      642.04
 CHARGE NORMALIZATION FACTOR   1.00000000
 TOTAL ATOMIC CHARGES:
   6.0045773   6.0045773   6.0045773   6.0045773   6.0045773   6.0045773
   6.0045773   6.0045773   5.9908608   5.9908608   5.9908608   5.9908608
   5.9908608   5.9908608   5.9908608   5.9908608   6.0045619   6.0045619
   6.0045619   6.0045619   6.0045619   6.0045619   6.0045619   6.0045619
 SUMMED SPIN DENSITY          -0.00000000
 TOTAL ATOMIC SPINS  :
   0.0000000   0.0000000   0.0000000   0.0000000   0.0000000   0.0000000
   0.0000000   0.0000000  -0.0000000  -0.0000000  -0.0000000  -0.0000000
  -0.0000000  -0.0000000  -0.0000000  -0.0000000  -0.0000000  -0.0000000
  -0.0000000  -0.0000000  -0.0000000  -0.0000000  -0.0000000  -0.0000000
 TTTTTTTTTTTTTTTTTTTTTTTTTTTTTT MOQGAD      TELAPSE      643.48 TCPU      642.05
 TTTTTTTTTTTTTTTTTTTTTTTTTTTTTT SHELLXN     TELAPSE      696.42 TCPU      694.98
 +++ ENERGIES IN A.U. +++
 ::: EXT EL-POLE                                  -4.2880557937310E+03
 ::: EXT EL-SPHEROPOLE                             3.7244251216008E+01
 ::: BIELET ZONE E-E                               4.4284516908628E+03
 ::: TOTAL E-E                                     1.7764014834775E+02
 ::: TOTAL E-N + N-E                              -1.5850391991518E+03
 ::: TOTAL N-N                                    -3.1205709923032E+02
 ::: KINETIC ENERGY                                9.1127454538722E+02
 ::: PSEUDO TOTAL   ENERGY                        -8.0818160464711E+02
 ::: VIRIAL COEFFICIENT                            1.0599567140680E+00
 TTTTTTTTTTTTTTTTTTTTTTTTTTTTTT MONMO3      TELAPSE      696.48 TCPU      695.04
 NUMERICALLY INTEGRATED DENSITY     71.9999715834     71.9999715834
 EXCHANGE ENERGY: -0.995802978041E+02  CORRELATION ENERGY: -0.609536587916E+01
 TTTTTTTTTTTTTTTTTTTTTTTTTTTTTT NUMDFT      TELAPSE      697.21 TCPU      695.77
 CYC  11 ETOT(AU) -9.138572683304E+02 DETOT -7.37E-11 tst  2.76E-15 PX  7.79E-07

 == SCF ENDED - CONVERGENCE ON ENERGY      E(AU) -9.1385726833036E+02 CYCLES  11


 ENERGY EXPRESSION=HARTREE+FOCK EXCH*0.20000+(BECKE      EXCH)*0.80000+LYP        CORR


 TOTAL ENERGY(DFT)(AU)( 11) -9.1385726833036E+02 DE-7.4E-11 tester 2.8E-15
 TTTTTTTTTTTTTTTTTTTTTTTTTTTTTT EDFT        TELAPSE      697.23 TCPU      695.79
 
 INFORMATION **** DFTD3 ENERGY **** CALCULATE DFTD3 ENERGY

           DFT-D V3(BJ)
 DF                                         b3-lyp    
 parameters
 s6       :    1.0000
 s8       :    1.9889
 a1       :    0.3981
 a2       :    4.4211
 k1 k3    :   16.0000   -4.0000
 Cutoff   :   50.2022
 CN-Cutoff:   21.1671
 ABC-Cutoff:   21.1671
 
 Edisp /kcal,au:  -153.5591 -0.24471190

 E6    /kcal :   -73.8013
 E8    /kcal :   -79.7578
 
 INFORMATION **** DFTD3 ENERGY **** NORMAL TERMINATION OF DFTD3 MODULE

 *******************************************************************************

 DFT-D3 DISPERSION ENERGY CORRECTION

 D3 DISPERSION ENERGY (AU)       -2.4471189895160E-01
 TOTAL ENERGY + DISP (AU)        -9.1410198022931E+02

 *******************************************************************************


 NEIGHBORS OF THE NON-EQUIVALENT ATOMS

 N = NUMBER OF NEIGHBORS AT DISTANCE R
    ATOM  N     R/ANG      R/AU   NEIGHBORS (ATOM LABELS AND CELL INDICES)
   1 C    1     1.4904     2.8165   17 C    0 0 0
   1 C    1     1.5298     2.8910    9 C    0 0 0
   1 C    1     1.5499     2.9289    2 C    0 1 0
   1 C    1     1.5594     2.9468    6 C    0 0 1
   1 C    1     2.1808     4.1211   14 C    0 0 1
   1 C    1     2.1986     4.1547    5 C    0 1 1

   9 C    1     1.5298     2.8910    1 C    0 0 0
   9 C    2     1.5434     2.9167   15 C    0 1 0   16 C    1 0 0
   9 C    1     1.5489     2.9270   14 C    0 0 1
   9 C    1     2.0121     3.8023   10 C    1 1 0
   9 C    1     2.1808     4.1211    6 C    0 0 1
   9 C    1     2.5392     4.7984   13 C    1 1 1

  17 C    1     1.4904     2.8165    1 C    0 0 0
  17 C    1     1.5726     2.9718   22 C    0 0 0
  17 C    2     1.5784     2.9828   23 C    0 0 0   24 C    0 0 0
  17 C    1     2.0791     3.9289   18 C    0 0 0
  17 C    1     2.5427     4.8051    6 C    0 0 1
  17 C    1     2.5534     4.8252    9 C    0 0 0

 TTTTTTTTTTTTTTTTTTTTTTTTTTTTTT AFTER FIRST TELAPSE      697.41 TCPU      695.96
 MMMMMMMMMMMMMMMMMMMMMMMMMMMMMMMMMMMMMMMMMMMMMMMMMMMMMMMMMMMMMMMMMMMMMMMMMMMMMMM
     ALPHA+BETA ELECTRONS
 MULLIKEN POPULATION ANALYSIS - NO. OF ELECTRONS  144.000000

  ATOM    Z CHARGE  A.O. POPULATION

   1 C    6  6.005  0.853  1.120  0.765  0.382  0.442  0.451  0.449 -0.001
                   -0.003 -0.014  0.491  0.508  0.515  0.013  0.006  0.007
                    0.010  0.011
   2 C    6  6.005  0.853  1.120  0.765  0.382  0.442  0.451  0.449 -0.001
                   -0.003 -0.014  0.491  0.508  0.515  0.013  0.006  0.007
                    0.010  0.011
   3 C    6  6.005  0.853  1.120  0.765  0.382  0.451  0.442  0.449 -0.003
                   -0.001 -0.014  0.508  0.491  0.515  0.013  0.007  0.006
                    0.010  0.011
   4 C    6  6.005  0.853  1.120  0.765  0.382  0.451  0.442  0.449 -0.003
                   -0.001 -0.014  0.508  0.491  0.515  0.013  0.007  0.006
                    0.010  0.011
   5 C    6  6.005  0.853  1.120  0.765  0.382  0.442  0.451  0.449 -0.001
                   -0.003 -0.014  0.491  0.508  0.515  0.013  0.006  0.007
                    0.010  0.011
   6 C    6  6.005  0.853  1.120  0.765  0.382  0.442  0.451  0.449 -0.001
                   -0.003 -0.014  0.491  0.508  0.515  0.013  0.006  0.007
                    0.010  0.011
   7 C    6  6.005  0.853  1.120  0.765  0.382  0.451  0.442  0.449 -0.003
                   -0.001 -0.014  0.508  0.491  0.515  0.013  0.007  0.006
                    0.010  0.011
   8 C    6  6.005  0.853  1.120  0.765  0.382  0.451  0.442  0.449 -0.003
                   -0.001 -0.014  0.508  0.491  0.515  0.013  0.007  0.006
                    0.010  0.011
   9 C    6  5.991  0.854  1.120  0.761  0.430  0.442  0.438  0.445 -0.003
                   -0.014 -0.004  0.470  0.524  0.481  0.013  0.008  0.006
                    0.010  0.011
  10 C    6  5.991  0.854  1.120  0.761  0.430  0.442  0.438  0.445 -0.003
                   -0.014 -0.004  0.470  0.524  0.481  0.013  0.008  0.006
                    0.010  0.011
  11 C    6  5.991  0.854  1.120  0.761  0.430  0.438  0.442  0.445 -0.014
                   -0.003 -0.004  0.524  0.470  0.481  0.013  0.006  0.008
                    0.010  0.011
  12 C    6  5.991  0.854  1.120  0.761  0.430  0.438  0.442  0.445 -0.014
                   -0.003 -0.004  0.524  0.470  0.481  0.013  0.006  0.008
                    0.010  0.011
  13 C    6  5.991  0.854  1.120  0.761  0.430  0.442  0.438  0.445 -0.003
                   -0.014 -0.004  0.470  0.524  0.481  0.013  0.008  0.006
                    0.010  0.011
  14 C    6  5.991  0.854  1.120  0.761  0.430  0.442  0.438  0.445 -0.003
                   -0.014 -0.004  0.470  0.524  0.481  0.013  0.008  0.006
                    0.010  0.011
  15 C    6  5.991  0.854  1.120  0.761  0.430  0.438  0.442  0.445 -0.014
                   -0.003 -0.004  0.524  0.470  0.481  0.013  0.006  0.008
                    0.010  0.011
  16 C    6  5.991  0.854  1.120  0.761  0.430  0.438  0.442  0.445 -0.014
                   -0.003 -0.004  0.524  0.470  0.481  0.013  0.006  0.008
                    0.010  0.011
  17 C    6  6.005  0.853  1.121  0.750  0.453  0.433  0.451  0.433 -0.013
                   -0.007 -0.000  0.520  0.495  0.472  0.011  0.006  0.009
                    0.009  0.010
  18 C    6  6.005  0.853  1.121  0.750  0.453  0.433  0.451  0.433 -0.013
                   -0.007 -0.000  0.520  0.495  0.472  0.011  0.006  0.009
                    0.009  0.010
  19 C    6  6.005  0.853  1.121  0.750  0.453  0.451  0.433  0.433 -0.007
                   -0.013 -0.000  0.495  0.520  0.472  0.011  0.009  0.006
                    0.009  0.010
  20 C    6  6.005  0.853  1.121  0.750  0.453  0.451  0.433  0.433 -0.007
                   -0.013 -0.000  0.495  0.520  0.472  0.011  0.009  0.006
                    0.009  0.010
  21 C    6  6.005  0.853  1.121  0.750  0.453  0.433  0.451  0.433 -0.013
                   -0.007 -0.000  0.520  0.495  0.472  0.011  0.006  0.009
                    0.009  0.010
  22 C    6  6.005  0.853  1.121  0.750  0.453  0.433  0.451  0.433 -0.013
                   -0.007 -0.000  0.520  0.495  0.472  0.011  0.006  0.009
                    0.009  0.010
  23 C    6  6.005  0.853  1.121  0.750  0.453  0.451  0.433  0.433 -0.007
                   -0.013 -0.000  0.495  0.520  0.472  0.011  0.009  0.006
                    0.009  0.010
  24 C    6  6.005  0.853  1.121  0.750  0.453  0.451  0.433  0.433 -0.007
                   -0.013 -0.000  0.495  0.520  0.472  0.011  0.009  0.006
                    0.009  0.010

  ATOM    Z CHARGE  SHELL POPULATION

   1 C    6  6.005  0.853  1.120  0.765  0.382  1.342 -0.018  1.514  0.047
   2 C    6  6.005  0.853  1.120  0.765  0.382  1.342 -0.018  1.514  0.047
   3 C    6  6.005  0.853  1.120  0.765  0.382  1.342 -0.018  1.514  0.047
   4 C    6  6.005  0.853  1.120  0.765  0.382  1.342 -0.018  1.514  0.047
   5 C    6  6.005  0.853  1.120  0.765  0.382  1.342 -0.018  1.514  0.047
   6 C    6  6.005  0.853  1.120  0.765  0.382  1.342 -0.018  1.514  0.047
   7 C    6  6.005  0.853  1.120  0.765  0.382  1.342 -0.018  1.514  0.047
   8 C    6  6.005  0.853  1.120  0.765  0.382  1.342 -0.018  1.514  0.047
   9 C    6  5.991  0.854  1.120  0.761  0.430  1.324 -0.022  1.476  0.048
  10 C    6  5.991  0.854  1.120  0.761  0.430  1.324 -0.022  1.476  0.048
  11 C    6  5.991  0.854  1.120  0.761  0.430  1.324 -0.022  1.476  0.048
  12 C    6  5.991  0.854  1.120  0.761  0.430  1.324 -0.022  1.476  0.048
  13 C    6  5.991  0.854  1.120  0.761  0.430  1.324 -0.022  1.476  0.048
  14 C    6  5.991  0.854  1.120  0.761  0.430  1.324 -0.022  1.476  0.048
  15 C    6  5.991  0.854  1.120  0.761  0.430  1.324 -0.022  1.476  0.048
  16 C    6  5.991  0.854  1.120  0.761  0.430  1.324 -0.022  1.476  0.048
  17 C    6  6.005  0.853  1.121  0.750  0.453  1.316 -0.021  1.487  0.045
  18 C    6  6.005  0.853  1.121  0.750  0.453  1.316 -0.021  1.487  0.045
  19 C    6  6.005  0.853  1.121  0.750  0.453  1.316 -0.021  1.487  0.045
  20 C    6  6.005  0.853  1.121  0.750  0.453  1.316 -0.021  1.487  0.045
  21 C    6  6.005  0.853  1.121  0.750  0.453  1.316 -0.021  1.487  0.045
  22 C    6  6.005  0.853  1.121  0.750  0.453  1.316 -0.021  1.487  0.045
  23 C    6  6.005  0.853  1.121  0.750  0.453  1.316 -0.021  1.487  0.045
  24 C    6  6.005  0.853  1.121  0.750  0.453  1.316 -0.021  1.487  0.045

 OVERLAP POPULATION CONDENSED TO ATOMS FOR FIRST   6 NEIGHBORS

 ATOM A   1 C    ATOM B     CELL      R(AB)/AU R(AB)/ANG    OVPOP(AB)
                 17 C    (  0  0  0)     2.816     1.490     0.303
                  9 C    (  0  0  0)     2.891     1.530     0.293
                  2 C    (  0  1  0)     2.929     1.550     0.254
                  6 C    (  0  0  1)     2.947     1.559     0.390
                 14 C    (  0  0  1)     4.121     2.181    -0.095
                  5 C    (  0  1  1)     4.155     2.199    -0.086

 ATOM A   9 C    ATOM B     CELL      R(AB)/AU R(AB)/ANG    OVPOP(AB)
                  1 C    (  0  0  0)     2.891     1.530     0.293
                 15 C    (  0  1  0)     2.917     1.543     0.276
                 14 C    (  0  0  1)     2.927     1.549     0.349
                 10 C    (  1  1  0)     3.802     2.012    -0.069
                  6 C    (  0  0  1)     4.121     2.181    -0.095
                 13 C    (  1  1  1)     4.798     2.539    -0.031

 ATOM A  17 C    ATOM B     CELL      R(AB)/AU R(AB)/ANG    OVPOP(AB)
                  1 C    (  0  0  0)     2.816     1.490     0.303
                 22 C    (  0  0  0)     2.972     1.573     0.316
                 23 C    (  0  0  0)     2.983     1.578     0.309
                 18 C    (  0  0  0)     3.929     2.079    -0.114
                  6 C    (  0  0  1)     4.805     2.543    -0.018
                  9 C    (  0  0  0)     4.825     2.553    -0.005
 TTTTTTTTTTTTTTTTTTTTTTTTTTTTTT AFTER FIRST TELAPSE      697.60 TCPU      695.99
 MMMMMMMMMMMMMMMMMMMMMMMMMMMMMMMMMMMMMMMMMMMMMMMMMMMMMMMMMMMMMMMMMMMMMMMMMMMMMMM
     ALPHA-BETA ELECTRONS
 MULLIKEN POPULATION ANALYSIS - NO. OF ELECTRONS   -0.000000

  ATOM    Z CHARGE  A.O. POPULATION

   1 C    6  0.000 -0.000  0.000 -0.000 -0.000 -0.000  0.000 -0.000  0.000
                   -0.000  0.000 -0.000  0.000 -0.000 -0.000 -0.000  0.000
                   -0.000 -0.000
   2 C    6  0.000 -0.000  0.000 -0.000 -0.000 -0.000  0.000 -0.000  0.000
                   -0.000  0.000 -0.000  0.000 -0.000 -0.000 -0.000  0.000
                   -0.000 -0.000
   3 C    6  0.000 -0.000  0.000 -0.000 -0.000  0.000 -0.000 -0.000 -0.000
                    0.000  0.000  0.000 -0.000 -0.000 -0.000  0.000 -0.000
                   -0.000 -0.000
   4 C    6  0.000 -0.000  0.000 -0.000 -0.000  0.000 -0.000 -0.000 -0.000
                    0.000  0.000  0.000 -0.000 -0.000 -0.000  0.000 -0.000
                   -0.000 -0.000
   5 C    6  0.000 -0.000  0.000 -0.000 -0.000 -0.000  0.000 -0.000  0.000
                   -0.000  0.000 -0.000  0.000 -0.000 -0.000 -0.000  0.000
                   -0.000 -0.000
   6 C    6  0.000 -0.000  0.000 -0.000 -0.000 -0.000  0.000 -0.000  0.000
                   -0.000  0.000 -0.000  0.000 -0.000 -0.000 -0.000  0.000
                   -0.000 -0.000
   7 C    6  0.000 -0.000  0.000 -0.000 -0.000  0.000 -0.000 -0.000 -0.000
                    0.000  0.000  0.000 -0.000 -0.000 -0.000  0.000 -0.000
                   -0.000 -0.000
   8 C    6  0.000 -0.000  0.000 -0.000 -0.000  0.000 -0.000 -0.000 -0.000
                    0.000  0.000  0.000 -0.000 -0.000 -0.000  0.000 -0.000
                   -0.000 -0.000
   9 C    6 -0.000  0.000 -0.000  0.000  0.000  0.000 -0.000  0.000 -0.000
                    0.000 -0.000 -0.000  0.000  0.000  0.000 -0.000 -0.000
                    0.000  0.000
  10 C    6 -0.000  0.000 -0.000  0.000  0.000  0.000 -0.000  0.000 -0.000
                    0.000 -0.000 -0.000  0.000  0.000  0.000 -0.000 -0.000
                    0.000  0.000
  11 C    6 -0.000  0.000 -0.000  0.000  0.000 -0.000  0.000  0.000  0.000
                   -0.000 -0.000  0.000 -0.000  0.000  0.000 -0.000 -0.000
                    0.000  0.000
  12 C    6 -0.000  0.000 -0.000  0.000  0.000 -0.000  0.000  0.000  0.000
                   -0.000 -0.000  0.000 -0.000  0.000  0.000 -0.000 -0.000
                    0.000  0.000
  13 C    6 -0.000  0.000 -0.000  0.000  0.000  0.000 -0.000  0.000 -0.000
                    0.000 -0.000 -0.000  0.000  0.000  0.000 -0.000 -0.000
                    0.000  0.000
  14 C    6 -0.000  0.000 -0.000  0.000  0.000  0.000 -0.000  0.000 -0.000
                    0.000 -0.000 -0.000  0.000  0.000  0.000 -0.000 -0.000
                    0.000  0.000
  15 C    6 -0.000  0.000 -0.000  0.000  0.000 -0.000  0.000  0.000  0.000
                   -0.000 -0.000  0.000 -0.000  0.000  0.000 -0.000 -0.000
                    0.000  0.000
  16 C    6 -0.000  0.000 -0.000  0.000  0.000 -0.000  0.000  0.000  0.000
                   -0.000 -0.000  0.000 -0.000  0.000  0.000 -0.000 -0.000
                    0.000  0.000
  17 C    6 -0.000  0.000 -0.000  0.000 -0.000 -0.000  0.000  0.000 -0.000
                   -0.000  0.000  0.000  0.000  0.000 -0.000 -0.000  0.000
                    0.000 -0.000
  18 C    6 -0.000  0.000 -0.000  0.000 -0.000 -0.000  0.000  0.000 -0.000
                   -0.000  0.000  0.000  0.000  0.000 -0.000 -0.000  0.000
                    0.000 -0.000
  19 C    6 -0.000  0.000 -0.000  0.000 -0.000  0.000 -0.000  0.000 -0.000
                   -0.000  0.000  0.000  0.000  0.000 -0.000  0.000 -0.000
                    0.000 -0.000
  20 C    6 -0.000  0.000 -0.000  0.000 -0.000  0.000 -0.000  0.000 -0.000
                   -0.000  0.000  0.000  0.000  0.000 -0.000  0.000 -0.000
                    0.000 -0.000
  21 C    6 -0.000  0.000 -0.000  0.000 -0.000 -0.000  0.000  0.000 -0.000
                   -0.000  0.000  0.000  0.000  0.000 -0.000 -0.000  0.000
                    0.000 -0.000
  22 C    6 -0.000  0.000 -0.000  0.000 -0.000 -0.000  0.000  0.000 -0.000
                   -0.000  0.000  0.000  0.000  0.000 -0.000 -0.000  0.000
                    0.000 -0.000
  23 C    6 -0.000  0.000 -0.000  0.000 -0.000  0.000 -0.000  0.000 -0.000
                   -0.000  0.000  0.000  0.000  0.000 -0.000  0.000 -0.000
                    0.000 -0.000
  24 C    6 -0.000  0.000 -0.000  0.000 -0.000  0.000 -0.000  0.000 -0.000
                   -0.000  0.000  0.000  0.000  0.000 -0.000  0.000 -0.000
                    0.000 -0.000

  ATOM    Z CHARGE  SHELL POPULATION

   1 C    6  0.000 -0.000  0.000 -0.000 -0.000  0.000 -0.000  0.000 -0.000
   2 C    6  0.000 -0.000  0.000 -0.000 -0.000  0.000 -0.000  0.000 -0.000
   3 C    6  0.000 -0.000  0.000 -0.000 -0.000  0.000 -0.000  0.000 -0.000
   4 C    6  0.000 -0.000  0.000 -0.000 -0.000  0.000 -0.000  0.000 -0.000
   5 C    6  0.000 -0.000  0.000 -0.000 -0.000  0.000 -0.000  0.000 -0.000
   6 C    6  0.000 -0.000  0.000 -0.000 -0.000  0.000 -0.000  0.000 -0.000
   7 C    6  0.000 -0.000  0.000 -0.000 -0.000  0.000 -0.000  0.000 -0.000
   8 C    6  0.000 -0.000  0.000 -0.000 -0.000  0.000 -0.000  0.000 -0.000
   9 C    6 -0.000  0.000 -0.000  0.000  0.000 -0.000 -0.000 -0.000 -0.000
  10 C    6 -0.000  0.000 -0.000  0.000  0.000 -0.000 -0.000 -0.000 -0.000
  11 C    6 -0.000  0.000 -0.000  0.000  0.000 -0.000 -0.000 -0.000 -0.000
  12 C    6 -0.000  0.000 -0.000  0.000  0.000 -0.000 -0.000 -0.000 -0.000
  13 C    6 -0.000  0.000 -0.000  0.000  0.000 -0.000 -0.000 -0.000 -0.000
  14 C    6 -0.000  0.000 -0.000  0.000  0.000 -0.000 -0.000 -0.000 -0.000
  15 C    6 -0.000  0.000 -0.000  0.000  0.000 -0.000 -0.000 -0.000 -0.000
  16 C    6 -0.000  0.000 -0.000  0.000  0.000 -0.000 -0.000 -0.000 -0.000
  17 C    6 -0.000  0.000 -0.000  0.000 -0.000  0.000 -0.000  0.000 -0.000
  18 C    6 -0.000  0.000 -0.000  0.000 -0.000  0.000 -0.000  0.000 -0.000
  19 C    6 -0.000  0.000 -0.000  0.000 -0.000  0.000 -0.000  0.000 -0.000
  20 C    6 -0.000  0.000 -0.000  0.000 -0.000  0.000 -0.000  0.000 -0.000
  21 C    6 -0.000  0.000 -0.000  0.000 -0.000  0.000 -0.000  0.000 -0.000
  22 C    6 -0.000  0.000 -0.000  0.000 -0.000  0.000 -0.000  0.000 -0.000
  23 C    6 -0.000  0.000 -0.000  0.000 -0.000  0.000 -0.000  0.000 -0.000
  24 C    6 -0.000  0.000 -0.000  0.000 -0.000  0.000 -0.000  0.000 -0.000

 OVERLAP POPULATION CONDENSED TO ATOMS FOR FIRST   6 NEIGHBORS

 ATOM A   1 C    ATOM B     CELL      R(AB)/AU R(AB)/ANG    OVPOP(AB)
                 17 C    (  0  0  0)     2.816     1.490     0.000
                  9 C    (  0  0  0)     2.891     1.530    -0.000
                  2 C    (  0  1  0)     2.929     1.550    -0.000
                  6 C    (  0  0  1)     2.947     1.559    -0.000
                 14 C    (  0  0  1)     4.121     2.181     0.000
                  5 C    (  0  1  1)     4.155     2.199     0.000

 ATOM A   9 C    ATOM B     CELL      R(AB)/AU R(AB)/ANG    OVPOP(AB)
                  1 C    (  0  0  0)     2.891     1.530    -0.000
                 15 C    (  0  1  0)     2.917     1.543     0.000
                 14 C    (  0  0  1)     2.927     1.549     0.000
                 10 C    (  1  1  0)     3.802     2.012     0.000
                  6 C    (  0  0  1)     4.121     2.181     0.000
                 13 C    (  1  1  1)     4.798     2.539    -0.000

 ATOM A  17 C    ATOM B     CELL      R(AB)/AU R(AB)/ANG    OVPOP(AB)
                  1 C    (  0  0  0)     2.816     1.490     0.000
                 22 C    (  0  0  0)     2.972     1.573     0.000
                 23 C    (  0  0  0)     2.983     1.578     0.000
                 18 C    (  0  0  0)     3.929     2.079    -0.000
                  6 C    (  0  0  1)     4.805     2.543    -0.000
                  9 C    (  0  0  0)     4.825     2.553    -0.000
 EIGENVECTORS IN FORTRAN UNIT 10
 TTTTTTTTTTTTTTTTTTTTTTTTTTTTTT END         TELAPSE      698.48 TCPU      696.82
 EEEEEEEEEE TERMINATION  DATE 30 01 2026 TIME 22:53:43.1
NODE    0 CPU TIME =       696.816
NODE    1 CPU TIME =       696.694
NODE    2 CPU TIME =       696.910
NODE    3 CPU TIME =       689.695
NODE    4 CPU TIME =       696.629
NODE    5 CPU TIME =       696.878
NODE    6 CPU TIME =       696.946
NODE    7 CPU TIME =       696.909
NODE    8 CPU TIME =       697.017
NODE    9 CPU TIME =       696.941
NODE   10 CPU TIME =       696.959
NODE   11 CPU TIME =       696.719
NODE   12 CPU TIME =       696.903
NODE   13 CPU TIME =       689.903
NODE   14 CPU TIME =       689.517
NODE   15 CPU TIME =       689.646
NODE   16 CPU TIME =       696.509
NODE   17 CPU TIME =       689.412
NODE   18 CPU TIME =       696.417
NODE   19 CPU TIME =       689.682
NODE   20 CPU TIME =       689.487
NODE   21 CPU TIME =       689.634
NODE   22 CPU TIME =       696.308
NODE   23 CPU TIME =       696.193
NODE   24 CPU TIME =       696.405
NODE   25 CPU TIME =       696.452
NODE   26 CPU TIME =       689.610
NODE   27 CPU TIME =       689.807
NODE   28 CPU TIME =       696.446
NODE   29 CPU TIME =       689.080
NODE   30 CPU TIME =       689.103
NODE   31 CPU TIME =       696.814
    TOTAL CPU TIME =     22208.441
