MPI startup(): Warning: I_MPI_PMI_LIBRARY will be ignored since the hydra process manager was found
MPI startup(): Warning: I_MPI_PMI_LIBRARY will be ignored since the hydra process manager was found
MPI startup(): Warning: I_MPI_PMI_LIBRARY will be ignored since the hydra process manager was found
MPI startup(): Warning: I_MPI_PMI_LIBRARY will be ignored since the hydra process manager was found
MPI startup(): Warning: I_MPI_PMI_LIBRARY will be ignored since the hydra process manager was found
MPI startup(): Warning: I_MPI_PMI_LIBRARY will be ignored since the hydra process manager was found
MPI startup(): Warning: I_MPI_PMI_LIBRARY will be ignored since the hydra process manager was found
MPI startup(): Warning: I_MPI_PMI_LIBRARY will be ignored since the hydra process manager was found
MPI startup(): Warning: I_MPI_PMI_LIBRARY will be ignored since the hydra process manager was found
MPI startup(): Warning: I_MPI_PMI_LIBRARY will be ignored since the hydra process manager was found
MPI startup(): Warning: I_MPI_PMI_LIBRARY will be ignored since the hydra process manager was found
MPI startup(): Warning: I_MPI_PMI_LIBRARY will be ignored since the hydra process manager was found
MPI startup(): Warning: I_MPI_PMI_LIBRARY will be ignored since the hydra process manager was found
MPI startup(): Warning: I_MPI_PMI_LIBRARY will be ignored since the hydra process manager was found
MPI startup(): Warning: I_MPI_PMI_LIBRARY will be ignored since the hydra process manager was found
MPI startup(): Warning: I_MPI_PMI_LIBRARY will be ignored since the hydra process manager was found
MPI startup(): Warning: I_MPI_PMI_LIBRARY will be ignored since the hydra process manager was found
MPI startup(): Warning: I_MPI_PMI_LIBRARY will be ignored since the hydra process manager was found
MPI startup(): Warning: I_MPI_PMI_LIBRARY will be ignored since the hydra process manager was found
MPI startup(): Warning: I_MPI_PMI_LIBRARY will be ignored since the hydra process manager was found
MPI startup(): Warning: I_MPI_PMI_LIBRARY will be ignored since the hydra process manager was found
MPI startup(): Warning: I_MPI_PMI_LIBRARY will be ignored since the hydra process manager was found
MPI startup(): Warning: I_MPI_PMI_LIBRARY will be ignored since the hydra process manager was found
MPI startup(): Warning: I_MPI_PMI_LIBRARY will be ignored since the hydra process manager was found
MPI startup(): Warning: I_MPI_PMI_LIBRARY will be ignored since the hydra process manager was found
MPI startup(): Warning: I_MPI_PMI_LIBRARY will be ignored since the hydra process manager was found
MPI startup(): Warning: I_MPI_PMI_LIBRARY will be ignored since the hydra process manager was found
MPI startup(): Warning: I_MPI_PMI_LIBRARY will be ignored since the hydra process manager was found
MPI startup(): Warning: I_MPI_PMI_LIBRARY will be ignored since the hydra process manager was found
MPI startup(): Warning: I_MPI_PMI_LIBRARY will be ignored since the hydra process manager was found
MPI startup(): Warning: I_MPI_PMI_LIBRARY will be ignored since the hydra process manager was found
MPI startup(): Warning: I_MPI_PMI_LIBRARY will be ignored since the hydra process manager was found
 PROCESS           12  OF           32  WORKING
 PROCESS            5  OF           32  WORKING
 PROCESS           24  OF           32  WORKING
 PROCESS           26  OF           32  WORKING
 PROCESS           31  OF           32  WORKING
 PROCESS            3  OF           32  WORKING
 PROCESS           15  OF           32  WORKING
 PROCESS           28  OF           32  WORKING
 PROCESS           11  OF           32  WORKING
 PROCESS           22  OF           32  WORKING
 PROCESS           25  OF           32  WORKING
 PROCESS           13  OF           32  WORKING
 PROCESS            7  OF           32  WORKING
 PROCESS            0  OF           32  WORKING
 PROCESS           10  OF           32  WORKING
 PROCESS           18  OF           32  WORKING
 PROCESS           19  OF           32  WORKING
 PROCESS           27  OF           32  WORKING
 PROCESS           30  OF           32  WORKING
 PROCESS           29  OF           32  WORKING
 PROCESS           23  OF           32  WORKING
 PROCESS           16  OF           32  WORKING
 PROCESS           17  OF           32  WORKING
 PROCESS            1  OF           32  WORKING
 PROCESS            2  OF           32  WORKING
 PROCESS            4  OF           32  WORKING
 PROCESS            8  OF           32  WORKING
 PROCESS           20  OF           32  WORKING
 PROCESS           21  OF           32  WORKING
 PROCESS            6  OF           32  WORKING

         
 *******************************************************************************
 *                                                                             *
 PROCESS           14  OF           32  WORKING
 *                               CRYSTAL23                                     *
 *                      public : 1.0.1 - October 2022                          *
 *                       HTTP://WWW.CRYSTAL.UNITO.IT                           *
 *                                                                             *
 *                              MAIN AUTHORS                                   *
 *                                                                             *
 *  R. DOVESI(1,11), V.R. SAUNDERS(2), C. ROETTI(1,11), R. ORLANDO(1,11),      *
 *  C.M. ZICOVICH-WILSON(1,3), F. PASCALE(4), B. CIVALLERI(1,11),              *
 *  K. DOLL(5), N.M. HARRISON(6), I.J. BUSH(7), Ph. D'ARCO(8),                 *
 *  M. LLUNELL(9), M. CAUSA'(10), Y. NOEL(8), L. MASCHIO(1,11), A. ERBA(1,11)  *
 *  M. RE'RAT(14), S. CASASSA(1,11), B.G. SEARLE(2), J.K. DESMARAIS(1)         *
 *                                                                             *
 *        CONTRIBUTIONS TO THE CODE HAVE ALSO BEEN GIVEN BY                    *
 *                                                                             *
 *  M. FERRABONE(1,11), M. DE LA PIERRE(1,11), M. FERRERO(1,11),               *
 *  J. BAIMA(1,11), E. ALBANESE(1,11), M.F. PEINTINGER(12), R. BAST(13),       *
 *  B. KIRTMAN(15), V. LACIVITA(1,11), R. DEMICHELIS(1,16)                     *
 *  G. BRANDEBURG(17), S. SALUSTRO(1,11), G. SANSONE(1,11)                     *
 *  M.T. RUGGIERO(18), L.E. DAGA(1), L. DONA'(1), A. COSSARD(1)                *
 *                                                                             *
 * (1) THEORETICAL CHEMISTRY GROUP - UNIVERSITA' DI TORINO - TORINO (ITALY)    *
 * (2) SCIENTIFIC COMPUTING DEPARTMENT - STFC DARESBURY (UK)                   *
 * (3) UNIVERSIDAD AUTONOMA DEL ESTADO DE MORELOS - CUERNAVACA (MEXICO)        *
 * (4) UNIVERSITE' DE LORRAINE - NANCY (FRANCE)                                *
 * (5) UNIVERSITAET STUTTGART- STUTTGART (GERMANY)                             *
 * (6) IMPERIAL COLLEGE - LONDON (UK)                                          *
 * (7) SCIENTIFIC COMPUTING DEPARTMENT - STFC RAL (UK)                         *
 * (8) UPMC - SORBONNE UNIVERSITES - PARIS (FRANCE)                            *
 * (9) UNIVERSIDAD DE BARCELONA - BARCELONA (SPAIN)                            *
 *(10) UNIVERSITA' DI NAPOLI "FEDERICO II" - NAPOLI (ITALY)                    *
 *(11) NIS - NANOSTRUCTURED INTERFACES AND SURFACES - TORINO (ITALY)           *
 *(12) MPI FUER CHEMISCHE ENERGIEKONVERSION - MUELHEIM AN DER RUHR (GERMANY)   *
 *(13) UNIVERSITY OF TROMSO - TROMSO (NORWAY)                                  *
 *(14) UNIVERSITE' DE PAU ET DES PAYS DE L'ADOUR - PAU (FRANCE)                *
 *(15) UNIVERSITY OF CALIFORNIA SANTA BARBARA - SANTA BARBARA (USA)            *
 *(16) CURTIN UNIVERSITY - PERTH (AUSTRALIA)                                   *
 *(17) UNIVERSITY COLLEGE LONDON - LONDON (UK)                                 *
 *(18) UNIVERSITY OF VERMONT - BURLINGTON (USA)                                *
 *                                                                             *
 *******************************************************************************
 EEEEEEEEEE STARTING  DATE 30 01 2026 TIME 22:41:00.1
 ./4^3T189-CA_SCF_opt_rev1_sp_B3LYP-D3-D3_optimized                              
 PROCESS            9  OF           32  WORKING

 CRYSTAL CALCULATION
 (INPUT ACCORDING TO THE INTERNATIONAL TABLES FOR X-RAY CRYSTALLOGRAPHY)
 CRYSTAL FAMILY                       :  ORTHORHOMBIC
 CRYSTAL CLASS  (GROTH - 1921)        :  ORTHORHOMBIC BIPYRAMIDAL             

 SPACE GROUP (CENTROSYMMETRIC)        :  C M M M         

 LATTICE PARAMETERS  (ANGSTROMS AND DEGREES) - CONVENTIONAL CELL
        A           B           C        ALPHA        BETA       GAMMA
     4.67561     9.16555     5.18837    90.00000    90.00000    90.00000


 NUMBER OF IRREDUCIBLE ATOMS IN THE CONVENTIONAL CELL:    3

 INPUT COORDINATES

 ATOM AT. N.              COORDINATES
   1   6     1.663460371439E-01  8.606056613600E-02 -2.457284155651E-01
   2   6     1.689184915289E-01  1.808653630895E-01  1.261352915175E-21
   3   6     3.345850692820E-01  8.543824825883E-02 -5.000000000000E-01

 *******************************************************************************

 << INFORMATION >>: FROM NOW ON, ALL COORDINATES REFER TO THE PRIMITIVE CELL

 *******************************************************************************

 LATTICE PARAMETERS  (ANGSTROMS AND DEGREES) - PRIMITIVE CELL
       A          B          C        ALPHA      BETA     GAMMA        VOLUME
    5.14462    5.14462    5.18837    90.00000  90.00000  54.05488    111.172472

 COORDINATES OF THE EQUIVALENT ATOMS (FRACTIONAL UNITS)

 N. ATOM EQUIV AT. N.          X                  Y                  Z

   1   1   1    6 C     2.52406603280E-01 -8.02854710079E-02 -2.45728415565E-01
   2   1   2    6 C    -2.52406603280E-01  8.02854710079E-02 -2.45728415565E-01
   3   1   3    6 C     8.02854710079E-02 -2.52406603280E-01  2.45728415565E-01
   4   1   4    6 C    -8.02854710079E-02  2.52406603280E-01  2.45728415565E-01
   5   1   5    6 C    -2.52406603280E-01  8.02854710079E-02  2.45728415565E-01
   6   1   6    6 C     2.52406603280E-01 -8.02854710079E-02  2.45728415565E-01
   7   1   7    6 C    -8.02854710079E-02  2.52406603280E-01 -2.45728415565E-01
   8   1   8    6 C     8.02854710079E-02 -2.52406603280E-01 -2.45728415565E-01

   9   2   1    6 C     3.49783854618E-01  1.19468715606E-02  1.26135291518E-21
  10   2   2    6 C    -3.49783854618E-01 -1.19468715606E-02  1.26135291518E-21
  11   2   3    6 C    -1.19468715606E-02 -3.49783854618E-01 -1.26135291518E-21
  12   2   4    6 C     1.19468715606E-02  3.49783854618E-01 -1.26135291518E-21

  13   3   1    6 C     4.20023317541E-01 -2.49146821023E-01  5.00000000000E-01
  14   3   2    6 C    -4.20023317541E-01  2.49146821023E-01  5.00000000000E-01
  15   3   3    6 C     2.49146821023E-01 -4.20023317541E-01 -5.00000000000E-01
  16   3   4    6 C    -2.49146821023E-01  4.20023317541E-01 -5.00000000000E-01

 NUMBER OF SYMMETRY OPERATORS         :    8
 *******************************************************************************
 * GEOMETRY EDITING - INPUT COORDINATES ARE GIVEN IN ANGSTROM         
 *******************************************************************************

 GEOMETRY NOW FULLY CONSISTENT WITH THE GROUP

 GCALCO - MAX INDICES DIRECT LATTICE VECTOR    16    16    12
 NO.OF VECTORS CREATED 6999 STARS 1023 RMAX   107.85050 BOHR

 GEOMETRY FOR WAVE FUNCTION - DIMENSIONALITY OF THE SYSTEM    3
 (NON PERIODIC DIRECTION: LATTICE PARAMETER FORMALLY SET TO 500)
 *******************************************************************************
 LATTICE PARAMETERS (ANGSTROMS AND DEGREES) - BOHR = 0.5291772083 ANGSTROM
 PRIMITIVE CELL - CENTRING CODE 4/0 VOLUME=   111.172472 - DENSITY  2.868 g/cm^3
         A              B              C           ALPHA      BETA       GAMMA 
     5.14462303     5.14462303     5.18836588    90.000000  90.000000  54.054877
 *******************************************************************************
 ATOMS IN THE ASYMMETRIC UNIT    3 - ATOMS IN THE UNIT CELL:   16
     ATOM                 X/A                 Y/B                 Z/C    
 *******************************************************************************
      1 T   6 C     2.524066032799E-01 -8.028547100790E-02 -2.457284155651E-01
      2 F   6 C    -2.524066032799E-01  8.028547100790E-02 -2.457284155651E-01
      3 F   6 C     8.028547100790E-02 -2.524066032799E-01  2.457284155651E-01
      4 F   6 C    -8.028547100790E-02  2.524066032799E-01  2.457284155651E-01
      5 F   6 C    -2.524066032799E-01  8.028547100790E-02  2.457284155651E-01
      6 F   6 C     2.524066032799E-01 -8.028547100790E-02  2.457284155651E-01
      7 F   6 C    -8.028547100790E-02  2.524066032799E-01 -2.457284155651E-01
      8 F   6 C     8.028547100790E-02 -2.524066032799E-01 -2.457284155651E-01
      9 T   6 C     3.497838546184E-01  1.194687156060E-02  6.674957470222E-38
     10 F   6 C    -3.497838546184E-01 -1.194687156060E-02  6.674957470222E-38
     11 F   6 C    -1.194687156060E-02 -3.497838546184E-01 -6.674957470222E-38
     12 F   6 C     1.194687156060E-02  3.497838546184E-01 -6.674957470222E-38
     13 T   6 C     4.200233175408E-01 -2.491468210232E-01 -5.000000000000E-01
     14 F   6 C    -4.200233175408E-01  2.491468210232E-01 -5.000000000000E-01
     15 F   6 C     2.491468210232E-01 -4.200233175408E-01 -5.000000000000E-01
     16 F   6 C    -2.491468210232E-01  4.200233175408E-01 -5.000000000000E-01

 TRANSFORMATION MATRIX PRIMITIVE-CRYSTALLOGRAPHIC CELL
  1.0000  1.0000  0.0000 -1.0000  1.0000  0.0000  0.0000  0.0000  1.0000

 *******************************************************************************
 CRYSTALLOGRAPHIC CELL (VOLUME=        222.34494379)
         A              B              C           ALPHA      BETA       GAMMA 
     4.67560980     9.16554730     5.18836588    90.000000  90.000000  90.000000

 COORDINATES IN THE CRYSTALLOGRAPHIC CELL
     ATOM                 X/A                 Y/B                 Z/C    
 *******************************************************************************
      1 T   6 C     1.663460371439E-01  8.606056613600E-02 -2.457284155651E-01
      2 F   6 C    -1.663460371439E-01 -8.606056613600E-02 -2.457284155651E-01
      3 F   6 C     1.663460371439E-01 -8.606056613600E-02  2.457284155651E-01
      4 F   6 C    -1.663460371439E-01  8.606056613600E-02  2.457284155651E-01
      5 F   6 C    -1.663460371439E-01 -8.606056613600E-02  2.457284155651E-01
      6 F   6 C     1.663460371439E-01  8.606056613600E-02  2.457284155651E-01
      7 F   6 C    -1.663460371439E-01  8.606056613600E-02 -2.457284155651E-01
      8 F   6 C     1.663460371439E-01 -8.606056613600E-02 -2.457284155651E-01
      9 T   6 C     1.689184915289E-01  1.808653630895E-01  6.674957470222E-38
     10 F   6 C    -1.689184915289E-01 -1.808653630895E-01  6.674957470222E-38
     11 F   6 C     1.689184915289E-01 -1.808653630895E-01 -6.674957470222E-38
     12 F   6 C    -1.689184915289E-01  1.808653630895E-01 -6.674957470222E-38
     13 T   6 C     3.345850692820E-01  8.543824825883E-02 -5.000000000000E-01
     14 F   6 C    -3.345850692820E-01 -8.543824825883E-02 -5.000000000000E-01
     15 F   6 C     3.345850692820E-01 -8.543824825883E-02 -5.000000000000E-01
     16 F   6 C    -3.345850692820E-01  8.543824825883E-02 -5.000000000000E-01

 T = ATOM BELONGING TO THE ASYMMETRIC UNIT

 ****    8 SYMMOPS - TRANSLATORS IN FRACTIONAL UNITS
 **** MATRICES AND TRANSLATORS IN THE CRYSTALLOGRAPHIC REFERENCE FRAME
   V INV                    ROTATION MATRICES                   TRANSLATORS
   1   1  1.00  0.00  0.00  0.00  1.00  0.00  0.00  0.00  1.00  0.00  0.00  0.00
   2   2 -1.00 -0.00  0.00 -0.00 -1.00  0.00  0.00  0.00  1.00  0.00  0.00  0.00
   3   3 -0.00 -1.00  0.00 -1.00 -0.00  0.00  0.00  0.00 -1.00  0.00  0.00  0.00
   4   4  0.00  1.00  0.00  1.00  0.00  0.00  0.00  0.00 -1.00  0.00  0.00  0.00
   5   5 -1.00 -0.00  0.00 -0.00 -1.00  0.00  0.00  0.00 -1.00  0.00  0.00  0.00
   6   6  1.00  0.00  0.00  0.00  1.00  0.00  0.00  0.00 -1.00  0.00  0.00  0.00
   7   7  0.00  1.00  0.00  1.00  0.00  0.00  0.00  0.00  1.00  0.00  0.00  0.00
   8   8 -0.00 -1.00  0.00 -1.00 -0.00  0.00  0.00  0.00  1.00  0.00  0.00  0.00

 DIRECT LATTICE VECTORS CARTESIAN COMPONENTS (ANGSTROM)
          X                    Y                    Z
   0.233780490000E+01   0.458277365000E+01   0.000000000000E+00
  -0.233780490000E+01   0.458277365000E+01   0.000000000000E+00
   0.000000000000E+00   0.000000000000E+00   0.518836588000E+01


 CARTESIAN COORDINATES - PRIMITIVE CELL
 *******************************************************************************
 *      ATOM          X(ANGSTROM)         Y(ANGSTROM)         Z(ANGSTROM)
 *******************************************************************************
    1     6 C     7.777691614612E-01  7.887921895843E-01 -1.274928927064E+00
    2     6 C    -7.777691614612E-01 -7.887921895843E-01 -1.274928927064E+00
    3     6 C     7.777691614612E-01 -7.887921895843E-01  1.274928927064E+00
    4     6 C    -7.777691614612E-01  7.887921895843E-01  1.274928927064E+00
    5     6 C    -7.777691614612E-01 -7.887921895843E-01  1.274928927064E+00
    6     6 C     7.777691614612E-01  7.887921895843E-01  1.274928927064E+00
    7     6 C    -7.777691614612E-01  7.887921895843E-01 -1.274928927064E+00
    8     6 C     7.777691614612E-01 -7.887921895843E-01 -1.274928927064E+00
    9     6 C     7.897969543937E-01  1.657730040328E+00  3.463212158895E-37
   10     6 C    -7.897969543937E-01 -1.657730040328E+00  3.463212158895E-37
   11     6 C     7.897969543937E-01 -1.657730040328E+00 -3.463212158895E-37
   12     6 C    -7.897969543937E-01  1.657730040328E+00 -3.463212158895E-37
   13     6 C     1.564389228869E+00  7.830883056454E-01  2.594182940000E+00
   14     6 C    -1.564389228869E+00 -7.830883056454E-01  2.594182940000E+00
   15     6 C     1.564389228869E+00 -7.830883056454E-01  2.594182940000E+00
   16     6 C    -1.564389228869E+00  7.830883056454E-01  2.594182940000E+00

 *******************************************************************************
 LOCAL ATOMIC FUNCTIONS BASIS SET
 *******************************************************************************
   ATOM   X(AU)   Y(AU)   Z(AU)  N. TYPE  EXPONENT  S COEF   P COEF   D/F/G COEF
 *******************************************************************************
   1 C    1.470   1.491  -2.409
                                  1 S  
                                         1.358E+04 2.225E-04 0.000E+00 0.000E+00
                                         2.035E+03 1.723E-03 0.000E+00 0.000E+00
                                         4.632E+02 8.926E-03 0.000E+00 0.000E+00
                                         1.312E+02 3.573E-02 0.000E+00 0.000E+00
                                         4.285E+01 1.108E-01 0.000E+00 0.000E+00
                                         1.558E+01 2.430E-01 0.000E+00 0.000E+00
                                  2 S  
                                         6.207E+00 4.144E-01 0.000E+00 0.000E+00
                                         2.576E+00 2.374E-01 0.000E+00 0.000E+00
                                  3 S  
                                         4.941E-01 1.000E+00 0.000E+00 0.000E+00
                                  4 S  
                                         1.644E-01 1.000E+00 0.000E+00 0.000E+00
                           5-     7 P  
                                         3.470E+01 0.000E+00 5.333E-03 0.000E+00
                                         7.958E+00 0.000E+00 3.586E-02 0.000E+00
                                         2.378E+00 0.000E+00 1.422E-01 0.000E+00
                                         8.143E-01 0.000E+00 3.427E-01 0.000E+00
                           8-    10 P  
                                         5.662E-01 0.000E+00 1.000E+00 0.000E+00
                          11-    13 P  
                                         2.674E-01 0.000E+00 1.000E+00 0.000E+00
                          14-    18 D  
                                         8.792E-01 0.000E+00 0.000E+00 1.000E+00
   2 C   -1.470  -1.491  -2.409
   3 C    1.470  -1.491   2.409
   4 C   -1.470   1.491   2.409
   5 C   -1.470  -1.491   2.409
   6 C    1.470   1.491   2.409
   7 C   -1.470   1.491  -2.409
   8 C    1.470  -1.491  -2.409
   9 C    1.492   3.133   0.000
  10 C   -1.492  -3.133   0.000
  11 C    1.492  -3.133  -0.000
  12 C   -1.492   3.133  -0.000
  13 C    2.956   1.480   4.902
  14 C   -2.956  -1.480   4.902
  15 C    2.956  -1.480   4.902
  16 C   -2.956   1.480   4.902
 INFORMATION **** SET_MPP **** PCRYSTAL CALCULATION
 INFORMATION **** READM2 **** NEW DEFAULT: FOCK/KS MATRIX MIXING SET TO 30 %
 INFORMATION **** READM2 **** NEW DEFAULT: FULL DIRECT SCF MODE
 INFORMATION **** READM2 **** NEW DEFAULT: COULOMB BIPOLAR BUFFER SET TO 32 Mb
 INFORMATION **** READM2 **** NEW DEFAULT: EXCHANGE BIPOLAR BUFFER SET TO 32 Mb

 *******************************************************************************
 NEW DEFAULT: DFT INTEGRATION GRID INCREASED TO XLGRID
 NEW DEFAULT: DIIS ACCELERATOR ACTIVE
 USE KEYWORD NODIIS TO TURN IT OFF
 *******************************************************************************

 INFORMATION **** DFTD3_INPUT **** PERFORM LATEST DISPERSION CORRECTION DFT-D3(BJ) WITH AUTOMATIC PARAMETER SETUP
 PLEASE CITE:
 (1) DFT-D3 Reference
  S. Grimme, J. Antony, S. Ehrlich, and H. Krieg, J. Chem. Phys. 132 (2010), 154104
 (2) BJ-Damping Reference
  S. Grimme, S. Ehrlich, and L. Goerigk, J. Comput. Chem. 32 (2011), 1456-1465
 (3) General DFT-D Review
  S. Grimme, A. Hansen, J. G. Brandenburg, and C. Bannwarth,
  Chem. Rev. 116 (2016), 5105-5154

 INFORMATION **** TOLINTEG **** COULOMB AND EXCHANGE SERIES TOLERANCES MODIFIED
 INFORMATION **** TOLDEE **** SCF TOL ON TOTAL ENERGY SET TO           9
 INFORMATION **** READM2 **** FULL DIRECT SCF (MONO AND BIEL INT) SELECTED
 INFORMATION **** MAXCYCLE **** MAX NUMBER OF SCF CYCLES SET TO         800
 INFORMATION **** DIIS **** DIIS FOR SCF ACTIVE
 INFORMATION **** DIIS **** LEVEL SHIFTER DISABLED
 INFORMATION **** PPAN ****  MULLIKEN POPULATION ANALYSIS AT THE END OF SCF
 *******************************************************************************
 N. OF ATOMS PER CELL        16  COULOMB OVERLAP TOL         (T1) 10**   -8
 NUMBER OF SHELLS           128  COULOMB PENETRATION TOL     (T2) 10**   -8
 NUMBER OF AO               288  EXCHANGE OVERLAP TOL        (T3) 10**   -8
 N. OF ELECTRONS PER CELL    96  EXCHANGE PSEUDO OVP (F(G))  (T4) 10**   -9
 CORE ELECTRONS PER CELL     32  EXCHANGE PSEUDO OVP (P(G))  (T5) 10**  -24
 N. OF SYMMETRY OPERATORS     8  POLE ORDER IN MONO ZONE                  4
 *******************************************************************************
 TYPE OF CALCULATION :  UNRESTRICTED OPEN SHELL
 KOHN-SHAM HAMILTONIAN

 (EXCHANGE)[CORRELATION] FUNCTIONAL:(BECKE 88)[LEE-YANG-PARR]

 NON-LOCAL WEIGHTING FACTOR (EXCHANGE) =           0.9000
 NON-LOCAL WEIGHTING FACTOR [CORRELATION] =        0.8100

 HYBRID EXCHANGE - PERCENTAGE OF FOCK EXCHANGE    20.0000

 SPIN POLARIZED DFT SELECTED

 CAPPA:IS1  9;IS2  9;IS3  9; K PTS MONK NET 125; SYMMOPS:K SPACE   8;G SPACE   8

 *******************************************************************************
 MAX NUMBER OF SCF CYCLES     800  CONVERGENCE ON DELTAP        10**-19
 WEIGHT OF F(I) IN F(I+1)      30% CONVERGENCE ON ENERGY        10**- 9
 SHRINK. FACT.(MONKH.)    9  9  9  NUMBER OF K POINTS IN THE IBZ    125
 SHRINKING FACTOR(GILAT NET)   18  NUMBER OF K POINTS(GILAT NET)    910
 *******************************************************************************
 *** K POINTS COORDINATES (OBLIQUE COORDINATES IN UNITS OF IS =  9)
   1-R(  0  0  0)   2-C(  1  0  0)   3-C(  2  0  0)   4-C(  3  0  0)
   5-C(  4  0  0)   6-C(  1  1  0)   7-C(  2  1  0)   8-C(  3  1  0)
   9-C(  4  1  0)  10-C(  5  1  0)  11-C(  6  1  0)  12-C(  7  1  0)
  13-C(  8  1  0)  14-C(  2  2  0)  15-C(  3  2  0)  16-C(  4  2  0)
  17-C(  5  2  0)  18-C(  6  2  0)  19-C(  7  2  0)  20-C(  3  3  0)
  21-C(  4  3  0)  22-C(  5  3  0)  23-C(  6  3  0)  24-C(  4  4  0)
  25-C(  5  4  0)  26-C(  0  0  1)  27-C(  1  0  1)  28-C(  2  0  1)
  29-C(  3  0  1)  30-C(  4  0  1)  31-C(  1  1  1)  32-C(  2  1  1)
  33-C(  3  1  1)  34-C(  4  1  1)  35-C(  5  1  1)  36-C(  6  1  1)
  37-C(  7  1  1)  38-C(  8  1  1)  39-C(  2  2  1)  40-C(  3  2  1)
  41-C(  4  2  1)  42-C(  5  2  1)  43-C(  6  2  1)  44-C(  7  2  1)
  45-C(  3  3  1)  46-C(  4  3  1)  47-C(  5  3  1)  48-C(  6  3  1)
  49-C(  4  4  1)  50-C(  5  4  1)  51-C(  0  0  2)  52-C(  1  0  2)
  53-C(  2  0  2)  54-C(  3  0  2)  55-C(  4  0  2)  56-C(  1  1  2)
  57-C(  2  1  2)  58-C(  3  1  2)  59-C(  4  1  2)  60-C(  5  1  2)
  61-C(  6  1  2)  62-C(  7  1  2)  63-C(  8  1  2)  64-C(  2  2  2)
  65-C(  3  2  2)  66-C(  4  2  2)  67-C(  5  2  2)  68-C(  6  2  2)
  69-C(  7  2  2)  70-C(  3  3  2)  71-C(  4  3  2)  72-C(  5  3  2)
  73-C(  6  3  2)  74-C(  4  4  2)  75-C(  5  4  2)  76-C(  0  0  3)
  77-C(  1  0  3)  78-C(  2  0  3)  79-C(  3  0  3)  80-C(  4  0  3)
  81-C(  1  1  3)  82-C(  2  1  3)  83-C(  3  1  3)  84-C(  4  1  3)
  85-C(  5  1  3)  86-C(  6  1  3)  87-C(  7  1  3)  88-C(  8  1  3)
  89-C(  2  2  3)  90-C(  3  2  3)  91-C(  4  2  3)  92-C(  5  2  3)
  93-C(  6  2  3)  94-C(  7  2  3)  95-C(  3  3  3)  96-C(  4  3  3)
  97-C(  5  3  3)  98-C(  6  3  3)  99-C(  4  4  3) 100-C(  5  4  3)
 101-C(  0  0  4) 102-C(  1  0  4) 103-C(  2  0  4) 104-C(  3  0  4)
 105-C(  4  0  4) 106-C(  1  1  4) 107-C(  2  1  4) 108-C(  3  1  4)
 109-C(  4  1  4) 110-C(  5  1  4) 111-C(  6  1  4) 112-C(  7  1  4)
 113-C(  8  1  4) 114-C(  2  2  4) 115-C(  3  2  4) 116-C(  4  2  4)
 117-C(  5  2  4) 118-C(  6  2  4) 119-C(  7  2  4) 120-C(  3  3  4)
 121-C(  4  3  4) 122-C(  5  3  4) 123-C(  6  3  4) 124-C(  4  4  4)
 125-C(  5  4  4)

 DIRECT LATTICE VECTORS COMPON. (A.U.)     RECIP. LATTICE VECTORS COMPON. (A.U.) 
        X            Y            Z              X            Y            Z
    4.4178110    8.6601871    0.0000000      0.7111197    0.3627627    0.0000000
   -4.4178110    8.6601871    0.0000000     -0.7111197    0.3627627    0.0000000
    0.0000000    0.0000000    9.8045906      0.0000000    0.0000000    0.6408412

 DISK SPACE FOR EIGENVECTORS (FTN 10)    20653056 REALS

 SYMMETRY ADAPTION OF THE BLOCH FUNCTIONS ENABLED
 TTTTTTTTTTTTTTTTTTTTTTTTTTTTTT gordsh1     TELAPSE        1.57 TCPU        0.49

 MATRIX SIZE: P(G) 1558052, F(G)  175958, P(G) IRR  109710, F(G) IRR   25601
 MAX G-VECTOR INDEX FOR 1- AND 2-ELECTRON INTEGRALS 235

 TTTTTTTTTTTTTTTTTTTTTTTTTTTTTT INPUT       TELAPSE        1.57 TCPU        0.49

 NEIGHBORS OF THE NON-EQUIVALENT ATOMS

 N = NUMBER OF NEIGHBORS AT DISTANCE R
    ATOM  N     R/ANG      R/AU   NEIGHBORS (ATOM LABELS AND CELL INDICES)
   1 C    1     1.5360     2.9026   13 C    0 0-1
   1 C    1     1.5429     2.9157    9 C    0 0 0
   1 C    1     1.5555     2.9395    7 C    0 0 0
   1 C    1     1.5776     2.9812    8 C    0 0 0
   1 C    1     2.1977     4.1531   15 C    0 0-1
   1 C    1     2.1995     4.1564   12 C    0 0 0

   9 C    1     1.4768     2.7908   10 C    1 0 0
   9 C    2     1.5429     2.9157    1 C    0 0 0    6 C    0 0 0
   9 C    1     1.5796     2.9850   12 C    0 0 0
   9 C    2     2.1995     4.1564    4 C    0 0 0    7 C    0 0 0
   9 C    2     2.6043     4.9214    2 C    1 0 0    5 C    1 0 0
   9 C    2     2.6592     5.0252   11 C    1 0 0   11 C    0 1 0

  13 C    2     1.5360     2.9026    1 C    0 0 1    6 C    0 0 0
  13 C    1     1.5468     2.9231   16 C    1-1 0
  13 C    1     1.5662     2.9596   15 C    0 0 0
  13 C    2     2.1977     4.1531    3 C    0 0 0    8 C    0 0 1
  13 C    1     2.2013     4.1598   14 C    1-1 0
  13 C    2     2.6806     5.0655    4 C    1-1 0    7 C    1-1 1


 SYMMETRY ALLOWED INTERNAL DEGREE(S) OF FREEDOM:   7
 TTTTTTTTTTTTTTTTTTTTTTTTTTTTTT SYMM        TELAPSE        1.62 TCPU        0.52
 TTTTTTTTTTTTTTTTTTTTTTTTTTTTTT INT_SCREEN  TELAPSE        1.62 TCPU        0.52

 DFT PARAMETERS

     ATOM       ELECTRONS   NET CHARGE   R(ANGSTROM)
   1   6  C       6.0000      0.0000     0.77000000

 SIZE OF GRID=      56954
 TTTTTTTTTTTTTTTTTTTTTTTTTTTTTT MAKE_GRID2  TELAPSE        1.97 TCPU        0.86
 BECKE WEIGHT FUNCTION
 RADSAFE =     2.00
 TOLERANCES - DENSITY:10**- 6; POTENTIAL:10**- 9; GRID WGT:10**-14

 RADIAL INTEGRATION  - INTERVALS (POINTS,UPPER LIMIT):            1( 75,  4.0*R)

 ANGULAR INTEGRATION - INTERVALS (ACCURACY LEVEL [N. POINTS] UPPER LIMIT):
  1(  4[  86]   0.2)  2(  8[ 194]   0.5)  3( 12[ 350]   0.9)  4( 16[ 974]   3.5)
  5( 12[ 350]9999.0)
 TTTTTTTTTTTTTTTTTTTTTTTTTTTTTT INT_CALC    TELAPSE        1.99 TCPU        0.89
 EEEEEEEEEE INT_CALC TERMINATION  DATE 30 01 2026 TIME 22:41:01.1

 *******************************************************************************
 ./4^3T189-CA_SCF_opt_rev1_sp_B3LYP-D3-D3_optimized                              
 CRYSTAL - SCF - TYPE OF CALCULATION :  UNRESTRICTED OPEN SHELL
 *******************************************************************************

 CAPPA:IS1  9;IS2  9;IS3  9; K PTS MONK NET 125; SYMMOPS:K SPACE   8;G SPACE   8

 TTTTTTTTTTTTTTTTTTTTTTTTTTTTTT SDIK        TELAPSE        2.14 TCPU        1.03

 AAAAAAAAAAAAAAAAAAAAAAAAAAAAAAAAAAAAAAAAAAAAAAAAAAAAAAAAAAAAAAAAAAAAAAAAAAAAAAA
         ATOMIC WAVEFUNCTION(S)


 NUCLEAR CHARGE  6.0  SYMMETRY SPECIES            S    P
 N. ELECTRONS    6.0  NUMBER OF PRIMITIVE GTOS   10    6
                      NUMBER OF CONTRACTED GTOS   4    3
                      NUMBER OF CLOSED SHELLS     2    0
                      OPEN SHELL OCCUPATION       0    2

  ZNUC  SCFIT    TOTAL HF ENERGY   KINETIC ENERGY   VIRIAL THEOREM ACCURACY
   6.0    10    -3.766702350E+01  3.783137943E+01 -1.995655566E+00  1.6E-06

 AAAAAAAAAAAAAAAAAAAAAAAAAAAAAAAAAAAAAAAAAAAAAAAAAAAAAAAAAAAAAAAAAAAAAAAAAAAAAAA

 CHARGE NORMALIZATION FACTOR   1.00000000
 TOTAL ATOMIC CHARGES:
   6.0000000   6.0000000   6.0000000   6.0000000   6.0000000   6.0000000
   6.0000000   6.0000000   6.0000000   6.0000000   6.0000000   6.0000000
   6.0000000   6.0000000   6.0000000   6.0000000
 SUMMED SPIN DENSITY           0.00000000
 TOTAL ATOMIC SPINS  :
   0.0000000   0.0000000   0.0000000   0.0000000   0.0000000   0.0000000
   0.0000000   0.0000000   0.0000000   0.0000000   0.0000000   0.0000000
   0.0000000   0.0000000   0.0000000   0.0000000
 TTTTTTTTTTTTTTTTTTTTTTTTTTTTTT MOQGAD      TELAPSE        2.15 TCPU        1.04
 TTTTTTTTTTTTTTTTTTTTTTTTTTTTTT SHELLXN     TELAPSE       35.03 TCPU       33.86
 TTTTTTTTTTTTTTTTTTTTTTTTTTTTTT MONMO3      TELAPSE       35.06 TCPU       33.89
 NUMERICALLY INTEGRATED DENSITY     48.0000163294     48.0000163294
 TTTTTTTTTTTTTTTTTTTTTTTTTTTTTT NUMDFT      TELAPSE       35.57 TCPU       34.40
 CYC   0 ETOT(AU) -6.143902648859E+02 DETOT -6.14E+02 tst  0.00E+00 PX  1.00E+00
 TTTTTTTTTTTTTTTTTTTTTTTTTTTTTT DIIS        TELAPSE       35.63 TCPU       34.45
 TTTTTTTTTTTTTTTTTTTTTTTTTTTTTT FDIK        TELAPSE       37.50 TCPU       36.32

    ALPHA      ELECTRONS
 INSULATING STATE
 TOP OF VALENCE BANDS -    BAND     48; K   12; EIG -1.8744613E-01 AU
 TOP OF VALENCE BANDS -    BAND     48; K    1; EIG -2.1381539E-01 AU
 BOTTOM OF VIRTUAL BANDS - BAND     49; K  125; EIG -6.8512573E-02 AU
 INDIRECT ENERGY BAND GAP:   3.2363 eV
 BOTTOM OF VIRTUAL BANDS - BAND     49; K    1; EIG -1.4752608E-02 AU

    BETA       ELECTRONS
 INSULATING STATE
 TOP OF VALENCE BANDS -    BAND     48; K   12; EIG -1.8744613E-01 AU
 TOP OF VALENCE BANDS -    BAND     48; K    1; EIG -2.1381539E-01 AU
 BOTTOM OF VIRTUAL BANDS - BAND     49; K  125; EIG -6.8512573E-02 AU
 INDIRECT ENERGY BAND GAP:   3.2363 eV
 BOTTOM OF VIRTUAL BANDS - BAND     49; K    1; EIG -1.4752608E-02 AU
 TTTTTTTTTTTTTTTTTTTTTTTTTTTTTT PDIG        TELAPSE       37.71 TCPU       36.52
 CHARGE NORMALIZATION FACTOR   1.00000000
 TOTAL ATOMIC CHARGES:
   6.0146525   6.0146525   6.0146525   6.0146525   6.0146525   6.0146525
   6.0146525   6.0146525   5.9824862   5.9824862   5.9824862   5.9824862
   5.9882088   5.9882088   5.9882088   5.9882088
 SUMMED SPIN DENSITY          -0.00000000
 TOTAL ATOMIC SPINS  :
  -0.0000000  -0.0000000  -0.0000000  -0.0000000  -0.0000000  -0.0000000
  -0.0000000  -0.0000000   0.0000000   0.0000000   0.0000000   0.0000000
  -0.0000000  -0.0000000  -0.0000000  -0.0000000
 TTTTTTTTTTTTTTTTTTTTTTTTTTTTTT MOQGAD      TELAPSE       37.71 TCPU       36.53
 TTTTTTTTTTTTTTTTTTTTTTTTTTTTTT SHELLXN     TELAPSE       71.96 TCPU       70.70
 TTTTTTTTTTTTTTTTTTTTTTTTTTTTTT MONMO3      TELAPSE       71.99 TCPU       70.74
 NUMERICALLY INTEGRATED DENSITY     48.0000088902     48.0000088902
 TTTTTTTTTTTTTTTTTTTTTTTTTTTTTT NUMDFT      TELAPSE       72.48 TCPU       71.23
 CYC   1 ETOT(AU) -6.090323899557E+02 DETOT  5.36E+00 tst  0.00E+00 PX  1.00E+00
 TTTTTTTTTTTTTTTTTTTTTTTTTTTTTT DIIS        TELAPSE       72.53 TCPU       71.28
 DIIS TEST: 0.16619E+00 AT SCF   CYCLE   1 - MIX   30 %
 TTTTTTTTTTTTTTTTTTTTTTTTTTTTTT FDIK        TELAPSE       73.44 TCPU       72.19

    ALPHA      ELECTRONS
 INSULATING STATE
 TOP OF VALENCE BANDS -    BAND     48; K   12; EIG -1.2218107E-01 AU
 TOP OF VALENCE BANDS -    BAND     48; K    1; EIG -1.4792890E-01 AU
 BOTTOM OF VIRTUAL BANDS - BAND     49; K  125; EIG  1.5240113E-02 AU
 INDIRECT ENERGY BAND GAP:   3.7394 eV
 BOTTOM OF VIRTUAL BANDS - BAND     49; K    1; EIG  7.5602559E-02 AU

    BETA       ELECTRONS
 INSULATING STATE
 TOP OF VALENCE BANDS -    BAND     48; K   12; EIG -1.2218107E-01 AU
 TOP OF VALENCE BANDS -    BAND     48; K    1; EIG -1.4792890E-01 AU
 BOTTOM OF VIRTUAL BANDS - BAND     49; K  125; EIG  1.5240113E-02 AU
 INDIRECT ENERGY BAND GAP:   3.7394 eV
 BOTTOM OF VIRTUAL BANDS - BAND     49; K    1; EIG  7.5602559E-02 AU
 TTTTTTTTTTTTTTTTTTTTTTTTTTTTTT PDIG        TELAPSE       73.65 TCPU       72.39
 CHARGE NORMALIZATION FACTOR   1.00000000
 TOTAL ATOMIC CHARGES:
   6.0109899   6.0109899   6.0109899   6.0109899   6.0109899   6.0109899
   6.0109899   6.0109899   5.9800333   5.9800333   5.9800333   5.9800333
   5.9979869   5.9979869   5.9979869   5.9979869
 SUMMED SPIN DENSITY          -0.00000000
 TOTAL ATOMIC SPINS  :
  -0.0000000  -0.0000000  -0.0000000  -0.0000000  -0.0000000  -0.0000000
  -0.0000000  -0.0000000   0.0000000   0.0000000   0.0000000   0.0000000
   0.0000000   0.0000000   0.0000000   0.0000000
 TTTTTTTTTTTTTTTTTTTTTTTTTTTTTT MOQGAD      TELAPSE       73.66 TCPU       72.40
 TTTTTTTTTTTTTTTTTTTTTTTTTTTTTT SHELLXN     TELAPSE      107.88 TCPU      106.55
 TTTTTTTTTTTTTTTTTTTTTTTTTTTTTT MONMO3      TELAPSE      107.91 TCPU      106.59
 NUMERICALLY INTEGRATED DENSITY     48.0000071857     48.0000071857
 TTTTTTTTTTTTTTTTTTTTTTTTTTTTTT NUMDFT      TELAPSE      108.39 TCPU      107.07
 CYC   2 ETOT(AU) -6.090587343149E+02 DETOT -2.63E-02 tst  2.45E-04 PX  6.21E-02
 TTTTTTTTTTTTTTTTTTTTTTTTTTTTTT DIIS        TELAPSE      108.45 TCPU      107.12
 DIIS TEST: 0.28739E-01 AT SCF   CYCLE   2 - DIIS ACTIVE - HISTORY:     2 CYCLES
 TTTTTTTTTTTTTTTTTTTTTTTTTTTTTT FDIK        TELAPSE      109.33 TCPU      108.00

    ALPHA      ELECTRONS
 INSULATING STATE
 TOP OF VALENCE BANDS -    BAND     48; K   12; EIG -1.0832778E-01 AU
 TOP OF VALENCE BANDS -    BAND     48; K    1; EIG -1.3166177E-01 AU
 BOTTOM OF VIRTUAL BANDS - BAND     49; K  125; EIG  4.5229133E-02 AU
 INDIRECT ENERGY BAND GAP:   4.1785 eV
 BOTTOM OF VIRTUAL BANDS - BAND     49; K    1; EIG  1.0637721E-01 AU

    BETA       ELECTRONS
 INSULATING STATE
 TOP OF VALENCE BANDS -    BAND     48; K   12; EIG -1.0832778E-01 AU
 TOP OF VALENCE BANDS -    BAND     48; K    1; EIG -1.3166177E-01 AU
 BOTTOM OF VIRTUAL BANDS - BAND     49; K  125; EIG  4.5229133E-02 AU
 INDIRECT ENERGY BAND GAP:   4.1785 eV
 BOTTOM OF VIRTUAL BANDS - BAND     49; K    1; EIG  1.0637721E-01 AU
 TTTTTTTTTTTTTTTTTTTTTTTTTTTTTT PDIG        TELAPSE      109.54 TCPU      108.20
 CHARGE NORMALIZATION FACTOR   1.00000000
 TOTAL ATOMIC CHARGES:
   6.0246889   6.0246889   6.0246889   6.0246889   6.0246889   6.0246889
   6.0246889   6.0246889   5.9585600   5.9585600   5.9585600   5.9585600
   5.9920622   5.9920622   5.9920622   5.9920622
 SUMMED SPIN DENSITY          -0.00000000
 TOTAL ATOMIC SPINS  :
   0.0000000   0.0000000   0.0000000   0.0000000   0.0000000   0.0000000
   0.0000000   0.0000000  -0.0000000  -0.0000000  -0.0000000  -0.0000000
  -0.0000000  -0.0000000  -0.0000000  -0.0000000
 TTTTTTTTTTTTTTTTTTTTTTTTTTTTTT MOQGAD      TELAPSE      109.54 TCPU      108.21
 TTTTTTTTTTTTTTTTTTTTTTTTTTTTTT SHELLXN     TELAPSE      143.99 TCPU      142.59
 TTTTTTTTTTTTTTTTTTTTTTTTTTTTTT MONMO3      TELAPSE      144.02 TCPU      142.62
 NUMERICALLY INTEGRATED DENSITY     48.0000073924     48.0000073924
 TTTTTTTTTTTTTTTTTTTTTTTTTTTTTT NUMDFT      TELAPSE      144.51 TCPU      143.10
 CYC   3 ETOT(AU) -6.090604056768E+02 DETOT -1.67E-03 tst  6.20E-05 PX  2.21E-02
 TTTTTTTTTTTTTTTTTTTTTTTTTTTTTT DIIS        TELAPSE      144.60 TCPU      143.19
 DIIS TEST: 0.11279E-01 AT SCF   CYCLE   3 - DIIS ACTIVE - HISTORY:     3 CYCLES
 TTTTTTTTTTTTTTTTTTTTTTTTTTTTTT FDIK        TELAPSE      153.77 TCPU      152.35

    ALPHA      ELECTRONS
 INSULATING STATE
 TOP OF VALENCE BANDS -    BAND     48; K   12; EIG -1.1034563E-01 AU
 TOP OF VALENCE BANDS -    BAND     48; K    1; EIG -1.3530348E-01 AU
 BOTTOM OF VIRTUAL BANDS - BAND     49; K  125; EIG  4.5213647E-02 AU
 INDIRECT ENERGY BAND GAP:   4.2330 eV
 BOTTOM OF VIRTUAL BANDS - BAND     49; K    1; EIG  1.0557712E-01 AU

    BETA       ELECTRONS
 INSULATING STATE
 TOP OF VALENCE BANDS -    BAND     48; K   12; EIG -1.1034563E-01 AU
 TOP OF VALENCE BANDS -    BAND     48; K    1; EIG -1.3530348E-01 AU
 BOTTOM OF VIRTUAL BANDS - BAND     49; K  125; EIG  4.5213647E-02 AU
 INDIRECT ENERGY BAND GAP:   4.2330 eV
 BOTTOM OF VIRTUAL BANDS - BAND     49; K    1; EIG  1.0557712E-01 AU
 TTTTTTTTTTTTTTTTTTTTTTTTTTTTTT PDIG        TELAPSE      154.05 TCPU      152.62
 CHARGE NORMALIZATION FACTOR   1.00000000
 TOTAL ATOMIC CHARGES:
   6.0115189   6.0115189   6.0115189   6.0115189   6.0115189   6.0115189
   6.0115189   6.0115189   5.9801163   5.9801163   5.9801163   5.9801163
   5.9968459   5.9968459   5.9968459   5.9968459
 SUMMED SPIN DENSITY          -0.00000000
 TOTAL ATOMIC SPINS  :
   0.0000000   0.0000000   0.0000000   0.0000000   0.0000000   0.0000000
   0.0000000   0.0000000  -0.0000000  -0.0000000  -0.0000000  -0.0000000
  -0.0000000  -0.0000000  -0.0000000  -0.0000000
 TTTTTTTTTTTTTTTTTTTTTTTTTTTTTT MOQGAD      TELAPSE      154.06 TCPU      152.63
 TTTTTTTTTTTTTTTTTTTTTTTTTTTTTT SHELLXN     TELAPSE      188.45 TCPU      186.96
 TTTTTTTTTTTTTTTTTTTTTTTTTTTTTT MONMO3      TELAPSE      188.49 TCPU      186.99
 NUMERICALLY INTEGRATED DENSITY     48.0000072878     48.0000072878
 TTTTTTTTTTTTTTTTTTTTTTTTTTTTTT NUMDFT      TELAPSE      188.97 TCPU      187.47
 CYC   4 ETOT(AU) -6.090608300370E+02 DETOT -4.24E-04 tst  1.21E-05 PX  8.93E-03
 TTTTTTTTTTTTTTTTTTTTTTTTTTTTTT DIIS        TELAPSE      189.02 TCPU      187.53
 DIIS TEST: 0.20582E-02 AT SCF   CYCLE   4 - DIIS ACTIVE - HISTORY:     4 CYCLES
 TTTTTTTTTTTTTTTTTTTTTTTTTTTTTT FDIK        TELAPSE      189.90 TCPU      188.40

    ALPHA      ELECTRONS
 INSULATING STATE
 TOP OF VALENCE BANDS -    BAND     48; K   12; EIG -1.1007098E-01 AU
 TOP OF VALENCE BANDS -    BAND     48; K    1; EIG -1.3426320E-01 AU
 BOTTOM OF VIRTUAL BANDS - BAND     49; K  125; EIG  4.4458475E-02 AU
 INDIRECT ENERGY BAND GAP:   4.2050 eV
 BOTTOM OF VIRTUAL BANDS - BAND     49; K    1; EIG  1.0554393E-01 AU

    BETA       ELECTRONS
 INSULATING STATE
 TOP OF VALENCE BANDS -    BAND     48; K   12; EIG -1.1007098E-01 AU
 TOP OF VALENCE BANDS -    BAND     48; K    1; EIG -1.3426320E-01 AU
 BOTTOM OF VIRTUAL BANDS - BAND     49; K  125; EIG  4.4458475E-02 AU
 INDIRECT ENERGY BAND GAP:   4.2050 eV
 BOTTOM OF VIRTUAL BANDS - BAND     49; K    1; EIG  1.0554393E-01 AU
 TTTTTTTTTTTTTTTTTTTTTTTTTTTTTT PDIG        TELAPSE      190.10 TCPU      188.60
 CHARGE NORMALIZATION FACTOR   1.00000000
 TOTAL ATOMIC CHARGES:
   6.0168259   6.0168259   6.0168259   6.0168259   6.0168259   6.0168259
   6.0168259   6.0168259   5.9694323   5.9694323   5.9694323   5.9694323
   5.9969159   5.9969159   5.9969159   5.9969159
 SUMMED SPIN DENSITY          -0.00000000
 TOTAL ATOMIC SPINS  :
   0.0000000   0.0000000   0.0000000   0.0000000   0.0000000   0.0000000
   0.0000000   0.0000000  -0.0000000  -0.0000000  -0.0000000  -0.0000000
  -0.0000000  -0.0000000  -0.0000000  -0.0000000
 TTTTTTTTTTTTTTTTTTTTTTTTTTTTTT MOQGAD      TELAPSE      190.11 TCPU      188.61
 TTTTTTTTTTTTTTTTTTTTTTTTTTTTTT SHELLXN     TELAPSE      224.53 TCPU      222.96
 TTTTTTTTTTTTTTTTTTTTTTTTTTTTTT MONMO3      TELAPSE      224.57 TCPU      223.00
 NUMERICALLY INTEGRATED DENSITY     48.0000072577     48.0000072577
 TTTTTTTTTTTTTTTTTTTTTTTTTTTTTT NUMDFT      TELAPSE      225.05 TCPU      223.48
 CYC   5 ETOT(AU) -6.090609417177E+02 DETOT -1.12E-04 tst  2.08E-06 PX  2.81E-03
 TTTTTTTTTTTTTTTTTTTTTTTTTTTTTT DIIS        TELAPSE      225.11 TCPU      223.53
 DIIS TEST: 0.15936E-03 AT SCF   CYCLE   5 - DIIS ACTIVE - HISTORY:     5 CYCLES
 TTTTTTTTTTTTTTTTTTTTTTTTTTTTTT FDIK        TELAPSE      226.00 TCPU      224.42

    ALPHA      ELECTRONS
 INSULATING STATE
 TOP OF VALENCE BANDS -    BAND     48; K   12; EIG -1.1000532E-01 AU
 TOP OF VALENCE BANDS -    BAND     48; K    1; EIG -1.3450996E-01 AU
 BOTTOM OF VIRTUAL BANDS - BAND     49; K  125; EIG  4.4704434E-02 AU
 INDIRECT ENERGY BAND GAP:   4.2099 eV
 BOTTOM OF VIRTUAL BANDS - BAND     49; K    1; EIG  1.0556921E-01 AU

    BETA       ELECTRONS
 INSULATING STATE
 TOP OF VALENCE BANDS -    BAND     48; K   12; EIG -1.1000532E-01 AU
 TOP OF VALENCE BANDS -    BAND     48; K    1; EIG -1.3450996E-01 AU
 BOTTOM OF VIRTUAL BANDS - BAND     49; K  125; EIG  4.4704434E-02 AU
 INDIRECT ENERGY BAND GAP:   4.2099 eV
 BOTTOM OF VIRTUAL BANDS - BAND     49; K    1; EIG  1.0556921E-01 AU
 TTTTTTTTTTTTTTTTTTTTTTTTTTTTTT PDIG        TELAPSE      226.21 TCPU      224.63
 CHARGE NORMALIZATION FACTOR   1.00000000
 TOTAL ATOMIC CHARGES:
   6.0167364   6.0167364   6.0167364   6.0167364   6.0167364   6.0167364
   6.0167364   6.0167364   5.9715542   5.9715542   5.9715542   5.9715542
   5.9949729   5.9949729   5.9949729   5.9949729
 SUMMED SPIN DENSITY          -0.00000000
 TOTAL ATOMIC SPINS  :
   0.0000000   0.0000000   0.0000000   0.0000000   0.0000000   0.0000000
   0.0000000   0.0000000  -0.0000000  -0.0000000  -0.0000000  -0.0000000
   0.0000000   0.0000000   0.0000000   0.0000000
 TTTTTTTTTTTTTTTTTTTTTTTTTTTTTT MOQGAD      TELAPSE      226.22 TCPU      224.64
 TTTTTTTTTTTTTTTTTTTTTTTTTTTTTT SHELLXN     TELAPSE      260.64 TCPU      258.99
 TTTTTTTTTTTTTTTTTTTTTTTTTTTTTT MONMO3      TELAPSE      260.68 TCPU      259.03
 NUMERICALLY INTEGRATED DENSITY     48.0000072666     48.0000072666
 TTTTTTTTTTTTTTTTTTTTTTTTTTTTTT NUMDFT      TELAPSE      261.16 TCPU      259.51
 CYC   6 ETOT(AU) -6.090609495162E+02 DETOT -7.80E-06 tst  2.03E-07 PX  6.53E-04
 TTTTTTTTTTTTTTTTTTTTTTTTTTTTTT DIIS        TELAPSE      261.21 TCPU      259.56
 DIIS TEST: 0.35609E-04 AT SCF   CYCLE   6 - DIIS ACTIVE - HISTORY:     6 CYCLES
 TTTTTTTTTTTTTTTTTTTTTTTTTTTTTT FDIK        TELAPSE      262.10 TCPU      260.44

    ALPHA      ELECTRONS
 INSULATING STATE
 TOP OF VALENCE BANDS -    BAND     48; K   12; EIG -1.1009651E-01 AU
 TOP OF VALENCE BANDS -    BAND     48; K    1; EIG -1.3448628E-01 AU
 BOTTOM OF VIRTUAL BANDS - BAND     49; K  125; EIG  4.4623603E-02 AU
 INDIRECT ENERGY BAND GAP:   4.2102 eV
 BOTTOM OF VIRTUAL BANDS - BAND     49; K    1; EIG  1.0555053E-01 AU

    BETA       ELECTRONS
 INSULATING STATE
 TOP OF VALENCE BANDS -    BAND     48; K   12; EIG -1.1009651E-01 AU
 TOP OF VALENCE BANDS -    BAND     48; K    1; EIG -1.3448628E-01 AU
 BOTTOM OF VIRTUAL BANDS - BAND     49; K  125; EIG  4.4623603E-02 AU
 INDIRECT ENERGY BAND GAP:   4.2102 eV
 BOTTOM OF VIRTUAL BANDS - BAND     49; K    1; EIG  1.0555053E-01 AU
 TTTTTTTTTTTTTTTTTTTTTTTTTTTTTT PDIG        TELAPSE      262.30 TCPU      260.64
 CHARGE NORMALIZATION FACTOR   1.00000000
 TOTAL ATOMIC CHARGES:
   6.0162849   6.0162849   6.0162849   6.0162849   6.0162849   6.0162849
   6.0162849   6.0162849   5.9714007   5.9714007   5.9714007   5.9714007
   5.9960295   5.9960295   5.9960295   5.9960295
 SUMMED SPIN DENSITY          -0.00000000
 TOTAL ATOMIC SPINS  :
  -0.0000000  -0.0000000  -0.0000000  -0.0000000  -0.0000000  -0.0000000
  -0.0000000  -0.0000000  -0.0000000  -0.0000000  -0.0000000  -0.0000000
   0.0000000   0.0000000   0.0000000   0.0000000
 TTTTTTTTTTTTTTTTTTTTTTTTTTTTTT MOQGAD      TELAPSE      262.31 TCPU      260.65
 TTTTTTTTTTTTTTTTTTTTTTTTTTTTTT SHELLXN     TELAPSE      296.76 TCPU      295.07
 TTTTTTTTTTTTTTTTTTTTTTTTTTTTTT MONMO3      TELAPSE      296.79 TCPU      295.10
 NUMERICALLY INTEGRATED DENSITY     48.0000072629     48.0000072629
 TTTTTTTTTTTTTTTTTTTTTTTTTTTTTT NUMDFT      TELAPSE      297.28 TCPU      295.59
 CYC   7 ETOT(AU) -6.090609510367E+02 DETOT -1.52E-06 tst  2.66E-08 PX  2.14E-04
 TTTTTTTTTTTTTTTTTTTTTTTTTTTTTT DIIS        TELAPSE      297.33 TCPU      295.64
 DIIS TEST: 0.68660E-06 AT SCF   CYCLE   7 - DIIS ACTIVE - HISTORY:     7 CYCLES
 TTTTTTTTTTTTTTTTTTTTTTTTTTTTTT FDIK        TELAPSE      298.23 TCPU      296.53

    ALPHA      ELECTRONS
 INSULATING STATE
 TOP OF VALENCE BANDS -    BAND     48; K   12; EIG -1.1009718E-01 AU
 TOP OF VALENCE BANDS -    BAND     48; K    1; EIG -1.3450725E-01 AU
 BOTTOM OF VIRTUAL BANDS - BAND     49; K  125; EIG  4.4616571E-02 AU
 INDIRECT ENERGY BAND GAP:   4.2100 eV
 BOTTOM OF VIRTUAL BANDS - BAND     49; K    1; EIG  1.0554279E-01 AU

    BETA       ELECTRONS
 INSULATING STATE
 TOP OF VALENCE BANDS -    BAND     48; K   12; EIG -1.1009718E-01 AU
 TOP OF VALENCE BANDS -    BAND     48; K    1; EIG -1.3450725E-01 AU
 BOTTOM OF VIRTUAL BANDS - BAND     49; K  125; EIG  4.4616571E-02 AU
 INDIRECT ENERGY BAND GAP:   4.2100 eV
 BOTTOM OF VIRTUAL BANDS - BAND     49; K    1; EIG  1.0554279E-01 AU
 TTTTTTTTTTTTTTTTTTTTTTTTTTTTTT PDIG        TELAPSE      298.43 TCPU      296.73
 CHARGE NORMALIZATION FACTOR   1.00000000
 TOTAL ATOMIC CHARGES:
   6.0163505   6.0163505   6.0163505   6.0163505   6.0163505   6.0163505
   6.0163505   6.0163505   5.9713957   5.9713957   5.9713957   5.9713957
   5.9959033   5.9959033   5.9959033   5.9959033
 SUMMED SPIN DENSITY          -0.00000000
 TOTAL ATOMIC SPINS  :
  -0.0000000  -0.0000000  -0.0000000  -0.0000000  -0.0000000  -0.0000000
  -0.0000000  -0.0000000   0.0000000   0.0000000   0.0000000   0.0000000
   0.0000000   0.0000000   0.0000000   0.0000000
 TTTTTTTTTTTTTTTTTTTTTTTTTTTTTT MOQGAD      TELAPSE      298.44 TCPU      296.74
 TTTTTTTTTTTTTTTTTTTTTTTTTTTTTT SHELLXN     TELAPSE      332.83 TCPU      331.06
 TTTTTTTTTTTTTTTTTTTTTTTTTTTTTT MONMO3      TELAPSE      332.86 TCPU      331.09
 NUMERICALLY INTEGRATED DENSITY     48.0000072628     48.0000072628
 TTTTTTTTTTTTTTTTTTTTTTTTTTTTTT NUMDFT      TELAPSE      333.34 TCPU      331.57
 CYC   8 ETOT(AU) -6.090609511172E+02 DETOT -8.05E-08 tst  4.72E-10 PX  4.11E-05
 TTTTTTTTTTTTTTTTTTTTTTTTTTTTTT DIIS        TELAPSE      333.40 TCPU      331.63
 DIIS TEST: 0.70135E-07 AT SCF   CYCLE   8 - DIIS ACTIVE - HISTORY:     8 CYCLES
 TTTTTTTTTTTTTTTTTTTTTTTTTTTTTT FDIK        TELAPSE      334.30 TCPU      332.52

    ALPHA      ELECTRONS
 INSULATING STATE
 TOP OF VALENCE BANDS -    BAND     48; K   12; EIG -1.1010613E-01 AU
 TOP OF VALENCE BANDS -    BAND     48; K    1; EIG -1.3451252E-01 AU
 BOTTOM OF VIRTUAL BANDS - BAND     49; K  125; EIG  4.4609018E-02 AU
 INDIRECT ENERGY BAND GAP:   4.2100 eV
 BOTTOM OF VIRTUAL BANDS - BAND     49; K    1; EIG  1.0553622E-01 AU

    BETA       ELECTRONS
 INSULATING STATE
 TOP OF VALENCE BANDS -    BAND     48; K   12; EIG -1.1010613E-01 AU
 TOP OF VALENCE BANDS -    BAND     48; K    1; EIG -1.3451252E-01 AU
 BOTTOM OF VIRTUAL BANDS - BAND     49; K  125; EIG  4.4609018E-02 AU
 INDIRECT ENERGY BAND GAP:   4.2100 eV
 BOTTOM OF VIRTUAL BANDS - BAND     49; K    1; EIG  1.0553622E-01 AU
 TTTTTTTTTTTTTTTTTTTTTTTTTTTTTT PDIG        TELAPSE      334.50 TCPU      332.72
 CHARGE NORMALIZATION FACTOR   1.00000000
 TOTAL ATOMIC CHARGES:
   6.0163485   6.0163485   6.0163485   6.0163485   6.0163485   6.0163485
   6.0163485   6.0163485   5.9713842   5.9713842   5.9713842   5.9713842
   5.9959187   5.9959187   5.9959187   5.9959187
 SUMMED SPIN DENSITY          -0.00000000
 TOTAL ATOMIC SPINS  :
  -0.0000000  -0.0000000  -0.0000000  -0.0000000  -0.0000000  -0.0000000
  -0.0000000  -0.0000000   0.0000000   0.0000000   0.0000000   0.0000000
   0.0000000   0.0000000   0.0000000   0.0000000
 TTTTTTTTTTTTTTTTTTTTTTTTTTTTTT MOQGAD      TELAPSE      334.51 TCPU      332.73
 TTTTTTTTTTTTTTTTTTTTTTTTTTTTTT SHELLXN     TELAPSE      368.89 TCPU      367.05
 TTTTTTTTTTTTTTTTTTTTTTTTTTTTTT MONMO3      TELAPSE      368.93 TCPU      367.08
 NUMERICALLY INTEGRATED DENSITY     48.0000072626     48.0000072626
 TTTTTTTTTTTTTTTTTTTTTTTTTTTTTT NUMDFT      TELAPSE      369.41 TCPU      367.56
 CYC   9 ETOT(AU) -6.090609510987E+02 DETOT  1.85E-08 tst  4.32E-11 PX  1.22E-05
 TTTTTTTTTTTTTTTTTTTTTTTTTTTTTT DIIS        TELAPSE      369.46 TCPU      367.61
 DIIS TEST: 0.15204E-08 AT SCF   CYCLE   9 - DIIS ACTIVE - HISTORY:     9 CYCLES
 TTTTTTTTTTTTTTTTTTTTTTTTTTTTTT FDIK        TELAPSE      370.35 TCPU      368.49

    ALPHA      ELECTRONS
 INSULATING STATE
 TOP OF VALENCE BANDS -    BAND     48; K   12; EIG -1.1010720E-01 AU
 TOP OF VALENCE BANDS -    BAND     48; K    1; EIG -1.3451356E-01 AU
 BOTTOM OF VIRTUAL BANDS - BAND     49; K  125; EIG  4.4608152E-02 AU
 INDIRECT ENERGY BAND GAP:   4.2100 eV
 BOTTOM OF VIRTUAL BANDS - BAND     49; K    1; EIG  1.0553491E-01 AU

    BETA       ELECTRONS
 INSULATING STATE
 TOP OF VALENCE BANDS -    BAND     48; K   12; EIG -1.1010720E-01 AU
 TOP OF VALENCE BANDS -    BAND     48; K    1; EIG -1.3451356E-01 AU
 BOTTOM OF VIRTUAL BANDS - BAND     49; K  125; EIG  4.4608152E-02 AU
 INDIRECT ENERGY BAND GAP:   4.2100 eV
 BOTTOM OF VIRTUAL BANDS - BAND     49; K    1; EIG  1.0553491E-01 AU
 TTTTTTTTTTTTTTTTTTTTTTTTTTTTTT PDIG        TELAPSE      370.56 TCPU      368.70
 CHARGE NORMALIZATION FACTOR   1.00000000
 TOTAL ATOMIC CHARGES:
   6.0163467   6.0163467   6.0163467   6.0163467   6.0163467   6.0163467
   6.0163467   6.0163467   5.9713868   5.9713868   5.9713868   5.9713868
   5.9959198   5.9959198   5.9959198   5.9959198
 SUMMED SPIN DENSITY           0.00000000
 TOTAL ATOMIC SPINS  :
   0.0000000   0.0000000   0.0000000   0.0000000   0.0000000   0.0000000
   0.0000000   0.0000000  -0.0000000  -0.0000000  -0.0000000  -0.0000000
  -0.0000000  -0.0000000  -0.0000000  -0.0000000
 TTTTTTTTTTTTTTTTTTTTTTTTTTTTTT MOQGAD      TELAPSE      370.56 TCPU      368.71
 TTTTTTTTTTTTTTTTTTTTTTTTTTTTTT SHELLXN     TELAPSE      404.97 TCPU      403.05
 TTTTTTTTTTTTTTTTTTTTTTTTTTTTTT MONMO3      TELAPSE      405.00 TCPU      403.08
 NUMERICALLY INTEGRATED DENSITY     48.0000072627     48.0000072627
 TTTTTTTTTTTTTTTTTTTTTTTTTTTTTT NUMDFT      TELAPSE      405.49 TCPU      403.56
 CYC  10 ETOT(AU) -6.090609511019E+02 DETOT -3.12E-09 tst  2.34E-12 PX  2.56E-06
 TTTTTTTTTTTTTTTTTTTTTTTTTTTTTT DIIS        TELAPSE      405.54 TCPU      403.62
 DIIS TEST: 0.42616E-10 AT SCF   CYCLE  10 - DIIS ACTIVE - HISTORY:    10 CYCLES
 TTTTTTTTTTTTTTTTTTTTTTTTTTTTTT FDIK        TELAPSE      406.37 TCPU      404.44

    ALPHA      ELECTRONS
 INSULATING STATE
 TOP OF VALENCE BANDS -    BAND     48; K   12; EIG -1.1010726E-01 AU
 TOP OF VALENCE BANDS -    BAND     48; K    1; EIG -1.3451364E-01 AU
 BOTTOM OF VIRTUAL BANDS - BAND     49; K  125; EIG  4.4608068E-02 AU
 INDIRECT ENERGY BAND GAP:   4.2100 eV
 BOTTOM OF VIRTUAL BANDS - BAND     49; K    1; EIG  1.0553491E-01 AU

    BETA       ELECTRONS
 INSULATING STATE
 TOP OF VALENCE BANDS -    BAND     48; K   12; EIG -1.1010726E-01 AU
 TOP OF VALENCE BANDS -    BAND     48; K    1; EIG -1.3451364E-01 AU
 BOTTOM OF VIRTUAL BANDS - BAND     49; K  125; EIG  4.4608068E-02 AU
 INDIRECT ENERGY BAND GAP:   4.2100 eV
 BOTTOM OF VIRTUAL BANDS - BAND     49; K    1; EIG  1.0553491E-01 AU
 TTTTTTTTTTTTTTTTTTTTTTTTTTTTTT PDIG        TELAPSE      406.57 TCPU      404.64
 CHARGE NORMALIZATION FACTOR   1.00000000
 TOTAL ATOMIC CHARGES:
   6.0163473   6.0163473   6.0163473   6.0163473   6.0163473   6.0163473
   6.0163473   6.0163473   5.9713860   5.9713860   5.9713860   5.9713860
   5.9959195   5.9959195   5.9959195   5.9959195
 SUMMED SPIN DENSITY          -0.00000000
 TOTAL ATOMIC SPINS  :
   0.0000000   0.0000000   0.0000000   0.0000000   0.0000000   0.0000000
   0.0000000   0.0000000  -0.0000000  -0.0000000  -0.0000000  -0.0000000
  -0.0000000  -0.0000000  -0.0000000  -0.0000000
 TTTTTTTTTTTTTTTTTTTTTTTTTTTTTT MOQGAD      TELAPSE      406.58 TCPU      404.65
 TTTTTTTTTTTTTTTTTTTTTTTTTTTTTT SHELLXN     TELAPSE      440.97 TCPU      438.97
 TTTTTTTTTTTTTTTTTTTTTTTTTTTTTT MONMO3      TELAPSE      441.00 TCPU      439.01
 NUMERICALLY INTEGRATED DENSITY     48.0000072627     48.0000072627
 TTTTTTTTTTTTTTTTTTTTTTTTTTTTTT NUMDFT      TELAPSE      441.48 TCPU      439.49
 CYC  11 ETOT(AU) -6.090609511020E+02 DETOT -9.60E-11 tst  5.35E-13 PX  5.20E-07
 TTTTTTTTTTTTTTTTTTTTTTTTTTTTTT DIIS        TELAPSE      441.53 TCPU      439.54
 DIIS TEST: 0.38180E-11 AT SCF   CYCLE  11 - DIIS ACTIVE - HISTORY:    11 CYCLES
 TTTTTTTTTTTTTTTTTTTTTTTTTTTTTT FDIK        TELAPSE      442.26 TCPU      440.26

    ALPHA      ELECTRONS
 INSULATING STATE
 TOP OF VALENCE BANDS -    BAND     48; K   12; EIG -1.1010727E-01 AU
 TOP OF VALENCE BANDS -    BAND     48; K    1; EIG -1.3451365E-01 AU
 BOTTOM OF VIRTUAL BANDS - BAND     49; K  125; EIG  4.4608057E-02 AU
 INDIRECT ENERGY BAND GAP:   4.2100 eV
 BOTTOM OF VIRTUAL BANDS - BAND     49; K    1; EIG  1.0553490E-01 AU

    BETA       ELECTRONS
 INSULATING STATE
 TOP OF VALENCE BANDS -    BAND     48; K   12; EIG -1.1010727E-01 AU
 TOP OF VALENCE BANDS -    BAND     48; K    1; EIG -1.3451365E-01 AU
 BOTTOM OF VIRTUAL BANDS - BAND     49; K  125; EIG  4.4608057E-02 AU
 INDIRECT ENERGY BAND GAP:   4.2100 eV
 BOTTOM OF VIRTUAL BANDS - BAND     49; K    1; EIG  1.0553490E-01 AU
 TTTTTTTTTTTTTTTTTTTTTTTTTTTTTT PDIG        TELAPSE      442.47 TCPU      440.47
 CHARGE NORMALIZATION FACTOR   1.00000000
 TOTAL ATOMIC CHARGES:
   6.0163472   6.0163472   6.0163472   6.0163472   6.0163472   6.0163472
   6.0163472   6.0163472   5.9713860   5.9713860   5.9713860   5.9713860
   5.9959195   5.9959195   5.9959195   5.9959195
 SUMMED SPIN DENSITY          -0.00000000
 TOTAL ATOMIC SPINS  :
   0.0000000   0.0000000   0.0000000   0.0000000   0.0000000   0.0000000
   0.0000000   0.0000000  -0.0000000  -0.0000000  -0.0000000  -0.0000000
   0.0000000   0.0000000   0.0000000   0.0000000
 TTTTTTTTTTTTTTTTTTTTTTTTTTTTTT MOQGAD      TELAPSE      442.48 TCPU      440.48
 TTTTTTTTTTTTTTTTTTTTTTTTTTTTTT SHELLXN     TELAPSE      476.79 TCPU      474.74
 +++ ENERGIES IN A.U. +++
 ::: EXT EL-POLE                                  -2.5665813460144E+03
 ::: EXT EL-SPHEROPOLE                             2.2593212198781E+01
 ::: BIELET ZONE E-E                               2.6797921509015E+03
 ::: TOTAL E-E                                     1.3580401708587E+02
 ::: TOTAL E-N + N-E                              -1.0966231640073E+03
 ::: TOTAL N-N                                    -1.8530388379455E+02
 ::: KINETIC ENERGY                                6.0741601398076E+02
 ::: PSEUDO TOTAL   ENERGY                        -5.3870701673519E+02
 ::: VIRIAL COEFFICIENT                            1.0599490590488E+00
 TTTTTTTTTTTTTTTTTTTTTTTTTTTTTT MONMO3      TELAPSE      476.83 TCPU      474.77
 NUMERICALLY INTEGRATED DENSITY     48.0000072627     48.0000072627
 EXCHANGE ENERGY: -0.663100785623E+02  CORRELATION ENERGY: -0.404385580453E+01
 TTTTTTTTTTTTTTTTTTTTTTTTTTTTTT NUMDFT      TELAPSE      477.31 TCPU      475.25
 CYC  12 ETOT(AU) -6.090609511020E+02 DETOT -2.73E-11 tst  1.05E-14 PX  5.20E-07

 == SCF ENDED - CONVERGENCE ON ENERGY      E(AU) -6.0906095110199E+02 CYCLES  12


 ENERGY EXPRESSION=HARTREE+FOCK EXCH*0.20000+(BECKE      EXCH)*0.80000+LYP        CORR


 TOTAL ENERGY(DFT)(AU)( 12) -6.0906095110199E+02 DE-2.7E-11 tester 1.0E-14
 TTTTTTTTTTTTTTTTTTTTTTTTTTTTTT EDFT        TELAPSE      477.32 TCPU      475.26
 
 INFORMATION **** DFTD3 ENERGY **** CALCULATE DFTD3 ENERGY

           DFT-D V3(BJ)
 DF                                         b3-lyp    
 parameters
 s6       :    1.0000
 s8       :    1.9889
 a1       :    0.3981
 a2       :    4.4211
 k1 k3    :   16.0000   -4.0000
 Cutoff   :   50.2022
 CN-Cutoff:   21.1671
 ABC-Cutoff:   21.1671
 
 Edisp /kcal,au:   -91.3746 -0.14561465

 E6    /kcal :   -43.9922
 E8    /kcal :   -47.3824
 
 INFORMATION **** DFTD3 ENERGY **** NORMAL TERMINATION OF DFTD3 MODULE

 *******************************************************************************

 DFT-D3 DISPERSION ENERGY CORRECTION

 D3 DISPERSION ENERGY (AU)       -1.4561465011005E-01
 TOTAL ENERGY + DISP (AU)        -6.0920656575210E+02

 *******************************************************************************


 NEIGHBORS OF THE NON-EQUIVALENT ATOMS

 N = NUMBER OF NEIGHBORS AT DISTANCE R
    ATOM  N     R/ANG      R/AU   NEIGHBORS (ATOM LABELS AND CELL INDICES)
   1 C    1     1.5360     2.9026   13 C    0 0-1
   1 C    1     1.5429     2.9157    9 C    0 0 0
   1 C    1     1.5555     2.9395    7 C    0 0 0
   1 C    1     1.5776     2.9812    8 C    0 0 0
   1 C    1     2.1977     4.1531   15 C    0 0-1
   1 C    1     2.1995     4.1564   12 C    0 0 0

   9 C    1     1.4768     2.7908   10 C    1 0 0
   9 C    2     1.5429     2.9157    1 C    0 0 0    6 C    0 0 0
   9 C    1     1.5796     2.9850   12 C    0 0 0
   9 C    2     2.1995     4.1564    4 C    0 0 0    7 C    0 0 0
   9 C    2     2.6043     4.9214    2 C    1 0 0    5 C    1 0 0
   9 C    2     2.6592     5.0252   11 C    1 0 0   11 C    0 1 0

  13 C    2     1.5360     2.9026    1 C    0 0 1    6 C    0 0 0
  13 C    1     1.5468     2.9231   16 C    1-1 0
  13 C    1     1.5662     2.9596   15 C    0 0 0
  13 C    2     2.1977     4.1531    3 C    0 0 0    8 C    0 0 1
  13 C    1     2.2013     4.1598   14 C    1-1 0
  13 C    2     2.6806     5.0655    4 C    1-1 0    7 C    1-1 1

 TTTTTTTTTTTTTTTTTTTTTTTTTTTTTT AFTER FIRST TELAPSE      477.44 TCPU      475.37
 MMMMMMMMMMMMMMMMMMMMMMMMMMMMMMMMMMMMMMMMMMMMMMMMMMMMMMMMMMMMMMMMMMMMMMMMMMMMMMM
     ALPHA+BETA ELECTRONS
 MULLIKEN POPULATION ANALYSIS - NO. OF ELECTRONS   96.000000

  ATOM    Z CHARGE  A.O. POPULATION

   1 C    6  6.016  0.854  1.121  0.759  0.437  0.443  0.436  0.436 -0.014
                   -0.016 -0.008  0.503  0.513  0.509  0.010  0.008  0.009
                    0.013  0.006
   2 C    6  6.016  0.854  1.121  0.759  0.437  0.443  0.436  0.436 -0.014
                   -0.016 -0.008  0.503  0.513  0.509  0.010  0.008  0.009
                    0.013  0.006
   3 C    6  6.016  0.854  1.121  0.759  0.437  0.443  0.436  0.436 -0.014
                   -0.016 -0.008  0.503  0.513  0.509  0.010  0.008  0.009
                    0.013  0.006
   4 C    6  6.016  0.854  1.121  0.759  0.437  0.443  0.436  0.436 -0.014
                   -0.016 -0.008  0.503  0.513  0.509  0.010  0.008  0.009
                    0.013  0.006
   5 C    6  6.016  0.854  1.121  0.759  0.437  0.443  0.436  0.436 -0.014
                   -0.016 -0.008  0.503  0.513  0.509  0.010  0.008  0.009
                    0.013  0.006
   6 C    6  6.016  0.854  1.121  0.759  0.437  0.443  0.436  0.436 -0.014
                   -0.016 -0.008  0.503  0.513  0.509  0.010  0.008  0.009
                    0.013  0.006
   7 C    6  6.016  0.854  1.121  0.759  0.437  0.443  0.436  0.436 -0.014
                   -0.016 -0.008  0.503  0.513  0.509  0.010  0.008  0.009
                    0.013  0.006
   8 C    6  6.016  0.854  1.121  0.759  0.437  0.443  0.436  0.436 -0.014
                   -0.016 -0.008  0.503  0.513  0.509  0.010  0.008  0.009
                    0.013  0.006
   9 C    6  5.971  0.853  1.121  0.761  0.400  0.440  0.451  0.437 -0.011
                   -0.002  0.009  0.505  0.500  0.461  0.010  0.006  0.012
                    0.011  0.008
  10 C    6  5.971  0.853  1.121  0.761  0.400  0.440  0.451  0.437 -0.011
                   -0.002  0.009  0.505  0.500  0.461  0.010  0.006  0.012
                    0.011  0.008
  11 C    6  5.971  0.853  1.121  0.761  0.400  0.440  0.451  0.437 -0.011
                   -0.002  0.009  0.505  0.500  0.461  0.010  0.006  0.012
                    0.011  0.008
  12 C    6  5.971  0.853  1.121  0.761  0.400  0.440  0.451  0.437 -0.011
                   -0.002  0.009  0.505  0.500  0.461  0.010  0.006  0.012
                    0.011  0.008
  13 C    6  5.996  0.853  1.121  0.750  0.447  0.431  0.454  0.440  0.005
                   -0.032  0.004  0.462  0.538  0.478  0.012  0.010  0.006
                    0.012  0.006
  14 C    6  5.996  0.853  1.121  0.750  0.447  0.431  0.454  0.440  0.005
                   -0.032  0.004  0.462  0.538  0.478  0.012  0.010  0.006
                    0.012  0.006
  15 C    6  5.996  0.853  1.121  0.750  0.447  0.431  0.454  0.440  0.005
                   -0.032  0.004  0.462  0.538  0.478  0.012  0.010  0.006
                    0.012  0.006
  16 C    6  5.996  0.853  1.121  0.750  0.447  0.431  0.454  0.440  0.005
                   -0.032  0.004  0.462  0.538  0.478  0.012  0.010  0.006
                    0.012  0.006

  ATOM    Z CHARGE  SHELL POPULATION

   1 C    6  6.016  0.854  1.121  0.759  0.437  1.315 -0.039  1.524  0.046
   2 C    6  6.016  0.854  1.121  0.759  0.437  1.315 -0.039  1.524  0.046
   3 C    6  6.016  0.854  1.121  0.759  0.437  1.315 -0.039  1.524  0.046
   4 C    6  6.016  0.854  1.121  0.759  0.437  1.315 -0.039  1.524  0.046
   5 C    6  6.016  0.854  1.121  0.759  0.437  1.315 -0.039  1.524  0.046
   6 C    6  6.016  0.854  1.121  0.759  0.437  1.315 -0.039  1.524  0.046
   7 C    6  6.016  0.854  1.121  0.759  0.437  1.315 -0.039  1.524  0.046
   8 C    6  6.016  0.854  1.121  0.759  0.437  1.315 -0.039  1.524  0.046
   9 C    6  5.971  0.853  1.121  0.761  0.400  1.328 -0.005  1.466  0.047
  10 C    6  5.971  0.853  1.121  0.761  0.400  1.328 -0.005  1.466  0.047
  11 C    6  5.971  0.853  1.121  0.761  0.400  1.328 -0.005  1.466  0.047
  12 C    6  5.971  0.853  1.121  0.761  0.400  1.328 -0.005  1.466  0.047
  13 C    6  5.996  0.853  1.121  0.750  0.447  1.324 -0.023  1.478  0.046
  14 C    6  5.996  0.853  1.121  0.750  0.447  1.324 -0.023  1.478  0.046
  15 C    6  5.996  0.853  1.121  0.750  0.447  1.324 -0.023  1.478  0.046
  16 C    6  5.996  0.853  1.121  0.750  0.447  1.324 -0.023  1.478  0.046

 OVERLAP POPULATION CONDENSED TO ATOMS FOR FIRST   6 NEIGHBORS

 ATOM A   1 C    ATOM B     CELL      R(AB)/AU R(AB)/ANG    OVPOP(AB)
                 13 C    (  0  0 -1)     2.903     1.536     0.244
                  9 C    (  0  0  0)     2.916     1.543     0.269
                  7 C    (  0  0  0)     2.940     1.556     0.347
                  8 C    (  0  0  0)     2.981     1.578     0.349
                 15 C    (  0  0 -1)     4.153     2.198    -0.089
                 12 C    (  0  0  0)     4.156     2.199    -0.086

 ATOM A   9 C    ATOM B     CELL      R(AB)/AU R(AB)/ANG    OVPOP(AB)
                 10 C    (  1  0  0)     2.791     1.477     0.337
                  1 C    (  0  0  0)     2.916     1.543     0.269
                 12 C    (  0  0  0)     2.985     1.580     0.367
                  4 C    (  0  0  0)     4.156     2.199    -0.086
                  2 C    (  1  0  0)     4.921     2.604    -0.012
                 11 C    (  1  0  0)     5.025     2.659    -0.012

 ATOM A  13 C    ATOM B     CELL      R(AB)/AU R(AB)/ANG    OVPOP(AB)
                  1 C    (  0  0  1)     2.903     1.536     0.244
                 16 C    (  1 -1  0)     2.923     1.547     0.260
                 15 C    (  0  0  0)     2.960     1.566     0.432
                  3 C    (  0  0  0)     4.153     2.198    -0.089
                 14 C    (  1 -1  0)     4.160     2.201    -0.104
                  4 C    (  1 -1  0)     5.066     2.681    -0.005
 TTTTTTTTTTTTTTTTTTTTTTTTTTTTTT AFTER FIRST TELAPSE      478.01 TCPU      475.41
 MMMMMMMMMMMMMMMMMMMMMMMMMMMMMMMMMMMMMMMMMMMMMMMMMMMMMMMMMMMMMMMMMMMMMMMMMMMMMMM
     ALPHA-BETA ELECTRONS
 MULLIKEN POPULATION ANALYSIS - NO. OF ELECTRONS   -0.000000

  ATOM    Z CHARGE  A.O. POPULATION

   1 C    6  0.000  0.000 -0.000  0.000 -0.000  0.000  0.000  0.000 -0.000
                   -0.000 -0.000 -0.000  0.000  0.000  0.000 -0.000  0.000
                    0.000 -0.000
   2 C    6  0.000  0.000 -0.000  0.000 -0.000  0.000  0.000  0.000 -0.000
                   -0.000 -0.000 -0.000  0.000  0.000  0.000 -0.000  0.000
                    0.000 -0.000
   3 C    6  0.000  0.000 -0.000  0.000 -0.000  0.000  0.000  0.000 -0.000
                   -0.000 -0.000 -0.000  0.000  0.000  0.000 -0.000  0.000
                    0.000 -0.000
   4 C    6  0.000  0.000 -0.000  0.000 -0.000  0.000  0.000  0.000 -0.000
                   -0.000 -0.000 -0.000  0.000  0.000  0.000 -0.000  0.000
                    0.000 -0.000
   5 C    6  0.000  0.000 -0.000  0.000 -0.000  0.000  0.000  0.000 -0.000
                   -0.000 -0.000 -0.000  0.000  0.000  0.000 -0.000  0.000
                    0.000 -0.000
   6 C    6  0.000  0.000 -0.000  0.000 -0.000  0.000  0.000  0.000 -0.000
                   -0.000 -0.000 -0.000  0.000  0.000  0.000 -0.000  0.000
                    0.000 -0.000
   7 C    6  0.000  0.000 -0.000  0.000 -0.000  0.000  0.000  0.000 -0.000
                   -0.000 -0.000 -0.000  0.000  0.000  0.000 -0.000  0.000
                    0.000 -0.000
   8 C    6  0.000  0.000 -0.000  0.000 -0.000  0.000  0.000  0.000 -0.000
                   -0.000 -0.000 -0.000  0.000  0.000  0.000 -0.000  0.000
                    0.000 -0.000
   9 C    6 -0.000  0.000 -0.000  0.000 -0.000  0.000 -0.000  0.000 -0.000
                    0.000 -0.000  0.000 -0.000  0.000  0.000 -0.000  0.000
                   -0.000  0.000
  10 C    6 -0.000  0.000 -0.000  0.000 -0.000  0.000 -0.000  0.000 -0.000
                    0.000 -0.000  0.000 -0.000  0.000  0.000 -0.000  0.000
                   -0.000  0.000
  11 C    6 -0.000  0.000 -0.000  0.000 -0.000  0.000 -0.000  0.000 -0.000
                    0.000 -0.000  0.000 -0.000  0.000  0.000 -0.000  0.000
                   -0.000  0.000
  12 C    6 -0.000  0.000 -0.000  0.000 -0.000  0.000 -0.000  0.000 -0.000
                    0.000 -0.000  0.000 -0.000  0.000  0.000 -0.000  0.000
                   -0.000  0.000
  13 C    6  0.000 -0.000  0.000 -0.000  0.000 -0.000  0.000 -0.000  0.000
                   -0.000 -0.000 -0.000  0.000  0.000 -0.000  0.000  0.000
                    0.000  0.000
  14 C    6  0.000 -0.000  0.000 -0.000  0.000 -0.000  0.000 -0.000  0.000
                   -0.000 -0.000 -0.000  0.000  0.000 -0.000  0.000  0.000
                    0.000  0.000
  15 C    6  0.000 -0.000  0.000 -0.000  0.000 -0.000  0.000 -0.000  0.000
                   -0.000 -0.000 -0.000  0.000  0.000 -0.000  0.000  0.000
                    0.000  0.000
  16 C    6  0.000 -0.000  0.000 -0.000  0.000 -0.000  0.000 -0.000  0.000
                   -0.000 -0.000 -0.000  0.000  0.000 -0.000  0.000  0.000
                    0.000  0.000

  ATOM    Z CHARGE  SHELL POPULATION

   1 C    6  0.000  0.000 -0.000  0.000 -0.000  0.000 -0.000  0.000  0.000
   2 C    6  0.000  0.000 -0.000  0.000 -0.000  0.000 -0.000  0.000  0.000
   3 C    6  0.000  0.000 -0.000  0.000 -0.000  0.000 -0.000  0.000  0.000
   4 C    6  0.000  0.000 -0.000  0.000 -0.000  0.000 -0.000  0.000  0.000
   5 C    6  0.000  0.000 -0.000  0.000 -0.000  0.000 -0.000  0.000  0.000
   6 C    6  0.000  0.000 -0.000  0.000 -0.000  0.000 -0.000  0.000  0.000
   7 C    6  0.000  0.000 -0.000  0.000 -0.000  0.000 -0.000  0.000  0.000
   8 C    6  0.000  0.000 -0.000  0.000 -0.000  0.000 -0.000  0.000  0.000
   9 C    6 -0.000  0.000 -0.000  0.000 -0.000  0.000  0.000 -0.000  0.000
  10 C    6 -0.000  0.000 -0.000  0.000 -0.000  0.000  0.000 -0.000  0.000
  11 C    6 -0.000  0.000 -0.000  0.000 -0.000  0.000  0.000 -0.000  0.000
  12 C    6 -0.000  0.000 -0.000  0.000 -0.000  0.000  0.000 -0.000  0.000
  13 C    6  0.000 -0.000  0.000 -0.000  0.000 -0.000 -0.000  0.000  0.000
  14 C    6  0.000 -0.000  0.000 -0.000  0.000 -0.000 -0.000  0.000  0.000
  15 C    6  0.000 -0.000  0.000 -0.000  0.000 -0.000 -0.000  0.000  0.000
  16 C    6  0.000 -0.000  0.000 -0.000  0.000 -0.000 -0.000  0.000  0.000

 OVERLAP POPULATION CONDENSED TO ATOMS FOR FIRST   6 NEIGHBORS

 ATOM A   1 C    ATOM B     CELL      R(AB)/AU R(AB)/ANG    OVPOP(AB)
                 13 C    (  0  0 -1)     2.903     1.536    -0.000
                  9 C    (  0  0  0)     2.916     1.543     0.000
                  7 C    (  0  0  0)     2.940     1.556    -0.000
                  8 C    (  0  0  0)     2.981     1.578    -0.000
                 15 C    (  0  0 -1)     4.153     2.198     0.000
                 12 C    (  0  0  0)     4.156     2.199     0.000

 ATOM A   9 C    ATOM B     CELL      R(AB)/AU R(AB)/ANG    OVPOP(AB)
                 10 C    (  1  0  0)     2.791     1.477     0.000
                  1 C    (  0  0  0)     2.916     1.543     0.000
                 12 C    (  0  0  0)     2.985     1.580     0.000
                  4 C    (  0  0  0)     4.156     2.199     0.000
                  2 C    (  1  0  0)     4.921     2.604    -0.000
                 11 C    (  1  0  0)     5.025     2.659    -0.000

 ATOM A  13 C    ATOM B     CELL      R(AB)/AU R(AB)/ANG    OVPOP(AB)
                  1 C    (  0  0  1)     2.903     1.536    -0.000
                 16 C    (  1 -1  0)     2.923     1.547     0.000
                 15 C    (  0  0  0)     2.960     1.566     0.000
                  3 C    (  0  0  0)     4.153     2.198     0.000
                 14 C    (  1 -1  0)     4.160     2.201    -0.000
                  4 C    (  1 -1  0)     5.066     2.681    -0.000
 EIGENVECTORS IN FORTRAN UNIT  8
 TTTTTTTTTTTTTTTTTTTTTTTTTTTTTT END         TELAPSE      478.43 TCPU      475.78
 EEEEEEEEEE TERMINATION  DATE 30 01 2026 TIME 22:48:57.5
NODE    0 CPU TIME =       475.781
NODE    1 CPU TIME =       476.690
NODE    2 CPU TIME =       476.731
NODE    3 CPU TIME =       476.704
NODE    4 CPU TIME =       468.250
NODE    5 CPU TIME =       476.741
NODE    6 CPU TIME =       476.673
NODE    7 CPU TIME =       476.561
NODE    8 CPU TIME =       476.740
NODE    9 CPU TIME =       476.544
NODE   10 CPU TIME =       477.051
NODE   11 CPU TIME =       476.998
NODE   12 CPU TIME =       476.746
NODE   13 CPU TIME =       476.749
NODE   14 CPU TIME =       476.717
NODE   15 CPU TIME =       476.781
NODE   16 CPU TIME =       476.813
NODE   17 CPU TIME =       476.764
NODE   18 CPU TIME =       476.651
NODE   19 CPU TIME =       476.819
NODE   20 CPU TIME =       476.881
NODE   21 CPU TIME =       476.711
NODE   22 CPU TIME =       476.692
NODE   23 CPU TIME =       476.690
NODE   24 CPU TIME =       476.691
NODE   25 CPU TIME =       476.668
NODE   26 CPU TIME =       476.673
NODE   27 CPU TIME =       477.193
NODE   28 CPU TIME =       476.667
NODE   29 CPU TIME =       476.729
NODE   30 CPU TIME =       476.690
NODE   31 CPU TIME =       476.683
    TOTAL CPU TIME =     15246.473
