MPI startup(): Warning: I_MPI_PMI_LIBRARY will be ignored since the hydra process manager was found
MPI startup(): Warning: I_MPI_PMI_LIBRARY will be ignored since the hydra process manager was found
MPI startup(): Warning: I_MPI_PMI_LIBRARY will be ignored since the hydra process manager was found
MPI startup(): Warning: I_MPI_PMI_LIBRARY will be ignored since the hydra process manager was found
MPI startup(): Warning: I_MPI_PMI_LIBRARY will be ignored since the hydra process manager was found
MPI startup(): Warning: I_MPI_PMI_LIBRARY will be ignored since the hydra process manager was found
MPI startup(): Warning: I_MPI_PMI_LIBRARY will be ignored since the hydra process manager was found
MPI startup(): Warning: I_MPI_PMI_LIBRARY will be ignored since the hydra process manager was found
MPI startup(): Warning: I_MPI_PMI_LIBRARY will be ignored since the hydra process manager was found
MPI startup(): Warning: I_MPI_PMI_LIBRARY will be ignored since the hydra process manager was found
MPI startup(): Warning: I_MPI_PMI_LIBRARY will be ignored since the hydra process manager was found
MPI startup(): Warning: I_MPI_PMI_LIBRARY will be ignored since the hydra process manager was found
MPI startup(): Warning: I_MPI_PMI_LIBRARY will be ignored since the hydra process manager was found
MPI startup(): Warning: I_MPI_PMI_LIBRARY will be ignored since the hydra process manager was found
MPI startup(): Warning: I_MPI_PMI_LIBRARY will be ignored since the hydra process manager was found
MPI startup(): Warning: I_MPI_PMI_LIBRARY will be ignored since the hydra process manager was found
MPI startup(): Warning: I_MPI_PMI_LIBRARY will be ignored since the hydra process manager was found
MPI startup(): Warning: I_MPI_PMI_LIBRARY will be ignored since the hydra process manager was found
MPI startup(): Warning: I_MPI_PMI_LIBRARY will be ignored since the hydra process manager was found
MPI startup(): Warning: I_MPI_PMI_LIBRARY will be ignored since the hydra process manager was found
MPI startup(): Warning: I_MPI_PMI_LIBRARY will be ignored since the hydra process manager was found
MPI startup(): Warning: I_MPI_PMI_LIBRARY will be ignored since the hydra process manager was found
MPI startup(): Warning: I_MPI_PMI_LIBRARY will be ignored since the hydra process manager was found
MPI startup(): Warning: I_MPI_PMI_LIBRARY will be ignored since the hydra process manager was found
MPI startup(): Warning: I_MPI_PMI_LIBRARY will be ignored since the hydra process manager was found
MPI startup(): Warning: I_MPI_PMI_LIBRARY will be ignored since the hydra process manager was found
MPI startup(): Warning: I_MPI_PMI_LIBRARY will be ignored since the hydra process manager was found
MPI startup(): Warning: I_MPI_PMI_LIBRARY will be ignored since the hydra process manager was found
MPI startup(): Warning: I_MPI_PMI_LIBRARY will be ignored since the hydra process manager was found
MPI startup(): Warning: I_MPI_PMI_LIBRARY will be ignored since the hydra process manager was found
MPI startup(): Warning: I_MPI_PMI_LIBRARY will be ignored since the hydra process manager was found
MPI startup(): Warning: I_MPI_PMI_LIBRARY will be ignored since the hydra process manager was found
 PROCESS           11  OF           32  WORKING
 PROCESS           28  OF           32  WORKING
 PROCESS            0  OF           32  WORKING
 PROCESS           10  OF           32  WORKING
 PROCESS            8  OF           32  WORKING
 PROCESS           20  OF           32  WORKING
 PROCESS           12  OF           32  WORKING
 PROCESS           18  OF           32  WORKING

         
 *******************************************************************************
 *                                                                             *
 *                               CRYSTAL23                                     *
 *                      public : 1.0.1 - October 2022                          *
 *                       HTTP://WWW.CRYSTAL.UNITO.IT                           *
 *                                                                             *
 *                              MAIN AUTHORS                                   *
 *                                                                             *
 *  R. DOVESI(1,11), V.R. SAUNDERS(2), C. ROETTI(1,11), R. ORLANDO(1,11),      *
 PROCESS           19  OF           32  WORKING
 *  C.M. ZICOVICH-WILSON(1,3), F. PASCALE(4), B. CIVALLERI(1,11),              *
 *  K. DOLL(5), N.M. HARRISON(6), I.J. BUSH(7), Ph. D'ARCO(8),                 *
 *  M. LLUNELL(9), M. CAUSA'(10), Y. NOEL(8), L. MASCHIO(1,11), A. ERBA(1,11)  *
 *  M. RE'RAT(14), S. CASASSA(1,11), B.G. SEARLE(2), J.K. DESMARAIS(1)         *
 *                                                                             *
 *        CONTRIBUTIONS TO THE CODE HAVE ALSO BEEN GIVEN BY                    *
 *                                                                             *
 *  M. FERRABONE(1,11), M. DE LA PIERRE(1,11), M. FERRERO(1,11),               *
 *  J. BAIMA(1,11), E. ALBANESE(1,11), M.F. PEINTINGER(12), R. BAST(13),       *
 *  B. KIRTMAN(15), V. LACIVITA(1,11), R. DEMICHELIS(1,16)                     *
 *  G. BRANDEBURG(17), S. SALUSTRO(1,11), G. SANSONE(1,11)                     *
 *  M.T. RUGGIERO(18), L.E. DAGA(1), L. DONA'(1), A. COSSARD(1)                *
 *                                                                             *
 * (1) THEORETICAL CHEMISTRY GROUP - UNIVERSITA' DI TORINO - TORINO (ITALY)    *
 * (2) SCIENTIFIC COMPUTING DEPARTMENT - STFC DARESBURY (UK)                   *
 * (3) UNIVERSIDAD AUTONOMA DEL ESTADO DE MORELOS - CUERNAVACA (MEXICO)        *
 * (4) UNIVERSITE' DE LORRAINE - NANCY (FRANCE)                                *
 * (5) UNIVERSITAET STUTTGART- STUTTGART (GERMANY)                             *
 * (6) IMPERIAL COLLEGE - LONDON (UK)                                          *
 * (7) SCIENTIFIC COMPUTING DEPARTMENT - STFC RAL (UK)                         *
 * (8) UPMC - SORBONNE UNIVERSITES - PARIS (FRANCE)                            *
 * (9) UNIVERSIDAD DE BARCELONA - BARCELONA (SPAIN)                            *
 PROCESS           16  OF           32  WORKING
 *(10) UNIVERSITA' DI NAPOLI "FEDERICO II" - NAPOLI (ITALY)                    *
 *(11) NIS - NANOSTRUCTURED INTERFACES AND SURFACES - TORINO (ITALY)           *
 *(12) MPI FUER CHEMISCHE ENERGIEKONVERSION - MUELHEIM AN DER RUHR (GERMANY)   *
 *(13) UNIVERSITY OF TROMSO - TROMSO (NORWAY)                                  *
 *(14) UNIVERSITE' DE PAU ET DES PAYS DE L'ADOUR - PAU (FRANCE)                *
 *(15) UNIVERSITY OF CALIFORNIA SANTA BARBARA - SANTA BARBARA (USA)            *
 *(16) CURTIN UNIVERSITY - PERTH (AUSTRALIA)                                   *
 *(17) UNIVERSITY COLLEGE LONDON - LONDON (UK)                                 *
 *(18) UNIVERSITY OF VERMONT - BURLINGTON (USA)                                *
 *                                                                             *
 *******************************************************************************
 EEEEEEEEEE STARTING  DATE 30 01 2026 TIME 21:36:39.3
 ./4^3T96-CA_SCF_opt_rev1_sp_B3LYP-D3-D3_optimized                               
 PROCESS           17  OF           32  WORKING
 PROCESS           25  OF           32  WORKING
 PROCESS           15  OF           32  WORKING
 PROCESS           29  OF           32  WORKING
 PROCESS           14  OF           32  WORKING
 PROCESS           24  OF           32  WORKING
 PROCESS           30  OF           32  WORKING
 PROCESS           31  OF           32  WORKING
 PROCESS            1  OF           32  WORKING
 PROCESS           22  OF           32  WORKING
 PROCESS           27  OF           32  WORKING
 PROCESS           13  OF           32  WORKING
 PROCESS           23  OF           32  WORKING
 PROCESS           21  OF           32  WORKING
 PROCESS           26  OF           32  WORKING
 PROCESS            7  OF           32  WORKING
 PROCESS            2  OF           32  WORKING
 PROCESS            5  OF           32  WORKING
 PROCESS            6  OF           32  WORKING
 PROCESS            3  OF           32  WORKING
 PROCESS            4  OF           32  WORKING

 CRYSTAL CALCULATION
 (INPUT ACCORDING TO THE INTERNATIONAL TABLES FOR X-RAY CRYSTALLOGRAPHY)
 CRYSTAL FAMILY                       :  ORTHORHOMBIC
 CRYSTAL CLASS  (GROTH - 1921)        :  ORTHORHOMBIC BIPYRAMIDAL             

 SPACE GROUP (CENTROSYMMETRIC)        :  C M C M         

 LATTICE PARAMETERS  (ANGSTROMS AND DEGREES) - CONVENTIONAL CELL
        A           B           C        ALPHA        BETA       GAMMA
    12.58366     4.64047     4.16004    90.00000    90.00000    90.00000


 NUMBER OF IRREDUCIBLE ATOMS IN THE CONVENTIONAL CELL:    3

 INPUT COORDINATES

 ATOM AT. N.              COORDINATES
   1   6     2.083099834984E-01  3.452759848390E-01  6.494165848652E-02
   2   6    -9.210879802262E-02 -3.391748042952E-01  6.257718578043E-02
   3   6    -2.020162193387E-18  1.565677985964E-01  6.534024012037E-02

 *******************************************************************************

 << INFORMATION >>: FROM NOW ON, ALL COORDINATES REFER TO THE PRIMITIVE CELL

 *******************************************************************************

 LATTICE PARAMETERS  (ANGSTROMS AND DEGREES) - PRIMITIVE CELL
       A          B          C        ALPHA      BETA     GAMMA        VOLUME
    6.70601    6.70601    4.16004    90.00000  90.00000 139.51509    121.461069

 COORDINATES OF THE EQUIVALENT ATOMS (FRACTIONAL UNITS)

 N. ATOM EQUIV AT. N.          X                  Y                  Z

   1   1   1    6 C    -4.46414031663E-01  1.36966001341E-01  6.49416584865E-02
   2   1   2    6 C     4.46414031663E-01 -1.36966001341E-01 -4.35058341513E-01
   3   1   3    6 C    -1.36966001341E-01  4.46414031663E-01 -6.49416584865E-02
   4   1   4    6 C     1.36966001341E-01 -4.46414031663E-01  4.35058341513E-01
   5   1   5    6 C     4.46414031663E-01 -1.36966001341E-01 -6.49416584865E-02
   6   1   6    6 C    -4.46414031663E-01  1.36966001341E-01  4.35058341513E-01
   7   1   7    6 C     1.36966001341E-01 -4.46414031663E-01  6.49416584865E-02
   8   1   8    6 C    -1.36966001341E-01  4.46414031663E-01 -4.35058341513E-01

   9   2   1    6 C    -4.31283602318E-01 -2.47066006273E-01  6.25771857804E-02
  10   2   2    6 C     4.31283602318E-01  2.47066006273E-01 -4.37422814220E-01
  11   2   3    6 C     2.47066006273E-01  4.31283602318E-01 -6.25771857804E-02
  12   2   4    6 C    -2.47066006273E-01 -4.31283602318E-01  4.37422814220E-01
  13   2   5    6 C     4.31283602318E-01  2.47066006273E-01 -6.25771857804E-02
  14   2   6    6 C    -4.31283602318E-01 -2.47066006273E-01  4.37422814220E-01
  15   2   7    6 C    -2.47066006273E-01 -4.31283602318E-01  6.25771857804E-02
  16   2   8    6 C     2.47066006273E-01  4.31283602318E-01 -4.37422814220E-01

  17   3   1    6 C     1.56567798596E-01  1.56567798596E-01  6.53402401204E-02
  18   3   2    6 C    -1.56567798596E-01 -1.56567798596E-01 -4.34659759880E-01
  19   3   3    6 C    -1.56567798596E-01 -1.56567798596E-01 -6.53402401204E-02
  20   3   4    6 C     1.56567798596E-01  1.56567798596E-01  4.34659759880E-01

 NUMBER OF SYMMETRY OPERATORS         :    8
 *******************************************************************************
 * GEOMETRY EDITING - INPUT COORDINATES ARE GIVEN IN ANGSTROM         
 *******************************************************************************

 GEOMETRY NOW FULLY CONSISTENT WITH THE GROUP

 GCALCO - MAX INDICES DIRECT LATTICE VECTOR    14    14    15
 NO.OF VECTORS CREATED 6999 STARS 1025 RMAX   110.85878 BOHR

 GEOMETRY FOR WAVE FUNCTION - DIMENSIONALITY OF THE SYSTEM    3
 (NON PERIODIC DIRECTION: LATTICE PARAMETER FORMALLY SET TO 500)
 *******************************************************************************
 LATTICE PARAMETERS (ANGSTROMS AND DEGREES) - BOHR = 0.5291772083 ANGSTROM
 PRIMITIVE CELL - CENTRING CODE 4/0 VOLUME=   121.461069 - DENSITY  3.281 g/cm^3
         A              B              C           ALPHA      BETA       GAMMA 
     6.70601217     6.70601217     4.16004421    90.000000  90.000000 139.515088
 *******************************************************************************
 ATOMS IN THE ASYMMETRIC UNIT    3 - ATOMS IN THE UNIT CELL:   20
     ATOM                 X/A                 Y/B                 Z/C    
 *******************************************************************************
      1 T   6 C    -4.464140316626E-01  1.369660013406E-01  6.494165848652E-02
      2 F   6 C     4.464140316626E-01 -1.369660013406E-01 -4.350583415135E-01
      3 F   6 C    -1.369660013406E-01  4.464140316626E-01 -6.494165848652E-02
      4 F   6 C     1.369660013406E-01 -4.464140316626E-01  4.350583415135E-01
      5 F   6 C     4.464140316626E-01 -1.369660013406E-01 -6.494165848652E-02
      6 F   6 C    -4.464140316626E-01  1.369660013406E-01  4.350583415135E-01
      7 F   6 C     1.369660013406E-01 -4.464140316626E-01  6.494165848652E-02
      8 F   6 C    -1.369660013406E-01  4.464140316626E-01 -4.350583415135E-01
      9 T   6 C    -4.312836023178E-01 -2.470660062726E-01  6.257718578043E-02
     10 F   6 C     4.312836023178E-01  2.470660062726E-01 -4.374228142196E-01
     11 F   6 C     2.470660062726E-01  4.312836023178E-01 -6.257718578043E-02
     12 F   6 C    -2.470660062726E-01 -4.312836023178E-01  4.374228142196E-01
     13 F   6 C     4.312836023178E-01  2.470660062726E-01 -6.257718578043E-02
     14 F   6 C    -4.312836023178E-01 -2.470660062726E-01  4.374228142196E-01
     15 F   6 C    -2.470660062726E-01 -4.312836023178E-01  6.257718578043E-02
     16 F   6 C     2.470660062726E-01  4.312836023178E-01 -4.374228142196E-01
     17 T   6 C     1.565677985964E-01  1.565677985964E-01  6.534024012037E-02
     18 F   6 C    -1.565677985964E-01 -1.565677985964E-01 -4.346597598796E-01
     19 F   6 C    -1.565677985964E-01 -1.565677985964E-01 -6.534024012037E-02
     20 F   6 C     1.565677985964E-01  1.565677985964E-01  4.346597598796E-01

 TRANSFORMATION MATRIX PRIMITIVE-CRYSTALLOGRAPHIC CELL
  1.0000  1.0000  0.0000 -1.0000  1.0000  0.0000  0.0000  0.0000  1.0000

 *******************************************************************************
 CRYSTALLOGRAPHIC CELL (VOLUME=        242.92213790)
         A              B              C           ALPHA      BETA       GAMMA 
    12.58365614     4.64047360     4.16004421    90.000000  90.000000  90.000000

 COORDINATES IN THE CRYSTALLOGRAPHIC CELL
     ATOM                 X/A                 Y/B                 Z/C    
 *******************************************************************************
      1 T   6 C     2.083099834984E-01  3.452759848390E-01  6.494165848652E-02
      2 F   6 C    -2.083099834984E-01 -3.452759848390E-01 -4.350583415135E-01
      3 F   6 C     2.083099834984E-01 -3.452759848390E-01 -6.494165848652E-02
      4 F   6 C    -2.083099834984E-01  3.452759848390E-01  4.350583415135E-01
      5 F   6 C    -2.083099834984E-01 -3.452759848390E-01 -6.494165848652E-02
      6 F   6 C     2.083099834984E-01  3.452759848390E-01  4.350583415135E-01
      7 F   6 C    -2.083099834984E-01  3.452759848390E-01  6.494165848652E-02
      8 F   6 C     2.083099834984E-01 -3.452759848390E-01 -4.350583415135E-01
      9 T   6 C    -9.210879802262E-02 -3.391748042952E-01  6.257718578043E-02
     10 F   6 C     9.210879802262E-02  3.391748042952E-01 -4.374228142196E-01
     11 F   6 C    -9.210879802262E-02  3.391748042952E-01 -6.257718578043E-02
     12 F   6 C     9.210879802262E-02 -3.391748042952E-01  4.374228142196E-01
     13 F   6 C     9.210879802262E-02  3.391748042952E-01 -6.257718578043E-02
     14 F   6 C    -9.210879802262E-02 -3.391748042952E-01  4.374228142196E-01
     15 F   6 C     9.210879802262E-02 -3.391748042952E-01  6.257718578043E-02
     16 F   6 C    -9.210879802262E-02  3.391748042952E-01 -4.374228142196E-01
     17 T   6 C    -1.015911011472E-17  1.565677985964E-01  6.534024012037E-02
     18 F   6 C    -3.975853581089E-18 -1.565677985964E-01 -4.346597598796E-01
     19 F   6 C    -3.975853581089E-18 -1.565677985964E-01 -6.534024012037E-02
     20 F   6 C     3.975853581089E-18  1.565677985964E-01  4.346597598796E-01

 T = ATOM BELONGING TO THE ASYMMETRIC UNIT

 ****    8 SYMMOPS - TRANSLATORS IN FRACTIONAL UNITS
 **** MATRICES AND TRANSLATORS IN THE CRYSTALLOGRAPHIC REFERENCE FRAME
   V INV                    ROTATION MATRICES                   TRANSLATORS
   1   1  1.00  0.00  0.00  0.00  1.00  0.00  0.00  0.00  1.00  0.00  0.00  0.00
   2   2 -1.00  0.00  0.00 -0.00 -1.00  0.00  0.00  0.00  1.00  0.00  0.00  0.50
   3   3  0.00 -1.00  0.00 -1.00 -0.00  0.00  0.00  0.00 -1.00  0.00  0.00  0.00
   4   4 -0.00  1.00  0.00  1.00  0.00  0.00  0.00  0.00 -1.00  0.00  0.00  0.50
   5   5 -1.00  0.00  0.00 -0.00 -1.00  0.00  0.00  0.00 -1.00  0.00  0.00  0.00
   6   6  1.00 -0.00  0.00  0.00  1.00  0.00  0.00  0.00 -1.00  0.00  0.00  0.50
   7   7 -0.00  1.00  0.00  1.00  0.00  0.00  0.00  0.00  1.00  0.00  0.00  0.00
   8   8  0.00 -1.00  0.00 -1.00 -0.00  0.00  0.00  0.00  1.00  0.00  0.00  0.50

 DIRECT LATTICE VECTORS CARTESIAN COMPONENTS (ANGSTROM)
          X                    Y                    Z
   0.629182807000E+01   0.232023680000E+01   0.000000000000E+00
  -0.629182807000E+01   0.232023680000E+01   0.000000000000E+00
   0.000000000000E+00   0.000000000000E+00   0.416004421000E+01


 CARTESIAN COORDINATES - PRIMITIVE CELL
 *******************************************************************************
 *      ATOM          X(ANGSTROM)         Y(ANGSTROM)         Z(ANGSTROM)
 *******************************************************************************
    1     6 C     2.621301202873E+00  1.602244092359E+00  2.701601703746E-01
    2     6 C    -2.621301202873E+00 -1.602244092359E+00 -1.809861934625E+00
    3     6 C     2.621301202873E+00 -1.602244092359E+00 -2.701601703746E-01
    4     6 C    -2.621301202873E+00  1.602244092359E+00  1.809861934625E+00
    5     6 C    -2.621301202873E+00 -1.602244092359E+00 -2.701601703746E-01
    6     6 C     2.621301202873E+00  1.602244092359E+00  1.809861934625E+00
    7     6 C    -2.621301202873E+00  1.602244092359E+00  2.701601703746E-01
    8     6 C     2.621301202873E+00 -1.602244092359E+00 -1.809861934625E+00
    9     6 C    -1.159065441785E+00 -1.573931725117E+00  2.603238593840E-01
   10     6 C     1.159065441785E+00  1.573931725117E+00 -1.819698245616E+00
   11     6 C    -1.159065441785E+00  1.573931725117E+00 -2.603238593840E-01
   12     6 C     1.159065441785E+00 -1.573931725117E+00  1.819698245616E+00
   13     6 C     1.159065441785E+00  1.573931725117E+00 -2.603238593840E-01
   14     6 C    -1.159065441785E+00 -1.573931725117E+00  1.819698245616E+00
   15     6 C     1.159065441785E+00 -1.573931725117E+00  2.603238593840E-01
   16     6 C    -1.159065441785E+00  1.573931725117E+00 -1.819698245616E+00
   17     6 C    -1.278387483721E-16  7.265487359967E-01  2.718182875928E-01
   18     6 C    -5.003077432741E-17 -7.265487359967E-01 -1.808203817407E+00
   19     6 C    -5.003077432741E-17 -7.265487359967E-01 -2.718182875928E-01
   20     6 C     5.003077432741E-17  7.265487359967E-01  1.808203817407E+00

 *******************************************************************************
 LOCAL ATOMIC FUNCTIONS BASIS SET
 *******************************************************************************
   ATOM   X(AU)   Y(AU)   Z(AU)  N. TYPE  EXPONENT  S COEF   P COEF   D/F/G COEF
 *******************************************************************************
   1 C    4.954   3.028   0.511
                                  1 S  
                                         1.358E+04 2.225E-04 0.000E+00 0.000E+00
                                         2.035E+03 1.723E-03 0.000E+00 0.000E+00
                                         4.632E+02 8.926E-03 0.000E+00 0.000E+00
                                         1.312E+02 3.573E-02 0.000E+00 0.000E+00
                                         4.285E+01 1.108E-01 0.000E+00 0.000E+00
                                         1.558E+01 2.430E-01 0.000E+00 0.000E+00
                                  2 S  
                                         6.207E+00 4.144E-01 0.000E+00 0.000E+00
                                         2.576E+00 2.374E-01 0.000E+00 0.000E+00
                                  3 S  
                                         4.941E-01 1.000E+00 0.000E+00 0.000E+00
                                  4 S  
                                         1.644E-01 1.000E+00 0.000E+00 0.000E+00
                           5-     7 P  
                                         3.470E+01 0.000E+00 5.333E-03 0.000E+00
                                         7.958E+00 0.000E+00 3.586E-02 0.000E+00
                                         2.378E+00 0.000E+00 1.422E-01 0.000E+00
                                         8.143E-01 0.000E+00 3.427E-01 0.000E+00
                           8-    10 P  
                                         5.662E-01 0.000E+00 1.000E+00 0.000E+00
                          11-    13 P  
                                         2.674E-01 0.000E+00 1.000E+00 0.000E+00
                          14-    18 D  
                                         8.792E-01 0.000E+00 0.000E+00 1.000E+00
   2 C   -4.954  -3.028  -3.420
   3 C    4.954  -3.028  -0.511
   4 C   -4.954   3.028   3.420
   5 C   -4.954  -3.028  -0.511
   6 C    4.954   3.028   3.420
   7 C   -4.954   3.028   0.511
   8 C    4.954  -3.028  -3.420
   9 C   -2.190  -2.974   0.492
  10 C    2.190   2.974  -3.439
  11 C   -2.190   2.974  -0.492
  12 C    2.190  -2.974   3.439
  13 C    2.190   2.974  -0.492
  14 C   -2.190  -2.974   3.439
  15 C    2.190  -2.974   0.492
  16 C   -2.190   2.974  -3.439
  17 C   -0.000   1.373   0.514
  18 C   -0.000  -1.373  -3.417
  19 C   -0.000  -1.373  -0.514
  20 C    0.000   1.373   3.417
 INFORMATION **** SET_MPP **** PCRYSTAL CALCULATION
 INFORMATION **** READM2 **** NEW DEFAULT: FOCK/KS MATRIX MIXING SET TO 30 %
 INFORMATION **** READM2 **** NEW DEFAULT: FULL DIRECT SCF MODE
 INFORMATION **** READM2 **** NEW DEFAULT: COULOMB BIPOLAR BUFFER SET TO 32 Mb
 INFORMATION **** READM2 **** NEW DEFAULT: EXCHANGE BIPOLAR BUFFER SET TO 32 Mb

 *******************************************************************************
 NEW DEFAULT: DFT INTEGRATION GRID INCREASED TO XLGRID
 NEW DEFAULT: DIIS ACCELERATOR ACTIVE
 USE KEYWORD NODIIS TO TURN IT OFF
 *******************************************************************************

 INFORMATION **** DFTD3_INPUT **** PERFORM LATEST DISPERSION CORRECTION DFT-D3(BJ) WITH AUTOMATIC PARAMETER SETUP
 PLEASE CITE:
 (1) DFT-D3 Reference
  S. Grimme, J. Antony, S. Ehrlich, and H. Krieg, J. Chem. Phys. 132 (2010), 154104
 (2) BJ-Damping Reference
  S. Grimme, S. Ehrlich, and L. Goerigk, J. Comput. Chem. 32 (2011), 1456-1465
 (3) General DFT-D Review
  S. Grimme, A. Hansen, J. G. Brandenburg, and C. Bannwarth,
  Chem. Rev. 116 (2016), 5105-5154

 INFORMATION **** TOLINTEG **** COULOMB AND EXCHANGE SERIES TOLERANCES MODIFIED
 INFORMATION **** TOLDEE **** SCF TOL ON TOTAL ENERGY SET TO           9
 INFORMATION **** READM2 **** FULL DIRECT SCF (MONO AND BIEL INT) SELECTED
 INFORMATION **** MAXCYCLE **** MAX NUMBER OF SCF CYCLES SET TO         800
 INFORMATION **** DIIS **** DIIS FOR SCF ACTIVE
 INFORMATION **** DIIS **** LEVEL SHIFTER DISABLED
 INFORMATION **** PPAN ****  MULLIKEN POPULATION ANALYSIS AT THE END OF SCF
 *******************************************************************************
 N. OF ATOMS PER CELL        20  COULOMB OVERLAP TOL         (T1) 10**   -8
 NUMBER OF SHELLS           160  COULOMB PENETRATION TOL     (T2) 10**   -8
 NUMBER OF AO               360  EXCHANGE OVERLAP TOL        (T3) 10**   -8
 N. OF ELECTRONS PER CELL   120  EXCHANGE PSEUDO OVP (F(G))  (T4) 10**   -9
 CORE ELECTRONS PER CELL     40  EXCHANGE PSEUDO OVP (P(G))  (T5) 10**  -24
 N. OF SYMMETRY OPERATORS     8  POLE ORDER IN MONO ZONE                  4
 *******************************************************************************
 TYPE OF CALCULATION :  UNRESTRICTED OPEN SHELL
 KOHN-SHAM HAMILTONIAN

 (EXCHANGE)[CORRELATION] FUNCTIONAL:(BECKE 88)[LEE-YANG-PARR]

 NON-LOCAL WEIGHTING FACTOR (EXCHANGE) =           0.9000
 NON-LOCAL WEIGHTING FACTOR [CORRELATION] =        0.8100

 HYBRID EXCHANGE - PERCENTAGE OF FOCK EXCHANGE    20.0000

 SPIN POLARIZED DFT SELECTED

 CAPPA:IS1 10;IS2 10;IS3 10; K PTS MONK NET 186; SYMMOPS:K SPACE   8;G SPACE   8

 *******************************************************************************
 MAX NUMBER OF SCF CYCLES     800  CONVERGENCE ON DELTAP        10**-19
 WEIGHT OF F(I) IN F(I+1)      30% CONVERGENCE ON ENERGY        10**- 9
 SHRINK. FACT.(MONKH.)   10 10 10  NUMBER OF K POINTS IN THE IBZ    186
 SHRINKING FACTOR(GILAT NET)   20  NUMBER OF K POINTS(GILAT NET)   1221
 *******************************************************************************
 *** K POINTS COORDINATES (OBLIQUE COORDINATES IN UNITS OF IS = 10)
   1-R(  0  0  0)   2-C(  1  0  0)   3-C(  2  0  0)   4-C(  3  0  0)
   5-C(  4  0  0)   6-R(  5  0  0)   7-C(  1  1  0)   8-C(  2  1  0)
   9-C(  3  1  0)  10-C(  4  1  0)  11-C(  5  1  0)  12-C(  6  1  0)
  13-C(  7  1  0)  14-C(  8  1  0)  15-C(  9  1  0)  16-C(  2  2  0)
  17-C(  3  2  0)  18-C(  4  2  0)  19-C(  5  2  0)  20-C(  6  2  0)
  21-C(  7  2  0)  22-C(  8  2  0)  23-C(  3  3  0)  24-C(  4  3  0)
  25-C(  5  3  0)  26-C(  6  3  0)  27-C(  7  3  0)  28-C(  4  4  0)
  29-C(  5  4  0)  30-C(  6  4  0)  31-R(  5  5  0)  32-C(  0  0  1)
  33-C(  1  0  1)  34-C(  2  0  1)  35-C(  3  0  1)  36-C(  4  0  1)
  37-C(  5  0  1)  38-C(  1  1  1)  39-C(  2  1  1)  40-C(  3  1  1)
  41-C(  4  1  1)  42-C(  5  1  1)  43-C(  6  1  1)  44-C(  7  1  1)
  45-C(  8  1  1)  46-C(  9  1  1)  47-C(  2  2  1)  48-C(  3  2  1)
  49-C(  4  2  1)  50-C(  5  2  1)  51-C(  6  2  1)  52-C(  7  2  1)
  53-C(  8  2  1)  54-C(  3  3  1)  55-C(  4  3  1)  56-C(  5  3  1)
  57-C(  6  3  1)  58-C(  7  3  1)  59-C(  4  4  1)  60-C(  5  4  1)
  61-C(  6  4  1)  62-C(  5  5  1)  63-C(  0  0  2)  64-C(  1  0  2)
  65-C(  2  0  2)  66-C(  3  0  2)  67-C(  4  0  2)  68-C(  5  0  2)
  69-C(  1  1  2)  70-C(  2  1  2)  71-C(  3  1  2)  72-C(  4  1  2)
  73-C(  5  1  2)  74-C(  6  1  2)  75-C(  7  1  2)  76-C(  8  1  2)
  77-C(  9  1  2)  78-C(  2  2  2)  79-C(  3  2  2)  80-C(  4  2  2)
  81-C(  5  2  2)  82-C(  6  2  2)  83-C(  7  2  2)  84-C(  8  2  2)
  85-C(  3  3  2)  86-C(  4  3  2)  87-C(  5  3  2)  88-C(  6  3  2)
  89-C(  7  3  2)  90-C(  4  4  2)  91-C(  5  4  2)  92-C(  6  4  2)
  93-C(  5  5  2)  94-C(  0  0  3)  95-C(  1  0  3)  96-C(  2  0  3)
  97-C(  3  0  3)  98-C(  4  0  3)  99-C(  5  0  3) 100-C(  1  1  3)
 101-C(  2  1  3) 102-C(  3  1  3) 103-C(  4  1  3) 104-C(  5  1  3)
 105-C(  6  1  3) 106-C(  7  1  3) 107-C(  8  1  3) 108-C(  9  1  3)
 109-C(  2  2  3) 110-C(  3  2  3) 111-C(  4  2  3) 112-C(  5  2  3)
 113-C(  6  2  3) 114-C(  7  2  3) 115-C(  8  2  3) 116-C(  3  3  3)
 117-C(  4  3  3) 118-C(  5  3  3) 119-C(  6  3  3) 120-C(  7  3  3)
 121-C(  4  4  3) 122-C(  5  4  3) 123-C(  6  4  3) 124-C(  5  5  3)
 125-C(  0  0  4) 126-C(  1  0  4) 127-C(  2  0  4) 128-C(  3  0  4)
 129-C(  4  0  4) 130-C(  5  0  4) 131-C(  1  1  4) 132-C(  2  1  4)
 133-C(  3  1  4) 134-C(  4  1  4) 135-C(  5  1  4) 136-C(  6  1  4)
 137-C(  7  1  4) 138-C(  8  1  4) 139-C(  9  1  4) 140-C(  2  2  4)
 141-C(  3  2  4) 142-C(  4  2  4) 143-C(  5  2  4) 144-C(  6  2  4)
 145-C(  7  2  4) 146-C(  8  2  4) 147-C(  3  3  4) 148-C(  4  3  4)
 149-C(  5  3  4) 150-C(  6  3  4) 151-C(  7  3  4) 152-C(  4  4  4)
 153-C(  5  4  4) 154-C(  6  4  4) 155-C(  5  5  4) 156-R(  0  0  5)
 157-C(  1  0  5) 158-C(  2  0  5) 159-C(  3  0  5) 160-C(  4  0  5)
 161-R(  5  0  5) 162-C(  1  1  5) 163-C(  2  1  5) 164-C(  3  1  5)
 165-C(  4  1  5) 166-C(  5  1  5) 167-C(  6  1  5) 168-C(  7  1  5)
 169-C(  8  1  5) 170-C(  9  1  5) 171-C(  2  2  5) 172-C(  3  2  5)
 173-C(  4  2  5) 174-C(  5  2  5) 175-C(  6  2  5) 176-C(  7  2  5)
 177-C(  8  2  5) 178-C(  3  3  5) 179-C(  4  3  5) 180-C(  5  3  5)
 181-C(  6  3  5) 182-C(  7  3  5) 183-C(  4  4  5) 184-C(  5  4  5)
 185-C(  6  4  5) 186-R(  5  5  5)

 DIRECT LATTICE VECTORS COMPON. (A.U.)     RECIP. LATTICE VECTORS COMPON. (A.U.) 
        X            Y            Z              X            Y            Z
   11.8898319    4.3846121    0.0000000      0.2642252    0.7165041    0.0000000
  -11.8898319    4.3846121    0.0000000     -0.2642252    0.7165041    0.0000000
    0.0000000    0.0000000    7.8613443      0.0000000    0.0000000    0.7992508

 DISK SPACE FOR EIGENVECTORS (FTN 10)    47433600 REALS

 SYMMETRY ADAPTION OF THE BLOCH FUNCTIONS ENABLED
 PROCESS            9  OF           32  WORKING
 TTTTTTTTTTTTTTTTTTTTTTTTTTTTTT gordsh1     TELAPSE        1.89 TCPU        0.52

 MATRIX SIZE: P(G) 2228984, F(G)  256156, P(G) IRR  150570, F(G) IRR   34963
 MAX G-VECTOR INDEX FOR 1- AND 2-ELECTRON INTEGRALS 277

 TTTTTTTTTTTTTTTTTTTTTTTTTTTTTT INPUT       TELAPSE        1.91 TCPU        0.54

 NEIGHBORS OF THE NON-EQUIVALENT ATOMS

 N = NUMBER OF NEIGHBORS AT DISTANCE R
    ATOM  N     R/ANG      R/AU   NEIGHBORS (ATOM LABELS AND CELL INDICES)
   1 C    1     1.4747     2.7868    5 C    1 0 0
   1 C    1     1.5343     2.8994    3 C    1 1 0
   1 C    1     1.5397     2.9096    6 C    0 0 0
   1 C    1     1.5557     2.9399   13 C    0 0 0
   1 C    1     2.0694     3.9106   15 C    1 1 0
   1 C    2     2.4918     4.7089    2 C    1 0 0    2 C    1 0 1

   9 C    1     1.5312     2.8936   19 C    0 0 0
   9 C    1     1.5557     2.9399    5 C    0 0 0
   9 C    1     1.5594     2.9468   14 C    0 0 0
   9 C    1     1.5808     2.9873   11 C   -1-1 0
   9 C    1     2.0694     3.9106    7 C   -1-1 0
   9 C    1     2.3181     4.3806   15 C    0 0 0

  17 C    2     1.5312     2.8936   11 C    0 0 0   13 C    0 0 0
  17 C    1     1.5364     2.9033   20 C    0 0 0
  17 C    1     1.5515     2.9318   19 C    0 0 0
  17 C    2     2.5180     4.7583   10 C    0 0 1   16 C    0 0 1
  17 C    2     2.5369     4.7941   10 C    0 0 0   16 C    0 0 0
  17 C    2     2.5373     4.7948   18 C    0 0 0   18 C    0 0 1


 SYMMETRY ALLOWED INTERNAL DEGREE(S) OF FREEDOM:   8
 TTTTTTTTTTTTTTTTTTTTTTTTTTTTTT SYMM        TELAPSE        2.03 TCPU        0.64
 TTTTTTTTTTTTTTTTTTTTTTTTTTTTTT INT_SCREEN  TELAPSE        2.07 TCPU        0.68

 DFT PARAMETERS

     ATOM       ELECTRONS   NET CHARGE   R(ANGSTROM)
   1   6  C       6.0000      0.0000     0.77000000

 SIZE OF GRID=      66488
 TTTTTTTTTTTTTTTTTTTTTTTTTTTTTT MAKE_GRID2  TELAPSE        2.43 TCPU        1.03
 BECKE WEIGHT FUNCTION
 RADSAFE =     2.00
 TOLERANCES - DENSITY:10**- 6; POTENTIAL:10**- 9; GRID WGT:10**-14

 RADIAL INTEGRATION  - INTERVALS (POINTS,UPPER LIMIT):            1( 75,  4.0*R)

 ANGULAR INTEGRATION - INTERVALS (ACCURACY LEVEL [N. POINTS] UPPER LIMIT):
  1(  4[  86]   0.2)  2(  8[ 194]   0.5)  3( 12[ 350]   0.9)  4( 16[ 974]   3.5)
  5( 12[ 350]9999.0)
 TTTTTTTTTTTTTTTTTTTTTTTTTTTTTT INT_CALC    TELAPSE        2.44 TCPU        1.04
 EEEEEEEEEE INT_CALC TERMINATION  DATE 30 01 2026 TIME 21:36:40.3

 *******************************************************************************
 ./4^3T96-CA_SCF_opt_rev1_sp_B3LYP-D3-D3_optimized                               
 CRYSTAL - SCF - TYPE OF CALCULATION :  UNRESTRICTED OPEN SHELL
 *******************************************************************************

 CAPPA:IS1 10;IS2 10;IS3 10; K PTS MONK NET 186; SYMMOPS:K SPACE   8;G SPACE   8

 TTTTTTTTTTTTTTTTTTTTTTTTTTTTTT SDIK        TELAPSE        2.72 TCPU        1.32

 AAAAAAAAAAAAAAAAAAAAAAAAAAAAAAAAAAAAAAAAAAAAAAAAAAAAAAAAAAAAAAAAAAAAAAAAAAAAAAA
         ATOMIC WAVEFUNCTION(S)


 NUCLEAR CHARGE  6.0  SYMMETRY SPECIES            S    P
 N. ELECTRONS    6.0  NUMBER OF PRIMITIVE GTOS   10    6
                      NUMBER OF CONTRACTED GTOS   4    3
                      NUMBER OF CLOSED SHELLS     2    0
                      OPEN SHELL OCCUPATION       0    2

  ZNUC  SCFIT    TOTAL HF ENERGY   KINETIC ENERGY   VIRIAL THEOREM ACCURACY
   6.0    10    -3.766702350E+01  3.783137943E+01 -1.995655566E+00  1.6E-06

 AAAAAAAAAAAAAAAAAAAAAAAAAAAAAAAAAAAAAAAAAAAAAAAAAAAAAAAAAAAAAAAAAAAAAAAAAAAAAAA

 CHARGE NORMALIZATION FACTOR   1.00000000
 TOTAL ATOMIC CHARGES:
   6.0000000   6.0000000   6.0000000   6.0000000   6.0000000   6.0000000
   6.0000000   6.0000000   6.0000000   6.0000000   6.0000000   6.0000000
   6.0000000   6.0000000   6.0000000   6.0000000   6.0000000   6.0000000
   6.0000000   6.0000000
 SUMMED SPIN DENSITY           0.00000000
 TOTAL ATOMIC SPINS  :
   0.0000000   0.0000000   0.0000000   0.0000000   0.0000000   0.0000000
   0.0000000   0.0000000   0.0000000   0.0000000   0.0000000   0.0000000
   0.0000000   0.0000000   0.0000000   0.0000000   0.0000000   0.0000000
   0.0000000   0.0000000
 TTTTTTTTTTTTTTTTTTTTTTTTTTTTTT MOQGAD      TELAPSE        2.73 TCPU        1.33
 TTTTTTTTTTTTTTTTTTTTTTTTTTTTTT SHELLXN     TELAPSE       36.87 TCPU       35.45
 TTTTTTTTTTTTTTTTTTTTTTTTTTTTTT MONMO3      TELAPSE       36.91 TCPU       35.49
 NUMERICALLY INTEGRATED DENSITY     60.0000563707     60.0000563707
 TTTTTTTTTTTTTTTTTTTTTTTTTTTTTT NUMDFT      TELAPSE       37.42 TCPU       36.01
 CYC   0 ETOT(AU) -7.684910543615E+02 DETOT -7.68E+02 tst  0.00E+00 PX  1.00E+00
 TTTTTTTTTTTTTTTTTTTTTTTTTTTTTT DIIS        TELAPSE       37.50 TCPU       36.08
 TTTTTTTTTTTTTTTTTTTTTTTTTTTTTT FDIK        TELAPSE       40.77 TCPU       39.35

    ALPHA      ELECTRONS
 INSULATING STATE
 TOP OF VALENCE BANDS -    BAND     60; K    1; EIG -1.8632850E-01 AU
 BOTTOM OF VIRTUAL BANDS - BAND     61; K   31; EIG -3.1433261E-02 AU
 INDIRECT ENERGY BAND GAP:   4.2149 eV
 BOTTOM OF VIRTUAL BANDS - BAND     61; K    1; EIG -2.1145204E-02 AU

    BETA       ELECTRONS
 INSULATING STATE
 TOP OF VALENCE BANDS -    BAND     60; K    1; EIG -1.8632850E-01 AU
 BOTTOM OF VIRTUAL BANDS - BAND     61; K   31; EIG -3.1433261E-02 AU
 INDIRECT ENERGY BAND GAP:   4.2149 eV
 BOTTOM OF VIRTUAL BANDS - BAND     61; K    1; EIG -2.1145204E-02 AU
 TTTTTTTTTTTTTTTTTTTTTTTTTTTTTT PDIG        TELAPSE       41.11 TCPU       39.69
 CHARGE NORMALIZATION FACTOR   1.00000000
 TOTAL ATOMIC CHARGES:
   6.0077605   6.0077605   6.0077605   6.0077605   6.0077605   6.0077605
   6.0077605   6.0077605   6.0071612   6.0071612   6.0071612   6.0071612
   6.0071612   6.0071612   6.0071612   6.0071612   5.9701566   5.9701566
   5.9701566   5.9701566
 SUMMED SPIN DENSITY          -0.00000000
 TOTAL ATOMIC SPINS  :
   0.0000000   0.0000000   0.0000000   0.0000000   0.0000000   0.0000000
   0.0000000   0.0000000  -0.0000000  -0.0000000  -0.0000000  -0.0000000
  -0.0000000  -0.0000000  -0.0000000  -0.0000000   0.0000000   0.0000000
   0.0000000   0.0000000
 TTTTTTTTTTTTTTTTTTTTTTTTTTTTTT MOQGAD      TELAPSE       41.12 TCPU       39.70
 TTTTTTTTTTTTTTTTTTTTTTTTTTTTTT SHELLXN     TELAPSE       76.73 TCPU       75.30
 TTTTTTTTTTTTTTTTTTTTTTTTTTTTTT MONMO3      TELAPSE       76.77 TCPU       75.34
 NUMERICALLY INTEGRATED DENSITY     60.0000338875     60.0000338875
 TTTTTTTTTTTTTTTTTTTTTTTTTTTTTT NUMDFT      TELAPSE       77.30 TCPU       75.87
 CYC   1 ETOT(AU) -7.616612891889E+02 DETOT  6.83E+00 tst  0.00E+00 PX  1.00E+00
 TTTTTTTTTTTTTTTTTTTTTTTTTTTTTT DIIS        TELAPSE       77.40 TCPU       75.97
 DIIS TEST: 0.20071E+00 AT SCF   CYCLE   1 - MIX   30 %
 TTTTTTTTTTTTTTTTTTTTTTTTTTTTTT FDIK        TELAPSE       78.76 TCPU       77.33

    ALPHA      ELECTRONS
 INSULATING STATE
 TOP OF VALENCE BANDS -    BAND     60; K    1; EIG -1.1093316E-01 AU
 BOTTOM OF VIRTUAL BANDS - BAND     61; K   31; EIG  5.7549805E-02 AU
 INDIRECT ENERGY BAND GAP:   4.5847 eV
 BOTTOM OF VIRTUAL BANDS - BAND     61; K    1; EIG  7.5299207E-02 AU

    BETA       ELECTRONS
 INSULATING STATE
 TOP OF VALENCE BANDS -    BAND     60; K    1; EIG -1.1093316E-01 AU
 BOTTOM OF VIRTUAL BANDS - BAND     61; K   31; EIG  5.7549805E-02 AU
 INDIRECT ENERGY BAND GAP:   4.5847 eV
 BOTTOM OF VIRTUAL BANDS - BAND     61; K    1; EIG  7.5299207E-02 AU
 TTTTTTTTTTTTTTTTTTTTTTTTTTTTTT PDIG        TELAPSE       79.01 TCPU       77.58
 CHARGE NORMALIZATION FACTOR   1.00000000
 TOTAL ATOMIC CHARGES:
   5.9775417   5.9775417   5.9775417   5.9775417   5.9775417   5.9775417
   5.9775417   5.9775417   6.0330639   6.0330639   6.0330639   6.0330639
   6.0330639   6.0330639   6.0330639   6.0330639   5.9787887   5.9787887
   5.9787887   5.9787887
 SUMMED SPIN DENSITY          -0.00000000
 TOTAL ATOMIC SPINS  :
  -0.0000000  -0.0000000  -0.0000000  -0.0000000  -0.0000000  -0.0000000
  -0.0000000  -0.0000000  -0.0000000  -0.0000000  -0.0000000  -0.0000000
  -0.0000000  -0.0000000  -0.0000000  -0.0000000   0.0000000   0.0000000
   0.0000000   0.0000000
 TTTTTTTTTTTTTTTTTTTTTTTTTTTTTT MOQGAD      TELAPSE       79.02 TCPU       77.59
 TTTTTTTTTTTTTTTTTTTTTTTTTTTTTT SHELLXN     TELAPSE      114.57 TCPU      113.13
 TTTTTTTTTTTTTTTTTTTTTTTTTTTTTT MONMO3      TELAPSE      114.61 TCPU      113.17
 NUMERICALLY INTEGRATED DENSITY     60.0000359741     60.0000359741
 TTTTTTTTTTTTTTTTTTTTTTTTTTTTTT NUMDFT      TELAPSE      115.14 TCPU      113.70
 CYC   2 ETOT(AU) -7.616921621219E+02 DETOT -3.09E-02 tst  1.93E-04 PX  6.59E-02
 TTTTTTTTTTTTTTTTTTTTTTTTTTTTTT DIIS        TELAPSE      115.21 TCPU      113.76
 DIIS TEST: 0.44826E-01 AT SCF   CYCLE   2 - DIIS ACTIVE - HISTORY:     2 CYCLES
 TTTTTTTTTTTTTTTTTTTTTTTTTTTTTT FDIK        TELAPSE      116.87 TCPU      115.41

    ALPHA      ELECTRONS
 INSULATING STATE
 TOP OF VALENCE BANDS -    BAND     60; K    1; EIG -8.2913947E-02 AU
 BOTTOM OF VIRTUAL BANDS - BAND     61; K   31; EIG  9.2807457E-02 AU
 INDIRECT ENERGY BAND GAP:   4.7816 eV
 BOTTOM OF VIRTUAL BANDS - BAND     61; K    1; EIG  1.1526248E-01 AU

    BETA       ELECTRONS
 INSULATING STATE
 TOP OF VALENCE BANDS -    BAND     60; K    1; EIG -8.2913947E-02 AU
 BOTTOM OF VIRTUAL BANDS - BAND     61; K   31; EIG  9.2807457E-02 AU
 INDIRECT ENERGY BAND GAP:   4.7816 eV
 BOTTOM OF VIRTUAL BANDS - BAND     61; K    1; EIG  1.1526248E-01 AU
 TTTTTTTTTTTTTTTTTTTTTTTTTTTTTT PDIG        TELAPSE      117.13 TCPU      115.67
 CHARGE NORMALIZATION FACTOR   1.00000000
 TOTAL ATOMIC CHARGES:
   6.0139879   6.0139879   6.0139879   6.0139879   6.0139879   6.0139879
   6.0139879   6.0139879   6.0119972   6.0119972   6.0119972   6.0119972
   6.0119972   6.0119972   6.0119972   6.0119972   5.9480298   5.9480298
   5.9480298   5.9480298
 SUMMED SPIN DENSITY          -0.00000000
 TOTAL ATOMIC SPINS  :
   0.0000000   0.0000000   0.0000000   0.0000000   0.0000000   0.0000000
   0.0000000   0.0000000  -0.0000000  -0.0000000  -0.0000000  -0.0000000
  -0.0000000  -0.0000000  -0.0000000  -0.0000000   0.0000000   0.0000000
   0.0000000   0.0000000
 TTTTTTTTTTTTTTTTTTTTTTTTTTTTTT MOQGAD      TELAPSE      117.13 TCPU      115.68
 TTTTTTTTTTTTTTTTTTTTTTTTTTTTTT SHELLXN     TELAPSE      152.56 TCPU      151.09
 TTTTTTTTTTTTTTTTTTTTTTTTTTTTTT MONMO3      TELAPSE      152.60 TCPU      151.13
 NUMERICALLY INTEGRATED DENSITY     60.0000364915     60.0000364915
 TTTTTTTTTTTTTTTTTTTTTTTTTTTTTT NUMDFT      TELAPSE      153.12 TCPU      151.66
 CYC   3 ETOT(AU) -7.616926206479E+02 DETOT -4.59E-04 tst  8.92E-05 PX  2.59E-02
 TTTTTTTTTTTTTTTTTTTTTTTTTTTTTT DIIS        TELAPSE      153.19 TCPU      151.73
 DIIS TEST: 0.57044E-01 AT SCF   CYCLE   3 - DIIS ACTIVE - HISTORY:     3 CYCLES
 TTTTTTTTTTTTTTTTTTTTTTTTTTTTTT FDIK        TELAPSE      154.48 TCPU      153.01

    ALPHA      ELECTRONS
 INSULATING STATE
 TOP OF VALENCE BANDS -    BAND     60; K    1; EIG -8.8668884E-02 AU
 BOTTOM OF VIRTUAL BANDS - BAND     61; K   31; EIG  9.3024233E-02 AU
 INDIRECT ENERGY BAND GAP:   4.9441 eV
 BOTTOM OF VIRTUAL BANDS - BAND     61; K    1; EIG  1.1384388E-01 AU

    BETA       ELECTRONS
 INSULATING STATE
 TOP OF VALENCE BANDS -    BAND     60; K    1; EIG -8.8668884E-02 AU
 BOTTOM OF VIRTUAL BANDS - BAND     61; K   31; EIG  9.3024233E-02 AU
 INDIRECT ENERGY BAND GAP:   4.9441 eV
 BOTTOM OF VIRTUAL BANDS - BAND     61; K    1; EIG  1.1384388E-01 AU
 TTTTTTTTTTTTTTTTTTTTTTTTTTTTTT PDIG        TELAPSE      154.82 TCPU      153.35
 CHARGE NORMALIZATION FACTOR   1.00000000
 TOTAL ATOMIC CHARGES:
   5.9917669   5.9917669   5.9917669   5.9917669   5.9917669   5.9917669
   5.9917669   5.9917669   6.0225954   6.0225954   6.0225954   6.0225954
   6.0225954   6.0225954   6.0225954   6.0225954   5.9712754   5.9712754
   5.9712754   5.9712754
 SUMMED SPIN DENSITY          -0.00000000
 TOTAL ATOMIC SPINS  :
  -0.0000000  -0.0000000  -0.0000000  -0.0000000  -0.0000000  -0.0000000
  -0.0000000  -0.0000000  -0.0000000  -0.0000000  -0.0000000  -0.0000000
  -0.0000000  -0.0000000  -0.0000000  -0.0000000   0.0000000   0.0000000
   0.0000000   0.0000000
 TTTTTTTTTTTTTTTTTTTTTTTTTTTTTT MOQGAD      TELAPSE      154.83 TCPU      153.36
 TTTTTTTTTTTTTTTTTTTTTTTTTTTTTT SHELLXN     TELAPSE      190.23 TCPU      188.75
 TTTTTTTTTTTTTTTTTTTTTTTTTTTTTT MONMO3      TELAPSE      190.27 TCPU      188.79
 NUMERICALLY INTEGRATED DENSITY     60.0000361796     60.0000361796
 TTTTTTTTTTTTTTTTTTTTTTTTTTTTTT NUMDFT      TELAPSE      190.79 TCPU      189.31
 CYC   4 ETOT(AU) -7.616954586970E+02 DETOT -2.84E-03 tst  3.17E-05 PX  1.20E-02
 TTTTTTTTTTTTTTTTTTTTTTTTTTTTTT DIIS        TELAPSE      190.86 TCPU      189.38
 DIIS TEST: 0.17808E-02 AT SCF   CYCLE   4 - DIIS ACTIVE - HISTORY:     4 CYCLES
 TTTTTTTTTTTTTTTTTTTTTTTTTTTTTT FDIK        TELAPSE      192.21 TCPU      190.73

    ALPHA      ELECTRONS
 INSULATING STATE
 TOP OF VALENCE BANDS -    BAND     60; K    1; EIG -8.7766347E-02 AU
 BOTTOM OF VIRTUAL BANDS - BAND     61; K   31; EIG  9.3052567E-02 AU
 INDIRECT ENERGY BAND GAP:   4.9203 eV
 BOTTOM OF VIRTUAL BANDS - BAND     61; K    1; EIG  1.1407003E-01 AU

    BETA       ELECTRONS
 INSULATING STATE
 TOP OF VALENCE BANDS -    BAND     60; K    1; EIG -8.7766347E-02 AU
 BOTTOM OF VIRTUAL BANDS - BAND     61; K   31; EIG  9.3052567E-02 AU
 INDIRECT ENERGY BAND GAP:   4.9203 eV
 BOTTOM OF VIRTUAL BANDS - BAND     61; K    1; EIG  1.1407003E-01 AU
 TTTTTTTTTTTTTTTTTTTTTTTTTTTTTT PDIG        TELAPSE      192.46 TCPU      190.97
 CHARGE NORMALIZATION FACTOR   1.00000000
 TOTAL ATOMIC CHARGES:
   5.9938091   5.9938091   5.9938091   5.9938091   5.9938091   5.9938091
   5.9938091   5.9938091   6.0218748   6.0218748   6.0218748   6.0218748
   6.0218748   6.0218748   6.0218748   6.0218748   5.9686322   5.9686322
   5.9686322   5.9686322
 SUMMED SPIN DENSITY           0.00000000
 TOTAL ATOMIC SPINS  :
  -0.0000000  -0.0000000  -0.0000000  -0.0000000  -0.0000000  -0.0000000
  -0.0000000  -0.0000000   0.0000000   0.0000000   0.0000000   0.0000000
   0.0000000   0.0000000   0.0000000   0.0000000  -0.0000000  -0.0000000
  -0.0000000  -0.0000000
 TTTTTTTTTTTTTTTTTTTTTTTTTTTTTT MOQGAD      TELAPSE      192.46 TCPU      190.98
 TTTTTTTTTTTTTTTTTTTTTTTTTTTTTT SHELLXN     TELAPSE      227.88 TCPU      226.39
 TTTTTTTTTTTTTTTTTTTTTTTTTTTTTT MONMO3      TELAPSE      227.92 TCPU      226.43
 NUMERICALLY INTEGRATED DENSITY     60.0000362441     60.0000362441
 TTTTTTTTTTTTTTTTTTTTTTTTTTTTTT NUMDFT      TELAPSE      228.44 TCPU      226.94
 CYC   5 ETOT(AU) -7.616955591429E+02 DETOT -1.00E-04 tst  9.71E-07 PX  3.46E-03
 TTTTTTTTTTTTTTTTTTTTTTTTTTTTTT DIIS        TELAPSE      228.55 TCPU      227.05
 DIIS TEST: 0.10474E-03 AT SCF   CYCLE   5 - DIIS ACTIVE - HISTORY:     5 CYCLES
 TTTTTTTTTTTTTTTTTTTTTTTTTTTTTT FDIK        TELAPSE      229.84 TCPU      228.34

    ALPHA      ELECTRONS
 INSULATING STATE
 TOP OF VALENCE BANDS -    BAND     60; K    1; EIG -8.7817691E-02 AU
 BOTTOM OF VIRTUAL BANDS - BAND     61; K   31; EIG  9.2963640E-02 AU
 INDIRECT ENERGY BAND GAP:   4.9193 eV
 BOTTOM OF VIRTUAL BANDS - BAND     61; K    1; EIG  1.1403033E-01 AU

    BETA       ELECTRONS
 INSULATING STATE
 TOP OF VALENCE BANDS -    BAND     60; K    1; EIG -8.7817691E-02 AU
 BOTTOM OF VIRTUAL BANDS - BAND     61; K   31; EIG  9.2963640E-02 AU
 INDIRECT ENERGY BAND GAP:   4.9193 eV
 BOTTOM OF VIRTUAL BANDS - BAND     61; K    1; EIG  1.1403033E-01 AU
 TTTTTTTTTTTTTTTTTTTTTTTTTTTTTT PDIG        TELAPSE      230.10 TCPU      228.60
 CHARGE NORMALIZATION FACTOR   1.00000000
 TOTAL ATOMIC CHARGES:
   5.9936257   5.9936257   5.9936257   5.9936257   5.9936257   5.9936257
   5.9936257   5.9936257   6.0229571   6.0229571   6.0229571   6.0229571
   6.0229571   6.0229571   6.0229571   6.0229571   5.9668344   5.9668344
   5.9668344   5.9668344
 SUMMED SPIN DENSITY          -0.00000000
 TOTAL ATOMIC SPINS  :
  -0.0000000  -0.0000000  -0.0000000  -0.0000000  -0.0000000  -0.0000000
  -0.0000000  -0.0000000   0.0000000   0.0000000   0.0000000   0.0000000
   0.0000000   0.0000000   0.0000000   0.0000000  -0.0000000  -0.0000000
  -0.0000000  -0.0000000
 TTTTTTTTTTTTTTTTTTTTTTTTTTTTTT MOQGAD      TELAPSE      230.10 TCPU      228.60
 TTTTTTTTTTTTTTTTTTTTTTTTTTTTTT SHELLXN     TELAPSE      265.71 TCPU      264.20
 TTTTTTTTTTTTTTTTTTTTTTTTTTTTTT MONMO3      TELAPSE      265.75 TCPU      264.24
 NUMERICALLY INTEGRATED DENSITY     60.0000362435     60.0000362435
 TTTTTTTTTTTTTTTTTTTTTTTTTTTTTT NUMDFT      TELAPSE      266.28 TCPU      264.76
 CYC   6 ETOT(AU) -7.616955613348E+02 DETOT -2.19E-06 tst  5.77E-08 PX  8.08E-04
 TTTTTTTTTTTTTTTTTTTTTTTTTTTTTT DIIS        TELAPSE      266.35 TCPU      264.83
 DIIS TEST: 0.25467E-04 AT SCF   CYCLE   6 - DIIS ACTIVE - HISTORY:     6 CYCLES
 TTTTTTTTTTTTTTTTTTTTTTTTTTTTTT FDIK        TELAPSE      267.57 TCPU      266.05

    ALPHA      ELECTRONS
 INSULATING STATE
 TOP OF VALENCE BANDS -    BAND     60; K    1; EIG -8.7841490E-02 AU
 BOTTOM OF VIRTUAL BANDS - BAND     61; K   31; EIG  9.2991413E-02 AU
 INDIRECT ENERGY BAND GAP:   4.9207 eV
 BOTTOM OF VIRTUAL BANDS - BAND     61; K    1; EIG  1.1407490E-01 AU

    BETA       ELECTRONS
 INSULATING STATE
 TOP OF VALENCE BANDS -    BAND     60; K    1; EIG -8.7841490E-02 AU
 BOTTOM OF VIRTUAL BANDS - BAND     61; K   31; EIG  9.2991413E-02 AU
 INDIRECT ENERGY BAND GAP:   4.9207 eV
 BOTTOM OF VIRTUAL BANDS - BAND     61; K    1; EIG  1.1407490E-01 AU
 TTTTTTTTTTTTTTTTTTTTTTTTTTTTTT PDIG        TELAPSE      267.84 TCPU      266.32
 CHARGE NORMALIZATION FACTOR   1.00000000
 TOTAL ATOMIC CHARGES:
   5.9937463   5.9937463   5.9937463   5.9937463   5.9937463   5.9937463
   5.9937463   5.9937463   6.0223264   6.0223264   6.0223264   6.0223264
   6.0223264   6.0223264   6.0223264   6.0223264   5.9678546   5.9678546
   5.9678546   5.9678546
 SUMMED SPIN DENSITY          -0.00000000
 TOTAL ATOMIC SPINS  :
   0.0000000   0.0000000   0.0000000   0.0000000   0.0000000   0.0000000
   0.0000000   0.0000000   0.0000000   0.0000000   0.0000000   0.0000000
   0.0000000   0.0000000   0.0000000   0.0000000  -0.0000000  -0.0000000
  -0.0000000  -0.0000000
 TTTTTTTTTTTTTTTTTTTTTTTTTTTTTT MOQGAD      TELAPSE      267.84 TCPU      266.32
 TTTTTTTTTTTTTTTTTTTTTTTTTTTTTT SHELLXN     TELAPSE      303.49 TCPU      301.96
 TTTTTTTTTTTTTTTTTTTTTTTTTTTTTT MONMO3      TELAPSE      303.53 TCPU      302.00
 NUMERICALLY INTEGRATED DENSITY     60.0000362476     60.0000362476
 TTTTTTTTTTTTTTTTTTTTTTTTTTTTTT NUMDFT      TELAPSE      304.05 TCPU      302.52
 CYC   7 ETOT(AU) -7.616955628857E+02 DETOT -1.55E-06 tst  2.18E-08 PX  2.09E-04
 TTTTTTTTTTTTTTTTTTTTTTTTTTTTTT DIIS        TELAPSE      304.12 TCPU      302.59
 DIIS TEST: 0.51385E-06 AT SCF   CYCLE   7 - DIIS ACTIVE - HISTORY:     7 CYCLES
 TTTTTTTTTTTTTTTTTTTTTTTTTTTTTT FDIK        TELAPSE      305.43 TCPU      303.90

    ALPHA      ELECTRONS
 INSULATING STATE
 TOP OF VALENCE BANDS -    BAND     60; K    1; EIG -8.7865531E-02 AU
 BOTTOM OF VIRTUAL BANDS - BAND     61; K   31; EIG  9.2964459E-02 AU
 INDIRECT ENERGY BAND GAP:   4.9206 eV
 BOTTOM OF VIRTUAL BANDS - BAND     61; K    1; EIG  1.1404464E-01 AU

    BETA       ELECTRONS
 INSULATING STATE
 TOP OF VALENCE BANDS -    BAND     60; K    1; EIG -8.7865531E-02 AU
 BOTTOM OF VIRTUAL BANDS - BAND     61; K   31; EIG  9.2964459E-02 AU
 INDIRECT ENERGY BAND GAP:   4.9206 eV
 BOTTOM OF VIRTUAL BANDS - BAND     61; K    1; EIG  1.1404464E-01 AU
 TTTTTTTTTTTTTTTTTTTTTTTTTTTTTT PDIG        TELAPSE      305.72 TCPU      304.19
 CHARGE NORMALIZATION FACTOR   1.00000000
 TOTAL ATOMIC CHARGES:
   5.9937229   5.9937229   5.9937229   5.9937229   5.9937229   5.9937229
   5.9937229   5.9937229   6.0224020   6.0224020   6.0224020   6.0224020
   6.0224020   6.0224020   6.0224020   6.0224020   5.9677502   5.9677502
   5.9677502   5.9677502
 SUMMED SPIN DENSITY          -0.00000000
 TOTAL ATOMIC SPINS  :
   0.0000000   0.0000000   0.0000000   0.0000000   0.0000000   0.0000000
   0.0000000   0.0000000  -0.0000000  -0.0000000  -0.0000000  -0.0000000
  -0.0000000  -0.0000000  -0.0000000  -0.0000000   0.0000000   0.0000000
   0.0000000   0.0000000
 TTTTTTTTTTTTTTTTTTTTTTTTTTTTTT MOQGAD      TELAPSE      305.73 TCPU      304.19
 TTTTTTTTTTTTTTTTTTTTTTTTTTTTTT SHELLXN     TELAPSE      341.39 TCPU      339.85
 TTTTTTTTTTTTTTTTTTTTTTTTTTTTTT MONMO3      TELAPSE      341.43 TCPU      339.89
 NUMERICALLY INTEGRATED DENSITY     60.0000362473     60.0000362473
 TTTTTTTTTTTTTTTTTTTTTTTTTTTTTT NUMDFT      TELAPSE      341.96 TCPU      340.41
 CYC   8 ETOT(AU) -7.616955629198E+02 DETOT -3.41E-08 tst  4.63E-10 PX  2.29E-05
 TTTTTTTTTTTTTTTTTTTTTTTTTTTTTT DIIS        TELAPSE      342.02 TCPU      340.48
 DIIS TEST: 0.15538E-07 AT SCF   CYCLE   8 - DIIS ACTIVE - HISTORY:     8 CYCLES
 TTTTTTTTTTTTTTTTTTTTTTTTTTTTTT FDIK        TELAPSE      343.34 TCPU      341.79

    ALPHA      ELECTRONS
 INSULATING STATE
 TOP OF VALENCE BANDS -    BAND     60; K    1; EIG -8.7869102E-02 AU
 BOTTOM OF VIRTUAL BANDS - BAND     61; K   31; EIG  9.2959455E-02 AU
 INDIRECT ENERGY BAND GAP:   4.9206 eV
 BOTTOM OF VIRTUAL BANDS - BAND     61; K    1; EIG  1.1404001E-01 AU

    BETA       ELECTRONS
 INSULATING STATE
 TOP OF VALENCE BANDS -    BAND     60; K    1; EIG -8.7869102E-02 AU
 BOTTOM OF VIRTUAL BANDS - BAND     61; K   31; EIG  9.2959455E-02 AU
 INDIRECT ENERGY BAND GAP:   4.9206 eV
 BOTTOM OF VIRTUAL BANDS - BAND     61; K    1; EIG  1.1404001E-01 AU
 TTTTTTTTTTTTTTTTTTTTTTTTTTTTTT PDIG        TELAPSE      343.61 TCPU      342.06
 CHARGE NORMALIZATION FACTOR   1.00000000
 TOTAL ATOMIC CHARGES:
   5.9937275   5.9937275   5.9937275   5.9937275   5.9937275   5.9937275
   5.9937275   5.9937275   6.0223999   6.0223999   6.0223999   6.0223999
   6.0223999   6.0223999   6.0223999   6.0223999   5.9677454   5.9677454
   5.9677454   5.9677454
 SUMMED SPIN DENSITY          -0.00000000
 TOTAL ATOMIC SPINS  :
  -0.0000000  -0.0000000  -0.0000000  -0.0000000  -0.0000000  -0.0000000
  -0.0000000  -0.0000000  -0.0000000  -0.0000000  -0.0000000  -0.0000000
  -0.0000000  -0.0000000  -0.0000000  -0.0000000   0.0000000   0.0000000
   0.0000000   0.0000000
 TTTTTTTTTTTTTTTTTTTTTTTTTTTTTT MOQGAD      TELAPSE      343.62 TCPU      342.07
 TTTTTTTTTTTTTTTTTTTTTTTTTTTTTT SHELLXN     TELAPSE      379.30 TCPU      377.74
 TTTTTTTTTTTTTTTTTTTTTTTTTTTTTT MONMO3      TELAPSE      379.34 TCPU      377.78
 NUMERICALLY INTEGRATED DENSITY     60.0000362473     60.0000362473
 TTTTTTTTTTTTTTTTTTTTTTTTTTTTTT NUMDFT      TELAPSE      379.86 TCPU      378.30
 CYC   9 ETOT(AU) -7.616955629171E+02 DETOT  2.67E-09 tst  6.78E-12 PX  4.31E-06
 TTTTTTTTTTTTTTTTTTTTTTTTTTTTTT DIIS        TELAPSE      379.92 TCPU      378.36
 DIIS TEST: 0.35078E-09 AT SCF   CYCLE   9 - DIIS ACTIVE - HISTORY:     9 CYCLES
 TTTTTTTTTTTTTTTTTTTTTTTTTTTTTT FDIK        TELAPSE      381.11 TCPU      379.55

    ALPHA      ELECTRONS
 INSULATING STATE
 TOP OF VALENCE BANDS -    BAND     60; K    1; EIG -8.7869669E-02 AU
 BOTTOM OF VIRTUAL BANDS - BAND     61; K   31; EIG  9.2959159E-02 AU
 INDIRECT ENERGY BAND GAP:   4.9206 eV
 BOTTOM OF VIRTUAL BANDS - BAND     61; K    1; EIG  1.1403970E-01 AU

    BETA       ELECTRONS
 INSULATING STATE
 TOP OF VALENCE BANDS -    BAND     60; K    1; EIG -8.7869669E-02 AU
 BOTTOM OF VIRTUAL BANDS - BAND     61; K   31; EIG  9.2959159E-02 AU
 INDIRECT ENERGY BAND GAP:   4.9206 eV
 BOTTOM OF VIRTUAL BANDS - BAND     61; K    1; EIG  1.1403970E-01 AU
 TTTTTTTTTTTTTTTTTTTTTTTTTTTTTT PDIG        TELAPSE      381.38 TCPU      379.81
 CHARGE NORMALIZATION FACTOR   1.00000000
 TOTAL ATOMIC CHARGES:
   5.9937260   5.9937260   5.9937260   5.9937260   5.9937260   5.9937260
   5.9937260   5.9937260   6.0224014   6.0224014   6.0224014   6.0224014
   6.0224014   6.0224014   6.0224014   6.0224014   5.9677452   5.9677452
   5.9677452   5.9677452
 SUMMED SPIN DENSITY          -0.00000000
 TOTAL ATOMIC SPINS  :
  -0.0000000  -0.0000000  -0.0000000  -0.0000000  -0.0000000  -0.0000000
  -0.0000000  -0.0000000  -0.0000000  -0.0000000  -0.0000000  -0.0000000
  -0.0000000  -0.0000000  -0.0000000  -0.0000000   0.0000000   0.0000000
   0.0000000   0.0000000
 TTTTTTTTTTTTTTTTTTTTTTTTTTTTTT MOQGAD      TELAPSE      381.38 TCPU      379.82
 TTTTTTTTTTTTTTTTTTTTTTTTTTTTTT SHELLXN     TELAPSE      416.54 TCPU      414.96
 TTTTTTTTTTTTTTTTTTTTTTTTTTTTTT MONMO3      TELAPSE      416.58 TCPU      415.00
 NUMERICALLY INTEGRATED DENSITY     60.0000362473     60.0000362473
 TTTTTTTTTTTTTTTTTTTTTTTTTTTTTT NUMDFT      TELAPSE      417.09 TCPU      415.51
 CYC  10 ETOT(AU) -7.616955629185E+02 DETOT -1.33E-09 tst  1.93E-13 PX  1.07E-06
 TTTTTTTTTTTTTTTTTTTTTTTTTTTTTT DIIS        TELAPSE      417.17 TCPU      415.59
 DIIS TEST: 0.37255E-10 AT SCF   CYCLE  10 - DIIS ACTIVE - HISTORY:    10 CYCLES
 TTTTTTTTTTTTTTTTTTTTTTTTTTTTTT FDIK        TELAPSE      418.26 TCPU      416.68

    ALPHA      ELECTRONS
 INSULATING STATE
 TOP OF VALENCE BANDS -    BAND     60; K    1; EIG -8.7869660E-02 AU
 BOTTOM OF VIRTUAL BANDS - BAND     61; K   31; EIG  9.2959114E-02 AU
 INDIRECT ENERGY BAND GAP:   4.9206 eV
 BOTTOM OF VIRTUAL BANDS - BAND     61; K    1; EIG  1.1403967E-01 AU

    BETA       ELECTRONS
 INSULATING STATE
 TOP OF VALENCE BANDS -    BAND     60; K    1; EIG -8.7869660E-02 AU
 BOTTOM OF VIRTUAL BANDS - BAND     61; K   31; EIG  9.2959114E-02 AU
 INDIRECT ENERGY BAND GAP:   4.9206 eV
 BOTTOM OF VIRTUAL BANDS - BAND     61; K    1; EIG  1.1403967E-01 AU
 TTTTTTTTTTTTTTTTTTTTTTTTTTTTTT PDIG        TELAPSE      418.51 TCPU      416.92
 CHARGE NORMALIZATION FACTOR   1.00000000
 TOTAL ATOMIC CHARGES:
   5.9937263   5.9937263   5.9937263   5.9937263   5.9937263   5.9937263
   5.9937263   5.9937263   6.0224011   6.0224011   6.0224011   6.0224011
   6.0224011   6.0224011   6.0224011   6.0224011   5.9677451   5.9677451
   5.9677451   5.9677451
 SUMMED SPIN DENSITY          -0.00000000
 TOTAL ATOMIC SPINS  :
  -0.0000000  -0.0000000  -0.0000000  -0.0000000  -0.0000000  -0.0000000
  -0.0000000  -0.0000000  -0.0000000  -0.0000000  -0.0000000  -0.0000000
  -0.0000000  -0.0000000  -0.0000000  -0.0000000   0.0000000   0.0000000
   0.0000000   0.0000000
 TTTTTTTTTTTTTTTTTTTTTTTTTTTTTT MOQGAD      TELAPSE      418.52 TCPU      416.93
 TTTTTTTTTTTTTTTTTTTTTTTTTTTTTT SHELLXN     TELAPSE      452.32 TCPU      450.72
 TTTTTTTTTTTTTTTTTTTTTTTTTTTTTT MONMO3      TELAPSE      452.36 TCPU      450.76
 NUMERICALLY INTEGRATED DENSITY     60.0000362473     60.0000362473
 TTTTTTTTTTTTTTTTTTTTTTTTTTTTTT NUMDFT      TELAPSE      452.87 TCPU      451.27
 CYC  11 ETOT(AU) -7.616955629185E+02 DETOT -1.72E-11 tst  1.30E-14 PX  2.92E-07
 TTTTTTTTTTTTTTTTTTTTTTTTTTTTTT DIIS        TELAPSE      452.94 TCPU      451.34
 DIIS TEST: 0.33108E-11 AT SCF   CYCLE  11 - DIIS ACTIVE - HISTORY:    11 CYCLES
 TTTTTTTTTTTTTTTTTTTTTTTTTTTTTT FDIK        TELAPSE      453.83 TCPU      452.23

    ALPHA      ELECTRONS
 INSULATING STATE
 TOP OF VALENCE BANDS -    BAND     60; K    1; EIG -8.7869664E-02 AU
 BOTTOM OF VIRTUAL BANDS - BAND     61; K   31; EIG  9.2959113E-02 AU
 INDIRECT ENERGY BAND GAP:   4.9206 eV
 BOTTOM OF VIRTUAL BANDS - BAND     61; K    1; EIG  1.1403967E-01 AU

    BETA       ELECTRONS
 INSULATING STATE
 TOP OF VALENCE BANDS -    BAND     60; K    1; EIG -8.7869664E-02 AU
 BOTTOM OF VIRTUAL BANDS - BAND     61; K   31; EIG  9.2959113E-02 AU
 INDIRECT ENERGY BAND GAP:   4.9206 eV
 BOTTOM OF VIRTUAL BANDS - BAND     61; K    1; EIG  1.1403967E-01 AU
 TTTTTTTTTTTTTTTTTTTTTTTTTTTTTT PDIG        TELAPSE      454.10 TCPU      452.50
 CHARGE NORMALIZATION FACTOR   1.00000000
 TOTAL ATOMIC CHARGES:
   5.9937263   5.9937263   5.9937263   5.9937263   5.9937263   5.9937263
   5.9937263   5.9937263   6.0224011   6.0224011   6.0224011   6.0224011
   6.0224011   6.0224011   6.0224011   6.0224011   5.9677451   5.9677451
   5.9677451   5.9677451
 SUMMED SPIN DENSITY           0.00000000
 TOTAL ATOMIC SPINS  :
  -0.0000000  -0.0000000  -0.0000000  -0.0000000  -0.0000000  -0.0000000
  -0.0000000  -0.0000000  -0.0000000  -0.0000000  -0.0000000  -0.0000000
  -0.0000000  -0.0000000  -0.0000000  -0.0000000   0.0000000   0.0000000
   0.0000000   0.0000000
 TTTTTTTTTTTTTTTTTTTTTTTTTTTTTT MOQGAD      TELAPSE      454.11 TCPU      452.51
 TTTTTTTTTTTTTTTTTTTTTTTTTTTTTT SHELLXN     TELAPSE      488.68 TCPU      487.07
 +++ ENERGIES IN A.U. +++
 ::: EXT EL-POLE                                  -3.7070531058790E+03
 ::: EXT EL-SPHEROPOLE                             3.1682602332678E+01
 ::: BIELET ZONE E-E                               3.8221395408189E+03
 ::: TOTAL E-E                                     1.4676903727265E+02
 ::: TOTAL E-N + N-E                              -1.3162607559944E+03
 ::: TOTAL N-N                                    -2.6354213778693E+02
 ::: KINETIC ENERGY                                7.5948544718221E+02
 ::: PSEUDO TOTAL   ENERGY                        -6.7354840932648E+02
 ::: VIRIAL COEFFICIENT                            1.0599686026017E+00
 TTTTTTTTTTTTTTTTTTTTTTTTTTTTTT MONMO3      TELAPSE      488.72 TCPU      487.11
 NUMERICALLY INTEGRATED DENSITY     60.0000362473     60.0000362473
 EXCHANGE ENERGY: -0.830558983281E+02  CORRELATION ENERGY: -0.509125526388E+01
 TTTTTTTTTTTTTTTTTTTTTTTTTTTTTT NUMDFT      TELAPSE      489.24 TCPU      487.63
 CYC  12 ETOT(AU) -7.616955629185E+02 DETOT  1.60E-11 tst  1.77E-15 PX  2.92E-07

 == SCF ENDED - CONVERGENCE ON ENERGY      E(AU) -7.6169556291846E+02 CYCLES  12


 ENERGY EXPRESSION=HARTREE+FOCK EXCH*0.20000+(BECKE      EXCH)*0.80000+LYP        CORR


 TOTAL ENERGY(DFT)(AU)( 12) -7.6169556291846E+02 DE 1.6E-11 tester 1.8E-15
 TTTTTTTTTTTTTTTTTTTTTTTTTTTTTT EDFT        TELAPSE      489.24 TCPU      487.63
 
 INFORMATION **** DFTD3 ENERGY **** CALCULATE DFTD3 ENERGY

           DFT-D V3(BJ)
 DF                                         b3-lyp    
 parameters
 s6       :    1.0000
 s8       :    1.9889
 a1       :    0.3981
 a2       :    4.4211
 k1 k3    :   16.0000   -4.0000
 Cutoff   :   50.2022
 CN-Cutoff:   21.1671
 ABC-Cutoff:   21.1671
 
 Edisp /kcal,au:  -131.4828 -0.20953113

 E6    /kcal :   -63.3378
 E8    /kcal :   -68.1450
 
 INFORMATION **** DFTD3 ENERGY **** NORMAL TERMINATION OF DFTD3 MODULE

 *******************************************************************************

 DFT-D3 DISPERSION ENERGY CORRECTION

 D3 DISPERSION ENERGY (AU)       -2.0953113259688E-01
 TOTAL ENERGY + DISP (AU)        -7.6190509405106E+02

 *******************************************************************************


 NEIGHBORS OF THE NON-EQUIVALENT ATOMS

 N = NUMBER OF NEIGHBORS AT DISTANCE R
    ATOM  N     R/ANG      R/AU   NEIGHBORS (ATOM LABELS AND CELL INDICES)
   1 C    1     1.4747     2.7868    5 C    1 0 0
   1 C    1     1.5343     2.8994    3 C    1 1 0
   1 C    1     1.5397     2.9096    6 C    0 0 0
   1 C    1     1.5557     2.9399   13 C    0 0 0
   1 C    1     2.0694     3.9106   15 C    1 1 0
   1 C    2     2.4918     4.7089    2 C    1 0 0    2 C    1 0 1

   9 C    1     1.5312     2.8936   19 C    0 0 0
   9 C    1     1.5557     2.9399    5 C    0 0 0
   9 C    1     1.5594     2.9468   14 C    0 0 0
   9 C    1     1.5808     2.9873   11 C   -1-1 0
   9 C    1     2.0694     3.9106    7 C   -1-1 0
   9 C    1     2.3181     4.3806   15 C    0 0 0

  17 C    2     1.5312     2.8936   11 C    0 0 0   13 C    0 0 0
  17 C    1     1.5364     2.9033   20 C    0 0 0
  17 C    1     1.5515     2.9318   19 C    0 0 0
  17 C    2     2.5180     4.7583   10 C    0 0 1   16 C    0 0 1
  17 C    2     2.5369     4.7941   10 C    0 0 0   16 C    0 0 0
  17 C    2     2.5373     4.7948   18 C    0 0 0   18 C    0 0 1

 TTTTTTTTTTTTTTTTTTTTTTTTTTTTTT AFTER FIRST TELAPSE      489.36 TCPU      487.70
 MMMMMMMMMMMMMMMMMMMMMMMMMMMMMMMMMMMMMMMMMMMMMMMMMMMMMMMMMMMMMMMMMMMMMMMMMMMMMMM
     ALPHA+BETA ELECTRONS
 MULLIKEN POPULATION ANALYSIS - NO. OF ELECTRONS  120.000000

  ATOM    Z CHARGE  A.O. POPULATION

   1 C    6  5.994  0.853  1.121  0.753  0.411  0.447  0.458  0.448 -0.006
                   -0.015 -0.001  0.492  0.508  0.477  0.012  0.008  0.007
                    0.012  0.009
   2 C    6  5.994  0.853  1.121  0.753  0.411  0.447  0.458  0.448 -0.006
                   -0.015 -0.001  0.492  0.508  0.477  0.012  0.008  0.007
                    0.012  0.009
   3 C    6  5.994  0.853  1.121  0.753  0.411  0.447  0.458  0.448 -0.006
                   -0.015 -0.001  0.492  0.508  0.477  0.012  0.008  0.007
                    0.012  0.009
   4 C    6  5.994  0.853  1.121  0.753  0.411  0.447  0.458  0.448 -0.006
                   -0.015 -0.001  0.492  0.508  0.477  0.012  0.008  0.007
                    0.012  0.009
   5 C    6  5.994  0.853  1.121  0.753  0.411  0.447  0.458  0.448 -0.006
                   -0.015 -0.001  0.492  0.508  0.477  0.012  0.008  0.007
                    0.012  0.009
   6 C    6  5.994  0.853  1.121  0.753  0.411  0.447  0.458  0.448 -0.006
                   -0.015 -0.001  0.492  0.508  0.477  0.012  0.008  0.007
                    0.012  0.009
   7 C    6  5.994  0.853  1.121  0.753  0.411  0.447  0.458  0.448 -0.006
                   -0.015 -0.001  0.492  0.508  0.477  0.012  0.008  0.007
                    0.012  0.009
   8 C    6  5.994  0.853  1.121  0.753  0.411  0.447  0.458  0.448 -0.006
                   -0.015 -0.001  0.492  0.508  0.477  0.012  0.008  0.007
                    0.012  0.009
   9 C    6  6.022  0.854  1.120  0.754  0.452  0.444  0.439  0.439 -0.015
                   -0.022 -0.005  0.509  0.530  0.481  0.012  0.007  0.006
                    0.011  0.008
  10 C    6  6.022  0.854  1.120  0.754  0.452  0.444  0.439  0.439 -0.015
                   -0.022 -0.005  0.509  0.530  0.481  0.012  0.007  0.006
                    0.011  0.008
  11 C    6  6.022  0.854  1.120  0.754  0.452  0.444  0.439  0.439 -0.015
                   -0.022 -0.005  0.509  0.530  0.481  0.012  0.007  0.006
                    0.011  0.008
  12 C    6  6.022  0.854  1.120  0.754  0.452  0.444  0.439  0.439 -0.015
                   -0.022 -0.005  0.509  0.530  0.481  0.012  0.007  0.006
                    0.011  0.008
  13 C    6  6.022  0.854  1.120  0.754  0.452  0.444  0.439  0.439 -0.015
                   -0.022 -0.005  0.509  0.530  0.481  0.012  0.007  0.006
                    0.011  0.008
  14 C    6  6.022  0.854  1.120  0.754  0.452  0.444  0.439  0.439 -0.015
                   -0.022 -0.005  0.509  0.530  0.481  0.012  0.007  0.006
                    0.011  0.008
  15 C    6  6.022  0.854  1.120  0.754  0.452  0.444  0.439  0.439 -0.015
                   -0.022 -0.005  0.509  0.530  0.481  0.012  0.007  0.006
                    0.011  0.008
  16 C    6  6.022  0.854  1.120  0.754  0.452  0.444  0.439  0.439 -0.015
                   -0.022 -0.005  0.509  0.530  0.481  0.012  0.007  0.006
                    0.011  0.008
  17 C    6  5.968  0.853  1.121  0.760  0.388  0.445  0.443  0.449 -0.001
                    0.001 -0.002  0.496  0.480  0.491  0.012  0.007  0.008
                    0.008  0.010
  18 C    6  5.968  0.853  1.121  0.760  0.388  0.445  0.443  0.449 -0.001
                    0.001 -0.002  0.496  0.480  0.491  0.012  0.007  0.008
                    0.008  0.010
  19 C    6  5.968  0.853  1.121  0.760  0.388  0.445  0.443  0.449 -0.001
                    0.001 -0.002  0.496  0.480  0.491  0.012  0.007  0.008
                    0.008  0.010
  20 C    6  5.968  0.853  1.121  0.760  0.388  0.445  0.443  0.449 -0.001
                    0.001 -0.002  0.496  0.480  0.491  0.012  0.007  0.008
                    0.008  0.010

  ATOM    Z CHARGE  SHELL POPULATION

   1 C    6  5.994  0.853  1.121  0.753  0.411  1.354 -0.022  1.477  0.048
   2 C    6  5.994  0.853  1.121  0.753  0.411  1.354 -0.022  1.477  0.048
   3 C    6  5.994  0.853  1.121  0.753  0.411  1.354 -0.022  1.477  0.048
   4 C    6  5.994  0.853  1.121  0.753  0.411  1.354 -0.022  1.477  0.048
   5 C    6  5.994  0.853  1.121  0.753  0.411  1.354 -0.022  1.477  0.048
   6 C    6  5.994  0.853  1.121  0.753  0.411  1.354 -0.022  1.477  0.048
   7 C    6  5.994  0.853  1.121  0.753  0.411  1.354 -0.022  1.477  0.048
   8 C    6  5.994  0.853  1.121  0.753  0.411  1.354 -0.022  1.477  0.048
   9 C    6  6.022  0.854  1.120  0.754  0.452  1.322 -0.043  1.519  0.045
  10 C    6  6.022  0.854  1.120  0.754  0.452  1.322 -0.043  1.519  0.045
  11 C    6  6.022  0.854  1.120  0.754  0.452  1.322 -0.043  1.519  0.045
  12 C    6  6.022  0.854  1.120  0.754  0.452  1.322 -0.043  1.519  0.045
  13 C    6  6.022  0.854  1.120  0.754  0.452  1.322 -0.043  1.519  0.045
  14 C    6  6.022  0.854  1.120  0.754  0.452  1.322 -0.043  1.519  0.045
  15 C    6  6.022  0.854  1.120  0.754  0.452  1.322 -0.043  1.519  0.045
  16 C    6  6.022  0.854  1.120  0.754  0.452  1.322 -0.043  1.519  0.045
  17 C    6  5.968  0.853  1.121  0.760  0.388  1.337 -0.001  1.466  0.045
  18 C    6  5.968  0.853  1.121  0.760  0.388  1.337 -0.001  1.466  0.045
  19 C    6  5.968  0.853  1.121  0.760  0.388  1.337 -0.001  1.466  0.045
  20 C    6  5.968  0.853  1.121  0.760  0.388  1.337 -0.001  1.466  0.045

 OVERLAP POPULATION CONDENSED TO ATOMS FOR FIRST   6 NEIGHBORS

 ATOM A   1 C    ATOM B     CELL      R(AB)/AU R(AB)/ANG    OVPOP(AB)
                  5 C    (  1  0  0)     2.787     1.475     0.339
                  3 C    (  1  1  0)     2.899     1.534     0.338
                  6 C    (  0  0  0)     2.910     1.540     0.343
                 13 C    (  0  0  0)     2.940     1.556     0.303
                 15 C    (  1  1  0)     3.911     2.069    -0.104
                  2 C    (  1  0  0)     4.709     2.492    -0.016

 ATOM A   9 C    ATOM B     CELL      R(AB)/AU R(AB)/ANG    OVPOP(AB)
                 19 C    (  0  0  0)     2.894     1.531     0.328
                  5 C    (  0  0  0)     2.940     1.556     0.303
                 14 C    (  0  0  0)     2.947     1.559     0.336
                 11 C    ( -1 -1  0)     2.987     1.581     0.347
                  7 C    ( -1 -1  0)     3.911     2.069    -0.104
                 15 C    (  0  0  0)     4.381     2.318    -0.023

 ATOM A  17 C    ATOM B     CELL      R(AB)/AU R(AB)/ANG    OVPOP(AB)
                 11 C    (  0  0  0)     2.894     1.531     0.328
                 20 C    (  0  0  0)     2.903     1.536     0.357
                 19 C    (  0  0  0)     2.932     1.551     0.334
                 10 C    (  0  0  1)     4.758     2.518    -0.018
                 10 C    (  0  0  0)     4.794     2.537    -0.025
                 18 C    (  0  0  0)     4.795     2.537    -0.019
 TTTTTTTTTTTTTTTTTTTTTTTTTTTTTT AFTER FIRST TELAPSE      489.47 TCPU      487.72
 MMMMMMMMMMMMMMMMMMMMMMMMMMMMMMMMMMMMMMMMMMMMMMMMMMMMMMMMMMMMMMMMMMMMMMMMMMMMMMM
     ALPHA-BETA ELECTRONS
 MULLIKEN POPULATION ANALYSIS - NO. OF ELECTRONS    0.000000

  ATOM    Z CHARGE  A.O. POPULATION

   1 C    6 -0.000  0.000  0.000  0.000 -0.000 -0.000  0.000  0.000  0.000
                   -0.000 -0.000 -0.000  0.000 -0.000  0.000 -0.000  0.000
                    0.000  0.000
   2 C    6 -0.000  0.000  0.000  0.000 -0.000 -0.000  0.000  0.000  0.000
                   -0.000 -0.000 -0.000  0.000 -0.000  0.000 -0.000  0.000
                    0.000  0.000
   3 C    6 -0.000  0.000  0.000  0.000 -0.000 -0.000  0.000  0.000  0.000
                   -0.000 -0.000 -0.000  0.000 -0.000  0.000 -0.000  0.000
                    0.000  0.000
   4 C    6 -0.000  0.000  0.000  0.000 -0.000 -0.000  0.000  0.000  0.000
                   -0.000 -0.000 -0.000  0.000 -0.000  0.000 -0.000  0.000
                    0.000  0.000
   5 C    6 -0.000  0.000  0.000  0.000 -0.000 -0.000  0.000  0.000  0.000
                   -0.000 -0.000 -0.000  0.000 -0.000  0.000 -0.000  0.000
                    0.000  0.000
   6 C    6 -0.000  0.000  0.000  0.000 -0.000 -0.000  0.000  0.000  0.000
                   -0.000 -0.000 -0.000  0.000 -0.000  0.000 -0.000  0.000
                    0.000  0.000
   7 C    6 -0.000  0.000  0.000  0.000 -0.000 -0.000  0.000  0.000  0.000
                   -0.000 -0.000 -0.000  0.000 -0.000  0.000 -0.000  0.000
                    0.000  0.000
   8 C    6 -0.000  0.000  0.000  0.000 -0.000 -0.000  0.000  0.000  0.000
                   -0.000 -0.000 -0.000  0.000 -0.000  0.000 -0.000  0.000
                    0.000  0.000
   9 C    6 -0.000 -0.000 -0.000  0.000 -0.000  0.000  0.000 -0.000 -0.000
                   -0.000  0.000  0.000 -0.000 -0.000 -0.000  0.000  0.000
                    0.000 -0.000
  10 C    6 -0.000 -0.000 -0.000  0.000 -0.000  0.000  0.000 -0.000 -0.000
                   -0.000  0.000  0.000 -0.000 -0.000 -0.000  0.000  0.000
                    0.000 -0.000
  11 C    6 -0.000 -0.000 -0.000  0.000 -0.000  0.000  0.000 -0.000 -0.000
                   -0.000  0.000  0.000 -0.000 -0.000 -0.000  0.000  0.000
                    0.000 -0.000
  12 C    6 -0.000 -0.000 -0.000  0.000 -0.000  0.000  0.000 -0.000 -0.000
                   -0.000  0.000  0.000 -0.000 -0.000 -0.000  0.000  0.000
                    0.000 -0.000
  13 C    6 -0.000 -0.000 -0.000  0.000 -0.000  0.000  0.000 -0.000 -0.000
                   -0.000  0.000  0.000 -0.000 -0.000 -0.000  0.000  0.000
                    0.000 -0.000
  14 C    6 -0.000 -0.000 -0.000  0.000 -0.000  0.000  0.000 -0.000 -0.000
                   -0.000  0.000  0.000 -0.000 -0.000 -0.000  0.000  0.000
                    0.000 -0.000
  15 C    6 -0.000 -0.000 -0.000  0.000 -0.000  0.000  0.000 -0.000 -0.000
                   -0.000  0.000  0.000 -0.000 -0.000 -0.000  0.000  0.000
                    0.000 -0.000
  16 C    6 -0.000 -0.000 -0.000  0.000 -0.000  0.000  0.000 -0.000 -0.000
                   -0.000  0.000  0.000 -0.000 -0.000 -0.000  0.000  0.000
                    0.000 -0.000
  17 C    6  0.000 -0.000 -0.000  0.000 -0.000  0.000  0.000  0.000  0.000
                   -0.000 -0.000 -0.000  0.000  0.000  0.000 -0.000 -0.000
                   -0.000 -0.000
  18 C    6  0.000 -0.000 -0.000  0.000 -0.000  0.000  0.000  0.000  0.000
                   -0.000 -0.000 -0.000  0.000  0.000  0.000 -0.000 -0.000
                   -0.000 -0.000
  19 C    6  0.000 -0.000 -0.000  0.000 -0.000  0.000  0.000  0.000  0.000
                   -0.000 -0.000 -0.000  0.000  0.000  0.000 -0.000 -0.000
                   -0.000 -0.000
  20 C    6  0.000 -0.000 -0.000  0.000 -0.000  0.000  0.000  0.000  0.000
                   -0.000 -0.000 -0.000  0.000  0.000  0.000 -0.000 -0.000
                   -0.000 -0.000

  ATOM    Z CHARGE  SHELL POPULATION

   1 C    6 -0.000  0.000  0.000  0.000 -0.000  0.000 -0.000  0.000  0.000
   2 C    6 -0.000  0.000  0.000  0.000 -0.000  0.000 -0.000  0.000  0.000
   3 C    6 -0.000  0.000  0.000  0.000 -0.000  0.000 -0.000  0.000  0.000
   4 C    6 -0.000  0.000  0.000  0.000 -0.000  0.000 -0.000  0.000  0.000
   5 C    6 -0.000  0.000  0.000  0.000 -0.000  0.000 -0.000  0.000  0.000
   6 C    6 -0.000  0.000  0.000  0.000 -0.000  0.000 -0.000  0.000  0.000
   7 C    6 -0.000  0.000  0.000  0.000 -0.000  0.000 -0.000  0.000  0.000
   8 C    6 -0.000  0.000  0.000  0.000 -0.000  0.000 -0.000  0.000  0.000
   9 C    6 -0.000 -0.000 -0.000  0.000 -0.000  0.000 -0.000  0.000 -0.000
  10 C    6 -0.000 -0.000 -0.000  0.000 -0.000  0.000 -0.000  0.000 -0.000
  11 C    6 -0.000 -0.000 -0.000  0.000 -0.000  0.000 -0.000  0.000 -0.000
  12 C    6 -0.000 -0.000 -0.000  0.000 -0.000  0.000 -0.000  0.000 -0.000
  13 C    6 -0.000 -0.000 -0.000  0.000 -0.000  0.000 -0.000  0.000 -0.000
  14 C    6 -0.000 -0.000 -0.000  0.000 -0.000  0.000 -0.000  0.000 -0.000
  15 C    6 -0.000 -0.000 -0.000  0.000 -0.000  0.000 -0.000  0.000 -0.000
  16 C    6 -0.000 -0.000 -0.000  0.000 -0.000  0.000 -0.000  0.000 -0.000
  17 C    6  0.000 -0.000 -0.000  0.000 -0.000  0.000 -0.000  0.000 -0.000
  18 C    6  0.000 -0.000 -0.000  0.000 -0.000  0.000 -0.000  0.000 -0.000
  19 C    6  0.000 -0.000 -0.000  0.000 -0.000  0.000 -0.000  0.000 -0.000
  20 C    6  0.000 -0.000 -0.000  0.000 -0.000  0.000 -0.000  0.000 -0.000

 OVERLAP POPULATION CONDENSED TO ATOMS FOR FIRST   6 NEIGHBORS

 ATOM A   1 C    ATOM B     CELL      R(AB)/AU R(AB)/ANG    OVPOP(AB)
                  5 C    (  1  0  0)     2.787     1.475    -0.000
                  3 C    (  1  1  0)     2.899     1.534    -0.000
                  6 C    (  0  0  0)     2.910     1.540    -0.000
                 13 C    (  0  0  0)     2.940     1.556     0.000
                 15 C    (  1  1  0)     3.911     2.069    -0.000
                  2 C    (  1  0  0)     4.709     2.492     0.000

 ATOM A   9 C    ATOM B     CELL      R(AB)/AU R(AB)/ANG    OVPOP(AB)
                 19 C    (  0  0  0)     2.894     1.531     0.000
                  5 C    (  0  0  0)     2.940     1.556     0.000
                 14 C    (  0  0  0)     2.947     1.559     0.000
                 11 C    ( -1 -1  0)     2.987     1.581     0.000
                  7 C    ( -1 -1  0)     3.911     2.069    -0.000
                 15 C    (  0  0  0)     4.381     2.318    -0.000

 ATOM A  17 C    ATOM B     CELL      R(AB)/AU R(AB)/ANG    OVPOP(AB)
                 11 C    (  0  0  0)     2.894     1.531     0.000
                 20 C    (  0  0  0)     2.903     1.536    -0.000
                 19 C    (  0  0  0)     2.932     1.551    -0.000
                 10 C    (  0  0  1)     4.758     2.518    -0.000
                 10 C    (  0  0  0)     4.794     2.537    -0.000
                 18 C    (  0  0  0)     4.795     2.537     0.000
 EIGENVECTORS IN FORTRAN UNIT  8
 TTTTTTTTTTTTTTTTTTTTTTTTTTTTTT END         TELAPSE      491.12 TCPU      489.28
 EEEEEEEEEE TERMINATION  DATE 30 01 2026 TIME 21:44:49.0
NODE    0 CPU TIME =       489.284
NODE    1 CPU TIME =       489.504
NODE    2 CPU TIME =       489.415
NODE    3 CPU TIME =       489.207
NODE    4 CPU TIME =       489.239
NODE    5 CPU TIME =       489.417
NODE    6 CPU TIME =       489.440
NODE    7 CPU TIME =       489.208
NODE    8 CPU TIME =       489.429
NODE    9 CPU TIME =       489.080
NODE   10 CPU TIME =       489.552
NODE   11 CPU TIME =       489.508
NODE   12 CPU TIME =       489.444
NODE   13 CPU TIME =       489.429
NODE   14 CPU TIME =       489.240
NODE   15 CPU TIME =       489.368
NODE   16 CPU TIME =       489.292
NODE   17 CPU TIME =       489.444
NODE   18 CPU TIME =       489.495
NODE   19 CPU TIME =       489.535
NODE   20 CPU TIME =       489.375
NODE   21 CPU TIME =       489.259
NODE   22 CPU TIME =       489.466
NODE   23 CPU TIME =       489.491
NODE   24 CPU TIME =       489.479
NODE   25 CPU TIME =       489.457
NODE   26 CPU TIME =       489.455
NODE   27 CPU TIME =       489.431
NODE   28 CPU TIME =       489.293
NODE   29 CPU TIME =       489.543
NODE   30 CPU TIME =       489.241
NODE   31 CPU TIME =       489.469
    TOTAL CPU TIME =     15660.490
