MPI startup(): Warning: I_MPI_PMI_LIBRARY will be ignored since the hydra process manager was found
MPI startup(): Warning: I_MPI_PMI_LIBRARY will be ignored since the hydra process manager was found
MPI startup(): Warning: I_MPI_PMI_LIBRARY will be ignored since the hydra process manager was found
MPI startup(): Warning: I_MPI_PMI_LIBRARY will be ignored since the hydra process manager was found
MPI startup(): Warning: I_MPI_PMI_LIBRARY will be ignored since the hydra process manager was found
MPI startup(): Warning: I_MPI_PMI_LIBRARY will be ignored since the hydra process manager was found
MPI startup(): Warning: I_MPI_PMI_LIBRARY will be ignored since the hydra process manager was found
MPI startup(): Warning: I_MPI_PMI_LIBRARY will be ignored since the hydra process manager was found
MPI startup(): Warning: I_MPI_PMI_LIBRARY will be ignored since the hydra process manager was found
MPI startup(): Warning: I_MPI_PMI_LIBRARY will be ignored since the hydra process manager was found
MPI startup(): Warning: I_MPI_PMI_LIBRARY will be ignored since the hydra process manager was found
MPI startup(): Warning: I_MPI_PMI_LIBRARY will be ignored since the hydra process manager was found
MPI startup(): Warning: I_MPI_PMI_LIBRARY will be ignored since the hydra process manager was found
MPI startup(): Warning: I_MPI_PMI_LIBRARY will be ignored since the hydra process manager was found
MPI startup(): Warning: I_MPI_PMI_LIBRARY will be ignored since the hydra process manager was found
MPI startup(): Warning: I_MPI_PMI_LIBRARY will be ignored since the hydra process manager was found
MPI startup(): Warning: I_MPI_PMI_LIBRARY will be ignored since the hydra process manager was found
MPI startup(): Warning: I_MPI_PMI_LIBRARY will be ignored since the hydra process manager was found
MPI startup(): Warning: I_MPI_PMI_LIBRARY will be ignored since the hydra process manager was found
MPI startup(): Warning: I_MPI_PMI_LIBRARY will be ignored since the hydra process manager was found
MPI startup(): Warning: I_MPI_PMI_LIBRARY will be ignored since the hydra process manager was found
MPI startup(): Warning: I_MPI_PMI_LIBRARY will be ignored since the hydra process manager was found
MPI startup(): Warning: I_MPI_PMI_LIBRARY will be ignored since the hydra process manager was found
MPI startup(): Warning: I_MPI_PMI_LIBRARY will be ignored since the hydra process manager was found
MPI startup(): Warning: I_MPI_PMI_LIBRARY will be ignored since the hydra process manager was found
MPI startup(): Warning: I_MPI_PMI_LIBRARY will be ignored since the hydra process manager was found
MPI startup(): Warning: I_MPI_PMI_LIBRARY will be ignored since the hydra process manager was found
MPI startup(): Warning: I_MPI_PMI_LIBRARY will be ignored since the hydra process manager was found
MPI startup(): Warning: I_MPI_PMI_LIBRARY will be ignored since the hydra process manager was found
MPI startup(): Warning: I_MPI_PMI_LIBRARY will be ignored since the hydra process manager was found
MPI startup(): Warning: I_MPI_PMI_LIBRARY will be ignored since the hydra process manager was found
MPI startup(): Warning: I_MPI_PMI_LIBRARY will be ignored since the hydra process manager was found
 PROCESS           17  OF           32  WORKING
 PROCESS            1  OF           32  WORKING
 PROCESS            7  OF           32  WORKING
 PROCESS           28  OF           32  WORKING
 PROCESS           15  OF           32  WORKING
 PROCESS           30  OF           32  WORKING
 PROCESS            2  OF           32  WORKING
 PROCESS           25  OF           32  WORKING
 PROCESS            8  OF           32  WORKING
 PROCESS           26  OF           32  WORKING
 PROCESS           11  OF           32  WORKING
 PROCESS           21  OF           32  WORKING
 PROCESS            3  OF           32  WORKING
 PROCESS            6  OF           32  WORKING
 PROCESS           13  OF           32  WORKING
 PROCESS           14  OF           32  WORKING
 PROCESS           12  OF           32  WORKING
 PROCESS           22  OF           32  WORKING
 PROCESS           23  OF           32  WORKING
 PROCESS           29  OF           32  WORKING
 PROCESS            0  OF           32  WORKING

         
 *******************************************************************************
 *                                                                             *
 *                               CRYSTAL23                                     *
 *                      public : 1.0.1 - October 2022                          *
 *                       HTTP://WWW.CRYSTAL.UNITO.IT                           *
 *                                                                             *
 *                              MAIN AUTHORS                                   *
 *                                                                             *
 *  R. DOVESI(1,11), V.R. SAUNDERS(2), C. ROETTI(1,11), R. ORLANDO(1,11),      *
 *  C.M. ZICOVICH-WILSON(1,3), F. PASCALE(4), B. CIVALLERI(1,11),              *
 *  K. DOLL(5), N.M. HARRISON(6), I.J. BUSH(7), Ph. D'ARCO(8),                 *
 *  M. LLUNELL(9), M. CAUSA'(10), Y. NOEL(8), L. MASCHIO(1,11), A. ERBA(1,11)  *
 *  M. RE'RAT(14), S. CASASSA(1,11), B.G. SEARLE(2), J.K. DESMARAIS(1)         *
 *                                                                             *
 *        CONTRIBUTIONS TO THE CODE HAVE ALSO BEEN GIVEN BY                    *
 *                                                                             *
 *  M. FERRABONE(1,11), M. DE LA PIERRE(1,11), M. FERRERO(1,11),               *
 *  J. BAIMA(1,11), E. ALBANESE(1,11), M.F. PEINTINGER(12), R. BAST(13),       *
 *  B. KIRTMAN(15), V. LACIVITA(1,11), R. DEMICHELIS(1,16)                     *
 *  G. BRANDEBURG(17), S. SALUSTRO(1,11), G. SANSONE(1,11)                     *
 *  M.T. RUGGIERO(18), L.E. DAGA(1), L. DONA'(1), A. COSSARD(1)                *
 *                                                                             *
 * (1) THEORETICAL CHEMISTRY GROUP - UNIVERSITA' DI TORINO - TORINO (ITALY)    *
 * (2) SCIENTIFIC COMPUTING DEPARTMENT - STFC DARESBURY (UK)                   *
 * (3) UNIVERSIDAD AUTONOMA DEL ESTADO DE MORELOS - CUERNAVACA (MEXICO)        *
 * (4) UNIVERSITE' DE LORRAINE - NANCY (FRANCE)                                *
 * (5) UNIVERSITAET STUTTGART- STUTTGART (GERMANY)                             *
 * (6) IMPERIAL COLLEGE - LONDON (UK)                                          *
 * (7) SCIENTIFIC COMPUTING DEPARTMENT - STFC RAL (UK)                         *
 * (8) UPMC - SORBONNE UNIVERSITES - PARIS (FRANCE)                            *
 * (9) UNIVERSIDAD DE BARCELONA - BARCELONA (SPAIN)                            *
 *(10) UNIVERSITA' DI NAPOLI "FEDERICO II" - NAPOLI (ITALY)                    *
 *(11) NIS - NANOSTRUCTURED INTERFACES AND SURFACES - TORINO (ITALY)           *
 *(12) MPI FUER CHEMISCHE ENERGIEKONVERSION - MUELHEIM AN DER RUHR (GERMANY)   *
 *(13) UNIVERSITY OF TROMSO - TROMSO (NORWAY)                                  *
 *(14) UNIVERSITE' DE PAU ET DES PAYS DE L'ADOUR - PAU (FRANCE)                *
 *(15) UNIVERSITY OF CALIFORNIA SANTA BARBARA - SANTA BARBARA (USA)            *
 *(16) CURTIN UNIVERSITY - PERTH (AUSTRALIA)                                   *
 *(17) UNIVERSITY COLLEGE LONDON - LONDON (UK)                                 *
 *(18) UNIVERSITY OF VERMONT - BURLINGTON (USA)                                *
 *                                                                             *
 *******************************************************************************
 EEEEEEEEEE STARTING  DATE 30 01 2026 TIME 20:54:55.5
 ./4^3T102-CA_SCF_opt_rev1_sp_B3LYP-D3-D3_optimized                              
 PROCESS            4  OF           32  WORKING
 PROCESS            5  OF           32  WORKING
 PROCESS           10  OF           32  WORKING
 PROCESS           16  OF           32  WORKING
 PROCESS           18  OF           32  WORKING
 PROCESS           19  OF           32  WORKING
 PROCESS           20  OF           32  WORKING
 PROCESS           24  OF           32  WORKING
 PROCESS           27  OF           32  WORKING
 PROCESS           31  OF           32  WORKING
 PROCESS            9  OF           32  WORKING

 CRYSTAL CALCULATION
 (INPUT ACCORDING TO THE INTERNATIONAL TABLES FOR X-RAY CRYSTALLOGRAPHY)
 CRYSTAL FAMILY                       :  ORTHORHOMBIC
 CRYSTAL CLASS  (GROTH - 1921)        :  ORTHORHOMBIC BIPYRAMIDAL             

 SPACE GROUP (CENTROSYMMETRIC)        :  P B C N         

 LATTICE PARAMETERS  (ANGSTROMS AND DEGREES) - CONVENTIONAL CELL
        A           B           C        ALPHA        BETA       GAMMA
     5.11131     4.01769     8.08483    90.00000    90.00000    90.00000


 NUMBER OF IRREDUCIBLE ATOMS IN THE CONVENTIONAL CELL:    3

 INPUT COORDINATES

 ATOM AT. N.              COORDINATES
   1   6    -9.983293088339E-02 -1.250402406132E-01  1.512038027092E-02
   2   6    -3.143902721232E-01 -8.358229657944E-02  4.082346430696E-01
   3   6    -5.722473587684E-02 -2.737560321034E-01  3.351579318916E-01

 *******************************************************************************

 << INFORMATION >>: FROM NOW ON, ALL COORDINATES REFER TO THE PRIMITIVE CELL

 *******************************************************************************

 LATTICE PARAMETERS  (ANGSTROMS AND DEGREES) - PRIMITIVE CELL
       A          B          C        ALPHA      BETA     GAMMA        VOLUME
    5.11131    4.01769    8.08483    90.00000  90.00000  90.00000    166.027199

 COORDINATES OF THE EQUIVALENT ATOMS (FRACTIONAL UNITS)

 N. ATOM EQUIV AT. N.          X                  Y                  Z

   1   1   1    6 C    -9.98329308834E-02 -1.25040240613E-01  1.51203802709E-02
   2   1   2    6 C    -4.00167069117E-01 -3.74959759387E-01 -4.84879619729E-01
   3   1   3    6 C     4.00167069117E-01 -3.74959759387E-01 -1.51203802709E-02
   4   1   4    6 C     9.98329308834E-02 -1.25040240613E-01  4.84879619729E-01
   5   1   5    6 C     9.98329308834E-02  1.25040240613E-01 -1.51203802709E-02
   6   1   6    6 C     4.00167069117E-01  3.74959759387E-01  4.84879619729E-01
   7   1   7    6 C    -4.00167069117E-01  3.74959759387E-01  1.51203802709E-02
   8   1   8    6 C    -9.98329308834E-02  1.25040240613E-01 -4.84879619729E-01

   9   2   1    6 C    -3.14390272123E-01 -8.35822965794E-02  4.08234643070E-01
  10   2   2    6 C    -1.85609727877E-01 -4.16417703421E-01 -9.17653569304E-02
  11   2   3    6 C     1.85609727877E-01 -4.16417703421E-01 -4.08234643070E-01
  12   2   4    6 C     3.14390272123E-01 -8.35822965794E-02  9.17653569304E-02
  13   2   5    6 C     3.14390272123E-01  8.35822965794E-02 -4.08234643070E-01
  14   2   6    6 C     1.85609727877E-01  4.16417703421E-01  9.17653569304E-02
  15   2   7    6 C    -1.85609727877E-01  4.16417703421E-01  4.08234643070E-01
  16   2   8    6 C    -3.14390272123E-01  8.35822965794E-02 -9.17653569304E-02

  17   3   1    6 C    -5.72247358768E-02 -2.73756032103E-01  3.35157931892E-01
  18   3   2    6 C    -4.42775264123E-01 -2.26243967897E-01 -1.64842068108E-01
  19   3   3    6 C     4.42775264123E-01 -2.26243967897E-01 -3.35157931892E-01
  20   3   4    6 C     5.72247358768E-02 -2.73756032103E-01  1.64842068108E-01
  21   3   5    6 C     5.72247358768E-02  2.73756032103E-01 -3.35157931892E-01
  22   3   6    6 C     4.42775264123E-01  2.26243967897E-01  1.64842068108E-01
  23   3   7    6 C    -4.42775264123E-01  2.26243967897E-01  3.35157931892E-01
  24   3   8    6 C    -5.72247358768E-02  2.73756032103E-01 -1.64842068108E-01

 NUMBER OF SYMMETRY OPERATORS         :    8
 *******************************************************************************
 * GEOMETRY EDITING - INPUT COORDINATES ARE GIVEN IN ANGSTROM         
 *******************************************************************************

 GEOMETRY NOW FULLY CONSISTENT WITH THE GROUP

 GCALCO - MAX INDICES DIRECT LATTICE VECTOR    15    20    10
 NO.OF VECTORS CREATED 6999 STARS 1059 RMAX   123.33330 BOHR

 GEOMETRY FOR WAVE FUNCTION - DIMENSIONALITY OF THE SYSTEM    3
 (NON PERIODIC DIRECTION: LATTICE PARAMETER FORMALLY SET TO 500)
 *******************************************************************************
 LATTICE PARAMETERS (ANGSTROMS AND DEGREES) - BOHR = 0.5291772083 ANGSTROM
 PRIMITIVE CELL - CENTRING CODE 1/0 VOLUME=   166.027199 - DENSITY  2.880 g/cm^3
         A              B              C           ALPHA      BETA       GAMMA 
     5.11130636     4.01768951     8.08483119    90.000000  90.000000  90.000000
 *******************************************************************************
 ATOMS IN THE ASYMMETRIC UNIT    3 - ATOMS IN THE UNIT CELL:   24
     ATOM                 X/A                 Y/B                 Z/C    
 *******************************************************************************
      1 T   6 C    -9.983293088339E-02 -1.250402406132E-01  1.512038027092E-02
      2 F   6 C    -4.001670691166E-01 -3.749597593868E-01 -4.848796197291E-01
      3 F   6 C     4.001670691166E-01 -3.749597593868E-01 -1.512038027092E-02
      4 F   6 C     9.983293088339E-02 -1.250402406132E-01  4.848796197291E-01
      5 F   6 C     9.983293088339E-02  1.250402406132E-01 -1.512038027092E-02
      6 F   6 C     4.001670691166E-01  3.749597593868E-01  4.848796197291E-01
      7 F   6 C    -4.001670691166E-01  3.749597593868E-01  1.512038027092E-02
      8 F   6 C    -9.983293088339E-02  1.250402406132E-01 -4.848796197291E-01
      9 T   6 C    -3.143902721232E-01 -8.358229657944E-02  4.082346430696E-01
     10 F   6 C    -1.856097278768E-01 -4.164177034206E-01 -9.176535693040E-02
     11 F   6 C     1.856097278768E-01 -4.164177034206E-01 -4.082346430696E-01
     12 F   6 C     3.143902721232E-01 -8.358229657944E-02  9.176535693040E-02
     13 F   6 C     3.143902721232E-01  8.358229657944E-02 -4.082346430696E-01
     14 F   6 C     1.856097278768E-01  4.164177034206E-01  9.176535693040E-02
     15 F   6 C    -1.856097278768E-01  4.164177034206E-01  4.082346430696E-01
     16 F   6 C    -3.143902721232E-01  8.358229657944E-02 -9.176535693040E-02
     17 T   6 C    -5.722473587684E-02 -2.737560321034E-01  3.351579318916E-01
     18 F   6 C    -4.427752641232E-01 -2.262439678966E-01 -1.648420681084E-01
     19 F   6 C     4.427752641232E-01 -2.262439678966E-01 -3.351579318916E-01
     20 F   6 C     5.722473587684E-02 -2.737560321034E-01  1.648420681084E-01
     21 F   6 C     5.722473587684E-02  2.737560321034E-01 -3.351579318916E-01
     22 F   6 C     4.427752641232E-01  2.262439678966E-01  1.648420681084E-01
     23 F   6 C    -4.427752641232E-01  2.262439678966E-01  3.351579318916E-01
     24 F   6 C    -5.722473587684E-02  2.737560321034E-01 -1.648420681084E-01

 T = ATOM BELONGING TO THE ASYMMETRIC UNIT

 ****    8 SYMMOPS - TRANSLATORS IN FRACTIONAL UNITS
 **** MATRICES AND TRANSLATORS IN THE CRYSTALLOGRAPHIC REFERENCE FRAME
   V INV                    ROTATION MATRICES                   TRANSLATORS
   1   1  1.00  0.00  0.00  0.00  1.00  0.00  0.00  0.00  1.00  0.00  0.00  0.00
   2   2 -1.00  0.00  0.00  0.00 -1.00  0.00  0.00  0.00  1.00  0.50  0.50  0.50
   3   3  1.00  0.00  0.00  0.00 -1.00  0.00  0.00  0.00 -1.00  0.50  0.50  0.00
   4   4 -1.00  0.00  0.00  0.00  1.00  0.00  0.00  0.00 -1.00  0.00  0.00  0.50
   5   5 -1.00  0.00  0.00  0.00 -1.00  0.00  0.00  0.00 -1.00  0.00  0.00  0.00
   6   6  1.00  0.00  0.00  0.00  1.00  0.00  0.00  0.00 -1.00  0.50  0.50  0.50
   7   7 -1.00  0.00  0.00  0.00  1.00  0.00  0.00  0.00  1.00  0.50  0.50  0.00
   8   8  1.00  0.00  0.00  0.00 -1.00  0.00  0.00  0.00  1.00  0.00  0.00  0.50

 DIRECT LATTICE VECTORS CARTESIAN COMPONENTS (ANGSTROM)
          X                    Y                    Z
   0.511130636000E+01   0.000000000000E+00   0.000000000000E+00
   0.000000000000E+00   0.401768951000E+01   0.000000000000E+00
   0.000000000000E+00   0.000000000000E+00   0.808483119000E+01


 CARTESIAN COORDINATES - PRIMITIVE CELL
 *******************************************************************************
 *      ATOM          X(ANGSTROM)         Y(ANGSTROM)         Z(ANGSTROM)
 *******************************************************************************
    1     6 C    -5.102766945617E-01 -5.023728630395E-01  1.222457220190E-01
    2     6 C    -2.045376485438E+00 -1.506471891960E+00 -3.920169872981E+00
    3     6 C     2.045376485438E+00 -1.506471891960E+00 -1.222457220190E-01
    4     6 C     5.102766945617E-01 -5.023728630395E-01  3.920169872981E+00
    5     6 C     5.102766945617E-01  5.023728630395E-01 -1.222457220190E-01
    6     6 C     2.045376485438E+00  1.506471891960E+00  3.920169872981E+00
    7     6 C    -2.045376485438E+00  1.506471891960E+00  1.222457220190E-01
    8     6 C    -5.102766945617E-01  5.023728630395E-01 -3.920169872981E+00
    9     6 C    -1.606944997425E+00 -3.358077161889E-01  3.300508175128E+00
   10     6 C    -9.487081825746E-01 -1.673037038811E+00 -7.419074198724E-01
   11     6 C     9.487081825746E-01 -1.673037038811E+00 -3.300508175128E+00
   12     6 C     1.606944997425E+00 -3.358077161889E-01  7.419074198724E-01
   13     6 C     1.606944997425E+00  3.358077161889E-01 -3.300508175128E+00
   14     6 C     9.487081825746E-01  1.673037038811E+00  7.419074198724E-01
   15     6 C    -9.487081825746E-01  1.673037038811E+00  3.300508175128E+00
   16     6 C    -1.606944997425E+00  3.358077161889E-01 -7.419074198724E-01
   17     6 C    -2.924931564366E-01 -1.099866738481E+00  2.709695301333E+00
   18     6 C    -2.263160023563E+00 -9.089780165189E-01 -1.332720293667E+00
   19     6 C     2.263160023563E+00 -9.089780165189E-01 -2.709695301333E+00
   20     6 C     2.924931564366E-01 -1.099866738481E+00  1.332720293667E+00
   21     6 C     2.924931564366E-01  1.099866738481E+00 -2.709695301333E+00
   22     6 C     2.263160023563E+00  9.089780165189E-01  1.332720293667E+00
   23     6 C    -2.263160023563E+00  9.089780165189E-01  2.709695301333E+00
   24     6 C    -2.924931564366E-01  1.099866738481E+00 -1.332720293667E+00

 *******************************************************************************
 LOCAL ATOMIC FUNCTIONS BASIS SET
 *******************************************************************************
   ATOM   X(AU)   Y(AU)   Z(AU)  N. TYPE  EXPONENT  S COEF   P COEF   D/F/G COEF
 *******************************************************************************
   1 C   -0.964  -0.949   0.231
                                  1 S  
                                         1.358E+04 2.225E-04 0.000E+00 0.000E+00
                                         2.035E+03 1.723E-03 0.000E+00 0.000E+00
                                         4.632E+02 8.926E-03 0.000E+00 0.000E+00
                                         1.312E+02 3.573E-02 0.000E+00 0.000E+00
                                         4.285E+01 1.108E-01 0.000E+00 0.000E+00
                                         1.558E+01 2.430E-01 0.000E+00 0.000E+00
                                  2 S  
                                         6.207E+00 4.144E-01 0.000E+00 0.000E+00
                                         2.576E+00 2.374E-01 0.000E+00 0.000E+00
                                  3 S  
                                         4.941E-01 1.000E+00 0.000E+00 0.000E+00
                                  4 S  
                                         1.644E-01 1.000E+00 0.000E+00 0.000E+00
                           5-     7 P  
                                         3.470E+01 0.000E+00 5.333E-03 0.000E+00
                                         7.958E+00 0.000E+00 3.586E-02 0.000E+00
                                         2.378E+00 0.000E+00 1.422E-01 0.000E+00
                                         8.143E-01 0.000E+00 3.427E-01 0.000E+00
                           8-    10 P  
                                         5.662E-01 0.000E+00 1.000E+00 0.000E+00
                          11-    13 P  
                                         2.674E-01 0.000E+00 1.000E+00 0.000E+00
                          14-    18 D  
                                         8.792E-01 0.000E+00 0.000E+00 1.000E+00
   2 C   -3.865  -2.847  -7.408
   3 C    3.865  -2.847  -0.231
   4 C    0.964  -0.949   7.408
   5 C    0.964   0.949  -0.231
   6 C    3.865   2.847   7.408
   7 C   -3.865   2.847   0.231
   8 C   -0.964   0.949  -7.408
   9 C   -3.037  -0.635   6.237
  10 C   -1.793  -3.162  -1.402
  11 C    1.793  -3.162  -6.237
  12 C    3.037  -0.635   1.402
  13 C    3.037   0.635  -6.237
  14 C    1.793   3.162   1.402
  15 C   -1.793   3.162   6.237
  16 C   -3.037   0.635  -1.402
  17 C   -0.553  -2.078   5.121
  18 C   -4.277  -1.718  -2.518
  19 C    4.277  -1.718  -5.121
  20 C    0.553  -2.078   2.518
  21 C    0.553   2.078  -5.121
  22 C    4.277   1.718   2.518
  23 C   -4.277   1.718   5.121
  24 C   -0.553   2.078  -2.518
 INFORMATION **** SET_MPP **** PCRYSTAL CALCULATION
 INFORMATION **** READM2 **** NEW DEFAULT: FOCK/KS MATRIX MIXING SET TO 30 %
 INFORMATION **** READM2 **** NEW DEFAULT: FULL DIRECT SCF MODE
 INFORMATION **** READM2 **** NEW DEFAULT: COULOMB BIPOLAR BUFFER SET TO 32 Mb
 INFORMATION **** READM2 **** NEW DEFAULT: EXCHANGE BIPOLAR BUFFER SET TO 32 Mb

 *******************************************************************************
 NEW DEFAULT: DFT INTEGRATION GRID INCREASED TO XLGRID
 NEW DEFAULT: DIIS ACCELERATOR ACTIVE
 USE KEYWORD NODIIS TO TURN IT OFF
 *******************************************************************************

 INFORMATION **** DFTD3_INPUT **** PERFORM LATEST DISPERSION CORRECTION DFT-D3(BJ) WITH AUTOMATIC PARAMETER SETUP
 PLEASE CITE:
 (1) DFT-D3 Reference
  S. Grimme, J. Antony, S. Ehrlich, and H. Krieg, J. Chem. Phys. 132 (2010), 154104
 (2) BJ-Damping Reference
  S. Grimme, S. Ehrlich, and L. Goerigk, J. Comput. Chem. 32 (2011), 1456-1465
 (3) General DFT-D Review
  S. Grimme, A. Hansen, J. G. Brandenburg, and C. Bannwarth,
  Chem. Rev. 116 (2016), 5105-5154

 INFORMATION **** TOLINTEG **** COULOMB AND EXCHANGE SERIES TOLERANCES MODIFIED
 INFORMATION **** TOLDEE **** SCF TOL ON TOTAL ENERGY SET TO           9
 INFORMATION **** READM2 **** FULL DIRECT SCF (MONO AND BIEL INT) SELECTED
 INFORMATION **** MAXCYCLE **** MAX NUMBER OF SCF CYCLES SET TO         800
 INFORMATION **** DIIS **** DIIS FOR SCF ACTIVE
 INFORMATION **** DIIS **** LEVEL SHIFTER DISABLED
 INFORMATION **** PPAN ****  MULLIKEN POPULATION ANALYSIS AT THE END OF SCF
 *******************************************************************************
 N. OF ATOMS PER CELL        24  COULOMB OVERLAP TOL         (T1) 10**   -8
 NUMBER OF SHELLS           192  COULOMB PENETRATION TOL     (T2) 10**   -8
 NUMBER OF AO               432  EXCHANGE OVERLAP TOL        (T3) 10**   -8
 N. OF ELECTRONS PER CELL   144  EXCHANGE PSEUDO OVP (F(G))  (T4) 10**   -9
 CORE ELECTRONS PER CELL     48  EXCHANGE PSEUDO OVP (P(G))  (T5) 10**  -24
 N. OF SYMMETRY OPERATORS     8  POLE ORDER IN MONO ZONE                  4
 *******************************************************************************
 TYPE OF CALCULATION :  UNRESTRICTED OPEN SHELL
 KOHN-SHAM HAMILTONIAN

 (EXCHANGE)[CORRELATION] FUNCTIONAL:(BECKE 88)[LEE-YANG-PARR]

 NON-LOCAL WEIGHTING FACTOR (EXCHANGE) =           0.9000
 NON-LOCAL WEIGHTING FACTOR [CORRELATION] =        0.8100

 HYBRID EXCHANGE - PERCENTAGE OF FOCK EXCHANGE    20.0000

 SPIN POLARIZED DFT SELECTED

 CAPPA:IS1 10;IS2 10;IS3 10; K PTS MONK NET 216; SYMMOPS:K SPACE   8;G SPACE   8

 *******************************************************************************
 MAX NUMBER OF SCF CYCLES     800  CONVERGENCE ON DELTAP        10**-19
 WEIGHT OF F(I) IN F(I+1)      30% CONVERGENCE ON ENERGY        10**- 9
 SHRINK. FACT.(MONKH.)   10 10 10  NUMBER OF K POINTS IN THE IBZ    216
 SHRINKING FACTOR(GILAT NET)   20  NUMBER OF K POINTS(GILAT NET)   1331
 *******************************************************************************
 *** K POINTS COORDINATES (OBLIQUE COORDINATES IN UNITS OF IS = 10)
   1-R(  0  0  0)   2-C(  1  0  0)   3-C(  2  0  0)   4-C(  3  0  0)
   5-C(  4  0  0)   6-R(  5  0  0)   7-C(  0  1  0)   8-C(  1  1  0)
   9-C(  2  1  0)  10-C(  3  1  0)  11-C(  4  1  0)  12-C(  5  1  0)
  13-C(  0  2  0)  14-C(  1  2  0)  15-C(  2  2  0)  16-C(  3  2  0)
  17-C(  4  2  0)  18-C(  5  2  0)  19-C(  0  3  0)  20-C(  1  3  0)
  21-C(  2  3  0)  22-C(  3  3  0)  23-C(  4  3  0)  24-C(  5  3  0)
  25-C(  0  4  0)  26-C(  1  4  0)  27-C(  2  4  0)  28-C(  3  4  0)
  29-C(  4  4  0)  30-C(  5  4  0)  31-R(  0  5  0)  32-C(  1  5  0)
  33-C(  2  5  0)  34-C(  3  5  0)  35-C(  4  5  0)  36-R(  5  5  0)
  37-C(  0  0  1)  38-C(  1  0  1)  39-C(  2  0  1)  40-C(  3  0  1)
  41-C(  4  0  1)  42-C(  5  0  1)  43-C(  0  1  1)  44-C(  1  1  1)
  45-C(  2  1  1)  46-C(  3  1  1)  47-C(  4  1  1)  48-C(  5  1  1)
  49-C(  0  2  1)  50-C(  1  2  1)  51-C(  2  2  1)  52-C(  3  2  1)
  53-C(  4  2  1)  54-C(  5  2  1)  55-C(  0  3  1)  56-C(  1  3  1)
  57-C(  2  3  1)  58-C(  3  3  1)  59-C(  4  3  1)  60-C(  5  3  1)
  61-C(  0  4  1)  62-C(  1  4  1)  63-C(  2  4  1)  64-C(  3  4  1)
  65-C(  4  4  1)  66-C(  5  4  1)  67-C(  0  5  1)  68-C(  1  5  1)
  69-C(  2  5  1)  70-C(  3  5  1)  71-C(  4  5  1)  72-C(  5  5  1)
  73-C(  0  0  2)  74-C(  1  0  2)  75-C(  2  0  2)  76-C(  3  0  2)
  77-C(  4  0  2)  78-C(  5  0  2)  79-C(  0  1  2)  80-C(  1  1  2)
  81-C(  2  1  2)  82-C(  3  1  2)  83-C(  4  1  2)  84-C(  5  1  2)
  85-C(  0  2  2)  86-C(  1  2  2)  87-C(  2  2  2)  88-C(  3  2  2)
  89-C(  4  2  2)  90-C(  5  2  2)  91-C(  0  3  2)  92-C(  1  3  2)
  93-C(  2  3  2)  94-C(  3  3  2)  95-C(  4  3  2)  96-C(  5  3  2)
  97-C(  0  4  2)  98-C(  1  4  2)  99-C(  2  4  2) 100-C(  3  4  2)
 101-C(  4  4  2) 102-C(  5  4  2) 103-C(  0  5  2) 104-C(  1  5  2)
 105-C(  2  5  2) 106-C(  3  5  2) 107-C(  4  5  2) 108-C(  5  5  2)
 109-C(  0  0  3) 110-C(  1  0  3) 111-C(  2  0  3) 112-C(  3  0  3)
 113-C(  4  0  3) 114-C(  5  0  3) 115-C(  0  1  3) 116-C(  1  1  3)
 117-C(  2  1  3) 118-C(  3  1  3) 119-C(  4  1  3) 120-C(  5  1  3)
 121-C(  0  2  3) 122-C(  1  2  3) 123-C(  2  2  3) 124-C(  3  2  3)
 125-C(  4  2  3) 126-C(  5  2  3) 127-C(  0  3  3) 128-C(  1  3  3)
 129-C(  2  3  3) 130-C(  3  3  3) 131-C(  4  3  3) 132-C(  5  3  3)
 133-C(  0  4  3) 134-C(  1  4  3) 135-C(  2  4  3) 136-C(  3  4  3)
 137-C(  4  4  3) 138-C(  5  4  3) 139-C(  0  5  3) 140-C(  1  5  3)
 141-C(  2  5  3) 142-C(  3  5  3) 143-C(  4  5  3) 144-C(  5  5  3)
 145-C(  0  0  4) 146-C(  1  0  4) 147-C(  2  0  4) 148-C(  3  0  4)
 149-C(  4  0  4) 150-C(  5  0  4) 151-C(  0  1  4) 152-C(  1  1  4)
 153-C(  2  1  4) 154-C(  3  1  4) 155-C(  4  1  4) 156-C(  5  1  4)
 157-C(  0  2  4) 158-C(  1  2  4) 159-C(  2  2  4) 160-C(  3  2  4)
 161-C(  4  2  4) 162-C(  5  2  4) 163-C(  0  3  4) 164-C(  1  3  4)
 165-C(  2  3  4) 166-C(  3  3  4) 167-C(  4  3  4) 168-C(  5  3  4)
 169-C(  0  4  4) 170-C(  1  4  4) 171-C(  2  4  4) 172-C(  3  4  4)
 173-C(  4  4  4) 174-C(  5  4  4) 175-C(  0  5  4) 176-C(  1  5  4)
 177-C(  2  5  4) 178-C(  3  5  4) 179-C(  4  5  4) 180-C(  5  5  4)
 181-R(  0  0  5) 182-C(  1  0  5) 183-C(  2  0  5) 184-C(  3  0  5)
 185-C(  4  0  5) 186-R(  5  0  5) 187-C(  0  1  5) 188-C(  1  1  5)
 189-C(  2  1  5) 190-C(  3  1  5) 191-C(  4  1  5) 192-C(  5  1  5)
 193-C(  0  2  5) 194-C(  1  2  5) 195-C(  2  2  5) 196-C(  3  2  5)
 197-C(  4  2  5) 198-C(  5  2  5) 199-C(  0  3  5) 200-C(  1  3  5)
 201-C(  2  3  5) 202-C(  3  3  5) 203-C(  4  3  5) 204-C(  5  3  5)
 205-C(  0  4  5) 206-C(  1  4  5) 207-C(  2  4  5) 208-C(  3  4  5)
 209-C(  4  4  5) 210-C(  5  4  5) 211-R(  0  5  5) 212-C(  1  5  5)
 213-C(  2  5  5) 214-C(  3  5  5) 215-C(  4  5  5) 216-R(  5  5  5)

 DIRECT LATTICE VECTORS COMPON. (A.U.)     RECIP. LATTICE VECTORS COMPON. (A.U.) 
        X            Y            Z              X            Y            Z
    9.6589692    0.0000000    0.0000000      0.6505027    0.0000000    0.0000000
    0.0000000    7.5923329    0.0000000      0.0000000    0.8275698    0.0000000
    0.0000000    0.0000000   15.2781168      0.0000000    0.0000000    0.4112539

 DISK SPACE FOR EIGENVECTORS (FTN 10)    79128576 REALS

 SYMMETRY ADAPTION OF THE BLOCH FUNCTIONS ENABLED
 TTTTTTTTTTTTTTTTTTTTTTTTTTTTTT gordsh1     TELAPSE        1.53 TCPU        0.60

 MATRIX SIZE: P(G) 2348024, F(G)  270328, P(G) IRR  154435, F(G) IRR   35445
 MAX G-VECTOR INDEX FOR 1- AND 2-ELECTRON INTEGRALS 239

 TTTTTTTTTTTTTTTTTTTTTTTTTTTTTT INPUT       TELAPSE        1.54 TCPU        0.61

 NEIGHBORS OF THE NON-EQUIVALENT ATOMS

 N = NUMBER OF NEIGHBORS AT DISTANCE R
    ATOM  N     R/ANG      R/AU   NEIGHBORS (ATOM LABELS AND CELL INDICES)
   1 C    1     1.4529     2.7455    5 C    0 0 0
   1 C    1     1.5197     2.8718   10 C    0 0 0
   1 C    1     1.5706     2.9679   20 C    0 0 0
   1 C    1     1.6285     3.0774   16 C    0 0 0
   1 C    1     2.1752     4.1105   24 C    0 0 0
   1 C    1     2.2123     4.1807   12 C    0 0 0

   9 C    1     1.5197     2.8718    2 C    0 0 1
   9 C    1     1.5262     2.8840   23 C    0 0 0
   9 C    1     1.6285     3.0774    8 C    0 0 1
   9 C    1     1.6311     3.0824   17 C    0 0 0
   9 C    2     2.1139     3.9948   15 C    0 0 0   15 C    0-1 0
   9 C    1     2.2123     4.1807    4 C    0 0 0

  17 C    1     1.4961     2.8272   20 C    0 0 0
  17 C    1     1.5262     2.8840   15 C    0-1 0
  17 C    1     1.5706     2.9679    4 C    0 0 0
  17 C    1     1.6311     3.0824    9 C    0 0 0
  17 C    1     2.1752     4.1105    8 C    0 0 1
  17 C    1     2.3141     4.3729    2 C    0 0 1


 SYMMETRY ALLOWED INTERNAL DEGREE(S) OF FREEDOM:   9
 TTTTTTTTTTTTTTTTTTTTTTTTTTTTTT SYMM        TELAPSE        1.64 TCPU        0.70
 TTTTTTTTTTTTTTTTTTTTTTTTTTTTTT INT_SCREEN  TELAPSE        1.65 TCPU        0.70

 DFT PARAMETERS

     ATOM       ELECTRONS   NET CHARGE   R(ANGSTROM)
   1   6  C       6.0000      0.0000     0.77000000

 SIZE OF GRID=      84066
 TTTTTTTTTTTTTTTTTTTTTTTTTTTTTT MAKE_GRID2  TELAPSE        2.07 TCPU        1.12
 BECKE WEIGHT FUNCTION
 RADSAFE =     2.00
 TOLERANCES - DENSITY:10**- 6; POTENTIAL:10**- 9; GRID WGT:10**-14

 RADIAL INTEGRATION  - INTERVALS (POINTS,UPPER LIMIT):            1( 75,  4.0*R)

 ANGULAR INTEGRATION - INTERVALS (ACCURACY LEVEL [N. POINTS] UPPER LIMIT):
  1(  4[  86]   0.2)  2(  8[ 194]   0.5)  3( 12[ 350]   0.9)  4( 16[ 974]   3.5)
  5( 12[ 350]9999.0)
 TTTTTTTTTTTTTTTTTTTTTTTTTTTTTT INT_CALC    TELAPSE        2.09 TCPU        1.15
 EEEEEEEEEE INT_CALC TERMINATION  DATE 30 01 2026 TIME 20:54:56.5

 *******************************************************************************
 ./4^3T102-CA_SCF_opt_rev1_sp_B3LYP-D3-D3_optimized                              
 CRYSTAL - SCF - TYPE OF CALCULATION :  UNRESTRICTED OPEN SHELL
 *******************************************************************************

 CAPPA:IS1 10;IS2 10;IS3 10; K PTS MONK NET 216; SYMMOPS:K SPACE   8;G SPACE   8

 TTTTTTTTTTTTTTTTTTTTTTTTTTTTTT SDIK        TELAPSE        2.74 TCPU        1.73

 AAAAAAAAAAAAAAAAAAAAAAAAAAAAAAAAAAAAAAAAAAAAAAAAAAAAAAAAAAAAAAAAAAAAAAAAAAAAAAA
         ATOMIC WAVEFUNCTION(S)


 NUCLEAR CHARGE  6.0  SYMMETRY SPECIES            S    P
 N. ELECTRONS    6.0  NUMBER OF PRIMITIVE GTOS   10    6
                      NUMBER OF CONTRACTED GTOS   4    3
                      NUMBER OF CLOSED SHELLS     2    0
                      OPEN SHELL OCCUPATION       0    2

  ZNUC  SCFIT    TOTAL HF ENERGY   KINETIC ENERGY   VIRIAL THEOREM ACCURACY
   6.0    10    -3.766702350E+01  3.783137943E+01 -1.995655566E+00  1.6E-06

 AAAAAAAAAAAAAAAAAAAAAAAAAAAAAAAAAAAAAAAAAAAAAAAAAAAAAAAAAAAAAAAAAAAAAAAAAAAAAAA

 CHARGE NORMALIZATION FACTOR   1.00000000
 TOTAL ATOMIC CHARGES:
   6.0000000   6.0000000   6.0000000   6.0000000   6.0000000   6.0000000
   6.0000000   6.0000000   6.0000000   6.0000000   6.0000000   6.0000000
   6.0000000   6.0000000   6.0000000   6.0000000   6.0000000   6.0000000
   6.0000000   6.0000000   6.0000000   6.0000000   6.0000000   6.0000000
 SUMMED SPIN DENSITY           0.00000000
 TOTAL ATOMIC SPINS  :
   0.0000000   0.0000000   0.0000000   0.0000000   0.0000000   0.0000000
   0.0000000   0.0000000   0.0000000   0.0000000   0.0000000   0.0000000
   0.0000000   0.0000000   0.0000000   0.0000000   0.0000000   0.0000000
   0.0000000   0.0000000   0.0000000   0.0000000   0.0000000   0.0000000
 TTTTTTTTTTTTTTTTTTTTTTTTTTTTTT MOQGAD      TELAPSE        2.75 TCPU        1.74
 TTTTTTTTTTTTTTTTTTTTTTTTTTTTTT SHELLXN     TELAPSE       46.57 TCPU       45.53
 TTTTTTTTTTTTTTTTTTTTTTTTTTTTTT MONMO3      TELAPSE       46.63 TCPU       45.59
 NUMERICALLY INTEGRATED DENSITY     71.9999498134     71.9999498134
 TTTTTTTTTTTTTTTTTTTTTTTTTTTTTT NUMDFT      TELAPSE       47.31 TCPU       46.27
 CYC   0 ETOT(AU) -9.213902484935E+02 DETOT -9.21E+02 tst  0.00E+00 PX  1.00E+00
 TTTTTTTTTTTTTTTTTTTTTTTTTTTTTT DIIS        TELAPSE       47.61 TCPU       46.47
 TTTTTTTTTTTTTTTTTTTTTTTTTTTTTT FDIK        TELAPSE       55.21 TCPU       53.98

    ALPHA      ELECTRONS
 INSULATING STATE
 TOP OF VALENCE BANDS -    BAND     72; K    1; EIG -1.7930887E-01 AU
 BOTTOM OF VIRTUAL BANDS - BAND     73; K   73; EIG -8.8361154E-02 AU
 INDIRECT ENERGY BAND GAP:   2.4748 eV
 BOTTOM OF VIRTUAL BANDS - BAND     73; K    1; EIG -8.8175628E-02 AU

    BETA       ELECTRONS
 INSULATING STATE
 TOP OF VALENCE BANDS -    BAND     72; K    1; EIG -1.7930887E-01 AU
 BOTTOM OF VIRTUAL BANDS - BAND     73; K   73; EIG -8.8361154E-02 AU
 INDIRECT ENERGY BAND GAP:   2.4748 eV
 BOTTOM OF VIRTUAL BANDS - BAND     73; K    1; EIG -8.8175628E-02 AU
 TTTTTTTTTTTTTTTTTTTTTTTTTTTTTT PDIG        TELAPSE       55.86 TCPU       54.60
 CHARGE NORMALIZATION FACTOR   1.00000000
 TOTAL ATOMIC CHARGES:
   6.0707946   6.0707946   6.0707946   6.0707946   6.0707946   6.0707946
   6.0707946   6.0707946   5.9626849   5.9626849   5.9626849   5.9626849
   5.9626849   5.9626849   5.9626849   5.9626849   5.9665205   5.9665205
   5.9665205   5.9665205   5.9665205   5.9665205   5.9665205   5.9665205
 SUMMED SPIN DENSITY          -0.00000000
 TOTAL ATOMIC SPINS  :
  -0.0000000  -0.0000000  -0.0000000  -0.0000000  -0.0000000  -0.0000000
  -0.0000000  -0.0000000   0.0000000   0.0000000   0.0000000   0.0000000
   0.0000000   0.0000000   0.0000000   0.0000000  -0.0000000  -0.0000000
  -0.0000000  -0.0000000  -0.0000000  -0.0000000  -0.0000000  -0.0000000
 TTTTTTTTTTTTTTTTTTTTTTTTTTTTTT MOQGAD      TELAPSE       55.87 TCPU       54.62
 TTTTTTTTTTTTTTTTTTTTTTTTTTTTTT SHELLXN     TELAPSE      102.45 TCPU      101.14
 TTTTTTTTTTTTTTTTTTTTTTTTTTTTTT MONMO3      TELAPSE      102.51 TCPU      101.21
 NUMERICALLY INTEGRATED DENSITY     71.9999663022     71.9999663022
 TTTTTTTTTTTTTTTTTTTTTTTTTTTTTT NUMDFT      TELAPSE      103.17 TCPU      101.87
 CYC   1 ETOT(AU) -9.132600187648E+02 DETOT  8.13E+00 tst  0.00E+00 PX  1.00E+00
 TTTTTTTTTTTTTTTTTTTTTTTTTTTTTT DIIS        TELAPSE      103.40 TCPU      102.08
 DIIS TEST: 0.51666E+00 AT SCF   CYCLE   1 - MIX   30 %
 TTTTTTTTTTTTTTTTTTTTTTTTTTTTTT FDIK        TELAPSE      107.04 TCPU      105.65

    ALPHA      ELECTRONS
 INSULATING STATE
 TOP OF VALENCE BANDS -    BAND     72; K    1; EIG -1.1106140E-01 AU
 BOTTOM OF VIRTUAL BANDS - BAND     73; K   73; EIG  5.1284995E-03 AU
 INDIRECT ENERGY BAND GAP:   3.1617 eV
 BOTTOM OF VIRTUAL BANDS - BAND     73; K    1; EIG  5.7601658E-03 AU

    BETA       ELECTRONS
 INSULATING STATE
 TOP OF VALENCE BANDS -    BAND     72; K    1; EIG -1.1106140E-01 AU
 BOTTOM OF VIRTUAL BANDS - BAND     73; K   73; EIG  5.1284995E-03 AU
 INDIRECT ENERGY BAND GAP:   3.1617 eV
 BOTTOM OF VIRTUAL BANDS - BAND     73; K    1; EIG  5.7601658E-03 AU
 TTTTTTTTTTTTTTTTTTTTTTTTTTTTTT PDIG        TELAPSE      107.66 TCPU      106.27
 CHARGE NORMALIZATION FACTOR   1.00000000
 TOTAL ATOMIC CHARGES:
   5.9398432   5.9398432   5.9398432   5.9398432   5.9398432   5.9398432
   5.9398432   5.9398432   6.0639481   6.0639481   6.0639481   6.0639481
   6.0639481   6.0639481   6.0639481   6.0639481   5.9962087   5.9962087
   5.9962087   5.9962087   5.9962087   5.9962087   5.9962087   5.9962087
 SUMMED SPIN DENSITY           0.00000000
 TOTAL ATOMIC SPINS  :
  -0.0000000  -0.0000000  -0.0000000  -0.0000000  -0.0000000  -0.0000000
  -0.0000000  -0.0000000   0.0000000   0.0000000   0.0000000   0.0000000
   0.0000000   0.0000000   0.0000000   0.0000000  -0.0000000  -0.0000000
  -0.0000000  -0.0000000  -0.0000000  -0.0000000  -0.0000000  -0.0000000
 TTTTTTTTTTTTTTTTTTTTTTTTTTTTTT MOQGAD      TELAPSE      107.68 TCPU      106.28
 TTTTTTTTTTTTTTTTTTTTTTTTTTTTTT SHELLXN     TELAPSE      153.98 TCPU      152.56
 TTTTTTTTTTTTTTTTTTTTTTTTTTTTTT MONMO3      TELAPSE      154.05 TCPU      152.62
 NUMERICALLY INTEGRATED DENSITY     71.9999645297     71.9999645297
 TTTTTTTTTTTTTTTTTTTTTTTTTTTTTT NUMDFT      TELAPSE      154.71 TCPU      153.28
 CYC   2 ETOT(AU) -9.133017798995E+02 DETOT -4.18E-02 tst  3.64E-04 PX  8.30E-02
 TTTTTTTTTTTTTTTTTTTTTTTTTTTTTT DIIS        TELAPSE      154.93 TCPU      153.50
 DIIS TEST: 0.20759E+00 AT SCF   CYCLE   2 - DIIS ACTIVE - HISTORY:     2 CYCLES
 TTTTTTTTTTTTTTTTTTTTTTTTTTTTTT FDIK        TELAPSE      158.57 TCPU      157.06

    ALPHA      ELECTRONS
 INSULATING STATE
 TOP OF VALENCE BANDS -    BAND     72; K    1; EIG -9.1747063E-02 AU
 BOTTOM OF VIRTUAL BANDS - BAND     73; K  109; EIG  4.1145857E-02 AU
 INDIRECT ENERGY BAND GAP:   3.6162 eV
 BOTTOM OF VIRTUAL BANDS - BAND     73; K    1; EIG  4.2147439E-02 AU

    BETA       ELECTRONS
 INSULATING STATE
 TOP OF VALENCE BANDS -    BAND     72; K    1; EIG -9.1747063E-02 AU
 BOTTOM OF VIRTUAL BANDS - BAND     73; K  109; EIG  4.1145857E-02 AU
 INDIRECT ENERGY BAND GAP:   3.6162 eV
 BOTTOM OF VIRTUAL BANDS - BAND     73; K    1; EIG  4.2147439E-02 AU
 TTTTTTTTTTTTTTTTTTTTTTTTTTTTTT PDIG        TELAPSE      159.21 TCPU      157.69
 CHARGE NORMALIZATION FACTOR   1.00000000
 TOTAL ATOMIC CHARGES:
   6.0363978   6.0363978   6.0363978   6.0363978   6.0363978   6.0363978
   6.0363978   6.0363978   5.9997599   5.9997599   5.9997599   5.9997599
   5.9997599   5.9997599   5.9997599   5.9997599   5.9638423   5.9638423
   5.9638423   5.9638423   5.9638423   5.9638423   5.9638423   5.9638423
 SUMMED SPIN DENSITY          -0.00000000
 TOTAL ATOMIC SPINS  :
   0.0000000   0.0000000   0.0000000   0.0000000   0.0000000   0.0000000
   0.0000000   0.0000000  -0.0000000  -0.0000000  -0.0000000  -0.0000000
  -0.0000000  -0.0000000  -0.0000000  -0.0000000   0.0000000   0.0000000
   0.0000000   0.0000000   0.0000000   0.0000000   0.0000000   0.0000000
 TTTTTTTTTTTTTTTTTTTTTTTTTTTTTT MOQGAD      TELAPSE      159.22 TCPU      157.70
 TTTTTTTTTTTTTTTTTTTTTTTTTTTTTT SHELLXN     TELAPSE      205.77 TCPU      204.22
 TTTTTTTTTTTTTTTTTTTTTTTTTTTTTT MONMO3      TELAPSE      205.84 TCPU      204.28
 NUMERICALLY INTEGRATED DENSITY     71.9999638030     71.9999638030
 TTTTTTTTTTTTTTTTTTTTTTTTTTTTTT NUMDFT      TELAPSE      206.49 TCPU      204.94
 CYC   3 ETOT(AU) -9.133129451852E+02 DETOT -1.12E-02 tst  1.81E-04 PX  2.77E-02
 TTTTTTTTTTTTTTTTTTTTTTTTTTTTTT DIIS        TELAPSE      206.76 TCPU      205.11
 DIIS TEST: 0.25892E-01 AT SCF   CYCLE   3 - DIIS ACTIVE - HISTORY:     3 CYCLES
 TTTTTTTTTTTTTTTTTTTTTTTTTTTTTT FDIK        TELAPSE      210.28 TCPU      208.54

    ALPHA      ELECTRONS
 INSULATING STATE
 TOP OF VALENCE BANDS -    BAND     72; K    1; EIG -9.7044192E-02 AU
 BOTTOM OF VIRTUAL BANDS - BAND     73; K  109; EIG  3.8172828E-02 AU
 INDIRECT ENERGY BAND GAP:   3.6794 eV
 BOTTOM OF VIRTUAL BANDS - BAND     73; K    1; EIG  3.9049347E-02 AU

    BETA       ELECTRONS
 INSULATING STATE
 TOP OF VALENCE BANDS -    BAND     72; K    1; EIG -9.7044192E-02 AU
 BOTTOM OF VIRTUAL BANDS - BAND     73; K  109; EIG  3.8172828E-02 AU
 INDIRECT ENERGY BAND GAP:   3.6794 eV
 BOTTOM OF VIRTUAL BANDS - BAND     73; K    1; EIG  3.9049347E-02 AU
 TTTTTTTTTTTTTTTTTTTTTTTTTTTTTT PDIG        TELAPSE      210.89 TCPU      209.16
 CHARGE NORMALIZATION FACTOR   1.00000000
 TOTAL ATOMIC CHARGES:
   6.0077983   6.0077983   6.0077983   6.0077983   6.0077983   6.0077983
   6.0077983   6.0077983   6.0143760   6.0143760   6.0143760   6.0143760
   6.0143760   6.0143760   6.0143760   6.0143760   5.9778256   5.9778256
   5.9778256   5.9778256   5.9778256   5.9778256   5.9778256   5.9778256
 SUMMED SPIN DENSITY          -0.00000000
 TOTAL ATOMIC SPINS  :
   0.0000000   0.0000000   0.0000000   0.0000000   0.0000000   0.0000000
   0.0000000   0.0000000  -0.0000000  -0.0000000  -0.0000000  -0.0000000
  -0.0000000  -0.0000000  -0.0000000  -0.0000000   0.0000000   0.0000000
   0.0000000   0.0000000   0.0000000   0.0000000   0.0000000   0.0000000
 TTTTTTTTTTTTTTTTTTTTTTTTTTTTTT MOQGAD      TELAPSE      210.91 TCPU      209.17
 TTTTTTTTTTTTTTTTTTTTTTTTTTTTTT SHELLXN     TELAPSE      257.17 TCPU      255.40
 TTTTTTTTTTTTTTTTTTTTTTTTTTTTTT MONMO3      TELAPSE      257.24 TCPU      255.46
 NUMERICALLY INTEGRATED DENSITY     71.9999642720     71.9999642720
 TTTTTTTTTTTTTTTTTTTTTTTTTTTTTT NUMDFT      TELAPSE      257.90 TCPU      256.12
 CYC   4 ETOT(AU) -9.133146626333E+02 DETOT -1.72E-03 tst  1.54E-05 PX  1.51E-02
 TTTTTTTTTTTTTTTTTTTTTTTTTTTTTT DIIS        TELAPSE      258.12 TCPU      256.34
 DIIS TEST: 0.89939E-03 AT SCF   CYCLE   4 - DIIS ACTIVE - HISTORY:     4 CYCLES
 TTTTTTTTTTTTTTTTTTTTTTTTTTTTTT FDIK        TELAPSE      261.76 TCPU      259.86

    ALPHA      ELECTRONS
 INSULATING STATE
 TOP OF VALENCE BANDS -    BAND     72; K    1; EIG -9.6663148E-02 AU
 BOTTOM OF VIRTUAL BANDS - BAND     73; K  109; EIG  3.8816101E-02 AU
 INDIRECT ENERGY BAND GAP:   3.6866 eV
 BOTTOM OF VIRTUAL BANDS - BAND     73; K    1; EIG  3.9723737E-02 AU

    BETA       ELECTRONS
 INSULATING STATE
 TOP OF VALENCE BANDS -    BAND     72; K    1; EIG -9.6663148E-02 AU
 BOTTOM OF VIRTUAL BANDS - BAND     73; K  109; EIG  3.8816101E-02 AU
 INDIRECT ENERGY BAND GAP:   3.6866 eV
 BOTTOM OF VIRTUAL BANDS - BAND     73; K    1; EIG  3.9723737E-02 AU
 TTTTTTTTTTTTTTTTTTTTTTTTTTTTTT PDIG        TELAPSE      262.39 TCPU      260.48
 CHARGE NORMALIZATION FACTOR   1.00000000
 TOTAL ATOMIC CHARGES:
   6.0118372   6.0118372   6.0118372   6.0118372   6.0118372   6.0118372
   6.0118372   6.0118372   6.0151382   6.0151382   6.0151382   6.0151382
   6.0151382   6.0151382   6.0151382   6.0151382   5.9730246   5.9730246
   5.9730246   5.9730246   5.9730246   5.9730246   5.9730246   5.9730246
 SUMMED SPIN DENSITY          -0.00000000
 TOTAL ATOMIC SPINS  :
   0.0000000   0.0000000   0.0000000   0.0000000   0.0000000   0.0000000
   0.0000000   0.0000000  -0.0000000  -0.0000000  -0.0000000  -0.0000000
  -0.0000000  -0.0000000  -0.0000000  -0.0000000   0.0000000   0.0000000
   0.0000000   0.0000000   0.0000000   0.0000000   0.0000000   0.0000000
 TTTTTTTTTTTTTTTTTTTTTTTTTTTTTT MOQGAD      TELAPSE      262.40 TCPU      260.50
 TTTTTTTTTTTTTTTTTTTTTTTTTTTTTT SHELLXN     TELAPSE      308.70 TCPU      306.76
 TTTTTTTTTTTTTTTTTTTTTTTTTTTTTT MONMO3      TELAPSE      308.76 TCPU      306.82
 NUMERICALLY INTEGRATED DENSITY     71.9999642056     71.9999642056
 TTTTTTTTTTTTTTTTTTTTTTTTTTTTTT NUMDFT      TELAPSE      309.42 TCPU      307.48
 CYC   5 ETOT(AU) -9.133147374987E+02 DETOT -7.49E-05 tst  9.64E-07 PX  2.02E-03
 TTTTTTTTTTTTTTTTTTTTTTTTTTTTTT DIIS        TELAPSE      309.74 TCPU      307.68
 DIIS TEST: 0.93229E-04 AT SCF   CYCLE   5 - DIIS ACTIVE - HISTORY:     5 CYCLES
 TTTTTTTTTTTTTTTTTTTTTTTTTTTTTT FDIK        TELAPSE      313.27 TCPU      311.12

    ALPHA      ELECTRONS
 INSULATING STATE
 TOP OF VALENCE BANDS -    BAND     72; K    1; EIG -9.6469185E-02 AU
 BOTTOM OF VIRTUAL BANDS - BAND     73; K  109; EIG  3.8903650E-02 AU
 INDIRECT ENERGY BAND GAP:   3.6837 eV
 BOTTOM OF VIRTUAL BANDS - BAND     73; K    1; EIG  3.9812298E-02 AU

    BETA       ELECTRONS
 INSULATING STATE
 TOP OF VALENCE BANDS -    BAND     72; K    1; EIG -9.6469185E-02 AU
 BOTTOM OF VIRTUAL BANDS - BAND     73; K  109; EIG  3.8903650E-02 AU
 INDIRECT ENERGY BAND GAP:   3.6837 eV
 BOTTOM OF VIRTUAL BANDS - BAND     73; K    1; EIG  3.9812298E-02 AU
 TTTTTTTTTTTTTTTTTTTTTTTTTTTTTT PDIG        TELAPSE      313.89 TCPU      311.72
 CHARGE NORMALIZATION FACTOR   1.00000000
 TOTAL ATOMIC CHARGES:
   6.0116455   6.0116455   6.0116455   6.0116455   6.0116455   6.0116455
   6.0116455   6.0116455   6.0132107   6.0132107   6.0132107   6.0132107
   6.0132107   6.0132107   6.0132107   6.0132107   5.9751438   5.9751438
   5.9751438   5.9751438   5.9751438   5.9751438   5.9751438   5.9751438
 SUMMED SPIN DENSITY          -0.00000000
 TOTAL ATOMIC SPINS  :
   0.0000000   0.0000000   0.0000000   0.0000000   0.0000000   0.0000000
   0.0000000   0.0000000  -0.0000000  -0.0000000  -0.0000000  -0.0000000
  -0.0000000  -0.0000000  -0.0000000  -0.0000000   0.0000000   0.0000000
   0.0000000   0.0000000   0.0000000   0.0000000   0.0000000   0.0000000
 TTTTTTTTTTTTTTTTTTTTTTTTTTTTTT MOQGAD      TELAPSE      313.90 TCPU      311.73
 TTTTTTTTTTTTTTTTTTTTTTTTTTTTTT SHELLXN     TELAPSE      360.26 TCPU      358.06
 TTTTTTTTTTTTTTTTTTTTTTTTTTTTTT MONMO3      TELAPSE      360.33 TCPU      358.12
 NUMERICALLY INTEGRATED DENSITY     71.9999641934     71.9999641934
 TTTTTTTTTTTTTTTTTTTTTTTTTTTTTT NUMDFT      TELAPSE      360.99 TCPU      358.78
 CYC   6 ETOT(AU) -9.133147408789E+02 DETOT -3.38E-06 tst  4.64E-08 PX  5.24E-04
 TTTTTTTTTTTTTTTTTTTTTTTTTTTTTT DIIS        TELAPSE      361.22 TCPU      358.94
 DIIS TEST: 0.32656E-04 AT SCF   CYCLE   6 - DIIS ACTIVE - HISTORY:     6 CYCLES
 TTTTTTTTTTTTTTTTTTTTTTTTTTTTTT FDIK        TELAPSE      364.85 TCPU      362.38

    ALPHA      ELECTRONS
 INSULATING STATE
 TOP OF VALENCE BANDS -    BAND     72; K    1; EIG -9.6551823E-02 AU
 BOTTOM OF VIRTUAL BANDS - BAND     73; K  109; EIG  3.8890607E-02 AU
 INDIRECT ENERGY BAND GAP:   3.6856 eV
 BOTTOM OF VIRTUAL BANDS - BAND     73; K    1; EIG  3.9798108E-02 AU

    BETA       ELECTRONS
 INSULATING STATE
 TOP OF VALENCE BANDS -    BAND     72; K    1; EIG -9.6551823E-02 AU
 BOTTOM OF VIRTUAL BANDS - BAND     73; K  109; EIG  3.8890607E-02 AU
 INDIRECT ENERGY BAND GAP:   3.6856 eV
 BOTTOM OF VIRTUAL BANDS - BAND     73; K    1; EIG  3.9798108E-02 AU
 TTTTTTTTTTTTTTTTTTTTTTTTTTTTTT PDIG        TELAPSE      365.46 TCPU      362.99
 CHARGE NORMALIZATION FACTOR   1.00000000
 TOTAL ATOMIC CHARGES:
   6.0115284   6.0115284   6.0115284   6.0115284   6.0115284   6.0115284
   6.0115284   6.0115284   6.0140641   6.0140641   6.0140641   6.0140641
   6.0140641   6.0140641   6.0140641   6.0140641   5.9744075   5.9744075
   5.9744075   5.9744075   5.9744075   5.9744075   5.9744075   5.9744075
 SUMMED SPIN DENSITY          -0.00000000
 TOTAL ATOMIC SPINS  :
   0.0000000   0.0000000   0.0000000   0.0000000   0.0000000   0.0000000
   0.0000000   0.0000000  -0.0000000  -0.0000000  -0.0000000  -0.0000000
  -0.0000000  -0.0000000  -0.0000000  -0.0000000   0.0000000   0.0000000
   0.0000000   0.0000000   0.0000000   0.0000000   0.0000000   0.0000000
 TTTTTTTTTTTTTTTTTTTTTTTTTTTTTT MOQGAD      TELAPSE      365.47 TCPU      363.00
 TTTTTTTTTTTTTTTTTTTTTTTTTTTTTT SHELLXN     TELAPSE      412.10 TCPU      409.60
 TTTTTTTTTTTTTTTTTTTTTTTTTTTTTT MONMO3      TELAPSE      412.17 TCPU      409.66
 NUMERICALLY INTEGRATED DENSITY     71.9999641947     71.9999641947
 TTTTTTTTTTTTTTTTTTTTTTTTTTTTTT NUMDFT      TELAPSE      412.83 TCPU      410.32
 CYC   7 ETOT(AU) -9.133147426314E+02 DETOT -1.75E-06 tst  8.78E-09 PX  1.49E-04
 TTTTTTTTTTTTTTTTTTTTTTTTTTTTTT DIIS        TELAPSE      413.17 TCPU      410.59
 DIIS TEST: 0.86132E-07 AT SCF   CYCLE   7 - DIIS ACTIVE - HISTORY:     7 CYCLES
 TTTTTTTTTTTTTTTTTTTTTTTTTTTTTT FDIK        TELAPSE      417.08 TCPU      413.91

    ALPHA      ELECTRONS
 INSULATING STATE
 TOP OF VALENCE BANDS -    BAND     72; K    1; EIG -9.6563430E-02 AU
 BOTTOM OF VIRTUAL BANDS - BAND     73; K  109; EIG  3.8881520E-02 AU
 INDIRECT ENERGY BAND GAP:   3.6856 eV
 BOTTOM OF VIRTUAL BANDS - BAND     73; K    1; EIG  3.9789303E-02 AU

    BETA       ELECTRONS
 INSULATING STATE
 TOP OF VALENCE BANDS -    BAND     72; K    1; EIG -9.6563430E-02 AU
 BOTTOM OF VIRTUAL BANDS - BAND     73; K  109; EIG  3.8881520E-02 AU
 INDIRECT ENERGY BAND GAP:   3.6856 eV
 BOTTOM OF VIRTUAL BANDS - BAND     73; K    1; EIG  3.9789303E-02 AU
 TTTTTTTTTTTTTTTTTTTTTTTTTTTTTT PDIG        TELAPSE      417.70 TCPU      414.53
 CHARGE NORMALIZATION FACTOR   1.00000000
 TOTAL ATOMIC CHARGES:
   6.0115268   6.0115268   6.0115268   6.0115268   6.0115268   6.0115268
   6.0115268   6.0115268   6.0140399   6.0140399   6.0140399   6.0140399
   6.0140399   6.0140399   6.0140399   6.0140399   5.9744333   5.9744333
   5.9744333   5.9744333   5.9744333   5.9744333   5.9744333   5.9744333
 SUMMED SPIN DENSITY          -0.00000000
 TOTAL ATOMIC SPINS  :
   0.0000000   0.0000000   0.0000000   0.0000000   0.0000000   0.0000000
   0.0000000   0.0000000   0.0000000   0.0000000   0.0000000   0.0000000
   0.0000000   0.0000000   0.0000000   0.0000000  -0.0000000  -0.0000000
  -0.0000000  -0.0000000  -0.0000000  -0.0000000  -0.0000000  -0.0000000
 TTTTTTTTTTTTTTTTTTTTTTTTTTTTTT MOQGAD      TELAPSE      417.71 TCPU      414.54
 TTTTTTTTTTTTTTTTTTTTTTTTTTTTTT SHELLXN     TELAPSE      464.23 TCPU      461.03
 TTTTTTTTTTTTTTTTTTTTTTTTTTTTTT MONMO3      TELAPSE      464.30 TCPU      461.09
 NUMERICALLY INTEGRATED DENSITY     71.9999641949     71.9999641949
 TTTTTTTTTTTTTTTTTTTTTTTTTTTTTT NUMDFT      TELAPSE      464.96 TCPU      461.75
 CYC   8 ETOT(AU) -9.133147426555E+02 DETOT -2.41E-08 tst  1.53E-10 PX  9.07E-06
 TTTTTTTTTTTTTTTTTTTTTTTTTTTTTT DIIS        TELAPSE      465.17 TCPU      461.96
 DIIS TEST: 0.47134E-08 AT SCF   CYCLE   8 - DIIS ACTIVE - HISTORY:     8 CYCLES
 TTTTTTTTTTTTTTTTTTTTTTTTTTTTTT FDIK        TELAPSE      468.76 TCPU      465.44

    ALPHA      ELECTRONS
 INSULATING STATE
 TOP OF VALENCE BANDS -    BAND     72; K    1; EIG -9.6565912E-02 AU
 BOTTOM OF VIRTUAL BANDS - BAND     73; K  109; EIG  3.8879881E-02 AU
 INDIRECT ENERGY BAND GAP:   3.6857 eV
 BOTTOM OF VIRTUAL BANDS - BAND     73; K    1; EIG  3.9787665E-02 AU

    BETA       ELECTRONS
 INSULATING STATE
 TOP OF VALENCE BANDS -    BAND     72; K    1; EIG -9.6565912E-02 AU
 BOTTOM OF VIRTUAL BANDS - BAND     73; K  109; EIG  3.8879881E-02 AU
 INDIRECT ENERGY BAND GAP:   3.6857 eV
 BOTTOM OF VIRTUAL BANDS - BAND     73; K    1; EIG  3.9787665E-02 AU
 TTTTTTTTTTTTTTTTTTTTTTTTTTTTTT PDIG        TELAPSE      469.37 TCPU      466.05
 CHARGE NORMALIZATION FACTOR   1.00000000
 TOTAL ATOMIC CHARGES:
   6.0115252   6.0115252   6.0115252   6.0115252   6.0115252   6.0115252
   6.0115252   6.0115252   6.0140465   6.0140465   6.0140465   6.0140465
   6.0140465   6.0140465   6.0140465   6.0140465   5.9744283   5.9744283
   5.9744283   5.9744283   5.9744283   5.9744283   5.9744283   5.9744283
 SUMMED SPIN DENSITY          -0.00000000
 TOTAL ATOMIC SPINS  :
  -0.0000000  -0.0000000  -0.0000000  -0.0000000  -0.0000000  -0.0000000
  -0.0000000  -0.0000000   0.0000000   0.0000000   0.0000000   0.0000000
   0.0000000   0.0000000   0.0000000   0.0000000   0.0000000   0.0000000
   0.0000000   0.0000000   0.0000000   0.0000000   0.0000000   0.0000000
 TTTTTTTTTTTTTTTTTTTTTTTTTTTTTT MOQGAD      TELAPSE      469.38 TCPU      466.06
 TTTTTTTTTTTTTTTTTTTTTTTTTTTTTT SHELLXN     TELAPSE      515.98 TCPU      512.63
 TTTTTTTTTTTTTTTTTTTTTTTTTTTTTT MONMO3      TELAPSE      516.05 TCPU      512.70
 NUMERICALLY INTEGRATED DENSITY     71.9999641948     71.9999641948
 TTTTTTTTTTTTTTTTTTTTTTTTTTTTTT NUMDFT      TELAPSE      516.71 TCPU      513.35
 CYC   9 ETOT(AU) -9.133147426611E+02 DETOT -5.63E-09 tst  6.51E-12 PX  3.39E-06
 TTTTTTTTTTTTTTTTTTTTTTTTTTTTTT DIIS        TELAPSE      516.97 TCPU      513.57
 DIIS TEST: 0.27489E-09 AT SCF   CYCLE   9 - DIIS ACTIVE - HISTORY:     9 CYCLES
 TTTTTTTTTTTTTTTTTTTTTTTTTTTTTT FDIK        TELAPSE      530.85 TCPU      527.31

    ALPHA      ELECTRONS
 INSULATING STATE
 TOP OF VALENCE BANDS -    BAND     72; K    1; EIG -9.6565997E-02 AU
 BOTTOM OF VIRTUAL BANDS - BAND     73; K  109; EIG  3.8879953E-02 AU
 INDIRECT ENERGY BAND GAP:   3.6857 eV
 BOTTOM OF VIRTUAL BANDS - BAND     73; K    1; EIG  3.9787740E-02 AU

    BETA       ELECTRONS
 INSULATING STATE
 TOP OF VALENCE BANDS -    BAND     72; K    1; EIG -9.6565997E-02 AU
 BOTTOM OF VIRTUAL BANDS - BAND     73; K  109; EIG  3.8879953E-02 AU
 INDIRECT ENERGY BAND GAP:   3.6857 eV
 BOTTOM OF VIRTUAL BANDS - BAND     73; K    1; EIG  3.9787740E-02 AU
 TTTTTTTTTTTTTTTTTTTTTTTTTTTTTT PDIG        TELAPSE      531.47 TCPU      527.92
 CHARGE NORMALIZATION FACTOR   1.00000000
 TOTAL ATOMIC CHARGES:
   6.0115241   6.0115241   6.0115241   6.0115241   6.0115241   6.0115241
   6.0115241   6.0115241   6.0140462   6.0140462   6.0140462   6.0140462
   6.0140462   6.0140462   6.0140462   6.0140462   5.9744297   5.9744297
   5.9744297   5.9744297   5.9744297   5.9744297   5.9744297   5.9744297
 SUMMED SPIN DENSITY          -0.00000000
 TOTAL ATOMIC SPINS  :
   0.0000000   0.0000000   0.0000000   0.0000000   0.0000000   0.0000000
   0.0000000   0.0000000   0.0000000   0.0000000   0.0000000   0.0000000
   0.0000000   0.0000000   0.0000000   0.0000000  -0.0000000  -0.0000000
  -0.0000000  -0.0000000  -0.0000000  -0.0000000  -0.0000000  -0.0000000
 TTTTTTTTTTTTTTTTTTTTTTTTTTTTTT MOQGAD      TELAPSE      531.48 TCPU      527.93
 TTTTTTTTTTTTTTTTTTTTTTTTTTTTTT SHELLXN     TELAPSE      577.85 TCPU      574.30
 TTTTTTTTTTTTTTTTTTTTTTTTTTTTTT MONMO3      TELAPSE      577.92 TCPU      574.37
 NUMERICALLY INTEGRATED DENSITY     71.9999641948     71.9999641948
 TTTTTTTTTTTTTTTTTTTTTTTTTTTTTT NUMDFT      TELAPSE      578.58 TCPU      575.02
 CYC  10 ETOT(AU) -9.133147426619E+02 DETOT -7.24E-10 tst  2.06E-13 PX  6.57E-07
 TTTTTTTTTTTTTTTTTTTTTTTTTTTTTT DIIS        TELAPSE      578.78 TCPU      575.22
 DIIS TEST: 0.10308E-10 AT SCF   CYCLE  10 - DIIS ACTIVE - HISTORY:    10 CYCLES
 TTTTTTTTTTTTTTTTTTTTTTTTTTTTTT FDIK        TELAPSE      581.60 TCPU      577.94

    ALPHA      ELECTRONS
 INSULATING STATE
 TOP OF VALENCE BANDS -    BAND     72; K    1; EIG -9.6565919E-02 AU
 BOTTOM OF VIRTUAL BANDS - BAND     73; K  109; EIG  3.8880039E-02 AU
 INDIRECT ENERGY BAND GAP:   3.6857 eV
 BOTTOM OF VIRTUAL BANDS - BAND     73; K    1; EIG  3.9787830E-02 AU

    BETA       ELECTRONS
 INSULATING STATE
 TOP OF VALENCE BANDS -    BAND     72; K    1; EIG -9.6565919E-02 AU
 BOTTOM OF VIRTUAL BANDS - BAND     73; K  109; EIG  3.8880039E-02 AU
 INDIRECT ENERGY BAND GAP:   3.6857 eV
 BOTTOM OF VIRTUAL BANDS - BAND     73; K    1; EIG  3.9787830E-02 AU
 TTTTTTTTTTTTTTTTTTTTTTTTTTTTTT PDIG        TELAPSE      582.22 TCPU      578.55
 CHARGE NORMALIZATION FACTOR   1.00000000
 TOTAL ATOMIC CHARGES:
   6.0115240   6.0115240   6.0115240   6.0115240   6.0115240   6.0115240
   6.0115240   6.0115240   6.0140463   6.0140463   6.0140463   6.0140463
   6.0140463   6.0140463   6.0140463   6.0140463   5.9744297   5.9744297
   5.9744297   5.9744297   5.9744297   5.9744297   5.9744297   5.9744297
 SUMMED SPIN DENSITY           0.00000000
 TOTAL ATOMIC SPINS  :
  -0.0000000  -0.0000000  -0.0000000  -0.0000000  -0.0000000  -0.0000000
  -0.0000000  -0.0000000   0.0000000   0.0000000   0.0000000   0.0000000
   0.0000000   0.0000000   0.0000000   0.0000000   0.0000000   0.0000000
   0.0000000   0.0000000   0.0000000   0.0000000   0.0000000   0.0000000
 TTTTTTTTTTTTTTTTTTTTTTTTTTTTTT MOQGAD      TELAPSE      582.23 TCPU      578.56
 TTTTTTTTTTTTTTTTTTTTTTTTTTTTTT SHELLXN     TELAPSE      628.88 TCPU      625.21
 +++ ENERGIES IN A.U. +++
 ::: EXT EL-POLE                                  -3.9580467750620E+03
 ::: EXT EL-SPHEROPOLE                             3.3355523370764E+01
 ::: BIELET ZONE E-E                               4.1232535783754E+03
 ::: TOTAL E-E                                     1.9856232668414E+02
 ::: TOTAL E-N + N-E                              -1.6344386655656E+03
 ::: TOTAL N-N                                    -2.8292166655843E+02
 ::: KINETIC ENERGY                                9.1087186441478E+02
 ::: PSEUDO TOTAL   ENERGY                        -8.0792614102507E+02
 ::: VIRIAL COEFFICIENT                            1.0598940207423E+00
 TTTTTTTTTTTTTTTTTTTTTTTTTTTTTT MONMO3      TELAPSE      628.94 TCPU      625.27
 NUMERICALLY INTEGRATED DENSITY     71.9999641948     71.9999641948
 EXCHANGE ENERGY: -0.993241841532E+02  CORRELATION ENERGY: -0.606441748335E+01
 TTTTTTTTTTTTTTTTTTTTTTTTTTTTTT NUMDFT      TELAPSE      629.60 TCPU      625.93
 CYC  11 ETOT(AU) -9.133147426616E+02 DETOT  2.50E-10 tst  1.44E-14 PX  6.57E-07

 == SCF ENDED - CONVERGENCE ON ENERGY      E(AU) -9.1331474266162E+02 CYCLES  11


 ENERGY EXPRESSION=HARTREE+FOCK EXCH*0.20000+(BECKE      EXCH)*0.80000+LYP        CORR


 TOTAL ENERGY(DFT)(AU)( 11) -9.1331474266162E+02 DE 2.5E-10 tester 1.4E-14
 TTTTTTTTTTTTTTTTTTTTTTTTTTTTTT EDFT        TELAPSE      629.62 TCPU      625.94
 
 INFORMATION **** DFTD3 ENERGY **** CALCULATE DFTD3 ENERGY

           DFT-D V3(BJ)
 DF                                         b3-lyp    
 parameters
 s6       :    1.0000
 s8       :    1.9889
 a1       :    0.3981
 a2       :    4.4211
 k1 k3    :   16.0000   -4.0000
 Cutoff   :   50.2022
 CN-Cutoff:   21.1671
 ABC-Cutoff:   21.1671
 
 Edisp /kcal,au:  -136.8650 -0.21810827

 E6    /kcal :   -66.1175
 E8    /kcal :   -70.7476
 
 INFORMATION **** DFTD3 ENERGY **** NORMAL TERMINATION OF DFTD3 MODULE

 *******************************************************************************

 DFT-D3 DISPERSION ENERGY CORRECTION

 D3 DISPERSION ENERGY (AU)       -2.1810826884356E-01
 TOTAL ENERGY + DISP (AU)        -9.1353285093046E+02

 *******************************************************************************


 NEIGHBORS OF THE NON-EQUIVALENT ATOMS

 N = NUMBER OF NEIGHBORS AT DISTANCE R
    ATOM  N     R/ANG      R/AU   NEIGHBORS (ATOM LABELS AND CELL INDICES)
   1 C    1     1.4529     2.7455    5 C    0 0 0
   1 C    1     1.5197     2.8718   10 C    0 0 0
   1 C    1     1.5706     2.9679   20 C    0 0 0
   1 C    1     1.6285     3.0774   16 C    0 0 0
   1 C    1     2.1752     4.1105   24 C    0 0 0
   1 C    1     2.2123     4.1807   12 C    0 0 0

   9 C    1     1.5197     2.8718    2 C    0 0 1
   9 C    1     1.5262     2.8840   23 C    0 0 0
   9 C    1     1.6285     3.0774    8 C    0 0 1
   9 C    1     1.6311     3.0824   17 C    0 0 0
   9 C    2     2.1139     3.9948   15 C    0 0 0   15 C    0-1 0
   9 C    1     2.2123     4.1807    4 C    0 0 0

  17 C    1     1.4961     2.8272   20 C    0 0 0
  17 C    1     1.5262     2.8840   15 C    0-1 0
  17 C    1     1.5706     2.9679    4 C    0 0 0
  17 C    1     1.6311     3.0824    9 C    0 0 0
  17 C    1     2.1752     4.1105    8 C    0 0 1
  17 C    1     2.3141     4.3729    2 C    0 0 1

 TTTTTTTTTTTTTTTTTTTTTTTTTTTTTT AFTER FIRST TELAPSE      629.82 TCPU      626.11
 MMMMMMMMMMMMMMMMMMMMMMMMMMMMMMMMMMMMMMMMMMMMMMMMMMMMMMMMMMMMMMMMMMMMMMMMMMMMMMM
     ALPHA+BETA ELECTRONS
 MULLIKEN POPULATION ANALYSIS - NO. OF ELECTRONS  144.000000

  ATOM    Z CHARGE  A.O. POPULATION

   1 C    6  6.012  0.854  1.121  0.744  0.457  0.458  0.449  0.429 -0.027
                   -0.001 -0.010  0.542  0.453  0.494  0.007  0.008  0.012
                    0.008  0.013
   2 C    6  6.012  0.854  1.121  0.744  0.457  0.458  0.449  0.429 -0.027
                   -0.001 -0.010  0.542  0.453  0.494  0.007  0.008  0.012
                    0.008  0.013
   3 C    6  6.012  0.854  1.121  0.744  0.457  0.458  0.449  0.429 -0.027
                   -0.001 -0.010  0.542  0.453  0.494  0.007  0.008  0.012
                    0.008  0.013
   4 C    6  6.012  0.854  1.121  0.744  0.457  0.458  0.449  0.429 -0.027
                   -0.001 -0.010  0.542  0.453  0.494  0.007  0.008  0.012
                    0.008  0.013
   5 C    6  6.012  0.854  1.121  0.744  0.457  0.458  0.449  0.429 -0.027
                   -0.001 -0.010  0.542  0.453  0.494  0.007  0.008  0.012
                    0.008  0.013
   6 C    6  6.012  0.854  1.121  0.744  0.457  0.458  0.449  0.429 -0.027
                   -0.001 -0.010  0.542  0.453  0.494  0.007  0.008  0.012
                    0.008  0.013
   7 C    6  6.012  0.854  1.121  0.744  0.457  0.458  0.449  0.429 -0.027
                   -0.001 -0.010  0.542  0.453  0.494  0.007  0.008  0.012
                    0.008  0.013
   8 C    6  6.012  0.854  1.121  0.744  0.457  0.458  0.449  0.429 -0.027
                   -0.001 -0.010  0.542  0.453  0.494  0.007  0.008  0.012
                    0.008  0.013
   9 C    6  6.014  0.854  1.120  0.766  0.509  0.425  0.434  0.409 -0.013
                   -0.005 -0.015  0.495  0.466  0.523  0.005  0.009  0.011
                    0.010  0.013
  10 C    6  6.014  0.854  1.120  0.766  0.509  0.425  0.434  0.409 -0.013
                   -0.005 -0.015  0.495  0.466  0.523  0.005  0.009  0.011
                    0.010  0.013
  11 C    6  6.014  0.854  1.120  0.766  0.509  0.425  0.434  0.409 -0.013
                   -0.005 -0.015  0.495  0.466  0.523  0.005  0.009  0.011
                    0.010  0.013
  12 C    6  6.014  0.854  1.120  0.766  0.509  0.425  0.434  0.409 -0.013
                   -0.005 -0.015  0.495  0.466  0.523  0.005  0.009  0.011
                    0.010  0.013
  13 C    6  6.014  0.854  1.120  0.766  0.509  0.425  0.434  0.409 -0.013
                   -0.005 -0.015  0.495  0.466  0.523  0.005  0.009  0.011
                    0.010  0.013
  14 C    6  6.014  0.854  1.120  0.766  0.509  0.425  0.434  0.409 -0.013
                   -0.005 -0.015  0.495  0.466  0.523  0.005  0.009  0.011
                    0.010  0.013
  15 C    6  6.014  0.854  1.120  0.766  0.509  0.425  0.434  0.409 -0.013
                   -0.005 -0.015  0.495  0.466  0.523  0.005  0.009  0.011
                    0.010  0.013
  16 C    6  6.014  0.854  1.120  0.766  0.509  0.425  0.434  0.409 -0.013
                   -0.005 -0.015  0.495  0.466  0.523  0.005  0.009  0.011
                    0.010  0.013
  17 C    6  5.974  0.854  1.121  0.758  0.462  0.410  0.430  0.455  0.004
                   -0.003  0.000  0.460  0.488  0.489  0.010  0.011  0.009
                    0.006  0.009
  18 C    6  5.974  0.854  1.121  0.758  0.462  0.410  0.430  0.455  0.004
                   -0.003  0.000  0.460  0.488  0.489  0.010  0.011  0.009
                    0.006  0.009
  19 C    6  5.974  0.854  1.121  0.758  0.462  0.410  0.430  0.455  0.004
                   -0.003  0.000  0.460  0.488  0.489  0.010  0.011  0.009
                    0.006  0.009
  20 C    6  5.974  0.854  1.121  0.758  0.462  0.410  0.430  0.455  0.004
                   -0.003  0.000  0.460  0.488  0.489  0.010  0.011  0.009
                    0.006  0.009
  21 C    6  5.974  0.854  1.121  0.758  0.462  0.410  0.430  0.455  0.004
                   -0.003  0.000  0.460  0.488  0.489  0.010  0.011  0.009
                    0.006  0.009
  22 C    6  5.974  0.854  1.121  0.758  0.462  0.410  0.430  0.455  0.004
                   -0.003  0.000  0.460  0.488  0.489  0.010  0.011  0.009
                    0.006  0.009
  23 C    6  5.974  0.854  1.121  0.758  0.462  0.410  0.430  0.455  0.004
                   -0.003  0.000  0.460  0.488  0.489  0.010  0.011  0.009
                    0.006  0.009
  24 C    6  5.974  0.854  1.121  0.758  0.462  0.410  0.430  0.455  0.004
                   -0.003  0.000  0.460  0.488  0.489  0.010  0.011  0.009
                    0.006  0.009

  ATOM    Z CHARGE  SHELL POPULATION

   1 C    6  6.012  0.854  1.121  0.744  0.457  1.336 -0.039  1.489  0.048
   2 C    6  6.012  0.854  1.121  0.744  0.457  1.336 -0.039  1.489  0.048
   3 C    6  6.012  0.854  1.121  0.744  0.457  1.336 -0.039  1.489  0.048
   4 C    6  6.012  0.854  1.121  0.744  0.457  1.336 -0.039  1.489  0.048
   5 C    6  6.012  0.854  1.121  0.744  0.457  1.336 -0.039  1.489  0.048
   6 C    6  6.012  0.854  1.121  0.744  0.457  1.336 -0.039  1.489  0.048
   7 C    6  6.012  0.854  1.121  0.744  0.457  1.336 -0.039  1.489  0.048
   8 C    6  6.012  0.854  1.121  0.744  0.457  1.336 -0.039  1.489  0.048
   9 C    6  6.014  0.854  1.120  0.766  0.509  1.268 -0.034  1.484  0.048
  10 C    6  6.014  0.854  1.120  0.766  0.509  1.268 -0.034  1.484  0.048
  11 C    6  6.014  0.854  1.120  0.766  0.509  1.268 -0.034  1.484  0.048
  12 C    6  6.014  0.854  1.120  0.766  0.509  1.268 -0.034  1.484  0.048
  13 C    6  6.014  0.854  1.120  0.766  0.509  1.268 -0.034  1.484  0.048
  14 C    6  6.014  0.854  1.120  0.766  0.509  1.268 -0.034  1.484  0.048
  15 C    6  6.014  0.854  1.120  0.766  0.509  1.268 -0.034  1.484  0.048
  16 C    6  6.014  0.854  1.120  0.766  0.509  1.268 -0.034  1.484  0.048
  17 C    6  5.974  0.854  1.121  0.758  0.462  1.295  0.002  1.438  0.044
  18 C    6  5.974  0.854  1.121  0.758  0.462  1.295  0.002  1.438  0.044
  19 C    6  5.974  0.854  1.121  0.758  0.462  1.295  0.002  1.438  0.044
  20 C    6  5.974  0.854  1.121  0.758  0.462  1.295  0.002  1.438  0.044
  21 C    6  5.974  0.854  1.121  0.758  0.462  1.295  0.002  1.438  0.044
  22 C    6  5.974  0.854  1.121  0.758  0.462  1.295  0.002  1.438  0.044
  23 C    6  5.974  0.854  1.121  0.758  0.462  1.295  0.002  1.438  0.044
  24 C    6  5.974  0.854  1.121  0.758  0.462  1.295  0.002  1.438  0.044

 OVERLAP POPULATION CONDENSED TO ATOMS FOR FIRST   6 NEIGHBORS

 ATOM A   1 C    ATOM B     CELL      R(AB)/AU R(AB)/ANG    OVPOP(AB)
                  5 C    (  0  0  0)     2.746     1.453     0.333
                 10 C    (  0  0  0)     2.872     1.520     0.231
                 20 C    (  0  0  0)     2.968     1.571     0.238
                 16 C    (  0  0  0)     3.077     1.628     0.297
                 24 C    (  0  0  0)     4.111     2.175    -0.106
                 12 C    (  0  0  0)     4.181     2.212    -0.109

 ATOM A   9 C    ATOM B     CELL      R(AB)/AU R(AB)/ANG    OVPOP(AB)
                  2 C    (  0  0  1)     2.872     1.520     0.231
                 23 C    (  0  0  0)     2.884     1.526     0.255
                  8 C    (  0  0  1)     3.077     1.628     0.297
                 17 C    (  0  0  0)     3.082     1.631     0.312
                 15 C    (  0  0  0)     3.995     2.114    -0.113
                  4 C    (  0  0  0)     4.181     2.212    -0.109

 ATOM A  17 C    ATOM B     CELL      R(AB)/AU R(AB)/ANG    OVPOP(AB)
                 20 C    (  0  0  0)     2.827     1.496     0.289
                 15 C    (  0 -1  0)     2.884     1.526     0.255
                  4 C    (  0  0  0)     2.968     1.571     0.238
                  9 C    (  0  0  0)     3.082     1.631     0.312
                  8 C    (  0  0  1)     4.111     2.175    -0.106
                  2 C    (  0  0  1)     4.373     2.314    -0.079
 TTTTTTTTTTTTTTTTTTTTTTTTTTTTTT AFTER FIRST TELAPSE      630.69 TCPU      626.37
 MMMMMMMMMMMMMMMMMMMMMMMMMMMMMMMMMMMMMMMMMMMMMMMMMMMMMMMMMMMMMMMMMMMMMMMMMMMMMMM
     ALPHA-BETA ELECTRONS
 MULLIKEN POPULATION ANALYSIS - NO. OF ELECTRONS    0.000000

  ATOM    Z CHARGE  A.O. POPULATION

   1 C    6 -0.000  0.000 -0.000  0.000  0.000 -0.000 -0.000 -0.000  0.000
                   -0.000  0.000 -0.000  0.000  0.000  0.000  0.000 -0.000
                   -0.000 -0.000
   2 C    6 -0.000  0.000 -0.000  0.000  0.000 -0.000 -0.000 -0.000  0.000
                   -0.000  0.000 -0.000  0.000  0.000  0.000  0.000 -0.000
                   -0.000 -0.000
   3 C    6 -0.000  0.000 -0.000  0.000  0.000 -0.000 -0.000 -0.000  0.000
                   -0.000  0.000 -0.000  0.000  0.000  0.000  0.000 -0.000
                   -0.000 -0.000
   4 C    6 -0.000  0.000 -0.000  0.000  0.000 -0.000 -0.000 -0.000  0.000
                   -0.000  0.000 -0.000  0.000  0.000  0.000  0.000 -0.000
                   -0.000 -0.000
   5 C    6 -0.000  0.000 -0.000  0.000  0.000 -0.000 -0.000 -0.000  0.000
                   -0.000  0.000 -0.000  0.000  0.000  0.000  0.000 -0.000
                   -0.000 -0.000
   6 C    6 -0.000  0.000 -0.000  0.000  0.000 -0.000 -0.000 -0.000  0.000
                   -0.000  0.000 -0.000  0.000  0.000  0.000  0.000 -0.000
                   -0.000 -0.000
   7 C    6 -0.000  0.000 -0.000  0.000  0.000 -0.000 -0.000 -0.000  0.000
                   -0.000  0.000 -0.000  0.000  0.000  0.000  0.000 -0.000
                   -0.000 -0.000
   8 C    6 -0.000  0.000 -0.000  0.000  0.000 -0.000 -0.000 -0.000  0.000
                   -0.000  0.000 -0.000  0.000  0.000  0.000  0.000 -0.000
                   -0.000 -0.000
   9 C    6  0.000 -0.000  0.000 -0.000 -0.000 -0.000 -0.000  0.000 -0.000
                   -0.000 -0.000  0.000 -0.000  0.000 -0.000  0.000 -0.000
                   -0.000 -0.000
  10 C    6  0.000 -0.000  0.000 -0.000 -0.000 -0.000 -0.000  0.000 -0.000
                   -0.000 -0.000  0.000 -0.000  0.000 -0.000  0.000 -0.000
                   -0.000 -0.000
  11 C    6  0.000 -0.000  0.000 -0.000 -0.000 -0.000 -0.000  0.000 -0.000
                   -0.000 -0.000  0.000 -0.000  0.000 -0.000  0.000 -0.000
                   -0.000 -0.000
  12 C    6  0.000 -0.000  0.000 -0.000 -0.000 -0.000 -0.000  0.000 -0.000
                   -0.000 -0.000  0.000 -0.000  0.000 -0.000  0.000 -0.000
                   -0.000 -0.000
  13 C    6  0.000 -0.000  0.000 -0.000 -0.000 -0.000 -0.000  0.000 -0.000
                   -0.000 -0.000  0.000 -0.000  0.000 -0.000  0.000 -0.000
                   -0.000 -0.000
  14 C    6  0.000 -0.000  0.000 -0.000 -0.000 -0.000 -0.000  0.000 -0.000
                   -0.000 -0.000  0.000 -0.000  0.000 -0.000  0.000 -0.000
                   -0.000 -0.000
  15 C    6  0.000 -0.000  0.000 -0.000 -0.000 -0.000 -0.000  0.000 -0.000
                   -0.000 -0.000  0.000 -0.000  0.000 -0.000  0.000 -0.000
                   -0.000 -0.000
  16 C    6  0.000 -0.000  0.000 -0.000 -0.000 -0.000 -0.000  0.000 -0.000
                   -0.000 -0.000  0.000 -0.000  0.000 -0.000  0.000 -0.000
                   -0.000 -0.000
  17 C    6  0.000 -0.000 -0.000  0.000 -0.000 -0.000  0.000  0.000 -0.000
                   -0.000 -0.000  0.000 -0.000  0.000  0.000  0.000 -0.000
                   -0.000 -0.000
  18 C    6  0.000 -0.000 -0.000  0.000 -0.000 -0.000  0.000  0.000 -0.000
                   -0.000 -0.000  0.000 -0.000  0.000  0.000  0.000 -0.000
                   -0.000 -0.000
  19 C    6  0.000 -0.000 -0.000  0.000 -0.000 -0.000  0.000  0.000 -0.000
                   -0.000 -0.000  0.000 -0.000  0.000  0.000  0.000 -0.000
                   -0.000 -0.000
  20 C    6  0.000 -0.000 -0.000  0.000 -0.000 -0.000  0.000  0.000 -0.000
                   -0.000 -0.000  0.000 -0.000  0.000  0.000  0.000 -0.000
                   -0.000 -0.000
  21 C    6  0.000 -0.000 -0.000  0.000 -0.000 -0.000  0.000  0.000 -0.000
                   -0.000 -0.000  0.000 -0.000  0.000  0.000  0.000 -0.000
                   -0.000 -0.000
  22 C    6  0.000 -0.000 -0.000  0.000 -0.000 -0.000  0.000  0.000 -0.000
                   -0.000 -0.000  0.000 -0.000  0.000  0.000  0.000 -0.000
                   -0.000 -0.000
  23 C    6  0.000 -0.000 -0.000  0.000 -0.000 -0.000  0.000  0.000 -0.000
                   -0.000 -0.000  0.000 -0.000  0.000  0.000  0.000 -0.000
                   -0.000 -0.000
  24 C    6  0.000 -0.000 -0.000  0.000 -0.000 -0.000  0.000  0.000 -0.000
                   -0.000 -0.000  0.000 -0.000  0.000  0.000  0.000 -0.000
                   -0.000 -0.000

  ATOM    Z CHARGE  SHELL POPULATION

   1 C    6 -0.000  0.000 -0.000  0.000  0.000 -0.000  0.000 -0.000 -0.000
   2 C    6 -0.000  0.000 -0.000  0.000  0.000 -0.000  0.000 -0.000 -0.000
   3 C    6 -0.000  0.000 -0.000  0.000  0.000 -0.000  0.000 -0.000 -0.000
   4 C    6 -0.000  0.000 -0.000  0.000  0.000 -0.000  0.000 -0.000 -0.000
   5 C    6 -0.000  0.000 -0.000  0.000  0.000 -0.000  0.000 -0.000 -0.000
   6 C    6 -0.000  0.000 -0.000  0.000  0.000 -0.000  0.000 -0.000 -0.000
   7 C    6 -0.000  0.000 -0.000  0.000  0.000 -0.000  0.000 -0.000 -0.000
   8 C    6 -0.000  0.000 -0.000  0.000  0.000 -0.000  0.000 -0.000 -0.000
   9 C    6  0.000 -0.000  0.000 -0.000 -0.000 -0.000 -0.000  0.000 -0.000
  10 C    6  0.000 -0.000  0.000 -0.000 -0.000 -0.000 -0.000  0.000 -0.000
  11 C    6  0.000 -0.000  0.000 -0.000 -0.000 -0.000 -0.000  0.000 -0.000
  12 C    6  0.000 -0.000  0.000 -0.000 -0.000 -0.000 -0.000  0.000 -0.000
  13 C    6  0.000 -0.000  0.000 -0.000 -0.000 -0.000 -0.000  0.000 -0.000
  14 C    6  0.000 -0.000  0.000 -0.000 -0.000 -0.000 -0.000  0.000 -0.000
  15 C    6  0.000 -0.000  0.000 -0.000 -0.000 -0.000 -0.000  0.000 -0.000
  16 C    6  0.000 -0.000  0.000 -0.000 -0.000 -0.000 -0.000  0.000 -0.000
  17 C    6  0.000 -0.000 -0.000  0.000 -0.000  0.000 -0.000  0.000 -0.000
  18 C    6  0.000 -0.000 -0.000  0.000 -0.000  0.000 -0.000  0.000 -0.000
  19 C    6  0.000 -0.000 -0.000  0.000 -0.000  0.000 -0.000  0.000 -0.000
  20 C    6  0.000 -0.000 -0.000  0.000 -0.000  0.000 -0.000  0.000 -0.000
  21 C    6  0.000 -0.000 -0.000  0.000 -0.000  0.000 -0.000  0.000 -0.000
  22 C    6  0.000 -0.000 -0.000  0.000 -0.000  0.000 -0.000  0.000 -0.000
  23 C    6  0.000 -0.000 -0.000  0.000 -0.000  0.000 -0.000  0.000 -0.000
  24 C    6  0.000 -0.000 -0.000  0.000 -0.000  0.000 -0.000  0.000 -0.000

 OVERLAP POPULATION CONDENSED TO ATOMS FOR FIRST   6 NEIGHBORS

 ATOM A   1 C    ATOM B     CELL      R(AB)/AU R(AB)/ANG    OVPOP(AB)
                  5 C    (  0  0  0)     2.746     1.453    -0.000
                 10 C    (  0  0  0)     2.872     1.520    -0.000
                 20 C    (  0  0  0)     2.968     1.571     0.000
                 16 C    (  0  0  0)     3.077     1.628    -0.000
                 24 C    (  0  0  0)     4.111     2.175    -0.000
                 12 C    (  0  0  0)     4.181     2.212     0.000

 ATOM A   9 C    ATOM B     CELL      R(AB)/AU R(AB)/ANG    OVPOP(AB)
                  2 C    (  0  0  1)     2.872     1.520    -0.000
                 23 C    (  0  0  0)     2.884     1.526     0.000
                  8 C    (  0  0  1)     3.077     1.628    -0.000
                 17 C    (  0  0  0)     3.082     1.631     0.000
                 15 C    (  0  0  0)     3.995     2.114    -0.000
                  4 C    (  0  0  0)     4.181     2.212     0.000

 ATOM A  17 C    ATOM B     CELL      R(AB)/AU R(AB)/ANG    OVPOP(AB)
                 20 C    (  0  0  0)     2.827     1.496    -0.000
                 15 C    (  0 -1  0)     2.884     1.526     0.000
                  4 C    (  0  0  0)     2.968     1.571     0.000
                  9 C    (  0  0  0)     3.082     1.631     0.000
                  8 C    (  0  0  1)     4.111     2.175    -0.000
                  2 C    (  0  0  1)     4.373     2.314     0.000
 EIGENVECTORS IN FORTRAN UNIT 10
 TTTTTTTTTTTTTTTTTTTTTTTTTTTTTT END         TELAPSE      631.27 TCPU      626.89
 EEEEEEEEEE TERMINATION  DATE 30 01 2026 TIME 21:05:25.7
NODE    0 CPU TIME =       626.887
NODE    1 CPU TIME =       617.552
NODE    2 CPU TIME =       617.793
NODE    3 CPU TIME =       617.210
NODE    4 CPU TIME =       623.098
NODE    5 CPU TIME =       628.019
NODE    6 CPU TIME =       627.830
NODE    7 CPU TIME =       617.190
NODE    8 CPU TIME =       627.981
NODE    9 CPU TIME =       622.802
NODE   10 CPU TIME =       617.634
NODE   11 CPU TIME =       628.940
NODE   12 CPU TIME =       628.548
NODE   13 CPU TIME =       627.664
NODE   14 CPU TIME =       616.885
NODE   15 CPU TIME =       622.673
NODE   16 CPU TIME =       617.344
NODE   17 CPU TIME =       617.702
NODE   18 CPU TIME =       622.830
NODE   19 CPU TIME =       622.906
NODE   20 CPU TIME =       627.757
NODE   21 CPU TIME =       622.924
NODE   22 CPU TIME =       628.808
NODE   23 CPU TIME =       628.067
NODE   24 CPU TIME =       628.936
NODE   25 CPU TIME =       617.071
NODE   26 CPU TIME =       627.554
NODE   27 CPU TIME =       622.660
NODE   28 CPU TIME =       627.344
NODE   29 CPU TIME =       623.014
NODE   30 CPU TIME =       622.336
NODE   31 CPU TIME =       628.810
    TOTAL CPU TIME =     19954.771
