MPI startup(): Warning: I_MPI_PMI_LIBRARY will be ignored since the hydra process manager was found
MPI startup(): Warning: I_MPI_PMI_LIBRARY will be ignored since the hydra process manager was found
MPI startup(): Warning: I_MPI_PMI_LIBRARY will be ignored since the hydra process manager was found
MPI startup(): Warning: I_MPI_PMI_LIBRARY will be ignored since the hydra process manager was found
MPI startup(): Warning: I_MPI_PMI_LIBRARY will be ignored since the hydra process manager was found
MPI startup(): Warning: I_MPI_PMI_LIBRARY will be ignored since the hydra process manager was found
MPI startup(): Warning: I_MPI_PMI_LIBRARY will be ignored since the hydra process manager was found
MPI startup(): Warning: I_MPI_PMI_LIBRARY will be ignored since the hydra process manager was found
MPI startup(): Warning: I_MPI_PMI_LIBRARY will be ignored since the hydra process manager was found
MPI startup(): Warning: I_MPI_PMI_LIBRARY will be ignored since the hydra process manager was found
MPI startup(): Warning: I_MPI_PMI_LIBRARY will be ignored since the hydra process manager was found
MPI startup(): Warning: I_MPI_PMI_LIBRARY will be ignored since the hydra process manager was found
MPI startup(): Warning: I_MPI_PMI_LIBRARY will be ignored since the hydra process manager was found
MPI startup(): Warning: I_MPI_PMI_LIBRARY will be ignored since the hydra process manager was found
MPI startup(): Warning: I_MPI_PMI_LIBRARY will be ignored since the hydra process manager was found
MPI startup(): Warning: I_MPI_PMI_LIBRARY will be ignored since the hydra process manager was found
MPI startup(): Warning: I_MPI_PMI_LIBRARY will be ignored since the hydra process manager was found
MPI startup(): Warning: I_MPI_PMI_LIBRARY will be ignored since the hydra process manager was found
MPI startup(): Warning: I_MPI_PMI_LIBRARY will be ignored since the hydra process manager was found
MPI startup(): Warning: I_MPI_PMI_LIBRARY will be ignored since the hydra process manager was found
MPI startup(): Warning: I_MPI_PMI_LIBRARY will be ignored since the hydra process manager was found
MPI startup(): Warning: I_MPI_PMI_LIBRARY will be ignored since the hydra process manager was found
MPI startup(): Warning: I_MPI_PMI_LIBRARY will be ignored since the hydra process manager was found
MPI startup(): Warning: I_MPI_PMI_LIBRARY will be ignored since the hydra process manager was found
MPI startup(): Warning: I_MPI_PMI_LIBRARY will be ignored since the hydra process manager was found
MPI startup(): Warning: I_MPI_PMI_LIBRARY will be ignored since the hydra process manager was found
MPI startup(): Warning: I_MPI_PMI_LIBRARY will be ignored since the hydra process manager was found
MPI startup(): Warning: I_MPI_PMI_LIBRARY will be ignored since the hydra process manager was found
MPI startup(): Warning: I_MPI_PMI_LIBRARY will be ignored since the hydra process manager was found
MPI startup(): Warning: I_MPI_PMI_LIBRARY will be ignored since the hydra process manager was found
MPI startup(): Warning: I_MPI_PMI_LIBRARY will be ignored since the hydra process manager was found
MPI startup(): Warning: I_MPI_PMI_LIBRARY will be ignored since the hydra process manager was found
 PROCESS           26  OF           32  WORKING
 PROCESS            5  OF           32  WORKING
 PROCESS           16  OF           32  WORKING
 PROCESS           18  OF           32  WORKING
 PROCESS           31  OF           32  WORKING
 PROCESS           14  OF           32  WORKING
 PROCESS           17  OF           32  WORKING
 PROCESS           27  OF           32  WORKING
 PROCESS            7  OF           32  WORKING
 PROCESS            2  OF           32  WORKING
 PROCESS            6  OF           32  WORKING
 PROCESS           23  OF           32  WORKING
 PROCESS           19  OF           32  WORKING
 PROCESS           15  OF           32  WORKING
 PROCESS            3  OF           32  WORKING
 PROCESS           25  OF           32  WORKING
 PROCESS           29  OF           32  WORKING
 PROCESS            1  OF           32  WORKING
 PROCESS           10  OF           32  WORKING
 PROCESS           11  OF           32  WORKING
 PROCESS           28  OF           32  WORKING
 PROCESS           20  OF           32  WORKING
 PROCESS           30  OF           32  WORKING
 PROCESS            4  OF           32  WORKING
 PROCESS           12  OF           32  WORKING
 PROCESS           13  OF           32  WORKING
 PROCESS            8  OF           32  WORKING
 PROCESS           21  OF           32  WORKING
 PROCESS           22  OF           32  WORKING
 PROCESS           24  OF           32  WORKING
 PROCESS            0  OF           32  WORKING

         
 *******************************************************************************
 *                                                                             *
 *                               CRYSTAL23                                     *
 *                      public : 1.0.1 - October 2022                          *
 *                       HTTP://WWW.CRYSTAL.UNITO.IT                           *
 *                                                                             *
 *                              MAIN AUTHORS                                   *
 *                                                                             *
 *  R. DOVESI(1,11), V.R. SAUNDERS(2), C. ROETTI(1,11), R. ORLANDO(1,11),      *
 *  C.M. ZICOVICH-WILSON(1,3), F. PASCALE(4), B. CIVALLERI(1,11),              *
 *  K. DOLL(5), N.M. HARRISON(6), I.J. BUSH(7), Ph. D'ARCO(8),                 *
 *  M. LLUNELL(9), M. CAUSA'(10), Y. NOEL(8), L. MASCHIO(1,11), A. ERBA(1,11)  *
 *  M. RE'RAT(14), S. CASASSA(1,11), B.G. SEARLE(2), J.K. DESMARAIS(1)         *
 *                                                                             *
 *        CONTRIBUTIONS TO THE CODE HAVE ALSO BEEN GIVEN BY                    *
 *                                                                             *
 *  M. FERRABONE(1,11), M. DE LA PIERRE(1,11), M. FERRERO(1,11),               *
 *  J. BAIMA(1,11), E. ALBANESE(1,11), M.F. PEINTINGER(12), R. BAST(13),       *
 *  B. KIRTMAN(15), V. LACIVITA(1,11), R. DEMICHELIS(1,16)                     *
 *  G. BRANDEBURG(17), S. SALUSTRO(1,11), G. SANSONE(1,11)                     *
 *  M.T. RUGGIERO(18), L.E. DAGA(1), L. DONA'(1), A. COSSARD(1)                *
 *                                                                             *
 * (1) THEORETICAL CHEMISTRY GROUP - UNIVERSITA' DI TORINO - TORINO (ITALY)    *
 * (2) SCIENTIFIC COMPUTING DEPARTMENT - STFC DARESBURY (UK)                   *
 * (3) UNIVERSIDAD AUTONOMA DEL ESTADO DE MORELOS - CUERNAVACA (MEXICO)        *
 * (4) UNIVERSITE' DE LORRAINE - NANCY (FRANCE)                                *
 * (5) UNIVERSITAET STUTTGART- STUTTGART (GERMANY)                             *
 * (6) IMPERIAL COLLEGE - LONDON (UK)                                          *
 * (7) SCIENTIFIC COMPUTING DEPARTMENT - STFC RAL (UK)                         *
 * (8) UPMC - SORBONNE UNIVERSITES - PARIS (FRANCE)                            *
 * (9) UNIVERSIDAD DE BARCELONA - BARCELONA (SPAIN)                            *
 *(10) UNIVERSITA' DI NAPOLI "FEDERICO II" - NAPOLI (ITALY)                    *
 *(11) NIS - NANOSTRUCTURED INTERFACES AND SURFACES - TORINO (ITALY)           *
 *(12) MPI FUER CHEMISCHE ENERGIEKONVERSION - MUELHEIM AN DER RUHR (GERMANY)   *
 *(13) UNIVERSITY OF TROMSO - TROMSO (NORWAY)                                  *
 *(14) UNIVERSITE' DE PAU ET DES PAYS DE L'ADOUR - PAU (FRANCE)                *
 *(15) UNIVERSITY OF CALIFORNIA SANTA BARBARA - SANTA BARBARA (USA)            *
 *(16) CURTIN UNIVERSITY - PERTH (AUSTRALIA)                                   *
 *(17) UNIVERSITY COLLEGE LONDON - LONDON (UK)                                 *
 *(18) UNIVERSITY OF VERMONT - BURLINGTON (USA)                                *
 *                                                                             *
 *******************************************************************************
 EEEEEEEEEE STARTING  DATE 30 01 2026 TIME 20:03:30.8
 ./4^3T28-CA_rev1_sp_B3LYP-D3-D3_optimized                                       
 PROCESS            9  OF           32  WORKING

 CRYSTAL CALCULATION
 (INPUT ACCORDING TO THE INTERNATIONAL TABLES FOR X-RAY CRYSTALLOGRAPHY)
 CRYSTAL FAMILY                       :  HEXAGONAL   
 CRYSTAL CLASS  (GROTH - 1921)        :  HEXAGONAL DIPYRAMIDAL                

 SPACE GROUP (CENTROSYMMETRIC)        :  P 63/M          

 LATTICE PARAMETERS  (ANGSTROMS AND DEGREES) - CONVENTIONAL CELL
        A           B           C        ALPHA        BETA       GAMMA
     6.67062     6.67062     4.25415    90.00000    90.00000   120.00000


 NUMBER OF IRREDUCIBLE ATOMS IN THE CONVENTIONAL CELL:    3

 INPUT COORDINATES

 ATOM AT. N.              COORDINATES
   1   6    -4.653960442271E-01 -8.247958297526E-02  4.337247978157E-01
   2   6    -4.325572348269E-02  1.919656909846E-01  4.360221243591E-01
   3   6     3.333333333333E-01 -3.333333333333E-01  4.297098467264E-01

 *******************************************************************************

 << INFORMATION >>: FROM NOW ON, ALL COORDINATES REFER TO THE PRIMITIVE CELL

 *******************************************************************************

 LATTICE PARAMETERS  (ANGSTROMS AND DEGREES) - PRIMITIVE CELL
       A          B          C        ALPHA      BETA     GAMMA        VOLUME
    6.67062    6.67062    4.25415    90.00000  90.00000 120.00000    163.936456

 COORDINATES OF THE EQUIVALENT ATOMS (FRACTIONAL UNITS)

 N. ATOM EQUIV AT. N.          X                  Y                  Z

   1   1   1    6 C    -4.65396044227E-01 -8.24795829753E-02  4.33724797816E-01
   2   1   2    6 C     4.65396044227E-01  8.24795829753E-02 -6.62752021843E-02
   3   1   3    6 C     8.24795829753E-02 -3.82916461252E-01  4.33724797816E-01
   4   1   4    6 C     3.82916461252E-01  4.65396044227E-01  4.33724797816E-01
   5   1   5    6 C    -3.82916461252E-01 -4.65396044227E-01 -6.62752021843E-02
   6   1   6    6 C    -8.24795829753E-02  3.82916461252E-01 -6.62752021843E-02
   7   1   7    6 C     4.65396044227E-01  8.24795829753E-02 -4.33724797816E-01
   8   1   8    6 C    -4.65396044227E-01 -8.24795829753E-02  6.62752021843E-02
   9   1   9    6 C    -8.24795829753E-02  3.82916461252E-01 -4.33724797816E-01
  10   1  10    6 C    -3.82916461252E-01 -4.65396044227E-01 -4.33724797816E-01
  11   1  11    6 C     3.82916461252E-01  4.65396044227E-01  6.62752021843E-02
  12   1  12    6 C     8.24795829753E-02 -3.82916461252E-01  6.62752021843E-02

  13   2   1    6 C    -4.32557234827E-02  1.91965690985E-01  4.36022124359E-01
  14   2   2    6 C     4.32557234827E-02 -1.91965690985E-01 -6.39778756409E-02
  15   2   3    6 C    -1.91965690985E-01 -2.35221414467E-01  4.36022124359E-01
  16   2   4    6 C     2.35221414467E-01  4.32557234827E-02  4.36022124359E-01
  17   2   5    6 C    -2.35221414467E-01 -4.32557234827E-02 -6.39778756409E-02
  18   2   6    6 C     1.91965690985E-01  2.35221414467E-01 -6.39778756409E-02
  19   2   7    6 C     4.32557234827E-02 -1.91965690985E-01 -4.36022124359E-01
  20   2   8    6 C    -4.32557234827E-02  1.91965690985E-01  6.39778756409E-02
  21   2   9    6 C     1.91965690985E-01  2.35221414467E-01 -4.36022124359E-01
  22   2  10    6 C    -2.35221414467E-01 -4.32557234827E-02 -4.36022124359E-01
  23   2  11    6 C     2.35221414467E-01  4.32557234827E-02  6.39778756409E-02
  24   2  12    6 C    -1.91965690985E-01 -2.35221414467E-01  6.39778756409E-02

  25   3   1    6 C     3.33333333333E-01 -3.33333333333E-01  4.29709846726E-01
  26   3   2    6 C    -3.33333333333E-01  3.33333333333E-01 -7.02901532736E-02
  27   3   3    6 C    -3.33333333333E-01  3.33333333333E-01 -4.29709846726E-01
  28   3   4    6 C     3.33333333333E-01 -3.33333333333E-01  7.02901532736E-02

 NUMBER OF SYMMETRY OPERATORS         :   12
 *******************************************************************************
 * GEOMETRY EDITING - INPUT COORDINATES ARE GIVEN IN ANGSTROM         
 *******************************************************************************

 GEOMETRY NOW FULLY CONSISTENT WITH THE GROUP

 GCALCO - MAX INDICES DIRECT LATTICE VECTOR    13    13    18
 NO.OF VECTORS CREATED 6999 STARS  395 RMAX   122.64482 BOHR

 GEOMETRY FOR WAVE FUNCTION - DIMENSIONALITY OF THE SYSTEM    3
 (NON PERIODIC DIRECTION: LATTICE PARAMETER FORMALLY SET TO 500)
 *******************************************************************************
 LATTICE PARAMETERS (ANGSTROMS AND DEGREES) - BOHR = 0.5291772083 ANGSTROM
 PRIMITIVE CELL - CENTRING CODE 1/0 VOLUME=   163.936456 - DENSITY  3.403 g/cm^3
         A              B              C           ALPHA      BETA       GAMMA 
     6.67061717     6.67061717     4.25415075    90.000000  90.000000 120.000000
 *******************************************************************************
 ATOMS IN THE ASYMMETRIC UNIT    3 - ATOMS IN THE UNIT CELL:   28
     ATOM                 X/A                 Y/B                 Z/C    
 *******************************************************************************
      1 T   6 C    -4.653960442271E-01 -8.247958297526E-02  4.337247978157E-01
      2 F   6 C     4.653960442271E-01  8.247958297526E-02 -6.627520218430E-02
      3 F   6 C     8.247958297526E-02 -3.829164612518E-01  4.337247978157E-01
      4 F   6 C     3.829164612518E-01  4.653960442271E-01  4.337247978157E-01
      5 F   6 C    -3.829164612518E-01 -4.653960442271E-01 -6.627520218430E-02
      6 F   6 C    -8.247958297526E-02  3.829164612518E-01 -6.627520218430E-02
      7 F   6 C     4.653960442271E-01  8.247958297526E-02 -4.337247978157E-01
      8 F   6 C    -4.653960442271E-01 -8.247958297526E-02  6.627520218430E-02
      9 F   6 C    -8.247958297526E-02  3.829164612518E-01 -4.337247978157E-01
     10 F   6 C    -3.829164612518E-01 -4.653960442271E-01 -4.337247978157E-01
     11 F   6 C     3.829164612518E-01  4.653960442271E-01  6.627520218430E-02
     12 F   6 C     8.247958297526E-02 -3.829164612518E-01  6.627520218430E-02
     13 T   6 C    -4.325572348269E-02  1.919656909846E-01  4.360221243591E-01
     14 F   6 C     4.325572348269E-02 -1.919656909846E-01 -6.397787564090E-02
     15 F   6 C    -1.919656909846E-01 -2.352214144673E-01  4.360221243591E-01
     16 F   6 C     2.352214144673E-01  4.325572348269E-02  4.360221243591E-01
     17 F   6 C    -2.352214144673E-01 -4.325572348269E-02 -6.397787564090E-02
     18 F   6 C     1.919656909846E-01  2.352214144673E-01 -6.397787564090E-02
     19 F   6 C     4.325572348269E-02 -1.919656909846E-01 -4.360221243591E-01
     20 F   6 C    -4.325572348269E-02  1.919656909846E-01  6.397787564090E-02
     21 F   6 C     1.919656909846E-01  2.352214144673E-01 -4.360221243591E-01
     22 F   6 C    -2.352214144673E-01 -4.325572348269E-02 -4.360221243591E-01
     23 F   6 C     2.352214144673E-01  4.325572348269E-02  6.397787564090E-02
     24 F   6 C    -1.919656909846E-01 -2.352214144673E-01  6.397787564090E-02
     25 T   6 C     3.333333333333E-01 -3.333333333333E-01  4.297098467264E-01
     26 F   6 C    -3.333333333333E-01  3.333333333333E-01 -7.029015327360E-02
     27 F   6 C    -3.333333333333E-01  3.333333333333E-01 -4.297098467264E-01
     28 F   6 C     3.333333333333E-01 -3.333333333333E-01  7.029015327360E-02

 T = ATOM BELONGING TO THE ASYMMETRIC UNIT

 ****   12 SYMMOPS - TRANSLATORS IN FRACTIONAL UNITS
 **** MATRICES AND TRANSLATORS IN THE CRYSTALLOGRAPHIC REFERENCE FRAME
   V INV                    ROTATION MATRICES                   TRANSLATORS
   1   1  1.00  0.00  0.00  0.00  1.00  0.00  0.00  0.00  1.00  0.00  0.00  0.00
   2   2 -1.00  0.00  0.00  0.00 -1.00  0.00  0.00  0.00  1.00  0.00  0.00  0.50
   3   4  0.00 -1.00  0.00  1.00 -1.00  0.00  0.00  0.00  1.00  0.00  0.00  0.00
   4   3 -1.00  1.00  0.00 -1.00  0.00  0.00  0.00  0.00  1.00  0.00  0.00  0.00
   5   6  1.00 -1.00  0.00  1.00 -0.00  0.00  0.00  0.00  1.00  0.00  0.00  0.50
   6   5 -0.00  1.00  0.00 -1.00  1.00  0.00  0.00  0.00  1.00  0.00  0.00  0.50
   7   7 -1.00  0.00  0.00  0.00 -1.00  0.00  0.00  0.00 -1.00  0.00  0.00  0.00
   8   8  1.00  0.00  0.00 -0.00  1.00  0.00  0.00  0.00 -1.00  0.00  0.00  0.50
   9  10 -0.00  1.00  0.00 -1.00  1.00  0.00  0.00  0.00 -1.00  0.00  0.00  0.00
  10   9  1.00 -1.00  0.00  1.00 -0.00  0.00  0.00  0.00 -1.00  0.00  0.00  0.00
  11  12 -1.00  1.00  0.00 -1.00  0.00  0.00  0.00  0.00 -1.00  0.00  0.00  0.50
  12  11  0.00 -1.00  0.00  1.00 -1.00  0.00  0.00  0.00 -1.00  0.00  0.00  0.50

 DIRECT LATTICE VECTORS CARTESIAN COMPONENTS (ANGSTROM)
          X                    Y                    Z
   0.577692392814E+01  -0.333530858500E+01   0.000000000000E+00
   0.000000000000E+00   0.667061717000E+01   0.000000000000E+00
   0.000000000000E+00   0.000000000000E+00   0.425415075000E+01


 CARTESIAN COORDINATES - PRIMITIVE CELL
 *******************************************************************************
 *      ATOM          X(ANGSTROM)         Y(ANGSTROM)         Z(ANGSTROM)
 *******************************************************************************
    1     6 C    -2.688557543958E+00  1.002049699366E+00  1.845130673921E+00
    2     6 C     2.688557543958E+00 -1.002049699366E+00 -2.819447010787E-01
    3     6 C     4.764782764728E-01 -2.829383982287E+00  1.845130673921E+00
    4     6 C     2.212079267485E+00  1.827334282920E+00  1.845130673921E+00
    5     6 C    -2.212079267485E+00 -1.827334282920E+00 -2.819447010787E-01
    6     6 C    -4.764782764728E-01  2.829383982287E+00 -2.819447010787E-01
    7     6 C     2.688557543958E+00 -1.002049699366E+00 -1.845130673921E+00
    8     6 C    -2.688557543958E+00  1.002049699366E+00  2.819447010787E-01
    9     6 C    -4.764782764728E-01  2.829383982287E+00 -1.845130673921E+00
   10     6 C    -2.212079267485E+00 -1.827334282920E+00 -1.845130673921E+00
   11     6 C     2.212079267485E+00  1.827334282920E+00  2.819447010787E-01
   12     6 C     4.764782764728E-01 -2.829383982287E+00  2.819447010787E-01
   13     6 C    -2.498850240162E-01  1.424800820215E+00  1.854903847359E+00
   14     6 C     2.498850240162E-01 -1.424800820215E+00 -2.721715276411E-01
   15     6 C    -1.108971193631E+00 -9.288071889308E-01  1.854903847359E+00
   16     6 C     1.358856217647E+00 -4.959936312842E-01  1.854903847359E+00
   17     6 C    -1.358856217647E+00  4.959936312842E-01 -2.721715276411E-01
   18     6 C     1.108971193631E+00  9.288071889308E-01 -2.721715276411E-01
   19     6 C     2.498850240162E-01 -1.424800820215E+00 -1.854903847359E+00
   20     6 C    -2.498850240162E-01  1.424800820215E+00  2.721715276411E-01
   21     6 C     1.108971193631E+00  9.288071889308E-01 -1.854903847359E+00
   22     6 C    -1.358856217647E+00  4.959936312842E-01 -1.854903847359E+00
   23     6 C     1.358856217647E+00 -4.959936312842E-01  2.721715276411E-01
   24     6 C    -1.108971193631E+00 -9.288071889308E-01  2.721715276411E-01
   25     6 C    -3.851282618760E+00 -3.323671269317E-17  1.828050466733E+00
   26     6 C    -1.925641309380E+00 -3.335308585000E+00 -2.990249082665E-01
   27     6 C    -1.925641309380E+00 -3.335308585000E+00 -1.828050466733E+00
   28     6 C    -3.851282618760E+00 -3.323671269317E-17  2.990249082665E-01

 *******************************************************************************
 LOCAL ATOMIC FUNCTIONS BASIS SET
 *******************************************************************************
   ATOM   X(AU)   Y(AU)   Z(AU)  N. TYPE  EXPONENT  S COEF   P COEF   D/F/G COEF
 *******************************************************************************
   1 C   -5.081   1.894   3.487
                                  1 S  
                                         1.358E+04 2.225E-04 0.000E+00 0.000E+00
                                         2.035E+03 1.723E-03 0.000E+00 0.000E+00
                                         4.632E+02 8.926E-03 0.000E+00 0.000E+00
                                         1.312E+02 3.573E-02 0.000E+00 0.000E+00
                                         4.285E+01 1.108E-01 0.000E+00 0.000E+00
                                         1.558E+01 2.430E-01 0.000E+00 0.000E+00
                                  2 S  
                                         6.207E+00 4.144E-01 0.000E+00 0.000E+00
                                         2.576E+00 2.374E-01 0.000E+00 0.000E+00
                                  3 S  
                                         4.941E-01 1.000E+00 0.000E+00 0.000E+00
                                  4 S  
                                         1.644E-01 1.000E+00 0.000E+00 0.000E+00
                           5-     7 P  
                                         3.470E+01 0.000E+00 5.333E-03 0.000E+00
                                         7.958E+00 0.000E+00 3.586E-02 0.000E+00
                                         2.378E+00 0.000E+00 1.422E-01 0.000E+00
                                         8.143E-01 0.000E+00 3.427E-01 0.000E+00
                           8-    10 P  
                                         5.662E-01 0.000E+00 1.000E+00 0.000E+00
                          11-    13 P  
                                         2.674E-01 0.000E+00 1.000E+00 0.000E+00
                          14-    18 D  
                                         8.792E-01 0.000E+00 0.000E+00 1.000E+00
   2 C    5.081  -1.894  -0.533
   3 C    0.900  -5.347   3.487
   4 C    4.180   3.453   3.487
   5 C   -4.180  -3.453  -0.533
   6 C   -0.900   5.347  -0.533
   7 C    5.081  -1.894  -3.487
   8 C   -5.081   1.894   0.533
   9 C   -0.900   5.347  -3.487
  10 C   -4.180  -3.453  -3.487
  11 C    4.180   3.453   0.533
  12 C    0.900  -5.347   0.533
  13 C   -0.472   2.692   3.505
  14 C    0.472  -2.692  -0.514
  15 C   -2.096  -1.755   3.505
  16 C    2.568  -0.937   3.505
  17 C   -2.568   0.937  -0.514
  18 C    2.096   1.755  -0.514
  19 C    0.472  -2.692  -3.505
  20 C   -0.472   2.692   0.514
  21 C    2.096   1.755  -3.505
  22 C   -2.568   0.937  -3.505
  23 C    2.568  -0.937   0.514
  24 C   -2.096  -1.755   0.514
  25 C   -7.278  -0.000   3.455
  26 C   -3.639  -6.303  -0.565
  27 C   -3.639  -6.303  -3.455
  28 C   -7.278  -0.000   0.565
 INFORMATION **** SET_MPP **** PCRYSTAL CALCULATION
 INFORMATION **** READM2 **** NEW DEFAULT: FOCK/KS MATRIX MIXING SET TO 30 %
 INFORMATION **** READM2 **** NEW DEFAULT: FULL DIRECT SCF MODE
 INFORMATION **** READM2 **** NEW DEFAULT: COULOMB BIPOLAR BUFFER SET TO 32 Mb
 INFORMATION **** READM2 **** NEW DEFAULT: EXCHANGE BIPOLAR BUFFER SET TO 32 Mb

 *******************************************************************************
 NEW DEFAULT: DFT INTEGRATION GRID INCREASED TO XLGRID
 NEW DEFAULT: DIIS ACCELERATOR ACTIVE
 USE KEYWORD NODIIS TO TURN IT OFF
 *******************************************************************************

 INFORMATION **** DFTD3_INPUT **** PERFORM LATEST DISPERSION CORRECTION DFT-D3(BJ) WITH AUTOMATIC PARAMETER SETUP
 PLEASE CITE:
 (1) DFT-D3 Reference
  S. Grimme, J. Antony, S. Ehrlich, and H. Krieg, J. Chem. Phys. 132 (2010), 154104
 (2) BJ-Damping Reference
  S. Grimme, S. Ehrlich, and L. Goerigk, J. Comput. Chem. 32 (2011), 1456-1465
 (3) General DFT-D Review
  S. Grimme, A. Hansen, J. G. Brandenburg, and C. Bannwarth,
  Chem. Rev. 116 (2016), 5105-5154

 INFORMATION **** TOLINTEG **** COULOMB AND EXCHANGE SERIES TOLERANCES MODIFIED
 INFORMATION **** TOLDEE **** SCF TOL ON TOTAL ENERGY SET TO           9
 INFORMATION **** READM2 **** FULL DIRECT SCF (MONO AND BIEL INT) SELECTED
 INFORMATION **** MAXCYCLE **** MAX NUMBER OF SCF CYCLES SET TO         800
 INFORMATION **** DIIS **** DIIS FOR SCF ACTIVE
 INFORMATION **** DIIS **** LEVEL SHIFTER DISABLED
 INFORMATION **** PPAN ****  MULLIKEN POPULATION ANALYSIS AT THE END OF SCF
 *******************************************************************************
 N. OF ATOMS PER CELL        28  COULOMB OVERLAP TOL         (T1) 10**   -8
 NUMBER OF SHELLS           224  COULOMB PENETRATION TOL     (T2) 10**   -8
 NUMBER OF AO               504  EXCHANGE OVERLAP TOL        (T3) 10**   -8
 N. OF ELECTRONS PER CELL   168  EXCHANGE PSEUDO OVP (F(G))  (T4) 10**   -9
 CORE ELECTRONS PER CELL     56  EXCHANGE PSEUDO OVP (P(G))  (T5) 10**  -24
 N. OF SYMMETRY OPERATORS    12  POLE ORDER IN MONO ZONE                  4
 *******************************************************************************
 TYPE OF CALCULATION :  UNRESTRICTED OPEN SHELL
 KOHN-SHAM HAMILTONIAN

 (EXCHANGE)[CORRELATION] FUNCTIONAL:(BECKE 88)[LEE-YANG-PARR]

 NON-LOCAL WEIGHTING FACTOR (EXCHANGE) =           0.9000
 NON-LOCAL WEIGHTING FACTOR [CORRELATION] =        0.8100

 HYBRID EXCHANGE - PERCENTAGE OF FOCK EXCHANGE    20.0000

 SPIN POLARIZED DFT SELECTED

 CAPPA:IS1 10;IS2 10;IS3 10; K PTS MONK NET 108; SYMMOPS:K SPACE  12;G SPACE  12

 *******************************************************************************
 MAX NUMBER OF SCF CYCLES     800  CONVERGENCE ON DELTAP        10**-19
 WEIGHT OF F(I) IN F(I+1)      30% CONVERGENCE ON ENERGY        10**- 9
 SHRINK. FACT.(MONKH.)   10 10 10  NUMBER OF K POINTS IN THE IBZ    108
 SHRINKING FACTOR(GILAT NET)   20  NUMBER OF K POINTS(GILAT NET)    748
 *******************************************************************************
 *** K POINTS COORDINATES (OBLIQUE COORDINATES IN UNITS OF IS = 10)
   1-R(  0  0  0)   2-C(  1  0  0)   3-C(  2  0  0)   4-C(  3  0  0)
   5-C(  4  0  0)   6-R(  5  0  0)   7-C(  1  1  0)   8-C(  2  1  0)
   9-C(  3  1  0)  10-C(  4  1  0)  11-C(  5  1  0)  12-C(  6  1  0)
  13-C(  7  1  0)  14-C(  2  2  0)  15-C(  3  2  0)  16-C(  4  2  0)
  17-C(  5  2  0)  18-C(  3  3  0)  19-C(  0  0  1)  20-C(  1  0  1)
  21-C(  2  0  1)  22-C(  3  0  1)  23-C(  4  0  1)  24-C(  5  0  1)
  25-C(  1  1  1)  26-C(  2  1  1)  27-C(  3  1  1)  28-C(  4  1  1)
  29-C(  5  1  1)  30-C(  6  1  1)  31-C(  7  1  1)  32-C(  2  2  1)
  33-C(  3  2  1)  34-C(  4  2  1)  35-C(  5  2  1)  36-C(  3  3  1)
  37-C(  0  0  2)  38-C(  1  0  2)  39-C(  2  0  2)  40-C(  3  0  2)
  41-C(  4  0  2)  42-C(  5  0  2)  43-C(  1  1  2)  44-C(  2  1  2)
  45-C(  3  1  2)  46-C(  4  1  2)  47-C(  5  1  2)  48-C(  6  1  2)
  49-C(  7  1  2)  50-C(  2  2  2)  51-C(  3  2  2)  52-C(  4  2  2)
  53-C(  5  2  2)  54-C(  3  3  2)  55-C(  0  0  3)  56-C(  1  0  3)
  57-C(  2  0  3)  58-C(  3  0  3)  59-C(  4  0  3)  60-C(  5  0  3)
  61-C(  1  1  3)  62-C(  2  1  3)  63-C(  3  1  3)  64-C(  4  1  3)
  65-C(  5  1  3)  66-C(  6  1  3)  67-C(  7  1  3)  68-C(  2  2  3)
  69-C(  3  2  3)  70-C(  4  2  3)  71-C(  5  2  3)  72-C(  3  3  3)
  73-C(  0  0  4)  74-C(  1  0  4)  75-C(  2  0  4)  76-C(  3  0  4)
  77-C(  4  0  4)  78-C(  5  0  4)  79-C(  1  1  4)  80-C(  2  1  4)
  81-C(  3  1  4)  82-C(  4  1  4)  83-C(  5  1  4)  84-C(  6  1  4)
  85-C(  7  1  4)  86-C(  2  2  4)  87-C(  3  2  4)  88-C(  4  2  4)
  89-C(  5  2  4)  90-C(  3  3  4)  91-R(  0  0  5)  92-C(  1  0  5)
  93-C(  2  0  5)  94-C(  3  0  5)  95-C(  4  0  5)  96-R(  5  0  5)
  97-C(  1  1  5)  98-C(  2  1  5)  99-C(  3  1  5) 100-C(  4  1  5)
 101-C(  5  1  5) 102-C(  6  1  5) 103-C(  7  1  5) 104-C(  2  2  5)
 105-C(  3  2  5) 106-C(  4  2  5) 107-C(  5  2  5) 108-C(  3  3  5)

 DIRECT LATTICE VECTORS COMPON. (A.U.)     RECIP. LATTICE VECTORS COMPON. (A.U.) 
        X            Y            Z              X            Y            Z
   10.9168041   -6.3028198    0.0000000      0.5755517    0.0000000    0.0000000
    0.0000000   12.6056396    0.0000000      0.2877759    0.4984424    0.0000000
    0.0000000    0.0000000    8.0391798      0.0000000    0.0000000    0.7815704

 DISK SPACE FOR EIGENVECTORS (FTN 10)    53851392 REALS

 SYMMETRY ADAPTION OF THE BLOCH FUNCTIONS ENABLED
 TTTTTTTTTTTTTTTTTTTTTTTTTTTTTT gordsh1     TELAPSE        1.63 TCPU        0.55

 MATRIX SIZE: P(G) 3228652, F(G)  367862, P(G) IRR  138188, F(G) IRR   31755
 MAX G-VECTOR INDEX FOR 1- AND 2-ELECTRON INTEGRALS 205

 TTTTTTTTTTTTTTTTTTTTTTTTTTTTTT INPUT       TELAPSE        1.63 TCPU        0.56

 NEIGHBORS OF THE NON-EQUIVALENT ATOMS

 N = NUMBER OF NEIGHBORS AT DISTANCE R
    ATOM  N     R/ANG      R/AU   NEIGHBORS (ATOM LABELS AND CELL INDICES)
   1 C    1     1.5000     2.8345    7 C   -1 0 1
   1 C    1     1.5268     2.8853   22 C    0 0 1
   1 C    1     1.5350     2.9008   25 C    0 0 0
   1 C    1     1.5632     2.9540    8 C    0 0 0
   1 C    1     2.1786     4.1170   28 C    0 0 0
   1 C    1     2.4751     4.6772   13 C    0 0 0

  13 C    1     1.5268     2.8853    9 C    0 0 1
  13 C    2     1.5456     2.9207   21 C    0 0 1   22 C    0 0 1
  13 C    1     1.5827     2.9909   20 C    0 0 0
  13 C    1     2.4751     4.6772    1 C    0 0 0
  13 C    1     2.4947     4.7143    4 C    0 0 0
  13 C    2     2.5055     4.7347   15 C    0 0 0   16 C    0 0 0

  25 C    1     1.5290     2.8894   28 C    0 0 0
  25 C    3     1.5350     2.9008    1 C    0 0 0    3 C   -1 0 0    4 C   -1-1 0
  25 C    3     2.1786     4.1170    8 C    0 0 0   11 C   -1-1 0   12 C   -1 0 0
  25 C    3     2.5226     4.7671    7 C   -1 0 1    9 C   -1-1 1   10 C    0 0 1
  25 C    3     2.6047     4.9222   19 C   -1 0 1   21 C   -1-1 1   22 C    0 0 1
  25 C    1     2.7251     5.1497   28 C    0 0 1


 SYMMETRY ALLOWED INTERNAL DEGREE(S) OF FREEDOM:   7
 TTTTTTTTTTTTTTTTTTTTTTTTTTTTTT SYMM        TELAPSE        1.69 TCPU        0.59
 TTTTTTTTTTTTTTTTTTTTTTTTTTTTTT INT_SCREEN  TELAPSE        1.69 TCPU        0.60
 WARNING **** EXCBUF **** EXCH. BIPO BUFFER TOO SMALL - TO AVOID I/O SET EXCHSIZE =     4555809

 DFT PARAMETERS

     ATOM       ELECTRONS   NET CHARGE   R(ANGSTROM)
   1   6  C       6.0000      0.0000     0.77000000

 SIZE OF GRID=      60696
 TTTTTTTTTTTTTTTTTTTTTTTTTTTTTT MAKE_GRID2  TELAPSE        2.22 TCPU        1.12
 BECKE WEIGHT FUNCTION
 RADSAFE =     2.00
 TOLERANCES - DENSITY:10**- 6; POTENTIAL:10**- 9; GRID WGT:10**-14

 RADIAL INTEGRATION  - INTERVALS (POINTS,UPPER LIMIT):            1( 75,  4.0*R)

 ANGULAR INTEGRATION - INTERVALS (ACCURACY LEVEL [N. POINTS] UPPER LIMIT):
  1(  4[  86]   0.2)  2(  8[ 194]   0.5)  3( 12[ 350]   0.9)  4( 16[ 974]   3.5)
  5( 12[ 350]9999.0)
 TTTTTTTTTTTTTTTTTTTTTTTTTTTTTT INT_CALC    TELAPSE        2.24 TCPU        1.14
 EEEEEEEEEE INT_CALC TERMINATION  DATE 30 01 2026 TIME 20:03:32.0

 *******************************************************************************
 ./4^3T28-CA_rev1_sp_B3LYP-D3-D3_optimized                                       
 CRYSTAL - SCF - TYPE OF CALCULATION :  UNRESTRICTED OPEN SHELL
 *******************************************************************************

 CAPPA:IS1 10;IS2 10;IS3 10; K PTS MONK NET 108; SYMMOPS:K SPACE  12;G SPACE  12

 TTTTTTTTTTTTTTTTTTTTTTTTTTTTTT SDIK        TELAPSE        3.00 TCPU        1.83

 AAAAAAAAAAAAAAAAAAAAAAAAAAAAAAAAAAAAAAAAAAAAAAAAAAAAAAAAAAAAAAAAAAAAAAAAAAAAAAA
         ATOMIC WAVEFUNCTION(S)


 NUCLEAR CHARGE  6.0  SYMMETRY SPECIES            S    P
 N. ELECTRONS    6.0  NUMBER OF PRIMITIVE GTOS   10    6
                      NUMBER OF CONTRACTED GTOS   4    3
                      NUMBER OF CLOSED SHELLS     2    0
                      OPEN SHELL OCCUPATION       0    2

  ZNUC  SCFIT    TOTAL HF ENERGY   KINETIC ENERGY   VIRIAL THEOREM ACCURACY
   6.0    10    -3.766702350E+01  3.783137943E+01 -1.995655566E+00  1.6E-06

 AAAAAAAAAAAAAAAAAAAAAAAAAAAAAAAAAAAAAAAAAAAAAAAAAAAAAAAAAAAAAAAAAAAAAAAAAAAAAAA

 CHARGE NORMALIZATION FACTOR   1.00000000
 TOTAL ATOMIC CHARGES:
   6.0000000   6.0000000   6.0000000   6.0000000   6.0000000   6.0000000
   6.0000000   6.0000000   6.0000000   6.0000000   6.0000000   6.0000000
   6.0000000   6.0000000   6.0000000   6.0000000   6.0000000   6.0000000
   6.0000000   6.0000000   6.0000000   6.0000000   6.0000000   6.0000000
   6.0000000   6.0000000   6.0000000   6.0000000
 SUMMED SPIN DENSITY           0.00000000
 TOTAL ATOMIC SPINS  :
   0.0000000   0.0000000   0.0000000   0.0000000   0.0000000   0.0000000
   0.0000000   0.0000000   0.0000000   0.0000000   0.0000000   0.0000000
   0.0000000   0.0000000   0.0000000   0.0000000   0.0000000   0.0000000
   0.0000000   0.0000000   0.0000000   0.0000000   0.0000000   0.0000000
   0.0000000   0.0000000   0.0000000   0.0000000
 TTTTTTTTTTTTTTTTTTTTTTTTTTTTTT MOQGAD      TELAPSE        3.02 TCPU        1.86
 TTTTTTTTTTTTTTTTTTTTTTTTTTTTTT SHELLXN     TELAPSE       64.46 TCPU       63.24
 TTTTTTTTTTTTTTTTTTTTTTTTTTTTTT MONMO3      TELAPSE       64.53 TCPU       63.31
 NUMERICALLY INTEGRATED DENSITY     83.9999460095     83.9999460095
 TTTTTTTTTTTTTTTTTTTTTTTTTTTTTT NUMDFT      TELAPSE       65.39 TCPU       64.17
 CYC   0 ETOT(AU) -1.075725615327E+03 DETOT -1.08E+03 tst  0.00E+00 PX  1.00E+00
 TTTTTTTTTTTTTTTTTTTTTTTTTTTTTT DIIS        TELAPSE       65.75 TCPU       64.39
 TTTTTTTTTTTTTTTTTTTTTTTTTTTTTT FDIK        TELAPSE       76.20 TCPU       74.73

    ALPHA      ELECTRONS
 INSULATING STATE
 TOP OF VALENCE BANDS -    BAND     84; K    1; EIG -1.8173096E-01 AU
 BOTTOM OF VIRTUAL BANDS - BAND     85; K   91; EIG -1.9193161E-02 AU
 INDIRECT ENERGY BAND GAP:   4.4229 eV
 BOTTOM OF VIRTUAL BANDS - BAND     85; K    1; EIG  3.4385256E-03 AU

    BETA       ELECTRONS
 INSULATING STATE
 TOP OF VALENCE BANDS -    BAND     84; K    1; EIG -1.8173096E-01 AU
 BOTTOM OF VIRTUAL BANDS - BAND     85; K   91; EIG -1.9193161E-02 AU
 INDIRECT ENERGY BAND GAP:   4.4229 eV
 BOTTOM OF VIRTUAL BANDS - BAND     85; K    1; EIG  3.4385256E-03 AU
 TTTTTTTTTTTTTTTTTTTTTTTTTTTTTT PDIG        TELAPSE       76.86 TCPU       75.33
 CHARGE NORMALIZATION FACTOR   1.00000000
 TOTAL ATOMIC CHARGES:
   5.9866326   5.9866326   5.9866326   5.9866326   5.9866326   5.9866326
   5.9866326   5.9866326   5.9866326   5.9866326   5.9866326   5.9866326
   5.9882013   5.9882013   5.9882013   5.9882013   5.9882013   5.9882013
   5.9882013   5.9882013   5.9882013   5.9882013   5.9882013   5.9882013
   6.0754984   6.0754984   6.0754984   6.0754984
 SUMMED SPIN DENSITY           0.00000000
 TOTAL ATOMIC SPINS  :
   0.0000000   0.0000000   0.0000000   0.0000000   0.0000000   0.0000000
   0.0000000   0.0000000   0.0000000   0.0000000   0.0000000   0.0000000
  -0.0000000  -0.0000000  -0.0000000  -0.0000000  -0.0000000  -0.0000000
  -0.0000000  -0.0000000  -0.0000000  -0.0000000  -0.0000000  -0.0000000
  -0.0000000  -0.0000000  -0.0000000  -0.0000000
 TTTTTTTTTTTTTTTTTTTTTTTTTTTTTT MOQGAD      TELAPSE       76.88 TCPU       75.35
 TTTTTTTTTTTTTTTTTTTTTTTTTTTTTT SHELLXN     TELAPSE      140.84 TCPU      139.24
 TTTTTTTTTTTTTTTTTTTTTTTTTTTTTT MONMO3      TELAPSE      140.91 TCPU      139.31
 NUMERICALLY INTEGRATED DENSITY     83.9999518255     83.9999518255
 TTTTTTTTTTTTTTTTTTTTTTTTTTTTTT NUMDFT      TELAPSE      141.68 TCPU      140.08
 CYC   1 ETOT(AU) -1.066379270097E+03 DETOT  9.35E+00 tst  0.00E+00 PX  1.00E+00
 TTTTTTTTTTTTTTTTTTTTTTTTTTTTTT DIIS        TELAPSE      141.91 TCPU      140.23
 DIIS TEST: 0.35496E+00 AT SCF   CYCLE   1 - MIX   30 %
 TTTTTTTTTTTTTTTTTTTTTTTTTTTTTT FDIK        TELAPSE      146.30 TCPU      144.48

    ALPHA      ELECTRONS
 INSULATING STATE
 TOP OF VALENCE BANDS -    BAND     84; K    1; EIG -1.0574455E-01 AU
 BOTTOM OF VIRTUAL BANDS - BAND     85; K   91; EIG  8.3494006E-02 AU
 INDIRECT ENERGY BAND GAP:   5.1494 eV
 BOTTOM OF VIRTUAL BANDS - BAND     85; K    1; EIG  1.0361848E-01 AU

    BETA       ELECTRONS
 INSULATING STATE
 TOP OF VALENCE BANDS -    BAND     84; K    1; EIG -1.0574455E-01 AU
 BOTTOM OF VIRTUAL BANDS - BAND     85; K   91; EIG  8.3494006E-02 AU
 INDIRECT ENERGY BAND GAP:   5.1494 eV
 BOTTOM OF VIRTUAL BANDS - BAND     85; K    1; EIG  1.0361848E-01 AU
 TTTTTTTTTTTTTTTTTTTTTTTTTTTTTT PDIG        TELAPSE      146.94 TCPU      145.12
 CHARGE NORMALIZATION FACTOR   1.00000000
 TOTAL ATOMIC CHARGES:
   5.9690082   5.9690082   5.9690082   5.9690082   5.9690082   5.9690082
   5.9690082   5.9690082   5.9690082   5.9690082   5.9690082   5.9690082
   6.0262746   6.0262746   6.0262746   6.0262746   6.0262746   6.0262746
   6.0262746   6.0262746   6.0262746   6.0262746   6.0262746   6.0262746
   6.0141515   6.0141515   6.0141515   6.0141515
 SUMMED SPIN DENSITY          -0.00000000
 TOTAL ATOMIC SPINS  :
   0.0000000   0.0000000   0.0000000   0.0000000   0.0000000   0.0000000
   0.0000000   0.0000000   0.0000000   0.0000000   0.0000000   0.0000000
  -0.0000000  -0.0000000  -0.0000000  -0.0000000  -0.0000000  -0.0000000
  -0.0000000  -0.0000000  -0.0000000  -0.0000000  -0.0000000  -0.0000000
   0.0000000   0.0000000   0.0000000   0.0000000
 TTTTTTTTTTTTTTTTTTTTTTTTTTTTTT MOQGAD      TELAPSE      146.96 TCPU      145.14
 TTTTTTTTTTTTTTTTTTTTTTTTTTTTTT SHELLXN     TELAPSE      210.75 TCPU      208.91
 TTTTTTTTTTTTTTTTTTTTTTTTTTTTTT MONMO3      TELAPSE      210.82 TCPU      208.97
 NUMERICALLY INTEGRATED DENSITY     83.9999475632     83.9999475632
 TTTTTTTTTTTTTTTTTTTTTTTTTTTTTT NUMDFT      TELAPSE      211.59 TCPU      209.74
 CYC   2 ETOT(AU) -1.066424678214E+03 DETOT -4.54E-02 tst  2.53E-04 PX  8.74E-02
 TTTTTTTTTTTTTTTTTTTTTTTTTTTTTT DIIS        TELAPSE      211.80 TCPU      209.95
 DIIS TEST: 0.11909E+00 AT SCF   CYCLE   2 - DIIS ACTIVE - HISTORY:     2 CYCLES
 TTTTTTTTTTTTTTTTTTTTTTTTTTTTTT FDIK        TELAPSE      216.06 TCPU      214.07

    ALPHA      ELECTRONS
 INSULATING STATE
 TOP OF VALENCE BANDS -    BAND     84; K    1; EIG -8.2556782E-02 AU
 BOTTOM OF VIRTUAL BANDS - BAND     85; K   91; EIG  1.0891316E-01 AU
 INDIRECT ENERGY BAND GAP:   5.2102 eV
 BOTTOM OF VIRTUAL BANDS - BAND     85; K    1; EIG  1.3870405E-01 AU

    BETA       ELECTRONS
 INSULATING STATE
 TOP OF VALENCE BANDS -    BAND     84; K    1; EIG -8.2556782E-02 AU
 BOTTOM OF VIRTUAL BANDS - BAND     85; K   91; EIG  1.0891316E-01 AU
 INDIRECT ENERGY BAND GAP:   5.2102 eV
 BOTTOM OF VIRTUAL BANDS - BAND     85; K    1; EIG  1.3870405E-01 AU
 TTTTTTTTTTTTTTTTTTTTTTTTTTTTTT PDIG        TELAPSE      216.70 TCPU      214.71
 CHARGE NORMALIZATION FACTOR   1.00000000
 TOTAL ATOMIC CHARGES:
   5.9861431   5.9861431   5.9861431   5.9861431   5.9861431   5.9861431
   5.9861431   5.9861431   5.9861431   5.9861431   5.9861431   5.9861431
   5.9917257   5.9917257   5.9917257   5.9917257   5.9917257   5.9917257
   5.9917257   5.9917257   5.9917257   5.9917257   5.9917257   5.9917257
   6.0663936   6.0663936   6.0663936   6.0663936
 SUMMED SPIN DENSITY          -0.00000000
 TOTAL ATOMIC SPINS  :
   0.0000000   0.0000000   0.0000000   0.0000000   0.0000000   0.0000000
   0.0000000   0.0000000   0.0000000   0.0000000   0.0000000   0.0000000
  -0.0000000  -0.0000000  -0.0000000  -0.0000000  -0.0000000  -0.0000000
  -0.0000000  -0.0000000  -0.0000000  -0.0000000  -0.0000000  -0.0000000
  -0.0000000  -0.0000000  -0.0000000  -0.0000000
 TTTTTTTTTTTTTTTTTTTTTTTTTTTTTT MOQGAD      TELAPSE      216.72 TCPU      214.73
 TTTTTTTTTTTTTTTTTTTTTTTTTTTTTT SHELLXN     TELAPSE      280.53 TCPU      278.47
 TTTTTTTTTTTTTTTTTTTTTTTTTTTTTT MONMO3      TELAPSE      280.60 TCPU      278.54
 NUMERICALLY INTEGRATED DENSITY     83.9999472605     83.9999472605
 TTTTTTTTTTTTTTTTTTTTTTTTTTTTTT NUMDFT      TELAPSE      281.37 TCPU      279.30
 CYC   3 ETOT(AU) -1.066428874323E+03 DETOT -4.20E-03 tst  9.20E-05 PX  2.62E-02
 TTTTTTTTTTTTTTTTTTTTTTTTTTTTTT DIIS        TELAPSE      281.56 TCPU      279.40
 DIIS TEST: 0.64309E-01 AT SCF   CYCLE   3 - DIIS ACTIVE - HISTORY:     3 CYCLES
 TTTTTTTTTTTTTTTTTTTTTTTTTTTTTT FDIK        TELAPSE      285.91 TCPU      283.66

    ALPHA      ELECTRONS
 INSULATING STATE
 TOP OF VALENCE BANDS -    BAND     84; K    1; EIG -8.5684360E-02 AU
 BOTTOM OF VIRTUAL BANDS - BAND     85; K   91; EIG  1.1347491E-01 AU
 INDIRECT ENERGY BAND GAP:   5.4194 eV
 BOTTOM OF VIRTUAL BANDS - BAND     85; K    1; EIG  1.3791184E-01 AU

    BETA       ELECTRONS
 INSULATING STATE
 TOP OF VALENCE BANDS -    BAND     84; K    1; EIG -8.5684360E-02 AU
 BOTTOM OF VIRTUAL BANDS - BAND     85; K   91; EIG  1.1347491E-01 AU
 INDIRECT ENERGY BAND GAP:   5.4194 eV
 BOTTOM OF VIRTUAL BANDS - BAND     85; K    1; EIG  1.3791184E-01 AU
 TTTTTTTTTTTTTTTTTTTTTTTTTTTTTT PDIG        TELAPSE      286.55 TCPU      284.30
 CHARGE NORMALIZATION FACTOR   1.00000000
 TOTAL ATOMIC CHARGES:
   5.9705970   5.9705970   5.9705970   5.9705970   5.9705970   5.9705970
   5.9705970   5.9705970   5.9705970   5.9705970   5.9705970   5.9705970
   6.0125522   6.0125522   6.0125522   6.0125522   6.0125522   6.0125522
   6.0125522   6.0125522   6.0125522   6.0125522   6.0125522   6.0125522
   6.0505524   6.0505524   6.0505524   6.0505524
 SUMMED SPIN DENSITY           0.00000000
 TOTAL ATOMIC SPINS  :
   0.0000000   0.0000000   0.0000000   0.0000000   0.0000000   0.0000000
   0.0000000   0.0000000   0.0000000   0.0000000   0.0000000   0.0000000
  -0.0000000  -0.0000000  -0.0000000  -0.0000000  -0.0000000  -0.0000000
  -0.0000000  -0.0000000  -0.0000000  -0.0000000  -0.0000000  -0.0000000
  -0.0000000  -0.0000000  -0.0000000  -0.0000000
 TTTTTTTTTTTTTTTTTTTTTTTTTTTTTT MOQGAD      TELAPSE      286.57 TCPU      284.32
 TTTTTTTTTTTTTTTTTTTTTTTTTTTTTT SHELLXN     TELAPSE      350.37 TCPU      348.05
 TTTTTTTTTTTTTTTTTTTTTTTTTTTTTT MONMO3      TELAPSE      350.44 TCPU      348.11
 NUMERICALLY INTEGRATED DENSITY     83.9999478958     83.9999478958
 TTTTTTTTTTTTTTTTTTTTTTTTTTTTTT NUMDFT      TELAPSE      351.20 TCPU      348.88
 CYC   4 ETOT(AU) -1.066431991243E+03 DETOT -3.12E-03 tst  2.09E-05 PX  6.97E-03
 TTTTTTTTTTTTTTTTTTTTTTTTTTTTTT DIIS        TELAPSE      351.34 TCPU      349.01
 DIIS TEST: 0.47006E-02 AT SCF   CYCLE   4 - DIIS ACTIVE - HISTORY:     4 CYCLES
 TTTTTTTTTTTTTTTTTTTTTTTTTTTTTT FDIK        TELAPSE      355.70 TCPU      353.35

    ALPHA      ELECTRONS
 INSULATING STATE
 TOP OF VALENCE BANDS -    BAND     84; K    1; EIG -8.5250622E-02 AU
 BOTTOM OF VIRTUAL BANDS - BAND     85; K   91; EIG  1.1349460E-01 AU
 INDIRECT ENERGY BAND GAP:   5.4081 eV
 BOTTOM OF VIRTUAL BANDS - BAND     85; K    1; EIG  1.3844524E-01 AU

    BETA       ELECTRONS
 INSULATING STATE
 TOP OF VALENCE BANDS -    BAND     84; K    1; EIG -8.5250622E-02 AU
 BOTTOM OF VIRTUAL BANDS - BAND     85; K   91; EIG  1.1349460E-01 AU
 INDIRECT ENERGY BAND GAP:   5.4081 eV
 BOTTOM OF VIRTUAL BANDS - BAND     85; K    1; EIG  1.3844524E-01 AU
 TTTTTTTTTTTTTTTTTTTTTTTTTTTTTT PDIG        TELAPSE      356.34 TCPU      353.99
 CHARGE NORMALIZATION FACTOR   1.00000000
 TOTAL ATOMIC CHARGES:
   5.9769309   5.9769309   5.9769309   5.9769309   5.9769309   5.9769309
   5.9769309   5.9769309   5.9769309   5.9769309   5.9769309   5.9769309
   6.0087971   6.0087971   6.0087971   6.0087971   6.0087971   6.0087971
   6.0087971   6.0087971   6.0087971   6.0087971   6.0087971   6.0087971
   6.0428159   6.0428159   6.0428159   6.0428159
 SUMMED SPIN DENSITY           0.00000000
 TOTAL ATOMIC SPINS  :
   0.0000000   0.0000000   0.0000000   0.0000000   0.0000000   0.0000000
   0.0000000   0.0000000   0.0000000   0.0000000   0.0000000   0.0000000
  -0.0000000  -0.0000000  -0.0000000  -0.0000000  -0.0000000  -0.0000000
  -0.0000000  -0.0000000  -0.0000000  -0.0000000  -0.0000000  -0.0000000
   0.0000000   0.0000000   0.0000000   0.0000000
 TTTTTTTTTTTTTTTTTTTTTTTTTTTTTT MOQGAD      TELAPSE      356.36 TCPU      354.00
 TTTTTTTTTTTTTTTTTTTTTTTTTTTTTT SHELLXN     TELAPSE      420.16 TCPU      417.72
 TTTTTTTTTTTTTTTTTTTTTTTTTTTTTT MONMO3      TELAPSE      420.23 TCPU      417.79
 NUMERICALLY INTEGRATED DENSITY     83.9999475959     83.9999475959
 TTTTTTTTTTTTTTTTTTTTTTTTTTTTTT NUMDFT      TELAPSE      421.00 TCPU      418.55
 CYC   5 ETOT(AU) -1.066432220452E+03 DETOT -2.29E-04 tst  1.53E-06 PX  2.55E-03
 TTTTTTTTTTTTTTTTTTTTTTTTTTTTTT DIIS        TELAPSE      421.17 TCPU      418.72
 DIIS TEST: 0.30722E-03 AT SCF   CYCLE   5 - DIIS ACTIVE - HISTORY:     5 CYCLES
 TTTTTTTTTTTTTTTTTTTTTTTTTTTTTT FDIK        TELAPSE      425.33 TCPU      422.88

    ALPHA      ELECTRONS
 INSULATING STATE
 TOP OF VALENCE BANDS -    BAND     84; K    1; EIG -8.5258880E-02 AU
 BOTTOM OF VIRTUAL BANDS - BAND     85; K   91; EIG  1.1316168E-01 AU
 INDIRECT ENERGY BAND GAP:   5.3993 eV
 BOTTOM OF VIRTUAL BANDS - BAND     85; K    1; EIG  1.3844260E-01 AU

    BETA       ELECTRONS
 INSULATING STATE
 TOP OF VALENCE BANDS -    BAND     84; K    1; EIG -8.5258880E-02 AU
 BOTTOM OF VIRTUAL BANDS - BAND     85; K   91; EIG  1.1316168E-01 AU
 INDIRECT ENERGY BAND GAP:   5.3993 eV
 BOTTOM OF VIRTUAL BANDS - BAND     85; K    1; EIG  1.3844260E-01 AU
 TTTTTTTTTTTTTTTTTTTTTTTTTTTTTT PDIG        TELAPSE      426.05 TCPU      423.50
 CHARGE NORMALIZATION FACTOR   1.00000000
 TOTAL ATOMIC CHARGES:
   5.9748837   5.9748837   5.9748837   5.9748837   5.9748837   5.9748837
   5.9748837   5.9748837   5.9748837   5.9748837   5.9748837   5.9748837
   6.0092138   6.0092138   6.0092138   6.0092138   6.0092138   6.0092138
   6.0092138   6.0092138   6.0092138   6.0092138   6.0092138   6.0092138
   6.0477074   6.0477074   6.0477074   6.0477074
 SUMMED SPIN DENSITY           0.00000000
 TOTAL ATOMIC SPINS  :
   0.0000000   0.0000000   0.0000000   0.0000000   0.0000000   0.0000000
   0.0000000   0.0000000   0.0000000   0.0000000   0.0000000   0.0000000
  -0.0000000  -0.0000000  -0.0000000  -0.0000000  -0.0000000  -0.0000000
  -0.0000000  -0.0000000  -0.0000000  -0.0000000  -0.0000000  -0.0000000
   0.0000000   0.0000000   0.0000000   0.0000000
 TTTTTTTTTTTTTTTTTTTTTTTTTTTTTT MOQGAD      TELAPSE      426.07 TCPU      423.51
 TTTTTTTTTTTTTTTTTTTTTTTTTTTTTT SHELLXN     TELAPSE      489.88 TCPU      487.24
 TTTTTTTTTTTTTTTTTTTTTTTTTTTTTT MONMO3      TELAPSE      489.95 TCPU      487.31
 NUMERICALLY INTEGRATED DENSITY     83.9999476066     83.9999476066
 TTTTTTTTTTTTTTTTTTTTTTTTTTTTTT NUMDFT      TELAPSE      490.71 TCPU      488.08
 CYC   6 ETOT(AU) -1.066432235296E+03 DETOT -1.48E-05 tst  9.74E-08 PX  7.49E-04
 TTTTTTTTTTTTTTTTTTTTTTTTTTTTTT DIIS        TELAPSE      490.89 TCPU      488.25
 DIIS TEST: 0.27079E-04 AT SCF   CYCLE   6 - DIIS ACTIVE - HISTORY:     6 CYCLES
 TTTTTTTTTTTTTTTTTTTTTTTTTTTTTT FDIK        TELAPSE      495.18 TCPU      492.53

    ALPHA      ELECTRONS
 INSULATING STATE
 TOP OF VALENCE BANDS -    BAND     84; K    1; EIG -8.5339404E-02 AU
 BOTTOM OF VIRTUAL BANDS - BAND     85; K   91; EIG  1.1320097E-01 AU
 INDIRECT ENERGY BAND GAP:   5.4026 eV
 BOTTOM OF VIRTUAL BANDS - BAND     85; K    1; EIG  1.3838086E-01 AU

    BETA       ELECTRONS
 INSULATING STATE
 TOP OF VALENCE BANDS -    BAND     84; K    1; EIG -8.5339404E-02 AU
 BOTTOM OF VIRTUAL BANDS - BAND     85; K   91; EIG  1.1320097E-01 AU
 INDIRECT ENERGY BAND GAP:   5.4026 eV
 BOTTOM OF VIRTUAL BANDS - BAND     85; K    1; EIG  1.3838086E-01 AU
 TTTTTTTTTTTTTTTTTTTTTTTTTTTTTT PDIG        TELAPSE      495.83 TCPU      493.17
 CHARGE NORMALIZATION FACTOR   1.00000000
 TOTAL ATOMIC CHARGES:
   5.9753447   5.9753447   5.9753447   5.9753447   5.9753447   5.9753447
   5.9753447   5.9753447   5.9753447   5.9753447   5.9753447   5.9753447
   6.0091555   6.0091555   6.0091555   6.0091555   6.0091555   6.0091555
   6.0091555   6.0091555   6.0091555   6.0091555   6.0091555   6.0091555
   6.0464996   6.0464996   6.0464996   6.0464996
 SUMMED SPIN DENSITY           0.00000000
 TOTAL ATOMIC SPINS  :
   0.0000000   0.0000000   0.0000000   0.0000000   0.0000000   0.0000000
   0.0000000   0.0000000   0.0000000   0.0000000   0.0000000   0.0000000
  -0.0000000  -0.0000000  -0.0000000  -0.0000000  -0.0000000  -0.0000000
  -0.0000000  -0.0000000  -0.0000000  -0.0000000  -0.0000000  -0.0000000
   0.0000000   0.0000000   0.0000000   0.0000000
 TTTTTTTTTTTTTTTTTTTTTTTTTTTTTT MOQGAD      TELAPSE      495.84 TCPU      493.19
 TTTTTTTTTTTTTTTTTTTTTTTTTTTTTT SHELLXN     TELAPSE      559.66 TCPU      556.93
 TTTTTTTTTTTTTTTTTTTTTTTTTTTTTT MONMO3      TELAPSE      559.72 TCPU      556.99
 NUMERICALLY INTEGRATED DENSITY     83.9999476110     83.9999476110
 TTTTTTTTTTTTTTTTTTTTTTTTTTTTTT NUMDFT      TELAPSE      560.49 TCPU      557.76
 CYC   7 ETOT(AU) -1.066432236876E+03 DETOT -1.58E-06 tst  1.20E-08 PX  3.26E-04
 TTTTTTTTTTTTTTTTTTTTTTTTTTTTTT DIIS        TELAPSE      560.65 TCPU      557.91
 DIIS TEST: 0.80009E-07 AT SCF   CYCLE   7 - DIIS ACTIVE - HISTORY:     7 CYCLES
 TTTTTTTTTTTTTTTTTTTTTTTTTTTTTT FDIK        TELAPSE      564.93 TCPU      562.19

    ALPHA      ELECTRONS
 INSULATING STATE
 TOP OF VALENCE BANDS -    BAND     84; K    1; EIG -8.5366174E-02 AU
 BOTTOM OF VIRTUAL BANDS - BAND     85; K   91; EIG  1.1317917E-01 AU
 INDIRECT ENERGY BAND GAP:   5.4027 eV
 BOTTOM OF VIRTUAL BANDS - BAND     85; K    1; EIG  1.3835511E-01 AU

    BETA       ELECTRONS
 INSULATING STATE
 TOP OF VALENCE BANDS -    BAND     84; K    1; EIG -8.5366174E-02 AU
 BOTTOM OF VIRTUAL BANDS - BAND     85; K   91; EIG  1.1317917E-01 AU
 INDIRECT ENERGY BAND GAP:   5.4027 eV
 BOTTOM OF VIRTUAL BANDS - BAND     85; K    1; EIG  1.3835511E-01 AU
 TTTTTTTTTTTTTTTTTTTTTTTTTTTTTT PDIG        TELAPSE      565.58 TCPU      562.83
 CHARGE NORMALIZATION FACTOR   1.00000000
 TOTAL ATOMIC CHARGES:
   5.9753187   5.9753187   5.9753187   5.9753187   5.9753187   5.9753187
   5.9753187   5.9753187   5.9753187   5.9753187   5.9753187   5.9753187
   6.0091785   6.0091785   6.0091785   6.0091785   6.0091785   6.0091785
   6.0091785   6.0091785   6.0091785   6.0091785   6.0091785   6.0091785
   6.0465085   6.0465085   6.0465085   6.0465085
 SUMMED SPIN DENSITY           0.00000000
 TOTAL ATOMIC SPINS  :
   0.0000000   0.0000000   0.0000000   0.0000000   0.0000000   0.0000000
   0.0000000   0.0000000   0.0000000   0.0000000   0.0000000   0.0000000
  -0.0000000  -0.0000000  -0.0000000  -0.0000000  -0.0000000  -0.0000000
  -0.0000000  -0.0000000  -0.0000000  -0.0000000  -0.0000000  -0.0000000
   0.0000000   0.0000000   0.0000000   0.0000000
 TTTTTTTTTTTTTTTTTTTTTTTTTTTTTT MOQGAD      TELAPSE      565.59 TCPU      562.85
 TTTTTTTTTTTTTTTTTTTTTTTTTTTTTT SHELLXN     TELAPSE      629.41 TCPU      626.58
 TTTTTTTTTTTTTTTTTTTTTTTTTTTTTT MONMO3      TELAPSE      629.48 TCPU      626.65
 NUMERICALLY INTEGRATED DENSITY     83.9999476105     83.9999476105
 TTTTTTTTTTTTTTTTTTTTTTTTTTTTTT NUMDFT      TELAPSE      630.25 TCPU      627.42
 CYC   8 ETOT(AU) -1.066432236892E+03 DETOT -1.61E-08 tst  4.40E-11 PX  1.68E-05
 TTTTTTTTTTTTTTTTTTTTTTTTTTTTTT DIIS        TELAPSE      630.38 TCPU      627.55
 DIIS TEST: 0.88306E-08 AT SCF   CYCLE   8 - DIIS ACTIVE - HISTORY:     8 CYCLES
 TTTTTTTTTTTTTTTTTTTTTTTTTTTTTT FDIK        TELAPSE      634.69 TCPU      631.84

    ALPHA      ELECTRONS
 INSULATING STATE
 TOP OF VALENCE BANDS -    BAND     84; K    1; EIG -8.5369600E-02 AU
 BOTTOM OF VIRTUAL BANDS - BAND     85; K   91; EIG  1.1317374E-01 AU
 INDIRECT ENERGY BAND GAP:   5.4026 eV
 BOTTOM OF VIRTUAL BANDS - BAND     85; K    1; EIG  1.3835172E-01 AU

    BETA       ELECTRONS
 INSULATING STATE
 TOP OF VALENCE BANDS -    BAND     84; K    1; EIG -8.5369600E-02 AU
 BOTTOM OF VIRTUAL BANDS - BAND     85; K   91; EIG  1.1317374E-01 AU
 INDIRECT ENERGY BAND GAP:   5.4026 eV
 BOTTOM OF VIRTUAL BANDS - BAND     85; K    1; EIG  1.3835172E-01 AU
 TTTTTTTTTTTTTTTTTTTTTTTTTTTTTT PDIG        TELAPSE      635.33 TCPU      632.49
 CHARGE NORMALIZATION FACTOR   1.00000000
 TOTAL ATOMIC CHARGES:
   5.9753241   5.9753241   5.9753241   5.9753241   5.9753241   5.9753241
   5.9753241   5.9753241   5.9753241   5.9753241   5.9753241   5.9753241
   6.0091711   6.0091711   6.0091711   6.0091711   6.0091711   6.0091711
   6.0091711   6.0091711   6.0091711   6.0091711   6.0091711   6.0091711
   6.0465146   6.0465146   6.0465146   6.0465146
 SUMMED SPIN DENSITY           0.00000000
 TOTAL ATOMIC SPINS  :
  -0.0000000  -0.0000000  -0.0000000  -0.0000000  -0.0000000  -0.0000000
  -0.0000000  -0.0000000  -0.0000000  -0.0000000  -0.0000000  -0.0000000
  -0.0000000  -0.0000000  -0.0000000  -0.0000000  -0.0000000  -0.0000000
  -0.0000000  -0.0000000  -0.0000000  -0.0000000  -0.0000000  -0.0000000
   0.0000000   0.0000000   0.0000000   0.0000000
 TTTTTTTTTTTTTTTTTTTTTTTTTTTTTT MOQGAD      TELAPSE      635.35 TCPU      632.50
 TTTTTTTTTTTTTTTTTTTTTTTTTTTTTT SHELLXN     TELAPSE      699.19 TCPU      696.26
 TTTTTTTTTTTTTTTTTTTTTTTTTTTTTT MONMO3      TELAPSE      699.25 TCPU      696.33
 NUMERICALLY INTEGRATED DENSITY     83.9999476105     83.9999476105
 TTTTTTTTTTTTTTTTTTTTTTTTTTTTTT NUMDFT      TELAPSE      700.02 TCPU      697.09
 CYC   9 ETOT(AU) -1.066432236896E+03 DETOT -3.32E-09 tst  2.91E-12 PX  4.87E-06
 TTTTTTTTTTTTTTTTTTTTTTTTTTTTTT DIIS        TELAPSE      700.16 TCPU      697.23
 DIIS TEST: 0.25448E-09 AT SCF   CYCLE   9 - DIIS ACTIVE - HISTORY:     9 CYCLES
 TTTTTTTTTTTTTTTTTTTTTTTTTTTTTT FDIK        TELAPSE      704.18 TCPU      701.24

    ALPHA      ELECTRONS
 INSULATING STATE
 TOP OF VALENCE BANDS -    BAND     84; K    1; EIG -8.5370051E-02 AU
 BOTTOM OF VIRTUAL BANDS - BAND     85; K   91; EIG  1.1317379E-01 AU
 INDIRECT ENERGY BAND GAP:   5.4027 eV
 BOTTOM OF VIRTUAL BANDS - BAND     85; K    1; EIG  1.3835137E-01 AU

    BETA       ELECTRONS
 INSULATING STATE
 TOP OF VALENCE BANDS -    BAND     84; K    1; EIG -8.5370051E-02 AU
 BOTTOM OF VIRTUAL BANDS - BAND     85; K   91; EIG  1.1317379E-01 AU
 INDIRECT ENERGY BAND GAP:   5.4027 eV
 BOTTOM OF VIRTUAL BANDS - BAND     85; K    1; EIG  1.3835137E-01 AU
 TTTTTTTTTTTTTTTTTTTTTTTTTTTTTT PDIG        TELAPSE      704.82 TCPU      701.88
 CHARGE NORMALIZATION FACTOR   1.00000000
 TOTAL ATOMIC CHARGES:
   5.9753231   5.9753231   5.9753231   5.9753231   5.9753231   5.9753231
   5.9753231   5.9753231   5.9753231   5.9753231   5.9753231   5.9753231
   6.0091724   6.0091724   6.0091724   6.0091724   6.0091724   6.0091724
   6.0091724   6.0091724   6.0091724   6.0091724   6.0091724   6.0091724
   6.0465135   6.0465135   6.0465135   6.0465135
 SUMMED SPIN DENSITY           0.00000000
 TOTAL ATOMIC SPINS  :
  -0.0000000  -0.0000000  -0.0000000  -0.0000000  -0.0000000  -0.0000000
  -0.0000000  -0.0000000  -0.0000000  -0.0000000  -0.0000000  -0.0000000
   0.0000000   0.0000000   0.0000000   0.0000000   0.0000000   0.0000000
   0.0000000   0.0000000   0.0000000   0.0000000   0.0000000   0.0000000
   0.0000000   0.0000000   0.0000000   0.0000000
 TTTTTTTTTTTTTTTTTTTTTTTTTTTTTT MOQGAD      TELAPSE      704.84 TCPU      701.90
 TTTTTTTTTTTTTTTTTTTTTTTTTTTTTT SHELLXN     TELAPSE      768.67 TCPU      765.64
 TTTTTTTTTTTTTTTTTTTTTTTTTTTTTT MONMO3      TELAPSE      768.74 TCPU      765.71
 NUMERICALLY INTEGRATED DENSITY     83.9999476105     83.9999476105
 TTTTTTTTTTTTTTTTTTTTTTTTTTTTTT NUMDFT      TELAPSE      769.50 TCPU      766.48
 CYC  10 ETOT(AU) -1.066432236897E+03 DETOT -1.36E-09 tst  1.36E-13 PX  1.14E-06
 TTTTTTTTTTTTTTTTTTTTTTTTTTTTTT DIIS        TELAPSE      769.68 TCPU      766.64
 DIIS TEST: 0.19974E-10 AT SCF   CYCLE  10 - DIIS ACTIVE - HISTORY:    10 CYCLES
 TTTTTTTTTTTTTTTTTTTTTTTTTTTTTT FDIK        TELAPSE      773.13 TCPU      770.02

    ALPHA      ELECTRONS
 INSULATING STATE
 TOP OF VALENCE BANDS -    BAND     84; K    1; EIG -8.5370047E-02 AU
 BOTTOM OF VIRTUAL BANDS - BAND     85; K   91; EIG  1.1317373E-01 AU
 INDIRECT ENERGY BAND GAP:   5.4027 eV
 BOTTOM OF VIRTUAL BANDS - BAND     85; K    1; EIG  1.3835136E-01 AU

    BETA       ELECTRONS
 INSULATING STATE
 TOP OF VALENCE BANDS -    BAND     84; K    1; EIG -8.5370047E-02 AU
 BOTTOM OF VIRTUAL BANDS - BAND     85; K   91; EIG  1.1317373E-01 AU
 INDIRECT ENERGY BAND GAP:   5.4027 eV
 BOTTOM OF VIRTUAL BANDS - BAND     85; K    1; EIG  1.3835136E-01 AU
 TTTTTTTTTTTTTTTTTTTTTTTTTTTTTT PDIG        TELAPSE      773.77 TCPU      770.67
 CHARGE NORMALIZATION FACTOR   1.00000000
 TOTAL ATOMIC CHARGES:
   5.9753232   5.9753232   5.9753232   5.9753232   5.9753232   5.9753232
   5.9753232   5.9753232   5.9753232   5.9753232   5.9753232   5.9753232
   6.0091722   6.0091722   6.0091722   6.0091722   6.0091722   6.0091722
   6.0091722   6.0091722   6.0091722   6.0091722   6.0091722   6.0091722
   6.0465136   6.0465136   6.0465136   6.0465136
 SUMMED SPIN DENSITY           0.00000000
 TOTAL ATOMIC SPINS  :
   0.0000000   0.0000000   0.0000000   0.0000000   0.0000000   0.0000000
   0.0000000   0.0000000   0.0000000   0.0000000   0.0000000   0.0000000
   0.0000000   0.0000000   0.0000000   0.0000000   0.0000000   0.0000000
   0.0000000   0.0000000   0.0000000   0.0000000   0.0000000   0.0000000
  -0.0000000  -0.0000000  -0.0000000  -0.0000000
 TTTTTTTTTTTTTTTTTTTTTTTTTTTTTT MOQGAD      TELAPSE      773.79 TCPU      770.68
 TTTTTTTTTTTTTTTTTTTTTTTTTTTTTT SHELLXN     TELAPSE      837.61 TCPU      834.48
 TTTTTTTTTTTTTTTTTTTTTTTTTTTTTT MONMO3      TELAPSE      837.68 TCPU      834.55
 NUMERICALLY INTEGRATED DENSITY     83.9999476105     83.9999476105
 TTTTTTTTTTTTTTTTTTTTTTTTTTTTTT NUMDFT      TELAPSE      838.45 TCPU      835.32
 CYC  11 ETOT(AU) -1.066432236897E+03 DETOT  6.98E-11 tst  4.83E-15 PX  1.55E-07
 TTTTTTTTTTTTTTTTTTTTTTTTTTTTTT DIIS        TELAPSE      838.62 TCPU      835.48
 DIIS TEST: 0.48889E-11 AT SCF   CYCLE  11 - DIIS ACTIVE - HISTORY:    10 CYCLES
 TTTTTTTTTTTTTTTTTTTTTTTTTTTTTT FDIK        TELAPSE      841.85 TCPU      838.64

    ALPHA      ELECTRONS
 INSULATING STATE
 TOP OF VALENCE BANDS -    BAND     84; K    1; EIG -8.5370054E-02 AU
 BOTTOM OF VIRTUAL BANDS - BAND     85; K   91; EIG  1.1317372E-01 AU
 INDIRECT ENERGY BAND GAP:   5.4027 eV
 BOTTOM OF VIRTUAL BANDS - BAND     85; K    1; EIG  1.3835136E-01 AU

    BETA       ELECTRONS
 INSULATING STATE
 TOP OF VALENCE BANDS -    BAND     84; K    1; EIG -8.5370054E-02 AU
 BOTTOM OF VIRTUAL BANDS - BAND     85; K   91; EIG  1.1317372E-01 AU
 INDIRECT ENERGY BAND GAP:   5.4027 eV
 BOTTOM OF VIRTUAL BANDS - BAND     85; K    1; EIG  1.3835136E-01 AU
 TTTTTTTTTTTTTTTTTTTTTTTTTTTTTT PDIG        TELAPSE      842.50 TCPU      839.28
 CHARGE NORMALIZATION FACTOR   1.00000000
 TOTAL ATOMIC CHARGES:
   5.9753233   5.9753233   5.9753233   5.9753233   5.9753233   5.9753233
   5.9753233   5.9753233   5.9753233   5.9753233   5.9753233   5.9753233
   6.0091722   6.0091722   6.0091722   6.0091722   6.0091722   6.0091722
   6.0091722   6.0091722   6.0091722   6.0091722   6.0091722   6.0091722
   6.0465136   6.0465136   6.0465136   6.0465136
 SUMMED SPIN DENSITY          -0.00000000
 TOTAL ATOMIC SPINS  :
  -0.0000000  -0.0000000  -0.0000000  -0.0000000  -0.0000000  -0.0000000
  -0.0000000  -0.0000000  -0.0000000  -0.0000000  -0.0000000  -0.0000000
   0.0000000   0.0000000   0.0000000   0.0000000   0.0000000   0.0000000
   0.0000000   0.0000000   0.0000000   0.0000000   0.0000000   0.0000000
   0.0000000   0.0000000   0.0000000   0.0000000
 TTTTTTTTTTTTTTTTTTTTTTTTTTTTTT MOQGAD      TELAPSE      842.52 TCPU      839.30
 TTTTTTTTTTTTTTTTTTTTTTTTTTTTTT SHELLXN     TELAPSE      906.23 TCPU      902.99
 +++ ENERGIES IN A.U. +++
 ::: EXT EL-POLE                                  -5.3136800851618E+03
 ::: EXT EL-SPHEROPOLE                             4.6556659525091E+01
 ::: BIELET ZONE E-E                               5.4573604207452E+03
 ::: TOTAL E-E                                     1.9023699510855E+02
 ::: TOTAL E-N + N-E                              -1.8082962858649E+03
 ::: TOTAL N-N                                    -3.8821284017347E+02
 ::: KINETIC ENERGY                                1.0632632136411E+03
 ::: PSEUDO TOTAL   ENERGY                        -9.4300891728867E+02
 ::: VIRIAL COEFFICIENT                            1.0599391749995E+00
 TTTTTTTTTTTTTTTTTTTTTTTTTTTTTT MONMO3      TELAPSE      906.29 TCPU      903.05
 NUMERICALLY INTEGRATED DENSITY     83.9999476105     83.9999476105
 EXCHANGE ENERGY: -0.116289257856E+03  CORRELATION ENERGY: -0.713406175270E+01
 TTTTTTTTTTTTTTTTTTTTTTTTTTTTTT NUMDFT      TELAPSE      907.06 TCPU      903.82
 CYC  12 ETOT(AU) -1.066432236897E+03 DETOT  2.02E-11 tst  2.39E-15 PX  1.55E-07

 == SCF ENDED - CONVERGENCE ON ENERGY      E(AU) -1.0664322368970E+03 CYCLES  12


 ENERGY EXPRESSION=HARTREE+FOCK EXCH*0.20000+(BECKE      EXCH)*0.80000+LYP        CORR


 TOTAL ENERGY(DFT)(AU)( 12) -1.0664322368970E+03 DE 2.0E-11 tester 2.4E-15
 TTTTTTTTTTTTTTTTTTTTTTTTTTTTTT EDFT        TELAPSE      907.09 TCPU      903.84
 
 INFORMATION **** DFTD3 ENERGY **** CALCULATE DFTD3 ENERGY

           DFT-D V3(BJ)
 DF                                         b3-lyp    
 parameters
 s6       :    1.0000
 s8       :    1.9889
 a1       :    0.3981
 a2       :    4.4211
 k1 k3    :   16.0000   -4.0000
 Cutoff   :   50.2022
 CN-Cutoff:   21.1671
 ABC-Cutoff:   21.1671
 
 Edisp /kcal,au:  -192.4828 -0.30674083

 E6    /kcal :   -92.4271
 E8    /kcal :  -100.0557
 
 INFORMATION **** DFTD3 ENERGY **** NORMAL TERMINATION OF DFTD3 MODULE

 *******************************************************************************

 DFT-D3 DISPERSION ENERGY CORRECTION

 D3 DISPERSION ENERGY (AU)       -3.0674083413599E-01
 TOTAL ENERGY + DISP (AU)        -1.0667389777311E+03

 *******************************************************************************


 NEIGHBORS OF THE NON-EQUIVALENT ATOMS

 N = NUMBER OF NEIGHBORS AT DISTANCE R
    ATOM  N     R/ANG      R/AU   NEIGHBORS (ATOM LABELS AND CELL INDICES)
   1 C    1     1.5000     2.8345    7 C   -1 0 1
   1 C    1     1.5268     2.8853   22 C    0 0 1
   1 C    1     1.5350     2.9008   25 C    0 0 0
   1 C    1     1.5632     2.9540    8 C    0 0 0
   1 C    1     2.1786     4.1170   28 C    0 0 0
   1 C    1     2.4751     4.6772   13 C    0 0 0

  13 C    1     1.5268     2.8853    9 C    0 0 1
  13 C    2     1.5456     2.9207   21 C    0 0 1   22 C    0 0 1
  13 C    1     1.5827     2.9909   20 C    0 0 0
  13 C    1     2.4751     4.6772    1 C    0 0 0
  13 C    1     2.4947     4.7143    4 C    0 0 0
  13 C    2     2.5055     4.7347   15 C    0 0 0   16 C    0 0 0

  25 C    1     1.5290     2.8894   28 C    0 0 0
  25 C    3     1.5350     2.9008    1 C    0 0 0    3 C   -1 0 0    4 C   -1-1 0
  25 C    3     2.1786     4.1170    8 C    0 0 0   11 C   -1-1 0   12 C   -1 0 0
  25 C    3     2.5226     4.7671    7 C   -1 0 1    9 C   -1-1 1   10 C    0 0 1
  25 C    3     2.6047     4.9222   19 C   -1 0 1   21 C   -1-1 1   22 C    0 0 1
  25 C    1     2.7251     5.1497   28 C    0 0 1

 TTTTTTTTTTTTTTTTTTTTTTTTTTTTTT AFTER FIRST TELAPSE      907.33 TCPU      904.06
 MMMMMMMMMMMMMMMMMMMMMMMMMMMMMMMMMMMMMMMMMMMMMMMMMMMMMMMMMMMMMMMMMMMMMMMMMMMMMMM
     ALPHA+BETA ELECTRONS
 MULLIKEN POPULATION ANALYSIS - NO. OF ELECTRONS  168.000000

  ATOM    Z CHARGE  A.O. POPULATION

   1 C    6  5.975  0.853  1.120  0.763  0.367  0.447  0.455  0.444 -0.006
                   -0.007 -0.011  0.494  0.507  0.502  0.012  0.007  0.007
                    0.008  0.012
   2 C    6  5.975  0.853  1.120  0.763  0.367  0.447  0.455  0.444 -0.006
                   -0.007 -0.011  0.494  0.507  0.502  0.012  0.007  0.007
                    0.008  0.012
   3 C    6  5.975  0.853  1.120  0.763  0.367  0.445  0.457  0.444 -0.006
                   -0.007 -0.011  0.499  0.501  0.502  0.012  0.007  0.008
                    0.010  0.010
   4 C    6  5.975  0.853  1.120  0.763  0.367  0.461  0.441  0.444 -0.008
                   -0.005 -0.011  0.507  0.493  0.502  0.012  0.008  0.007
                    0.011  0.008
   5 C    6  5.975  0.853  1.120  0.763  0.367  0.461  0.441  0.444 -0.008
                   -0.005 -0.011  0.507  0.493  0.502  0.012  0.008  0.007
                    0.011  0.008
   6 C    6  5.975  0.853  1.120  0.763  0.367  0.445  0.457  0.444 -0.006
                   -0.007 -0.011  0.499  0.501  0.502  0.012  0.007  0.008
                    0.010  0.010
   7 C    6  5.975  0.853  1.120  0.763  0.367  0.447  0.455  0.444 -0.006
                   -0.007 -0.011  0.494  0.507  0.502  0.012  0.007  0.007
                    0.008  0.012
   8 C    6  5.975  0.853  1.120  0.763  0.367  0.447  0.455  0.444 -0.006
                   -0.007 -0.011  0.494  0.507  0.502  0.012  0.007  0.007
                    0.008  0.012
   9 C    6  5.975  0.853  1.120  0.763  0.367  0.445  0.457  0.444 -0.006
                   -0.007 -0.011  0.499  0.501  0.502  0.012  0.007  0.008
                    0.010  0.010
  10 C    6  5.975  0.853  1.120  0.763  0.367  0.461  0.441  0.444 -0.008
                   -0.005 -0.011  0.507  0.493  0.502  0.012  0.008  0.007
                    0.011  0.008
  11 C    6  5.975  0.853  1.120  0.763  0.367  0.461  0.441  0.444 -0.008
                   -0.005 -0.011  0.507  0.493  0.502  0.012  0.008  0.007
                    0.011  0.008
  12 C    6  5.975  0.853  1.120  0.763  0.367  0.445  0.457  0.444 -0.006
                   -0.007 -0.011  0.499  0.501  0.502  0.012  0.007  0.008
                    0.010  0.010
  13 C    6  6.009  0.853  1.121  0.755  0.422  0.447  0.451  0.432 -0.008
                   -0.008 -0.006  0.503  0.511  0.494  0.011  0.007  0.007
                    0.009  0.009
  14 C    6  6.009  0.853  1.121  0.755  0.422  0.447  0.451  0.432 -0.008
                   -0.008 -0.006  0.503  0.511  0.494  0.011  0.007  0.007
                    0.009  0.009
  15 C    6  6.009  0.853  1.121  0.755  0.422  0.451  0.447  0.432 -0.010
                   -0.006 -0.006  0.512  0.501  0.494  0.011  0.007  0.007
                    0.009  0.009
  16 C    6  6.009  0.853  1.121  0.755  0.422  0.449  0.449  0.432 -0.006
                   -0.010 -0.006  0.505  0.508  0.494  0.011  0.007  0.007
                    0.009  0.009
  17 C    6  6.009  0.853  1.121  0.755  0.422  0.449  0.449  0.432 -0.006
                   -0.010 -0.006  0.505  0.508  0.494  0.011  0.007  0.007
                    0.009  0.009
  18 C    6  6.009  0.853  1.121  0.755  0.422  0.451  0.447  0.432 -0.010
                   -0.006 -0.006  0.512  0.501  0.494  0.011  0.007  0.007
                    0.009  0.009
  19 C    6  6.009  0.853  1.121  0.755  0.422  0.447  0.451  0.432 -0.008
                   -0.008 -0.006  0.503  0.511  0.494  0.011  0.007  0.007
                    0.009  0.009
  20 C    6  6.009  0.853  1.121  0.755  0.422  0.447  0.451  0.432 -0.008
                   -0.008 -0.006  0.503  0.511  0.494  0.011  0.007  0.007
                    0.009  0.009
  21 C    6  6.009  0.853  1.121  0.755  0.422  0.451  0.447  0.432 -0.010
                   -0.006 -0.006  0.512  0.501  0.494  0.011  0.007  0.007
                    0.009  0.009
  22 C    6  6.009  0.853  1.121  0.755  0.422  0.449  0.449  0.432 -0.006
                   -0.010 -0.006  0.505  0.508  0.494  0.011  0.007  0.007
                    0.009  0.009
  23 C    6  6.009  0.853  1.121  0.755  0.422  0.449  0.449  0.432 -0.006
                   -0.010 -0.006  0.505  0.508  0.494  0.011  0.007  0.007
                    0.009  0.009
  24 C    6  6.009  0.853  1.121  0.755  0.422  0.451  0.447  0.432 -0.010
                   -0.006 -0.006  0.512  0.501  0.494  0.011  0.007  0.007
                    0.009  0.009
  25 C    6  6.047  0.853  1.120  0.756  0.393  0.447  0.447  0.468 -0.009
                   -0.009 -0.031  0.506  0.506  0.553  0.014  0.006  0.006
                    0.010  0.010
  26 C    6  6.047  0.853  1.120  0.756  0.393  0.447  0.447  0.468 -0.009
                   -0.009 -0.031  0.506  0.506  0.553  0.014  0.006  0.006
                    0.010  0.010
  27 C    6  6.047  0.853  1.120  0.756  0.393  0.447  0.447  0.468 -0.009
                   -0.009 -0.031  0.506  0.506  0.553  0.014  0.006  0.006
                    0.010  0.010
  28 C    6  6.047  0.853  1.120  0.756  0.393  0.447  0.447  0.468 -0.009
                   -0.009 -0.031  0.506  0.506  0.553  0.014  0.006  0.006
                    0.010  0.010

  ATOM    Z CHARGE  SHELL POPULATION

   1 C    6  5.975  0.853  1.120  0.763  0.367  1.346 -0.024  1.503  0.047
   2 C    6  5.975  0.853  1.120  0.763  0.367  1.346 -0.024  1.503  0.047
   3 C    6  5.975  0.853  1.120  0.763  0.367  1.346 -0.024  1.503  0.047
   4 C    6  5.975  0.853  1.120  0.763  0.367  1.346 -0.024  1.503  0.047
   5 C    6  5.975  0.853  1.120  0.763  0.367  1.346 -0.024  1.503  0.047
   6 C    6  5.975  0.853  1.120  0.763  0.367  1.346 -0.024  1.503  0.047
   7 C    6  5.975  0.853  1.120  0.763  0.367  1.346 -0.024  1.503  0.047
   8 C    6  5.975  0.853  1.120  0.763  0.367  1.346 -0.024  1.503  0.047
   9 C    6  5.975  0.853  1.120  0.763  0.367  1.346 -0.024  1.503  0.047
  10 C    6  5.975  0.853  1.120  0.763  0.367  1.346 -0.024  1.503  0.047
  11 C    6  5.975  0.853  1.120  0.763  0.367  1.346 -0.024  1.503  0.047
  12 C    6  5.975  0.853  1.120  0.763  0.367  1.346 -0.024  1.503  0.047
  13 C    6  6.009  0.853  1.121  0.755  0.422  1.330 -0.022  1.507  0.043
  14 C    6  6.009  0.853  1.121  0.755  0.422  1.330 -0.022  1.507  0.043
  15 C    6  6.009  0.853  1.121  0.755  0.422  1.330 -0.022  1.507  0.043
  16 C    6  6.009  0.853  1.121  0.755  0.422  1.330 -0.022  1.507  0.043
  17 C    6  6.009  0.853  1.121  0.755  0.422  1.330 -0.022  1.507  0.043
  18 C    6  6.009  0.853  1.121  0.755  0.422  1.330 -0.022  1.507  0.043
  19 C    6  6.009  0.853  1.121  0.755  0.422  1.330 -0.022  1.507  0.043
  20 C    6  6.009  0.853  1.121  0.755  0.422  1.330 -0.022  1.507  0.043
  21 C    6  6.009  0.853  1.121  0.755  0.422  1.330 -0.022  1.507  0.043
  22 C    6  6.009  0.853  1.121  0.755  0.422  1.330 -0.022  1.507  0.043
  23 C    6  6.009  0.853  1.121  0.755  0.422  1.330 -0.022  1.507  0.043
  24 C    6  6.009  0.853  1.121  0.755  0.422  1.330 -0.022  1.507  0.043
  25 C    6  6.047  0.853  1.120  0.756  0.393  1.361 -0.050  1.565  0.047
  26 C    6  6.047  0.853  1.120  0.756  0.393  1.361 -0.050  1.565  0.047
  27 C    6  6.047  0.853  1.120  0.756  0.393  1.361 -0.050  1.565  0.047
  28 C    6  6.047  0.853  1.120  0.756  0.393  1.361 -0.050  1.565  0.047

 OVERLAP POPULATION CONDENSED TO ATOMS FOR FIRST   6 NEIGHBORS

 ATOM A   1 C    ATOM B     CELL      R(AB)/AU R(AB)/ANG    OVPOP(AB)
                  7 C    ( -1  0  1)     2.835     1.500     0.316
                 22 C    (  0  0  1)     2.885     1.527     0.326
                 25 C    (  0  0  0)     2.901     1.535     0.293
                  8 C    (  0  0  0)     2.954     1.563     0.363
                 28 C    (  0  0  0)     4.117     2.179    -0.104
                 13 C    (  0  0  0)     4.677     2.475    -0.018

 ATOM A  13 C    ATOM B     CELL      R(AB)/AU R(AB)/ANG    OVPOP(AB)
                  9 C    (  0  0  1)     2.885     1.527     0.326
                 21 C    (  0  0  1)     2.921     1.546     0.343
                 20 C    (  0  0  0)     2.991     1.583     0.341
                  1 C    (  0  0  0)     4.677     2.475    -0.018
                  4 C    (  0  0  0)     4.714     2.495    -0.022
                 15 C    (  0  0  0)     4.735     2.505    -0.020

 ATOM A  25 C    ATOM B     CELL      R(AB)/AU R(AB)/ANG    OVPOP(AB)
                 28 C    (  0  0  0)     2.889     1.529     0.467
                  1 C    (  0  0  0)     2.901     1.535     0.293
                  8 C    (  0  0  0)     4.117     2.179    -0.104
                  7 C    ( -1  0  1)     4.767     2.523    -0.003
                 19 C    ( -1  0  1)     4.922     2.605    -0.005
                 28 C    (  0  0  1)     5.150     2.725     0.012
 TTTTTTTTTTTTTTTTTTTTTTTTTTTTTT AFTER FIRST TELAPSE      907.51 TCPU      904.10
 MMMMMMMMMMMMMMMMMMMMMMMMMMMMMMMMMMMMMMMMMMMMMMMMMMMMMMMMMMMMMMMMMMMMMMMMMMMMMMM
     ALPHA-BETA ELECTRONS
 MULLIKEN POPULATION ANALYSIS - NO. OF ELECTRONS   -0.000000

  ATOM    Z CHARGE  A.O. POPULATION

   1 C    6 -0.000  0.000 -0.000  0.000 -0.000 -0.000  0.000 -0.000  0.000
                    0.000 -0.000  0.000  0.000  0.000  0.000  0.000  0.000
                   -0.000 -0.000
   2 C    6 -0.000  0.000 -0.000  0.000 -0.000 -0.000  0.000 -0.000  0.000
                    0.000 -0.000  0.000  0.000  0.000  0.000  0.000  0.000
                   -0.000 -0.000
   3 C    6 -0.000  0.000 -0.000  0.000 -0.000  0.000 -0.000 -0.000  0.000
                    0.000 -0.000  0.000  0.000  0.000  0.000 -0.000  0.000
                   -0.000 -0.000
   4 C    6 -0.000  0.000 -0.000  0.000 -0.000 -0.000 -0.000 -0.000  0.000
                    0.000 -0.000  0.000  0.000  0.000  0.000  0.000 -0.000
                   -0.000  0.000
   5 C    6 -0.000  0.000 -0.000  0.000 -0.000 -0.000 -0.000 -0.000  0.000
                    0.000 -0.000  0.000  0.000  0.000  0.000  0.000 -0.000
                   -0.000  0.000
   6 C    6 -0.000  0.000 -0.000  0.000 -0.000  0.000 -0.000 -0.000  0.000
                    0.000 -0.000  0.000  0.000  0.000  0.000 -0.000  0.000
                   -0.000 -0.000
   7 C    6 -0.000  0.000 -0.000  0.000 -0.000 -0.000  0.000 -0.000  0.000
                    0.000 -0.000  0.000  0.000  0.000  0.000  0.000  0.000
                   -0.000 -0.000
   8 C    6 -0.000  0.000 -0.000  0.000 -0.000 -0.000  0.000 -0.000  0.000
                    0.000 -0.000  0.000  0.000  0.000  0.000  0.000  0.000
                   -0.000 -0.000
   9 C    6 -0.000  0.000 -0.000  0.000 -0.000  0.000 -0.000 -0.000  0.000
                    0.000 -0.000  0.000  0.000  0.000  0.000 -0.000  0.000
                   -0.000 -0.000
  10 C    6 -0.000  0.000 -0.000  0.000 -0.000 -0.000 -0.000 -0.000  0.000
                    0.000 -0.000  0.000  0.000  0.000  0.000  0.000 -0.000
                   -0.000  0.000
  11 C    6 -0.000  0.000 -0.000  0.000 -0.000 -0.000 -0.000 -0.000  0.000
                    0.000 -0.000  0.000  0.000  0.000  0.000  0.000 -0.000
                   -0.000  0.000
  12 C    6 -0.000  0.000 -0.000  0.000 -0.000  0.000 -0.000 -0.000  0.000
                    0.000 -0.000  0.000  0.000  0.000  0.000 -0.000  0.000
                   -0.000 -0.000
  13 C    6  0.000 -0.000  0.000  0.000  0.000  0.000  0.000 -0.000  0.000
                    0.000 -0.000 -0.000 -0.000  0.000  0.000  0.000 -0.000
                    0.000  0.000
  14 C    6  0.000 -0.000  0.000  0.000  0.000  0.000  0.000 -0.000  0.000
                    0.000 -0.000 -0.000 -0.000  0.000  0.000  0.000 -0.000
                    0.000  0.000
  15 C    6  0.000 -0.000  0.000  0.000  0.000 -0.000  0.000 -0.000  0.000
                    0.000 -0.000  0.000 -0.000  0.000  0.000 -0.000  0.000
                    0.000  0.000
  16 C    6  0.000 -0.000  0.000  0.000  0.000  0.000 -0.000 -0.000  0.000
                    0.000 -0.000 -0.000 -0.000  0.000  0.000 -0.000 -0.000
                    0.000  0.000
  17 C    6  0.000 -0.000  0.000  0.000  0.000  0.000 -0.000 -0.000  0.000
                    0.000 -0.000 -0.000 -0.000  0.000  0.000 -0.000 -0.000
                    0.000  0.000
  18 C    6  0.000 -0.000  0.000  0.000  0.000 -0.000  0.000 -0.000  0.000
                    0.000 -0.000  0.000 -0.000  0.000  0.000 -0.000  0.000
                    0.000  0.000
  19 C    6  0.000 -0.000  0.000  0.000  0.000  0.000  0.000 -0.000  0.000
                    0.000 -0.000 -0.000 -0.000  0.000  0.000  0.000 -0.000
                    0.000  0.000
  20 C    6  0.000 -0.000  0.000  0.000  0.000  0.000  0.000 -0.000  0.000
                    0.000 -0.000 -0.000 -0.000  0.000  0.000  0.000 -0.000
                    0.000  0.000
  21 C    6  0.000 -0.000  0.000  0.000  0.000 -0.000  0.000 -0.000  0.000
                    0.000 -0.000  0.000 -0.000  0.000  0.000 -0.000  0.000
                    0.000  0.000
  22 C    6  0.000 -0.000  0.000  0.000  0.000  0.000 -0.000 -0.000  0.000
                    0.000 -0.000 -0.000 -0.000  0.000  0.000 -0.000 -0.000
                    0.000  0.000
  23 C    6  0.000 -0.000  0.000  0.000  0.000  0.000 -0.000 -0.000  0.000
                    0.000 -0.000 -0.000 -0.000  0.000  0.000 -0.000 -0.000
                    0.000  0.000
  24 C    6  0.000 -0.000  0.000  0.000  0.000 -0.000  0.000 -0.000  0.000
                    0.000 -0.000  0.000 -0.000  0.000  0.000 -0.000  0.000
                    0.000  0.000
  25 C    6  0.000 -0.000 -0.000 -0.000  0.000 -0.000 -0.000 -0.000 -0.000
                   -0.000 -0.000 -0.000 -0.000 -0.000 -0.000  0.000  0.000
                   -0.000 -0.000
  26 C    6  0.000 -0.000 -0.000 -0.000  0.000 -0.000 -0.000 -0.000 -0.000
                   -0.000 -0.000 -0.000 -0.000 -0.000 -0.000  0.000  0.000
                   -0.000 -0.000
  27 C    6  0.000 -0.000 -0.000 -0.000  0.000 -0.000 -0.000 -0.000 -0.000
                   -0.000 -0.000 -0.000 -0.000 -0.000 -0.000  0.000  0.000
                   -0.000 -0.000
  28 C    6  0.000 -0.000 -0.000 -0.000  0.000 -0.000 -0.000 -0.000 -0.000
                   -0.000 -0.000 -0.000 -0.000 -0.000 -0.000  0.000  0.000
                   -0.000 -0.000

  ATOM    Z CHARGE  SHELL POPULATION

   1 C    6 -0.000  0.000 -0.000  0.000 -0.000 -0.000  0.000  0.000 -0.000
   2 C    6 -0.000  0.000 -0.000  0.000 -0.000 -0.000  0.000  0.000 -0.000
   3 C    6 -0.000  0.000 -0.000  0.000 -0.000 -0.000  0.000  0.000 -0.000
   4 C    6 -0.000  0.000 -0.000  0.000 -0.000 -0.000  0.000  0.000 -0.000
   5 C    6 -0.000  0.000 -0.000  0.000 -0.000 -0.000  0.000  0.000 -0.000
   6 C    6 -0.000  0.000 -0.000  0.000 -0.000 -0.000  0.000  0.000 -0.000
   7 C    6 -0.000  0.000 -0.000  0.000 -0.000 -0.000  0.000  0.000 -0.000
   8 C    6 -0.000  0.000 -0.000  0.000 -0.000 -0.000  0.000  0.000 -0.000
   9 C    6 -0.000  0.000 -0.000  0.000 -0.000 -0.000  0.000  0.000 -0.000
  10 C    6 -0.000  0.000 -0.000  0.000 -0.000 -0.000  0.000  0.000 -0.000
  11 C    6 -0.000  0.000 -0.000  0.000 -0.000 -0.000  0.000  0.000 -0.000
  12 C    6 -0.000  0.000 -0.000  0.000 -0.000 -0.000  0.000  0.000 -0.000
  13 C    6  0.000 -0.000  0.000  0.000  0.000  0.000  0.000 -0.000  0.000
  14 C    6  0.000 -0.000  0.000  0.000  0.000  0.000  0.000 -0.000  0.000
  15 C    6  0.000 -0.000  0.000  0.000  0.000  0.000  0.000 -0.000  0.000
  16 C    6  0.000 -0.000  0.000  0.000  0.000  0.000  0.000 -0.000  0.000
  17 C    6  0.000 -0.000  0.000  0.000  0.000  0.000  0.000 -0.000  0.000
  18 C    6  0.000 -0.000  0.000  0.000  0.000  0.000  0.000 -0.000  0.000
  19 C    6  0.000 -0.000  0.000  0.000  0.000  0.000  0.000 -0.000  0.000
  20 C    6  0.000 -0.000  0.000  0.000  0.000  0.000  0.000 -0.000  0.000
  21 C    6  0.000 -0.000  0.000  0.000  0.000  0.000  0.000 -0.000  0.000
  22 C    6  0.000 -0.000  0.000  0.000  0.000  0.000  0.000 -0.000  0.000
  23 C    6  0.000 -0.000  0.000  0.000  0.000  0.000  0.000 -0.000  0.000
  24 C    6  0.000 -0.000  0.000  0.000  0.000  0.000  0.000 -0.000  0.000
  25 C    6  0.000 -0.000 -0.000 -0.000  0.000 -0.000 -0.000 -0.000 -0.000
  26 C    6  0.000 -0.000 -0.000 -0.000  0.000 -0.000 -0.000 -0.000 -0.000
  27 C    6  0.000 -0.000 -0.000 -0.000  0.000 -0.000 -0.000 -0.000 -0.000
  28 C    6  0.000 -0.000 -0.000 -0.000  0.000 -0.000 -0.000 -0.000 -0.000

 OVERLAP POPULATION CONDENSED TO ATOMS FOR FIRST   6 NEIGHBORS

 ATOM A   1 C    ATOM B     CELL      R(AB)/AU R(AB)/ANG    OVPOP(AB)
                  7 C    ( -1  0  1)     2.835     1.500     0.000
                 22 C    (  0  0  1)     2.885     1.527    -0.000
                 25 C    (  0  0  0)     2.901     1.535     0.000
                  8 C    (  0  0  0)     2.954     1.563     0.000
                 28 C    (  0  0  0)     4.117     2.179    -0.000
                 13 C    (  0  0  0)     4.677     2.475    -0.000

 ATOM A  13 C    ATOM B     CELL      R(AB)/AU R(AB)/ANG    OVPOP(AB)
                  9 C    (  0  0  1)     2.885     1.527    -0.000
                 21 C    (  0  0  1)     2.921     1.546     0.000
                 20 C    (  0  0  0)     2.991     1.583    -0.000
                  1 C    (  0  0  0)     4.677     2.475    -0.000
                  4 C    (  0  0  0)     4.714     2.495     0.000
                 15 C    (  0  0  0)     4.735     2.505     0.000

 ATOM A  25 C    ATOM B     CELL      R(AB)/AU R(AB)/ANG    OVPOP(AB)
                 28 C    (  0  0  0)     2.889     1.529    -0.000
                  1 C    (  0  0  0)     2.901     1.535     0.000
                  8 C    (  0  0  0)     4.117     2.179    -0.000
                  7 C    ( -1  0  1)     4.767     2.523    -0.000
                 19 C    ( -1  0  1)     4.922     2.605     0.000
                 28 C    (  0  0  1)     5.150     2.725     0.000
 EIGENVECTORS IN FORTRAN UNIT  8
 TTTTTTTTTTTTTTTTTTTTTTTTTTTTTT END         TELAPSE      908.13 TCPU      904.65
 EEEEEEEEEE TERMINATION  DATE 30 01 2026 TIME 20:18:37.9
NODE    0 CPU TIME =       904.650
NODE    1 CPU TIME =       905.935
NODE    2 CPU TIME =       906.014
NODE    3 CPU TIME =       905.594
NODE    4 CPU TIME =       906.443
NODE    5 CPU TIME =       905.997
NODE    6 CPU TIME =       905.708
NODE    7 CPU TIME =       905.946
NODE    8 CPU TIME =       905.740
NODE    9 CPU TIME =       905.489
NODE   10 CPU TIME =       905.268
NODE   11 CPU TIME =       905.666
NODE   12 CPU TIME =       905.269
NODE   13 CPU TIME =       904.838
NODE   14 CPU TIME =       905.009
NODE   15 CPU TIME =       905.226
NODE   16 CPU TIME =       906.439
NODE   17 CPU TIME =       906.696
NODE   18 CPU TIME =       905.678
NODE   19 CPU TIME =       905.631
NODE   20 CPU TIME =       905.941
NODE   21 CPU TIME =       905.793
NODE   22 CPU TIME =       905.603
NODE   23 CPU TIME =       905.594
NODE   24 CPU TIME =       905.520
NODE   25 CPU TIME =       906.468
NODE   26 CPU TIME =       906.281
NODE   27 CPU TIME =       906.490
NODE   28 CPU TIME =       905.763
NODE   29 CPU TIME =       905.773
NODE   30 CPU TIME =       905.792
NODE   31 CPU TIME =       905.425
    TOTAL CPU TIME =     28983.677
