MPI startup(): Warning: I_MPI_PMI_LIBRARY will be ignored since the hydra process manager was found
MPI startup(): Warning: I_MPI_PMI_LIBRARY will be ignored since the hydra process manager was found
MPI startup(): Warning: I_MPI_PMI_LIBRARY will be ignored since the hydra process manager was found
MPI startup(): Warning: I_MPI_PMI_LIBRARY will be ignored since the hydra process manager was found
MPI startup(): Warning: I_MPI_PMI_LIBRARY will be ignored since the hydra process manager was found
MPI startup(): Warning: I_MPI_PMI_LIBRARY will be ignored since the hydra process manager was found
MPI startup(): Warning: I_MPI_PMI_LIBRARY will be ignored since the hydra process manager was found
MPI startup(): Warning: I_MPI_PMI_LIBRARY will be ignored since the hydra process manager was found
MPI startup(): Warning: I_MPI_PMI_LIBRARY will be ignored since the hydra process manager was found
MPI startup(): Warning: I_MPI_PMI_LIBRARY will be ignored since the hydra process manager was found
MPI startup(): Warning: I_MPI_PMI_LIBRARY will be ignored since the hydra process manager was found
MPI startup(): Warning: I_MPI_PMI_LIBRARY will be ignored since the hydra process manager was found
MPI startup(): Warning: I_MPI_PMI_LIBRARY will be ignored since the hydra process manager was found
MPI startup(): Warning: I_MPI_PMI_LIBRARY will be ignored since the hydra process manager was found
MPI startup(): Warning: I_MPI_PMI_LIBRARY will be ignored since the hydra process manager was found
MPI startup(): Warning: I_MPI_PMI_LIBRARY will be ignored since the hydra process manager was found
MPI startup(): Warning: I_MPI_PMI_LIBRARY will be ignored since the hydra process manager was found
MPI startup(): Warning: I_MPI_PMI_LIBRARY will be ignored since the hydra process manager was found
MPI startup(): Warning: I_MPI_PMI_LIBRARY will be ignored since the hydra process manager was found
MPI startup(): Warning: I_MPI_PMI_LIBRARY will be ignored since the hydra process manager was found
MPI startup(): Warning: I_MPI_PMI_LIBRARY will be ignored since the hydra process manager was found
MPI startup(): Warning: I_MPI_PMI_LIBRARY will be ignored since the hydra process manager was found
MPI startup(): Warning: I_MPI_PMI_LIBRARY will be ignored since the hydra process manager was found
MPI startup(): Warning: I_MPI_PMI_LIBRARY will be ignored since the hydra process manager was found
MPI startup(): Warning: I_MPI_PMI_LIBRARY will be ignored since the hydra process manager was found
MPI startup(): Warning: I_MPI_PMI_LIBRARY will be ignored since the hydra process manager was found
MPI startup(): Warning: I_MPI_PMI_LIBRARY will be ignored since the hydra process manager was found
MPI startup(): Warning: I_MPI_PMI_LIBRARY will be ignored since the hydra process manager was found
MPI startup(): Warning: I_MPI_PMI_LIBRARY will be ignored since the hydra process manager was found
MPI startup(): Warning: I_MPI_PMI_LIBRARY will be ignored since the hydra process manager was found
MPI startup(): Warning: I_MPI_PMI_LIBRARY will be ignored since the hydra process manager was found
MPI startup(): Warning: I_MPI_PMI_LIBRARY will be ignored since the hydra process manager was found
 PROCESS           20  OF           32  WORKING
 PROCESS           24  OF           32  WORKING
 PROCESS           14  OF           32  WORKING
 PROCESS           17  OF           32  WORKING
 PROCESS            3  OF           32  WORKING
 PROCESS           12  OF           32  WORKING
 PROCESS            7  OF           32  WORKING
 PROCESS           25  OF           32  WORKING
 PROCESS           26  OF           32  WORKING
 PROCESS            8  OF           32  WORKING
 PROCESS           15  OF           32  WORKING
 PROCESS           10  OF           32  WORKING
 PROCESS           21  OF           32  WORKING
 PROCESS            6  OF           32  WORKING
 PROCESS           30  OF           32  WORKING
 PROCESS            1  OF           32  WORKING
 PROCESS           16  OF           32  WORKING
 PROCESS           19  OF           32  WORKING
 PROCESS            5  OF           32  WORKING
 PROCESS           11  OF           32  WORKING
 PROCESS            4  OF           32  WORKING
 PROCESS           13  OF           32  WORKING
 PROCESS           23  OF           32  WORKING
 PROCESS           31  OF           32  WORKING
 PROCESS           22  OF           32  WORKING
 PROCESS           27  OF           32  WORKING
 PROCESS           28  OF           32  WORKING
 PROCESS            2  OF           32  WORKING
 PROCESS           18  OF           32  WORKING
 PROCESS            0  OF           32  WORKING
 PROCESS           29  OF           32  WORKING

         
 *******************************************************************************
 *                                                                             *
 *                               CRYSTAL23                                     *
 *                      public : 1.0.1 - October 2022                          *
 *                       HTTP://WWW.CRYSTAL.UNITO.IT                           *
 *                                                                             *
 *                              MAIN AUTHORS                                   *
 *                                                                             *
 *  R. DOVESI(1,11), V.R. SAUNDERS(2), C. ROETTI(1,11), R. ORLANDO(1,11),      *
 *  C.M. ZICOVICH-WILSON(1,3), F. PASCALE(4), B. CIVALLERI(1,11),              *
 *  K. DOLL(5), N.M. HARRISON(6), I.J. BUSH(7), Ph. D'ARCO(8),                 *
 *  M. LLUNELL(9), M. CAUSA'(10), Y. NOEL(8), L. MASCHIO(1,11), A. ERBA(1,11)  *
 *  M. RE'RAT(14), S. CASASSA(1,11), B.G. SEARLE(2), J.K. DESMARAIS(1)         *
 *                                                                             *
 *        CONTRIBUTIONS TO THE CODE HAVE ALSO BEEN GIVEN BY                    *
 *                                                                             *
 *  M. FERRABONE(1,11), M. DE LA PIERRE(1,11), M. FERRERO(1,11),               *
 *  J. BAIMA(1,11), E. ALBANESE(1,11), M.F. PEINTINGER(12), R. BAST(13),       *
 *  B. KIRTMAN(15), V. LACIVITA(1,11), R. DEMICHELIS(1,16)                     *
 *  G. BRANDEBURG(17), S. SALUSTRO(1,11), G. SANSONE(1,11)                     *
 *  M.T. RUGGIERO(18), L.E. DAGA(1), L. DONA'(1), A. COSSARD(1)                *
 *                                                                             *
 * (1) THEORETICAL CHEMISTRY GROUP - UNIVERSITA' DI TORINO - TORINO (ITALY)    *
 * (2) SCIENTIFIC COMPUTING DEPARTMENT - STFC DARESBURY (UK)                   *
 * (3) UNIVERSIDAD AUTONOMA DEL ESTADO DE MORELOS - CUERNAVACA (MEXICO)        *
 * (4) UNIVERSITE' DE LORRAINE - NANCY (FRANCE)                                *
 * (5) UNIVERSITAET STUTTGART- STUTTGART (GERMANY)                             *
 * (6) IMPERIAL COLLEGE - LONDON (UK)                                          *
 * (7) SCIENTIFIC COMPUTING DEPARTMENT - STFC RAL (UK)                         *
 * (8) UPMC - SORBONNE UNIVERSITES - PARIS (FRANCE)                            *
 * (9) UNIVERSIDAD DE BARCELONA - BARCELONA (SPAIN)                            *
 *(10) UNIVERSITA' DI NAPOLI "FEDERICO II" - NAPOLI (ITALY)                    *
 *(11) NIS - NANOSTRUCTURED INTERFACES AND SURFACES - TORINO (ITALY)           *
 *(12) MPI FUER CHEMISCHE ENERGIEKONVERSION - MUELHEIM AN DER RUHR (GERMANY)   *
 *(13) UNIVERSITY OF TROMSO - TROMSO (NORWAY)                                  *
 *(14) UNIVERSITE' DE PAU ET DES PAYS DE L'ADOUR - PAU (FRANCE)                *
 *(15) UNIVERSITY OF CALIFORNIA SANTA BARBARA - SANTA BARBARA (USA)            *
 *(16) CURTIN UNIVERSITY - PERTH (AUSTRALIA)                                   *
 *(17) UNIVERSITY COLLEGE LONDON - LONDON (UK)                                 *
 *(18) UNIVERSITY OF VERMONT - BURLINGTON (USA)                                *
 *                                                                             *
 *******************************************************************************
 EEEEEEEEEE STARTING  DATE 24 01 2026 TIME 23:12:09.0
 ./4^3T53-CA_SCF_opt_rev1_sp_B3LYP-D3-D3_optimized                               
 PROCESS            9  OF           32  WORKING

 CRYSTAL CALCULATION
 (INPUT ACCORDING TO THE INTERNATIONAL TABLES FOR X-RAY CRYSTALLOGRAPHY)
 CRYSTAL FAMILY                       :  MONOCLINIC  
 CRYSTAL CLASS  (GROTH - 1921)        :  MONOCLINIC PRISMATIC                 

 SPACE GROUP (CENTROSYMMETRIC)        :  C 2/M           

 LATTICE PARAMETERS  (ANGSTROMS AND DEGREES) - CONVENTIONAL CELL
        A           B           C        ALPHA        BETA       GAMMA
     2.50044    14.31446     4.07259    90.00000    97.98453    90.00000


 NUMBER OF IRREDUCIBLE ATOMS IN THE CONVENTIONAL CELL:    3

 INPUT COORDINATES

 ATOM AT. N.              COORDINATES
   1   6     2.372960950216E-01  5.518278472765E-02  3.872734408461E-01
   2   6     4.128317796839E-01  2.192025349728E-01  3.064934809871E-01
   3   6     2.728564829565E-01  1.272345406215E-01  1.116382069496E-01

 *******************************************************************************

 << INFORMATION >>: FROM NOW ON, ALL COORDINATES REFER TO THE PRIMITIVE CELL

 *******************************************************************************

 LATTICE PARAMETERS  (ANGSTROMS AND DEGREES) - PRIMITIVE CELL
       A          B          C        ALPHA      BETA     GAMMA        VOLUME
    7.26560    7.26560    4.07259    88.63038  91.36962  19.81686     72.177435

 COORDINATES OF THE EQUIVALENT ATOMS (FRACTIONAL UNITS)

 N. ATOM EQUIV AT. N.          X                  Y                  Z

   1   1   1    6 C     2.92478879749E-01 -1.82113310294E-01  3.87273440846E-01
   2   1   2    6 C    -1.82113310294E-01  2.92478879749E-01 -3.87273440846E-01
   3   1   3    6 C    -2.92478879749E-01  1.82113310294E-01 -3.87273440846E-01
   4   1   4    6 C     1.82113310294E-01 -2.92478879749E-01  3.87273440846E-01

   5   2   1    6 C    -3.67965685343E-01 -1.93629244711E-01  3.06493480987E-01
   6   2   2    6 C    -1.93629244711E-01 -3.67965685343E-01 -3.06493480987E-01
   7   2   3    6 C     3.67965685343E-01  1.93629244711E-01 -3.06493480987E-01
   8   2   4    6 C     1.93629244711E-01  3.67965685343E-01  3.06493480987E-01

   9   3   1    6 C     4.00091023578E-01 -1.45621942335E-01  1.11638206950E-01
  10   3   2    6 C    -1.45621942335E-01  4.00091023578E-01 -1.11638206950E-01
  11   3   3    6 C    -4.00091023578E-01  1.45621942335E-01 -1.11638206950E-01
  12   3   4    6 C     1.45621942335E-01 -4.00091023578E-01  1.11638206950E-01

 NUMBER OF SYMMETRY OPERATORS         :    4
 *******************************************************************************
 * GEOMETRY EDITING - INPUT COORDINATES ARE GIVEN IN ANGSTROM         
 *******************************************************************************

 GEOMETRY NOW FULLY CONSISTENT WITH THE GROUP

 GCALCO - MAX INDICES DIRECT LATTICE VECTOR    17    17    10
 NO.OF VECTORS CREATED 6999 STARS 1925 RMAX    96.60082 BOHR

 GEOMETRY FOR WAVE FUNCTION - DIMENSIONALITY OF THE SYSTEM    3
 (NON PERIODIC DIRECTION: LATTICE PARAMETER FORMALLY SET TO 500)
 *******************************************************************************
 LATTICE PARAMETERS (ANGSTROMS AND DEGREES) - BOHR = 0.5291772083 ANGSTROM
 PRIMITIVE CELL - CENTRING CODE 4/0 VOLUME=    72.177435 - DENSITY  3.313 g/cm^3
         A              B              C           ALPHA      BETA       GAMMA 
     7.26560215     7.26560215     4.07258763    88.630382  91.369618  19.816856
 *******************************************************************************
 ATOMS IN THE ASYMMETRIC UNIT    3 - ATOMS IN THE UNIT CELL:   12
     ATOM                 X/A                 Y/B                 Z/C    
 *******************************************************************************
      1 T   6 C     2.924788797493E-01 -1.821133102939E-01  3.872734408461E-01
      2 F   6 C    -1.821133102940E-01  2.924788797492E-01 -3.872734408461E-01
      3 F   6 C    -2.924788797492E-01  1.821133102939E-01 -3.872734408461E-01
      4 F   6 C     1.821133102940E-01 -2.924788797492E-01  3.872734408461E-01
      5 T   6 C    -3.679656853433E-01 -1.936292447111E-01  3.064934809871E-01
      6 F   6 C    -1.936292447111E-01 -3.679656853433E-01 -3.064934809871E-01
      7 F   6 C     3.679656853433E-01  1.936292447111E-01 -3.064934809871E-01
      8 F   6 C     1.936292447111E-01  3.679656853433E-01  3.064934809871E-01
      9 T   6 C     4.000910235780E-01 -1.456219423350E-01  1.116382069496E-01
     10 F   6 C    -1.456219423350E-01  4.000910235780E-01 -1.116382069496E-01
     11 F   6 C    -4.000910235780E-01  1.456219423350E-01 -1.116382069496E-01
     12 F   6 C     1.456219423350E-01 -4.000910235780E-01  1.116382069496E-01

 TRANSFORMATION MATRIX PRIMITIVE-CRYSTALLOGRAPHIC CELL
  1.0000  1.0000  0.0000 -1.0000  1.0000  0.0000  0.0000  0.0000  1.0000

 *******************************************************************************
 CRYSTALLOGRAPHIC CELL (VOLUME=        144.35487043)
         A              B              C           ALPHA      BETA       GAMMA 
     2.50044255    14.31445721     4.07258763    90.000000  97.984531  90.000000

 COORDINATES IN THE CRYSTALLOGRAPHIC CELL
     ATOM                 X/A                 Y/B                 Z/C    
 *******************************************************************************
      1 T   6 C     2.372960950216E-01  5.518278472765E-02  3.872734408461E-01
      2 F   6 C    -2.372960950216E-01  5.518278472765E-02 -3.872734408461E-01
      3 F   6 C    -2.372960950216E-01 -5.518278472765E-02 -3.872734408461E-01
      4 F   6 C     2.372960950216E-01 -5.518278472765E-02  3.872734408461E-01
      5 T   6 C     4.128317796839E-01  2.192025349728E-01  3.064934809871E-01
      6 F   6 C    -4.128317796839E-01  2.192025349728E-01 -3.064934809871E-01
      7 F   6 C    -4.128317796839E-01 -2.192025349728E-01 -3.064934809871E-01
      8 F   6 C     4.128317796839E-01 -2.192025349728E-01  3.064934809871E-01
      9 T   6 C     2.728564829565E-01  1.272345406215E-01  1.116382069496E-01
     10 F   6 C    -2.728564829565E-01  1.272345406215E-01 -1.116382069496E-01
     11 F   6 C    -2.728564829565E-01 -1.272345406215E-01 -1.116382069496E-01
     12 F   6 C     2.728564829565E-01 -1.272345406215E-01  1.116382069496E-01

 T = ATOM BELONGING TO THE ASYMMETRIC UNIT

 ****    4 SYMMOPS - TRANSLATORS IN FRACTIONAL UNITS
 **** MATRICES AND TRANSLATORS IN THE CRYSTALLOGRAPHIC REFERENCE FRAME
   V INV                    ROTATION MATRICES                   TRANSLATORS
   1   1  1.00  0.00  0.00  0.00  1.00  0.00  0.00  0.00  1.00  0.00  0.00  0.00
   2   2  0.00  1.00 -0.00  1.00  0.00  0.00  0.00  0.00 -1.00  0.00  0.00  0.00
   3   3 -1.00 -0.00 -0.00 -0.00 -1.00  0.00  0.00  0.00 -1.00  0.00  0.00  0.00
   4   4 -0.00 -1.00  0.00 -1.00 -0.00 -0.00  0.00  0.00  1.00  0.00  0.00  0.00

 DIRECT LATTICE VECTORS CARTESIAN COMPONENTS (ANGSTROM)
          X                    Y                    Z
   0.125022127500E+01   0.715722860500E+01   0.000000000000E+00
  -0.125022127500E+01   0.715722860500E+01   0.000000000000E+00
  -0.565705791880E+00   0.249374070266E-15   0.403310636620E+01


 CARTESIAN COORDINATES - PRIMITIVE CELL
 *******************************************************************************
 *      ATOM          X(ANGSTROM)         Y(ANGSTROM)         Z(ANGSTROM)
 *******************************************************************************
    1     6 C     3.742624244129E-01  7.899116107126E-01  1.561914979736E+00
    2     6 C    -3.742624244129E-01  7.899116107126E-01 -1.561914979736E+00
    3     6 C    -3.742624244129E-01 -7.899116107126E-01 -1.561914979736E+00
    4     6 C     3.742624244129E-01 -7.899116107126E-01  1.561914979736E+00
    5     6 C     8.588770105460E-01  3.137765307192E+00  1.236120809367E+00
    6     6 C    -8.588770105460E-01  3.137765307192E+00 -1.236120809367E+00
    7     6 C    -8.588770105460E-01 -3.137765307192E+00 -1.236120809367E+00
    8     6 C     8.588770105460E-01 -3.137765307192E+00  1.236120809367E+00
    9     6 C     6.191075797613E-01  1.821293387360E+00  4.502487631593E-01
   10     6 C    -6.191075797613E-01  1.821293387360E+00 -4.502487631593E-01
   11     6 C    -6.191075797613E-01 -1.821293387360E+00 -4.502487631593E-01
   12     6 C     6.191075797613E-01 -1.821293387360E+00  4.502487631593E-01

 *******************************************************************************
 LOCAL ATOMIC FUNCTIONS BASIS SET
 *******************************************************************************
   ATOM   X(AU)   Y(AU)   Z(AU)  N. TYPE  EXPONENT  S COEF   P COEF   D/F/G COEF
 *******************************************************************************
   1 C    0.707   1.493   2.952
                                  1 S  
                                         1.358E+04 2.225E-04 0.000E+00 0.000E+00
                                         2.035E+03 1.723E-03 0.000E+00 0.000E+00
                                         4.632E+02 8.926E-03 0.000E+00 0.000E+00
                                         1.312E+02 3.573E-02 0.000E+00 0.000E+00
                                         4.285E+01 1.108E-01 0.000E+00 0.000E+00
                                         1.558E+01 2.430E-01 0.000E+00 0.000E+00
                                  2 S  
                                         6.207E+00 4.144E-01 0.000E+00 0.000E+00
                                         2.576E+00 2.374E-01 0.000E+00 0.000E+00
                                  3 S  
                                         4.941E-01 1.000E+00 0.000E+00 0.000E+00
                                  4 S  
                                         1.644E-01 1.000E+00 0.000E+00 0.000E+00
                           5-     7 P  
                                         3.470E+01 0.000E+00 5.333E-03 0.000E+00
                                         7.958E+00 0.000E+00 3.586E-02 0.000E+00
                                         2.378E+00 0.000E+00 1.422E-01 0.000E+00
                                         8.143E-01 0.000E+00 3.427E-01 0.000E+00
                           8-    10 P  
                                         5.662E-01 0.000E+00 1.000E+00 0.000E+00
                          11-    13 P  
                                         2.674E-01 0.000E+00 1.000E+00 0.000E+00
                          14-    18 D  
                                         8.792E-01 0.000E+00 0.000E+00 1.000E+00
   2 C   -0.707   1.493  -2.952
   3 C   -0.707  -1.493  -2.952
   4 C    0.707  -1.493   2.952
   5 C    1.623   5.930   2.336
   6 C   -1.623   5.930  -2.336
   7 C   -1.623  -5.930  -2.336
   8 C    1.623  -5.930   2.336
   9 C    1.170   3.442   0.851
  10 C   -1.170   3.442  -0.851
  11 C   -1.170  -3.442  -0.851
  12 C    1.170  -3.442   0.851
 INFORMATION **** SET_MPP **** PCRYSTAL CALCULATION
 INFORMATION **** READM2 **** NEW DEFAULT: FOCK/KS MATRIX MIXING SET TO 30 %
 INFORMATION **** READM2 **** NEW DEFAULT: FULL DIRECT SCF MODE
 INFORMATION **** READM2 **** NEW DEFAULT: COULOMB BIPOLAR BUFFER SET TO 32 Mb
 INFORMATION **** READM2 **** NEW DEFAULT: EXCHANGE BIPOLAR BUFFER SET TO 32 Mb

 *******************************************************************************
 NEW DEFAULT: DFT INTEGRATION GRID INCREASED TO XLGRID
 NEW DEFAULT: DIIS ACCELERATOR ACTIVE
 USE KEYWORD NODIIS TO TURN IT OFF
 *******************************************************************************

 INFORMATION **** DFTD3_INPUT **** PERFORM LATEST DISPERSION CORRECTION DFT-D3(BJ) WITH AUTOMATIC PARAMETER SETUP
 PLEASE CITE:
 (1) DFT-D3 Reference
  S. Grimme, J. Antony, S. Ehrlich, and H. Krieg, J. Chem. Phys. 132 (2010), 154104
 (2) BJ-Damping Reference
  S. Grimme, S. Ehrlich, and L. Goerigk, J. Comput. Chem. 32 (2011), 1456-1465
 (3) General DFT-D Review
  S. Grimme, A. Hansen, J. G. Brandenburg, and C. Bannwarth,
  Chem. Rev. 116 (2016), 5105-5154

 INFORMATION **** TOLINTEG **** COULOMB AND EXCHANGE SERIES TOLERANCES MODIFIED
 INFORMATION **** TOLDEE **** SCF TOL ON TOTAL ENERGY SET TO           9
 INFORMATION **** READM2 **** FULL DIRECT SCF (MONO AND BIEL INT) SELECTED
 INFORMATION **** MAXCYCLE **** MAX NUMBER OF SCF CYCLES SET TO         800
 INFORMATION **** DIIS **** DIIS FOR SCF ACTIVE
 INFORMATION **** DIIS **** LEVEL SHIFTER DISABLED
 INFORMATION **** PPAN ****  MULLIKEN POPULATION ANALYSIS AT THE END OF SCF
 *******************************************************************************
 N. OF ATOMS PER CELL        12  COULOMB OVERLAP TOL         (T1) 10**   -8
 NUMBER OF SHELLS            96  COULOMB PENETRATION TOL     (T2) 10**   -8
 NUMBER OF AO               216  EXCHANGE OVERLAP TOL        (T3) 10**   -8
 N. OF ELECTRONS PER CELL    72  EXCHANGE PSEUDO OVP (F(G))  (T4) 10**   -9
 CORE ELECTRONS PER CELL     24  EXCHANGE PSEUDO OVP (P(G))  (T5) 10**  -24
 N. OF SYMMETRY OPERATORS     4  POLE ORDER IN MONO ZONE                  4
 *******************************************************************************
 TYPE OF CALCULATION :  UNRESTRICTED OPEN SHELL
 KOHN-SHAM HAMILTONIAN

 (EXCHANGE)[CORRELATION] FUNCTIONAL:(BECKE 88)[LEE-YANG-PARR]

 NON-LOCAL WEIGHTING FACTOR (EXCHANGE) =           0.9000
 NON-LOCAL WEIGHTING FACTOR [CORRELATION] =        0.8100

 HYBRID EXCHANGE - PERCENTAGE OF FOCK EXCHANGE    20.0000

 SPIN POLARIZED DFT SELECTED

 CAPPA:IS1 16;IS2 16;IS3 16; K PTS MONK NET1098; SYMMOPS:K SPACE   4;G SPACE   4

 *******************************************************************************
 MAX NUMBER OF SCF CYCLES     800  CONVERGENCE ON DELTAP        10**-19
 WEIGHT OF F(I) IN F(I+1)      30% CONVERGENCE ON ENERGY        10**- 9
 SHRINK. FACT.(MONKH.)   16 16 16  NUMBER OF K POINTS IN THE IBZ   1098
 SHRINKING FACTOR(GILAT NET)   32  NUMBER OF K POINTS(GILAT NET)   8466
 *******************************************************************************
 *** K POINTS COORDINATES (OBLIQUE COORDINATES IN UNITS OF IS = 16)
   1-R(  0  0  0)   2-C(  1  0  0)   3-C(  2  0  0)   4-C(  3  0  0)
   5-C(  4  0  0)   6-C(  5  0  0)   7-C(  6  0  0)   8-C(  7  0  0)
   9-R(  8  0  0)  10-C(  1  1  0)  11-C(  2  1  0)  12-C(  3  1  0)
  13-C(  4  1  0)  14-C(  5  1  0)  15-C(  6  1  0)  16-C(  7  1  0)
  17-C(  8  1  0)  18-C(  9  1  0)  19-C( 10  1  0)  20-C( 11  1  0)
  21-C( 12  1  0)  22-C( 13  1  0)  23-C( 14  1  0)  24-C( 15  1  0)
  25-C(  2  2  0)  26-C(  3  2  0)  27-C(  4  2  0)  28-C(  5  2  0)
  29-C(  6  2  0)  30-C(  7  2  0)  31-C(  8  2  0)  32-C(  9  2  0)
  33-C( 10  2  0)  34-C( 11  2  0)  35-C( 12  2  0)  36-C( 13  2  0)
  37-C( 14  2  0)  38-C(  3  3  0)  39-C(  4  3  0)  40-C(  5  3  0)
  41-C(  6  3  0)  42-C(  7  3  0)  43-C(  8  3  0)  44-C(  9  3  0)
  45-C( 10  3  0)  46-C( 11  3  0)  47-C( 12  3  0)  48-C( 13  3  0)
  49-C(  4  4  0)  50-C(  5  4  0)  51-C(  6  4  0)  52-C(  7  4  0)
  53-C(  8  4  0)  54-C(  9  4  0)  55-C( 10  4  0)  56-C( 11  4  0)
  57-C( 12  4  0)  58-C(  5  5  0)  59-C(  6  5  0)  60-C(  7  5  0)
  61-C(  8  5  0)  62-C(  9  5  0)  63-C( 10  5  0)  64-C( 11  5  0)
  65-C(  6  6  0)  66-C(  7  6  0)  67-C(  8  6  0)  68-C(  9  6  0)
  69-C( 10  6  0)  70-C(  7  7  0)  71-C(  8  7  0)  72-C(  9  7  0)
  73-R(  8  8  0)  74-C(  0  0  1)  75-C(  1  0  1)  76-C(  2  0  1)
  77-C(  3  0  1)  78-C(  4  0  1)  79-C(  5  0  1)  80-C(  6  0  1)
  81-C(  7  0  1)  82-C(  8  0  1)  83-C(  9  0  1)  84-C( 10  0  1)
  85-C( 11  0  1)  86-C( 12  0  1)  87-C( 13  0  1)  88-C( 14  0  1)
  89-C( 15  0  1)  90-C(  1  1  1)  91-C(  2  1  1)  92-C(  3  1  1)
  93-C(  4  1  1)  94-C(  5  1  1)  95-C(  6  1  1)  96-C(  7  1  1)
  97-C(  8  1  1)  98-C(  9  1  1)  99-C( 10  1  1) 100-C( 11  1  1)
 101-C( 12  1  1) 102-C( 13  1  1) 103-C( 14  1  1) 104-C( 15  1  1)
 105-C(  1  2  1) 106-C(  2  2  1) 107-C(  3  2  1) 108-C(  4  2  1)
 109-C(  5  2  1) 110-C(  6  2  1) 111-C(  7  2  1) 112-C(  8  2  1)
 113-C(  9  2  1) 114-C( 10  2  1) 115-C( 11  2  1) 116-C( 12  2  1)
 117-C( 13  2  1) 118-C( 14  2  1) 119-C(  1  3  1) 120-C(  2  3  1)
 121-C(  3  3  1) 122-C(  4  3  1) 123-C(  5  3  1) 124-C(  6  3  1)
 125-C(  7  3  1) 126-C(  8  3  1) 127-C(  9  3  1) 128-C( 10  3  1)
 129-C( 11  3  1) 130-C( 12  3  1) 131-C( 13  3  1) 132-C(  1  4  1)
 133-C(  2  4  1) 134-C(  3  4  1) 135-C(  4  4  1) 136-C(  5  4  1)
 137-C(  6  4  1) 138-C(  7  4  1) 139-C(  8  4  1) 140-C(  9  4  1)
 141-C( 10  4  1) 142-C( 11  4  1) 143-C( 12  4  1) 144-C(  1  5  1)
 145-C(  2  5  1) 146-C(  3  5  1) 147-C(  4  5  1) 148-C(  5  5  1)
 149-C(  6  5  1) 150-C(  7  5  1) 151-C(  8  5  1) 152-C(  9  5  1)
 153-C( 10  5  1) 154-C( 11  5  1) 155-C(  1  6  1) 156-C(  2  6  1)
 157-C(  3  6  1) 158-C(  4  6  1) 159-C(  5  6  1) 160-C(  6  6  1)
 161-C(  7  6  1) 162-C(  8  6  1) 163-C(  9  6  1) 164-C( 10  6  1)
 165-C(  1  7  1) 166-C(  2  7  1) 167-C(  3  7  1) 168-C(  4  7  1)
 169-C(  5  7  1) 170-C(  6  7  1) 171-C(  7  7  1) 172-C(  8  7  1)
 173-C(  9  7  1) 174-C(  1  8  1) 175-C(  2  8  1) 176-C(  3  8  1)
 177-C(  4  8  1) 178-C(  5  8  1) 179-C(  6  8  1) 180-C(  7  8  1)
 181-C(  8  8  1) 182-C(  1  9  1) 183-C(  2  9  1) 184-C(  3  9  1)
 185-C(  4  9  1) 186-C(  5  9  1) 187-C(  6  9  1) 188-C(  7  9  1)
 189-C(  1 10  1) 190-C(  2 10  1) 191-C(  3 10  1) 192-C(  4 10  1)
 193-C(  5 10  1) 194-C(  6 10  1) 195-C(  1 11  1) 196-C(  2 11  1)
 197-C(  3 11  1) 198-C(  4 11  1) 199-C(  5 11  1) 200-C(  1 12  1)
 201-C(  2 12  1) 202-C(  3 12  1) 203-C(  4 12  1) 204-C(  1 13  1)
 205-C(  2 13  1) 206-C(  3 13  1) 207-C(  1 14  1) 208-C(  2 14  1)
 209-C(  1 15  1) 210-C(  0  0  2) 211-C(  1  0  2) 212-C(  2  0  2)
 213-C(  3  0  2) 214-C(  4  0  2) 215-C(  5  0  2) 216-C(  6  0  2)
 217-C(  7  0  2) 218-C(  8  0  2) 219-C(  9  0  2) 220-C( 10  0  2)
 221-C( 11  0  2) 222-C( 12  0  2) 223-C( 13  0  2) 224-C( 14  0  2)
 225-C( 15  0  2) 226-C(  1  1  2) 227-C(  2  1  2) 228-C(  3  1  2)
 229-C(  4  1  2) 230-C(  5  1  2) 231-C(  6  1  2) 232-C(  7  1  2)
 233-C(  8  1  2) 234-C(  9  1  2) 235-C( 10  1  2) 236-C( 11  1  2)
 237-C( 12  1  2) 238-C( 13  1  2) 239-C( 14  1  2) 240-C( 15  1  2)
 241-C(  1  2  2) 242-C(  2  2  2) 243-C(  3  2  2) 244-C(  4  2  2)
 245-C(  5  2  2) 246-C(  6  2  2) 247-C(  7  2  2) 248-C(  8  2  2)
 249-C(  9  2  2) 250-C( 10  2  2) 251-C( 11  2  2) 252-C( 12  2  2)
 253-C( 13  2  2) 254-C( 14  2  2) 255-C(  1  3  2) 256-C(  2  3  2)
 257-C(  3  3  2) 258-C(  4  3  2) 259-C(  5  3  2) 260-C(  6  3  2)
 261-C(  7  3  2) 262-C(  8  3  2) 263-C(  9  3  2) 264-C( 10  3  2)
 265-C( 11  3  2) 266-C( 12  3  2) 267-C( 13  3  2) 268-C(  1  4  2)
 269-C(  2  4  2) 270-C(  3  4  2) 271-C(  4  4  2) 272-C(  5  4  2)
 273-C(  6  4  2) 274-C(  7  4  2) 275-C(  8  4  2) 276-C(  9  4  2)
 277-C( 10  4  2) 278-C( 11  4  2) 279-C( 12  4  2) 280-C(  1  5  2)
 281-C(  2  5  2) 282-C(  3  5  2) 283-C(  4  5  2) 284-C(  5  5  2)
 285-C(  6  5  2) 286-C(  7  5  2) 287-C(  8  5  2) 288-C(  9  5  2)
 289-C( 10  5  2) 290-C( 11  5  2) 291-C(  1  6  2) 292-C(  2  6  2)
 293-C(  3  6  2) 294-C(  4  6  2) 295-C(  5  6  2) 296-C(  6  6  2)
 297-C(  7  6  2) 298-C(  8  6  2) 299-C(  9  6  2) 300-C( 10  6  2)
 301-C(  1  7  2) 302-C(  2  7  2) 303-C(  3  7  2) 304-C(  4  7  2)
 305-C(  5  7  2) 306-C(  6  7  2) 307-C(  7  7  2) 308-C(  8  7  2)
 309-C(  9  7  2) 310-C(  1  8  2) 311-C(  2  8  2) 312-C(  3  8  2)
 313-C(  4  8  2) 314-C(  5  8  2) 315-C(  6  8  2) 316-C(  7  8  2)
 317-C(  8  8  2) 318-C(  1  9  2) 319-C(  2  9  2) 320-C(  3  9  2)
 321-C(  4  9  2) 322-C(  5  9  2) 323-C(  6  9  2) 324-C(  7  9  2)
 325-C(  1 10  2) 326-C(  2 10  2) 327-C(  3 10  2) 328-C(  4 10  2)
 329-C(  5 10  2) 330-C(  6 10  2) 331-C(  1 11  2) 332-C(  2 11  2)
 333-C(  3 11  2) 334-C(  4 11  2) 335-C(  5 11  2) 336-C(  1 12  2)
 337-C(  2 12  2) 338-C(  3 12  2) 339-C(  4 12  2) 340-C(  1 13  2)
 341-C(  2 13  2) 342-C(  3 13  2) 343-C(  1 14  2) 344-C(  2 14  2)
 345-C(  1 15  2) 346-C(  0  0  3) 347-C(  1  0  3) 348-C(  2  0  3)
 349-C(  3  0  3) 350-C(  4  0  3) 351-C(  5  0  3) 352-C(  6  0  3)
 353-C(  7  0  3) 354-C(  8  0  3) 355-C(  9  0  3) 356-C( 10  0  3)
 357-C( 11  0  3) 358-C( 12  0  3) 359-C( 13  0  3) 360-C( 14  0  3)
 361-C( 15  0  3) 362-C(  1  1  3) 363-C(  2  1  3) 364-C(  3  1  3)
 365-C(  4  1  3) 366-C(  5  1  3) 367-C(  6  1  3) 368-C(  7  1  3)
 369-C(  8  1  3) 370-C(  9  1  3) 371-C( 10  1  3) 372-C( 11  1  3)
 373-C( 12  1  3) 374-C( 13  1  3) 375-C( 14  1  3) 376-C( 15  1  3)
 377-C(  1  2  3) 378-C(  2  2  3) 379-C(  3  2  3) 380-C(  4  2  3)
 381-C(  5  2  3) 382-C(  6  2  3) 383-C(  7  2  3) 384-C(  8  2  3)
 385-C(  9  2  3) 386-C( 10  2  3) 387-C( 11  2  3) 388-C( 12  2  3)
 389-C( 13  2  3) 390-C( 14  2  3) 391-C(  1  3  3) 392-C(  2  3  3)
 393-C(  3  3  3) 394-C(  4  3  3) 395-C(  5  3  3) 396-C(  6  3  3)
 397-C(  7  3  3) 398-C(  8  3  3) 399-C(  9  3  3) 400-C( 10  3  3)
 401-C( 11  3  3) 402-C( 12  3  3) 403-C( 13  3  3) 404-C(  1  4  3)
 405-C(  2  4  3) 406-C(  3  4  3) 407-C(  4  4  3) 408-C(  5  4  3)
 409-C(  6  4  3) 410-C(  7  4  3) 411-C(  8  4  3) 412-C(  9  4  3)
 413-C( 10  4  3) 414-C( 11  4  3) 415-C( 12  4  3) 416-C(  1  5  3)
 417-C(  2  5  3) 418-C(  3  5  3) 419-C(  4  5  3) 420-C(  5  5  3)
 421-C(  6  5  3) 422-C(  7  5  3) 423-C(  8  5  3) 424-C(  9  5  3)
 425-C( 10  5  3) 426-C( 11  5  3) 427-C(  1  6  3) 428-C(  2  6  3)
 429-C(  3  6  3) 430-C(  4  6  3) 431-C(  5  6  3) 432-C(  6  6  3)
 433-C(  7  6  3) 434-C(  8  6  3) 435-C(  9  6  3) 436-C( 10  6  3)
 437-C(  1  7  3) 438-C(  2  7  3) 439-C(  3  7  3) 440-C(  4  7  3)
 441-C(  5  7  3) 442-C(  6  7  3) 443-C(  7  7  3) 444-C(  8  7  3)
 445-C(  9  7  3) 446-C(  1  8  3) 447-C(  2  8  3) 448-C(  3  8  3)
 449-C(  4  8  3) 450-C(  5  8  3) 451-C(  6  8  3) 452-C(  7  8  3)
 453-C(  8  8  3) 454-C(  1  9  3) 455-C(  2  9  3) 456-C(  3  9  3)
 457-C(  4  9  3) 458-C(  5  9  3) 459-C(  6  9  3) 460-C(  7  9  3)
 461-C(  1 10  3) 462-C(  2 10  3) 463-C(  3 10  3) 464-C(  4 10  3)
 465-C(  5 10  3) 466-C(  6 10  3) 467-C(  1 11  3) 468-C(  2 11  3)
 469-C(  3 11  3) 470-C(  4 11  3) 471-C(  5 11  3) 472-C(  1 12  3)
 473-C(  2 12  3) 474-C(  3 12  3) 475-C(  4 12  3) 476-C(  1 13  3)
 477-C(  2 13  3) 478-C(  3 13  3) 479-C(  1 14  3) 480-C(  2 14  3)
 481-C(  1 15  3) 482-C(  0  0  4) 483-C(  1  0  4) 484-C(  2  0  4)
 485-C(  3  0  4) 486-C(  4  0  4) 487-C(  5  0  4) 488-C(  6  0  4)
 489-C(  7  0  4) 490-C(  8  0  4) 491-C(  9  0  4) 492-C( 10  0  4)
 493-C( 11  0  4) 494-C( 12  0  4) 495-C( 13  0  4) 496-C( 14  0  4)
 497-C( 15  0  4) 498-C(  1  1  4) 499-C(  2  1  4) 500-C(  3  1  4)
 501-C(  4  1  4) 502-C(  5  1  4) 503-C(  6  1  4) 504-C(  7  1  4)
 505-C(  8  1  4) 506-C(  9  1  4) 507-C( 10  1  4) 508-C( 11  1  4)
 509-C( 12  1  4) 510-C( 13  1  4) 511-C( 14  1  4) 512-C( 15  1  4)
 513-C(  1  2  4) 514-C(  2  2  4) 515-C(  3  2  4) 516-C(  4  2  4)
 517-C(  5  2  4) 518-C(  6  2  4) 519-C(  7  2  4) 520-C(  8  2  4)
 521-C(  9  2  4) 522-C( 10  2  4) 523-C( 11  2  4) 524-C( 12  2  4)
 525-C( 13  2  4) 526-C( 14  2  4) 527-C(  1  3  4) 528-C(  2  3  4)
 529-C(  3  3  4) 530-C(  4  3  4) 531-C(  5  3  4) 532-C(  6  3  4)
 533-C(  7  3  4) 534-C(  8  3  4) 535-C(  9  3  4) 536-C( 10  3  4)
 537-C( 11  3  4) 538-C( 12  3  4) 539-C( 13  3  4) 540-C(  1  4  4)
 541-C(  2  4  4) 542-C(  3  4  4) 543-C(  4  4  4) 544-C(  5  4  4)
 545-C(  6  4  4) 546-C(  7  4  4) 547-C(  8  4  4) 548-C(  9  4  4)
 549-C( 10  4  4) 550-C( 11  4  4) 551-C( 12  4  4) 552-C(  1  5  4)
 553-C(  2  5  4) 554-C(  3  5  4) 555-C(  4  5  4) 556-C(  5  5  4)
 557-C(  6  5  4) 558-C(  7  5  4) 559-C(  8  5  4) 560-C(  9  5  4)
 561-C( 10  5  4) 562-C( 11  5  4) 563-C(  1  6  4) 564-C(  2  6  4)
 565-C(  3  6  4) 566-C(  4  6  4) 567-C(  5  6  4) 568-C(  6  6  4)
 569-C(  7  6  4) 570-C(  8  6  4) 571-C(  9  6  4) 572-C( 10  6  4)
 573-C(  1  7  4) 574-C(  2  7  4) 575-C(  3  7  4) 576-C(  4  7  4)
 577-C(  5  7  4) 578-C(  6  7  4) 579-C(  7  7  4) 580-C(  8  7  4)
 581-C(  9  7  4) 582-C(  1  8  4) 583-C(  2  8  4) 584-C(  3  8  4)
 585-C(  4  8  4) 586-C(  5  8  4) 587-C(  6  8  4) 588-C(  7  8  4)
 589-C(  8  8  4) 590-C(  1  9  4) 591-C(  2  9  4) 592-C(  3  9  4)
 593-C(  4  9  4) 594-C(  5  9  4) 595-C(  6  9  4) 596-C(  7  9  4)
 597-C(  1 10  4) 598-C(  2 10  4) 599-C(  3 10  4) 600-C(  4 10  4)
 601-C(  5 10  4) 602-C(  6 10  4) 603-C(  1 11  4) 604-C(  2 11  4)
 605-C(  3 11  4) 606-C(  4 11  4) 607-C(  5 11  4) 608-C(  1 12  4)
 609-C(  2 12  4) 610-C(  3 12  4) 611-C(  4 12  4) 612-C(  1 13  4)
 613-C(  2 13  4) 614-C(  3 13  4) 615-C(  1 14  4) 616-C(  2 14  4)
 617-C(  1 15  4) 618-C(  0  0  5) 619-C(  1  0  5) 620-C(  2  0  5)
 621-C(  3  0  5) 622-C(  4  0  5) 623-C(  5  0  5) 624-C(  6  0  5)
 625-C(  7  0  5) 626-C(  8  0  5) 627-C(  9  0  5) 628-C( 10  0  5)
 629-C( 11  0  5) 630-C( 12  0  5) 631-C( 13  0  5) 632-C( 14  0  5)
 633-C( 15  0  5) 634-C(  1  1  5) 635-C(  2  1  5) 636-C(  3  1  5)
 637-C(  4  1  5) 638-C(  5  1  5) 639-C(  6  1  5) 640-C(  7  1  5)
 641-C(  8  1  5) 642-C(  9  1  5) 643-C( 10  1  5) 644-C( 11  1  5)
 645-C( 12  1  5) 646-C( 13  1  5) 647-C( 14  1  5) 648-C( 15  1  5)
 649-C(  1  2  5) 650-C(  2  2  5) 651-C(  3  2  5) 652-C(  4  2  5)
 653-C(  5  2  5) 654-C(  6  2  5) 655-C(  7  2  5) 656-C(  8  2  5)
 657-C(  9  2  5) 658-C( 10  2  5) 659-C( 11  2  5) 660-C( 12  2  5)
 661-C( 13  2  5) 662-C( 14  2  5) 663-C(  1  3  5) 664-C(  2  3  5)
 665-C(  3  3  5) 666-C(  4  3  5) 667-C(  5  3  5) 668-C(  6  3  5)
 669-C(  7  3  5) 670-C(  8  3  5) 671-C(  9  3  5) 672-C( 10  3  5)
 673-C( 11  3  5) 674-C( 12  3  5) 675-C( 13  3  5) 676-C(  1  4  5)
 677-C(  2  4  5) 678-C(  3  4  5) 679-C(  4  4  5) 680-C(  5  4  5)
 681-C(  6  4  5) 682-C(  7  4  5) 683-C(  8  4  5) 684-C(  9  4  5)
 685-C( 10  4  5) 686-C( 11  4  5) 687-C( 12  4  5) 688-C(  1  5  5)
 689-C(  2  5  5) 690-C(  3  5  5) 691-C(  4  5  5) 692-C(  5  5  5)
 693-C(  6  5  5) 694-C(  7  5  5) 695-C(  8  5  5) 696-C(  9  5  5)
 697-C( 10  5  5) 698-C( 11  5  5) 699-C(  1  6  5) 700-C(  2  6  5)
 701-C(  3  6  5) 702-C(  4  6  5) 703-C(  5  6  5) 704-C(  6  6  5)
 705-C(  7  6  5) 706-C(  8  6  5) 707-C(  9  6  5) 708-C( 10  6  5)
 709-C(  1  7  5) 710-C(  2  7  5) 711-C(  3  7  5) 712-C(  4  7  5)
 713-C(  5  7  5) 714-C(  6  7  5) 715-C(  7  7  5) 716-C(  8  7  5)
 717-C(  9  7  5) 718-C(  1  8  5) 719-C(  2  8  5) 720-C(  3  8  5)
 721-C(  4  8  5) 722-C(  5  8  5) 723-C(  6  8  5) 724-C(  7  8  5)
 725-C(  8  8  5) 726-C(  1  9  5) 727-C(  2  9  5) 728-C(  3  9  5)
 729-C(  4  9  5) 730-C(  5  9  5) 731-C(  6  9  5) 732-C(  7  9  5)
 733-C(  1 10  5) 734-C(  2 10  5) 735-C(  3 10  5) 736-C(  4 10  5)
 737-C(  5 10  5) 738-C(  6 10  5) 739-C(  1 11  5) 740-C(  2 11  5)
 741-C(  3 11  5) 742-C(  4 11  5) 743-C(  5 11  5) 744-C(  1 12  5)
 745-C(  2 12  5) 746-C(  3 12  5) 747-C(  4 12  5) 748-C(  1 13  5)
 749-C(  2 13  5) 750-C(  3 13  5) 751-C(  1 14  5) 752-C(  2 14  5)
 753-C(  1 15  5) 754-C(  0  0  6) 755-C(  1  0  6) 756-C(  2  0  6)
 757-C(  3  0  6) 758-C(  4  0  6) 759-C(  5  0  6) 760-C(  6  0  6)
 761-C(  7  0  6) 762-C(  8  0  6) 763-C(  9  0  6) 764-C( 10  0  6)
 765-C( 11  0  6) 766-C( 12  0  6) 767-C( 13  0  6) 768-C( 14  0  6)
 769-C( 15  0  6) 770-C(  1  1  6) 771-C(  2  1  6) 772-C(  3  1  6)
 773-C(  4  1  6) 774-C(  5  1  6) 775-C(  6  1  6) 776-C(  7  1  6)
 777-C(  8  1  6) 778-C(  9  1  6) 779-C( 10  1  6) 780-C( 11  1  6)
 781-C( 12  1  6) 782-C( 13  1  6) 783-C( 14  1  6) 784-C( 15  1  6)
 785-C(  1  2  6) 786-C(  2  2  6) 787-C(  3  2  6) 788-C(  4  2  6)
 789-C(  5  2  6) 790-C(  6  2  6) 791-C(  7  2  6) 792-C(  8  2  6)
 793-C(  9  2  6) 794-C( 10  2  6) 795-C( 11  2  6) 796-C( 12  2  6)
 797-C( 13  2  6) 798-C( 14  2  6) 799-C(  1  3  6) 800-C(  2  3  6)
 801-C(  3  3  6) 802-C(  4  3  6) 803-C(  5  3  6) 804-C(  6  3  6)
 805-C(  7  3  6) 806-C(  8  3  6) 807-C(  9  3  6) 808-C( 10  3  6)
 809-C( 11  3  6) 810-C( 12  3  6) 811-C( 13  3  6) 812-C(  1  4  6)
 813-C(  2  4  6) 814-C(  3  4  6) 815-C(  4  4  6) 816-C(  5  4  6)
 817-C(  6  4  6) 818-C(  7  4  6) 819-C(  8  4  6) 820-C(  9  4  6)
 821-C( 10  4  6) 822-C( 11  4  6) 823-C( 12  4  6) 824-C(  1  5  6)
 825-C(  2  5  6) 826-C(  3  5  6) 827-C(  4  5  6) 828-C(  5  5  6)
 829-C(  6  5  6) 830-C(  7  5  6) 831-C(  8  5  6) 832-C(  9  5  6)
 833-C( 10  5  6) 834-C( 11  5  6) 835-C(  1  6  6) 836-C(  2  6  6)
 837-C(  3  6  6) 838-C(  4  6  6) 839-C(  5  6  6) 840-C(  6  6  6)
 841-C(  7  6  6) 842-C(  8  6  6) 843-C(  9  6  6) 844-C( 10  6  6)
 845-C(  1  7  6) 846-C(  2  7  6) 847-C(  3  7  6) 848-C(  4  7  6)
 849-C(  5  7  6) 850-C(  6  7  6) 851-C(  7  7  6) 852-C(  8  7  6)
 853-C(  9  7  6) 854-C(  1  8  6) 855-C(  2  8  6) 856-C(  3  8  6)
 857-C(  4  8  6) 858-C(  5  8  6) 859-C(  6  8  6) 860-C(  7  8  6)
 861-C(  8  8  6) 862-C(  1  9  6) 863-C(  2  9  6) 864-C(  3  9  6)
 865-C(  4  9  6) 866-C(  5  9  6) 867-C(  6  9  6) 868-C(  7  9  6)
 869-C(  1 10  6) 870-C(  2 10  6) 871-C(  3 10  6) 872-C(  4 10  6)
 873-C(  5 10  6) 874-C(  6 10  6) 875-C(  1 11  6) 876-C(  2 11  6)
 877-C(  3 11  6) 878-C(  4 11  6) 879-C(  5 11  6) 880-C(  1 12  6)
 881-C(  2 12  6) 882-C(  3 12  6) 883-C(  4 12  6) 884-C(  1 13  6)
 885-C(  2 13  6) 886-C(  3 13  6) 887-C(  1 14  6) 888-C(  2 14  6)
 889-C(  1 15  6) 890-C(  0  0  7) 891-C(  1  0  7) 892-C(  2  0  7)
 893-C(  3  0  7) 894-C(  4  0  7) 895-C(  5  0  7) 896-C(  6  0  7)
 897-C(  7  0  7) 898-C(  8  0  7) 899-C(  9  0  7) 900-C( 10  0  7)
 901-C( 11  0  7) 902-C( 12  0  7) 903-C( 13  0  7) 904-C( 14  0  7)
 905-C( 15  0  7) 906-C(  1  1  7) 907-C(  2  1  7) 908-C(  3  1  7)
 909-C(  4  1  7) 910-C(  5  1  7) 911-C(  6  1  7) 912-C(  7  1  7)
 913-C(  8  1  7) 914-C(  9  1  7) 915-C( 10  1  7) 916-C( 11  1  7)
 917-C( 12  1  7) 918-C( 13  1  7) 919-C( 14  1  7) 920-C( 15  1  7)
 921-C(  1  2  7) 922-C(  2  2  7) 923-C(  3  2  7) 924-C(  4  2  7)
 925-C(  5  2  7) 926-C(  6  2  7) 927-C(  7  2  7) 928-C(  8  2  7)
 929-C(  9  2  7) 930-C( 10  2  7) 931-C( 11  2  7) 932-C( 12  2  7)
 933-C( 13  2  7) 934-C( 14  2  7) 935-C(  1  3  7) 936-C(  2  3  7)
 937-C(  3  3  7) 938-C(  4  3  7) 939-C(  5  3  7) 940-C(  6  3  7)
 941-C(  7  3  7) 942-C(  8  3  7) 943-C(  9  3  7) 944-C( 10  3  7)
 945-C( 11  3  7) 946-C( 12  3  7) 947-C( 13  3  7) 948-C(  1  4  7)
 949-C(  2  4  7) 950-C(  3  4  7) 951-C(  4  4  7) 952-C(  5  4  7)
 953-C(  6  4  7) 954-C(  7  4  7) 955-C(  8  4  7) 956-C(  9  4  7)
 957-C( 10  4  7) 958-C( 11  4  7) 959-C( 12  4  7) 960-C(  1  5  7)
 961-C(  2  5  7) 962-C(  3  5  7) 963-C(  4  5  7) 964-C(  5  5  7)
 965-C(  6  5  7) 966-C(  7  5  7) 967-C(  8  5  7) 968-C(  9  5  7)
 969-C( 10  5  7) 970-C( 11  5  7) 971-C(  1  6  7) 972-C(  2  6  7)
 973-C(  3  6  7) 974-C(  4  6  7) 975-C(  5  6  7) 976-C(  6  6  7)
 977-C(  7  6  7) 978-C(  8  6  7) 979-C(  9  6  7) 980-C( 10  6  7)
 981-C(  1  7  7) 982-C(  2  7  7) 983-C(  3  7  7) 984-C(  4  7  7)
 985-C(  5  7  7) 986-C(  6  7  7) 987-C(  7  7  7) 988-C(  8  7  7)
 989-C(  9  7  7) 990-C(  1  8  7) 991-C(  2  8  7) 992-C(  3  8  7)
 993-C(  4  8  7) 994-C(  5  8  7) 995-C(  6  8  7) 996-C(  7  8  7)
 997-C(  8  8  7) 998-C(  1  9  7) 999-C(  2  9  7)1000-C(  3  9  7)
1001-C(  4  9  7)1002-C(  5  9  7)1003-C(  6  9  7)1004-C(  7  9  7)
1005-C(  1 10  7)1006-C(  2 10  7)1007-C(  3 10  7)1008-C(  4 10  7)
1009-C(  5 10  7)1010-C(  6 10  7)1011-C(  1 11  7)1012-C(  2 11  7)
1013-C(  3 11  7)1014-C(  4 11  7)1015-C(  5 11  7)1016-C(  1 12  7)
1017-C(  2 12  7)1018-C(  3 12  7)1019-C(  4 12  7)1020-C(  1 13  7)
1021-C(  2 13  7)1022-C(  3 13  7)1023-C(  1 14  7)1024-C(  2 14  7)
1025-C(  1 15  7)1026-R(  0  0  8)1027-C(  1  0  8)1028-C(  2  0  8)
1029-C(  3  0  8)1030-C(  4  0  8)1031-C(  5  0  8)1032-C(  6  0  8)
1033-C(  7  0  8)1034-R(  8  0  8)1035-C(  1  1  8)1036-C(  2  1  8)
1037-C(  3  1  8)1038-C(  4  1  8)1039-C(  5  1  8)1040-C(  6  1  8)
1041-C(  7  1  8)1042-C(  8  1  8)1043-C(  9  1  8)1044-C( 10  1  8)
1045-C( 11  1  8)1046-C( 12  1  8)1047-C( 13  1  8)1048-C( 14  1  8)
1049-C( 15  1  8)1050-C(  2  2  8)1051-C(  3  2  8)1052-C(  4  2  8)
1053-C(  5  2  8)1054-C(  6  2  8)1055-C(  7  2  8)1056-C(  8  2  8)
1057-C(  9  2  8)1058-C( 10  2  8)1059-C( 11  2  8)1060-C( 12  2  8)
1061-C( 13  2  8)1062-C( 14  2  8)1063-C(  3  3  8)1064-C(  4  3  8)
1065-C(  5  3  8)1066-C(  6  3  8)1067-C(  7  3  8)1068-C(  8  3  8)
1069-C(  9  3  8)1070-C( 10  3  8)1071-C( 11  3  8)1072-C( 12  3  8)
1073-C( 13  3  8)1074-C(  4  4  8)1075-C(  5  4  8)1076-C(  6  4  8)
1077-C(  7  4  8)1078-C(  8  4  8)1079-C(  9  4  8)1080-C( 10  4  8)
1081-C( 11  4  8)1082-C( 12  4  8)1083-C(  5  5  8)1084-C(  6  5  8)
1085-C(  7  5  8)1086-C(  8  5  8)1087-C(  9  5  8)1088-C( 10  5  8)
1089-C( 11  5  8)1090-C(  6  6  8)1091-C(  7  6  8)1092-C(  8  6  8)
1093-C(  9  6  8)1094-C( 10  6  8)1095-C(  7  7  8)1096-C(  8  7  8)
1097-C(  9  7  8)1098-R(  8  8  8)

 DIRECT LATTICE VECTORS COMPON. (A.U.)     RECIP. LATTICE VECTORS COMPON. (A.U.) 
        X            Y            Z              X            Y            Z
    2.3625758   13.5252019    0.0000000      1.3297320    0.2322769    0.1865156
   -2.3625758   13.5252019    0.0000000     -1.3297320    0.2322769   -0.1865156
   -1.0690290    0.0000000    7.6214665      0.0000000    0.0000000    0.8244063

 DISK SPACE FOR EIGENVECTORS (FTN 10)   102176640 REALS

 SYMMETRY ADAPTION OF THE BLOCH FUNCTIONS ENABLED
 TTTTTTTTTTTTTTTTTTTTTTTTTTTTTT gordsh1     TELAPSE        1.43 TCPU        0.57

 MATRIX SIZE: P(G) 1345424, F(G)  155658, P(G) IRR  176706, F(G) IRR   40759
 MAX G-VECTOR INDEX FOR 1- AND 2-ELECTRON INTEGRALS 437

 TTTTTTTTTTTTTTTTTTTTTTTTTTTTTT INPUT       TELAPSE        1.44 TCPU        0.57

 NEIGHBORS OF THE NON-EQUIVALENT ATOMS

 N = NUMBER OF NEIGHBORS AT DISTANCE R
    ATOM  N     R/ANG      R/AU   NEIGHBORS (ATOM LABELS AND CELL INDICES)
   1 C    1     1.4946     2.8244    2 C    1-1 1
   1 C    1     1.5361     2.9027    9 C    0 0 0
   1 C    1     1.5798     2.9854    4 C    0 0 0
   1 C    1     1.5981     3.0200    2 C    0 0 1
   1 C    1     2.1748     4.1098    3 C    1-1 1
   1 C    1     2.2472     4.2466    3 C    0 0 1

   5 C    2     1.5299     2.8910    8 C    1 0 0    8 C    0 1 0
   5 C    1     1.5518     2.9325    9 C    0 0 0
   5 C    1     1.5759     2.9780    6 C    1-1 1
   5 C    1     2.0691     3.9101    7 C    1 0 1
   5 C    1     2.3165     4.3776    7 C    2-1 1
   5 C    1     2.3712     4.4808   10 C    1-1 0

   9 C    1     1.5310     2.8932   10 C    0 0 0
   9 C    1     1.5361     2.9027    1 C    0 0 0
   9 C    1     1.5505     2.9301   10 C    1-1 0
   9 C    1     1.5518     2.9325    5 C    0 0 0
   9 C    1     2.3712     4.4808    6 C    1-1 0
   9 C    1     2.4564     4.6420    2 C    1-1 1


 SYMMETRY ALLOWED INTERNAL DEGREE(S) OF FREEDOM:   9
 TTTTTTTTTTTTTTTTTTTTTTTTTTTTTT SYMM        TELAPSE        1.52 TCPU        0.64
 TTTTTTTTTTTTTTTTTTTTTTTTTTTTTT INT_SCREEN  TELAPSE        1.52 TCPU        0.64

 DFT PARAMETERS

     ATOM       ELECTRONS   NET CHARGE   R(ANGSTROM)
   1   6  C       6.0000      0.0000     0.77000000

 SIZE OF GRID=      78982
 TTTTTTTTTTTTTTTTTTTTTTTTTTTTTT MAKE_GRID2  TELAPSE        1.97 TCPU        1.09
 BECKE WEIGHT FUNCTION
 RADSAFE =     2.00
 TOLERANCES - DENSITY:10**- 6; POTENTIAL:10**- 9; GRID WGT:10**-14

 RADIAL INTEGRATION  - INTERVALS (POINTS,UPPER LIMIT):            1( 75,  4.0*R)

 ANGULAR INTEGRATION - INTERVALS (ACCURACY LEVEL [N. POINTS] UPPER LIMIT):
  1(  4[  86]   0.2)  2(  8[ 194]   0.5)  3( 12[ 350]   0.9)  4( 16[ 974]   3.5)
  5( 12[ 350]9999.0)
 TTTTTTTTTTTTTTTTTTTTTTTTTTTTTT INT_CALC    TELAPSE        1.99 TCPU        1.11
 EEEEEEEEEE INT_CALC TERMINATION  DATE 24 01 2026 TIME 23:12:10.0

 *******************************************************************************
 ./4^3T53-CA_SCF_opt_rev1_sp_B3LYP-D3-D3_optimized                               
 CRYSTAL - SCF - TYPE OF CALCULATION :  UNRESTRICTED OPEN SHELL
 *******************************************************************************

 CAPPA:IS1 16;IS2 16;IS3 16; K PTS MONK NET1098; SYMMOPS:K SPACE   4;G SPACE   4

 TTTTTTTTTTTTTTTTTTTTTTTTTTTTTT SDIK        TELAPSE        2.79 TCPU        1.79

 AAAAAAAAAAAAAAAAAAAAAAAAAAAAAAAAAAAAAAAAAAAAAAAAAAAAAAAAAAAAAAAAAAAAAAAAAAAAAAA
         ATOMIC WAVEFUNCTION(S)


 NUCLEAR CHARGE  6.0  SYMMETRY SPECIES            S    P
 N. ELECTRONS    6.0  NUMBER OF PRIMITIVE GTOS   10    6
                      NUMBER OF CONTRACTED GTOS   4    3
                      NUMBER OF CLOSED SHELLS     2    0
                      OPEN SHELL OCCUPATION       0    2

  ZNUC  SCFIT    TOTAL HF ENERGY   KINETIC ENERGY   VIRIAL THEOREM ACCURACY
   6.0    10    -3.766702350E+01  3.783137943E+01 -1.995655566E+00  1.6E-06

 AAAAAAAAAAAAAAAAAAAAAAAAAAAAAAAAAAAAAAAAAAAAAAAAAAAAAAAAAAAAAAAAAAAAAAAAAAAAAAA

 CHARGE NORMALIZATION FACTOR   1.00000000
 TOTAL ATOMIC CHARGES:
   6.0000000   6.0000000   6.0000000   6.0000000   6.0000000   6.0000000
   6.0000000   6.0000000   6.0000000   6.0000000   6.0000000   6.0000000
 SUMMED SPIN DENSITY           0.00000000
 TOTAL ATOMIC SPINS  :
   0.0000000   0.0000000   0.0000000   0.0000000   0.0000000   0.0000000
   0.0000000   0.0000000   0.0000000   0.0000000   0.0000000   0.0000000
 TTTTTTTTTTTTTTTTTTTTTTTTTTTTTT MOQGAD      TELAPSE        2.80 TCPU        1.80
 TTTTTTTTTTTTTTTTTTTTTTTTTTTTTT SHELLXN     TELAPSE       59.40 TCPU       58.39
 TTTTTTTTTTTTTTTTTTTTTTTTTTTTTT MONMO3      TELAPSE       59.44 TCPU       58.44
 NUMERICALLY INTEGRATED DENSITY     35.9999283815     35.9999283815
 TTTTTTTTTTTTTTTTTTTTTTTTTTTTTT NUMDFT      TELAPSE       60.21 TCPU       59.21
 CYC   0 ETOT(AU) -4.609340777248E+02 DETOT -4.61E+02 tst  0.00E+00 PX  1.00E+00
 TTTTTTTTTTTTTTTTTTTTTTTTTTTTTT DIIS        TELAPSE       60.52 TCPU       59.43
 TTTTTTTTTTTTTTTTTTTTTTTTTTTTTT FDIK        TELAPSE       68.43 TCPU       67.12

    ALPHA      ELECTRONS
 INSULATING STATE
 TOP OF VALENCE BANDS -    BAND     36; K   10; EIG -1.7184383E-01 AU
 TOP OF VALENCE BANDS -    BAND     36; K    1; EIG -1.7186870E-01 AU
 BOTTOM OF VIRTUAL BANDS - BAND     37; K 1098; EIG -5.5259900E-02 AU
 INDIRECT ENERGY BAND GAP:   3.1724 eV
 BOTTOM OF VIRTUAL BANDS - BAND     37; K    1; EIG -1.2090913E-02 AU

    BETA       ELECTRONS
 INSULATING STATE
 TOP OF VALENCE BANDS -    BAND     36; K   10; EIG -1.7184383E-01 AU
 TOP OF VALENCE BANDS -    BAND     36; K    1; EIG -1.7186870E-01 AU
 BOTTOM OF VIRTUAL BANDS - BAND     37; K 1098; EIG -5.5259900E-02 AU
 INDIRECT ENERGY BAND GAP:   3.1724 eV
 BOTTOM OF VIRTUAL BANDS - BAND     37; K    1; EIG -1.2090913E-02 AU
 TTTTTTTTTTTTTTTTTTTTTTTTTTTTTT PDIG        TELAPSE       69.21 TCPU       67.88
 CHARGE NORMALIZATION FACTOR   1.00000000
 TOTAL ATOMIC CHARGES:
   6.0189516   6.0189516   6.0189516   6.0189516   6.0127925   6.0127925
   6.0127925   6.0127925   5.9682559   5.9682559   5.9682559   5.9682559
 SUMMED SPIN DENSITY           0.00000000
 TOTAL ATOMIC SPINS  :
   0.0000000   0.0000000   0.0000000   0.0000000   0.0000000   0.0000000
   0.0000000   0.0000000  -0.0000000  -0.0000000  -0.0000000  -0.0000000
 TTTTTTTTTTTTTTTTTTTTTTTTTTTTTT MOQGAD      TELAPSE       69.22 TCPU       67.89
 TTTTTTTTTTTTTTTTTTTTTTTTTTTTTT SHELLXN     TELAPSE      127.71 TCPU      126.37
 TTTTTTTTTTTTTTTTTTTTTTTTTTTTTT MONMO3      TELAPSE      127.76 TCPU      126.41
 NUMERICALLY INTEGRATED DENSITY     35.9999542100     35.9999542100
 TTTTTTTTTTTTTTTTTTTTTTTTTTTTTT NUMDFT      TELAPSE      128.52 TCPU      127.17
 CYC   1 ETOT(AU) -4.569017248866E+02 DETOT  4.03E+00 tst  0.00E+00 PX  1.00E+00
 TTTTTTTTTTTTTTTTTTTTTTTTTTTTTT DIIS        TELAPSE      128.83 TCPU      127.46
 DIIS TEST: 0.11265E+00 AT SCF   CYCLE   1 - MIX   30 %
 TTTTTTTTTTTTTTTTTTTTTTTTTTTTTT FDIK        TELAPSE      132.59 TCPU      131.21

    ALPHA      ELECTRONS
 INSULATING STATE
 TOP OF VALENCE BANDS -    BAND     36; K    1; EIG -9.4779896E-02 AU
 BOTTOM OF VIRTUAL BANDS - BAND     37; K 1098; EIG  4.6754380E-02 AU
 INDIRECT ENERGY BAND GAP:   3.8513 eV
 BOTTOM OF VIRTUAL BANDS - BAND     37; K    1; EIG  1.0029946E-01 AU

    BETA       ELECTRONS
 INSULATING STATE
 TOP OF VALENCE BANDS -    BAND     36; K    1; EIG -9.4779896E-02 AU
 BOTTOM OF VIRTUAL BANDS - BAND     37; K 1098; EIG  4.6754380E-02 AU
 INDIRECT ENERGY BAND GAP:   3.8513 eV
 BOTTOM OF VIRTUAL BANDS - BAND     37; K    1; EIG  1.0029946E-01 AU
 TTTTTTTTTTTTTTTTTTTTTTTTTTTTTT PDIG        TELAPSE      133.33 TCPU      131.95
 CHARGE NORMALIZATION FACTOR   1.00000000
 TOTAL ATOMIC CHARGES:
   6.0043268   6.0043268   6.0043268   6.0043268   6.0138012   6.0138012
   6.0138012   6.0138012   5.9818720   5.9818720   5.9818720   5.9818720
 SUMMED SPIN DENSITY           0.00000000
 TOTAL ATOMIC SPINS  :
   0.0000000   0.0000000   0.0000000   0.0000000  -0.0000000  -0.0000000
  -0.0000000  -0.0000000  -0.0000000  -0.0000000  -0.0000000  -0.0000000
 TTTTTTTTTTTTTTTTTTTTTTTTTTTTTT MOQGAD      TELAPSE      133.34 TCPU      131.95
 TTTTTTTTTTTTTTTTTTTTTTTTTTTTTT SHELLXN     TELAPSE      191.85 TCPU      190.45
 TTTTTTTTTTTTTTTTTTTTTTTTTTTTTT MONMO3      TELAPSE      191.90 TCPU      190.50
 NUMERICALLY INTEGRATED DENSITY     35.9999509191     35.9999509191
 TTTTTTTTTTTTTTTTTTTTTTTTTTTTTT NUMDFT      TELAPSE      192.66 TCPU      191.26
 CYC   2 ETOT(AU) -4.569206684158E+02 DETOT -1.89E-02 tst  1.79E-04 PX  7.34E-02
 TTTTTTTTTTTTTTTTTTTTTTTTTTTTTT DIIS        TELAPSE      192.95 TCPU      191.55
 DIIS TEST: 0.16347E-01 AT SCF   CYCLE   2 - DIIS ACTIVE - HISTORY:     2 CYCLES
 TTTTTTTTTTTTTTTTTTTTTTTTTTTTTT FDIK        TELAPSE      196.60 TCPU      195.11

    ALPHA      ELECTRONS
 INSULATING STATE
 TOP OF VALENCE BANDS -    BAND     36; K    1; EIG -6.8710721E-02 AU
 BOTTOM OF VIRTUAL BANDS - BAND     37; K 1098; EIG  8.6796162E-02 AU
 INDIRECT ENERGY BAND GAP:   4.2316 eV
 BOTTOM OF VIRTUAL BANDS - BAND     37; K    1; EIG  1.3624891E-01 AU

    BETA       ELECTRONS
 INSULATING STATE
 TOP OF VALENCE BANDS -    BAND     36; K    1; EIG -6.8710721E-02 AU
 BOTTOM OF VIRTUAL BANDS - BAND     37; K 1098; EIG  8.6796162E-02 AU
 INDIRECT ENERGY BAND GAP:   4.2316 eV
 BOTTOM OF VIRTUAL BANDS - BAND     37; K    1; EIG  1.3624891E-01 AU
 TTTTTTTTTTTTTTTTTTTTTTTTTTTTTT PDIG        TELAPSE      197.34 TCPU      195.86
 CHARGE NORMALIZATION FACTOR   1.00000000
 TOTAL ATOMIC CHARGES:
   6.0305808   6.0305808   6.0305808   6.0305808   6.0231576   6.0231576
   6.0231576   6.0231576   5.9462615   5.9462615   5.9462615   5.9462615
 SUMMED SPIN DENSITY           0.00000000
 TOTAL ATOMIC SPINS  :
   0.0000000   0.0000000   0.0000000   0.0000000  -0.0000000  -0.0000000
  -0.0000000  -0.0000000  -0.0000000  -0.0000000  -0.0000000  -0.0000000
 TTTTTTTTTTTTTTTTTTTTTTTTTTTTTT MOQGAD      TELAPSE      197.35 TCPU      195.86
 TTTTTTTTTTTTTTTTTTTTTTTTTTTTTT SHELLXN     TELAPSE      255.87 TCPU      254.37
 TTTTTTTTTTTTTTTTTTTTTTTTTTTTTT MONMO3      TELAPSE      255.91 TCPU      254.42
 NUMERICALLY INTEGRATED DENSITY     35.9999506331     35.9999506331
 TTTTTTTTTTTTTTTTTTTTTTTTTTTTTT NUMDFT      TELAPSE      256.67 TCPU      255.17
 CYC   3 ETOT(AU) -4.569213253471E+02 DETOT -6.57E-04 tst  6.62E-05 PX  2.16E-02
 TTTTTTTTTTTTTTTTTTTTTTTTTTTTTT DIIS        TELAPSE      256.91 TCPU      255.41
 DIIS TEST: 0.16108E-01 AT SCF   CYCLE   3 - DIIS ACTIVE - HISTORY:     3 CYCLES
 TTTTTTTTTTTTTTTTTTTTTTTTTTTTTT FDIK        TELAPSE      260.39 TCPU      258.75

    ALPHA      ELECTRONS
 INSULATING STATE
 TOP OF VALENCE BANDS -    BAND     36; K    1; EIG -7.2111606E-02 AU
 BOTTOM OF VIRTUAL BANDS - BAND     37; K 1098; EIG  8.3949446E-02 AU
 INDIRECT ENERGY BAND GAP:   4.2466 eV
 BOTTOM OF VIRTUAL BANDS - BAND     37; K    1; EIG  1.3929039E-01 AU

    BETA       ELECTRONS
 INSULATING STATE
 TOP OF VALENCE BANDS -    BAND     36; K    1; EIG -7.2111606E-02 AU
 BOTTOM OF VIRTUAL BANDS - BAND     37; K 1098; EIG  8.3949446E-02 AU
 INDIRECT ENERGY BAND GAP:   4.2466 eV
 BOTTOM OF VIRTUAL BANDS - BAND     37; K    1; EIG  1.3929039E-01 AU
 TTTTTTTTTTTTTTTTTTTTTTTTTTTTTT PDIG        TELAPSE      261.20 TCPU      259.56
 CHARGE NORMALIZATION FACTOR   1.00000000
 TOTAL ATOMIC CHARGES:
   6.0095525   6.0095525   6.0095525   6.0095525   6.0231392   6.0231392
   6.0231392   6.0231392   5.9673084   5.9673084   5.9673084   5.9673084
 SUMMED SPIN DENSITY          -0.00000000
 TOTAL ATOMIC SPINS  :
   0.0000000   0.0000000   0.0000000   0.0000000  -0.0000000  -0.0000000
  -0.0000000  -0.0000000   0.0000000   0.0000000   0.0000000   0.0000000
 TTTTTTTTTTTTTTTTTTTTTTTTTTTTTT MOQGAD      TELAPSE      261.20 TCPU      259.56
 TTTTTTTTTTTTTTTTTTTTTTTTTTTTTT SHELLXN     TELAPSE      319.72 TCPU      318.06
 TTTTTTTTTTTTTTTTTTTTTTTTTTTTTT MONMO3      TELAPSE      319.76 TCPU      318.11
 NUMERICALLY INTEGRATED DENSITY     35.9999506451     35.9999506451
 TTTTTTTTTTTTTTTTTTTTTTTTTTTTTT NUMDFT      TELAPSE      320.52 TCPU      318.87
 CYC   4 ETOT(AU) -4.569220511690E+02 DETOT -7.26E-04 tst  2.43E-05 PX  6.03E-03
 TTTTTTTTTTTTTTTTTTTTTTTTTTTTTT DIIS        TELAPSE      320.81 TCPU      319.10
 DIIS TEST: 0.21294E-02 AT SCF   CYCLE   4 - DIIS ACTIVE - HISTORY:     4 CYCLES
 TTTTTTTTTTTTTTTTTTTTTTTTTTTTTT FDIK        TELAPSE      324.58 TCPU      322.78

    ALPHA      ELECTRONS
 INSULATING STATE
 TOP OF VALENCE BANDS -    BAND     36; K    1; EIG -7.0542712E-02 AU
 BOTTOM OF VIRTUAL BANDS - BAND     37; K 1098; EIG  8.6481664E-02 AU
 INDIRECT ENERGY BAND GAP:   4.2729 eV
 BOTTOM OF VIRTUAL BANDS - BAND     37; K    1; EIG  1.3824501E-01 AU

    BETA       ELECTRONS
 INSULATING STATE
 TOP OF VALENCE BANDS -    BAND     36; K    1; EIG -7.0542712E-02 AU
 BOTTOM OF VIRTUAL BANDS - BAND     37; K 1098; EIG  8.6481664E-02 AU
 INDIRECT ENERGY BAND GAP:   4.2729 eV
 BOTTOM OF VIRTUAL BANDS - BAND     37; K    1; EIG  1.3824501E-01 AU
 TTTTTTTTTTTTTTTTTTTTTTTTTTTTTT PDIG        TELAPSE      325.34 TCPU      323.52
 CHARGE NORMALIZATION FACTOR   1.00000000
 TOTAL ATOMIC CHARGES:
   6.0153986   6.0153986   6.0153986   6.0153986   6.0168286   6.0168286
   6.0168286   6.0168286   5.9677728   5.9677728   5.9677728   5.9677728
 SUMMED SPIN DENSITY           0.00000000
 TOTAL ATOMIC SPINS  :
  -0.0000000  -0.0000000  -0.0000000  -0.0000000  -0.0000000  -0.0000000
  -0.0000000  -0.0000000   0.0000000   0.0000000   0.0000000   0.0000000
 TTTTTTTTTTTTTTTTTTTTTTTTTTTTTT MOQGAD      TELAPSE      325.34 TCPU      323.52
 TTTTTTTTTTTTTTTTTTTTTTTTTTTTTT SHELLXN     TELAPSE      383.83 TCPU      381.99
 TTTTTTTTTTTTTTTTTTTTTTTTTTTTTT MONMO3      TELAPSE      383.87 TCPU      382.04
 NUMERICALLY INTEGRATED DENSITY     35.9999506453     35.9999506453
 TTTTTTTTTTTTTTTTTTTTTTTTTTTTTT NUMDFT      TELAPSE      384.63 TCPU      382.79
 CYC   5 ETOT(AU) -4.569221327171E+02 DETOT -8.15E-05 tst  5.28E-06 PX  2.64E-03
 TTTTTTTTTTTTTTTTTTTTTTTTTTTTTT DIIS        TELAPSE      384.87 TCPU      383.02
 DIIS TEST: 0.73078E-03 AT SCF   CYCLE   5 - DIIS ACTIVE - HISTORY:     5 CYCLES
 TTTTTTTTTTTTTTTTTTTTTTTTTTTTTT FDIK        TELAPSE      388.39 TCPU      386.54

    ALPHA      ELECTRONS
 INSULATING STATE
 TOP OF VALENCE BANDS -    BAND     36; K    1; EIG -7.1099816E-02 AU
 BOTTOM OF VIRTUAL BANDS - BAND     37; K 1098; EIG  8.5539314E-02 AU
 INDIRECT ENERGY BAND GAP:   4.2624 eV
 BOTTOM OF VIRTUAL BANDS - BAND     37; K    1; EIG  1.3870603E-01 AU

    BETA       ELECTRONS
 INSULATING STATE
 TOP OF VALENCE BANDS -    BAND     36; K    1; EIG -7.1099816E-02 AU
 BOTTOM OF VIRTUAL BANDS - BAND     37; K 1098; EIG  8.5539314E-02 AU
 INDIRECT ENERGY BAND GAP:   4.2624 eV
 BOTTOM OF VIRTUAL BANDS - BAND     37; K    1; EIG  1.3870603E-01 AU
 TTTTTTTTTTTTTTTTTTTTTTTTTTTTTT PDIG        TELAPSE      389.14 TCPU      387.30
 CHARGE NORMALIZATION FACTOR   1.00000000
 TOTAL ATOMIC CHARGES:
   6.0148408   6.0148408   6.0148408   6.0148408   6.0205819   6.0205819
   6.0205819   6.0205819   5.9645773   5.9645773   5.9645773   5.9645773
 SUMMED SPIN DENSITY           0.00000000
 TOTAL ATOMIC SPINS  :
  -0.0000000  -0.0000000  -0.0000000  -0.0000000  -0.0000000  -0.0000000
  -0.0000000  -0.0000000   0.0000000   0.0000000   0.0000000   0.0000000
 TTTTTTTTTTTTTTTTTTTTTTTTTTTTTT MOQGAD      TELAPSE      389.15 TCPU      387.30
 TTTTTTTTTTTTTTTTTTTTTTTTTTTTTT SHELLXN     TELAPSE      447.63 TCPU      445.77
 TTTTTTTTTTTTTTTTTTTTTTTTTTTTTT MONMO3      TELAPSE      447.68 TCPU      445.82
 NUMERICALLY INTEGRATED DENSITY     35.9999506256     35.9999506256
 TTTTTTTTTTTTTTTTTTTTTTTTTTTTTT NUMDFT      TELAPSE      448.43 TCPU      446.57
 CYC   6 ETOT(AU) -4.569221689025E+02 DETOT -3.62E-05 tst  7.22E-07 PX  9.18E-04
 TTTTTTTTTTTTTTTTTTTTTTTTTTTTTT DIIS        TELAPSE      448.67 TCPU      446.81
 DIIS TEST: 0.54753E-05 AT SCF   CYCLE   6 - DIIS ACTIVE - HISTORY:     6 CYCLES
 TTTTTTTTTTTTTTTTTTTTTTTTTTTTTT FDIK        TELAPSE      452.34 TCPU      450.48

    ALPHA      ELECTRONS
 INSULATING STATE
 TOP OF VALENCE BANDS -    BAND     36; K    1; EIG -7.1104661E-02 AU
 BOTTOM OF VIRTUAL BANDS - BAND     37; K 1098; EIG  8.5554167E-02 AU
 INDIRECT ENERGY BAND GAP:   4.2629 eV
 BOTTOM OF VIRTUAL BANDS - BAND     37; K    1; EIG  1.3867105E-01 AU

    BETA       ELECTRONS
 INSULATING STATE
 TOP OF VALENCE BANDS -    BAND     36; K    1; EIG -7.1104661E-02 AU
 BOTTOM OF VIRTUAL BANDS - BAND     37; K 1098; EIG  8.5554167E-02 AU
 INDIRECT ENERGY BAND GAP:   4.2629 eV
 BOTTOM OF VIRTUAL BANDS - BAND     37; K    1; EIG  1.3867105E-01 AU
 TTTTTTTTTTTTTTTTTTTTTTTTTTTTTT PDIG        TELAPSE      453.09 TCPU      451.21
 CHARGE NORMALIZATION FACTOR   1.00000000
 TOTAL ATOMIC CHARGES:
   6.0146999   6.0146999   6.0146999   6.0146999   6.0203349   6.0203349
   6.0203349   6.0203349   5.9649652   5.9649652   5.9649652   5.9649652
 SUMMED SPIN DENSITY           0.00000000
 TOTAL ATOMIC SPINS  :
  -0.0000000  -0.0000000  -0.0000000  -0.0000000   0.0000000   0.0000000
   0.0000000   0.0000000   0.0000000   0.0000000   0.0000000   0.0000000
 TTTTTTTTTTTTTTTTTTTTTTTTTTTTTT MOQGAD      TELAPSE      453.09 TCPU      451.22
 TTTTTTTTTTTTTTTTTTTTTTTTTTTTTT SHELLXN     TELAPSE      511.61 TCPU      509.72
 TTTTTTTTTTTTTTTTTTTTTTTTTTTTTT MONMO3      TELAPSE      511.65 TCPU      509.77
 NUMERICALLY INTEGRATED DENSITY     35.9999506223     35.9999506223
 TTTTTTTTTTTTTTTTTTTTTTTTTTTTTT NUMDFT      TELAPSE      512.41 TCPU      510.52
 CYC   7 ETOT(AU) -4.569221693265E+02 DETOT -4.24E-07 tst  5.36E-09 PX  1.46E-04
 TTTTTTTTTTTTTTTTTTTTTTTTTTTTTT DIIS        TELAPSE      512.65 TCPU      510.75
 DIIS TEST: 0.49071E-07 AT SCF   CYCLE   7 - DIIS ACTIVE - HISTORY:     7 CYCLES
 TTTTTTTTTTTTTTTTTTTTTTTTTTTTTT FDIK        TELAPSE      516.77 TCPU      514.70

    ALPHA      ELECTRONS
 INSULATING STATE
 TOP OF VALENCE BANDS -    BAND     36; K    1; EIG -7.1125616E-02 AU
 BOTTOM OF VIRTUAL BANDS - BAND     37; K 1098; EIG  8.5535621E-02 AU
 INDIRECT ENERGY BAND GAP:   4.2630 eV
 BOTTOM OF VIRTUAL BANDS - BAND     37; K    1; EIG  1.3865360E-01 AU

    BETA       ELECTRONS
 INSULATING STATE
 TOP OF VALENCE BANDS -    BAND     36; K    1; EIG -7.1125616E-02 AU
 BOTTOM OF VIRTUAL BANDS - BAND     37; K 1098; EIG  8.5535621E-02 AU
 INDIRECT ENERGY BAND GAP:   4.2630 eV
 BOTTOM OF VIRTUAL BANDS - BAND     37; K    1; EIG  1.3865360E-01 AU
 TTTTTTTTTTTTTTTTTTTTTTTTTTTTTT PDIG        TELAPSE      517.52 TCPU      515.45
 CHARGE NORMALIZATION FACTOR   1.00000000
 TOTAL ATOMIC CHARGES:
   6.0147036   6.0147036   6.0147036   6.0147036   6.0203425   6.0203425
   6.0203425   6.0203425   5.9649539   5.9649539   5.9649539   5.9649539
 SUMMED SPIN DENSITY           0.00000000
 TOTAL ATOMIC SPINS  :
  -0.0000000  -0.0000000  -0.0000000  -0.0000000   0.0000000   0.0000000
   0.0000000   0.0000000  -0.0000000  -0.0000000  -0.0000000  -0.0000000
 TTTTTTTTTTTTTTTTTTTTTTTTTTTTTT MOQGAD      TELAPSE      517.53 TCPU      515.46
 TTTTTTTTTTTTTTTTTTTTTTTTTTTTTT SHELLXN     TELAPSE      576.04 TCPU      573.96
 TTTTTTTTTTTTTTTTTTTTTTTTTTTTTT MONMO3      TELAPSE      576.09 TCPU      574.00
 NUMERICALLY INTEGRATED DENSITY     35.9999506215     35.9999506215
 TTTTTTTTTTTTTTTTTTTTTTTTTTTTTT NUMDFT      TELAPSE      576.85 TCPU      574.76
 CYC   8 ETOT(AU) -4.569221693346E+02 DETOT -8.09E-09 tst  5.33E-11 PX  2.25E-05
 TTTTTTTTTTTTTTTTTTTTTTTTTTTTTT DIIS        TELAPSE      577.10 TCPU      575.01
 DIIS TEST: 0.89535E-08 AT SCF   CYCLE   8 - DIIS ACTIVE - HISTORY:     8 CYCLES
 TTTTTTTTTTTTTTTTTTTTTTTTTTTTTT FDIK        TELAPSE      581.04 TCPU      578.68

    ALPHA      ELECTRONS
 INSULATING STATE
 TOP OF VALENCE BANDS -    BAND     36; K    1; EIG -7.1127066E-02 AU
 BOTTOM OF VIRTUAL BANDS - BAND     37; K 1098; EIG  8.5532197E-02 AU
 INDIRECT ENERGY BAND GAP:   4.2629 eV
 BOTTOM OF VIRTUAL BANDS - BAND     37; K    1; EIG  1.3865178E-01 AU

    BETA       ELECTRONS
 INSULATING STATE
 TOP OF VALENCE BANDS -    BAND     36; K    1; EIG -7.1127066E-02 AU
 BOTTOM OF VIRTUAL BANDS - BAND     37; K 1098; EIG  8.5532197E-02 AU
 INDIRECT ENERGY BAND GAP:   4.2629 eV
 BOTTOM OF VIRTUAL BANDS - BAND     37; K    1; EIG  1.3865178E-01 AU
 TTTTTTTTTTTTTTTTTTTTTTTTTTTTTT PDIG        TELAPSE      581.80 TCPU      579.42
 CHARGE NORMALIZATION FACTOR   1.00000000
 TOTAL ATOMIC CHARGES:
   6.0147076   6.0147076   6.0147076   6.0147076   6.0203476   6.0203476
   6.0203476   6.0203476   5.9649449   5.9649449   5.9649449   5.9649449
 SUMMED SPIN DENSITY           0.00000000
 TOTAL ATOMIC SPINS  :
   0.0000000   0.0000000   0.0000000   0.0000000   0.0000000   0.0000000
   0.0000000   0.0000000  -0.0000000  -0.0000000  -0.0000000  -0.0000000
 TTTTTTTTTTTTTTTTTTTTTTTTTTTTTT MOQGAD      TELAPSE      581.80 TCPU      579.43
 TTTTTTTTTTTTTTTTTTTTTTTTTTTTTT SHELLXN     TELAPSE      640.32 TCPU      637.93
 TTTTTTTTTTTTTTTTTTTTTTTTTTTTTT MONMO3      TELAPSE      640.36 TCPU      637.97
 NUMERICALLY INTEGRATED DENSITY     35.9999506218     35.9999506218
 TTTTTTTTTTTTTTTTTTTTTTTTTTTTTT NUMDFT      TELAPSE      641.12 TCPU      638.73
 CYC   9 ETOT(AU) -4.569221693318E+02 DETOT  2.74E-09 tst  8.40E-12 PX  9.72E-06
 TTTTTTTTTTTTTTTTTTTTTTTTTTTTTT DIIS        TELAPSE      641.43 TCPU      639.04
 DIIS TEST: 0.31453E-09 AT SCF   CYCLE   9 - DIIS ACTIVE - HISTORY:     9 CYCLES
 TTTTTTTTTTTTTTTTTTTTTTTTTTTTTT FDIK        TELAPSE      644.89 TCPU      642.49

    ALPHA      ELECTRONS
 INSULATING STATE
 TOP OF VALENCE BANDS -    BAND     36; K    1; EIG -7.1127418E-02 AU
 BOTTOM OF VIRTUAL BANDS - BAND     37; K 1098; EIG  8.5532284E-02 AU
 INDIRECT ENERGY BAND GAP:   4.2629 eV
 BOTTOM OF VIRTUAL BANDS - BAND     37; K    1; EIG  1.3865173E-01 AU

    BETA       ELECTRONS
 INSULATING STATE
 TOP OF VALENCE BANDS -    BAND     36; K    1; EIG -7.1127418E-02 AU
 BOTTOM OF VIRTUAL BANDS - BAND     37; K 1098; EIG  8.5532284E-02 AU
 INDIRECT ENERGY BAND GAP:   4.2629 eV
 BOTTOM OF VIRTUAL BANDS - BAND     37; K    1; EIG  1.3865173E-01 AU
 TTTTTTTTTTTTTTTTTTTTTTTTTTTTTT PDIG        TELAPSE      645.63 TCPU      643.23
 CHARGE NORMALIZATION FACTOR   1.00000000
 TOTAL ATOMIC CHARGES:
   6.0147067   6.0147067   6.0147067   6.0147067   6.0203472   6.0203472
   6.0203472   6.0203472   5.9649461   5.9649461   5.9649461   5.9649461
 SUMMED SPIN DENSITY           0.00000000
 TOTAL ATOMIC SPINS  :
  -0.0000000  -0.0000000  -0.0000000  -0.0000000   0.0000000   0.0000000
   0.0000000   0.0000000   0.0000000   0.0000000   0.0000000   0.0000000
 TTTTTTTTTTTTTTTTTTTTTTTTTTTTTT MOQGAD      TELAPSE      645.63 TCPU      643.23
 TTTTTTTTTTTTTTTTTTTTTTTTTTTTTT SHELLXN     TELAPSE      704.14 TCPU      701.73
 TTTTTTTTTTTTTTTTTTTTTTTTTTTTTT MONMO3      TELAPSE      704.19 TCPU      701.77
 NUMERICALLY INTEGRATED DENSITY     35.9999506217     35.9999506217
 TTTTTTTTTTTTTTTTTTTTTTTTTTTTTT NUMDFT      TELAPSE      704.94 TCPU      702.53
 CYC  10 ETOT(AU) -4.569221693328E+02 DETOT -9.88E-10 tst  3.11E-13 PX  1.61E-06
 TTTTTTTTTTTTTTTTTTTTTTTTTTTTTT DIIS        TELAPSE      705.18 TCPU      702.77
 DIIS TEST: 0.48734E-11 AT SCF   CYCLE  10 - DIIS ACTIVE - HISTORY:    10 CYCLES
 TTTTTTTTTTTTTTTTTTTTTTTTTTTTTT FDIK        TELAPSE      707.92 TCPU      705.51

    ALPHA      ELECTRONS
 INSULATING STATE
 TOP OF VALENCE BANDS -    BAND     36; K    1; EIG -7.1127371E-02 AU
 BOTTOM OF VIRTUAL BANDS - BAND     37; K 1098; EIG  8.5532302E-02 AU
 INDIRECT ENERGY BAND GAP:   4.2629 eV
 BOTTOM OF VIRTUAL BANDS - BAND     37; K    1; EIG  1.3865170E-01 AU

    BETA       ELECTRONS
 INSULATING STATE
 TOP OF VALENCE BANDS -    BAND     36; K    1; EIG -7.1127371E-02 AU
 BOTTOM OF VIRTUAL BANDS - BAND     37; K 1098; EIG  8.5532302E-02 AU
 INDIRECT ENERGY BAND GAP:   4.2629 eV
 BOTTOM OF VIRTUAL BANDS - BAND     37; K    1; EIG  1.3865170E-01 AU
 TTTTTTTTTTTTTTTTTTTTTTTTTTTTTT PDIG        TELAPSE      708.66 TCPU      706.24
 CHARGE NORMALIZATION FACTOR   1.00000000
 TOTAL ATOMIC CHARGES:
   6.0147068   6.0147068   6.0147068   6.0147068   6.0203472   6.0203472
   6.0203472   6.0203472   5.9649460   5.9649460   5.9649460   5.9649460
 SUMMED SPIN DENSITY          -0.00000000
 TOTAL ATOMIC SPINS  :
  -0.0000000  -0.0000000  -0.0000000  -0.0000000  -0.0000000  -0.0000000
  -0.0000000  -0.0000000   0.0000000   0.0000000   0.0000000   0.0000000
 TTTTTTTTTTTTTTTTTTTTTTTTTTTTTT MOQGAD      TELAPSE      708.67 TCPU      706.24
 TTTTTTTTTTTTTTTTTTTTTTTTTTTTTT SHELLXN     TELAPSE      767.17 TCPU      764.73
 +++ ENERGIES IN A.U. +++
 ::: EXT EL-POLE                                  -2.2626087280158E+03
 ::: EXT EL-SPHEROPOLE                             1.8971704535754E+01
 ::: BIELET ZONE E-E                               2.3291413249407E+03
 ::: TOTAL E-E                                     8.5504301460668E+01
 ::: TOTAL E-N + N-E                              -7.8403159587695E+02
 ::: TOTAL N-N                                    -1.6114734696342E+02
 ::: KINETIC ENERGY                                4.5559317060943E+02
 ::: PSEUDO TOTAL   ENERGY                        -4.0408147077027E+02
 ::: VIRIAL COEFFICIENT                            1.0599199945650E+00
 TTTTTTTTTTTTTTTTTTTTTTTTTTTTTT MONMO3      TELAPSE      767.21 TCPU      764.78
 NUMERICALLY INTEGRATED DENSITY     35.9999506217     35.9999506217
 EXCHANGE ENERGY: -0.497874572731E+02  CORRELATION ENERGY: -0.305324128936E+01
 TTTTTTTTTTTTTTTTTTTTTTTTTTTTTT NUMDFT      TELAPSE      767.97 TCPU      765.54
 CYC  11 ETOT(AU) -4.569221693327E+02 DETOT  8.49E-11 tst  7.88E-15 PX  1.61E-06

 == SCF ENDED - CONVERGENCE ON ENERGY      E(AU) -4.5692216933275E+02 CYCLES  11


 ENERGY EXPRESSION=HARTREE+FOCK EXCH*0.20000+(BECKE      EXCH)*0.80000+LYP        CORR


 TOTAL ENERGY(DFT)(AU)( 11) -4.5692216933275E+02 DE 8.5E-11 tester 7.9E-15
 TTTTTTTTTTTTTTTTTTTTTTTTTTTTTT EDFT        TELAPSE      767.99 TCPU      765.55
 
 INFORMATION **** DFTD3 ENERGY **** CALCULATE DFTD3 ENERGY

           DFT-D V3(BJ)
 DF                                         b3-lyp    
 parameters
 s6       :    1.0000
 s8       :    1.9889
 a1       :    0.3981
 a2       :    4.4211
 k1 k3    :   16.0000   -4.0000
 Cutoff   :   50.2022
 CN-Cutoff:   21.1671
 ABC-Cutoff:   21.1671
 
 Edisp /kcal,au:   -80.2296 -0.12785395

 E6    /kcal :   -38.5423
 E8    /kcal :   -41.6872
 
 INFORMATION **** DFTD3 ENERGY **** NORMAL TERMINATION OF DFTD3 MODULE

 *******************************************************************************

 DFT-D3 DISPERSION ENERGY CORRECTION

 D3 DISPERSION ENERGY (AU)       -1.2785394761136E-01
 TOTAL ENERGY + DISP (AU)        -4.5705002328036E+02

 *******************************************************************************


 NEIGHBORS OF THE NON-EQUIVALENT ATOMS

 N = NUMBER OF NEIGHBORS AT DISTANCE R
    ATOM  N     R/ANG      R/AU   NEIGHBORS (ATOM LABELS AND CELL INDICES)
   1 C    1     1.4946     2.8244    2 C    1-1 1
   1 C    1     1.5361     2.9027    9 C    0 0 0
   1 C    1     1.5798     2.9854    4 C    0 0 0
   1 C    1     1.5981     3.0200    2 C    0 0 1
   1 C    1     2.1748     4.1098    3 C    1-1 1
   1 C    1     2.2472     4.2466    3 C    0 0 1

   5 C    2     1.5299     2.8910    8 C    1 0 0    8 C    0 1 0
   5 C    1     1.5518     2.9325    9 C    0 0 0
   5 C    1     1.5759     2.9780    6 C    1-1 1
   5 C    1     2.0691     3.9101    7 C    1 0 1
   5 C    1     2.3165     4.3776    7 C    2-1 1
   5 C    1     2.3712     4.4808   10 C    1-1 0

   9 C    1     1.5310     2.8932   10 C    0 0 0
   9 C    1     1.5361     2.9027    1 C    0 0 0
   9 C    1     1.5505     2.9301   10 C    1-1 0
   9 C    1     1.5518     2.9325    5 C    0 0 0
   9 C    1     2.3712     4.4808    6 C    1-1 0
   9 C    1     2.4564     4.6420    2 C    1-1 1

 TTTTTTTTTTTTTTTTTTTTTTTTTTTTTT AFTER FIRST TELAPSE      768.17 TCPU      765.73
 MMMMMMMMMMMMMMMMMMMMMMMMMMMMMMMMMMMMMMMMMMMMMMMMMMMMMMMMMMMMMMMMMMMMMMMMMMMMMMM
     ALPHA+BETA ELECTRONS
 MULLIKEN POPULATION ANALYSIS - NO. OF ELECTRONS   72.000000

  ATOM    Z CHARGE  A.O. POPULATION

   1 C    6  6.015  0.854  1.121  0.750  0.455  0.449  0.430  0.446 -0.010
                   -0.010 -0.016  0.471  0.496  0.535  0.006  0.012  0.008
                    0.013  0.006
   2 C    6  6.015  0.854  1.121  0.750  0.455  0.449  0.430  0.446 -0.010
                   -0.010 -0.016  0.471  0.496  0.535  0.006  0.012  0.008
                    0.013  0.006
   3 C    6  6.015  0.854  1.121  0.750  0.455  0.449  0.430  0.446 -0.010
                   -0.010 -0.016  0.471  0.496  0.535  0.006  0.012  0.008
                    0.013  0.006
   4 C    6  6.015  0.854  1.121  0.750  0.455  0.449  0.430  0.446 -0.010
                   -0.010 -0.016  0.471  0.496  0.535  0.006  0.012  0.008
                    0.013  0.006
   5 C    6  6.020  0.854  1.120  0.749  0.451  0.450  0.446  0.439 -0.006
                   -0.013 -0.015  0.470  0.518  0.510  0.012  0.006  0.008
                    0.007  0.012
   6 C    6  6.020  0.854  1.120  0.749  0.451  0.450  0.446  0.439 -0.006
                   -0.013 -0.015  0.470  0.518  0.510  0.012  0.006  0.008
                    0.007  0.012
   7 C    6  6.020  0.854  1.120  0.749  0.451  0.450  0.446  0.439 -0.006
                   -0.013 -0.015  0.470  0.518  0.510  0.012  0.006  0.008
                    0.007  0.012
   8 C    6  6.020  0.854  1.120  0.749  0.451  0.450  0.446  0.439 -0.006
                   -0.013 -0.015  0.470  0.518  0.510  0.012  0.006  0.008
                    0.007  0.012
   9 C    6  5.965  0.853  1.121  0.753  0.422  0.447  0.436  0.441 -0.002
                   -0.001  0.002  0.485  0.491  0.473  0.005  0.012  0.012
                    0.010  0.005
  10 C    6  5.965  0.853  1.121  0.753  0.422  0.447  0.436  0.441 -0.002
                   -0.001  0.002  0.485  0.491  0.473  0.005  0.012  0.012
                    0.010  0.005
  11 C    6  5.965  0.853  1.121  0.753  0.422  0.447  0.436  0.441 -0.002
                   -0.001  0.002  0.485  0.491  0.473  0.005  0.012  0.012
                    0.010  0.005
  12 C    6  5.965  0.853  1.121  0.753  0.422  0.447  0.436  0.441 -0.002
                   -0.001  0.002  0.485  0.491  0.473  0.005  0.012  0.012
                    0.010  0.005

  ATOM    Z CHARGE  SHELL POPULATION

   1 C    6  6.015  0.854  1.121  0.750  0.455  1.324 -0.036  1.502  0.045
   2 C    6  6.015  0.854  1.121  0.750  0.455  1.324 -0.036  1.502  0.045
   3 C    6  6.015  0.854  1.121  0.750  0.455  1.324 -0.036  1.502  0.045
   4 C    6  6.015  0.854  1.121  0.750  0.455  1.324 -0.036  1.502  0.045
   5 C    6  6.020  0.854  1.120  0.749  0.451  1.334 -0.033  1.498  0.046
   6 C    6  6.020  0.854  1.120  0.749  0.451  1.334 -0.033  1.498  0.046
   7 C    6  6.020  0.854  1.120  0.749  0.451  1.334 -0.033  1.498  0.046
   8 C    6  6.020  0.854  1.120  0.749  0.451  1.334 -0.033  1.498  0.046
   9 C    6  5.965  0.853  1.121  0.753  0.422  1.324 -0.001  1.448  0.045
  10 C    6  5.965  0.853  1.121  0.753  0.422  1.324 -0.001  1.448  0.045
  11 C    6  5.965  0.853  1.121  0.753  0.422  1.324 -0.001  1.448  0.045
  12 C    6  5.965  0.853  1.121  0.753  0.422  1.324 -0.001  1.448  0.045

 OVERLAP POPULATION CONDENSED TO ATOMS FOR FIRST   6 NEIGHBORS

 ATOM A   1 C    ATOM B     CELL      R(AB)/AU R(AB)/ANG    OVPOP(AB)
                  2 C    (  1 -1  1)     2.824     1.495     0.267
                  9 C    (  0  0  0)     2.903     1.536     0.286
                  4 C    (  0  0  0)     2.985     1.580     0.320
                  2 C    (  0  0  1)     3.020     1.598     0.312
                  3 C    (  1 -1  1)     4.110     2.175    -0.084
                  3 C    (  0  0  1)     4.247     2.247    -0.099

 ATOM A   5 C    ATOM B     CELL      R(AB)/AU R(AB)/ANG    OVPOP(AB)
                  8 C    (  1  0  0)     2.891     1.530     0.280
                  9 C    (  0  0  0)     2.933     1.552     0.284
                  6 C    (  1 -1  1)     2.978     1.576     0.331
                  7 C    (  1  0  1)     3.910     2.069    -0.069
                  7 C    (  2 -1  1)     4.378     2.317    -0.087
                 10 C    (  1 -1  0)     4.481     2.371    -0.036

 ATOM A   9 C    ATOM B     CELL      R(AB)/AU R(AB)/ANG    OVPOP(AB)
                 10 C    (  0  0  0)     2.893     1.531     0.341
                  1 C    (  0  0  0)     2.903     1.536     0.286
                 10 C    (  1 -1  0)     2.930     1.551     0.331
                  5 C    (  0  0  0)     2.933     1.552     0.284
                  6 C    (  1 -1  0)     4.481     2.371    -0.036
                  2 C    (  1 -1  1)     4.642     2.456    -0.002
 TTTTTTTTTTTTTTTTTTTTTTTTTTTTTT AFTER FIRST TELAPSE      768.34 TCPU      765.76
 MMMMMMMMMMMMMMMMMMMMMMMMMMMMMMMMMMMMMMMMMMMMMMMMMMMMMMMMMMMMMMMMMMMMMMMMMMMMMMM
     ALPHA-BETA ELECTRONS
 MULLIKEN POPULATION ANALYSIS - NO. OF ELECTRONS   -0.000000

  ATOM    Z CHARGE  A.O. POPULATION

   1 C    6 -0.000  0.000 -0.000  0.000 -0.000  0.000 -0.000  0.000 -0.000
                    0.000  0.000  0.000 -0.000 -0.000 -0.000 -0.000  0.000
                    0.000 -0.000
   2 C    6 -0.000  0.000 -0.000  0.000 -0.000  0.000 -0.000  0.000 -0.000
                    0.000  0.000  0.000 -0.000 -0.000 -0.000 -0.000  0.000
                    0.000 -0.000
   3 C    6 -0.000  0.000 -0.000  0.000 -0.000  0.000 -0.000  0.000 -0.000
                    0.000  0.000  0.000 -0.000 -0.000 -0.000 -0.000  0.000
                    0.000 -0.000
   4 C    6 -0.000  0.000 -0.000  0.000 -0.000  0.000 -0.000  0.000 -0.000
                    0.000  0.000  0.000 -0.000 -0.000 -0.000 -0.000  0.000
                    0.000 -0.000
   5 C    6 -0.000  0.000 -0.000  0.000 -0.000 -0.000  0.000 -0.000 -0.000
                   -0.000  0.000 -0.000  0.000  0.000 -0.000 -0.000  0.000
                   -0.000 -0.000
   6 C    6 -0.000  0.000 -0.000  0.000 -0.000 -0.000  0.000 -0.000 -0.000
                   -0.000  0.000 -0.000  0.000  0.000 -0.000 -0.000  0.000
                   -0.000 -0.000
   7 C    6 -0.000  0.000 -0.000  0.000 -0.000 -0.000  0.000 -0.000 -0.000
                   -0.000  0.000 -0.000  0.000  0.000 -0.000 -0.000  0.000
                   -0.000 -0.000
   8 C    6 -0.000  0.000 -0.000  0.000 -0.000 -0.000  0.000 -0.000 -0.000
                   -0.000  0.000 -0.000  0.000  0.000 -0.000 -0.000  0.000
                   -0.000 -0.000
   9 C    6  0.000 -0.000  0.000 -0.000  0.000  0.000  0.000 -0.000 -0.000
                    0.000 -0.000  0.000  0.000  0.000  0.000  0.000 -0.000
                    0.000 -0.000
  10 C    6  0.000 -0.000  0.000 -0.000  0.000  0.000  0.000 -0.000 -0.000
                    0.000 -0.000  0.000  0.000  0.000  0.000  0.000 -0.000
                    0.000 -0.000
  11 C    6  0.000 -0.000  0.000 -0.000  0.000  0.000  0.000 -0.000 -0.000
                    0.000 -0.000  0.000  0.000  0.000  0.000  0.000 -0.000
                    0.000 -0.000
  12 C    6  0.000 -0.000  0.000 -0.000  0.000  0.000  0.000 -0.000 -0.000
                    0.000 -0.000  0.000  0.000  0.000  0.000  0.000 -0.000
                    0.000 -0.000

  ATOM    Z CHARGE  SHELL POPULATION

   1 C    6 -0.000  0.000 -0.000  0.000 -0.000  0.000 -0.000 -0.000 -0.000
   2 C    6 -0.000  0.000 -0.000  0.000 -0.000  0.000 -0.000 -0.000 -0.000
   3 C    6 -0.000  0.000 -0.000  0.000 -0.000  0.000 -0.000 -0.000 -0.000
   4 C    6 -0.000  0.000 -0.000  0.000 -0.000  0.000 -0.000 -0.000 -0.000
   5 C    6 -0.000  0.000 -0.000  0.000 -0.000  0.000 -0.000 -0.000 -0.000
   6 C    6 -0.000  0.000 -0.000  0.000 -0.000  0.000 -0.000 -0.000 -0.000
   7 C    6 -0.000  0.000 -0.000  0.000 -0.000  0.000 -0.000 -0.000 -0.000
   8 C    6 -0.000  0.000 -0.000  0.000 -0.000  0.000 -0.000 -0.000 -0.000
   9 C    6  0.000 -0.000  0.000 -0.000  0.000  0.000 -0.000  0.000 -0.000
  10 C    6  0.000 -0.000  0.000 -0.000  0.000  0.000 -0.000  0.000 -0.000
  11 C    6  0.000 -0.000  0.000 -0.000  0.000  0.000 -0.000  0.000 -0.000
  12 C    6  0.000 -0.000  0.000 -0.000  0.000  0.000 -0.000  0.000 -0.000

 OVERLAP POPULATION CONDENSED TO ATOMS FOR FIRST   6 NEIGHBORS

 ATOM A   1 C    ATOM B     CELL      R(AB)/AU R(AB)/ANG    OVPOP(AB)
                  2 C    (  1 -1  1)     2.824     1.495     0.000
                  9 C    (  0  0  0)     2.903     1.536    -0.000
                  4 C    (  0  0  0)     2.985     1.580     0.000
                  2 C    (  0  0  1)     3.020     1.598    -0.000
                  3 C    (  1 -1  1)     4.110     2.175    -0.000
                  3 C    (  0  0  1)     4.247     2.247     0.000

 ATOM A   5 C    ATOM B     CELL      R(AB)/AU R(AB)/ANG    OVPOP(AB)
                  8 C    (  1  0  0)     2.891     1.530     0.000
                  9 C    (  0  0  0)     2.933     1.552     0.000
                  6 C    (  1 -1  1)     2.978     1.576    -0.000
                  7 C    (  1  0  1)     3.910     2.069    -0.000
                  7 C    (  2 -1  1)     4.378     2.317     0.000
                 10 C    (  1 -1  0)     4.481     2.371    -0.000

 ATOM A   9 C    ATOM B     CELL      R(AB)/AU R(AB)/ANG    OVPOP(AB)
                 10 C    (  0  0  0)     2.893     1.531    -0.000
                  1 C    (  0  0  0)     2.903     1.536    -0.000
                 10 C    (  1 -1  0)     2.930     1.551     0.000
                  5 C    (  0  0  0)     2.933     1.552     0.000
                  6 C    (  1 -1  0)     4.481     2.371    -0.000
                  2 C    (  1 -1  1)     4.642     2.456    -0.000
 EIGENVECTORS IN FORTRAN UNIT 10
 TTTTTTTTTTTTTTTTTTTTTTTTTTTTTT END         TELAPSE      768.88 TCPU      766.26
 EEEEEEEEEE TERMINATION  DATE 24 01 2026 TIME 23:24:56.9
NODE    0 CPU TIME =       766.262
NODE    1 CPU TIME =       765.396
NODE    2 CPU TIME =       766.153
NODE    3 CPU TIME =       766.033
NODE    4 CPU TIME =       766.021
NODE    5 CPU TIME =       766.246
NODE    6 CPU TIME =       766.055
NODE    7 CPU TIME =       766.436
NODE    8 CPU TIME =       766.014
NODE    9 CPU TIME =       765.901
NODE   10 CPU TIME =       765.737
NODE   11 CPU TIME =       766.264
NODE   12 CPU TIME =       766.279
NODE   13 CPU TIME =       766.298
NODE   14 CPU TIME =       766.190
NODE   15 CPU TIME =       766.568
NODE   16 CPU TIME =       766.635
NODE   17 CPU TIME =       765.969
NODE   18 CPU TIME =       765.651
NODE   19 CPU TIME =       765.833
NODE   20 CPU TIME =       766.336
NODE   21 CPU TIME =       766.435
NODE   22 CPU TIME =       765.577
NODE   23 CPU TIME =       766.332
NODE   24 CPU TIME =       766.587
NODE   25 CPU TIME =       765.965
NODE   26 CPU TIME =       765.624
NODE   27 CPU TIME =       766.183
NODE   28 CPU TIME =       765.857
NODE   29 CPU TIME =       766.092
NODE   30 CPU TIME =       765.884
NODE   31 CPU TIME =       765.762
    TOTAL CPU TIME =     24514.576
