MPI startup(): Warning: I_MPI_PMI_LIBRARY will be ignored since the hydra process manager was found
MPI startup(): Warning: I_MPI_PMI_LIBRARY will be ignored since the hydra process manager was found
MPI startup(): Warning: I_MPI_PMI_LIBRARY will be ignored since the hydra process manager was found
MPI startup(): Warning: I_MPI_PMI_LIBRARY will be ignored since the hydra process manager was found
MPI startup(): Warning: I_MPI_PMI_LIBRARY will be ignored since the hydra process manager was found
MPI startup(): Warning: I_MPI_PMI_LIBRARY will be ignored since the hydra process manager was found
MPI startup(): Warning: I_MPI_PMI_LIBRARY will be ignored since the hydra process manager was found
MPI startup(): Warning: I_MPI_PMI_LIBRARY will be ignored since the hydra process manager was found
MPI startup(): Warning: I_MPI_PMI_LIBRARY will be ignored since the hydra process manager was found
MPI startup(): Warning: I_MPI_PMI_LIBRARY will be ignored since the hydra process manager was found
MPI startup(): Warning: I_MPI_PMI_LIBRARY will be ignored since the hydra process manager was found
MPI startup(): Warning: I_MPI_PMI_LIBRARY will be ignored since the hydra process manager was found
MPI startup(): Warning: I_MPI_PMI_LIBRARY will be ignored since the hydra process manager was found
MPI startup(): Warning: I_MPI_PMI_LIBRARY will be ignored since the hydra process manager was found
MPI startup(): Warning: I_MPI_PMI_LIBRARY will be ignored since the hydra process manager was found
MPI startup(): Warning: I_MPI_PMI_LIBRARY will be ignored since the hydra process manager was found
MPI startup(): Warning: I_MPI_PMI_LIBRARY will be ignored since the hydra process manager was found
MPI startup(): Warning: I_MPI_PMI_LIBRARY will be ignored since the hydra process manager was found
MPI startup(): Warning: I_MPI_PMI_LIBRARY will be ignored since the hydra process manager was found
MPI startup(): Warning: I_MPI_PMI_LIBRARY will be ignored since the hydra process manager was found
MPI startup(): Warning: I_MPI_PMI_LIBRARY will be ignored since the hydra process manager was found
MPI startup(): Warning: I_MPI_PMI_LIBRARY will be ignored since the hydra process manager was found
MPI startup(): Warning: I_MPI_PMI_LIBRARY will be ignored since the hydra process manager was found
MPI startup(): Warning: I_MPI_PMI_LIBRARY will be ignored since the hydra process manager was found
MPI startup(): Warning: I_MPI_PMI_LIBRARY will be ignored since the hydra process manager was found
MPI startup(): Warning: I_MPI_PMI_LIBRARY will be ignored since the hydra process manager was found
MPI startup(): Warning: I_MPI_PMI_LIBRARY will be ignored since the hydra process manager was found
MPI startup(): Warning: I_MPI_PMI_LIBRARY will be ignored since the hydra process manager was found
MPI startup(): Warning: I_MPI_PMI_LIBRARY will be ignored since the hydra process manager was found
MPI startup(): Warning: I_MPI_PMI_LIBRARY will be ignored since the hydra process manager was found
MPI startup(): Warning: I_MPI_PMI_LIBRARY will be ignored since the hydra process manager was found
MPI startup(): Warning: I_MPI_PMI_LIBRARY will be ignored since the hydra process manager was found
 PROCESS            0  OF           32  WORKING
 PROCESS            1  OF           32  WORKING
 PROCESS            2  OF           32  WORKING
 PROCESS            3  OF           32  WORKING
 PROCESS            4  OF           32  WORKING
 PROCESS            6  OF           32  WORKING
 PROCESS            7  OF           32  WORKING
 PROCESS            5  OF           32  WORKING
 PROCESS            8  OF           32  WORKING

         
 *******************************************************************************
 *                                                                             *
 *                               CRYSTAL23                                     *
 *                      public : 1.0.1 - October 2022                          *
 *                       HTTP://WWW.CRYSTAL.UNITO.IT                           *
 *                                                                             *
 *                              MAIN AUTHORS                                   *
 *                                                                             *
 *  R. DOVESI(1,11), V.R. SAUNDERS(2), C. ROETTI(1,11), R. ORLANDO(1,11),      *
 *  C.M. ZICOVICH-WILSON(1,3), F. PASCALE(4), B. CIVALLERI(1,11),              *
 *  K. DOLL(5), N.M. HARRISON(6), I.J. BUSH(7), Ph. D'ARCO(8),                 *
 *  M. LLUNELL(9), M. CAUSA'(10), Y. NOEL(8), L. MASCHIO(1,11), A. ERBA(1,11)  *
 *  M. RE'RAT(14), S. CASASSA(1,11), B.G. SEARLE(2), J.K. DESMARAIS(1)         *
 *                                                                             *
 *        CONTRIBUTIONS TO THE CODE HAVE ALSO BEEN GIVEN BY                    *
 *                                                                             *
 *  M. FERRABONE(1,11), M. DE LA PIERRE(1,11), M. FERRERO(1,11),               *
 *  J. BAIMA(1,11), E. ALBANESE(1,11), M.F. PEINTINGER(12), R. BAST(13),       *
 *  B. KIRTMAN(15), V. LACIVITA(1,11), R. DEMICHELIS(1,16)                     *
 *  G. BRANDEBURG(17), S. SALUSTRO(1,11), G. SANSONE(1,11)                     *
 *  M.T. RUGGIERO(18), L.E. DAGA(1), L. DONA'(1), A. COSSARD(1)                *
 *                                                                             *
 * (1) THEORETICAL CHEMISTRY GROUP - UNIVERSITA' DI TORINO - TORINO (ITALY)    *
 * (2) SCIENTIFIC COMPUTING DEPARTMENT - STFC DARESBURY (UK)                   *
 * (3) UNIVERSIDAD AUTONOMA DEL ESTADO DE MORELOS - CUERNAVACA (MEXICO)        *
 * (4) UNIVERSITE' DE LORRAINE - NANCY (FRANCE)                                *
 * (5) UNIVERSITAET STUTTGART- STUTTGART (GERMANY)                             *
 * (6) IMPERIAL COLLEGE - LONDON (UK)                                          *
 * (7) SCIENTIFIC COMPUTING DEPARTMENT - STFC RAL (UK)                         *
 * (8) UPMC - SORBONNE UNIVERSITES - PARIS (FRANCE)                            *
 * (9) UNIVERSIDAD DE BARCELONA - BARCELONA (SPAIN)                            *
 *(10) UNIVERSITA' DI NAPOLI "FEDERICO II" - NAPOLI (ITALY)                    *
 *(11) NIS - NANOSTRUCTURED INTERFACES AND SURFACES - TORINO (ITALY)           *
 *(12) MPI FUER CHEMISCHE ENERGIEKONVERSION - MUELHEIM AN DER RUHR (GERMANY)   *
 *(13) UNIVERSITY OF TROMSO - TROMSO (NORWAY)                                  *
 *(14) UNIVERSITE' DE PAU ET DES PAYS DE L'ADOUR - PAU (FRANCE)                *
 *(15) UNIVERSITY OF CALIFORNIA SANTA BARBARA - SANTA BARBARA (USA)            *
 *(16) CURTIN UNIVERSITY - PERTH (AUSTRALIA)                                   *
 *(17) UNIVERSITY COLLEGE LONDON - LONDON (UK)                                 *
 *(18) UNIVERSITY OF VERMONT - BURLINGTON (USA)                                *
 *                                                                             *
 *******************************************************************************
 EEEEEEEEEE STARTING  DATE 30 01 2026 TIME 23:10:51.6
 ./4^3T144-CA_rev1_sp_B3LYP-D3-D3_optimized                                      
 PROCESS           27  OF           32  WORKING
 PROCESS           25  OF           32  WORKING
 PROCESS           26  OF           32  WORKING
 PROCESS           11  OF           32  WORKING
 PROCESS           28  OF           32  WORKING
 PROCESS           30  OF           32  WORKING
 PROCESS           31  OF           32  WORKING
 PROCESS           29  OF           32  WORKING
 PROCESS           10  OF           32  WORKING
 PROCESS           12  OF           32  WORKING
 PROCESS           13  OF           32  WORKING
 PROCESS           20  OF           32  WORKING
 PROCESS           23  OF           32  WORKING
 PROCESS           24  OF           32  WORKING
 PROCESS           14  OF           32  WORKING
 PROCESS           22  OF           32  WORKING
 PROCESS           15  OF           32  WORKING
 PROCESS           16  OF           32  WORKING
 PROCESS           17  OF           32  WORKING
 PROCESS           18  OF           32  WORKING
 PROCESS           19  OF           32  WORKING
 PROCESS           21  OF           32  WORKING

 CRYSTAL CALCULATION
 (INPUT ACCORDING TO THE INTERNATIONAL TABLES FOR X-RAY CRYSTALLOGRAPHY)
 CRYSTAL FAMILY                       :  ORTHORHOMBIC
 CRYSTAL CLASS  (GROTH - 1921)        :  ORTHORHOMBIC BIPYRAMIDAL             

 SPACE GROUP (CENTROSYMMETRIC)        :  P B C M         

 LATTICE PARAMETERS  (ANGSTROMS AND DEGREES) - CONVENTIONAL CELL
        A           B           C        ALPHA        BETA       GAMMA
     4.73827     8.52009     4.41681    90.00000    90.00000    90.00000


 NUMBER OF IRREDUCIBLE ATOMS IN THE CONVENTIONAL CELL:    3

 INPUT COORDINATES

 ATOM AT. N.              COORDINATES
   1   6    -3.679402650543E-01  4.737871082761E-01 -4.279360763237E-01
   2   6     2.043050136802E-01 -3.284325165932E-01 -4.281325119898E-01
   3   6     6.981856970354E-02  6.328989482922E-02 -4.228086748365E-01

 *******************************************************************************

 << INFORMATION >>: FROM NOW ON, ALL COORDINATES REFER TO THE PRIMITIVE CELL

 *******************************************************************************

 LATTICE PARAMETERS  (ANGSTROMS AND DEGREES) - PRIMITIVE CELL
       A          B          C        ALPHA      BETA     GAMMA        VOLUME
    4.73827    8.52009    4.41681    90.00000  90.00000  90.00000    178.308900

 COORDINATES OF THE EQUIVALENT ATOMS (FRACTIONAL UNITS)

 N. ATOM EQUIV AT. N.          X                  Y                  Z

   1   1   1    6 C    -3.67940265054E-01  4.73787108276E-01 -4.27936076324E-01
   2   1   2    6 C     3.67940265054E-01 -4.73787108276E-01  7.20639236763E-02
   3   1   3    6 C    -3.67940265054E-01  2.62128917239E-02  4.27936076324E-01
   4   1   4    6 C     3.67940265054E-01 -2.62128917239E-02 -7.20639236763E-02
   5   1   5    6 C     3.67940265054E-01 -4.73787108276E-01  4.27936076324E-01
   6   1   6    6 C    -3.67940265054E-01  4.73787108276E-01 -7.20639236763E-02
   7   1   7    6 C     3.67940265054E-01 -2.62128917239E-02 -4.27936076324E-01
   8   1   8    6 C    -3.67940265054E-01  2.62128917239E-02  7.20639236763E-02

   9   2   1    6 C     2.04305013680E-01 -3.28432516593E-01 -4.28132511990E-01
  10   2   2    6 C    -2.04305013680E-01  3.28432516593E-01  7.18674880102E-02
  11   2   3    6 C     2.04305013680E-01 -1.71567483407E-01  4.28132511990E-01
  12   2   4    6 C    -2.04305013680E-01  1.71567483407E-01 -7.18674880102E-02
  13   2   5    6 C    -2.04305013680E-01  3.28432516593E-01  4.28132511990E-01
  14   2   6    6 C     2.04305013680E-01 -3.28432516593E-01 -7.18674880102E-02
  15   2   7    6 C    -2.04305013680E-01  1.71567483407E-01 -4.28132511990E-01
  16   2   8    6 C     2.04305013680E-01 -1.71567483407E-01  7.18674880102E-02

  17   3   1    6 C     6.98185697035E-02  6.32898948292E-02 -4.22808674836E-01
  18   3   2    6 C    -6.98185697035E-02 -6.32898948292E-02  7.71913251635E-02
  19   3   3    6 C     6.98185697035E-02  4.36710105171E-01  4.22808674836E-01
  20   3   4    6 C    -6.98185697035E-02 -4.36710105171E-01 -7.71913251635E-02
  21   3   5    6 C    -6.98185697035E-02 -6.32898948292E-02  4.22808674836E-01
  22   3   6    6 C     6.98185697035E-02  6.32898948292E-02 -7.71913251635E-02
  23   3   7    6 C    -6.98185697035E-02 -4.36710105171E-01 -4.22808674836E-01
  24   3   8    6 C     6.98185697035E-02  4.36710105171E-01  7.71913251635E-02

 NUMBER OF SYMMETRY OPERATORS         :    8
 *******************************************************************************
 * GEOMETRY EDITING - INPUT COORDINATES ARE GIVEN IN ANGSTROM         
 *******************************************************************************

 GEOMETRY NOW FULLY CONSISTENT WITH THE GROUP

 GCALCO - MAX INDICES DIRECT LATTICE VECTOR    17     9    19
 NO.OF VECTORS CREATED 6999 STARS 1059 RMAX   126.46309 BOHR

 GEOMETRY FOR WAVE FUNCTION - DIMENSIONALITY OF THE SYSTEM    3
 (NON PERIODIC DIRECTION: LATTICE PARAMETER FORMALLY SET TO 500)
 *******************************************************************************
 LATTICE PARAMETERS (ANGSTROMS AND DEGREES) - BOHR = 0.5291772083 ANGSTROM
 PRIMITIVE CELL - CENTRING CODE 1/0 VOLUME=   178.308900 - DENSITY  2.682 g/cm^3
         A              B              C           ALPHA      BETA       GAMMA 
     4.73827163     8.52009122     4.41681107    90.000000  90.000000  90.000000
 *******************************************************************************
 ATOMS IN THE ASYMMETRIC UNIT    3 - ATOMS IN THE UNIT CELL:   24
     ATOM                 X/A                 Y/B                 Z/C    
 *******************************************************************************
      1 T   6 C    -3.679402650543E-01  4.737871082761E-01 -4.279360763237E-01
      2 F   6 C     3.679402650543E-01 -4.737871082761E-01  7.206392367630E-02
      3 F   6 C    -3.679402650543E-01  2.621289172390E-02  4.279360763237E-01
      4 F   6 C     3.679402650543E-01 -2.621289172390E-02 -7.206392367630E-02
      5 F   6 C     3.679402650543E-01 -4.737871082761E-01  4.279360763237E-01
      6 F   6 C    -3.679402650543E-01  4.737871082761E-01 -7.206392367630E-02
      7 F   6 C     3.679402650543E-01 -2.621289172390E-02 -4.279360763237E-01
      8 F   6 C    -3.679402650543E-01  2.621289172390E-02  7.206392367630E-02
      9 T   6 C     2.043050136802E-01 -3.284325165932E-01 -4.281325119898E-01
     10 F   6 C    -2.043050136802E-01  3.284325165932E-01  7.186748801020E-02
     11 F   6 C     2.043050136802E-01 -1.715674834068E-01  4.281325119898E-01
     12 F   6 C    -2.043050136802E-01  1.715674834068E-01 -7.186748801020E-02
     13 F   6 C    -2.043050136802E-01  3.284325165932E-01  4.281325119898E-01
     14 F   6 C     2.043050136802E-01 -3.284325165932E-01 -7.186748801020E-02
     15 F   6 C    -2.043050136802E-01  1.715674834068E-01 -4.281325119898E-01
     16 F   6 C     2.043050136802E-01 -1.715674834068E-01  7.186748801020E-02
     17 T   6 C     6.981856970354E-02  6.328989482922E-02 -4.228086748365E-01
     18 F   6 C    -6.981856970354E-02 -6.328989482922E-02  7.719132516350E-02
     19 F   6 C     6.981856970354E-02  4.367101051708E-01  4.228086748365E-01
     20 F   6 C    -6.981856970354E-02 -4.367101051708E-01 -7.719132516350E-02
     21 F   6 C    -6.981856970354E-02 -6.328989482922E-02  4.228086748365E-01
     22 F   6 C     6.981856970354E-02  6.328989482922E-02 -7.719132516350E-02
     23 F   6 C    -6.981856970354E-02 -4.367101051708E-01 -4.228086748365E-01
     24 F   6 C     6.981856970354E-02  4.367101051708E-01  7.719132516350E-02

 T = ATOM BELONGING TO THE ASYMMETRIC UNIT

 ****    8 SYMMOPS - TRANSLATORS IN FRACTIONAL UNITS
 **** MATRICES AND TRANSLATORS IN THE CRYSTALLOGRAPHIC REFERENCE FRAME
   V INV                    ROTATION MATRICES                   TRANSLATORS
   1   1  1.00  0.00  0.00  0.00  1.00  0.00  0.00  0.00  1.00  0.00  0.00  0.00
   2   2 -1.00  0.00  0.00  0.00 -1.00  0.00  0.00  0.00  1.00  0.00  0.00  0.50
   3   3  1.00  0.00  0.00  0.00 -1.00  0.00  0.00  0.00 -1.00  0.00  0.50  0.00
   4   4 -1.00  0.00  0.00  0.00  1.00  0.00  0.00  0.00 -1.00  0.00  0.50  0.50
   5   5 -1.00  0.00  0.00  0.00 -1.00  0.00  0.00  0.00 -1.00  0.00  0.00  0.00
   6   6  1.00  0.00  0.00  0.00  1.00  0.00  0.00  0.00 -1.00  0.00  0.00  0.50
   7   7 -1.00  0.00  0.00  0.00  1.00  0.00  0.00  0.00  1.00  0.00  0.50  0.00
   8   8  1.00  0.00  0.00  0.00 -1.00  0.00  0.00  0.00  1.00  0.00  0.50  0.50

 DIRECT LATTICE VECTORS CARTESIAN COMPONENTS (ANGSTROM)
          X                    Y                    Z
   0.473827163000E+01   0.000000000000E+00   0.000000000000E+00
   0.000000000000E+00   0.852009122000E+01   0.000000000000E+00
   0.000000000000E+00   0.000000000000E+00   0.441681107000E+01


 CARTESIAN COORDINATES - PRIMITIVE CELL
 *******************************************************************************
 *      ATOM          X(ANGSTROM)         Y(ANGSTROM)         Z(ANGSTROM)
 *******************************************************************************
    1     6 C    -1.743400919441E+00  4.036709381372E+00 -1.890112799159E+00
    2     6 C     1.743400919441E+00 -4.036709381372E+00  3.182927358411E-01
    3     6 C    -1.743400919441E+00  2.233362286276E-01  1.890112799159E+00
    4     6 C     1.743400919441E+00 -2.233362286276E-01 -3.182927358411E-01
    5     6 C     1.743400919441E+00 -4.036709381372E+00  1.890112799159E+00
    6     6 C    -1.743400919441E+00  4.036709381372E+00 -3.182927358411E-01
    7     6 C     1.743400919441E+00 -2.233362286276E-01 -1.890112799159E+00
    8     6 C    -1.743400919441E+00  2.233362286276E-01  3.182927358411E-01
    9     6 C     9.680526501877E-01 -2.798275000988E+00 -1.890980418383E+00
   10     6 C    -9.680526501877E-01  2.798275000988E+00  3.174251166165E-01
   11     6 C     9.680526501877E-01 -1.461770609012E+00  1.890980418383E+00
   12     6 C    -9.680526501877E-01  1.461770609012E+00 -3.174251166165E-01
   13     6 C    -9.680526501877E-01  2.798275000988E+00  1.890980418383E+00
   14     6 C     9.680526501877E-01 -2.798275000988E+00 -3.174251166165E-01
   15     6 C    -9.680526501877E-01  1.461770609012E+00 -1.890980418383E+00
   16     6 C     9.680526501877E-01 -1.461770609012E+00  3.174251166165E-01
   17     6 C     3.308193480735E-01  5.392356772492E-01 -1.867466035510E+00
   18     6 C    -3.308193480735E-01 -5.392356772492E-01  3.409394994901E-01
   19     6 C     3.308193480735E-01  3.720809932751E+00  1.867466035510E+00
   20     6 C    -3.308193480735E-01 -3.720809932751E+00 -3.409394994901E-01
   21     6 C    -3.308193480735E-01 -5.392356772492E-01  1.867466035510E+00
   22     6 C     3.308193480735E-01  5.392356772492E-01 -3.409394994901E-01
   23     6 C    -3.308193480735E-01 -3.720809932751E+00 -1.867466035510E+00
   24     6 C     3.308193480735E-01  3.720809932751E+00  3.409394994901E-01

 *******************************************************************************
 LOCAL ATOMIC FUNCTIONS BASIS SET
 *******************************************************************************
   ATOM   X(AU)   Y(AU)   Z(AU)  N. TYPE  EXPONENT  S COEF   P COEF   D/F/G COEF
 *******************************************************************************
   1 C   -3.295   7.628  -3.572
                                  1 S  
                                         1.358E+04 2.225E-04 0.000E+00 0.000E+00
                                         2.035E+03 1.723E-03 0.000E+00 0.000E+00
                                         4.632E+02 8.926E-03 0.000E+00 0.000E+00
                                         1.312E+02 3.573E-02 0.000E+00 0.000E+00
                                         4.285E+01 1.108E-01 0.000E+00 0.000E+00
                                         1.558E+01 2.430E-01 0.000E+00 0.000E+00
                                  2 S  
                                         6.207E+00 4.144E-01 0.000E+00 0.000E+00
                                         2.576E+00 2.374E-01 0.000E+00 0.000E+00
                                  3 S  
                                         4.941E-01 1.000E+00 0.000E+00 0.000E+00
                                  4 S  
                                         1.644E-01 1.000E+00 0.000E+00 0.000E+00
                           5-     7 P  
                                         3.470E+01 0.000E+00 5.333E-03 0.000E+00
                                         7.958E+00 0.000E+00 3.586E-02 0.000E+00
                                         2.378E+00 0.000E+00 1.422E-01 0.000E+00
                                         8.143E-01 0.000E+00 3.427E-01 0.000E+00
                           8-    10 P  
                                         5.662E-01 0.000E+00 1.000E+00 0.000E+00
                          11-    13 P  
                                         2.674E-01 0.000E+00 1.000E+00 0.000E+00
                          14-    18 D  
                                         8.792E-01 0.000E+00 0.000E+00 1.000E+00
   2 C    3.295  -7.628   0.601
   3 C   -3.295   0.422   3.572
   4 C    3.295  -0.422  -0.601
   5 C    3.295  -7.628   3.572
   6 C   -3.295   7.628  -0.601
   7 C    3.295  -0.422  -3.572
   8 C   -3.295   0.422   0.601
   9 C    1.829  -5.288  -3.573
  10 C   -1.829   5.288   0.600
  11 C    1.829  -2.762   3.573
  12 C   -1.829   2.762  -0.600
  13 C   -1.829   5.288   3.573
  14 C    1.829  -5.288  -0.600
  15 C   -1.829   2.762  -3.573
  16 C    1.829  -2.762   0.600
  17 C    0.625   1.019  -3.529
  18 C   -0.625  -1.019   0.644
  19 C    0.625   7.031   3.529
  20 C   -0.625  -7.031  -0.644
  21 C   -0.625  -1.019   3.529
  22 C    0.625   1.019  -0.644
  23 C   -0.625  -7.031  -3.529
  24 C    0.625   7.031   0.644
 INFORMATION **** SET_MPP **** PCRYSTAL CALCULATION
 INFORMATION **** READM2 **** NEW DEFAULT: FOCK/KS MATRIX MIXING SET TO 30 %
 INFORMATION **** READM2 **** NEW DEFAULT: FULL DIRECT SCF MODE
 INFORMATION **** READM2 **** NEW DEFAULT: COULOMB BIPOLAR BUFFER SET TO 32 Mb
 INFORMATION **** READM2 **** NEW DEFAULT: EXCHANGE BIPOLAR BUFFER SET TO 32 Mb

 *******************************************************************************
 NEW DEFAULT: DFT INTEGRATION GRID INCREASED TO XLGRID
 NEW DEFAULT: DIIS ACCELERATOR ACTIVE
 USE KEYWORD NODIIS TO TURN IT OFF
 *******************************************************************************

 INFORMATION **** DFTD3_INPUT **** PERFORM LATEST DISPERSION CORRECTION DFT-D3(BJ) WITH AUTOMATIC PARAMETER SETUP
 PLEASE CITE:
 (1) DFT-D3 Reference
  S. Grimme, J. Antony, S. Ehrlich, and H. Krieg, J. Chem. Phys. 132 (2010), 154104
 (2) BJ-Damping Reference
  S. Grimme, S. Ehrlich, and L. Goerigk, J. Comput. Chem. 32 (2011), 1456-1465
 (3) General DFT-D Review
  S. Grimme, A. Hansen, J. G. Brandenburg, and C. Bannwarth,
  Chem. Rev. 116 (2016), 5105-5154

 INFORMATION **** TOLINTEG **** COULOMB AND EXCHANGE SERIES TOLERANCES MODIFIED
 INFORMATION **** TOLDEE **** SCF TOL ON TOTAL ENERGY SET TO           9
 INFORMATION **** READM2 **** FULL DIRECT SCF (MONO AND BIEL INT) SELECTED
 INFORMATION **** MAXCYCLE **** MAX NUMBER OF SCF CYCLES SET TO         800
 INFORMATION **** DIIS **** DIIS FOR SCF ACTIVE
 INFORMATION **** DIIS **** LEVEL SHIFTER DISABLED
 INFORMATION **** PPAN ****  MULLIKEN POPULATION ANALYSIS AT THE END OF SCF
 *******************************************************************************
 N. OF ATOMS PER CELL        24  COULOMB OVERLAP TOL         (T1) 10**   -8
 NUMBER OF SHELLS           192  COULOMB PENETRATION TOL     (T2) 10**   -8
 NUMBER OF AO               432  EXCHANGE OVERLAP TOL        (T3) 10**   -8
 N. OF ELECTRONS PER CELL   144  EXCHANGE PSEUDO OVP (F(G))  (T4) 10**   -9
 CORE ELECTRONS PER CELL     48  EXCHANGE PSEUDO OVP (P(G))  (T5) 10**  -24
 N. OF SYMMETRY OPERATORS     8  POLE ORDER IN MONO ZONE                  4
 *******************************************************************************
 TYPE OF CALCULATION :  UNRESTRICTED OPEN SHELL
 KOHN-SHAM HAMILTONIAN

 (EXCHANGE)[CORRELATION] FUNCTIONAL:(BECKE 88)[LEE-YANG-PARR]

 NON-LOCAL WEIGHTING FACTOR (EXCHANGE) =           0.9000
 NON-LOCAL WEIGHTING FACTOR [CORRELATION] =        0.8100

 HYBRID EXCHANGE - PERCENTAGE OF FOCK EXCHANGE    20.0000

 SPIN POLARIZED DFT SELECTED

 CAPPA:IS1 10;IS2 10;IS3 10; K PTS MONK NET 216; SYMMOPS:K SPACE   8;G SPACE   8

 *******************************************************************************
 MAX NUMBER OF SCF CYCLES     800  CONVERGENCE ON DELTAP        10**-19
 WEIGHT OF F(I) IN F(I+1)      30% CONVERGENCE ON ENERGY        10**- 9
 SHRINK. FACT.(MONKH.)   10 10 10  NUMBER OF K POINTS IN THE IBZ    216
 SHRINKING FACTOR(GILAT NET)   20  NUMBER OF K POINTS(GILAT NET)   1331
 *******************************************************************************
 *** K POINTS COORDINATES (OBLIQUE COORDINATES IN UNITS OF IS = 10)
   1-R(  0  0  0)   2-C(  1  0  0)   3-C(  2  0  0)   4-C(  3  0  0)
   5-C(  4  0  0)   6-R(  5  0  0)   7-C(  0  1  0)   8-C(  1  1  0)
   9-C(  2  1  0)  10-C(  3  1  0)  11-C(  4  1  0)  12-C(  5  1  0)
  13-C(  0  2  0)  14-C(  1  2  0)  15-C(  2  2  0)  16-C(  3  2  0)
  17-C(  4  2  0)  18-C(  5  2  0)  19-C(  0  3  0)  20-C(  1  3  0)
  21-C(  2  3  0)  22-C(  3  3  0)  23-C(  4  3  0)  24-C(  5  3  0)
  25-C(  0  4  0)  26-C(  1  4  0)  27-C(  2  4  0)  28-C(  3  4  0)
  29-C(  4  4  0)  30-C(  5  4  0)  31-R(  0  5  0)  32-C(  1  5  0)
  33-C(  2  5  0)  34-C(  3  5  0)  35-C(  4  5  0)  36-R(  5  5  0)
  37-C(  0  0  1)  38-C(  1  0  1)  39-C(  2  0  1)  40-C(  3  0  1)
  41-C(  4  0  1)  42-C(  5  0  1)  43-C(  0  1  1)  44-C(  1  1  1)
  45-C(  2  1  1)  46-C(  3  1  1)  47-C(  4  1  1)  48-C(  5  1  1)
  49-C(  0  2  1)  50-C(  1  2  1)  51-C(  2  2  1)  52-C(  3  2  1)
  53-C(  4  2  1)  54-C(  5  2  1)  55-C(  0  3  1)  56-C(  1  3  1)
  57-C(  2  3  1)  58-C(  3  3  1)  59-C(  4  3  1)  60-C(  5  3  1)
  61-C(  0  4  1)  62-C(  1  4  1)  63-C(  2  4  1)  64-C(  3  4  1)
  65-C(  4  4  1)  66-C(  5  4  1)  67-C(  0  5  1)  68-C(  1  5  1)
  69-C(  2  5  1)  70-C(  3  5  1)  71-C(  4  5  1)  72-C(  5  5  1)
  73-C(  0  0  2)  74-C(  1  0  2)  75-C(  2  0  2)  76-C(  3  0  2)
  77-C(  4  0  2)  78-C(  5  0  2)  79-C(  0  1  2)  80-C(  1  1  2)
  81-C(  2  1  2)  82-C(  3  1  2)  83-C(  4  1  2)  84-C(  5  1  2)
  85-C(  0  2  2)  86-C(  1  2  2)  87-C(  2  2  2)  88-C(  3  2  2)
  89-C(  4  2  2)  90-C(  5  2  2)  91-C(  0  3  2)  92-C(  1  3  2)
  93-C(  2  3  2)  94-C(  3  3  2)  95-C(  4  3  2)  96-C(  5  3  2)
  97-C(  0  4  2)  98-C(  1  4  2)  99-C(  2  4  2) 100-C(  3  4  2)
 101-C(  4  4  2) 102-C(  5  4  2) 103-C(  0  5  2) 104-C(  1  5  2)
 105-C(  2  5  2) 106-C(  3  5  2) 107-C(  4  5  2) 108-C(  5  5  2)
 109-C(  0  0  3) 110-C(  1  0  3) 111-C(  2  0  3) 112-C(  3  0  3)
 113-C(  4  0  3) 114-C(  5  0  3) 115-C(  0  1  3) 116-C(  1  1  3)
 117-C(  2  1  3) 118-C(  3  1  3) 119-C(  4  1  3) 120-C(  5  1  3)
 121-C(  0  2  3) 122-C(  1  2  3) 123-C(  2  2  3) 124-C(  3  2  3)
 125-C(  4  2  3) 126-C(  5  2  3) 127-C(  0  3  3) 128-C(  1  3  3)
 129-C(  2  3  3) 130-C(  3  3  3) 131-C(  4  3  3) 132-C(  5  3  3)
 133-C(  0  4  3) 134-C(  1  4  3) 135-C(  2  4  3) 136-C(  3  4  3)
 137-C(  4  4  3) 138-C(  5  4  3) 139-C(  0  5  3) 140-C(  1  5  3)
 141-C(  2  5  3) 142-C(  3  5  3) 143-C(  4  5  3) 144-C(  5  5  3)
 145-C(  0  0  4) 146-C(  1  0  4) 147-C(  2  0  4) 148-C(  3  0  4)
 149-C(  4  0  4) 150-C(  5  0  4) 151-C(  0  1  4) 152-C(  1  1  4)
 153-C(  2  1  4) 154-C(  3  1  4) 155-C(  4  1  4) 156-C(  5  1  4)
 157-C(  0  2  4) 158-C(  1  2  4) 159-C(  2  2  4) 160-C(  3  2  4)
 161-C(  4  2  4) 162-C(  5  2  4) 163-C(  0  3  4) 164-C(  1  3  4)
 165-C(  2  3  4) 166-C(  3  3  4) 167-C(  4  3  4) 168-C(  5  3  4)
 169-C(  0  4  4) 170-C(  1  4  4) 171-C(  2  4  4) 172-C(  3  4  4)
 173-C(  4  4  4) 174-C(  5  4  4) 175-C(  0  5  4) 176-C(  1  5  4)
 177-C(  2  5  4) 178-C(  3  5  4) 179-C(  4  5  4) 180-C(  5  5  4)
 181-R(  0  0  5) 182-C(  1  0  5) 183-C(  2  0  5) 184-C(  3  0  5)
 185-C(  4  0  5) 186-R(  5  0  5) 187-C(  0  1  5) 188-C(  1  1  5)
 189-C(  2  1  5) 190-C(  3  1  5) 191-C(  4  1  5) 192-C(  5  1  5)
 193-C(  0  2  5) 194-C(  1  2  5) 195-C(  2  2  5) 196-C(  3  2  5)
 197-C(  4  2  5) 198-C(  5  2  5) 199-C(  0  3  5) 200-C(  1  3  5)
 201-C(  2  3  5) 202-C(  3  3  5) 203-C(  4  3  5) 204-C(  5  3  5)
 205-C(  0  4  5) 206-C(  1  4  5) 207-C(  2  4  5) 208-C(  3  4  5)
 209-C(  4  4  5) 210-C(  5  4  5) 211-R(  0  5  5) 212-C(  1  5  5)
 213-C(  2  5  5) 214-C(  3  5  5) 215-C(  4  5  5) 216-R(  5  5  5)

 DIRECT LATTICE VECTORS COMPON. (A.U.)     RECIP. LATTICE VECTORS COMPON. (A.U.) 
        X            Y            Z              X            Y            Z
    8.9540357    0.0000000    0.0000000      0.7017155    0.0000000    0.0000000
    0.0000000   16.1006390    0.0000000      0.0000000    0.3902445    0.0000000
    0.0000000    0.0000000    8.3465633      0.0000000    0.0000000    0.7527871

 DISK SPACE FOR EIGENVECTORS (FTN 10)    79128576 REALS

 SYMMETRY ADAPTION OF THE BLOCH FUNCTIONS ENABLED
 PROCESS            9  OF           32  WORKING
 TTTTTTTTTTTTTTTTTTTTTTTTTTTTTT gordsh1     TELAPSE        3.04 TCPU        0.72

 MATRIX SIZE: P(G) 2184136, F(G)  248588, P(G) IRR  143853, F(G) IRR   32539
 MAX G-VECTOR INDEX FOR 1- AND 2-ELECTRON INTEGRALS 261

 TTTTTTTTTTTTTTTTTTTTTTTTTTTTTT INPUT       TELAPSE        3.09 TCPU        0.76

 NEIGHBORS OF THE NON-EQUIVALENT ATOMS

 N = NUMBER OF NEIGHBORS AT DISTANCE R
    ATOM  N     R/ANG      R/AU   NEIGHBORS (ATOM LABELS AND CELL INDICES)
   1 C    1     1.4734     2.7843    5 C   -1 1-1
   1 C    1     1.5718     2.9703    6 C    0 0 0
   1 C    1     1.5934     3.0111   13 C    0 0-1
   1 C    1     1.6054     3.0338   23 C    0 1 0
   1 C    1     2.1993     4.1560   19 C    0 0-1
   1 C    1     2.2309     4.2158   20 C    0 1 0

   9 C    1     1.4796     2.7961   11 C    0 0-1
   9 C    1     1.5736     2.9736   14 C    0 0 0
   9 C    1     1.5933     3.0110   23 C    0 0 0
   9 C    1     1.5934     3.0111    5 C    0 0-1
   9 C    1     2.2008     4.1589   19 C    0-1-1
   9 C    1     2.2228     4.2005   20 C    0 0 0

  17 C    1     1.4373     2.7161   21 C    0 0-1
  17 C    1     1.5265     2.8847   22 C    0 0 0
  17 C    1     1.5933     3.0110   15 C    0 0 0
  17 C    1     1.6054     3.0338    7 C    0 0 0
  17 C    1     2.1993     4.1560    3 C    0 0-1
  17 C    1     2.2008     4.1589   11 C    0 0-1


 SYMMETRY ALLOWED INTERNAL DEGREE(S) OF FREEDOM:   9
 TTTTTTTTTTTTTTTTTTTTTTTTTTTTTT SYMM        TELAPSE        3.59 TCPU        1.23
 TTTTTTTTTTTTTTTTTTTTTTTTTTTTTT INT_SCREEN  TELAPSE        3.60 TCPU        1.24

 DFT PARAMETERS

     ATOM       ELECTRONS   NET CHARGE   R(ANGSTROM)
   1   6  C       6.0000      0.0000     0.77000000

 SIZE OF GRID=      85405
 TTTTTTTTTTTTTTTTTTTTTTTTTTTTTT MAKE_GRID2  TELAPSE        4.02 TCPU        1.65
 BECKE WEIGHT FUNCTION
 RADSAFE =     2.00
 TOLERANCES - DENSITY:10**- 6; POTENTIAL:10**- 9; GRID WGT:10**-14

 RADIAL INTEGRATION  - INTERVALS (POINTS,UPPER LIMIT):            1( 75,  4.0*R)

 ANGULAR INTEGRATION - INTERVALS (ACCURACY LEVEL [N. POINTS] UPPER LIMIT):
  1(  4[  86]   0.2)  2(  8[ 194]   0.5)  3( 12[ 350]   0.9)  4( 16[ 974]   3.5)
  5( 12[ 350]9999.0)
 TTTTTTTTTTTTTTTTTTTTTTTTTTTTTT INT_CALC    TELAPSE        4.04 TCPU        1.66
 EEEEEEEEEE INT_CALC TERMINATION  DATE 30 01 2026 TIME 23:10:53.2

 *******************************************************************************
 ./4^3T144-CA_rev1_sp_B3LYP-D3-D3_optimized                                      
 CRYSTAL - SCF - TYPE OF CALCULATION :  UNRESTRICTED OPEN SHELL
 *******************************************************************************

 CAPPA:IS1 10;IS2 10;IS3 10; K PTS MONK NET 216; SYMMOPS:K SPACE   8;G SPACE   8

 TTTTTTTTTTTTTTTTTTTTTTTTTTTTTT SDIK        TELAPSE        4.47 TCPU        2.00

 AAAAAAAAAAAAAAAAAAAAAAAAAAAAAAAAAAAAAAAAAAAAAAAAAAAAAAAAAAAAAAAAAAAAAAAAAAAAAAA
         ATOMIC WAVEFUNCTION(S)


 NUCLEAR CHARGE  6.0  SYMMETRY SPECIES            S    P
 N. ELECTRONS    6.0  NUMBER OF PRIMITIVE GTOS   10    6
                      NUMBER OF CONTRACTED GTOS   4    3
                      NUMBER OF CLOSED SHELLS     2    0
                      OPEN SHELL OCCUPATION       0    2

  ZNUC  SCFIT    TOTAL HF ENERGY   KINETIC ENERGY   VIRIAL THEOREM ACCURACY
   6.0    10    -3.766702350E+01  3.783137943E+01 -1.995655566E+00  1.6E-06

 AAAAAAAAAAAAAAAAAAAAAAAAAAAAAAAAAAAAAAAAAAAAAAAAAAAAAAAAAAAAAAAAAAAAAAAAAAAAAAA

 CHARGE NORMALIZATION FACTOR   1.00000000
 TOTAL ATOMIC CHARGES:
   6.0000000   6.0000000   6.0000000   6.0000000   6.0000000   6.0000000
   6.0000000   6.0000000   6.0000000   6.0000000   6.0000000   6.0000000
   6.0000000   6.0000000   6.0000000   6.0000000   6.0000000   6.0000000
   6.0000000   6.0000000   6.0000000   6.0000000   6.0000000   6.0000000
 SUMMED SPIN DENSITY           0.00000000
 TOTAL ATOMIC SPINS  :
   0.0000000   0.0000000   0.0000000   0.0000000   0.0000000   0.0000000
   0.0000000   0.0000000   0.0000000   0.0000000   0.0000000   0.0000000
   0.0000000   0.0000000   0.0000000   0.0000000   0.0000000   0.0000000
   0.0000000   0.0000000   0.0000000   0.0000000   0.0000000   0.0000000
 TTTTTTTTTTTTTTTTTTTTTTTTTTTTTT MOQGAD      TELAPSE        4.48 TCPU        2.00
 TTTTTTTTTTTTTTTTTTTTTTTTTTTTTT SHELLXN     TELAPSE       30.13 TCPU       27.62
 TTTTTTTTTTTTTTTTTTTTTTTTTTTTTT MONMO3      TELAPSE       30.18 TCPU       27.66
 NUMERICALLY INTEGRATED DENSITY     71.9999852456     71.9999852456
 TTTTTTTTTTTTTTTTTTTTTTTTTTTTTT NUMDFT      TELAPSE       30.82 TCPU       28.31
 CYC   0 ETOT(AU) -9.214005680498E+02 DETOT -9.21E+02 tst  0.00E+00 PX  1.00E+00
 TTTTTTTTTTTTTTTTTTTTTTTTTTTTTT DIIS        TELAPSE       31.03 TCPU       28.52
 TTTTTTTTTTTTTTTTTTTTTTTTTTTTTT FDIK        TELAPSE       35.90 TCPU       33.32

    ALPHA      ELECTRONS
 INSULATING STATE
 TOP OF VALENCE BANDS -    BAND     72; K    1; EIG -1.8964957E-01 AU
 BOTTOM OF VIRTUAL BANDS - BAND     73; K    6; EIG -1.0528455E-01 AU
 INDIRECT ENERGY BAND GAP:   2.2957 eV
 BOTTOM OF VIRTUAL BANDS - BAND     73; K    1; EIG -8.5001772E-02 AU

    BETA       ELECTRONS
 INSULATING STATE
 TOP OF VALENCE BANDS -    BAND     72; K    1; EIG -1.8964957E-01 AU
 BOTTOM OF VIRTUAL BANDS - BAND     73; K    6; EIG -1.0528455E-01 AU
 INDIRECT ENERGY BAND GAP:   2.2957 eV
 BOTTOM OF VIRTUAL BANDS - BAND     73; K    1; EIG -8.5001772E-02 AU
 TTTTTTTTTTTTTTTTTTTTTTTTTTTTTT PDIG        TELAPSE       36.31 TCPU       33.73
 CHARGE NORMALIZATION FACTOR   1.00000000
 TOTAL ATOMIC CHARGES:
   5.9390077   5.9390077   5.9390077   5.9390077   5.9390077   5.9390077
   5.9390077   5.9390077   5.9377999   5.9377999   5.9377999   5.9377999
   5.9377999   5.9377999   5.9377999   5.9377999   6.1231924   6.1231924
   6.1231924   6.1231924   6.1231924   6.1231924   6.1231924   6.1231924
 SUMMED SPIN DENSITY           0.00000000
 TOTAL ATOMIC SPINS  :
  -0.0000000  -0.0000000  -0.0000000  -0.0000000  -0.0000000  -0.0000000
  -0.0000000  -0.0000000   0.0000000   0.0000000   0.0000000   0.0000000
   0.0000000   0.0000000   0.0000000   0.0000000   0.0000000   0.0000000
   0.0000000   0.0000000   0.0000000   0.0000000   0.0000000   0.0000000
 TTTTTTTTTTTTTTTTTTTTTTTTTTTTTT MOQGAD      TELAPSE       36.32 TCPU       33.73
 TTTTTTTTTTTTTTTTTTTTTTTTTTTTTT SHELLXN     TELAPSE       62.74 TCPU       60.12
 TTTTTTTTTTTTTTTTTTTTTTTTTTTTTT MONMO3      TELAPSE       62.78 TCPU       60.16
 NUMERICALLY INTEGRATED DENSITY     71.9999885256     71.9999885256
 TTTTTTTTTTTTTTTTTTTTTTTTTTTTTT NUMDFT      TELAPSE       63.46 TCPU       60.84
 CYC   1 ETOT(AU) -9.133617190947E+02 DETOT  8.04E+00 tst  0.00E+00 PX  1.00E+00
 TTTTTTTTTTTTTTTTTTTTTTTTTTTTTT DIIS        TELAPSE       63.72 TCPU       61.07
 DIIS TEST: 0.76777E+00 AT SCF   CYCLE   1 - MIX   30 %
 TTTTTTTTTTTTTTTTTTTTTTTTTTTTTT FDIK        TELAPSE       65.87 TCPU       63.13

    ALPHA      ELECTRONS
 INSULATING STATE
 TOP OF VALENCE BANDS -    BAND     72; K    1; EIG -1.0263740E-01 AU
 BOTTOM OF VIRTUAL BANDS - BAND     73; K    6; EIG -7.2230132E-03 AU
 INDIRECT ENERGY BAND GAP:   2.5964 eV
 BOTTOM OF VIRTUAL BANDS - BAND     73; K    1; EIG  3.4727610E-03 AU

    BETA       ELECTRONS
 INSULATING STATE
 TOP OF VALENCE BANDS -    BAND     72; K    1; EIG -1.0263740E-01 AU
 BOTTOM OF VIRTUAL BANDS - BAND     73; K    6; EIG -7.2230132E-03 AU
 INDIRECT ENERGY BAND GAP:   2.5964 eV
 BOTTOM OF VIRTUAL BANDS - BAND     73; K    1; EIG  3.4727610E-03 AU
 TTTTTTTTTTTTTTTTTTTTTTTTTTTTTT PDIG        TELAPSE       66.27 TCPU       63.52
 CHARGE NORMALIZATION FACTOR   1.00000000
 TOTAL ATOMIC CHARGES:
   6.0321611   6.0321611   6.0321611   6.0321611   6.0321611   6.0321611
   6.0321611   6.0321611   6.0087122   6.0087122   6.0087122   6.0087122
   6.0087122   6.0087122   6.0087122   6.0087122   5.9591267   5.9591267
   5.9591267   5.9591267   5.9591267   5.9591267   5.9591267   5.9591267
 SUMMED SPIN DENSITY           0.00000000
 TOTAL ATOMIC SPINS  :
   0.0000000   0.0000000   0.0000000   0.0000000   0.0000000   0.0000000
   0.0000000   0.0000000  -0.0000000  -0.0000000  -0.0000000  -0.0000000
  -0.0000000  -0.0000000  -0.0000000  -0.0000000   0.0000000   0.0000000
   0.0000000   0.0000000   0.0000000   0.0000000   0.0000000   0.0000000
 TTTTTTTTTTTTTTTTTTTTTTTTTTTTTT MOQGAD      TELAPSE       66.27 TCPU       63.53
 TTTTTTTTTTTTTTTTTTTTTTTTTTTTTT SHELLXN     TELAPSE       92.42 TCPU       89.66
 TTTTTTTTTTTTTTTTTTTTTTTTTTTTTT MONMO3      TELAPSE       92.46 TCPU       89.70
 NUMERICALLY INTEGRATED DENSITY     71.9999865550     71.9999865550
 TTTTTTTTTTTTTTTTTTTTTTTTTTTTTT NUMDFT      TELAPSE       93.15 TCPU       90.39
 CYC   2 ETOT(AU) -9.134043990966E+02 DETOT -4.27E-02 tst  6.62E-04 PX  1.05E-01
 TTTTTTTTTTTTTTTTTTTTTTTTTTTTTT DIIS        TELAPSE       93.46 TCPU       90.69
 DIIS TEST: 0.48866E+00 AT SCF   CYCLE   2 - DIIS ACTIVE - HISTORY:     2 CYCLES
 TTTTTTTTTTTTTTTTTTTTTTTTTTTTTT FDIK        TELAPSE      107.29 TCPU      104.29

    ALPHA      ELECTRONS
 INSULATING STATE
 TOP OF VALENCE BANDS -    BAND     72; K    1; EIG -1.0049207E-01 AU
 BOTTOM OF VIRTUAL BANDS - BAND     73; K    6; EIG  1.7908617E-02 AU
 INDIRECT ENERGY BAND GAP:   3.2218 eV
 BOTTOM OF VIRTUAL BANDS - BAND     73; K    1; EIG  3.2398044E-02 AU

    BETA       ELECTRONS
 INSULATING STATE
 TOP OF VALENCE BANDS -    BAND     72; K    1; EIG -1.0049207E-01 AU
 BOTTOM OF VIRTUAL BANDS - BAND     73; K    6; EIG  1.7908617E-02 AU
 INDIRECT ENERGY BAND GAP:   3.2218 eV
 BOTTOM OF VIRTUAL BANDS - BAND     73; K    1; EIG  3.2398044E-02 AU
 TTTTTTTTTTTTTTTTTTTTTTTTTTTTTT PDIG        TELAPSE      107.70 TCPU      104.68
 CHARGE NORMALIZATION FACTOR   1.00000000
 TOTAL ATOMIC CHARGES:
   5.9594654   5.9594654   5.9594654   5.9594654   5.9594654   5.9594654
   5.9594654   5.9594654   5.9739631   5.9739631   5.9739631   5.9739631
   5.9739631   5.9739631   5.9739631   5.9739631   6.0665715   6.0665715
   6.0665715   6.0665715   6.0665715   6.0665715   6.0665715   6.0665715
 SUMMED SPIN DENSITY          -0.00000000
 TOTAL ATOMIC SPINS  :
   0.0000000   0.0000000   0.0000000   0.0000000   0.0000000   0.0000000
   0.0000000   0.0000000  -0.0000000  -0.0000000  -0.0000000  -0.0000000
  -0.0000000  -0.0000000  -0.0000000  -0.0000000   0.0000000   0.0000000
   0.0000000   0.0000000   0.0000000   0.0000000   0.0000000   0.0000000
 TTTTTTTTTTTTTTTTTTTTTTTTTTTTTT MOQGAD      TELAPSE      107.70 TCPU      104.68
 TTTTTTTTTTTTTTTTTTTTTTTTTTTTTT SHELLXN     TELAPSE      133.53 TCPU      130.50
 TTTTTTTTTTTTTTTTTTTTTTTTTTTTTT MONMO3      TELAPSE      133.57 TCPU      130.54
 NUMERICALLY INTEGRATED DENSITY     71.9999856186     71.9999856186
 TTTTTTTTTTTTTTTTTTTTTTTTTTTTTT NUMDFT      TELAPSE      134.32 TCPU      131.29
 CYC   3 ETOT(AU) -9.134301884637E+02 DETOT -2.58E-02 tst  6.66E-04 PX  3.28E-02
 TTTTTTTTTTTTTTTTTTTTTTTTTTTTTT DIIS        TELAPSE      134.76 TCPU      131.62
 DIIS TEST: 0.29996E-01 AT SCF   CYCLE   3 - DIIS ACTIVE - HISTORY:     3 CYCLES
 TTTTTTTTTTTTTTTTTTTTTTTTTTTTTT FDIK        TELAPSE      137.23 TCPU      133.81

    ALPHA      ELECTRONS
 INSULATING STATE
 TOP OF VALENCE BANDS -    BAND     72; K    1; EIG -1.0456108E-01 AU
 BOTTOM OF VIRTUAL BANDS - BAND     73; K    6; EIG  1.6401491E-02 AU
 INDIRECT ENERGY BAND GAP:   3.2916 eV
 BOTTOM OF VIRTUAL BANDS - BAND     73; K    1; EIG  2.9694010E-02 AU

    BETA       ELECTRONS
 INSULATING STATE
 TOP OF VALENCE BANDS -    BAND     72; K    1; EIG -1.0456108E-01 AU
 BOTTOM OF VIRTUAL BANDS - BAND     73; K    6; EIG  1.6401491E-02 AU
 INDIRECT ENERGY BAND GAP:   3.2916 eV
 BOTTOM OF VIRTUAL BANDS - BAND     73; K    1; EIG  2.9694010E-02 AU
 TTTTTTTTTTTTTTTTTTTTTTTTTTTTTT PDIG        TELAPSE      137.71 TCPU      134.28
 CHARGE NORMALIZATION FACTOR   1.00000000
 TOTAL ATOMIC CHARGES:
   5.9863406   5.9863406   5.9863406   5.9863406   5.9863406   5.9863406
   5.9863406   5.9863406   5.9718764   5.9718764   5.9718764   5.9718764
   5.9718764   5.9718764   5.9718764   5.9718764   6.0417830   6.0417830
   6.0417830   6.0417830   6.0417830   6.0417830   6.0417830   6.0417830
 SUMMED SPIN DENSITY          -0.00000000
 TOTAL ATOMIC SPINS  :
   0.0000000   0.0000000   0.0000000   0.0000000   0.0000000   0.0000000
   0.0000000   0.0000000   0.0000000   0.0000000   0.0000000   0.0000000
   0.0000000   0.0000000   0.0000000   0.0000000  -0.0000000  -0.0000000
  -0.0000000  -0.0000000  -0.0000000  -0.0000000  -0.0000000  -0.0000000
 TTTTTTTTTTTTTTTTTTTTTTTTTTTTTT MOQGAD      TELAPSE      137.71 TCPU      134.29
 TTTTTTTTTTTTTTTTTTTTTTTTTTTTTT SHELLXN     TELAPSE      163.45 TCPU      160.00
 TTTTTTTTTTTTTTTTTTTTTTTTTTTTTT MONMO3      TELAPSE      163.49 TCPU      160.04
 NUMERICALLY INTEGRATED DENSITY     71.9999862476     71.9999862476
 TTTTTTTTTTTTTTTTTTTTTTTTTTTTTT NUMDFT      TELAPSE      164.20 TCPU      160.75
 CYC   4 ETOT(AU) -9.134319816508E+02 DETOT -1.79E-03 tst  5.11E-05 PX  2.62E-02
 TTTTTTTTTTTTTTTTTTTTTTTTTTTTTT DIIS        TELAPSE      164.83 TCPU      161.35
 DIIS TEST: 0.51837E-02 AT SCF   CYCLE   4 - DIIS ACTIVE - HISTORY:     4 CYCLES
 TTTTTTTTTTTTTTTTTTTTTTTTTTTTTT FDIK        TELAPSE      166.88 TCPU      163.18

    ALPHA      ELECTRONS
 INSULATING STATE
 TOP OF VALENCE BANDS -    BAND     72; K    1; EIG -1.0407370E-01 AU
 BOTTOM OF VIRTUAL BANDS - BAND     73; K    6; EIG  1.6306354E-02 AU
 INDIRECT ENERGY BAND GAP:   3.2757 eV
 BOTTOM OF VIRTUAL BANDS - BAND     73; K    1; EIG  2.9621177E-02 AU

    BETA       ELECTRONS
 INSULATING STATE
 TOP OF VALENCE BANDS -    BAND     72; K    1; EIG -1.0407370E-01 AU
 BOTTOM OF VIRTUAL BANDS - BAND     73; K    6; EIG  1.6306354E-02 AU
 INDIRECT ENERGY BAND GAP:   3.2757 eV
 BOTTOM OF VIRTUAL BANDS - BAND     73; K    1; EIG  2.9621177E-02 AU
 TTTTTTTTTTTTTTTTTTTTTTTTTTTTTT PDIG        TELAPSE      167.26 TCPU      163.56
 CHARGE NORMALIZATION FACTOR   1.00000000
 TOTAL ATOMIC CHARGES:
   5.9743125   5.9743125   5.9743125   5.9743125   5.9743125   5.9743125
   5.9743125   5.9743125   5.9825935   5.9825935   5.9825935   5.9825935
   5.9825935   5.9825935   5.9825935   5.9825935   6.0430940   6.0430940
   6.0430940   6.0430940   6.0430940   6.0430940   6.0430940   6.0430940
 SUMMED SPIN DENSITY          -0.00000000
 TOTAL ATOMIC SPINS  :
   0.0000000   0.0000000   0.0000000   0.0000000   0.0000000   0.0000000
   0.0000000   0.0000000   0.0000000   0.0000000   0.0000000   0.0000000
   0.0000000   0.0000000   0.0000000   0.0000000  -0.0000000  -0.0000000
  -0.0000000  -0.0000000  -0.0000000  -0.0000000  -0.0000000  -0.0000000
 TTTTTTTTTTTTTTTTTTTTTTTTTTTTTT MOQGAD      TELAPSE      167.26 TCPU      163.56
 TTTTTTTTTTTTTTTTTTTTTTTTTTTTTT SHELLXN     TELAPSE      192.98 TCPU      189.27
 TTTTTTTTTTTTTTTTTTTTTTTTTTTTTT MONMO3      TELAPSE      193.72 TCPU      190.01
 NUMERICALLY INTEGRATED DENSITY     71.9999861966     71.9999861966
 TTTTTTTTTTTTTTTTTTTTTTTTTTTTTT NUMDFT      TELAPSE      194.37 TCPU      190.66
 CYC   5 ETOT(AU) -9.134321959397E+02 DETOT -2.14E-04 tst  4.54E-06 PX  2.79E-03
 TTTTTTTTTTTTTTTTTTTTTTTTTTTTTT DIIS        TELAPSE      194.57 TCPU      190.86
 DIIS TEST: 0.13953E-02 AT SCF   CYCLE   5 - DIIS ACTIVE - HISTORY:     5 CYCLES
 TTTTTTTTTTTTTTTTTTTTTTTTTTTTTT FDIK        TELAPSE      196.55 TCPU      192.83

    ALPHA      ELECTRONS
 INSULATING STATE
 TOP OF VALENCE BANDS -    BAND     72; K    1; EIG -1.0428599E-01 AU
 BOTTOM OF VIRTUAL BANDS - BAND     73; K    6; EIG  1.6376790E-02 AU
 INDIRECT ENERGY BAND GAP:   3.2834 eV
 BOTTOM OF VIRTUAL BANDS - BAND     73; K    1; EIG  2.9680744E-02 AU

    BETA       ELECTRONS
 INSULATING STATE
 TOP OF VALENCE BANDS -    BAND     72; K    1; EIG -1.0428599E-01 AU
 BOTTOM OF VIRTUAL BANDS - BAND     73; K    6; EIG  1.6376790E-02 AU
 INDIRECT ENERGY BAND GAP:   3.2834 eV
 BOTTOM OF VIRTUAL BANDS - BAND     73; K    1; EIG  2.9680744E-02 AU
 TTTTTTTTTTTTTTTTTTTTTTTTTTTTTT PDIG        TELAPSE      196.94 TCPU      193.22
 CHARGE NORMALIZATION FACTOR   1.00000000
 TOTAL ATOMIC CHARGES:
   5.9781622   5.9781622   5.9781622   5.9781622   5.9781622   5.9781622
   5.9781622   5.9781622   5.9769055   5.9769055   5.9769055   5.9769055
   5.9769055   5.9769055   5.9769055   5.9769055   6.0449323   6.0449323
   6.0449323   6.0449323   6.0449323   6.0449323   6.0449323   6.0449323
 SUMMED SPIN DENSITY          -0.00000000
 TOTAL ATOMIC SPINS  :
   0.0000000   0.0000000   0.0000000   0.0000000   0.0000000   0.0000000
   0.0000000   0.0000000   0.0000000   0.0000000   0.0000000   0.0000000
   0.0000000   0.0000000   0.0000000   0.0000000  -0.0000000  -0.0000000
  -0.0000000  -0.0000000  -0.0000000  -0.0000000  -0.0000000  -0.0000000
 TTTTTTTTTTTTTTTTTTTTTTTTTTTTTT MOQGAD      TELAPSE      196.94 TCPU      193.22
 TTTTTTTTTTTTTTTTTTTTTTTTTTTTTT SHELLXN     TELAPSE      222.78 TCPU      219.05
 TTTTTTTTTTTTTTTTTTTTTTTTTTTTTT MONMO3      TELAPSE      222.82 TCPU      219.09
 NUMERICALLY INTEGRATED DENSITY     71.9999861300     71.9999861300
 TTTTTTTTTTTTTTTTTTTTTTTTTTTTTT NUMDFT      TELAPSE      223.45 TCPU      219.72
 CYC   6 ETOT(AU) -9.134322738550E+02 DETOT -7.79E-05 tst  6.46E-07 PX  1.54E-03
 TTTTTTTTTTTTTTTTTTTTTTTTTTTTTT DIIS        TELAPSE      223.64 TCPU      219.90
 DIIS TEST: 0.56549E-04 AT SCF   CYCLE   6 - DIIS ACTIVE - HISTORY:     6 CYCLES
 TTTTTTTTTTTTTTTTTTTTTTTTTTTTTT FDIK        TELAPSE      225.58 TCPU      221.83

    ALPHA      ELECTRONS
 INSULATING STATE
 TOP OF VALENCE BANDS -    BAND     72; K    1; EIG -1.0420776E-01 AU
 BOTTOM OF VIRTUAL BANDS - BAND     73; K    6; EIG  1.6406240E-02 AU
 INDIRECT ENERGY BAND GAP:   3.2821 eV
 BOTTOM OF VIRTUAL BANDS - BAND     73; K    1; EIG  2.9680329E-02 AU

    BETA       ELECTRONS
 INSULATING STATE
 TOP OF VALENCE BANDS -    BAND     72; K    1; EIG -1.0420776E-01 AU
 BOTTOM OF VIRTUAL BANDS - BAND     73; K    6; EIG  1.6406240E-02 AU
 INDIRECT ENERGY BAND GAP:   3.2821 eV
 BOTTOM OF VIRTUAL BANDS - BAND     73; K    1; EIG  2.9680329E-02 AU
 TTTTTTTTTTTTTTTTTTTTTTTTTTTTTT PDIG        TELAPSE      225.96 TCPU      222.21
 CHARGE NORMALIZATION FACTOR   1.00000000
 TOTAL ATOMIC CHARGES:
   5.9779197   5.9779197   5.9779197   5.9779197   5.9779197   5.9779197
   5.9779197   5.9779197   5.9777820   5.9777820   5.9777820   5.9777820
   5.9777820   5.9777820   5.9777820   5.9777820   6.0442983   6.0442983
   6.0442983   6.0442983   6.0442983   6.0442983   6.0442983   6.0442983
 SUMMED SPIN DENSITY           0.00000000
 TOTAL ATOMIC SPINS  :
  -0.0000000  -0.0000000  -0.0000000  -0.0000000  -0.0000000  -0.0000000
  -0.0000000  -0.0000000   0.0000000   0.0000000   0.0000000   0.0000000
   0.0000000   0.0000000   0.0000000   0.0000000  -0.0000000  -0.0000000
  -0.0000000  -0.0000000  -0.0000000  -0.0000000  -0.0000000  -0.0000000
 TTTTTTTTTTTTTTTTTTTTTTTTTTTTTT MOQGAD      TELAPSE      225.97 TCPU      222.22
 TTTTTTTTTTTTTTTTTTTTTTTTTTTTTT SHELLXN     TELAPSE      251.66 TCPU      247.89
 TTTTTTTTTTTTTTTTTTTTTTTTTTTTTT MONMO3      TELAPSE      251.71 TCPU      247.93
 NUMERICALLY INTEGRATED DENSITY     71.9999861397     71.9999861397
 TTTTTTTTTTTTTTTTTTTTTTTTTTTTTT NUMDFT      TELAPSE      252.31 TCPU      248.54
 CYC   7 ETOT(AU) -9.134322776993E+02 DETOT -3.84E-06 tst  2.19E-08 PX  3.60E-04
 TTTTTTTTTTTTTTTTTTTTTTTTTTTTTT DIIS        TELAPSE      252.50 TCPU      248.73
 DIIS TEST: 0.22876E-06 AT SCF   CYCLE   7 - DIIS ACTIVE - HISTORY:     7 CYCLES
 TTTTTTTTTTTTTTTTTTTTTTTTTTTTTT FDIK        TELAPSE      254.63 TCPU      250.79

    ALPHA      ELECTRONS
 INSULATING STATE
 TOP OF VALENCE BANDS -    BAND     72; K    1; EIG -1.0421510E-01 AU
 BOTTOM OF VIRTUAL BANDS - BAND     73; K    6; EIG  1.6400293E-02 AU
 INDIRECT ENERGY BAND GAP:   3.2821 eV
 BOTTOM OF VIRTUAL BANDS - BAND     73; K    1; EIG  2.9671348E-02 AU

    BETA       ELECTRONS
 INSULATING STATE
 TOP OF VALENCE BANDS -    BAND     72; K    1; EIG -1.0421510E-01 AU
 BOTTOM OF VIRTUAL BANDS - BAND     73; K    6; EIG  1.6400293E-02 AU
 INDIRECT ENERGY BAND GAP:   3.2821 eV
 BOTTOM OF VIRTUAL BANDS - BAND     73; K    1; EIG  2.9671348E-02 AU
 TTTTTTTTTTTTTTTTTTTTTTTTTTTTTT PDIG        TELAPSE      255.02 TCPU      251.18
 CHARGE NORMALIZATION FACTOR   1.00000000
 TOTAL ATOMIC CHARGES:
   5.9779311   5.9779311   5.9779311   5.9779311   5.9779311   5.9779311
   5.9779311   5.9779311   5.9777863   5.9777863   5.9777863   5.9777863
   5.9777863   5.9777863   5.9777863   5.9777863   6.0442826   6.0442826
   6.0442826   6.0442826   6.0442826   6.0442826   6.0442826   6.0442826
 SUMMED SPIN DENSITY           0.00000000
 TOTAL ATOMIC SPINS  :
   0.0000000   0.0000000   0.0000000   0.0000000   0.0000000   0.0000000
   0.0000000   0.0000000  -0.0000000  -0.0000000  -0.0000000  -0.0000000
  -0.0000000  -0.0000000  -0.0000000  -0.0000000  -0.0000000  -0.0000000
  -0.0000000  -0.0000000  -0.0000000  -0.0000000  -0.0000000  -0.0000000
 TTTTTTTTTTTTTTTTTTTTTTTTTTTTTT MOQGAD      TELAPSE      255.02 TCPU      251.19
 TTTTTTTTTTTTTTTTTTTTTTTTTTTTTT SHELLXN     TELAPSE      280.63 TCPU      276.78
 TTTTTTTTTTTTTTTTTTTTTTTTTTTTTT MONMO3      TELAPSE      280.67 TCPU      276.82
 NUMERICALLY INTEGRATED DENSITY     71.9999861389     71.9999861389
 TTTTTTTTTTTTTTTTTTTTTTTTTTTTTT NUMDFT      TELAPSE      281.27 TCPU      277.42
 CYC   8 ETOT(AU) -9.134322777090E+02 DETOT -9.63E-09 tst  1.09E-09 PX  2.12E-05
 TTTTTTTTTTTTTTTTTTTTTTTTTTTTTT DIIS        TELAPSE      281.45 TCPU      277.59
 DIIS TEST: 0.14339E-07 AT SCF   CYCLE   8 - DIIS ACTIVE - HISTORY:     8 CYCLES
 TTTTTTTTTTTTTTTTTTTTTTTTTTTTTT FDIK        TELAPSE      283.54 TCPU      279.67

    ALPHA      ELECTRONS
 INSULATING STATE
 TOP OF VALENCE BANDS -    BAND     72; K    1; EIG -1.0421870E-01 AU
 BOTTOM OF VIRTUAL BANDS - BAND     73; K    6; EIG  1.6396280E-02 AU
 INDIRECT ENERGY BAND GAP:   3.2821 eV
 BOTTOM OF VIRTUAL BANDS - BAND     73; K    1; EIG  2.9666825E-02 AU

    BETA       ELECTRONS
 INSULATING STATE
 TOP OF VALENCE BANDS -    BAND     72; K    1; EIG -1.0421870E-01 AU
 BOTTOM OF VIRTUAL BANDS - BAND     73; K    6; EIG  1.6396280E-02 AU
 INDIRECT ENERGY BAND GAP:   3.2821 eV
 BOTTOM OF VIRTUAL BANDS - BAND     73; K    1; EIG  2.9666825E-02 AU
 TTTTTTTTTTTTTTTTTTTTTTTTTTTTTT PDIG        TELAPSE      283.94 TCPU      280.07
 CHARGE NORMALIZATION FACTOR   1.00000000
 TOTAL ATOMIC CHARGES:
   5.9779267   5.9779267   5.9779267   5.9779267   5.9779267   5.9779267
   5.9779267   5.9779267   5.9777850   5.9777850   5.9777850   5.9777850
   5.9777850   5.9777850   5.9777850   5.9777850   6.0442882   6.0442882
   6.0442882   6.0442882   6.0442882   6.0442882   6.0442882   6.0442882
 SUMMED SPIN DENSITY           0.00000000
 TOTAL ATOMIC SPINS  :
  -0.0000000  -0.0000000  -0.0000000  -0.0000000  -0.0000000  -0.0000000
  -0.0000000  -0.0000000   0.0000000   0.0000000   0.0000000   0.0000000
   0.0000000   0.0000000   0.0000000   0.0000000  -0.0000000  -0.0000000
  -0.0000000  -0.0000000  -0.0000000  -0.0000000  -0.0000000  -0.0000000
 TTTTTTTTTTTTTTTTTTTTTTTTTTTTTT MOQGAD      TELAPSE      283.94 TCPU      280.08
 TTTTTTTTTTTTTTTTTTTTTTTTTTTTTT SHELLXN     TELAPSE      309.93 TCPU      306.05
 TTTTTTTTTTTTTTTTTTTTTTTTTTTTTT MONMO3      TELAPSE      309.97 TCPU      306.09
 NUMERICALLY INTEGRATED DENSITY     71.9999861389     71.9999861389
 TTTTTTTTTTTTTTTTTTTTTTTTTTTTTT NUMDFT      TELAPSE      310.58 TCPU      306.70
 CYC   9 ETOT(AU) -9.134322777346E+02 DETOT -2.56E-08 tst  1.31E-10 PX  7.47E-06
 TTTTTTTTTTTTTTTTTTTTTTTTTTTTTT DIIS        TELAPSE      310.76 TCPU      306.87
 DIIS TEST: 0.50331E-09 AT SCF   CYCLE   9 - DIIS ACTIVE - HISTORY:     9 CYCLES
 TTTTTTTTTTTTTTTTTTTTTTTTTTTTTT FDIK        TELAPSE      312.67 TCPU      308.77

    ALPHA      ELECTRONS
 INSULATING STATE
 TOP OF VALENCE BANDS -    BAND     72; K    1; EIG -1.0421921E-01 AU
 BOTTOM OF VIRTUAL BANDS - BAND     73; K    6; EIG  1.6395618E-02 AU
 INDIRECT ENERGY BAND GAP:   3.2821 eV
 BOTTOM OF VIRTUAL BANDS - BAND     73; K    1; EIG  2.9666042E-02 AU

    BETA       ELECTRONS
 INSULATING STATE
 TOP OF VALENCE BANDS -    BAND     72; K    1; EIG -1.0421921E-01 AU
 BOTTOM OF VIRTUAL BANDS - BAND     73; K    6; EIG  1.6395618E-02 AU
 INDIRECT ENERGY BAND GAP:   3.2821 eV
 BOTTOM OF VIRTUAL BANDS - BAND     73; K    1; EIG  2.9666042E-02 AU
 TTTTTTTTTTTTTTTTTTTTTTTTTTTTTT PDIG        TELAPSE      313.07 TCPU      309.17
 CHARGE NORMALIZATION FACTOR   1.00000000
 TOTAL ATOMIC CHARGES:
   5.9779279   5.9779279   5.9779279   5.9779279   5.9779279   5.9779279
   5.9779279   5.9779279   5.9777854   5.9777854   5.9777854   5.9777854
   5.9777854   5.9777854   5.9777854   5.9777854   6.0442867   6.0442867
   6.0442867   6.0442867   6.0442867   6.0442867   6.0442867   6.0442867
 SUMMED SPIN DENSITY          -0.00000000
 TOTAL ATOMIC SPINS  :
   0.0000000   0.0000000   0.0000000   0.0000000   0.0000000   0.0000000
   0.0000000   0.0000000  -0.0000000  -0.0000000  -0.0000000  -0.0000000
  -0.0000000  -0.0000000  -0.0000000  -0.0000000   0.0000000   0.0000000
   0.0000000   0.0000000   0.0000000   0.0000000   0.0000000   0.0000000
 TTTTTTTTTTTTTTTTTTTTTTTTTTTTTT MOQGAD      TELAPSE      313.07 TCPU      309.18
 TTTTTTTTTTTTTTTTTTTTTTTTTTTTTT SHELLXN     TELAPSE      339.03 TCPU      335.12
 TTTTTTTTTTTTTTTTTTTTTTTTTTTTTT MONMO3      TELAPSE      339.08 TCPU      335.16
 NUMERICALLY INTEGRATED DENSITY     71.9999861388     71.9999861388
 TTTTTTTTTTTTTTTTTTTTTTTTTTTTTT NUMDFT      TELAPSE      339.71 TCPU      335.79
 CYC  10 ETOT(AU) -9.134322777351E+02 DETOT -4.76E-10 tst  5.58E-12 PX  1.92E-06
 TTTTTTTTTTTTTTTTTTTTTTTTTTTTTT DIIS        TELAPSE      339.90 TCPU      335.98
 DIIS TEST: 0.21688E-10 AT SCF   CYCLE  10 - DIIS ACTIVE - HISTORY:    10 CYCLES
 TTTTTTTTTTTTTTTTTTTTTTTTTTTTTT FDIK        TELAPSE      356.42 TCPU      352.49

    ALPHA      ELECTRONS
 INSULATING STATE
 TOP OF VALENCE BANDS -    BAND     72; K    1; EIG -1.0421905E-01 AU
 BOTTOM OF VIRTUAL BANDS - BAND     73; K    6; EIG  1.6395722E-02 AU
 INDIRECT ENERGY BAND GAP:   3.2821 eV
 BOTTOM OF VIRTUAL BANDS - BAND     73; K    1; EIG  2.9666112E-02 AU

    BETA       ELECTRONS
 INSULATING STATE
 TOP OF VALENCE BANDS -    BAND     72; K    1; EIG -1.0421905E-01 AU
 BOTTOM OF VIRTUAL BANDS - BAND     73; K    6; EIG  1.6395722E-02 AU
 INDIRECT ENERGY BAND GAP:   3.2821 eV
 BOTTOM OF VIRTUAL BANDS - BAND     73; K    1; EIG  2.9666112E-02 AU
 TTTTTTTTTTTTTTTTTTTTTTTTTTTTTT PDIG        TELAPSE      357.00 TCPU      353.06
 CHARGE NORMALIZATION FACTOR   1.00000000
 TOTAL ATOMIC CHARGES:
   5.9779278   5.9779278   5.9779278   5.9779278   5.9779278   5.9779278
   5.9779278   5.9779278   5.9777855   5.9777855   5.9777855   5.9777855
   5.9777855   5.9777855   5.9777855   5.9777855   6.0442867   6.0442867
   6.0442867   6.0442867   6.0442867   6.0442867   6.0442867   6.0442867
 SUMMED SPIN DENSITY          -0.00000000
 TOTAL ATOMIC SPINS  :
  -0.0000000  -0.0000000  -0.0000000  -0.0000000  -0.0000000  -0.0000000
  -0.0000000  -0.0000000   0.0000000   0.0000000   0.0000000   0.0000000
   0.0000000   0.0000000   0.0000000   0.0000000  -0.0000000  -0.0000000
  -0.0000000  -0.0000000  -0.0000000  -0.0000000  -0.0000000  -0.0000000
 TTTTTTTTTTTTTTTTTTTTTTTTTTTTTT MOQGAD      TELAPSE      357.00 TCPU      353.07
 TTTTTTTTTTTTTTTTTTTTTTTTTTTTTT SHELLXN     TELAPSE      383.24 TCPU      379.30
 +++ ENERGIES IN A.U. +++
 ::: EXT EL-POLE                                  -3.6101904591164E+03
 ::: EXT EL-SPHEROPOLE                             3.1397752921314E+01
 ::: BIELET ZONE E-E                               3.8055621945446E+03
 ::: TOTAL E-E                                     2.2676948834955E+02
 ::: TOTAL E-N + N-E                              -1.6959013921424E+03
 ::: TOTAL N-N                                    -2.4992206203297E+02
 ::: KINETIC ENERGY                                9.1106612894603E+02
 ::: PSEUDO TOTAL   ENERGY                        -8.0798783687977E+02
 ::: VIRIAL COEFFICIENT                            1.0599622199858E+00
 TTTTTTTTTTTTTTTTTTTTTTTTTTTTTT MONMO3      TELAPSE      383.28 TCPU      379.34
 NUMERICALLY INTEGRATED DENSITY     71.9999861388     71.9999861388
 EXCHANGE ENERGY: -0.993883983947E+02  CORRELATION ENERGY: -0.605604246128E+01
 TTTTTTTTTTTTTTTTTTTTTTTTTTTTTT NUMDFT      TELAPSE      383.94 TCPU      380.00
 CYC  11 ETOT(AU) -9.134322777357E+02 DETOT -6.90E-10 tst  3.02E-13 PX  1.92E-06

 == SCF ENDED - CONVERGENCE ON ENERGY      E(AU) -9.1343227773575E+02 CYCLES  11


 ENERGY EXPRESSION=HARTREE+FOCK EXCH*0.20000+(BECKE      EXCH)*0.80000+LYP        CORR


 TOTAL ENERGY(DFT)(AU)( 11) -9.1343227773575E+02 DE-6.9E-10 tester 3.0E-13
 TTTTTTTTTTTTTTTTTTTTTTTTTTTTTT EDFT        TELAPSE      383.95 TCPU      380.01
 
 INFORMATION **** DFTD3 ENERGY **** CALCULATE DFTD3 ENERGY

           DFT-D V3(BJ)
 DF                                         b3-lyp    
 parameters
 s6       :    1.0000
 s8       :    1.9889
 a1       :    0.3981
 a2       :    4.4211
 k1 k3    :   16.0000   -4.0000
 Cutoff   :   50.2022
 CN-Cutoff:   21.1671
 ABC-Cutoff:   21.1671
 
 Edisp /kcal,au:  -126.8750 -0.20218822

 E6    /kcal :   -61.2827
 E8    /kcal :   -65.5923
 
 INFORMATION **** DFTD3 ENERGY **** NORMAL TERMINATION OF DFTD3 MODULE

 *******************************************************************************

 DFT-D3 DISPERSION ENERGY CORRECTION

 D3 DISPERSION ENERGY (AU)       -2.0218821866166E-01
 TOTAL ENERGY + DISP (AU)        -9.1363446595441E+02

 *******************************************************************************


 NEIGHBORS OF THE NON-EQUIVALENT ATOMS

 N = NUMBER OF NEIGHBORS AT DISTANCE R
    ATOM  N     R/ANG      R/AU   NEIGHBORS (ATOM LABELS AND CELL INDICES)
   1 C    1     1.4734     2.7843    5 C   -1 1-1
   1 C    1     1.5718     2.9703    6 C    0 0 0
   1 C    1     1.5934     3.0111   13 C    0 0-1
   1 C    1     1.6054     3.0338   23 C    0 1 0
   1 C    1     2.1993     4.1560   19 C    0 0-1
   1 C    1     2.2309     4.2158   20 C    0 1 0

   9 C    1     1.4796     2.7961   11 C    0 0-1
   9 C    1     1.5736     2.9736   14 C    0 0 0
   9 C    1     1.5933     3.0110   23 C    0 0 0
   9 C    1     1.5934     3.0111    5 C    0 0-1
   9 C    1     2.2008     4.1589   19 C    0-1-1
   9 C    1     2.2228     4.2005   20 C    0 0 0

  17 C    1     1.4373     2.7161   21 C    0 0-1
  17 C    1     1.5265     2.8847   22 C    0 0 0
  17 C    1     1.5933     3.0110   15 C    0 0 0
  17 C    1     1.6054     3.0338    7 C    0 0 0
  17 C    1     2.1993     4.1560    3 C    0 0-1
  17 C    1     2.2008     4.1589   11 C    0 0-1

 TTTTTTTTTTTTTTTTTTTTTTTTTTTTTT AFTER FIRST TELAPSE      384.08 TCPU      380.10
 MMMMMMMMMMMMMMMMMMMMMMMMMMMMMMMMMMMMMMMMMMMMMMMMMMMMMMMMMMMMMMMMMMMMMMMMMMMMMMM
     ALPHA+BETA ELECTRONS
 MULLIKEN POPULATION ANALYSIS - NO. OF ELECTRONS  144.000000

  ATOM    Z CHARGE  A.O. POPULATION

   1 C    6  5.978  0.854  1.121  0.762  0.443  0.446  0.412  0.436 -0.002
                   -0.011  0.000  0.480  0.513  0.479  0.011  0.008  0.006
                    0.008  0.011
   2 C    6  5.978  0.854  1.121  0.762  0.443  0.446  0.412  0.436 -0.002
                   -0.011  0.000  0.480  0.513  0.479  0.011  0.008  0.006
                    0.008  0.011
   3 C    6  5.978  0.854  1.121  0.762  0.443  0.446  0.412  0.436 -0.002
                   -0.011  0.000  0.480  0.513  0.479  0.011  0.008  0.006
                    0.008  0.011
   4 C    6  5.978  0.854  1.121  0.762  0.443  0.446  0.412  0.436 -0.002
                   -0.011  0.000  0.480  0.513  0.479  0.011  0.008  0.006
                    0.008  0.011
   5 C    6  5.978  0.854  1.121  0.762  0.443  0.446  0.412  0.436 -0.002
                   -0.011  0.000  0.480  0.513  0.479  0.011  0.008  0.006
                    0.008  0.011
   6 C    6  5.978  0.854  1.121  0.762  0.443  0.446  0.412  0.436 -0.002
                   -0.011  0.000  0.480  0.513  0.479  0.011  0.008  0.006
                    0.008  0.011
   7 C    6  5.978  0.854  1.121  0.762  0.443  0.446  0.412  0.436 -0.002
                   -0.011  0.000  0.480  0.513  0.479  0.011  0.008  0.006
                    0.008  0.011
   8 C    6  5.978  0.854  1.121  0.762  0.443  0.446  0.412  0.436 -0.002
                   -0.011  0.000  0.480  0.513  0.479  0.011  0.008  0.006
                    0.008  0.011
   9 C    6  5.978  0.854  1.121  0.764  0.440  0.408  0.454  0.435 -0.015
                    0.001 -0.001  0.516  0.476  0.483  0.011  0.005  0.009
                    0.008  0.011
  10 C    6  5.978  0.854  1.121  0.764  0.440  0.408  0.454  0.435 -0.015
                    0.001 -0.001  0.516  0.476  0.483  0.011  0.005  0.009
                    0.008  0.011
  11 C    6  5.978  0.854  1.121  0.764  0.440  0.408  0.454  0.435 -0.015
                    0.001 -0.001  0.516  0.476  0.483  0.011  0.005  0.009
                    0.008  0.011
  12 C    6  5.978  0.854  1.121  0.764  0.440  0.408  0.454  0.435 -0.015
                    0.001 -0.001  0.516  0.476  0.483  0.011  0.005  0.009
                    0.008  0.011
  13 C    6  5.978  0.854  1.121  0.764  0.440  0.408  0.454  0.435 -0.015
                    0.001 -0.001  0.516  0.476  0.483  0.011  0.005  0.009
                    0.008  0.011
  14 C    6  5.978  0.854  1.121  0.764  0.440  0.408  0.454  0.435 -0.015
                    0.001 -0.001  0.516  0.476  0.483  0.011  0.005  0.009
                    0.008  0.011
  15 C    6  5.978  0.854  1.121  0.764  0.440  0.408  0.454  0.435 -0.015
                    0.001 -0.001  0.516  0.476  0.483  0.011  0.005  0.009
                    0.008  0.011
  16 C    6  5.978  0.854  1.121  0.764  0.440  0.408  0.454  0.435 -0.015
                    0.001 -0.001  0.516  0.476  0.483  0.011  0.005  0.009
                    0.008  0.011
  17 C    6  6.044  0.854  1.121  0.747  0.477  0.430  0.464  0.450 -0.014
                   -0.026 -0.014  0.492  0.533  0.483  0.014  0.007  0.007
                    0.008  0.013
  18 C    6  6.044  0.854  1.121  0.747  0.477  0.430  0.464  0.450 -0.014
                   -0.026 -0.014  0.492  0.533  0.483  0.014  0.007  0.007
                    0.008  0.013
  19 C    6  6.044  0.854  1.121  0.747  0.477  0.430  0.464  0.450 -0.014
                   -0.026 -0.014  0.492  0.533  0.483  0.014  0.007  0.007
                    0.008  0.013
  20 C    6  6.044  0.854  1.121  0.747  0.477  0.430  0.464  0.450 -0.014
                   -0.026 -0.014  0.492  0.533  0.483  0.014  0.007  0.007
                    0.008  0.013
  21 C    6  6.044  0.854  1.121  0.747  0.477  0.430  0.464  0.450 -0.014
                   -0.026 -0.014  0.492  0.533  0.483  0.014  0.007  0.007
                    0.008  0.013
  22 C    6  6.044  0.854  1.121  0.747  0.477  0.430  0.464  0.450 -0.014
                   -0.026 -0.014  0.492  0.533  0.483  0.014  0.007  0.007
                    0.008  0.013
  23 C    6  6.044  0.854  1.121  0.747  0.477  0.430  0.464  0.450 -0.014
                   -0.026 -0.014  0.492  0.533  0.483  0.014  0.007  0.007
                    0.008  0.013
  24 C    6  6.044  0.854  1.121  0.747  0.477  0.430  0.464  0.450 -0.014
                   -0.026 -0.014  0.492  0.533  0.483  0.014  0.007  0.007
                    0.008  0.013

  ATOM    Z CHARGE  SHELL POPULATION

   1 C    6  5.978  0.854  1.121  0.762  0.443  1.294 -0.013  1.473  0.044
   2 C    6  5.978  0.854  1.121  0.762  0.443  1.294 -0.013  1.473  0.044
   3 C    6  5.978  0.854  1.121  0.762  0.443  1.294 -0.013  1.473  0.044
   4 C    6  5.978  0.854  1.121  0.762  0.443  1.294 -0.013  1.473  0.044
   5 C    6  5.978  0.854  1.121  0.762  0.443  1.294 -0.013  1.473  0.044
   6 C    6  5.978  0.854  1.121  0.762  0.443  1.294 -0.013  1.473  0.044
   7 C    6  5.978  0.854  1.121  0.762  0.443  1.294 -0.013  1.473  0.044
   8 C    6  5.978  0.854  1.121  0.762  0.443  1.294 -0.013  1.473  0.044
   9 C    6  5.978  0.854  1.121  0.764  0.440  1.296 -0.015  1.475  0.044
  10 C    6  5.978  0.854  1.121  0.764  0.440  1.296 -0.015  1.475  0.044
  11 C    6  5.978  0.854  1.121  0.764  0.440  1.296 -0.015  1.475  0.044
  12 C    6  5.978  0.854  1.121  0.764  0.440  1.296 -0.015  1.475  0.044
  13 C    6  5.978  0.854  1.121  0.764  0.440  1.296 -0.015  1.475  0.044
  14 C    6  5.978  0.854  1.121  0.764  0.440  1.296 -0.015  1.475  0.044
  15 C    6  5.978  0.854  1.121  0.764  0.440  1.296 -0.015  1.475  0.044
  16 C    6  5.978  0.854  1.121  0.764  0.440  1.296 -0.015  1.475  0.044
  17 C    6  6.044  0.854  1.121  0.747  0.477  1.343 -0.054  1.508  0.049
  18 C    6  6.044  0.854  1.121  0.747  0.477  1.343 -0.054  1.508  0.049
  19 C    6  6.044  0.854  1.121  0.747  0.477  1.343 -0.054  1.508  0.049
  20 C    6  6.044  0.854  1.121  0.747  0.477  1.343 -0.054  1.508  0.049
  21 C    6  6.044  0.854  1.121  0.747  0.477  1.343 -0.054  1.508  0.049
  22 C    6  6.044  0.854  1.121  0.747  0.477  1.343 -0.054  1.508  0.049
  23 C    6  6.044  0.854  1.121  0.747  0.477  1.343 -0.054  1.508  0.049
  24 C    6  6.044  0.854  1.121  0.747  0.477  1.343 -0.054  1.508  0.049

 OVERLAP POPULATION CONDENSED TO ATOMS FOR FIRST   6 NEIGHBORS

 ATOM A   1 C    ATOM B     CELL      R(AB)/AU R(AB)/ANG    OVPOP(AB)
                  5 C    ( -1  1 -1)     2.784     1.473     0.301
                  6 C    (  0  0  0)     2.970     1.572     0.296
                 13 C    (  0  0 -1)     3.011     1.593     0.257
                 23 C    (  0  1  0)     3.034     1.605     0.278
                 19 C    (  0  0 -1)     4.156     2.199    -0.072
                 20 C    (  0  1  0)     4.216     2.231    -0.106

 ATOM A   9 C    ATOM B     CELL      R(AB)/AU R(AB)/ANG    OVPOP(AB)
                 11 C    (  0  0 -1)     2.796     1.480     0.293
                 14 C    (  0  0  0)     2.974     1.574     0.289
                 23 C    (  0  0  0)     3.011     1.593     0.268
                  5 C    (  0  0 -1)     3.011     1.593     0.257
                 19 C    (  0 -1 -1)     4.159     2.201    -0.075
                 20 C    (  0  0  0)     4.200     2.223    -0.084

 ATOM A  17 C    ATOM B     CELL      R(AB)/AU R(AB)/ANG    OVPOP(AB)
                 21 C    (  0  0 -1)     2.716     1.437     0.247
                 22 C    (  0  0  0)     2.885     1.527     0.264
                 15 C    (  0  0  0)     3.011     1.593     0.268
                  7 C    (  0  0  0)     3.034     1.605     0.278
                  3 C    (  0  0 -1)     4.156     2.199    -0.072
                 11 C    (  0  0 -1)     4.159     2.201    -0.075
 TTTTTTTTTTTTTTTTTTTTTTTTTTTTTT AFTER FIRST TELAPSE      384.83 TCPU      380.16
 MMMMMMMMMMMMMMMMMMMMMMMMMMMMMMMMMMMMMMMMMMMMMMMMMMMMMMMMMMMMMMMMMMMMMMMMMMMMMMM
     ALPHA-BETA ELECTRONS
 MULLIKEN POPULATION ANALYSIS - NO. OF ELECTRONS   -0.000000

  ATOM    Z CHARGE  A.O. POPULATION

   1 C    6 -0.000  0.000  0.000 -0.000 -0.000 -0.000 -0.000 -0.000  0.000
                    0.000  0.000  0.000 -0.000 -0.000  0.000 -0.000  0.000
                   -0.000 -0.000
   2 C    6 -0.000  0.000  0.000 -0.000 -0.000 -0.000 -0.000 -0.000  0.000
                    0.000  0.000  0.000 -0.000 -0.000  0.000 -0.000  0.000
                   -0.000 -0.000
   3 C    6 -0.000  0.000  0.000 -0.000 -0.000 -0.000 -0.000 -0.000  0.000
                    0.000  0.000  0.000 -0.000 -0.000  0.000 -0.000  0.000
                   -0.000 -0.000
   4 C    6 -0.000  0.000  0.000 -0.000 -0.000 -0.000 -0.000 -0.000  0.000
                    0.000  0.000  0.000 -0.000 -0.000  0.000 -0.000  0.000
                   -0.000 -0.000
   5 C    6 -0.000  0.000  0.000 -0.000 -0.000 -0.000 -0.000 -0.000  0.000
                    0.000  0.000  0.000 -0.000 -0.000  0.000 -0.000  0.000
                   -0.000 -0.000
   6 C    6 -0.000  0.000  0.000 -0.000 -0.000 -0.000 -0.000 -0.000  0.000
                    0.000  0.000  0.000 -0.000 -0.000  0.000 -0.000  0.000
                   -0.000 -0.000
   7 C    6 -0.000  0.000  0.000 -0.000 -0.000 -0.000 -0.000 -0.000  0.000
                    0.000  0.000  0.000 -0.000 -0.000  0.000 -0.000  0.000
                   -0.000 -0.000
   8 C    6 -0.000  0.000  0.000 -0.000 -0.000 -0.000 -0.000 -0.000  0.000
                    0.000  0.000  0.000 -0.000 -0.000  0.000 -0.000  0.000
                   -0.000 -0.000
   9 C    6  0.000 -0.000 -0.000  0.000  0.000 -0.000 -0.000 -0.000  0.000
                    0.000  0.000 -0.000 -0.000 -0.000  0.000 -0.000  0.000
                   -0.000 -0.000
  10 C    6  0.000 -0.000 -0.000  0.000  0.000 -0.000 -0.000 -0.000  0.000
                    0.000  0.000 -0.000 -0.000 -0.000  0.000 -0.000  0.000
                   -0.000 -0.000
  11 C    6  0.000 -0.000 -0.000  0.000  0.000 -0.000 -0.000 -0.000  0.000
                    0.000  0.000 -0.000 -0.000 -0.000  0.000 -0.000  0.000
                   -0.000 -0.000
  12 C    6  0.000 -0.000 -0.000  0.000  0.000 -0.000 -0.000 -0.000  0.000
                    0.000  0.000 -0.000 -0.000 -0.000  0.000 -0.000  0.000
                   -0.000 -0.000
  13 C    6  0.000 -0.000 -0.000  0.000  0.000 -0.000 -0.000 -0.000  0.000
                    0.000  0.000 -0.000 -0.000 -0.000  0.000 -0.000  0.000
                   -0.000 -0.000
  14 C    6  0.000 -0.000 -0.000  0.000  0.000 -0.000 -0.000 -0.000  0.000
                    0.000  0.000 -0.000 -0.000 -0.000  0.000 -0.000  0.000
                   -0.000 -0.000
  15 C    6  0.000 -0.000 -0.000  0.000  0.000 -0.000 -0.000 -0.000  0.000
                    0.000  0.000 -0.000 -0.000 -0.000  0.000 -0.000  0.000
                   -0.000 -0.000
  16 C    6  0.000 -0.000 -0.000  0.000  0.000 -0.000 -0.000 -0.000  0.000
                    0.000  0.000 -0.000 -0.000 -0.000  0.000 -0.000  0.000
                   -0.000 -0.000
  17 C    6 -0.000 -0.000 -0.000  0.000  0.000  0.000 -0.000  0.000 -0.000
                    0.000 -0.000  0.000 -0.000 -0.000 -0.000  0.000  0.000
                   -0.000 -0.000
  18 C    6 -0.000 -0.000 -0.000  0.000  0.000  0.000 -0.000  0.000 -0.000
                    0.000 -0.000  0.000 -0.000 -0.000 -0.000  0.000  0.000
                   -0.000 -0.000
  19 C    6 -0.000 -0.000 -0.000  0.000  0.000  0.000 -0.000  0.000 -0.000
                    0.000 -0.000  0.000 -0.000 -0.000 -0.000  0.000  0.000
                   -0.000 -0.000
  20 C    6 -0.000 -0.000 -0.000  0.000  0.000  0.000 -0.000  0.000 -0.000
                    0.000 -0.000  0.000 -0.000 -0.000 -0.000  0.000  0.000
                   -0.000 -0.000
  21 C    6 -0.000 -0.000 -0.000  0.000  0.000  0.000 -0.000  0.000 -0.000
                    0.000 -0.000  0.000 -0.000 -0.000 -0.000  0.000  0.000
                   -0.000 -0.000
  22 C    6 -0.000 -0.000 -0.000  0.000  0.000  0.000 -0.000  0.000 -0.000
                    0.000 -0.000  0.000 -0.000 -0.000 -0.000  0.000  0.000
                   -0.000 -0.000
  23 C    6 -0.000 -0.000 -0.000  0.000  0.000  0.000 -0.000  0.000 -0.000
                    0.000 -0.000  0.000 -0.000 -0.000 -0.000  0.000  0.000
                   -0.000 -0.000
  24 C    6 -0.000 -0.000 -0.000  0.000  0.000  0.000 -0.000  0.000 -0.000
                    0.000 -0.000  0.000 -0.000 -0.000 -0.000  0.000  0.000
                   -0.000 -0.000

  ATOM    Z CHARGE  SHELL POPULATION

   1 C    6 -0.000  0.000  0.000 -0.000 -0.000 -0.000  0.000  0.000  0.000
   2 C    6 -0.000  0.000  0.000 -0.000 -0.000 -0.000  0.000  0.000  0.000
   3 C    6 -0.000  0.000  0.000 -0.000 -0.000 -0.000  0.000  0.000  0.000
   4 C    6 -0.000  0.000  0.000 -0.000 -0.000 -0.000  0.000  0.000  0.000
   5 C    6 -0.000  0.000  0.000 -0.000 -0.000 -0.000  0.000  0.000  0.000
   6 C    6 -0.000  0.000  0.000 -0.000 -0.000 -0.000  0.000  0.000  0.000
   7 C    6 -0.000  0.000  0.000 -0.000 -0.000 -0.000  0.000  0.000  0.000
   8 C    6 -0.000  0.000  0.000 -0.000 -0.000 -0.000  0.000  0.000  0.000
   9 C    6  0.000 -0.000 -0.000  0.000  0.000 -0.000  0.000 -0.000  0.000
  10 C    6  0.000 -0.000 -0.000  0.000  0.000 -0.000  0.000 -0.000  0.000
  11 C    6  0.000 -0.000 -0.000  0.000  0.000 -0.000  0.000 -0.000  0.000
  12 C    6  0.000 -0.000 -0.000  0.000  0.000 -0.000  0.000 -0.000  0.000
  13 C    6  0.000 -0.000 -0.000  0.000  0.000 -0.000  0.000 -0.000  0.000
  14 C    6  0.000 -0.000 -0.000  0.000  0.000 -0.000  0.000 -0.000  0.000
  15 C    6  0.000 -0.000 -0.000  0.000  0.000 -0.000  0.000 -0.000  0.000
  16 C    6  0.000 -0.000 -0.000  0.000  0.000 -0.000  0.000 -0.000  0.000
  17 C    6 -0.000 -0.000 -0.000  0.000  0.000  0.000 -0.000 -0.000 -0.000
  18 C    6 -0.000 -0.000 -0.000  0.000  0.000  0.000 -0.000 -0.000 -0.000
  19 C    6 -0.000 -0.000 -0.000  0.000  0.000  0.000 -0.000 -0.000 -0.000
  20 C    6 -0.000 -0.000 -0.000  0.000  0.000  0.000 -0.000 -0.000 -0.000
  21 C    6 -0.000 -0.000 -0.000  0.000  0.000  0.000 -0.000 -0.000 -0.000
  22 C    6 -0.000 -0.000 -0.000  0.000  0.000  0.000 -0.000 -0.000 -0.000
  23 C    6 -0.000 -0.000 -0.000  0.000  0.000  0.000 -0.000 -0.000 -0.000
  24 C    6 -0.000 -0.000 -0.000  0.000  0.000  0.000 -0.000 -0.000 -0.000

 OVERLAP POPULATION CONDENSED TO ATOMS FOR FIRST   6 NEIGHBORS

 ATOM A   1 C    ATOM B     CELL      R(AB)/AU R(AB)/ANG    OVPOP(AB)
                  5 C    ( -1  1 -1)     2.784     1.473    -0.000
                  6 C    (  0  0  0)     2.970     1.572    -0.000
                 13 C    (  0  0 -1)     3.011     1.593     0.000
                 23 C    (  0  1  0)     3.034     1.605     0.000
                 19 C    (  0  0 -1)     4.156     2.199    -0.000
                 20 C    (  0  1  0)     4.216     2.231     0.000

 ATOM A   9 C    ATOM B     CELL      R(AB)/AU R(AB)/ANG    OVPOP(AB)
                 11 C    (  0  0 -1)     2.796     1.480    -0.000
                 14 C    (  0  0  0)     2.974     1.574     0.000
                 23 C    (  0  0  0)     3.011     1.593     0.000
                  5 C    (  0  0 -1)     3.011     1.593     0.000
                 19 C    (  0 -1 -1)     4.159     2.201    -0.000
                 20 C    (  0  0  0)     4.200     2.223    -0.000

 ATOM A  17 C    ATOM B     CELL      R(AB)/AU R(AB)/ANG    OVPOP(AB)
                 21 C    (  0  0 -1)     2.716     1.437     0.000
                 22 C    (  0  0  0)     2.885     1.527    -0.000
                 15 C    (  0  0  0)     3.011     1.593     0.000
                  7 C    (  0  0  0)     3.034     1.605     0.000
                  3 C    (  0  0 -1)     4.156     2.199    -0.000
                 11 C    (  0  0 -1)     4.159     2.201    -0.000
 EIGENVECTORS IN FORTRAN UNIT 10
 TTTTTTTTTTTTTTTTTTTTTTTTTTTTTT END         TELAPSE      387.20 TCPU      382.45
 EEEEEEEEEE TERMINATION  DATE 30 01 2026 TIME 23:17:16.4
NODE    0 CPU TIME =       382.450
NODE    1 CPU TIME =       381.477
NODE    2 CPU TIME =       373.838
NODE    3 CPU TIME =       370.466
NODE    4 CPU TIME =       383.293
NODE    5 CPU TIME =       382.960
NODE    6 CPU TIME =       372.206
NODE    7 CPU TIME =       382.290
NODE    8 CPU TIME =       381.211
NODE    9 CPU TIME =       382.994
NODE   10 CPU TIME =       358.634
NODE   11 CPU TIME =       373.500
NODE   12 CPU TIME =       383.734
NODE   13 CPU TIME =       383.909
NODE   14 CPU TIME =       381.755
NODE   15 CPU TIME =       382.999
NODE   16 CPU TIME =       373.506
NODE   17 CPU TIME =       372.855
NODE   18 CPU TIME =       373.918
NODE   19 CPU TIME =       373.693
NODE   20 CPU TIME =       382.886
NODE   21 CPU TIME =       382.696
NODE   22 CPU TIME =       372.115
NODE   23 CPU TIME =       373.174
NODE   24 CPU TIME =       381.953
NODE   25 CPU TIME =       371.770
NODE   26 CPU TIME =       371.323
NODE   27 CPU TIME =       382.997
NODE   28 CPU TIME =       373.288
NODE   29 CPU TIME =       381.922
NODE   30 CPU TIME =       373.187
NODE   31 CPU TIME =       381.765
    TOTAL CPU TIME =     12080.764
