MPI startup(): Warning: I_MPI_PMI_LIBRARY will be ignored since the hydra process manager was found
MPI startup(): Warning: I_MPI_PMI_LIBRARY will be ignored since the hydra process manager was found
MPI startup(): Warning: I_MPI_PMI_LIBRARY will be ignored since the hydra process manager was found
MPI startup(): Warning: I_MPI_PMI_LIBRARY will be ignored since the hydra process manager was found
MPI startup(): Warning: I_MPI_PMI_LIBRARY will be ignored since the hydra process manager was found
MPI startup(): Warning: I_MPI_PMI_LIBRARY will be ignored since the hydra process manager was found
MPI startup(): Warning: I_MPI_PMI_LIBRARY will be ignored since the hydra process manager was found
MPI startup(): Warning: I_MPI_PMI_LIBRARY will be ignored since the hydra process manager was found
MPI startup(): Warning: I_MPI_PMI_LIBRARY will be ignored since the hydra process manager was found
MPI startup(): Warning: I_MPI_PMI_LIBRARY will be ignored since the hydra process manager was found
MPI startup(): Warning: I_MPI_PMI_LIBRARY will be ignored since the hydra process manager was found
MPI startup(): Warning: I_MPI_PMI_LIBRARY will be ignored since the hydra process manager was found
MPI startup(): Warning: I_MPI_PMI_LIBRARY will be ignored since the hydra process manager was found
MPI startup(): Warning: I_MPI_PMI_LIBRARY will be ignored since the hydra process manager was found
MPI startup(): Warning: I_MPI_PMI_LIBRARY will be ignored since the hydra process manager was found
MPI startup(): Warning: I_MPI_PMI_LIBRARY will be ignored since the hydra process manager was found
MPI startup(): Warning: I_MPI_PMI_LIBRARY will be ignored since the hydra process manager was found
MPI startup(): Warning: I_MPI_PMI_LIBRARY will be ignored since the hydra process manager was found
MPI startup(): Warning: I_MPI_PMI_LIBRARY will be ignored since the hydra process manager was found
MPI startup(): Warning: I_MPI_PMI_LIBRARY will be ignored since the hydra process manager was found
MPI startup(): Warning: I_MPI_PMI_LIBRARY will be ignored since the hydra process manager was found
MPI startup(): Warning: I_MPI_PMI_LIBRARY will be ignored since the hydra process manager was found
MPI startup(): Warning: I_MPI_PMI_LIBRARY will be ignored since the hydra process manager was found
MPI startup(): Warning: I_MPI_PMI_LIBRARY will be ignored since the hydra process manager was found
MPI startup(): Warning: I_MPI_PMI_LIBRARY will be ignored since the hydra process manager was found
MPI startup(): Warning: I_MPI_PMI_LIBRARY will be ignored since the hydra process manager was found
MPI startup(): Warning: I_MPI_PMI_LIBRARY will be ignored since the hydra process manager was found
MPI startup(): Warning: I_MPI_PMI_LIBRARY will be ignored since the hydra process manager was found
MPI startup(): Warning: I_MPI_PMI_LIBRARY will be ignored since the hydra process manager was found
MPI startup(): Warning: I_MPI_PMI_LIBRARY will be ignored since the hydra process manager was found
MPI startup(): Warning: I_MPI_PMI_LIBRARY will be ignored since the hydra process manager was found
MPI startup(): Warning: I_MPI_PMI_LIBRARY will be ignored since the hydra process manager was found
 PROCESS           10  OF           32  WORKING
 PROCESS            0  OF           32  WORKING

         
 *******************************************************************************
 *                                                                             *
 *                               CRYSTAL23                                     *
 *                      public : 1.0.1 - October 2022                          *
 *                       HTTP://WWW.CRYSTAL.UNITO.IT                           *
 *                                                                             *
 *                              MAIN AUTHORS                                   *
 *                                                                             *
 *  R. DOVESI(1,11), V.R. SAUNDERS(2), C. ROETTI(1,11), R. ORLANDO(1,11),      *
 *  C.M. ZICOVICH-WILSON(1,3), F. PASCALE(4), B. CIVALLERI(1,11),              *
 *  K. DOLL(5), N.M. HARRISON(6), I.J. BUSH(7), Ph. D'ARCO(8),                 *
 *  M. LLUNELL(9), M. CAUSA'(10), Y. NOEL(8), L. MASCHIO(1,11), A. ERBA(1,11)  *
 *  M. RE'RAT(14), S. CASASSA(1,11), B.G. SEARLE(2), J.K. DESMARAIS(1)         *
 *                                                                             *
 *        CONTRIBUTIONS TO THE CODE HAVE ALSO BEEN GIVEN BY                    *
 *                                                                             *
 *  M. FERRABONE(1,11), M. DE LA PIERRE(1,11), M. FERRERO(1,11),               *
 *  J. BAIMA(1,11), E. ALBANESE(1,11), M.F. PEINTINGER(12), R. BAST(13),       *
 *  B. KIRTMAN(15), V. LACIVITA(1,11), R. DEMICHELIS(1,16)                     *
 *  G. BRANDEBURG(17), S. SALUSTRO(1,11), G. SANSONE(1,11)                     *
 *  M.T. RUGGIERO(18), L.E. DAGA(1), L. DONA'(1), A. COSSARD(1)                *
 *                                                                             *
 * (1) THEORETICAL CHEMISTRY GROUP - UNIVERSITA' DI TORINO - TORINO (ITALY)    *
 * (2) SCIENTIFIC COMPUTING DEPARTMENT - STFC DARESBURY (UK)                   *
 * (3) UNIVERSIDAD AUTONOMA DEL ESTADO DE MORELOS - CUERNAVACA (MEXICO)        *
 * (4) UNIVERSITE' DE LORRAINE - NANCY (FRANCE)                                *
 * (5) UNIVERSITAET STUTTGART- STUTTGART (GERMANY)                             *
 * (6) IMPERIAL COLLEGE - LONDON (UK)                                          *
 * (7) SCIENTIFIC COMPUTING DEPARTMENT - STFC RAL (UK)                         *
 * (8) UPMC - SORBONNE UNIVERSITES - PARIS (FRANCE)                            *
 * (9) UNIVERSIDAD DE BARCELONA - BARCELONA (SPAIN)                            *
 *(10) UNIVERSITA' DI NAPOLI "FEDERICO II" - NAPOLI (ITALY)                    *
 *(11) NIS - NANOSTRUCTURED INTERFACES AND SURFACES - TORINO (ITALY)           *
 *(12) MPI FUER CHEMISCHE ENERGIEKONVERSION - MUELHEIM AN DER RUHR (GERMANY)   *
 *(13) UNIVERSITY OF TROMSO - TROMSO (NORWAY)                                  *
 *(14) UNIVERSITE' DE PAU ET DES PAYS DE L'ADOUR - PAU (FRANCE)                *
 *(15) UNIVERSITY OF CALIFORNIA SANTA BARBARA - SANTA BARBARA (USA)            *
 *(16) CURTIN UNIVERSITY - PERTH (AUSTRALIA)                                   *
 *(17) UNIVERSITY COLLEGE LONDON - LONDON (UK)                                 *
 *(18) UNIVERSITY OF VERMONT - BURLINGTON (USA)                                *
 *                                                                             *
 *******************************************************************************
 EEEEEEEEEE STARTING  DATE 30 01 2026 TIME 23:43:26.2
 ./4^3T99-CA_SCF_opt_rev1_sp_B3LYP-D3-D3_optimized                               
 PROCESS            1  OF           32  WORKING
 PROCESS            2  OF           32  WORKING
 PROCESS            3  OF           32  WORKING
 PROCESS            4  OF           32  WORKING
 PROCESS            5  OF           32  WORKING
 PROCESS            6  OF           32  WORKING
 PROCESS            7  OF           32  WORKING
 PROCESS            8  OF           32  WORKING
 PROCESS           11  OF           32  WORKING
 PROCESS           12  OF           32  WORKING
 PROCESS           13  OF           32  WORKING
 PROCESS           14  OF           32  WORKING
 PROCESS           15  OF           32  WORKING
 PROCESS           16  OF           32  WORKING
 PROCESS           17  OF           32  WORKING
 PROCESS           18  OF           32  WORKING
 PROCESS           19  OF           32  WORKING
 PROCESS           20  OF           32  WORKING
 PROCESS           21  OF           32  WORKING
 PROCESS           22  OF           32  WORKING
 PROCESS           23  OF           32  WORKING
 PROCESS           24  OF           32  WORKING
 PROCESS           25  OF           32  WORKING
 PROCESS           26  OF           32  WORKING
 PROCESS           27  OF           32  WORKING
 PROCESS           28  OF           32  WORKING
 PROCESS           29  OF           32  WORKING
 PROCESS           30  OF           32  WORKING
 PROCESS           31  OF           32  WORKING
 PROCESS            9  OF           32  WORKING

 CRYSTAL CALCULATION
 (INPUT ACCORDING TO THE INTERNATIONAL TABLES FOR X-RAY CRYSTALLOGRAPHY)
 CRYSTAL FAMILY                       :  ORTHORHOMBIC
 CRYSTAL CLASS  (GROTH - 1921)        :  ORTHORHOMBIC BIPYRAMIDAL             

 SPACE GROUP (CENTROSYMMETRIC)        :  C M C M         

 LATTICE PARAMETERS  (ANGSTROMS AND DEGREES) - CONVENTIONAL CELL
        A           B           C        ALPHA        BETA       GAMMA
    13.83502     4.45331     4.40291    90.00000    90.00000    90.00000


 NUMBER OF IRREDUCIBLE ATOMS IN THE CONVENTIONAL CELL:    3

 INPUT COORDINATES

 ATOM AT. N.              COORDINATES
   1   6    -2.083651389824E-01 -3.442119174989E-01  6.890539447620E-02
   2   6    -1.164113898101E-01 -1.519214304226E-01  7.410536553406E-02
   3   6     1.034321198734E-17  1.496708577267E-01 -4.256691880056E-01

 *******************************************************************************

 << INFORMATION >>: FROM NOW ON, ALL COORDINATES REFER TO THE PRIMITIVE CELL

 *******************************************************************************

 LATTICE PARAMETERS  (ANGSTROMS AND DEGREES) - PRIMITIVE CELL
       A          B          C        ALPHA      BETA     GAMMA        VOLUME
    7.26704    7.26704    4.40291    90.00000  90.00000 144.31462    135.635328

 COORDINATES OF THE EQUIVALENT ATOMS (FRACTIONAL UNITS)

 N. ATOM EQUIV AT. N.          X                  Y                  Z

   1   1   1    6 C     4.47422943519E-01 -1.35846778517E-01  6.89053944762E-02
   2   1   2    6 C    -4.47422943519E-01  1.35846778517E-01 -4.31094605524E-01
   3   1   3    6 C     1.35846778517E-01 -4.47422943519E-01 -6.89053944762E-02
   4   1   4    6 C    -1.35846778517E-01  4.47422943519E-01  4.31094605524E-01
   5   1   5    6 C    -4.47422943519E-01  1.35846778517E-01 -6.89053944762E-02
   6   1   6    6 C     4.47422943519E-01 -1.35846778517E-01  4.31094605524E-01
   7   1   7    6 C    -1.35846778517E-01  4.47422943519E-01  6.89053944762E-02
   8   1   8    6 C     1.35846778517E-01 -4.47422943519E-01 -4.31094605524E-01

   9   2   1    6 C    -2.68332820233E-01 -3.55100406125E-02  7.41053655341E-02
  10   2   2    6 C     2.68332820233E-01  3.55100406125E-02 -4.25894634466E-01
  11   2   3    6 C     3.55100406125E-02  2.68332820233E-01 -7.41053655341E-02
  12   2   4    6 C    -3.55100406125E-02 -2.68332820233E-01  4.25894634466E-01
  13   2   5    6 C     2.68332820233E-01  3.55100406125E-02 -7.41053655341E-02
  14   2   6    6 C    -2.68332820233E-01 -3.55100406125E-02  4.25894634466E-01
  15   2   7    6 C    -3.55100406125E-02 -2.68332820233E-01  7.41053655341E-02
  16   2   8    6 C     3.55100406125E-02  2.68332820233E-01 -4.25894634466E-01

  17   3   1    6 C     1.49670857727E-01  1.49670857727E-01 -4.25669188006E-01
  18   3   2    6 C    -1.49670857727E-01 -1.49670857727E-01  7.43308119944E-02
  19   3   3    6 C    -1.49670857727E-01 -1.49670857727E-01  4.25669188006E-01
  20   3   4    6 C     1.49670857727E-01  1.49670857727E-01 -7.43308119944E-02

 NUMBER OF SYMMETRY OPERATORS         :    8
 *******************************************************************************
 * GEOMETRY EDITING - INPUT COORDINATES ARE GIVEN IN ANGSTROM         
 *******************************************************************************

 GEOMETRY NOW FULLY CONSISTENT WITH THE GROUP

 GCALCO - MAX INDICES DIRECT LATTICE VECTOR    15    15    14
 NO.OF VECTORS CREATED 6999 STARS 1029 RMAX   115.13065 BOHR

 GEOMETRY FOR WAVE FUNCTION - DIMENSIONALITY OF THE SYSTEM    3
 (NON PERIODIC DIRECTION: LATTICE PARAMETER FORMALLY SET TO 500)
 *******************************************************************************
 LATTICE PARAMETERS (ANGSTROMS AND DEGREES) - BOHR = 0.5291772083 ANGSTROM
 PRIMITIVE CELL - CENTRING CODE 4/0 VOLUME=   135.635328 - DENSITY  2.938 g/cm^3
         A              B              C           ALPHA      BETA       GAMMA 
     7.26704440     7.26704440     4.40291116    90.000000  90.000000 144.314620
 *******************************************************************************
 ATOMS IN THE ASYMMETRIC UNIT    3 - ATOMS IN THE UNIT CELL:   20
     ATOM                 X/A                 Y/B                 Z/C    
 *******************************************************************************
      1 T   6 C     4.474229435187E-01 -1.358467785165E-01  6.890539447620E-02
      2 F   6 C    -4.474229435187E-01  1.358467785165E-01 -4.310946055238E-01
      3 F   6 C     1.358467785165E-01 -4.474229435187E-01 -6.890539447620E-02
      4 F   6 C    -1.358467785165E-01  4.474229435187E-01  4.310946055238E-01
      5 F   6 C    -4.474229435187E-01  1.358467785165E-01 -6.890539447620E-02
      6 F   6 C     4.474229435187E-01 -1.358467785165E-01  4.310946055238E-01
      7 F   6 C    -1.358467785165E-01  4.474229435187E-01  6.890539447620E-02
      8 F   6 C     1.358467785165E-01 -4.474229435187E-01 -4.310946055238E-01
      9 T   6 C    -2.683328202327E-01 -3.551004061250E-02  7.410536553406E-02
     10 F   6 C     2.683328202327E-01  3.551004061250E-02 -4.258946344659E-01
     11 F   6 C     3.551004061250E-02  2.683328202327E-01 -7.410536553406E-02
     12 F   6 C    -3.551004061250E-02 -2.683328202327E-01  4.258946344659E-01
     13 F   6 C     2.683328202327E-01  3.551004061250E-02 -7.410536553406E-02
     14 F   6 C    -2.683328202327E-01 -3.551004061250E-02  4.258946344659E-01
     15 F   6 C    -3.551004061250E-02 -2.683328202327E-01  7.410536553406E-02
     16 F   6 C     3.551004061250E-02  2.683328202327E-01 -4.258946344659E-01
     17 T   6 C     1.496708577267E-01  1.496708577267E-01 -4.256691880056E-01
     18 F   6 C    -1.496708577267E-01 -1.496708577267E-01  7.433081199440E-02
     19 F   6 C    -1.496708577267E-01 -1.496708577267E-01  4.256691880056E-01
     20 F   6 C     1.496708577267E-01  1.496708577267E-01 -7.433081199440E-02

 TRANSFORMATION MATRIX PRIMITIVE-CRYSTALLOGRAPHIC CELL
  1.0000  1.0000  0.0000 -1.0000  1.0000  0.0000  0.0000  0.0000  1.0000

 *******************************************************************************
 CRYSTALLOGRAPHIC CELL (VOLUME=        271.27065616)
         A              B              C           ALPHA      BETA       GAMMA 
    13.83501890     4.45331216     4.40291116    90.000000  90.000000  90.000000

 COORDINATES IN THE CRYSTALLOGRAPHIC CELL
     ATOM                 X/A                 Y/B                 Z/C    
 *******************************************************************************
      1 T   6 C    -2.083651389824E-01 -3.442119174989E-01  6.890539447620E-02
      2 F   6 C     2.083651389824E-01  3.442119174989E-01 -4.310946055238E-01
      3 F   6 C    -2.083651389824E-01  3.442119174989E-01 -6.890539447620E-02
      4 F   6 C     2.083651389824E-01 -3.442119174989E-01  4.310946055238E-01
      5 F   6 C     2.083651389824E-01  3.442119174989E-01 -6.890539447620E-02
      6 F   6 C    -2.083651389824E-01 -3.442119174989E-01  4.310946055238E-01
      7 F   6 C     2.083651389824E-01 -3.442119174989E-01  6.890539447620E-02
      8 F   6 C    -2.083651389824E-01  3.442119174989E-01 -4.310946055238E-01
      9 T   6 C    -1.164113898101E-01 -1.519214304226E-01  7.410536553406E-02
     10 F   6 C     1.164113898101E-01  1.519214304226E-01 -4.258946344659E-01
     11 F   6 C    -1.164113898101E-01  1.519214304226E-01 -7.410536553406E-02
     12 F   6 C     1.164113898101E-01 -1.519214304226E-01  4.258946344659E-01
     13 F   6 C     1.164113898101E-01  1.519214304226E-01 -7.410536553406E-02
     14 F   6 C    -1.164113898101E-01 -1.519214304226E-01  4.258946344659E-01
     15 F   6 C     1.164113898101E-01 -1.519214304226E-01  7.410536553406E-02
     16 F   6 C    -1.164113898101E-01  1.519214304226E-01 -4.258946344659E-01
     17 T   6 C    -1.071384075109E-17  1.496708577267E-01 -4.256691880056E-01
     18 F   6 C     1.071384075109E-17 -1.496708577267E-01  7.433081199440E-02
     19 F   6 C     1.071384075109E-17 -1.496708577267E-01  4.256691880056E-01
     20 F   6 C    -1.071384075109E-17  1.496708577267E-01 -7.433081199440E-02

 T = ATOM BELONGING TO THE ASYMMETRIC UNIT

 ****    8 SYMMOPS - TRANSLATORS IN FRACTIONAL UNITS
 **** MATRICES AND TRANSLATORS IN THE CRYSTALLOGRAPHIC REFERENCE FRAME
   V INV                    ROTATION MATRICES                   TRANSLATORS
   1   1  1.00  0.00  0.00  0.00  1.00  0.00  0.00  0.00  1.00  0.00  0.00  0.00
   2   2 -1.00  0.00  0.00 -0.00 -1.00  0.00  0.00  0.00  1.00  0.00  0.00  0.50
   3   3  0.00 -1.00  0.00 -1.00 -0.00  0.00  0.00  0.00 -1.00  0.00  0.00  0.00
   4   4 -0.00  1.00  0.00  1.00  0.00  0.00  0.00  0.00 -1.00  0.00  0.00  0.50
   5   5 -1.00  0.00  0.00 -0.00 -1.00  0.00  0.00  0.00 -1.00  0.00  0.00  0.00
   6   6  1.00 -0.00  0.00  0.00  1.00  0.00  0.00  0.00 -1.00  0.00  0.00  0.50
   7   7 -0.00  1.00  0.00  1.00  0.00  0.00  0.00  0.00  1.00  0.00  0.00  0.00
   8   8  0.00 -1.00  0.00 -1.00 -0.00  0.00  0.00  0.00  1.00  0.00  0.00  0.50

 DIRECT LATTICE VECTORS CARTESIAN COMPONENTS (ANGSTROM)
          X                    Y                    Z
   0.691750945000E+01   0.222665608000E+01   0.000000000000E+00
  -0.691750945000E+01   0.222665608000E+01   0.000000000000E+00
   0.000000000000E+00   0.000000000000E+00   0.440291116000E+01


 CARTESIAN COORDINATES - PRIMITIVE CELL
 *******************************************************************************
 *      ATOM          X(ANGSTROM)         Y(ANGSTROM)         Z(ANGSTROM)
 *******************************************************************************
    1     6 C    -2.882735635923E+00 -1.532883117815E+00  3.033843303235E-01
    2     6 C     2.882735635923E+00  1.532883117815E+00 -1.898071249677E+00
    3     6 C    -2.882735635923E+00  1.532883117815E+00 -3.033843303235E-01
    4     6 C     2.882735635923E+00 -1.532883117815E+00  1.898071249677E+00
    5     6 C     2.882735635923E+00  1.532883117815E+00 -3.033843303235E-01
    6     6 C    -2.882735635923E+00 -1.532883117815E+00  1.898071249677E+00
    7     6 C     2.882735635923E+00 -1.532883117815E+00  3.033843303235E-01
    8     6 C    -2.882735635923E+00  1.532883117815E+00 -1.898071249677E+00
    9     6 C    -1.610553778198E+00 -6.765535534656E-01  3.262793409258E-01
   10     6 C     1.610553778198E+00  6.765535534656E-01 -1.875176239074E+00
   11     6 C    -1.610553778198E+00  6.765535534656E-01 -3.262793409258E-01
   12     6 C     1.610553778198E+00 -6.765535534656E-01  1.875176239074E+00
   13     6 C     1.610553778198E+00  6.765535534656E-01 -3.262793409258E-01
   14     6 C    -1.610553778198E+00 -6.765535534656E-01  1.875176239074E+00
   15     6 C     1.610553778198E+00 -6.765535534656E-01  3.262793409258E-01
   16     6 C    -1.610553778198E+00  6.765535534656E-01 -1.875176239074E+00
   17     6 C    -1.482261892829E-16  6.665310507119E-01 -1.874183618338E+00
   18     6 C     1.482261892829E-16 -6.665310507119E-01  3.272719616620E-01
   19     6 C     1.482261892829E-16 -6.665310507119E-01  1.874183618338E+00
   20     6 C    -1.482261892829E-16  6.665310507119E-01 -3.272719616620E-01

 *******************************************************************************
 LOCAL ATOMIC FUNCTIONS BASIS SET
 *******************************************************************************
   ATOM   X(AU)   Y(AU)   Z(AU)  N. TYPE  EXPONENT  S COEF   P COEF   D/F/G COEF
 *******************************************************************************
   1 C   -5.448  -2.897   0.573
                                  1 S  
                                         1.358E+04 2.225E-04 0.000E+00 0.000E+00
                                         2.035E+03 1.723E-03 0.000E+00 0.000E+00
                                         4.632E+02 8.926E-03 0.000E+00 0.000E+00
                                         1.312E+02 3.573E-02 0.000E+00 0.000E+00
                                         4.285E+01 1.108E-01 0.000E+00 0.000E+00
                                         1.558E+01 2.430E-01 0.000E+00 0.000E+00
                                  2 S  
                                         6.207E+00 4.144E-01 0.000E+00 0.000E+00
                                         2.576E+00 2.374E-01 0.000E+00 0.000E+00
                                  3 S  
                                         4.941E-01 1.000E+00 0.000E+00 0.000E+00
                                  4 S  
                                         1.644E-01 1.000E+00 0.000E+00 0.000E+00
                           5-     7 P  
                                         3.470E+01 0.000E+00 5.333E-03 0.000E+00
                                         7.958E+00 0.000E+00 3.586E-02 0.000E+00
                                         2.378E+00 0.000E+00 1.422E-01 0.000E+00
                                         8.143E-01 0.000E+00 3.427E-01 0.000E+00
                           8-    10 P  
                                         5.662E-01 0.000E+00 1.000E+00 0.000E+00
                          11-    13 P  
                                         2.674E-01 0.000E+00 1.000E+00 0.000E+00
                          14-    18 D  
                                         8.792E-01 0.000E+00 0.000E+00 1.000E+00
   2 C    5.448   2.897  -3.587
   3 C   -5.448   2.897  -0.573
   4 C    5.448  -2.897   3.587
   5 C    5.448   2.897  -0.573
   6 C   -5.448  -2.897   3.587
   7 C    5.448  -2.897   0.573
   8 C   -5.448   2.897  -3.587
   9 C   -3.044  -1.279   0.617
  10 C    3.044   1.279  -3.544
  11 C   -3.044   1.279  -0.617
  12 C    3.044  -1.279   3.544
  13 C    3.044   1.279  -0.617
  14 C   -3.044  -1.279   3.544
  15 C    3.044  -1.279   0.617
  16 C   -3.044   1.279  -3.544
  17 C   -0.000   1.260  -3.542
  18 C    0.000  -1.260   0.618
  19 C    0.000  -1.260   3.542
  20 C   -0.000   1.260  -0.618
 INFORMATION **** SET_MPP **** PCRYSTAL CALCULATION
 INFORMATION **** READM2 **** NEW DEFAULT: FOCK/KS MATRIX MIXING SET TO 30 %
 INFORMATION **** READM2 **** NEW DEFAULT: FULL DIRECT SCF MODE
 INFORMATION **** READM2 **** NEW DEFAULT: COULOMB BIPOLAR BUFFER SET TO 32 Mb
 INFORMATION **** READM2 **** NEW DEFAULT: EXCHANGE BIPOLAR BUFFER SET TO 32 Mb

 *******************************************************************************
 NEW DEFAULT: DFT INTEGRATION GRID INCREASED TO XLGRID
 NEW DEFAULT: DIIS ACCELERATOR ACTIVE
 USE KEYWORD NODIIS TO TURN IT OFF
 *******************************************************************************

 INFORMATION **** DFTD3_INPUT **** PERFORM LATEST DISPERSION CORRECTION DFT-D3(BJ) WITH AUTOMATIC PARAMETER SETUP
 PLEASE CITE:
 (1) DFT-D3 Reference
  S. Grimme, J. Antony, S. Ehrlich, and H. Krieg, J. Chem. Phys. 132 (2010), 154104
 (2) BJ-Damping Reference
  S. Grimme, S. Ehrlich, and L. Goerigk, J. Comput. Chem. 32 (2011), 1456-1465
 (3) General DFT-D Review
  S. Grimme, A. Hansen, J. G. Brandenburg, and C. Bannwarth,
  Chem. Rev. 116 (2016), 5105-5154

 INFORMATION **** TOLINTEG **** COULOMB AND EXCHANGE SERIES TOLERANCES MODIFIED
 INFORMATION **** TOLDEE **** SCF TOL ON TOTAL ENERGY SET TO           9
 INFORMATION **** READM2 **** FULL DIRECT SCF (MONO AND BIEL INT) SELECTED
 INFORMATION **** MAXCYCLE **** MAX NUMBER OF SCF CYCLES SET TO         800
 INFORMATION **** DIIS **** DIIS FOR SCF ACTIVE
 INFORMATION **** DIIS **** LEVEL SHIFTER DISABLED
 INFORMATION **** PPAN ****  MULLIKEN POPULATION ANALYSIS AT THE END OF SCF
 *******************************************************************************
 N. OF ATOMS PER CELL        20  COULOMB OVERLAP TOL         (T1) 10**   -8
 NUMBER OF SHELLS           160  COULOMB PENETRATION TOL     (T2) 10**   -8
 NUMBER OF AO               360  EXCHANGE OVERLAP TOL        (T3) 10**   -8
 N. OF ELECTRONS PER CELL   120  EXCHANGE PSEUDO OVP (F(G))  (T4) 10**   -9
 CORE ELECTRONS PER CELL     40  EXCHANGE PSEUDO OVP (P(G))  (T5) 10**  -24
 N. OF SYMMETRY OPERATORS     8  POLE ORDER IN MONO ZONE                  4
 *******************************************************************************
 TYPE OF CALCULATION :  UNRESTRICTED OPEN SHELL
 KOHN-SHAM HAMILTONIAN

 (EXCHANGE)[CORRELATION] FUNCTIONAL:(BECKE 88)[LEE-YANG-PARR]

 NON-LOCAL WEIGHTING FACTOR (EXCHANGE) =           0.9000
 NON-LOCAL WEIGHTING FACTOR [CORRELATION] =        0.8100

 HYBRID EXCHANGE - PERCENTAGE OF FOCK EXCHANGE    20.0000

 SPIN POLARIZED DFT SELECTED

 CAPPA:IS1 10;IS2 10;IS3 10; K PTS MONK NET 186; SYMMOPS:K SPACE   8;G SPACE   8

 *******************************************************************************
 MAX NUMBER OF SCF CYCLES     800  CONVERGENCE ON DELTAP        10**-19
 WEIGHT OF F(I) IN F(I+1)      30% CONVERGENCE ON ENERGY        10**- 9
 SHRINK. FACT.(MONKH.)   10 10 10  NUMBER OF K POINTS IN THE IBZ    186
 SHRINKING FACTOR(GILAT NET)   20  NUMBER OF K POINTS(GILAT NET)   1221
 *******************************************************************************
 *** K POINTS COORDINATES (OBLIQUE COORDINATES IN UNITS OF IS = 10)
   1-R(  0  0  0)   2-C(  1  0  0)   3-C(  2  0  0)   4-C(  3  0  0)
   5-C(  4  0  0)   6-R(  5  0  0)   7-C(  1  1  0)   8-C(  2  1  0)
   9-C(  3  1  0)  10-C(  4  1  0)  11-C(  5  1  0)  12-C(  6  1  0)
  13-C(  7  1  0)  14-C(  8  1  0)  15-C(  9  1  0)  16-C(  2  2  0)
  17-C(  3  2  0)  18-C(  4  2  0)  19-C(  5  2  0)  20-C(  6  2  0)
  21-C(  7  2  0)  22-C(  8  2  0)  23-C(  3  3  0)  24-C(  4  3  0)
  25-C(  5  3  0)  26-C(  6  3  0)  27-C(  7  3  0)  28-C(  4  4  0)
  29-C(  5  4  0)  30-C(  6  4  0)  31-R(  5  5  0)  32-C(  0  0  1)
  33-C(  1  0  1)  34-C(  2  0  1)  35-C(  3  0  1)  36-C(  4  0  1)
  37-C(  5  0  1)  38-C(  1  1  1)  39-C(  2  1  1)  40-C(  3  1  1)
  41-C(  4  1  1)  42-C(  5  1  1)  43-C(  6  1  1)  44-C(  7  1  1)
  45-C(  8  1  1)  46-C(  9  1  1)  47-C(  2  2  1)  48-C(  3  2  1)
  49-C(  4  2  1)  50-C(  5  2  1)  51-C(  6  2  1)  52-C(  7  2  1)
  53-C(  8  2  1)  54-C(  3  3  1)  55-C(  4  3  1)  56-C(  5  3  1)
  57-C(  6  3  1)  58-C(  7  3  1)  59-C(  4  4  1)  60-C(  5  4  1)
  61-C(  6  4  1)  62-C(  5  5  1)  63-C(  0  0  2)  64-C(  1  0  2)
  65-C(  2  0  2)  66-C(  3  0  2)  67-C(  4  0  2)  68-C(  5  0  2)
  69-C(  1  1  2)  70-C(  2  1  2)  71-C(  3  1  2)  72-C(  4  1  2)
  73-C(  5  1  2)  74-C(  6  1  2)  75-C(  7  1  2)  76-C(  8  1  2)
  77-C(  9  1  2)  78-C(  2  2  2)  79-C(  3  2  2)  80-C(  4  2  2)
  81-C(  5  2  2)  82-C(  6  2  2)  83-C(  7  2  2)  84-C(  8  2  2)
  85-C(  3  3  2)  86-C(  4  3  2)  87-C(  5  3  2)  88-C(  6  3  2)
  89-C(  7  3  2)  90-C(  4  4  2)  91-C(  5  4  2)  92-C(  6  4  2)
  93-C(  5  5  2)  94-C(  0  0  3)  95-C(  1  0  3)  96-C(  2  0  3)
  97-C(  3  0  3)  98-C(  4  0  3)  99-C(  5  0  3) 100-C(  1  1  3)
 101-C(  2  1  3) 102-C(  3  1  3) 103-C(  4  1  3) 104-C(  5  1  3)
 105-C(  6  1  3) 106-C(  7  1  3) 107-C(  8  1  3) 108-C(  9  1  3)
 109-C(  2  2  3) 110-C(  3  2  3) 111-C(  4  2  3) 112-C(  5  2  3)
 113-C(  6  2  3) 114-C(  7  2  3) 115-C(  8  2  3) 116-C(  3  3  3)
 117-C(  4  3  3) 118-C(  5  3  3) 119-C(  6  3  3) 120-C(  7  3  3)
 121-C(  4  4  3) 122-C(  5  4  3) 123-C(  6  4  3) 124-C(  5  5  3)
 125-C(  0  0  4) 126-C(  1  0  4) 127-C(  2  0  4) 128-C(  3  0  4)
 129-C(  4  0  4) 130-C(  5  0  4) 131-C(  1  1  4) 132-C(  2  1  4)
 133-C(  3  1  4) 134-C(  4  1  4) 135-C(  5  1  4) 136-C(  6  1  4)
 137-C(  7  1  4) 138-C(  8  1  4) 139-C(  9  1  4) 140-C(  2  2  4)
 141-C(  3  2  4) 142-C(  4  2  4) 143-C(  5  2  4) 144-C(  6  2  4)
 145-C(  7  2  4) 146-C(  8  2  4) 147-C(  3  3  4) 148-C(  4  3  4)
 149-C(  5  3  4) 150-C(  6  3  4) 151-C(  7  3  4) 152-C(  4  4  4)
 153-C(  5  4  4) 154-C(  6  4  4) 155-C(  5  5  4) 156-R(  0  0  5)
 157-C(  1  0  5) 158-C(  2  0  5) 159-C(  3  0  5) 160-C(  4  0  5)
 161-R(  5  0  5) 162-C(  1  1  5) 163-C(  2  1  5) 164-C(  3  1  5)
 165-C(  4  1  5) 166-C(  5  1  5) 167-C(  6  1  5) 168-C(  7  1  5)
 169-C(  8  1  5) 170-C(  9  1  5) 171-C(  2  2  5) 172-C(  3  2  5)
 173-C(  4  2  5) 174-C(  5  2  5) 175-C(  6  2  5) 176-C(  7  2  5)
 177-C(  8  2  5) 178-C(  3  3  5) 179-C(  4  3  5) 180-C(  5  3  5)
 181-C(  6  3  5) 182-C(  7  3  5) 183-C(  4  4  5) 184-C(  5  4  5)
 185-C(  6  4  5) 186-R(  5  5  5)

 DIRECT LATTICE VECTORS COMPON. (A.U.)     RECIP. LATTICE VECTORS COMPON. (A.U.) 
        X            Y            Z              X            Y            Z
   13.0721984    4.2077702    0.0000000      0.2403263    0.7466170    0.0000000
  -13.0721984    4.2077702    0.0000000     -0.2403263    0.7466170    0.0000000
    0.0000000    0.0000000    8.3202963      0.0000000    0.0000000    0.7551636

 DISK SPACE FOR EIGENVECTORS (FTN 10)    47433600 REALS

 SYMMETRY ADAPTION OF THE BLOCH FUNCTIONS ENABLED
 TTTTTTTTTTTTTTTTTTTTTTTTTTTTTT gordsh1     TELAPSE        2.05 TCPU        0.74

 MATRIX SIZE: P(G) 1991208, F(G)  227066, P(G) IRR  134850, F(G) IRR   31185
 MAX G-VECTOR INDEX FOR 1- AND 2-ELECTRON INTEGRALS 275

 TTTTTTTTTTTTTTTTTTTTTTTTTTTTTT INPUT       TELAPSE        2.06 TCPU        0.74

 NEIGHBORS OF THE NON-EQUIVALENT ATOMS

 N = NUMBER OF NEIGHBORS AT DISTANCE R
    ATOM  N     R/ANG      R/AU   NEIGHBORS (ATOM LABELS AND CELL INDICES)
   1 C    1     1.5144     2.8618    3 C   -1-1 0
   1 C    1     1.5337     2.8983    9 C    0 0 0
   1 C    1     1.5490     2.9272    5 C   -1 0 0
   1 C    1     1.5947     3.0135    6 C    0 0 0
   1 C    1     2.1960     4.1498   14 C    0 0 0
   1 C    1     2.5047     4.7332   13 C   -1 0 0

   9 C    1     1.5022     2.8388   11 C    0 0 0
   9 C    1     1.5337     2.8983    1 C    0 0 0
   9 C    1     1.5489     2.9270   14 C    0 0 0
   9 C    1     1.6106     3.0436   18 C    0 0 0
   9 C    1     2.1960     4.1498    6 C    0 0 0
   9 C    1     2.1966     4.1509   20 C    0 0 0

  17 C    1     1.4851     2.8064   19 C    0 0-1
  17 C    1     1.5469     2.9232   20 C    0 0 0
  17 C    2     1.6106     3.0436   10 C    0 0 0   16 C    0 0 0
  17 C    2     2.1966     4.1509   12 C    0 0-1   14 C    0 0-1
  17 C    2     2.2338     4.2213   11 C    0 0 0   13 C    0 0 0
  17 C    2     2.5736     4.8634   18 C    0 0 0   18 C    0 0-1


 SYMMETRY ALLOWED INTERNAL DEGREE(S) OF FREEDOM:   8
 TTTTTTTTTTTTTTTTTTTTTTTTTTTTTT SYMM        TELAPSE        2.12 TCPU        0.78
 TTTTTTTTTTTTTTTTTTTTTTTTTTTTTT INT_SCREEN  TELAPSE        2.13 TCPU        0.79

 DFT PARAMETERS

     ATOM       ELECTRONS   NET CHARGE   R(ANGSTROM)
   1   6  C       6.0000      0.0000     0.77000000

 SIZE OF GRID=      69395
 TTTTTTTTTTTTTTTTTTTTTTTTTTTTTT MAKE_GRID2  TELAPSE        2.47 TCPU        1.13
 BECKE WEIGHT FUNCTION
 RADSAFE =     2.00
 TOLERANCES - DENSITY:10**- 6; POTENTIAL:10**- 9; GRID WGT:10**-14

 RADIAL INTEGRATION  - INTERVALS (POINTS,UPPER LIMIT):            1( 75,  4.0*R)

 ANGULAR INTEGRATION - INTERVALS (ACCURACY LEVEL [N. POINTS] UPPER LIMIT):
  1(  4[  86]   0.2)  2(  8[ 194]   0.5)  3( 12[ 350]   0.9)  4( 16[ 974]   3.5)
  5( 12[ 350]9999.0)
 TTTTTTTTTTTTTTTTTTTTTTTTTTTTTT INT_CALC    TELAPSE        2.49 TCPU        1.15
 EEEEEEEEEE INT_CALC TERMINATION  DATE 30 01 2026 TIME 23:43:27.2

 *******************************************************************************
 ./4^3T99-CA_SCF_opt_rev1_sp_B3LYP-D3-D3_optimized                               
 CRYSTAL - SCF - TYPE OF CALCULATION :  UNRESTRICTED OPEN SHELL
 *******************************************************************************

 CAPPA:IS1 10;IS2 10;IS3 10; K PTS MONK NET 186; SYMMOPS:K SPACE   8;G SPACE   8

 TTTTTTTTTTTTTTTTTTTTTTTTTTTTTT SDIK        TELAPSE        2.88 TCPU        1.54

 AAAAAAAAAAAAAAAAAAAAAAAAAAAAAAAAAAAAAAAAAAAAAAAAAAAAAAAAAAAAAAAAAAAAAAAAAAAAAAA
         ATOMIC WAVEFUNCTION(S)


 NUCLEAR CHARGE  6.0  SYMMETRY SPECIES            S    P
 N. ELECTRONS    6.0  NUMBER OF PRIMITIVE GTOS   10    6
                      NUMBER OF CONTRACTED GTOS   4    3
                      NUMBER OF CLOSED SHELLS     2    0
                      OPEN SHELL OCCUPATION       0    2

  ZNUC  SCFIT    TOTAL HF ENERGY   KINETIC ENERGY   VIRIAL THEOREM ACCURACY
   6.0    10    -3.766702350E+01  3.783137943E+01 -1.995655566E+00  1.6E-06

 AAAAAAAAAAAAAAAAAAAAAAAAAAAAAAAAAAAAAAAAAAAAAAAAAAAAAAAAAAAAAAAAAAAAAAAAAAAAAAA

 CHARGE NORMALIZATION FACTOR   1.00000000
 TOTAL ATOMIC CHARGES:
   6.0000000   6.0000000   6.0000000   6.0000000   6.0000000   6.0000000
   6.0000000   6.0000000   6.0000000   6.0000000   6.0000000   6.0000000
   6.0000000   6.0000000   6.0000000   6.0000000   6.0000000   6.0000000
   6.0000000   6.0000000
 SUMMED SPIN DENSITY           0.00000000
 TOTAL ATOMIC SPINS  :
   0.0000000   0.0000000   0.0000000   0.0000000   0.0000000   0.0000000
   0.0000000   0.0000000   0.0000000   0.0000000   0.0000000   0.0000000
   0.0000000   0.0000000   0.0000000   0.0000000   0.0000000   0.0000000
   0.0000000   0.0000000
 TTTTTTTTTTTTTTTTTTTTTTTTTTTTTT MOQGAD      TELAPSE        2.89 TCPU        1.55
 TTTTTTTTTTTTTTTTTTTTTTTTTTTTTT SHELLXN     TELAPSE       33.96 TCPU       32.57
 TTTTTTTTTTTTTTTTTTTTTTTTTTTTTT MONMO3      TELAPSE       34.01 TCPU       32.62
 NUMERICALLY INTEGRATED DENSITY     60.0000443330     60.0000443330
 TTTTTTTTTTTTTTTTTTTTTTTTTTTTTT NUMDFT      TELAPSE       34.68 TCPU       33.28
 CYC   0 ETOT(AU) -7.679363616644E+02 DETOT -7.68E+02 tst  0.00E+00 PX  1.00E+00
 TTTTTTTTTTTTTTTTTTTTTTTTTTTTTT DIIS        TELAPSE       34.79 TCPU       33.39
 TTTTTTTTTTTTTTTTTTTTTTTTTTTTTT FDIK        TELAPSE       39.68 TCPU       38.28

    ALPHA      ELECTRONS
 INSULATING STATE
 TOP OF VALENCE BANDS -    BAND     60; K    6; EIG -2.0338158E-01 AU
 TOP OF VALENCE BANDS -    BAND     60; K    1; EIG -2.0546792E-01 AU
 BOTTOM OF VIRTUAL BANDS - BAND     61; K    1; EIG -1.0008086E-01 AU
 INDIRECT ENERGY BAND GAP:   2.8110 eV

    BETA       ELECTRONS
 INSULATING STATE
 TOP OF VALENCE BANDS -    BAND     60; K    6; EIG -2.0338158E-01 AU
 TOP OF VALENCE BANDS -    BAND     60; K    1; EIG -2.0546792E-01 AU
 BOTTOM OF VIRTUAL BANDS - BAND     61; K    1; EIG -1.0008086E-01 AU
 INDIRECT ENERGY BAND GAP:   2.8110 eV
 TTTTTTTTTTTTTTTTTTTTTTTTTTTTTT PDIG        TELAPSE       40.00 TCPU       38.60
 CHARGE NORMALIZATION FACTOR   1.00000000
 TOTAL ATOMIC CHARGES:
   5.9610786   5.9610786   5.9610786   5.9610786   5.9610786   5.9610786
   5.9610786   5.9610786   6.0206114   6.0206114   6.0206114   6.0206114
   6.0206114   6.0206114   6.0206114   6.0206114   6.0366201   6.0366201
   6.0366201   6.0366201
 SUMMED SPIN DENSITY          -0.00000000
 TOTAL ATOMIC SPINS  :
   0.0000000   0.0000000   0.0000000   0.0000000   0.0000000   0.0000000
   0.0000000   0.0000000  -0.0000000  -0.0000000  -0.0000000  -0.0000000
  -0.0000000  -0.0000000  -0.0000000  -0.0000000   0.0000000   0.0000000
   0.0000000   0.0000000
 TTTTTTTTTTTTTTTTTTTTTTTTTTTTTT MOQGAD      TELAPSE       40.01 TCPU       38.61
 TTTTTTTTTTTTTTTTTTTTTTTTTTTTTT SHELLXN     TELAPSE       72.72 TCPU       71.30
 TTTTTTTTTTTTTTTTTTTTTTTTTTTTTT MONMO3      TELAPSE       72.77 TCPU       71.34
 NUMERICALLY INTEGRATED DENSITY     60.0000167953     60.0000167953
 TTTTTTTTTTTTTTTTTTTTTTTTTTTTTT NUMDFT      TELAPSE       73.42 TCPU       72.00
 CYC   1 ETOT(AU) -7.612269807687E+02 DETOT  6.71E+00 tst  0.00E+00 PX  1.00E+00
 TTTTTTTTTTTTTTTTTTTTTTTTTTTTTT DIIS        TELAPSE       73.53 TCPU       72.10
 DIIS TEST: 0.36364E+00 AT SCF   CYCLE   1 - MIX   30 %
 TTTTTTTTTTTTTTTTTTTTTTTTTTTTTT FDIK        TELAPSE       75.42 TCPU       73.99

    ALPHA      ELECTRONS
 INSULATING STATE
 TOP OF VALENCE BANDS -    BAND     60; K    6; EIG -1.2140571E-01 AU
 TOP OF VALENCE BANDS -    BAND     60; K    1; EIG -1.4546281E-01 AU
 BOTTOM OF VIRTUAL BANDS - BAND     61; K    1; EIG -6.6643975E-03 AU
 INDIRECT ENERGY BAND GAP:   3.1223 eV

    BETA       ELECTRONS
 INSULATING STATE
 TOP OF VALENCE BANDS -    BAND     60; K    6; EIG -1.2140571E-01 AU
 TOP OF VALENCE BANDS -    BAND     60; K    1; EIG -1.4546281E-01 AU
 BOTTOM OF VIRTUAL BANDS - BAND     61; K    1; EIG -6.6643975E-03 AU
 INDIRECT ENERGY BAND GAP:   3.1223 eV
 TTTTTTTTTTTTTTTTTTTTTTTTTTTTTT PDIG        TELAPSE       75.74 TCPU       74.31
 CHARGE NORMALIZATION FACTOR   1.00000000
 TOTAL ATOMIC CHARGES:
   6.0249055   6.0249055   6.0249055   6.0249055   6.0249055   6.0249055
   6.0249055   6.0249055   6.0184888   6.0184888   6.0184888   6.0184888
   6.0184888   6.0184888   6.0184888   6.0184888   5.9132113   5.9132113
   5.9132113   5.9132113
 SUMMED SPIN DENSITY           0.00000000
 TOTAL ATOMIC SPINS  :
   0.0000000   0.0000000   0.0000000   0.0000000   0.0000000   0.0000000
   0.0000000   0.0000000  -0.0000000  -0.0000000  -0.0000000  -0.0000000
  -0.0000000  -0.0000000  -0.0000000  -0.0000000   0.0000000   0.0000000
   0.0000000   0.0000000
 TTTTTTTTTTTTTTTTTTTTTTTTTTTTTT MOQGAD      TELAPSE       75.75 TCPU       74.32
 TTTTTTTTTTTTTTTTTTTTTTTTTTTTTT SHELLXN     TELAPSE      108.51 TCPU      107.06
 TTTTTTTTTTTTTTTTTTTTTTTTTTTTTT MONMO3      TELAPSE      108.56 TCPU      107.10
 NUMERICALLY INTEGRATED DENSITY     60.0000159942     60.0000159942
 TTTTTTTTTTTTTTTTTTTTTTTTTTTTTT NUMDFT      TELAPSE      109.19 TCPU      107.74
 CYC   2 ETOT(AU) -7.612453403921E+02 DETOT -1.84E-02 tst  9.07E-04 PX  7.84E-02
 TTTTTTTTTTTTTTTTTTTTTTTTTTTTTT DIIS        TELAPSE      109.30 TCPU      107.84
 DIIS TEST: 0.44628E+00 AT SCF   CYCLE   2 - DIIS ACTIVE - HISTORY:     2 CYCLES
 TTTTTTTTTTTTTTTTTTTTTTTTTTTTTT FDIK        TELAPSE      111.19 TCPU      109.73

    ALPHA      ELECTRONS
 INSULATING STATE
 TOP OF VALENCE BANDS -    BAND     60; K    1; EIG -1.2153074E-01 AU
 BOTTOM OF VIRTUAL BANDS - BAND     61; K    1; EIG  2.6744126E-02 AU
 DIRECT ENERGY BAND GAP:   4.0348 eV

    BETA       ELECTRONS
 INSULATING STATE
 TOP OF VALENCE BANDS -    BAND     60; K    1; EIG -1.2153074E-01 AU
 BOTTOM OF VIRTUAL BANDS - BAND     61; K    1; EIG  2.6744126E-02 AU
 DIRECT ENERGY BAND GAP:   4.0348 eV
 TTTTTTTTTTTTTTTTTTTTTTTTTTTTTT PDIG        TELAPSE      111.51 TCPU      110.05
 CHARGE NORMALIZATION FACTOR   1.00000000
 TOTAL ATOMIC CHARGES:
   5.9742983   5.9742983   5.9742983   5.9742983   5.9742983   5.9742983
   5.9742983   5.9742983   6.0131452   6.0131452   6.0131452   6.0131452
   6.0131452   6.0131452   6.0131452   6.0131452   6.0251130   6.0251130
   6.0251130   6.0251130
 SUMMED SPIN DENSITY           0.00000000
 TOTAL ATOMIC SPINS  :
  -0.0000000  -0.0000000  -0.0000000  -0.0000000  -0.0000000  -0.0000000
  -0.0000000  -0.0000000   0.0000000   0.0000000   0.0000000   0.0000000
   0.0000000   0.0000000   0.0000000   0.0000000   0.0000000   0.0000000
   0.0000000   0.0000000
 TTTTTTTTTTTTTTTTTTTTTTTTTTTTTT MOQGAD      TELAPSE      111.52 TCPU      110.05
 TTTTTTTTTTTTTTTTTTTTTTTTTTTTTT SHELLXN     TELAPSE      144.34 TCPU      142.81
 TTTTTTTTTTTTTTTTTTTTTTTTTTTTTT MONMO3      TELAPSE      144.38 TCPU      142.85
 NUMERICALLY INTEGRATED DENSITY     60.0000159703     60.0000159703
 TTTTTTTTTTTTTTTTTTTTTTTTTTTTTT NUMDFT      TELAPSE      145.02 TCPU      143.48
 CYC   3 ETOT(AU) -7.612642405354E+02 DETOT -1.89E-02 tst  4.55E-04 PX  3.16E-02
 TTTTTTTTTTTTTTTTTTTTTTTTTTTTTT DIIS        TELAPSE      145.13 TCPU      143.59
 DIIS TEST: 0.62280E-01 AT SCF   CYCLE   3 - DIIS ACTIVE - HISTORY:     3 CYCLES
 TTTTTTTTTTTTTTTTTTTTTTTTTTTTTT FDIK        TELAPSE      147.04 TCPU      145.49

    ALPHA      ELECTRONS
 INSULATING STATE
 TOP OF VALENCE BANDS -    BAND     60; K    6; EIG -1.2188474E-01 AU
 TOP OF VALENCE BANDS -    BAND     60; K    1; EIG -1.3103950E-01 AU
 BOTTOM OF VIRTUAL BANDS - BAND     61; K    1; EIG  2.3345911E-02 AU
 INDIRECT ENERGY BAND GAP:   3.9519 eV

    BETA       ELECTRONS
 INSULATING STATE
 TOP OF VALENCE BANDS -    BAND     60; K    6; EIG -1.2188474E-01 AU
 TOP OF VALENCE BANDS -    BAND     60; K    1; EIG -1.3103950E-01 AU
 BOTTOM OF VIRTUAL BANDS - BAND     61; K    1; EIG  2.3345911E-02 AU
 INDIRECT ENERGY BAND GAP:   3.9519 eV
 TTTTTTTTTTTTTTTTTTTTTTTTTTTTTT PDIG        TELAPSE      147.36 TCPU      145.81
 CHARGE NORMALIZATION FACTOR   1.00000000
 TOTAL ATOMIC CHARGES:
   5.9855397   5.9855397   5.9855397   5.9855397   5.9855397   5.9855397
   5.9855397   5.9855397   6.0252222   6.0252222   6.0252222   6.0252222
   6.0252222   6.0252222   6.0252222   6.0252222   5.9784761   5.9784761
   5.9784761   5.9784761
 SUMMED SPIN DENSITY          -0.00000000
 TOTAL ATOMIC SPINS  :
  -0.0000000  -0.0000000  -0.0000000  -0.0000000  -0.0000000  -0.0000000
  -0.0000000  -0.0000000   0.0000000   0.0000000   0.0000000   0.0000000
   0.0000000   0.0000000   0.0000000   0.0000000   0.0000000   0.0000000
   0.0000000   0.0000000
 TTTTTTTTTTTTTTTTTTTTTTTTTTTTTT MOQGAD      TELAPSE      147.37 TCPU      145.82
 TTTTTTTTTTTTTTTTTTTTTTTTTTTTTT SHELLXN     TELAPSE      180.22 TCPU      178.61
 TTTTTTTTTTTTTTTTTTTTTTTTTTTTTT MONMO3      TELAPSE      180.26 TCPU      178.65
 NUMERICALLY INTEGRATED DENSITY     60.0000164593     60.0000164593
 TTTTTTTTTTTTTTTTTTTTTTTTTTTTTT NUMDFT      TELAPSE      180.90 TCPU      179.29
 CYC   4 ETOT(AU) -7.612676729371E+02 DETOT -3.43E-03 tst  1.12E-04 PX  2.22E-02
 TTTTTTTTTTTTTTTTTTTTTTTTTTTTTT DIIS        TELAPSE      181.00 TCPU      179.39
 DIIS TEST: 0.33425E-02 AT SCF   CYCLE   4 - DIIS ACTIVE - HISTORY:     4 CYCLES
 TTTTTTTTTTTTTTTTTTTTTTTTTTTTTT FDIK        TELAPSE      182.81 TCPU      181.19

    ALPHA      ELECTRONS
 INSULATING STATE
 TOP OF VALENCE BANDS -    BAND     60; K    6; EIG -1.2251467E-01 AU
 TOP OF VALENCE BANDS -    BAND     60; K    1; EIG -1.3059092E-01 AU
 BOTTOM OF VIRTUAL BANDS - BAND     61; K    1; EIG  2.3835303E-02 AU
 INDIRECT ENERGY BAND GAP:   3.9824 eV

    BETA       ELECTRONS
 INSULATING STATE
 TOP OF VALENCE BANDS -    BAND     60; K    6; EIG -1.2251467E-01 AU
 TOP OF VALENCE BANDS -    BAND     60; K    1; EIG -1.3059092E-01 AU
 BOTTOM OF VIRTUAL BANDS - BAND     61; K    1; EIG  2.3835303E-02 AU
 INDIRECT ENERGY BAND GAP:   3.9824 eV
 TTTTTTTTTTTTTTTTTTTTTTTTTTTTTT PDIG        TELAPSE      183.13 TCPU      181.51
 CHARGE NORMALIZATION FACTOR   1.00000000
 TOTAL ATOMIC CHARGES:
   5.9886761   5.9886761   5.9886761   5.9886761   5.9886761   5.9886761
   5.9886761   5.9886761   6.0152666   6.0152666   6.0152666   6.0152666
   6.0152666   6.0152666   6.0152666   6.0152666   5.9921145   5.9921145
   5.9921145   5.9921145
 SUMMED SPIN DENSITY          -0.00000000
 TOTAL ATOMIC SPINS  :
   0.0000000   0.0000000   0.0000000   0.0000000   0.0000000   0.0000000
   0.0000000   0.0000000   0.0000000   0.0000000   0.0000000   0.0000000
   0.0000000   0.0000000   0.0000000   0.0000000  -0.0000000  -0.0000000
  -0.0000000  -0.0000000
 TTTTTTTTTTTTTTTTTTTTTTTTTTTTTT MOQGAD      TELAPSE      183.14 TCPU      181.52
 TTTTTTTTTTTTTTTTTTTTTTTTTTTTTT SHELLXN     TELAPSE      216.36 TCPU      214.72
 TTTTTTTTTTTTTTTTTTTTTTTTTTTTTT MONMO3      TELAPSE      216.41 TCPU      214.77
 NUMERICALLY INTEGRATED DENSITY     60.0000162171     60.0000162171
 TTTTTTTTTTTTTTTTTTTTTTTTTTTTTT NUMDFT      TELAPSE      217.07 TCPU      215.43
 CYC   5 ETOT(AU) -7.612678526431E+02 DETOT -1.80E-04 tst  7.42E-06 PX  4.72E-03
 TTTTTTTTTTTTTTTTTTTTTTTTTTTTTT DIIS        TELAPSE      217.29 TCPU      215.59
 DIIS TEST: 0.64326E-03 AT SCF   CYCLE   5 - DIIS ACTIVE - HISTORY:     5 CYCLES
 TTTTTTTTTTTTTTTTTTTTTTTTTTTTTT FDIK        TELAPSE      219.15 TCPU      217.45

    ALPHA      ELECTRONS
 INSULATING STATE
 TOP OF VALENCE BANDS -    BAND     60; K    6; EIG -1.2220137E-01 AU
 TOP OF VALENCE BANDS -    BAND     60; K    1; EIG -1.3017984E-01 AU
 BOTTOM OF VIRTUAL BANDS - BAND     61; K    1; EIG  2.4035650E-02 AU
 INDIRECT ENERGY BAND GAP:   3.9793 eV

    BETA       ELECTRONS
 INSULATING STATE
 TOP OF VALENCE BANDS -    BAND     60; K    6; EIG -1.2220137E-01 AU
 TOP OF VALENCE BANDS -    BAND     60; K    1; EIG -1.3017984E-01 AU
 BOTTOM OF VIRTUAL BANDS - BAND     61; K    1; EIG  2.4035650E-02 AU
 INDIRECT ENERGY BAND GAP:   3.9793 eV
 TTTTTTTTTTTTTTTTTTTTTTTTTTTTTT PDIG        TELAPSE      219.48 TCPU      217.77
 CHARGE NORMALIZATION FACTOR   1.00000000
 TOTAL ATOMIC CHARGES:
   5.9863833   5.9863833   5.9863833   5.9863833   5.9863833   5.9863833
   5.9863833   5.9863833   6.0195022   6.0195022   6.0195022   6.0195022
   6.0195022   6.0195022   6.0195022   6.0195022   5.9882289   5.9882289
   5.9882289   5.9882289
 SUMMED SPIN DENSITY          -0.00000000
 TOTAL ATOMIC SPINS  :
   0.0000000   0.0000000   0.0000000   0.0000000   0.0000000   0.0000000
   0.0000000   0.0000000   0.0000000   0.0000000   0.0000000   0.0000000
   0.0000000   0.0000000   0.0000000   0.0000000  -0.0000000  -0.0000000
  -0.0000000  -0.0000000
 TTTTTTTTTTTTTTTTTTTTTTTTTTTTTT MOQGAD      TELAPSE      219.48 TCPU      217.78
 TTTTTTTTTTTTTTTTTTTTTTTTTTTTTT SHELLXN     TELAPSE      252.29 TCPU      250.56
 TTTTTTTTTTTTTTTTTTTTTTTTTTTTTT MONMO3      TELAPSE      252.34 TCPU      250.60
 NUMERICALLY INTEGRATED DENSITY     60.0000162373     60.0000162373
 TTTTTTTTTTTTTTTTTTTTTTTTTTTTTT NUMDFT      TELAPSE      252.97 TCPU      251.24
 CYC   6 ETOT(AU) -7.612678930913E+02 DETOT -4.04E-05 tst  4.20E-07 PX  1.29E-03
 TTTTTTTTTTTTTTTTTTTTTTTTTTTTTT DIIS        TELAPSE      253.08 TCPU      251.34
 DIIS TEST: 0.21046E-04 AT SCF   CYCLE   6 - DIIS ACTIVE - HISTORY:     6 CYCLES
 TTTTTTTTTTTTTTTTTTTTTTTTTTTTTT FDIK        TELAPSE      254.96 TCPU      253.22

    ALPHA      ELECTRONS
 INSULATING STATE
 TOP OF VALENCE BANDS -    BAND     60; K    6; EIG -1.2225053E-01 AU
 TOP OF VALENCE BANDS -    BAND     60; K    1; EIG -1.3022366E-01 AU
 BOTTOM OF VIRTUAL BANDS - BAND     61; K    1; EIG  2.4062950E-02 AU
 INDIRECT ENERGY BAND GAP:   3.9814 eV

    BETA       ELECTRONS
 INSULATING STATE
 TOP OF VALENCE BANDS -    BAND     60; K    6; EIG -1.2225053E-01 AU
 TOP OF VALENCE BANDS -    BAND     60; K    1; EIG -1.3022366E-01 AU
 BOTTOM OF VIRTUAL BANDS - BAND     61; K    1; EIG  2.4062950E-02 AU
 INDIRECT ENERGY BAND GAP:   3.9814 eV
 TTTTTTTTTTTTTTTTTTTTTTTTTTTTTT PDIG        TELAPSE      255.28 TCPU      253.54
 CHARGE NORMALIZATION FACTOR   1.00000000
 TOTAL ATOMIC CHARGES:
   5.9867362   5.9867362   5.9867362   5.9867362   5.9867362   5.9867362
   5.9867362   5.9867362   6.0188994   6.0188994   6.0188994   6.0188994
   6.0188994   6.0188994   6.0188994   6.0188994   5.9887288   5.9887288
   5.9887288   5.9887288
 SUMMED SPIN DENSITY          -0.00000000
 TOTAL ATOMIC SPINS  :
  -0.0000000  -0.0000000  -0.0000000  -0.0000000  -0.0000000  -0.0000000
  -0.0000000  -0.0000000   0.0000000   0.0000000   0.0000000   0.0000000
   0.0000000   0.0000000   0.0000000   0.0000000  -0.0000000  -0.0000000
  -0.0000000  -0.0000000
 TTTTTTTTTTTTTTTTTTTTTTTTTTTTTT MOQGAD      TELAPSE      255.29 TCPU      253.54
 TTTTTTTTTTTTTTTTTTTTTTTTTTTTTT SHELLXN     TELAPSE      288.14 TCPU      286.38
 TTTTTTTTTTTTTTTTTTTTTTTTTTTTTT MONMO3      TELAPSE      288.18 TCPU      286.42
 NUMERICALLY INTEGRATED DENSITY     60.0000162516     60.0000162516
 TTTTTTTTTTTTTTTTTTTTTTTTTTTTTT NUMDFT      TELAPSE      288.83 TCPU      287.06
 CYC   7 ETOT(AU) -7.612678934068E+02 DETOT -3.16E-07 tst  1.81E-08 PX  2.78E-04
 TTTTTTTTTTTTTTTTTTTTTTTTTTTTTT DIIS        TELAPSE      288.93 TCPU      287.17
 DIIS TEST: 0.13466E-05 AT SCF   CYCLE   7 - DIIS ACTIVE - HISTORY:     7 CYCLES
 TTTTTTTTTTTTTTTTTTTTTTTTTTTTTT FDIK        TELAPSE      290.83 TCPU      289.06

    ALPHA      ELECTRONS
 INSULATING STATE
 TOP OF VALENCE BANDS -    BAND     60; K    6; EIG -1.2223594E-01 AU
 TOP OF VALENCE BANDS -    BAND     60; K    1; EIG -1.3023518E-01 AU
 BOTTOM OF VIRTUAL BANDS - BAND     61; K    1; EIG  2.4053187E-02 AU
 INDIRECT ENERGY BAND GAP:   3.9807 eV

    BETA       ELECTRONS
 INSULATING STATE
 TOP OF VALENCE BANDS -    BAND     60; K    6; EIG -1.2223594E-01 AU
 TOP OF VALENCE BANDS -    BAND     60; K    1; EIG -1.3023518E-01 AU
 BOTTOM OF VIRTUAL BANDS - BAND     61; K    1; EIG  2.4053187E-02 AU
 INDIRECT ENERGY BAND GAP:   3.9807 eV
 TTTTTTTTTTTTTTTTTTTTTTTTTTTTTT PDIG        TELAPSE      291.14 TCPU      289.37
 CHARGE NORMALIZATION FACTOR   1.00000000
 TOTAL ATOMIC CHARGES:
   5.9867333   5.9867333   5.9867333   5.9867333   5.9867333   5.9867333
   5.9867333   5.9867333   6.0189624   6.0189624   6.0189624   6.0189624
   6.0189624   6.0189624   6.0189624   6.0189624   5.9886085   5.9886085
   5.9886085   5.9886085
 SUMMED SPIN DENSITY           0.00000000
 TOTAL ATOMIC SPINS  :
  -0.0000000  -0.0000000  -0.0000000  -0.0000000  -0.0000000  -0.0000000
  -0.0000000  -0.0000000   0.0000000   0.0000000   0.0000000   0.0000000
   0.0000000   0.0000000   0.0000000   0.0000000   0.0000000   0.0000000
   0.0000000   0.0000000
 TTTTTTTTTTTTTTTTTTTTTTTTTTTTTT MOQGAD      TELAPSE      291.15 TCPU      289.38
 TTTTTTTTTTTTTTTTTTTTTTTTTTTTTT SHELLXN     TELAPSE      323.98 TCPU      322.19
 TTTTTTTTTTTTTTTTTTTTTTTTTTTTTT MONMO3      TELAPSE      324.03 TCPU      322.24
 NUMERICALLY INTEGRATED DENSITY     60.0000162478     60.0000162478
 TTTTTTTTTTTTTTTTTTTTTTTTTTTTTT NUMDFT      TELAPSE      324.66 TCPU      322.87
 CYC   8 ETOT(AU) -7.612678937046E+02 DETOT -2.98E-07 tst  8.57E-10 PX  5.03E-05
 TTTTTTTTTTTTTTTTTTTTTTTTTTTTTT DIIS        TELAPSE      324.76 TCPU      322.97
 DIIS TEST: 0.22784E-07 AT SCF   CYCLE   8 - DIIS ACTIVE - HISTORY:     8 CYCLES
 TTTTTTTTTTTTTTTTTTTTTTTTTTTTTT FDIK        TELAPSE      326.64 TCPU      324.84

    ALPHA      ELECTRONS
 INSULATING STATE
 TOP OF VALENCE BANDS -    BAND     60; K    6; EIG -1.2224586E-01 AU
 TOP OF VALENCE BANDS -    BAND     60; K    1; EIG -1.3024189E-01 AU
 BOTTOM OF VIRTUAL BANDS - BAND     61; K    1; EIG  2.4047200E-02 AU
 INDIRECT ENERGY BAND GAP:   3.9808 eV

    BETA       ELECTRONS
 INSULATING STATE
 TOP OF VALENCE BANDS -    BAND     60; K    6; EIG -1.2224586E-01 AU
 TOP OF VALENCE BANDS -    BAND     60; K    1; EIG -1.3024189E-01 AU
 BOTTOM OF VIRTUAL BANDS - BAND     61; K    1; EIG  2.4047200E-02 AU
 INDIRECT ENERGY BAND GAP:   3.9808 eV
 TTTTTTTTTTTTTTTTTTTTTTTTTTTTTT PDIG        TELAPSE      326.98 TCPU      325.18
 CHARGE NORMALIZATION FACTOR   1.00000000
 TOTAL ATOMIC CHARGES:
   5.9867340   5.9867340   5.9867340   5.9867340   5.9867340   5.9867340
   5.9867340   5.9867340   6.0189568   6.0189568   6.0189568   6.0189568
   6.0189568   6.0189568   6.0189568   6.0189568   5.9886184   5.9886184
   5.9886184   5.9886184
 SUMMED SPIN DENSITY          -0.00000000
 TOTAL ATOMIC SPINS  :
  -0.0000000  -0.0000000  -0.0000000  -0.0000000  -0.0000000  -0.0000000
  -0.0000000  -0.0000000  -0.0000000  -0.0000000  -0.0000000  -0.0000000
  -0.0000000  -0.0000000  -0.0000000  -0.0000000   0.0000000   0.0000000
   0.0000000   0.0000000
 TTTTTTTTTTTTTTTTTTTTTTTTTTTTTT MOQGAD      TELAPSE      326.99 TCPU      325.19
 TTTTTTTTTTTTTTTTTTTTTTTTTTTTTT SHELLXN     TELAPSE      359.84 TCPU      358.02
 TTTTTTTTTTTTTTTTTTTTTTTTTTTTTT MONMO3      TELAPSE      359.88 TCPU      358.06
 NUMERICALLY INTEGRATED DENSITY     60.0000162484     60.0000162484
 TTTTTTTTTTTTTTTTTTTTTTTTTTTTTT NUMDFT      TELAPSE      360.51 TCPU      358.69
 CYC   9 ETOT(AU) -7.612678936968E+02 DETOT  7.78E-09 tst  1.48E-10 PX  9.60E-06
 TTTTTTTTTTTTTTTTTTTTTTTTTTTTTT DIIS        TELAPSE      360.62 TCPU      358.80
 DIIS TEST: 0.32326E-09 AT SCF   CYCLE   9 - DIIS ACTIVE - HISTORY:     9 CYCLES
 TTTTTTTTTTTTTTTTTTTTTTTTTTTTTT FDIK        TELAPSE      362.29 TCPU      360.47

    ALPHA      ELECTRONS
 INSULATING STATE
 TOP OF VALENCE BANDS -    BAND     60; K    6; EIG -1.2224613E-01 AU
 TOP OF VALENCE BANDS -    BAND     60; K    1; EIG -1.3024181E-01 AU
 BOTTOM OF VIRTUAL BANDS - BAND     61; K    1; EIG  2.4047170E-02 AU
 INDIRECT ENERGY BAND GAP:   3.9808 eV

    BETA       ELECTRONS
 INSULATING STATE
 TOP OF VALENCE BANDS -    BAND     60; K    6; EIG -1.2224613E-01 AU
 TOP OF VALENCE BANDS -    BAND     60; K    1; EIG -1.3024181E-01 AU
 BOTTOM OF VIRTUAL BANDS - BAND     61; K    1; EIG  2.4047170E-02 AU
 INDIRECT ENERGY BAND GAP:   3.9808 eV
 TTTTTTTTTTTTTTTTTTTTTTTTTTTTTT PDIG        TELAPSE      362.61 TCPU      360.78
 CHARGE NORMALIZATION FACTOR   1.00000000
 TOTAL ATOMIC CHARGES:
   5.9867332   5.9867332   5.9867332   5.9867332   5.9867332   5.9867332
   5.9867332   5.9867332   6.0189573   6.0189573   6.0189573   6.0189573
   6.0189573   6.0189573   6.0189573   6.0189573   5.9886191   5.9886191
   5.9886191   5.9886191
 SUMMED SPIN DENSITY           0.00000000
 TOTAL ATOMIC SPINS  :
  -0.0000000  -0.0000000  -0.0000000  -0.0000000  -0.0000000  -0.0000000
  -0.0000000  -0.0000000   0.0000000   0.0000000   0.0000000   0.0000000
   0.0000000   0.0000000   0.0000000   0.0000000  -0.0000000  -0.0000000
  -0.0000000  -0.0000000
 TTTTTTTTTTTTTTTTTTTTTTTTTTTTTT MOQGAD      TELAPSE      362.62 TCPU      360.79
 TTTTTTTTTTTTTTTTTTTTTTTTTTTTTT SHELLXN     TELAPSE      395.49 TCPU      393.59
 TTTTTTTTTTTTTTTTTTTTTTTTTTTTTT MONMO3      TELAPSE      395.53 TCPU      393.63
 NUMERICALLY INTEGRATED DENSITY     60.0000162483     60.0000162483
 TTTTTTTTTTTTTTTTTTTTTTTTTTTTTT NUMDFT      TELAPSE      396.17 TCPU      394.26
 CYC  10 ETOT(AU) -7.612678937001E+02 DETOT -3.24E-09 tst  4.78E-12 PX  7.99E-07
 TTTTTTTTTTTTTTTTTTTTTTTTTTTTTT DIIS        TELAPSE      396.27 TCPU      394.37
 DIIS TEST: 0.10943E-10 AT SCF   CYCLE  10 - DIIS ACTIVE - HISTORY:    10 CYCLES
 TTTTTTTTTTTTTTTTTTTTTTTTTTTTTT FDIK        TELAPSE      397.71 TCPU      395.80

    ALPHA      ELECTRONS
 INSULATING STATE
 TOP OF VALENCE BANDS -    BAND     60; K    6; EIG -1.2224600E-01 AU
 TOP OF VALENCE BANDS -    BAND     60; K    1; EIG -1.3024176E-01 AU
 BOTTOM OF VIRTUAL BANDS - BAND     61; K    1; EIG  2.4047245E-02 AU
 INDIRECT ENERGY BAND GAP:   3.9808 eV

    BETA       ELECTRONS
 INSULATING STATE
 TOP OF VALENCE BANDS -    BAND     60; K    6; EIG -1.2224600E-01 AU
 TOP OF VALENCE BANDS -    BAND     60; K    1; EIG -1.3024176E-01 AU
 BOTTOM OF VIRTUAL BANDS - BAND     61; K    1; EIG  2.4047245E-02 AU
 INDIRECT ENERGY BAND GAP:   3.9808 eV
 TTTTTTTTTTTTTTTTTTTTTTTTTTTTTT PDIG        TELAPSE      398.04 TCPU      396.12
 CHARGE NORMALIZATION FACTOR   1.00000000
 TOTAL ATOMIC CHARGES:
   5.9867332   5.9867332   5.9867332   5.9867332   5.9867332   5.9867332
   5.9867332   5.9867332   6.0189574   6.0189574   6.0189574   6.0189574
   6.0189574   6.0189574   6.0189574   6.0189574   5.9886188   5.9886188
   5.9886188   5.9886188
 SUMMED SPIN DENSITY           0.00000000
 TOTAL ATOMIC SPINS  :
  -0.0000000  -0.0000000  -0.0000000  -0.0000000  -0.0000000  -0.0000000
  -0.0000000  -0.0000000  -0.0000000  -0.0000000  -0.0000000  -0.0000000
  -0.0000000  -0.0000000  -0.0000000  -0.0000000   0.0000000   0.0000000
   0.0000000   0.0000000
 TTTTTTTTTTTTTTTTTTTTTTTTTTTTTT MOQGAD      TELAPSE      398.04 TCPU      396.13
 TTTTTTTTTTTTTTTTTTTTTTTTTTTTTT SHELLXN     TELAPSE      430.90 TCPU      428.91
 TTTTTTTTTTTTTTTTTTTTTTTTTTTTTT MONMO3      TELAPSE      430.95 TCPU      428.95
 NUMERICALLY INTEGRATED DENSITY     60.0000162483     60.0000162483
 TTTTTTTTTTTTTTTTTTTTTTTTTTTTTT NUMDFT      TELAPSE      431.59 TCPU      429.58
 CYC  11 ETOT(AU) -7.612678937006E+02 DETOT -5.42E-10 tst  1.59E-13 PX  2.37E-07
 TTTTTTTTTTTTTTTTTTTTTTTTTTTTTT DIIS        TELAPSE      431.70 TCPU      429.69
 DIIS TEST: 0.21806E-11 AT SCF   CYCLE  11 - DIIS ACTIVE - HISTORY:    11 CYCLES
 TTTTTTTTTTTTTTTTTTTTTTTTTTTTTT FDIK        TELAPSE      433.02 TCPU      430.95

    ALPHA      ELECTRONS
 INSULATING STATE
 TOP OF VALENCE BANDS -    BAND     60; K    6; EIG -1.2224600E-01 AU
 TOP OF VALENCE BANDS -    BAND     60; K    1; EIG -1.3024174E-01 AU
 BOTTOM OF VIRTUAL BANDS - BAND     61; K    1; EIG  2.4047254E-02 AU
 INDIRECT ENERGY BAND GAP:   3.9808 eV

    BETA       ELECTRONS
 INSULATING STATE
 TOP OF VALENCE BANDS -    BAND     60; K    6; EIG -1.2224600E-01 AU
 TOP OF VALENCE BANDS -    BAND     60; K    1; EIG -1.3024174E-01 AU
 BOTTOM OF VIRTUAL BANDS - BAND     61; K    1; EIG  2.4047254E-02 AU
 INDIRECT ENERGY BAND GAP:   3.9808 eV
 TTTTTTTTTTTTTTTTTTTTTTTTTTTTTT PDIG        TELAPSE      433.35 TCPU      431.26
 CHARGE NORMALIZATION FACTOR   1.00000000
 TOTAL ATOMIC CHARGES:
   5.9867332   5.9867332   5.9867332   5.9867332   5.9867332   5.9867332
   5.9867332   5.9867332   6.0189574   6.0189574   6.0189574   6.0189574
   6.0189574   6.0189574   6.0189574   6.0189574   5.9886188   5.9886188
   5.9886188   5.9886188
 SUMMED SPIN DENSITY          -0.00000000
 TOTAL ATOMIC SPINS  :
   0.0000000   0.0000000   0.0000000   0.0000000   0.0000000   0.0000000
   0.0000000   0.0000000  -0.0000000  -0.0000000  -0.0000000  -0.0000000
  -0.0000000  -0.0000000  -0.0000000  -0.0000000   0.0000000   0.0000000
   0.0000000   0.0000000
 TTTTTTTTTTTTTTTTTTTTTTTTTTTTTT MOQGAD      TELAPSE      433.35 TCPU      431.27
 TTTTTTTTTTTTTTTTTTTTTTTTTTTTTT SHELLXN     TELAPSE      465.93 TCPU      463.77
 +++ ENERGIES IN A.U. +++
 ::: EXT EL-POLE                                  -3.2925603006612E+03
 ::: EXT EL-SPHEROPOLE                             2.8856234086558E+01
 ::: BIELET ZONE E-E                               3.4333052337453E+03
 ::: TOTAL E-E                                     1.6960116717069E+02
 ::: TOTAL E-N + N-E                              -1.3693996933521E+03
 ::: TOTAL N-N                                    -2.3277727662321E+02
 ::: KINETIC ENERGY                                7.5920900784048E+02
 ::: PSEUDO TOTAL   ENERGY                        -6.7336679496411E+02
 ::: VIRIAL COEFFICIENT                            1.0599215850975E+00
 TTTTTTTTTTTTTTTTTTTTTTTTTTTTTT MONMO3      TELAPSE      465.98 TCPU      463.82
 NUMERICALLY INTEGRATED DENSITY     60.0000162483     60.0000162483
 EXCHANGE ENERGY: -0.828408929045E+02  CORRELATION ENERGY: -0.506020583208E+01
 TTTTTTTTTTTTTTTTTTTTTTTTTTTTTT NUMDFT      TELAPSE      466.62 TCPU      464.46
 CYC  12 ETOT(AU) -7.612678937007E+02 DETOT -3.65E-11 tst  1.94E-15 PX  2.37E-07

 == SCF ENDED - CONVERGENCE ON ENERGY      E(AU) -7.6126789370066E+02 CYCLES  12


 ENERGY EXPRESSION=HARTREE+FOCK EXCH*0.20000+(BECKE      EXCH)*0.80000+LYP        CORR


 TOTAL ENERGY(DFT)(AU)( 12) -7.6126789370066E+02 DE-3.6E-11 tester 1.9E-15
 TTTTTTTTTTTTTTTTTTTTTTTTTTTTTT EDFT        TELAPSE      466.64 TCPU      464.47
 
 INFORMATION **** DFTD3 ENERGY **** CALCULATE DFTD3 ENERGY

           DFT-D V3(BJ)
 DF                                         b3-lyp    
 parameters
 s6       :    1.0000
 s8       :    1.9889
 a1       :    0.3981
 a2       :    4.4211
 k1 k3    :   16.0000   -4.0000
 Cutoff   :   50.2022
 CN-Cutoff:   21.1671
 ABC-Cutoff:   21.1671
 
 Edisp /kcal,au:  -117.5872 -0.18738714

 E6    /kcal :   -56.5889
 E8    /kcal :   -60.9983
 
 INFORMATION **** DFTD3 ENERGY **** NORMAL TERMINATION OF DFTD3 MODULE

 *******************************************************************************

 DFT-D3 DISPERSION ENERGY CORRECTION

 D3 DISPERSION ENERGY (AU)       -1.8738714044800E-01
 TOTAL ENERGY + DISP (AU)        -7.6145528084110E+02

 *******************************************************************************


 NEIGHBORS OF THE NON-EQUIVALENT ATOMS

 N = NUMBER OF NEIGHBORS AT DISTANCE R
    ATOM  N     R/ANG      R/AU   NEIGHBORS (ATOM LABELS AND CELL INDICES)
   1 C    1     1.5144     2.8618    3 C   -1-1 0
   1 C    1     1.5337     2.8983    9 C    0 0 0
   1 C    1     1.5490     2.9272    5 C   -1 0 0
   1 C    1     1.5947     3.0135    6 C    0 0 0
   1 C    1     2.1960     4.1498   14 C    0 0 0
   1 C    1     2.5047     4.7332   13 C   -1 0 0

   9 C    1     1.5022     2.8388   11 C    0 0 0
   9 C    1     1.5337     2.8983    1 C    0 0 0
   9 C    1     1.5489     2.9270   14 C    0 0 0
   9 C    1     1.6106     3.0436   18 C    0 0 0
   9 C    1     2.1960     4.1498    6 C    0 0 0
   9 C    1     2.1966     4.1509   20 C    0 0 0

  17 C    1     1.4851     2.8064   19 C    0 0-1
  17 C    1     1.5469     2.9232   20 C    0 0 0
  17 C    2     1.6106     3.0436   10 C    0 0 0   16 C    0 0 0
  17 C    2     2.1966     4.1509   12 C    0 0-1   14 C    0 0-1
  17 C    2     2.2338     4.2213   11 C    0 0 0   13 C    0 0 0
  17 C    2     2.5736     4.8634   18 C    0 0 0   18 C    0 0-1

 TTTTTTTTTTTTTTTTTTTTTTTTTTTTTT AFTER FIRST TELAPSE      466.84 TCPU      464.62
 MMMMMMMMMMMMMMMMMMMMMMMMMMMMMMMMMMMMMMMMMMMMMMMMMMMMMMMMMMMMMMMMMMMMMMMMMMMMMMM
     ALPHA+BETA ELECTRONS
 MULLIKEN POPULATION ANALYSIS - NO. OF ELECTRONS  120.000000

  ATOM    Z CHARGE  A.O. POPULATION

   1 C    6  5.987  0.853  1.121  0.763  0.413  0.437  0.452  0.429 -0.001
                   -0.003 -0.005  0.491  0.498  0.494  0.012  0.006  0.008
                    0.008  0.011
   2 C    6  5.987  0.853  1.121  0.763  0.413  0.437  0.452  0.429 -0.001
                   -0.003 -0.005  0.491  0.498  0.494  0.012  0.006  0.008
                    0.008  0.011
   3 C    6  5.987  0.853  1.121  0.763  0.413  0.437  0.452  0.429 -0.001
                   -0.003 -0.005  0.491  0.498  0.494  0.012  0.006  0.008
                    0.008  0.011
   4 C    6  5.987  0.853  1.121  0.763  0.413  0.437  0.452  0.429 -0.001
                   -0.003 -0.005  0.491  0.498  0.494  0.012  0.006  0.008
                    0.008  0.011
   5 C    6  5.987  0.853  1.121  0.763  0.413  0.437  0.452  0.429 -0.001
                   -0.003 -0.005  0.491  0.498  0.494  0.012  0.006  0.008
                    0.008  0.011
   6 C    6  5.987  0.853  1.121  0.763  0.413  0.437  0.452  0.429 -0.001
                   -0.003 -0.005  0.491  0.498  0.494  0.012  0.006  0.008
                    0.008  0.011
   7 C    6  5.987  0.853  1.121  0.763  0.413  0.437  0.452  0.429 -0.001
                   -0.003 -0.005  0.491  0.498  0.494  0.012  0.006  0.008
                    0.008  0.011
   8 C    6  5.987  0.853  1.121  0.763  0.413  0.437  0.452  0.429 -0.001
                   -0.003 -0.005  0.491  0.498  0.494  0.012  0.006  0.008
                    0.008  0.011
   9 C    6  6.019  0.854  1.120  0.765  0.438  0.419  0.448  0.444 -0.008
                   -0.013 -0.008  0.505  0.520  0.488  0.013  0.006  0.007
                    0.012  0.009
  10 C    6  6.019  0.854  1.120  0.765  0.438  0.419  0.448  0.444 -0.008
                   -0.013 -0.008  0.505  0.520  0.488  0.013  0.006  0.007
                    0.012  0.009
  11 C    6  6.019  0.854  1.120  0.765  0.438  0.419  0.448  0.444 -0.008
                   -0.013 -0.008  0.505  0.520  0.488  0.013  0.006  0.007
                    0.012  0.009
  12 C    6  6.019  0.854  1.120  0.765  0.438  0.419  0.448  0.444 -0.008
                   -0.013 -0.008  0.505  0.520  0.488  0.013  0.006  0.007
                    0.012  0.009
  13 C    6  6.019  0.854  1.120  0.765  0.438  0.419  0.448  0.444 -0.008
                   -0.013 -0.008  0.505  0.520  0.488  0.013  0.006  0.007
                    0.012  0.009
  14 C    6  6.019  0.854  1.120  0.765  0.438  0.419  0.448  0.444 -0.008
                   -0.013 -0.008  0.505  0.520  0.488  0.013  0.006  0.007
                    0.012  0.009
  15 C    6  6.019  0.854  1.120  0.765  0.438  0.419  0.448  0.444 -0.008
                   -0.013 -0.008  0.505  0.520  0.488  0.013  0.006  0.007
                    0.012  0.009
  16 C    6  6.019  0.854  1.120  0.765  0.438  0.419  0.448  0.444 -0.008
                   -0.013 -0.008  0.505  0.520  0.488  0.013  0.006  0.007
                    0.012  0.009
  17 C    6  5.989  0.854  1.120  0.762  0.480  0.400  0.454  0.437  0.006
                   -0.027 -0.010  0.442  0.548  0.476  0.013  0.007  0.007
                    0.015  0.006
  18 C    6  5.989  0.854  1.120  0.762  0.480  0.400  0.454  0.437  0.006
                   -0.027 -0.010  0.442  0.548  0.476  0.013  0.007  0.007
                    0.015  0.006
  19 C    6  5.989  0.854  1.120  0.762  0.480  0.400  0.454  0.437  0.006
                   -0.027 -0.010  0.442  0.548  0.476  0.013  0.007  0.007
                    0.015  0.006
  20 C    6  5.989  0.854  1.120  0.762  0.480  0.400  0.454  0.437  0.006
                   -0.027 -0.010  0.442  0.548  0.476  0.013  0.007  0.007
                    0.015  0.006

  ATOM    Z CHARGE  SHELL POPULATION

   1 C    6  5.987  0.853  1.121  0.763  0.413  1.319 -0.009  1.483  0.045
   2 C    6  5.987  0.853  1.121  0.763  0.413  1.319 -0.009  1.483  0.045
   3 C    6  5.987  0.853  1.121  0.763  0.413  1.319 -0.009  1.483  0.045
   4 C    6  5.987  0.853  1.121  0.763  0.413  1.319 -0.009  1.483  0.045
   5 C    6  5.987  0.853  1.121  0.763  0.413  1.319 -0.009  1.483  0.045
   6 C    6  5.987  0.853  1.121  0.763  0.413  1.319 -0.009  1.483  0.045
   7 C    6  5.987  0.853  1.121  0.763  0.413  1.319 -0.009  1.483  0.045
   8 C    6  5.987  0.853  1.121  0.763  0.413  1.319 -0.009  1.483  0.045
   9 C    6  6.019  0.854  1.120  0.765  0.438  1.311 -0.030  1.514  0.047
  10 C    6  6.019  0.854  1.120  0.765  0.438  1.311 -0.030  1.514  0.047
  11 C    6  6.019  0.854  1.120  0.765  0.438  1.311 -0.030  1.514  0.047
  12 C    6  6.019  0.854  1.120  0.765  0.438  1.311 -0.030  1.514  0.047
  13 C    6  6.019  0.854  1.120  0.765  0.438  1.311 -0.030  1.514  0.047
  14 C    6  6.019  0.854  1.120  0.765  0.438  1.311 -0.030  1.514  0.047
  15 C    6  6.019  0.854  1.120  0.765  0.438  1.311 -0.030  1.514  0.047
  16 C    6  6.019  0.854  1.120  0.765  0.438  1.311 -0.030  1.514  0.047
  17 C    6  5.989  0.854  1.120  0.762  0.480  1.291 -0.032  1.466  0.048
  18 C    6  5.989  0.854  1.120  0.762  0.480  1.291 -0.032  1.466  0.048
  19 C    6  5.989  0.854  1.120  0.762  0.480  1.291 -0.032  1.466  0.048
  20 C    6  5.989  0.854  1.120  0.762  0.480  1.291 -0.032  1.466  0.048

 OVERLAP POPULATION CONDENSED TO ATOMS FOR FIRST   6 NEIGHBORS

 ATOM A   1 C    ATOM B     CELL      R(AB)/AU R(AB)/ANG    OVPOP(AB)
                  3 C    ( -1 -1  0)     2.862     1.514     0.308
                  9 C    (  0  0  0)     2.898     1.534     0.289
                  5 C    ( -1  0  0)     2.927     1.549     0.311
                  6 C    (  0  0  0)     3.014     1.595     0.331
                 14 C    (  0  0  0)     4.150     2.196    -0.087
                 13 C    ( -1  0  0)     4.733     2.505    -0.020

 ATOM A   9 C    ATOM B     CELL      R(AB)/AU R(AB)/ANG    OVPOP(AB)
                 11 C    (  0  0  0)     2.839     1.502     0.315
                  1 C    (  0  0  0)     2.898     1.534     0.289
                 14 C    (  0  0  0)     2.927     1.549     0.341
                 18 C    (  0  0  0)     3.044     1.611     0.249
                  6 C    (  0  0  0)     4.150     2.196    -0.087
                 20 C    (  0  0  0)     4.151     2.197    -0.070

 ATOM A  17 C    ATOM B     CELL      R(AB)/AU R(AB)/ANG    OVPOP(AB)
                 19 C    (  0  0 -1)     2.806     1.485     0.296
                 20 C    (  0  0  0)     2.923     1.547     0.331
                 10 C    (  0  0  0)     3.044     1.611     0.249
                 12 C    (  0  0 -1)     4.151     2.197    -0.070
                 11 C    (  0  0  0)     4.221     2.234    -0.103
                 18 C    (  0  0  0)     4.863     2.574    -0.022
 TTTTTTTTTTTTTTTTTTTTTTTTTTTTTT AFTER FIRST TELAPSE      467.09 TCPU      464.66
 MMMMMMMMMMMMMMMMMMMMMMMMMMMMMMMMMMMMMMMMMMMMMMMMMMMMMMMMMMMMMMMMMMMMMMMMMMMMMMM
     ALPHA-BETA ELECTRONS
 MULLIKEN POPULATION ANALYSIS - NO. OF ELECTRONS   -0.000000

  ATOM    Z CHARGE  A.O. POPULATION

   1 C    6  0.000  0.000 -0.000  0.000 -0.000 -0.000  0.000  0.000 -0.000
                   -0.000 -0.000  0.000  0.000  0.000 -0.000 -0.000 -0.000
                   -0.000 -0.000
   2 C    6  0.000  0.000 -0.000  0.000 -0.000 -0.000  0.000  0.000 -0.000
                   -0.000 -0.000  0.000  0.000  0.000 -0.000 -0.000 -0.000
                   -0.000 -0.000
   3 C    6  0.000  0.000 -0.000  0.000 -0.000 -0.000  0.000  0.000 -0.000
                   -0.000 -0.000  0.000  0.000  0.000 -0.000 -0.000 -0.000
                   -0.000 -0.000
   4 C    6  0.000  0.000 -0.000  0.000 -0.000 -0.000  0.000  0.000 -0.000
                   -0.000 -0.000  0.000  0.000  0.000 -0.000 -0.000 -0.000
                   -0.000 -0.000
   5 C    6  0.000  0.000 -0.000  0.000 -0.000 -0.000  0.000  0.000 -0.000
                   -0.000 -0.000  0.000  0.000  0.000 -0.000 -0.000 -0.000
                   -0.000 -0.000
   6 C    6  0.000  0.000 -0.000  0.000 -0.000 -0.000  0.000  0.000 -0.000
                   -0.000 -0.000  0.000  0.000  0.000 -0.000 -0.000 -0.000
                   -0.000 -0.000
   7 C    6  0.000  0.000 -0.000  0.000 -0.000 -0.000  0.000  0.000 -0.000
                   -0.000 -0.000  0.000  0.000  0.000 -0.000 -0.000 -0.000
                   -0.000 -0.000
   8 C    6  0.000  0.000 -0.000  0.000 -0.000 -0.000  0.000  0.000 -0.000
                   -0.000 -0.000  0.000  0.000  0.000 -0.000 -0.000 -0.000
                   -0.000 -0.000
   9 C    6 -0.000  0.000 -0.000  0.000 -0.000 -0.000  0.000  0.000  0.000
                   -0.000  0.000  0.000  0.000  0.000 -0.000 -0.000 -0.000
                    0.000 -0.000
  10 C    6 -0.000  0.000 -0.000  0.000 -0.000 -0.000  0.000  0.000  0.000
                   -0.000  0.000  0.000  0.000  0.000 -0.000 -0.000 -0.000
                    0.000 -0.000
  11 C    6 -0.000  0.000 -0.000  0.000 -0.000 -0.000  0.000  0.000  0.000
                   -0.000  0.000  0.000  0.000  0.000 -0.000 -0.000 -0.000
                    0.000 -0.000
  12 C    6 -0.000  0.000 -0.000  0.000 -0.000 -0.000  0.000  0.000  0.000
                   -0.000  0.000  0.000  0.000  0.000 -0.000 -0.000 -0.000
                    0.000 -0.000
  13 C    6 -0.000  0.000 -0.000  0.000 -0.000 -0.000  0.000  0.000  0.000
                   -0.000  0.000  0.000  0.000  0.000 -0.000 -0.000 -0.000
                    0.000 -0.000
  14 C    6 -0.000  0.000 -0.000  0.000 -0.000 -0.000  0.000  0.000  0.000
                   -0.000  0.000  0.000  0.000  0.000 -0.000 -0.000 -0.000
                    0.000 -0.000
  15 C    6 -0.000  0.000 -0.000  0.000 -0.000 -0.000  0.000  0.000  0.000
                   -0.000  0.000  0.000  0.000  0.000 -0.000 -0.000 -0.000
                    0.000 -0.000
  16 C    6 -0.000  0.000 -0.000  0.000 -0.000 -0.000  0.000  0.000  0.000
                   -0.000  0.000  0.000  0.000  0.000 -0.000 -0.000 -0.000
                    0.000 -0.000
  17 C    6  0.000 -0.000 -0.000 -0.000  0.000  0.000  0.000 -0.000  0.000
                   -0.000  0.000 -0.000 -0.000 -0.000  0.000  0.000  0.000
                    0.000  0.000
  18 C    6  0.000 -0.000 -0.000 -0.000  0.000  0.000  0.000 -0.000  0.000
                   -0.000  0.000 -0.000 -0.000 -0.000  0.000  0.000  0.000
                    0.000  0.000
  19 C    6  0.000 -0.000 -0.000 -0.000  0.000  0.000  0.000 -0.000  0.000
                   -0.000  0.000 -0.000 -0.000 -0.000  0.000  0.000  0.000
                    0.000  0.000
  20 C    6  0.000 -0.000 -0.000 -0.000  0.000  0.000  0.000 -0.000  0.000
                   -0.000  0.000 -0.000 -0.000 -0.000  0.000  0.000  0.000
                    0.000  0.000

  ATOM    Z CHARGE  SHELL POPULATION

   1 C    6  0.000  0.000 -0.000  0.000 -0.000  0.000 -0.000  0.000 -0.000
   2 C    6  0.000  0.000 -0.000  0.000 -0.000  0.000 -0.000  0.000 -0.000
   3 C    6  0.000  0.000 -0.000  0.000 -0.000  0.000 -0.000  0.000 -0.000
   4 C    6  0.000  0.000 -0.000  0.000 -0.000  0.000 -0.000  0.000 -0.000
   5 C    6  0.000  0.000 -0.000  0.000 -0.000  0.000 -0.000  0.000 -0.000
   6 C    6  0.000  0.000 -0.000  0.000 -0.000  0.000 -0.000  0.000 -0.000
   7 C    6  0.000  0.000 -0.000  0.000 -0.000  0.000 -0.000  0.000 -0.000
   8 C    6  0.000  0.000 -0.000  0.000 -0.000  0.000 -0.000  0.000 -0.000
   9 C    6 -0.000  0.000 -0.000  0.000 -0.000  0.000 -0.000  0.000 -0.000
  10 C    6 -0.000  0.000 -0.000  0.000 -0.000  0.000 -0.000  0.000 -0.000
  11 C    6 -0.000  0.000 -0.000  0.000 -0.000  0.000 -0.000  0.000 -0.000
  12 C    6 -0.000  0.000 -0.000  0.000 -0.000  0.000 -0.000  0.000 -0.000
  13 C    6 -0.000  0.000 -0.000  0.000 -0.000  0.000 -0.000  0.000 -0.000
  14 C    6 -0.000  0.000 -0.000  0.000 -0.000  0.000 -0.000  0.000 -0.000
  15 C    6 -0.000  0.000 -0.000  0.000 -0.000  0.000 -0.000  0.000 -0.000
  16 C    6 -0.000  0.000 -0.000  0.000 -0.000  0.000 -0.000  0.000 -0.000
  17 C    6  0.000 -0.000 -0.000 -0.000  0.000  0.000  0.000 -0.000  0.000
  18 C    6  0.000 -0.000 -0.000 -0.000  0.000  0.000  0.000 -0.000  0.000
  19 C    6  0.000 -0.000 -0.000 -0.000  0.000  0.000  0.000 -0.000  0.000
  20 C    6  0.000 -0.000 -0.000 -0.000  0.000  0.000  0.000 -0.000  0.000

 OVERLAP POPULATION CONDENSED TO ATOMS FOR FIRST   6 NEIGHBORS

 ATOM A   1 C    ATOM B     CELL      R(AB)/AU R(AB)/ANG    OVPOP(AB)
                  3 C    ( -1 -1  0)     2.862     1.514    -0.000
                  9 C    (  0  0  0)     2.898     1.534     0.000
                  5 C    ( -1  0  0)     2.927     1.549     0.000
                  6 C    (  0  0  0)     3.014     1.595    -0.000
                 14 C    (  0  0  0)     4.150     2.196     0.000
                 13 C    ( -1  0  0)     4.733     2.505    -0.000

 ATOM A   9 C    ATOM B     CELL      R(AB)/AU R(AB)/ANG    OVPOP(AB)
                 11 C    (  0  0  0)     2.839     1.502     0.000
                  1 C    (  0  0  0)     2.898     1.534     0.000
                 14 C    (  0  0  0)     2.927     1.549     0.000
                 18 C    (  0  0  0)     3.044     1.611     0.000
                  6 C    (  0  0  0)     4.150     2.196     0.000
                 20 C    (  0  0  0)     4.151     2.197    -0.000

 ATOM A  17 C    ATOM B     CELL      R(AB)/AU R(AB)/ANG    OVPOP(AB)
                 19 C    (  0  0 -1)     2.806     1.485    -0.000
                 20 C    (  0  0  0)     2.923     1.547    -0.000
                 10 C    (  0  0  0)     3.044     1.611     0.000
                 12 C    (  0  0 -1)     4.151     2.197    -0.000
                 11 C    (  0  0  0)     4.221     2.234    -0.000
                 18 C    (  0  0  0)     4.863     2.574    -0.000
 EIGENVECTORS IN FORTRAN UNIT  8
 TTTTTTTTTTTTTTTTTTTTTTTTTTTTTT END         TELAPSE      467.79 TCPU      465.32
 EEEEEEEEEE TERMINATION  DATE 30 01 2026 TIME 23:51:12.5
NODE    0 CPU TIME =       465.321
NODE    1 CPU TIME =       466.391
NODE    2 CPU TIME =       466.271
NODE    3 CPU TIME =       465.992
NODE    4 CPU TIME =       466.355
NODE    5 CPU TIME =       466.421
NODE    6 CPU TIME =       465.845
NODE    7 CPU TIME =       465.740
NODE    8 CPU TIME =       466.262
NODE    9 CPU TIME =       465.847
NODE   10 CPU TIME =       466.503
NODE   11 CPU TIME =       466.290
NODE   12 CPU TIME =       466.317
NODE   13 CPU TIME =       466.157
NODE   14 CPU TIME =       465.934
NODE   15 CPU TIME =       466.440
NODE   16 CPU TIME =       465.893
NODE   17 CPU TIME =       466.366
NODE   18 CPU TIME =       466.372
NODE   19 CPU TIME =       466.428
NODE   20 CPU TIME =       466.407
NODE   21 CPU TIME =       465.812
NODE   22 CPU TIME =       466.335
NODE   23 CPU TIME =       466.162
NODE   24 CPU TIME =       466.157
NODE   25 CPU TIME =       466.291
NODE   26 CPU TIME =       466.269
NODE   27 CPU TIME =       466.132
NODE   28 CPU TIME =       465.792
NODE   29 CPU TIME =       466.095
NODE   30 CPU TIME =       465.780
NODE   31 CPU TIME =       466.315
    TOTAL CPU TIME =     14916.690
