MPI startup(): Warning: I_MPI_PMI_LIBRARY will be ignored since the hydra process manager was found
MPI startup(): Warning: I_MPI_PMI_LIBRARY will be ignored since the hydra process manager was found
MPI startup(): Warning: I_MPI_PMI_LIBRARY will be ignored since the hydra process manager was found
MPI startup(): Warning: I_MPI_PMI_LIBRARY will be ignored since the hydra process manager was found
MPI startup(): Warning: I_MPI_PMI_LIBRARY will be ignored since the hydra process manager was found
MPI startup(): Warning: I_MPI_PMI_LIBRARY will be ignored since the hydra process manager was found
MPI startup(): Warning: I_MPI_PMI_LIBRARY will be ignored since the hydra process manager was found
MPI startup(): Warning: I_MPI_PMI_LIBRARY will be ignored since the hydra process manager was found
MPI startup(): Warning: I_MPI_PMI_LIBRARY will be ignored since the hydra process manager was found
MPI startup(): Warning: I_MPI_PMI_LIBRARY will be ignored since the hydra process manager was found
MPI startup(): Warning: I_MPI_PMI_LIBRARY will be ignored since the hydra process manager was found
MPI startup(): Warning: I_MPI_PMI_LIBRARY will be ignored since the hydra process manager was found
MPI startup(): Warning: I_MPI_PMI_LIBRARY will be ignored since the hydra process manager was found
MPI startup(): Warning: I_MPI_PMI_LIBRARY will be ignored since the hydra process manager was found
MPI startup(): Warning: I_MPI_PMI_LIBRARY will be ignored since the hydra process manager was found
MPI startup(): Warning: I_MPI_PMI_LIBRARY will be ignored since the hydra process manager was found
MPI startup(): Warning: I_MPI_PMI_LIBRARY will be ignored since the hydra process manager was found
MPI startup(): Warning: I_MPI_PMI_LIBRARY will be ignored since the hydra process manager was found
MPI startup(): Warning: I_MPI_PMI_LIBRARY will be ignored since the hydra process manager was found
MPI startup(): Warning: I_MPI_PMI_LIBRARY will be ignored since the hydra process manager was found
MPI startup(): Warning: I_MPI_PMI_LIBRARY will be ignored since the hydra process manager was found
MPI startup(): Warning: I_MPI_PMI_LIBRARY will be ignored since the hydra process manager was found
MPI startup(): Warning: I_MPI_PMI_LIBRARY will be ignored since the hydra process manager was found
MPI startup(): Warning: I_MPI_PMI_LIBRARY will be ignored since the hydra process manager was found
MPI startup(): Warning: I_MPI_PMI_LIBRARY will be ignored since the hydra process manager was found
MPI startup(): Warning: I_MPI_PMI_LIBRARY will be ignored since the hydra process manager was found
MPI startup(): Warning: I_MPI_PMI_LIBRARY will be ignored since the hydra process manager was found
MPI startup(): Warning: I_MPI_PMI_LIBRARY will be ignored since the hydra process manager was found
MPI startup(): Warning: I_MPI_PMI_LIBRARY will be ignored since the hydra process manager was found
MPI startup(): Warning: I_MPI_PMI_LIBRARY will be ignored since the hydra process manager was found
MPI startup(): Warning: I_MPI_PMI_LIBRARY will be ignored since the hydra process manager was found
MPI startup(): Warning: I_MPI_PMI_LIBRARY will be ignored since the hydra process manager was found
 PROCESS            8  OF           32  WORKING
 PROCESS           10  OF           32  WORKING
 PROCESS           11  OF           32  WORKING
 PROCESS           15  OF           32  WORKING
 PROCESS            4  OF           32  WORKING
 PROCESS            7  OF           32  WORKING
 PROCESS           13  OF           32  WORKING
 PROCESS           23  OF           32  WORKING
 PROCESS            3  OF           32  WORKING
 PROCESS           22  OF           32  WORKING
 PROCESS           19  OF           32  WORKING
 PROCESS           25  OF           32  WORKING
 PROCESS           30  OF           32  WORKING
 PROCESS           12  OF           32  WORKING
 PROCESS           18  OF           32  WORKING
 PROCESS           20  OF           32  WORKING
 PROCESS           21  OF           32  WORKING
 PROCESS           31  OF           32  WORKING
 PROCESS           28  OF           32  WORKING
 PROCESS           27  OF           32  WORKING
 PROCESS           17  OF           32  WORKING
 PROCESS           29  OF           32  WORKING
 PROCESS            6  OF           32  WORKING
 PROCESS           14  OF           32  WORKING
 PROCESS           16  OF           32  WORKING
 PROCESS            2  OF           32  WORKING
 PROCESS            5  OF           32  WORKING
 PROCESS           26  OF           32  WORKING
 PROCESS           24  OF           32  WORKING
 PROCESS            1  OF           32  WORKING
 PROCESS            0  OF           32  WORKING

         
 *******************************************************************************
 *                                                                             *
 *                               CRYSTAL23                                     *
 *                      public : 1.0.1 - October 2022                          *
 *                       HTTP://WWW.CRYSTAL.UNITO.IT                           *
 *                                                                             *
 *                              MAIN AUTHORS                                   *
 *                                                                             *
 *  R. DOVESI(1,11), V.R. SAUNDERS(2), C. ROETTI(1,11), R. ORLANDO(1,11),      *
 *  C.M. ZICOVICH-WILSON(1,3), F. PASCALE(4), B. CIVALLERI(1,11),              *
 *  K. DOLL(5), N.M. HARRISON(6), I.J. BUSH(7), Ph. D'ARCO(8),                 *
 *  M. LLUNELL(9), M. CAUSA'(10), Y. NOEL(8), L. MASCHIO(1,11), A. ERBA(1,11)  *
 *  M. RE'RAT(14), S. CASASSA(1,11), B.G. SEARLE(2), J.K. DESMARAIS(1)         *
 *                                                                             *
 *        CONTRIBUTIONS TO THE CODE HAVE ALSO BEEN GIVEN BY                    *
 *                                                                             *
 *  M. FERRABONE(1,11), M. DE LA PIERRE(1,11), M. FERRERO(1,11),               *
 *  J. BAIMA(1,11), E. ALBANESE(1,11), M.F. PEINTINGER(12), R. BAST(13),       *
 *  B. KIRTMAN(15), V. LACIVITA(1,11), R. DEMICHELIS(1,16)                     *
 *  G. BRANDEBURG(17), S. SALUSTRO(1,11), G. SANSONE(1,11)                     *
 *  M.T. RUGGIERO(18), L.E. DAGA(1), L. DONA'(1), A. COSSARD(1)                *
 *                                                                             *
 * (1) THEORETICAL CHEMISTRY GROUP - UNIVERSITA' DI TORINO - TORINO (ITALY)    *
 * (2) SCIENTIFIC COMPUTING DEPARTMENT - STFC DARESBURY (UK)                   *
 * (3) UNIVERSIDAD AUTONOMA DEL ESTADO DE MORELOS - CUERNAVACA (MEXICO)        *
 * (4) UNIVERSITE' DE LORRAINE - NANCY (FRANCE)                                *
 * (5) UNIVERSITAET STUTTGART- STUTTGART (GERMANY)                             *
 * (6) IMPERIAL COLLEGE - LONDON (UK)                                          *
 * (7) SCIENTIFIC COMPUTING DEPARTMENT - STFC RAL (UK)                         *
 * (8) UPMC - SORBONNE UNIVERSITES - PARIS (FRANCE)                            *
 * (9) UNIVERSIDAD DE BARCELONA - BARCELONA (SPAIN)                            *
 *(10) UNIVERSITA' DI NAPOLI "FEDERICO II" - NAPOLI (ITALY)                    *
 *(11) NIS - NANOSTRUCTURED INTERFACES AND SURFACES - TORINO (ITALY)           *
 *(12) MPI FUER CHEMISCHE ENERGIEKONVERSION - MUELHEIM AN DER RUHR (GERMANY)   *
 *(13) UNIVERSITY OF TROMSO - TROMSO (NORWAY)                                  *
 *(14) UNIVERSITE' DE PAU ET DES PAYS DE L'ADOUR - PAU (FRANCE)                *
 *(15) UNIVERSITY OF CALIFORNIA SANTA BARBARA - SANTA BARBARA (USA)            *
 *(16) CURTIN UNIVERSITY - PERTH (AUSTRALIA)                                   *
 *(17) UNIVERSITY COLLEGE LONDON - LONDON (UK)                                 *
 *(18) UNIVERSITY OF VERMONT - BURLINGTON (USA)                                *
 *                                                                             *
 *******************************************************************************
 EEEEEEEEEE STARTING  DATE 28 01 2026 TIME 20:01:43.2
 ./4^3T54-CA_rev1_sp_B3LYP-D3-D3_optimized                                       
 PROCESS            9  OF           32  WORKING

 CRYSTAL CALCULATION
 (INPUT ACCORDING TO THE INTERNATIONAL TABLES FOR X-RAY CRYSTALLOGRAPHY)
 CRYSTAL FAMILY                       :  ORTHORHOMBIC
 CRYSTAL CLASS  (GROTH - 1921)        :  ORTHORHOMBIC BIPYRAMIDAL             

 SPACE GROUP (CENTROSYMMETRIC)        :  P C C A         

 LATTICE PARAMETERS  (ANGSTROMS AND DEGREES) - CONVENTIONAL CELL
        A           B           C        ALPHA        BETA       GAMMA
     4.72555     4.07467     9.04194    90.00000    90.00000    90.00000


 NUMBER OF IRREDUCIBLE ATOMS IN THE CONVENTIONAL CELL:    3

 INPUT COORDINATES

 ATOM AT. N.              COORDINATES
   1   6     9.710538853612E-02 -8.468671790811E-02 -1.845628278635E-01
   2   6     2.252705134051E-01 -3.194632096720E-01 -4.740680670501E-02
   3   6     4.990545596993E-01 -1.404567075025E-01 -4.490198242531E-01

 *******************************************************************************

 << INFORMATION >>: FROM NOW ON, ALL COORDINATES REFER TO THE PRIMITIVE CELL

 *******************************************************************************

 LATTICE PARAMETERS  (ANGSTROMS AND DEGREES) - PRIMITIVE CELL
       A          B          C        ALPHA      BETA     GAMMA        VOLUME
    4.72555    4.07467    9.04194    90.00000  90.00000  90.00000    174.103102

 COORDINATES OF THE EQUIVALENT ATOMS (FRACTIONAL UNITS)

 N. ATOM EQUIV AT. N.          X                  Y                  Z

   1   1   1    6 C     9.71053885361E-02 -8.46867179081E-02 -1.84562827864E-01
   2   1   2    6 C     4.02894611464E-01  8.46867179081E-02 -1.84562827864E-01
   3   1   3    6 C    -4.02894611464E-01  8.46867179081E-02 -3.15437172137E-01
   4   1   4    6 C    -9.71053885361E-02 -8.46867179081E-02 -3.15437172137E-01
   5   1   5    6 C    -9.71053885361E-02  8.46867179081E-02  1.84562827864E-01
   6   1   6    6 C    -4.02894611464E-01 -8.46867179081E-02  1.84562827864E-01
   7   1   7    6 C     4.02894611464E-01 -8.46867179081E-02  3.15437172137E-01
   8   1   8    6 C     9.71053885361E-02  8.46867179081E-02  3.15437172137E-01

   9   2   1    6 C     2.25270513405E-01 -3.19463209672E-01 -4.74068067050E-02
  10   2   2    6 C     2.74729486595E-01  3.19463209672E-01 -4.74068067050E-02
  11   2   3    6 C    -2.74729486595E-01  3.19463209672E-01 -4.52593193295E-01
  12   2   4    6 C    -2.25270513405E-01 -3.19463209672E-01 -4.52593193295E-01
  13   2   5    6 C    -2.25270513405E-01  3.19463209672E-01  4.74068067050E-02
  14   2   6    6 C    -2.74729486595E-01 -3.19463209672E-01  4.74068067050E-02
  15   2   7    6 C     2.74729486595E-01 -3.19463209672E-01  4.52593193295E-01
  16   2   8    6 C     2.25270513405E-01  3.19463209672E-01  4.52593193295E-01

  17   3   1    6 C     4.99054559699E-01 -1.40456707503E-01 -4.49019824253E-01
  18   3   2    6 C     9.45440300700E-04  1.40456707503E-01 -4.49019824253E-01
  19   3   3    6 C    -9.45440300700E-04  1.40456707503E-01 -5.09801757469E-02
  20   3   4    6 C    -4.99054559699E-01 -1.40456707503E-01 -5.09801757469E-02
  21   3   5    6 C    -4.99054559699E-01  1.40456707503E-01  4.49019824253E-01
  22   3   6    6 C    -9.45440300700E-04 -1.40456707503E-01  4.49019824253E-01
  23   3   7    6 C     9.45440300700E-04 -1.40456707503E-01  5.09801757469E-02
  24   3   8    6 C     4.99054559699E-01  1.40456707503E-01  5.09801757469E-02

 NUMBER OF SYMMETRY OPERATORS         :    8
 *******************************************************************************
 * GEOMETRY EDITING - INPUT COORDINATES ARE GIVEN IN ANGSTROM         
 *******************************************************************************

 GEOMETRY NOW FULLY CONSISTENT WITH THE GROUP

 GCALCO - MAX INDICES DIRECT LATTICE VECTOR    17    20     9
 NO.OF VECTORS CREATED 6999 STARS 1063 RMAX   125.02793 BOHR

 GEOMETRY FOR WAVE FUNCTION - DIMENSIONALITY OF THE SYSTEM    3
 (NON PERIODIC DIRECTION: LATTICE PARAMETER FORMALLY SET TO 500)
 *******************************************************************************
 LATTICE PARAMETERS (ANGSTROMS AND DEGREES) - BOHR = 0.5291772083 ANGSTROM
 PRIMITIVE CELL - CENTRING CODE 1/0 VOLUME=   174.103102 - DENSITY  2.747 g/cm^3
         A              B              C           ALPHA      BETA       GAMMA 
     4.72554998     4.07467190     9.04193758    90.000000  90.000000  90.000000
 *******************************************************************************
 ATOMS IN THE ASYMMETRIC UNIT    3 - ATOMS IN THE UNIT CELL:   24
     ATOM                 X/A                 Y/B                 Z/C    
 *******************************************************************************
      1 T   6 C     9.710538853612E-02 -8.468671790811E-02 -1.845628278635E-01
      2 F   6 C     4.028946114639E-01  8.468671790811E-02 -1.845628278635E-01
      3 F   6 C    -4.028946114639E-01  8.468671790811E-02 -3.154371721365E-01
      4 F   6 C    -9.710538853612E-02 -8.468671790811E-02 -3.154371721365E-01
      5 F   6 C    -9.710538853612E-02  8.468671790811E-02  1.845628278635E-01
      6 F   6 C    -4.028946114639E-01 -8.468671790811E-02  1.845628278635E-01
      7 F   6 C     4.028946114639E-01 -8.468671790811E-02  3.154371721365E-01
      8 F   6 C     9.710538853612E-02  8.468671790811E-02  3.154371721365E-01
      9 T   6 C     2.252705134051E-01 -3.194632096720E-01 -4.740680670501E-02
     10 F   6 C     2.747294865949E-01  3.194632096720E-01 -4.740680670501E-02
     11 F   6 C    -2.747294865949E-01  3.194632096720E-01 -4.525931932950E-01
     12 F   6 C    -2.252705134051E-01 -3.194632096720E-01 -4.525931932950E-01
     13 F   6 C    -2.252705134051E-01  3.194632096720E-01  4.740680670501E-02
     14 F   6 C    -2.747294865949E-01 -3.194632096720E-01  4.740680670501E-02
     15 F   6 C     2.747294865949E-01 -3.194632096720E-01  4.525931932950E-01
     16 F   6 C     2.252705134051E-01  3.194632096720E-01  4.525931932950E-01
     17 T   6 C     4.990545596993E-01 -1.404567075025E-01 -4.490198242531E-01
     18 F   6 C     9.454403007000E-04  1.404567075025E-01 -4.490198242531E-01
     19 F   6 C    -9.454403007000E-04  1.404567075025E-01 -5.098017574690E-02
     20 F   6 C    -4.990545596993E-01 -1.404567075025E-01 -5.098017574690E-02
     21 F   6 C    -4.990545596993E-01  1.404567075025E-01  4.490198242531E-01
     22 F   6 C    -9.454403007000E-04 -1.404567075025E-01  4.490198242531E-01
     23 F   6 C     9.454403007000E-04 -1.404567075025E-01  5.098017574690E-02
     24 F   6 C     4.990545596993E-01  1.404567075025E-01  5.098017574690E-02

 T = ATOM BELONGING TO THE ASYMMETRIC UNIT

 ****    8 SYMMOPS - TRANSLATORS IN FRACTIONAL UNITS
 **** MATRICES AND TRANSLATORS IN THE CRYSTALLOGRAPHIC REFERENCE FRAME
   V INV                    ROTATION MATRICES                   TRANSLATORS
   1   1  1.00  0.00  0.00  0.00  1.00  0.00  0.00  0.00  1.00  0.00  0.00  0.00
   2   2 -1.00  0.00  0.00  0.00 -1.00  0.00  0.00  0.00  1.00  0.50  0.00  0.00
   3   3  1.00  0.00  0.00  0.00 -1.00  0.00  0.00  0.00 -1.00  0.50  0.00  0.50
   4   4 -1.00  0.00  0.00  0.00  1.00  0.00  0.00  0.00 -1.00  0.00  0.00  0.50
   5   5 -1.00  0.00  0.00  0.00 -1.00  0.00  0.00  0.00 -1.00  0.00  0.00  0.00
   6   6  1.00  0.00  0.00  0.00  1.00  0.00  0.00  0.00 -1.00  0.50  0.00  0.00
   7   7 -1.00  0.00  0.00  0.00  1.00  0.00  0.00  0.00  1.00  0.50  0.00  0.50
   8   8  1.00  0.00  0.00  0.00 -1.00  0.00  0.00  0.00  1.00  0.00  0.00  0.50

 DIRECT LATTICE VECTORS CARTESIAN COMPONENTS (ANGSTROM)
          X                    Y                    Z
   0.472554998000E+01   0.000000000000E+00   0.000000000000E+00
   0.000000000000E+00   0.407467190000E+01   0.000000000000E+00
   0.000000000000E+00   0.000000000000E+00   0.904193758000E+01


 CARTESIAN COORDINATES - PRIMITIVE CELL
 *******************************************************************************
 *      ATOM          X(ANGSTROM)         Y(ANGSTROM)         Z(ANGSTROM)
 *******************************************************************************
    1     6 C     4.588763668548E-01 -3.450705897634E-01 -1.668805569130E+00
    2     6 C     1.903898623145E+00  3.450705897634E-01 -1.668805569130E+00
    3     6 C    -1.903898623145E+00  3.450705897634E-01 -2.852163220870E+00
    4     6 C    -4.588763668548E-01 -3.450705897634E-01 -2.852163220870E+00
    5     6 C    -4.588763668548E-01  3.450705897634E-01  1.668805569130E+00
    6     6 C    -1.903898623145E+00 -3.450705897634E-01  1.668805569130E+00
    7     6 C     1.903898623145E+00 -3.450705897634E-01  2.852163220870E+00
    8     6 C     4.588763668548E-01  3.450705897634E-01  2.852163220870E+00
    9     6 C     1.064527070116E+00 -1.301707763534E+00 -4.286493870938E-01
   10     6 C     1.298247919884E+00  1.301707763534E+00 -4.286493870938E-01
   11     6 C    -1.298247919884E+00  1.301707763534E+00 -4.092319402906E+00
   12     6 C    -1.064527070116E+00 -1.301707763534E+00 -4.092319402906E+00
   13     6 C    -1.064527070116E+00  1.301707763534E+00  4.286493870938E-01
   14     6 C    -1.298247919884E+00 -1.301707763534E+00  4.286493870938E-01
   15     6 C     1.298247919884E+00 -1.301707763534E+00  4.092319402906E+00
   16     6 C     1.064527070116E+00  1.301707763534E+00  4.092319402906E+00
   17     6 C     2.358307264606E+00 -5.723149992270E-01 -4.060009223079E+00
   18     6 C     4.467725394064E-03  5.723149992270E-01 -4.060009223079E+00
   19     6 C    -4.467725394064E-03  5.723149992270E-01 -4.609595669209E-01
   20     6 C    -2.358307264606E+00 -5.723149992270E-01 -4.609595669209E-01
   21     6 C    -2.358307264606E+00  5.723149992270E-01  4.060009223079E+00
   22     6 C    -4.467725394064E-03 -5.723149992270E-01  4.060009223079E+00
   23     6 C     4.467725394064E-03 -5.723149992270E-01  4.609595669209E-01
   24     6 C     2.358307264606E+00  5.723149992270E-01  4.609595669209E-01

 *******************************************************************************
 LOCAL ATOMIC FUNCTIONS BASIS SET
 *******************************************************************************
   ATOM   X(AU)   Y(AU)   Z(AU)  N. TYPE  EXPONENT  S COEF   P COEF   D/F/G COEF
 *******************************************************************************
   1 C    0.867  -0.652  -3.154
                                  1 S  
                                         1.358E+04 2.225E-04 0.000E+00 0.000E+00
                                         2.035E+03 1.723E-03 0.000E+00 0.000E+00
                                         4.632E+02 8.926E-03 0.000E+00 0.000E+00
                                         1.312E+02 3.573E-02 0.000E+00 0.000E+00
                                         4.285E+01 1.108E-01 0.000E+00 0.000E+00
                                         1.558E+01 2.430E-01 0.000E+00 0.000E+00
                                  2 S  
                                         6.207E+00 4.144E-01 0.000E+00 0.000E+00
                                         2.576E+00 2.374E-01 0.000E+00 0.000E+00
                                  3 S  
                                         4.941E-01 1.000E+00 0.000E+00 0.000E+00
                                  4 S  
                                         1.644E-01 1.000E+00 0.000E+00 0.000E+00
                           5-     7 P  
                                         3.470E+01 0.000E+00 5.333E-03 0.000E+00
                                         7.958E+00 0.000E+00 3.586E-02 0.000E+00
                                         2.378E+00 0.000E+00 1.422E-01 0.000E+00
                                         8.143E-01 0.000E+00 3.427E-01 0.000E+00
                           8-    10 P  
                                         5.662E-01 0.000E+00 1.000E+00 0.000E+00
                          11-    13 P  
                                         2.674E-01 0.000E+00 1.000E+00 0.000E+00
                          14-    18 D  
                                         8.792E-01 0.000E+00 0.000E+00 1.000E+00
   2 C    3.598   0.652  -3.154
   3 C   -3.598   0.652  -5.390
   4 C   -0.867  -0.652  -5.390
   5 C   -0.867   0.652   3.154
   6 C   -3.598  -0.652   3.154
   7 C    3.598  -0.652   5.390
   8 C    0.867   0.652   5.390
   9 C    2.012  -2.460  -0.810
  10 C    2.453   2.460  -0.810
  11 C   -2.453   2.460  -7.733
  12 C   -2.012  -2.460  -7.733
  13 C   -2.012   2.460   0.810
  14 C   -2.453  -2.460   0.810
  15 C    2.453  -2.460   7.733
  16 C    2.012   2.460   7.733
  17 C    4.457  -1.082  -7.672
  18 C    0.008   1.082  -7.672
  19 C   -0.008   1.082  -0.871
  20 C   -4.457  -1.082  -0.871
  21 C   -4.457   1.082   7.672
  22 C   -0.008  -1.082   7.672
  23 C    0.008  -1.082   0.871
  24 C    4.457   1.082   0.871
 INFORMATION **** SET_MPP **** PCRYSTAL CALCULATION
 INFORMATION **** READM2 **** NEW DEFAULT: FOCK/KS MATRIX MIXING SET TO 30 %
 INFORMATION **** READM2 **** NEW DEFAULT: FULL DIRECT SCF MODE
 INFORMATION **** READM2 **** NEW DEFAULT: COULOMB BIPOLAR BUFFER SET TO 32 Mb
 INFORMATION **** READM2 **** NEW DEFAULT: EXCHANGE BIPOLAR BUFFER SET TO 32 Mb

 *******************************************************************************
 NEW DEFAULT: DFT INTEGRATION GRID INCREASED TO XLGRID
 NEW DEFAULT: DIIS ACCELERATOR ACTIVE
 USE KEYWORD NODIIS TO TURN IT OFF
 *******************************************************************************

 INFORMATION **** DFTD3_INPUT **** PERFORM LATEST DISPERSION CORRECTION DFT-D3(BJ) WITH AUTOMATIC PARAMETER SETUP
 PLEASE CITE:
 (1) DFT-D3 Reference
  S. Grimme, J. Antony, S. Ehrlich, and H. Krieg, J. Chem. Phys. 132 (2010), 154104
 (2) BJ-Damping Reference
  S. Grimme, S. Ehrlich, and L. Goerigk, J. Comput. Chem. 32 (2011), 1456-1465
 (3) General DFT-D Review
  S. Grimme, A. Hansen, J. G. Brandenburg, and C. Bannwarth,
  Chem. Rev. 116 (2016), 5105-5154

 INFORMATION **** TOLINTEG **** COULOMB AND EXCHANGE SERIES TOLERANCES MODIFIED
 INFORMATION **** TOLDEE **** SCF TOL ON TOTAL ENERGY SET TO           9
 INFORMATION **** READM2 **** FULL DIRECT SCF (MONO AND BIEL INT) SELECTED
 INFORMATION **** MAXCYCLE **** MAX NUMBER OF SCF CYCLES SET TO         800
 INFORMATION **** DIIS **** DIIS FOR SCF ACTIVE
 INFORMATION **** DIIS **** LEVEL SHIFTER DISABLED
 INFORMATION **** PPAN ****  MULLIKEN POPULATION ANALYSIS AT THE END OF SCF
 *******************************************************************************
 N. OF ATOMS PER CELL        24  COULOMB OVERLAP TOL         (T1) 10**   -8
 NUMBER OF SHELLS           192  COULOMB PENETRATION TOL     (T2) 10**   -8
 NUMBER OF AO               432  EXCHANGE OVERLAP TOL        (T3) 10**   -8
 N. OF ELECTRONS PER CELL   144  EXCHANGE PSEUDO OVP (F(G))  (T4) 10**   -9
 CORE ELECTRONS PER CELL     48  EXCHANGE PSEUDO OVP (P(G))  (T5) 10**  -24
 N. OF SYMMETRY OPERATORS     8  POLE ORDER IN MONO ZONE                  4
 *******************************************************************************
 TYPE OF CALCULATION :  UNRESTRICTED OPEN SHELL
 KOHN-SHAM HAMILTONIAN

 (EXCHANGE)[CORRELATION] FUNCTIONAL:(BECKE 88)[LEE-YANG-PARR]

 NON-LOCAL WEIGHTING FACTOR (EXCHANGE) =           0.9000
 NON-LOCAL WEIGHTING FACTOR [CORRELATION] =        0.8100

 HYBRID EXCHANGE - PERCENTAGE OF FOCK EXCHANGE    20.0000

 SPIN POLARIZED DFT SELECTED

 CAPPA:IS1 10;IS2 10;IS3 10; K PTS MONK NET 216; SYMMOPS:K SPACE   8;G SPACE   8

 *******************************************************************************
 MAX NUMBER OF SCF CYCLES     800  CONVERGENCE ON DELTAP        10**-19
 WEIGHT OF F(I) IN F(I+1)      30% CONVERGENCE ON ENERGY        10**- 9
 SHRINK. FACT.(MONKH.)   10 10 10  NUMBER OF K POINTS IN THE IBZ    216
 SHRINKING FACTOR(GILAT NET)   20  NUMBER OF K POINTS(GILAT NET)   1331
 *******************************************************************************
 *** K POINTS COORDINATES (OBLIQUE COORDINATES IN UNITS OF IS = 10)
   1-R(  0  0  0)   2-C(  1  0  0)   3-C(  2  0  0)   4-C(  3  0  0)
   5-C(  4  0  0)   6-R(  5  0  0)   7-C(  0  1  0)   8-C(  1  1  0)
   9-C(  2  1  0)  10-C(  3  1  0)  11-C(  4  1  0)  12-C(  5  1  0)
  13-C(  0  2  0)  14-C(  1  2  0)  15-C(  2  2  0)  16-C(  3  2  0)
  17-C(  4  2  0)  18-C(  5  2  0)  19-C(  0  3  0)  20-C(  1  3  0)
  21-C(  2  3  0)  22-C(  3  3  0)  23-C(  4  3  0)  24-C(  5  3  0)
  25-C(  0  4  0)  26-C(  1  4  0)  27-C(  2  4  0)  28-C(  3  4  0)
  29-C(  4  4  0)  30-C(  5  4  0)  31-R(  0  5  0)  32-C(  1  5  0)
  33-C(  2  5  0)  34-C(  3  5  0)  35-C(  4  5  0)  36-R(  5  5  0)
  37-C(  0  0  1)  38-C(  1  0  1)  39-C(  2  0  1)  40-C(  3  0  1)
  41-C(  4  0  1)  42-C(  5  0  1)  43-C(  0  1  1)  44-C(  1  1  1)
  45-C(  2  1  1)  46-C(  3  1  1)  47-C(  4  1  1)  48-C(  5  1  1)
  49-C(  0  2  1)  50-C(  1  2  1)  51-C(  2  2  1)  52-C(  3  2  1)
  53-C(  4  2  1)  54-C(  5  2  1)  55-C(  0  3  1)  56-C(  1  3  1)
  57-C(  2  3  1)  58-C(  3  3  1)  59-C(  4  3  1)  60-C(  5  3  1)
  61-C(  0  4  1)  62-C(  1  4  1)  63-C(  2  4  1)  64-C(  3  4  1)
  65-C(  4  4  1)  66-C(  5  4  1)  67-C(  0  5  1)  68-C(  1  5  1)
  69-C(  2  5  1)  70-C(  3  5  1)  71-C(  4  5  1)  72-C(  5  5  1)
  73-C(  0  0  2)  74-C(  1  0  2)  75-C(  2  0  2)  76-C(  3  0  2)
  77-C(  4  0  2)  78-C(  5  0  2)  79-C(  0  1  2)  80-C(  1  1  2)
  81-C(  2  1  2)  82-C(  3  1  2)  83-C(  4  1  2)  84-C(  5  1  2)
  85-C(  0  2  2)  86-C(  1  2  2)  87-C(  2  2  2)  88-C(  3  2  2)
  89-C(  4  2  2)  90-C(  5  2  2)  91-C(  0  3  2)  92-C(  1  3  2)
  93-C(  2  3  2)  94-C(  3  3  2)  95-C(  4  3  2)  96-C(  5  3  2)
  97-C(  0  4  2)  98-C(  1  4  2)  99-C(  2  4  2) 100-C(  3  4  2)
 101-C(  4  4  2) 102-C(  5  4  2) 103-C(  0  5  2) 104-C(  1  5  2)
 105-C(  2  5  2) 106-C(  3  5  2) 107-C(  4  5  2) 108-C(  5  5  2)
 109-C(  0  0  3) 110-C(  1  0  3) 111-C(  2  0  3) 112-C(  3  0  3)
 113-C(  4  0  3) 114-C(  5  0  3) 115-C(  0  1  3) 116-C(  1  1  3)
 117-C(  2  1  3) 118-C(  3  1  3) 119-C(  4  1  3) 120-C(  5  1  3)
 121-C(  0  2  3) 122-C(  1  2  3) 123-C(  2  2  3) 124-C(  3  2  3)
 125-C(  4  2  3) 126-C(  5  2  3) 127-C(  0  3  3) 128-C(  1  3  3)
 129-C(  2  3  3) 130-C(  3  3  3) 131-C(  4  3  3) 132-C(  5  3  3)
 133-C(  0  4  3) 134-C(  1  4  3) 135-C(  2  4  3) 136-C(  3  4  3)
 137-C(  4  4  3) 138-C(  5  4  3) 139-C(  0  5  3) 140-C(  1  5  3)
 141-C(  2  5  3) 142-C(  3  5  3) 143-C(  4  5  3) 144-C(  5  5  3)
 145-C(  0  0  4) 146-C(  1  0  4) 147-C(  2  0  4) 148-C(  3  0  4)
 149-C(  4  0  4) 150-C(  5  0  4) 151-C(  0  1  4) 152-C(  1  1  4)
 153-C(  2  1  4) 154-C(  3  1  4) 155-C(  4  1  4) 156-C(  5  1  4)
 157-C(  0  2  4) 158-C(  1  2  4) 159-C(  2  2  4) 160-C(  3  2  4)
 161-C(  4  2  4) 162-C(  5  2  4) 163-C(  0  3  4) 164-C(  1  3  4)
 165-C(  2  3  4) 166-C(  3  3  4) 167-C(  4  3  4) 168-C(  5  3  4)
 169-C(  0  4  4) 170-C(  1  4  4) 171-C(  2  4  4) 172-C(  3  4  4)
 173-C(  4  4  4) 174-C(  5  4  4) 175-C(  0  5  4) 176-C(  1  5  4)
 177-C(  2  5  4) 178-C(  3  5  4) 179-C(  4  5  4) 180-C(  5  5  4)
 181-R(  0  0  5) 182-C(  1  0  5) 183-C(  2  0  5) 184-C(  3  0  5)
 185-C(  4  0  5) 186-R(  5  0  5) 187-C(  0  1  5) 188-C(  1  1  5)
 189-C(  2  1  5) 190-C(  3  1  5) 191-C(  4  1  5) 192-C(  5  1  5)
 193-C(  0  2  5) 194-C(  1  2  5) 195-C(  2  2  5) 196-C(  3  2  5)
 197-C(  4  2  5) 198-C(  5  2  5) 199-C(  0  3  5) 200-C(  1  3  5)
 201-C(  2  3  5) 202-C(  3  3  5) 203-C(  4  3  5) 204-C(  5  3  5)
 205-C(  0  4  5) 206-C(  1  4  5) 207-C(  2  4  5) 208-C(  3  4  5)
 209-C(  4  4  5) 210-C(  5  4  5) 211-R(  0  5  5) 212-C(  1  5  5)
 213-C(  2  5  5) 214-C(  3  5  5) 215-C(  4  5  5) 216-R(  5  5  5)

 DIRECT LATTICE VECTORS COMPON. (A.U.)     RECIP. LATTICE VECTORS COMPON. (A.U.) 
        X            Y            Z              X            Y            Z
    8.9299953    0.0000000    0.0000000      0.7036045    0.0000000    0.0000000
    0.0000000    7.7000140    0.0000000      0.0000000    0.8159966    0.0000000
    0.0000000    0.0000000   17.0867857      0.0000000    0.0000000    0.3677219

 DISK SPACE FOR EIGENVECTORS (FTN 10)    79128576 REALS

 SYMMETRY ADAPTION OF THE BLOCH FUNCTIONS ENABLED
 TTTTTTTTTTTTTTTTTTTTTTTTTTTTTT gordsh1     TELAPSE        1.99 TCPU        1.03

 MATRIX SIZE: P(G) 2242384, F(G)  253608, P(G) IRR  147548, F(G) IRR   33209
 MAX G-VECTOR INDEX FOR 1- AND 2-ELECTRON INTEGRALS 263

 TTTTTTTTTTTTTTTTTTTTTTTTTTTTTT INPUT       TELAPSE        1.99 TCPU        1.03

 NEIGHBORS OF THE NON-EQUIVALENT ATOMS

 N = NUMBER OF NEIGHBORS AT DISTANCE R
    ATOM  N     R/ANG      R/AU   NEIGHBORS (ATOM LABELS AND CELL INDICES)
   1 C    1     1.4975     2.8299    4 C    0 0 0
   1 C    1     1.5859     2.9970   19 C    0 0 0
   1 C    1     1.6014     3.0261    2 C    0 0 0
   1 C    1     1.6793     3.1734    9 C    0 0 0
   1 C    1     2.1895     4.1376   23 C    0 0 0
   1 C    1     2.2259     4.2062   10 C    0 0 0

   9 C    1     1.4897     2.8151   10 C    0-1 0
   9 C    1     1.4934     2.8220   20 C    1 0 0
   9 C    1     1.5643     2.9562   23 C    0 0 0
   9 C    1     1.6793     3.1734    1 C    0 0 0
   9 C    1     2.1577     4.0775   19 C    0 0 0
   9 C    1     2.2259     4.2062    2 C    0 0 0

  17 C    1     1.4698     2.7774   21 C    1 0-1
  17 C    1     1.4934     2.8220   12 C    1 0 0
  17 C    1     1.5643     2.9562   15 C    0 0-1
  17 C    1     1.5859     2.9970    3 C    1 0 0
  17 C    1     2.1577     4.0775   11 C    1 0 0
  17 C    1     2.1895     4.1376    7 C    0 0-1


 SYMMETRY ALLOWED INTERNAL DEGREE(S) OF FREEDOM:   9
 TTTTTTTTTTTTTTTTTTTTTTTTTTTTTT SYMM        TELAPSE        2.09 TCPU        1.12
 TTTTTTTTTTTTTTTTTTTTTTTTTTTTTT INT_SCREEN  TELAPSE        2.10 TCPU        1.13

 DFT PARAMETERS

     ATOM       ELECTRONS   NET CHARGE   R(ANGSTROM)
   1   6  C       6.0000      0.0000     0.77000000

 SIZE OF GRID=      84882
 TTTTTTTTTTTTTTTTTTTTTTTTTTTTTT MAKE_GRID2  TELAPSE        2.52 TCPU        1.54
 BECKE WEIGHT FUNCTION
 RADSAFE =     2.00
 TOLERANCES - DENSITY:10**- 6; POTENTIAL:10**- 9; GRID WGT:10**-14

 RADIAL INTEGRATION  - INTERVALS (POINTS,UPPER LIMIT):            1( 75,  4.0*R)

 ANGULAR INTEGRATION - INTERVALS (ACCURACY LEVEL [N. POINTS] UPPER LIMIT):
  1(  4[  86]   0.2)  2(  8[ 194]   0.5)  3( 12[ 350]   0.9)  4( 16[ 974]   3.5)
  5( 12[ 350]9999.0)
 TTTTTTTTTTTTTTTTTTTTTTTTTTTTTT INT_CALC    TELAPSE        2.54 TCPU        1.57
 EEEEEEEEEE INT_CALC TERMINATION  DATE 28 01 2026 TIME 20:01:44.3

 *******************************************************************************
 ./4^3T54-CA_rev1_sp_B3LYP-D3-D3_optimized                                       
 CRYSTAL - SCF - TYPE OF CALCULATION :  UNRESTRICTED OPEN SHELL
 *******************************************************************************

 CAPPA:IS1 10;IS2 10;IS3 10; K PTS MONK NET 216; SYMMOPS:K SPACE   8;G SPACE   8

 TTTTTTTTTTTTTTTTTTTTTTTTTTTTTT SDIK        TELAPSE        3.21 TCPU        2.23

 AAAAAAAAAAAAAAAAAAAAAAAAAAAAAAAAAAAAAAAAAAAAAAAAAAAAAAAAAAAAAAAAAAAAAAAAAAAAAAA
         ATOMIC WAVEFUNCTION(S)


 NUCLEAR CHARGE  6.0  SYMMETRY SPECIES            S    P
 N. ELECTRONS    6.0  NUMBER OF PRIMITIVE GTOS   10    6
                      NUMBER OF CONTRACTED GTOS   4    3
                      NUMBER OF CLOSED SHELLS     2    0
                      OPEN SHELL OCCUPATION       0    2

  ZNUC  SCFIT    TOTAL HF ENERGY   KINETIC ENERGY   VIRIAL THEOREM ACCURACY
   6.0    10    -3.766702350E+01  3.783137943E+01 -1.995655566E+00  1.6E-06

 AAAAAAAAAAAAAAAAAAAAAAAAAAAAAAAAAAAAAAAAAAAAAAAAAAAAAAAAAAAAAAAAAAAAAAAAAAAAAAA

 CHARGE NORMALIZATION FACTOR   1.00000000
 TOTAL ATOMIC CHARGES:
   6.0000000   6.0000000   6.0000000   6.0000000   6.0000000   6.0000000
   6.0000000   6.0000000   6.0000000   6.0000000   6.0000000   6.0000000
   6.0000000   6.0000000   6.0000000   6.0000000   6.0000000   6.0000000
   6.0000000   6.0000000   6.0000000   6.0000000   6.0000000   6.0000000
 SUMMED SPIN DENSITY           0.00000000
 TOTAL ATOMIC SPINS  :
   0.0000000   0.0000000   0.0000000   0.0000000   0.0000000   0.0000000
   0.0000000   0.0000000   0.0000000   0.0000000   0.0000000   0.0000000
   0.0000000   0.0000000   0.0000000   0.0000000   0.0000000   0.0000000
   0.0000000   0.0000000   0.0000000   0.0000000   0.0000000   0.0000000
 TTTTTTTTTTTTTTTTTTTTTTTTTTTTTT MOQGAD      TELAPSE        3.22 TCPU        2.25
 TTTTTTTTTTTTTTTTTTTTTTTTTTTTTT SHELLXN     TELAPSE       38.86 TCPU       37.81
 TTTTTTTTTTTTTTTTTTTTTTTTTTTTTT MONMO3      TELAPSE       38.92 TCPU       37.86
 NUMERICALLY INTEGRATED DENSITY     71.9999658660     71.9999658660
 TTTTTTTTTTTTTTTTTTTTTTTTTTTTTT NUMDFT      TELAPSE       39.63 TCPU       38.57
 CYC   0 ETOT(AU) -9.214443416546E+02 DETOT -9.21E+02 tst  0.00E+00 PX  1.00E+00
 TTTTTTTTTTTTTTTTTTTTTTTTTTTTTT DIIS        TELAPSE       39.98 TCPU       38.88
 TTTTTTTTTTTTTTTTTTTTTTTTTTTTTT FDIK        TELAPSE       46.98 TCPU       45.86

    ALPHA      ELECTRONS
 INSULATING STATE
 TOP OF VALENCE BANDS -    BAND     72; K    1; EIG -1.9018275E-01 AU
 BOTTOM OF VIRTUAL BANDS - BAND     73; K    6; EIG -6.3820876E-02 AU
 INDIRECT ENERGY BAND GAP:   3.4385 eV
 BOTTOM OF VIRTUAL BANDS - BAND     73; K    1; EIG -4.1795598E-02 AU

    BETA       ELECTRONS
 INSULATING STATE
 TOP OF VALENCE BANDS -    BAND     72; K    1; EIG -1.9018275E-01 AU
 BOTTOM OF VIRTUAL BANDS - BAND     73; K    6; EIG -6.3820876E-02 AU
 INDIRECT ENERGY BAND GAP:   3.4385 eV
 BOTTOM OF VIRTUAL BANDS - BAND     73; K    1; EIG -4.1795598E-02 AU
 TTTTTTTTTTTTTTTTTTTTTTTTTTTTTT PDIG        TELAPSE       47.60 TCPU       46.43
 CHARGE NORMALIZATION FACTOR   1.00000000
 TOTAL ATOMIC CHARGES:
   5.9581441   5.9581441   5.9581441   5.9581441   5.9581441   5.9581441
   5.9581441   5.9581441   5.9239739   5.9239739   5.9239739   5.9239739
   5.9239739   5.9239739   5.9239739   5.9239739   6.1178820   6.1178820
   6.1178820   6.1178820   6.1178820   6.1178820   6.1178820   6.1178820
 SUMMED SPIN DENSITY          -0.00000000
 TOTAL ATOMIC SPINS  :
  -0.0000000  -0.0000000  -0.0000000  -0.0000000  -0.0000000  -0.0000000
  -0.0000000  -0.0000000  -0.0000000  -0.0000000  -0.0000000  -0.0000000
  -0.0000000  -0.0000000  -0.0000000  -0.0000000   0.0000000   0.0000000
   0.0000000   0.0000000   0.0000000   0.0000000   0.0000000   0.0000000
 TTTTTTTTTTTTTTTTTTTTTTTTTTTTTT MOQGAD      TELAPSE       47.61 TCPU       46.44
 TTTTTTTTTTTTTTTTTTTTTTTTTTTTTT SHELLXN     TELAPSE       84.78 TCPU       83.51
 TTTTTTTTTTTTTTTTTTTTTTTTTTTTTT MONMO3      TELAPSE       84.84 TCPU       83.57
 NUMERICALLY INTEGRATED DENSITY     71.9999736367     71.9999736367
 TTTTTTTTTTTTTTTTTTTTTTTTTTTTTT NUMDFT      TELAPSE       85.57 TCPU       84.29
 CYC   1 ETOT(AU) -9.133571355315E+02 DETOT  8.09E+00 tst  0.00E+00 PX  1.00E+00
 TTTTTTTTTTTTTTTTTTTTTTTTTTTTTT DIIS        TELAPSE       85.88 TCPU       84.61
 DIIS TEST: 0.59478E+00 AT SCF   CYCLE   1 - MIX   30 %
 TTTTTTTTTTTTTTTTTTTTTTTTTTTTTT FDIK        TELAPSE       89.15 TCPU       87.86

    ALPHA      ELECTRONS
 INSULATING STATE
 TOP OF VALENCE BANDS -    BAND     72; K    1; EIG -1.1431805E-01 AU
 BOTTOM OF VIRTUAL BANDS - BAND     73; K  139; EIG  2.4774298E-02 AU
 INDIRECT ENERGY BAND GAP:   3.7849 eV
 BOTTOM OF VIRTUAL BANDS - BAND     73; K    1; EIG  5.6432199E-02 AU

    BETA       ELECTRONS
 INSULATING STATE
 TOP OF VALENCE BANDS -    BAND     72; K    1; EIG -1.1431805E-01 AU
 BOTTOM OF VIRTUAL BANDS - BAND     73; K  139; EIG  2.4774298E-02 AU
 INDIRECT ENERGY BAND GAP:   3.7849 eV
 BOTTOM OF VIRTUAL BANDS - BAND     73; K    1; EIG  5.6432199E-02 AU
 TTTTTTTTTTTTTTTTTTTTTTTTTTTTTT PDIG        TELAPSE       89.73 TCPU       88.45
 CHARGE NORMALIZATION FACTOR   1.00000000
 TOTAL ATOMIC CHARGES:
   6.0511492   6.0511492   6.0511492   6.0511492   6.0511492   6.0511492
   6.0511492   6.0511492   5.9693599   5.9693599   5.9693599   5.9693599
   5.9693599   5.9693599   5.9693599   5.9693599   5.9794909   5.9794909
   5.9794909   5.9794909   5.9794909   5.9794909   5.9794909   5.9794909
 SUMMED SPIN DENSITY          -0.00000000
 TOTAL ATOMIC SPINS  :
  -0.0000000  -0.0000000  -0.0000000  -0.0000000  -0.0000000  -0.0000000
  -0.0000000  -0.0000000   0.0000000   0.0000000   0.0000000   0.0000000
   0.0000000   0.0000000   0.0000000   0.0000000   0.0000000   0.0000000
   0.0000000   0.0000000   0.0000000   0.0000000   0.0000000   0.0000000
 TTTTTTTTTTTTTTTTTTTTTTTTTTTTTT MOQGAD      TELAPSE       89.74 TCPU       88.46
 TTTTTTTTTTTTTTTTTTTTTTTTTTTTTT SHELLXN     TELAPSE      126.89 TCPU      125.52
 TTTTTTTTTTTTTTTTTTTTTTTTTTTTTT MONMO3      TELAPSE      126.94 TCPU      125.57
 NUMERICALLY INTEGRATED DENSITY     71.9999732511     71.9999732511
 TTTTTTTTTTTTTTTTTTTTTTTTTTTTTT NUMDFT      TELAPSE      127.68 TCPU      126.31
 CYC   2 ETOT(AU) -9.133996817040E+02 DETOT -4.25E-02 tst  6.96E-04 PX  9.29E-02
 TTTTTTTTTTTTTTTTTTTTTTTTTTTTTT DIIS        TELAPSE      127.99 TCPU      126.62
 DIIS TEST: 0.28952E+00 AT SCF   CYCLE   2 - DIIS ACTIVE - HISTORY:     2 CYCLES
 TTTTTTTTTTTTTTTTTTTTTTTTTTTTTT FDIK        TELAPSE      131.13 TCPU      129.74

    ALPHA      ELECTRONS
 INSULATING STATE
 TOP OF VALENCE BANDS -    BAND     72; K    1; EIG -1.0181231E-01 AU
 BOTTOM OF VIRTUAL BANDS - BAND     73; K  139; EIG  6.1784152E-02 AU
 INDIRECT ENERGY BAND GAP:   4.4517 eV
 BOTTOM OF VIRTUAL BANDS - BAND     73; K    1; EIG  9.0703568E-02 AU

    BETA       ELECTRONS
 INSULATING STATE
 TOP OF VALENCE BANDS -    BAND     72; K    1; EIG -1.0181231E-01 AU
 BOTTOM OF VIRTUAL BANDS - BAND     73; K  139; EIG  6.1784152E-02 AU
 INDIRECT ENERGY BAND GAP:   4.4517 eV
 BOTTOM OF VIRTUAL BANDS - BAND     73; K    1; EIG  9.0703568E-02 AU
 TTTTTTTTTTTTTTTTTTTTTTTTTTTTTT PDIG        TELAPSE      131.71 TCPU      130.31
 CHARGE NORMALIZATION FACTOR   1.00000000
 TOTAL ATOMIC CHARGES:
   5.9825175   5.9825175   5.9825175   5.9825175   5.9825175   5.9825175
   5.9825175   5.9825175   5.9566566   5.9566566   5.9566566   5.9566566
   5.9566566   5.9566566   5.9566566   5.9566566   6.0608259   6.0608259
   6.0608259   6.0608259   6.0608259   6.0608259   6.0608259   6.0608259
 SUMMED SPIN DENSITY           0.00000000
 TOTAL ATOMIC SPINS  :
  -0.0000000  -0.0000000  -0.0000000  -0.0000000  -0.0000000  -0.0000000
  -0.0000000  -0.0000000   0.0000000   0.0000000   0.0000000   0.0000000
   0.0000000   0.0000000   0.0000000   0.0000000  -0.0000000  -0.0000000
  -0.0000000  -0.0000000  -0.0000000  -0.0000000  -0.0000000  -0.0000000
 TTTTTTTTTTTTTTTTTTTTTTTTTTTTTT MOQGAD      TELAPSE      131.72 TCPU      130.32
 TTTTTTTTTTTTTTTTTTTTTTTTTTTTTT SHELLXN     TELAPSE      169.28 TCPU      167.79
 TTTTTTTTTTTTTTTTTTTTTTTTTTTTTT MONMO3      TELAPSE      169.34 TCPU      167.85
 NUMERICALLY INTEGRATED DENSITY     71.9999731928     71.9999731928
 TTTTTTTTTTTTTTTTTTTTTTTTTTTTTT NUMDFT      TELAPSE      170.08 TCPU      168.59
 CYC   3 ETOT(AU) -9.134151216824E+02 DETOT -1.54E-02 tst  2.86E-04 PX  3.05E-02
 TTTTTTTTTTTTTTTTTTTTTTTTTTTTTT DIIS        TELAPSE      170.40 TCPU      168.89
 DIIS TEST: 0.21909E-01 AT SCF   CYCLE   3 - DIIS ACTIVE - HISTORY:     3 CYCLES
 TTTTTTTTTTTTTTTTTTTTTTTTTTTTTT FDIK        TELAPSE      173.60 TCPU      172.07

    ALPHA      ELECTRONS
 INSULATING STATE
 TOP OF VALENCE BANDS -    BAND     72; K    1; EIG -1.0576846E-01 AU
 BOTTOM OF VIRTUAL BANDS - BAND     73; K  139; EIG  5.7891523E-02 AU
 INDIRECT ENERGY BAND GAP:   4.4534 eV
 BOTTOM OF VIRTUAL BANDS - BAND     73; K    1; EIG  8.8550756E-02 AU

    BETA       ELECTRONS
 INSULATING STATE
 TOP OF VALENCE BANDS -    BAND     72; K    1; EIG -1.0576846E-01 AU
 BOTTOM OF VIRTUAL BANDS - BAND     73; K  139; EIG  5.7891523E-02 AU
 INDIRECT ENERGY BAND GAP:   4.4534 eV
 BOTTOM OF VIRTUAL BANDS - BAND     73; K    1; EIG  8.8550756E-02 AU
 TTTTTTTTTTTTTTTTTTTTTTTTTTTTTT PDIG        TELAPSE      174.18 TCPU      172.66
 CHARGE NORMALIZATION FACTOR   1.00000000
 TOTAL ATOMIC CHARGES:
   6.0074130   6.0074130   6.0074130   6.0074130   6.0074130   6.0074130
   6.0074130   6.0074130   5.9462231   5.9462231   5.9462231   5.9462231
   5.9462231   5.9462231   5.9462231   5.9462231   6.0463638   6.0463638
   6.0463638   6.0463638   6.0463638   6.0463638   6.0463638   6.0463638
 SUMMED SPIN DENSITY          -0.00000000
 TOTAL ATOMIC SPINS  :
  -0.0000000  -0.0000000  -0.0000000  -0.0000000  -0.0000000  -0.0000000
  -0.0000000  -0.0000000   0.0000000   0.0000000   0.0000000   0.0000000
   0.0000000   0.0000000   0.0000000   0.0000000  -0.0000000  -0.0000000
  -0.0000000  -0.0000000  -0.0000000  -0.0000000  -0.0000000  -0.0000000
 TTTTTTTTTTTTTTTTTTTTTTTTTTTTTT MOQGAD      TELAPSE      174.19 TCPU      172.67
 TTTTTTTTTTTTTTTTTTTTTTTTTTTTTT SHELLXN     TELAPSE      211.85 TCPU      210.24
 TTTTTTTTTTTTTTTTTTTTTTTTTTTTTT MONMO3      TELAPSE      211.91 TCPU      210.30
 NUMERICALLY INTEGRATED DENSITY     71.9999733584     71.9999733584
 TTTTTTTTTTTTTTTTTTTTTTTTTTTTTT NUMDFT      TELAPSE      212.65 TCPU      211.03
 CYC   4 ETOT(AU) -9.134162828086E+02 DETOT -1.16E-03 tst  1.82E-05 PX  1.62E-02
 TTTTTTTTTTTTTTTTTTTTTTTTTTTTTT DIIS        TELAPSE      212.96 TCPU      211.34
 DIIS TEST: 0.72127E-02 AT SCF   CYCLE   4 - DIIS ACTIVE - HISTORY:     4 CYCLES
 TTTTTTTTTTTTTTTTTTTTTTTTTTTTTT FDIK        TELAPSE      216.00 TCPU      214.37

    ALPHA      ELECTRONS
 INSULATING STATE
 TOP OF VALENCE BANDS -    BAND     72; K    1; EIG -1.0543711E-01 AU
 BOTTOM OF VIRTUAL BANDS - BAND     73; K  139; EIG  5.8787356E-02 AU
 INDIRECT ENERGY BAND GAP:   4.4688 eV
 BOTTOM OF VIRTUAL BANDS - BAND     73; K    1; EIG  8.8719113E-02 AU

    BETA       ELECTRONS
 INSULATING STATE
 TOP OF VALENCE BANDS -    BAND     72; K    1; EIG -1.0543711E-01 AU
 BOTTOM OF VIRTUAL BANDS - BAND     73; K  139; EIG  5.8787356E-02 AU
 INDIRECT ENERGY BAND GAP:   4.4688 eV
 BOTTOM OF VIRTUAL BANDS - BAND     73; K    1; EIG  8.8719113E-02 AU
 TTTTTTTTTTTTTTTTTTTTTTTTTTTTTT PDIG        TELAPSE      216.59 TCPU      214.96
 CHARGE NORMALIZATION FACTOR   1.00000000
 TOTAL ATOMIC CHARGES:
   5.9962417   5.9962417   5.9962417   5.9962417   5.9962417   5.9962417
   5.9962417   5.9962417   5.9594515   5.9594515   5.9594515   5.9594515
   5.9594515   5.9594515   5.9594515   5.9594515   6.0443069   6.0443069
   6.0443069   6.0443069   6.0443069   6.0443069   6.0443069   6.0443069
 SUMMED SPIN DENSITY          -0.00000000
 TOTAL ATOMIC SPINS  :
  -0.0000000  -0.0000000  -0.0000000  -0.0000000  -0.0000000  -0.0000000
  -0.0000000  -0.0000000   0.0000000   0.0000000   0.0000000   0.0000000
   0.0000000   0.0000000   0.0000000   0.0000000  -0.0000000  -0.0000000
  -0.0000000  -0.0000000  -0.0000000  -0.0000000  -0.0000000  -0.0000000
 TTTTTTTTTTTTTTTTTTTTTTTTTTTTTT MOQGAD      TELAPSE      216.60 TCPU      214.97
 TTTTTTTTTTTTTTTTTTTTTTTTTTTTTT SHELLXN     TELAPSE      254.02 TCPU      252.30
 TTTTTTTTTTTTTTTTTTTTTTTTTTTTTT MONMO3      TELAPSE      254.08 TCPU      252.36
 NUMERICALLY INTEGRATED DENSITY     71.9999733627     71.9999733627
 TTTTTTTTTTTTTTTTTTTTTTTTTTTTTT NUMDFT      TELAPSE      254.81 TCPU      253.08
 CYC   5 ETOT(AU) -9.134166101114E+02 DETOT -3.27E-04 tst  3.74E-06 PX  2.69E-03
 TTTTTTTTTTTTTTTTTTTTTTTTTTTTTT DIIS        TELAPSE      255.12 TCPU      253.40
 DIIS TEST: 0.94467E-03 AT SCF   CYCLE   5 - DIIS ACTIVE - HISTORY:     5 CYCLES
 TTTTTTTTTTTTTTTTTTTTTTTTTTTTTT FDIK        TELAPSE      258.31 TCPU      256.57

    ALPHA      ELECTRONS
 INSULATING STATE
 TOP OF VALENCE BANDS -    BAND     72; K    1; EIG -1.0526671E-01 AU
 BOTTOM OF VIRTUAL BANDS - BAND     73; K  139; EIG  5.8936081E-02 AU
 INDIRECT ENERGY BAND GAP:   4.4682 eV
 BOTTOM OF VIRTUAL BANDS - BAND     73; K    1; EIG  8.9070343E-02 AU

    BETA       ELECTRONS
 INSULATING STATE
 TOP OF VALENCE BANDS -    BAND     72; K    1; EIG -1.0526671E-01 AU
 BOTTOM OF VIRTUAL BANDS - BAND     73; K  139; EIG  5.8936081E-02 AU
 INDIRECT ENERGY BAND GAP:   4.4682 eV
 BOTTOM OF VIRTUAL BANDS - BAND     73; K    1; EIG  8.9070343E-02 AU
 TTTTTTTTTTTTTTTTTTTTTTTTTTTTTT PDIG        TELAPSE      258.89 TCPU      257.16
 CHARGE NORMALIZATION FACTOR   1.00000000
 TOTAL ATOMIC CHARGES:
   5.9990330   5.9990330   5.9990330   5.9990330   5.9990330   5.9990330
   5.9990330   5.9990330   5.9540518   5.9540518   5.9540518   5.9540518
   5.9540518   5.9540518   5.9540518   5.9540518   6.0469152   6.0469152
   6.0469152   6.0469152   6.0469152   6.0469152   6.0469152   6.0469152
 SUMMED SPIN DENSITY          -0.00000000
 TOTAL ATOMIC SPINS  :
   0.0000000   0.0000000   0.0000000   0.0000000   0.0000000   0.0000000
   0.0000000   0.0000000  -0.0000000  -0.0000000  -0.0000000  -0.0000000
  -0.0000000  -0.0000000  -0.0000000  -0.0000000  -0.0000000  -0.0000000
  -0.0000000  -0.0000000  -0.0000000  -0.0000000  -0.0000000  -0.0000000
 TTTTTTTTTTTTTTTTTTTTTTTTTTTTTT MOQGAD      TELAPSE      258.90 TCPU      257.17
 TTTTTTTTTTTTTTTTTTTTTTTTTTTTTT SHELLXN     TELAPSE      296.23 TCPU      294.39
 TTTTTTTTTTTTTTTTTTTTTTTTTTTTTT MONMO3      TELAPSE      296.28 TCPU      294.45
 NUMERICALLY INTEGRATED DENSITY     71.9999733523     71.9999733523
 TTTTTTTTTTTTTTTTTTTTTTTTTTTTTT NUMDFT      TELAPSE      297.01 TCPU      295.18
 CYC   6 ETOT(AU) -9.134166626764E+02 DETOT -5.26E-05 tst  4.26E-07 PX  1.47E-03
 TTTTTTTTTTTTTTTTTTTTTTTTTTTTTT DIIS        TELAPSE      297.32 TCPU      295.49
 DIIS TEST: 0.44439E-04 AT SCF   CYCLE   6 - DIIS ACTIVE - HISTORY:     6 CYCLES
 TTTTTTTTTTTTTTTTTTTTTTTTTTTTTT FDIK        TELAPSE      300.48 TCPU      298.63

    ALPHA      ELECTRONS
 INSULATING STATE
 TOP OF VALENCE BANDS -    BAND     72; K    1; EIG -1.0528229E-01 AU
 BOTTOM OF VIRTUAL BANDS - BAND     73; K  139; EIG  5.8925424E-02 AU
 INDIRECT ENERGY BAND GAP:   4.4683 eV
 BOTTOM OF VIRTUAL BANDS - BAND     73; K    1; EIG  8.9040391E-02 AU

    BETA       ELECTRONS
 INSULATING STATE
 TOP OF VALENCE BANDS -    BAND     72; K    1; EIG -1.0528229E-01 AU
 BOTTOM OF VIRTUAL BANDS - BAND     73; K  139; EIG  5.8925424E-02 AU
 INDIRECT ENERGY BAND GAP:   4.4683 eV
 BOTTOM OF VIRTUAL BANDS - BAND     73; K    1; EIG  8.9040391E-02 AU
 TTTTTTTTTTTTTTTTTTTTTTTTTTTTTT PDIG        TELAPSE      301.06 TCPU      299.21
 CHARGE NORMALIZATION FACTOR   1.00000000
 TOTAL ATOMIC CHARGES:
   5.9988732   5.9988732   5.9988732   5.9988732   5.9988732   5.9988732
   5.9988732   5.9988732   5.9549576   5.9549576   5.9549576   5.9549576
   5.9549576   5.9549576   5.9549576   5.9549576   6.0461692   6.0461692
   6.0461692   6.0461692   6.0461692   6.0461692   6.0461692   6.0461692
 SUMMED SPIN DENSITY          -0.00000000
 TOTAL ATOMIC SPINS  :
  -0.0000000  -0.0000000  -0.0000000  -0.0000000  -0.0000000  -0.0000000
  -0.0000000  -0.0000000   0.0000000   0.0000000   0.0000000   0.0000000
   0.0000000   0.0000000   0.0000000   0.0000000   0.0000000   0.0000000
   0.0000000   0.0000000   0.0000000   0.0000000   0.0000000   0.0000000
 TTTTTTTTTTTTTTTTTTTTTTTTTTTTTT MOQGAD      TELAPSE      301.07 TCPU      299.22
 TTTTTTTTTTTTTTTTTTTTTTTTTTTTTT SHELLXN     TELAPSE      338.30 TCPU      336.37
 TTTTTTTTTTTTTTTTTTTTTTTTTTTTTT MONMO3      TELAPSE      338.36 TCPU      336.43
 NUMERICALLY INTEGRATED DENSITY     71.9999733533     71.9999733533
 TTTTTTTTTTTTTTTTTTTTTTTTTTTTTT NUMDFT      TELAPSE      339.09 TCPU      337.15
 CYC   7 ETOT(AU) -9.134166658139E+02 DETOT -3.14E-06 tst  1.39E-08 PX  2.11E-04
 TTTTTTTTTTTTTTTTTTTTTTTTTTTTTT DIIS        TELAPSE      339.40 TCPU      337.46
 DIIS TEST: 0.93377E-07 AT SCF   CYCLE   7 - DIIS ACTIVE - HISTORY:     7 CYCLES
 TTTTTTTTTTTTTTTTTTTTTTTTTTTTTT FDIK        TELAPSE      342.68 TCPU      340.73

    ALPHA      ELECTRONS
 INSULATING STATE
 TOP OF VALENCE BANDS -    BAND     72; K    1; EIG -1.0529630E-01 AU
 BOTTOM OF VIRTUAL BANDS - BAND     73; K  139; EIG  5.8916694E-02 AU
 INDIRECT ENERGY BAND GAP:   4.4685 eV
 BOTTOM OF VIRTUAL BANDS - BAND     73; K    1; EIG  8.9029249E-02 AU

    BETA       ELECTRONS
 INSULATING STATE
 TOP OF VALENCE BANDS -    BAND     72; K    1; EIG -1.0529630E-01 AU
 BOTTOM OF VIRTUAL BANDS - BAND     73; K  139; EIG  5.8916694E-02 AU
 INDIRECT ENERGY BAND GAP:   4.4685 eV
 BOTTOM OF VIRTUAL BANDS - BAND     73; K    1; EIG  8.9029249E-02 AU
 TTTTTTTTTTTTTTTTTTTTTTTTTTTTTT PDIG        TELAPSE      343.27 TCPU      341.31
 CHARGE NORMALIZATION FACTOR   1.00000000
 TOTAL ATOMIC CHARGES:
   5.9988635   5.9988635   5.9988635   5.9988635   5.9988635   5.9988635
   5.9988635   5.9988635   5.9549454   5.9549454   5.9549454   5.9549454
   5.9549454   5.9549454   5.9549454   5.9549454   6.0461911   6.0461911
   6.0461911   6.0461911   6.0461911   6.0461911   6.0461911   6.0461911
 SUMMED SPIN DENSITY           0.00000000
 TOTAL ATOMIC SPINS  :
  -0.0000000  -0.0000000  -0.0000000  -0.0000000  -0.0000000  -0.0000000
  -0.0000000  -0.0000000   0.0000000   0.0000000   0.0000000   0.0000000
   0.0000000   0.0000000   0.0000000   0.0000000  -0.0000000  -0.0000000
  -0.0000000  -0.0000000  -0.0000000  -0.0000000  -0.0000000  -0.0000000
 TTTTTTTTTTTTTTTTTTTTTTTTTTTTTT MOQGAD      TELAPSE      343.28 TCPU      341.32
 TTTTTTTTTTTTTTTTTTTTTTTTTTTTTT SHELLXN     TELAPSE      380.52 TCPU      378.48
 TTTTTTTTTTTTTTTTTTTTTTTTTTTTTT MONMO3      TELAPSE      380.58 TCPU      378.53
 NUMERICALLY INTEGRATED DENSITY     71.9999733534     71.9999733534
 TTTTTTTTTTTTTTTTTTTTTTTTTTTTTT NUMDFT      TELAPSE      381.36 TCPU      379.32
 CYC   8 ETOT(AU) -9.134166658693E+02 DETOT -5.54E-08 tst  1.50E-10 PX  1.68E-05
 TTTTTTTTTTTTTTTTTTTTTTTTTTTTTT DIIS        TELAPSE      381.68 TCPU      379.63
 DIIS TEST: 0.39644E-08 AT SCF   CYCLE   8 - DIIS ACTIVE - HISTORY:     8 CYCLES
 TTTTTTTTTTTTTTTTTTTTTTTTTTTTTT FDIK        TELAPSE      384.80 TCPU      382.75

    ALPHA      ELECTRONS
 INSULATING STATE
 TOP OF VALENCE BANDS -    BAND     72; K    1; EIG -1.0529925E-01 AU
 BOTTOM OF VIRTUAL BANDS - BAND     73; K  139; EIG  5.8914026E-02 AU
 INDIRECT ENERGY BAND GAP:   4.4685 eV
 BOTTOM OF VIRTUAL BANDS - BAND     73; K    1; EIG  8.9027107E-02 AU

    BETA       ELECTRONS
 INSULATING STATE
 TOP OF VALENCE BANDS -    BAND     72; K    1; EIG -1.0529925E-01 AU
 BOTTOM OF VIRTUAL BANDS - BAND     73; K  139; EIG  5.8914026E-02 AU
 INDIRECT ENERGY BAND GAP:   4.4685 eV
 BOTTOM OF VIRTUAL BANDS - BAND     73; K    1; EIG  8.9027107E-02 AU
 TTTTTTTTTTTTTTTTTTTTTTTTTTTTTT PDIG        TELAPSE      385.39 TCPU      383.33
 CHARGE NORMALIZATION FACTOR   1.00000000
 TOTAL ATOMIC CHARGES:
   5.9988658   5.9988658   5.9988658   5.9988658   5.9988658   5.9988658
   5.9988658   5.9988658   5.9549467   5.9549467   5.9549467   5.9549467
   5.9549467   5.9549467   5.9549467   5.9549467   6.0461875   6.0461875
   6.0461875   6.0461875   6.0461875   6.0461875   6.0461875   6.0461875
 SUMMED SPIN DENSITY          -0.00000000
 TOTAL ATOMIC SPINS  :
  -0.0000000  -0.0000000  -0.0000000  -0.0000000  -0.0000000  -0.0000000
  -0.0000000  -0.0000000   0.0000000   0.0000000   0.0000000   0.0000000
   0.0000000   0.0000000   0.0000000   0.0000000   0.0000000   0.0000000
   0.0000000   0.0000000   0.0000000   0.0000000   0.0000000   0.0000000
 TTTTTTTTTTTTTTTTTTTTTTTTTTTTTT MOQGAD      TELAPSE      385.40 TCPU      383.34
 TTTTTTTTTTTTTTTTTTTTTTTTTTTTTT SHELLXN     TELAPSE      422.63 TCPU      420.49
 TTTTTTTTTTTTTTTTTTTTTTTTTTTTTT MONMO3      TELAPSE      422.69 TCPU      420.55
 NUMERICALLY INTEGRATED DENSITY     71.9999733534     71.9999733534
 TTTTTTTTTTTTTTTTTTTTTTTTTTTTTT NUMDFT      TELAPSE      423.42 TCPU      421.27
 CYC   9 ETOT(AU) -9.134166658831E+02 DETOT -1.38E-08 tst  3.15E-12 PX  2.18E-06
 TTTTTTTTTTTTTTTTTTTTTTTTTTTTTT DIIS        TELAPSE      423.73 TCPU      421.59
 DIIS TEST: 0.17796E-09 AT SCF   CYCLE   9 - DIIS ACTIVE - HISTORY:     9 CYCLES
 TTTTTTTTTTTTTTTTTTTTTTTTTTTTTT FDIK        TELAPSE      426.47 TCPU      424.32

    ALPHA      ELECTRONS
 INSULATING STATE
 TOP OF VALENCE BANDS -    BAND     72; K    1; EIG -1.0529931E-01 AU
 BOTTOM OF VIRTUAL BANDS - BAND     73; K  139; EIG  5.8914120E-02 AU
 INDIRECT ENERGY BAND GAP:   4.4685 eV
 BOTTOM OF VIRTUAL BANDS - BAND     73; K    1; EIG  8.9026972E-02 AU

    BETA       ELECTRONS
 INSULATING STATE
 TOP OF VALENCE BANDS -    BAND     72; K    1; EIG -1.0529931E-01 AU
 BOTTOM OF VIRTUAL BANDS - BAND     73; K  139; EIG  5.8914120E-02 AU
 INDIRECT ENERGY BAND GAP:   4.4685 eV
 BOTTOM OF VIRTUAL BANDS - BAND     73; K    1; EIG  8.9026972E-02 AU
 TTTTTTTTTTTTTTTTTTTTTTTTTTTTTT PDIG        TELAPSE      427.06 TCPU      424.90
 CHARGE NORMALIZATION FACTOR   1.00000000
 TOTAL ATOMIC CHARGES:
   5.9988650   5.9988650   5.9988650   5.9988650   5.9988650   5.9988650
   5.9988650   5.9988650   5.9549467   5.9549467   5.9549467   5.9549467
   5.9549467   5.9549467   5.9549467   5.9549467   6.0461884   6.0461884
   6.0461884   6.0461884   6.0461884   6.0461884   6.0461884   6.0461884
 SUMMED SPIN DENSITY          -0.00000000
 TOTAL ATOMIC SPINS  :
   0.0000000   0.0000000   0.0000000   0.0000000   0.0000000   0.0000000
   0.0000000   0.0000000  -0.0000000  -0.0000000  -0.0000000  -0.0000000
  -0.0000000  -0.0000000  -0.0000000  -0.0000000  -0.0000000  -0.0000000
  -0.0000000  -0.0000000  -0.0000000  -0.0000000  -0.0000000  -0.0000000
 TTTTTTTTTTTTTTTTTTTTTTTTTTTTTT MOQGAD      TELAPSE      427.07 TCPU      424.91
 TTTTTTTTTTTTTTTTTTTTTTTTTTTTTT SHELLXN     TELAPSE      464.27 TCPU      462.02
 TTTTTTTTTTTTTTTTTTTTTTTTTTTTTT MONMO3      TELAPSE      464.33 TCPU      462.08
 NUMERICALLY INTEGRATED DENSITY     71.9999733534     71.9999733534
 TTTTTTTTTTTTTTTTTTTTTTTTTTTTTT NUMDFT      TELAPSE      465.06 TCPU      462.80
 CYC  10 ETOT(AU) -9.134166658862E+02 DETOT -3.11E-09 tst  3.41E-13 PX  6.17E-07
 TTTTTTTTTTTTTTTTTTTTTTTTTTTTTT DIIS        TELAPSE      465.37 TCPU      463.12
 DIIS TEST: 0.76719E-11 AT SCF   CYCLE  10 - DIIS ACTIVE - HISTORY:    10 CYCLES
 TTTTTTTTTTTTTTTTTTTTTTTTTTTTTT FDIK        TELAPSE      467.93 TCPU      465.67

    ALPHA      ELECTRONS
 INSULATING STATE
 TOP OF VALENCE BANDS -    BAND     72; K    1; EIG -1.0529930E-01 AU
 BOTTOM OF VIRTUAL BANDS - BAND     73; K  139; EIG  5.8914145E-02 AU
 INDIRECT ENERGY BAND GAP:   4.4685 eV
 BOTTOM OF VIRTUAL BANDS - BAND     73; K    1; EIG  8.9027011E-02 AU

    BETA       ELECTRONS
 INSULATING STATE
 TOP OF VALENCE BANDS -    BAND     72; K    1; EIG -1.0529930E-01 AU
 BOTTOM OF VIRTUAL BANDS - BAND     73; K  139; EIG  5.8914145E-02 AU
 INDIRECT ENERGY BAND GAP:   4.4685 eV
 BOTTOM OF VIRTUAL BANDS - BAND     73; K    1; EIG  8.9027011E-02 AU
 TTTTTTTTTTTTTTTTTTTTTTTTTTTTTT PDIG        TELAPSE      468.51 TCPU      466.25
 CHARGE NORMALIZATION FACTOR   1.00000000
 TOTAL ATOMIC CHARGES:
   5.9988651   5.9988651   5.9988651   5.9988651   5.9988651   5.9988651
   5.9988651   5.9988651   5.9549467   5.9549467   5.9549467   5.9549467
   5.9549467   5.9549467   5.9549467   5.9549467   6.0461881   6.0461881
   6.0461881   6.0461881   6.0461881   6.0461881   6.0461881   6.0461881
 SUMMED SPIN DENSITY          -0.00000000
 TOTAL ATOMIC SPINS  :
  -0.0000000  -0.0000000  -0.0000000  -0.0000000  -0.0000000  -0.0000000
  -0.0000000  -0.0000000  -0.0000000  -0.0000000  -0.0000000  -0.0000000
  -0.0000000  -0.0000000  -0.0000000  -0.0000000   0.0000000   0.0000000
   0.0000000   0.0000000   0.0000000   0.0000000   0.0000000   0.0000000
 TTTTTTTTTTTTTTTTTTTTTTTTTTTTTT MOQGAD      TELAPSE      468.52 TCPU      466.26
 TTTTTTTTTTTTTTTTTTTTTTTTTTTTTT SHELLXN     TELAPSE      505.69 TCPU      503.34
 TTTTTTTTTTTTTTTTTTTTTTTTTTTTTT MONMO3      TELAPSE      505.75 TCPU      503.40
 NUMERICALLY INTEGRATED DENSITY     71.9999733534     71.9999733534
 TTTTTTTTTTTTTTTTTTTTTTTTTTTTTT NUMDFT      TELAPSE      506.48 TCPU      504.13
 CYC  11 ETOT(AU) -9.134166658864E+02 DETOT -2.00E-10 tst  8.15E-15 PX  7.45E-08
 TTTTTTTTTTTTTTTTTTTTTTTTTTTTTT DIIS        TELAPSE      506.79 TCPU      504.44
 DIIS TEST: 0.38719E-11 AT SCF   CYCLE  11 - DIIS ACTIVE - HISTORY:    11 CYCLES
 TTTTTTTTTTTTTTTTTTTTTTTTTTTTTT FDIK        TELAPSE      509.16 TCPU      506.80

    ALPHA      ELECTRONS
 INSULATING STATE
 TOP OF VALENCE BANDS -    BAND     72; K    1; EIG -1.0529930E-01 AU
 BOTTOM OF VIRTUAL BANDS - BAND     73; K  139; EIG  5.8914146E-02 AU
 INDIRECT ENERGY BAND GAP:   4.4685 eV
 BOTTOM OF VIRTUAL BANDS - BAND     73; K    1; EIG  8.9027014E-02 AU

    BETA       ELECTRONS
 INSULATING STATE
 TOP OF VALENCE BANDS -    BAND     72; K    1; EIG -1.0529930E-01 AU
 BOTTOM OF VIRTUAL BANDS - BAND     73; K  139; EIG  5.8914146E-02 AU
 INDIRECT ENERGY BAND GAP:   4.4685 eV
 BOTTOM OF VIRTUAL BANDS - BAND     73; K    1; EIG  8.9027014E-02 AU
 TTTTTTTTTTTTTTTTTTTTTTTTTTTTTT PDIG        TELAPSE      509.74 TCPU      507.37
 CHARGE NORMALIZATION FACTOR   1.00000000
 TOTAL ATOMIC CHARGES:
   5.9988651   5.9988651   5.9988651   5.9988651   5.9988651   5.9988651
   5.9988651   5.9988651   5.9549468   5.9549468   5.9549468   5.9549468
   5.9549468   5.9549468   5.9549468   5.9549468   6.0461881   6.0461881
   6.0461881   6.0461881   6.0461881   6.0461881   6.0461881   6.0461881
 SUMMED SPIN DENSITY          -0.00000000
 TOTAL ATOMIC SPINS  :
  -0.0000000  -0.0000000  -0.0000000  -0.0000000  -0.0000000  -0.0000000
  -0.0000000  -0.0000000  -0.0000000  -0.0000000  -0.0000000  -0.0000000
  -0.0000000  -0.0000000  -0.0000000  -0.0000000   0.0000000   0.0000000
   0.0000000   0.0000000   0.0000000   0.0000000   0.0000000   0.0000000
 TTTTTTTTTTTTTTTTTTTTTTTTTTTTTT MOQGAD      TELAPSE      509.75 TCPU      507.38
 TTTTTTTTTTTTTTTTTTTTTTTTTTTTTT SHELLXN     TELAPSE      546.89 TCPU      544.43
 +++ ENERGIES IN A.U. +++
 ::: EXT EL-POLE                                  -3.7712538144163E+03
 ::: EXT EL-SPHEROPOLE                             3.1622430723560E+01
 ::: BIELET ZONE E-E                               3.9605536120765E+03
 ::: TOTAL E-E                                     2.2092222838376E+02
 ::: TOTAL E-N + N-E                              -1.6825664365725E+03
 ::: TOTAL N-N                                    -2.5729042397192E+02
 ::: KINETIC ENERGY                                9.1094431690777E+02
 ::: PSEUDO TOTAL   ENERGY                        -8.0799031525284E+02
 ::: VIRIAL COEFFICIENT                            1.0598940760915E+00
 TTTTTTTTTTTTTTTTTTTTTTTTTTTTTT MONMO3      TELAPSE      546.94 TCPU      544.49
 NUMERICALLY INTEGRATED DENSITY     71.9999733534     71.9999733534
 EXCHANGE ENERGY: -0.993660974940E+02  CORRELATION ENERGY: -0.606025313957E+01
 TTTTTTTTTTTTTTTTTTTTTTTTTTTTTT NUMDFT      TELAPSE      547.67 TCPU      545.21
 CYC  12 ETOT(AU) -9.134166658864E+02 DETOT  2.52E-11 tst  1.12E-15 PX  7.45E-08

 == SCF ENDED - CONVERGENCE ON ENERGY      E(AU) -9.1341666588638E+02 CYCLES  12


 ENERGY EXPRESSION=HARTREE+FOCK EXCH*0.20000+(BECKE      EXCH)*0.80000+LYP        CORR


 TOTAL ENERGY(DFT)(AU)( 12) -9.1341666588638E+02 DE 2.5E-11 tester 1.1E-15
 TTTTTTTTTTTTTTTTTTTTTTTTTTTTTT EDFT        TELAPSE      547.69 TCPU      545.23
 
 INFORMATION **** DFTD3 ENERGY **** CALCULATE DFTD3 ENERGY

           DFT-D V3(BJ)
 DF                                         b3-lyp    
 parameters
 s6       :    1.0000
 s8       :    1.9889
 a1       :    0.3981
 a2       :    4.4211
 k1 k3    :   16.0000   -4.0000
 Cutoff   :   50.2022
 CN-Cutoff:   21.1671
 ABC-Cutoff:   21.1671
 
 Edisp /kcal,au:  -129.6003 -0.20653120

 E6    /kcal :   -62.7221
 E8    /kcal :   -66.8782
 
 INFORMATION **** DFTD3 ENERGY **** NORMAL TERMINATION OF DFTD3 MODULE

 *******************************************************************************

 DFT-D3 DISPERSION ENERGY CORRECTION

 D3 DISPERSION ENERGY (AU)       -2.0653120212162E-01
 TOTAL ENERGY + DISP (AU)        -9.1362319708851E+02

 *******************************************************************************


 NEIGHBORS OF THE NON-EQUIVALENT ATOMS

 N = NUMBER OF NEIGHBORS AT DISTANCE R
    ATOM  N     R/ANG      R/AU   NEIGHBORS (ATOM LABELS AND CELL INDICES)
   1 C    1     1.4975     2.8299    4 C    0 0 0
   1 C    1     1.5859     2.9970   19 C    0 0 0
   1 C    1     1.6014     3.0261    2 C    0 0 0
   1 C    1     1.6793     3.1734    9 C    0 0 0
   1 C    1     2.1895     4.1376   23 C    0 0 0
   1 C    1     2.2259     4.2062   10 C    0 0 0

   9 C    1     1.4897     2.8151   10 C    0-1 0
   9 C    1     1.4934     2.8220   20 C    1 0 0
   9 C    1     1.5643     2.9562   23 C    0 0 0
   9 C    1     1.6793     3.1734    1 C    0 0 0
   9 C    1     2.1577     4.0775   19 C    0 0 0
   9 C    1     2.2259     4.2062    2 C    0 0 0

  17 C    1     1.4698     2.7774   21 C    1 0-1
  17 C    1     1.4934     2.8220   12 C    1 0 0
  17 C    1     1.5643     2.9562   15 C    0 0-1
  17 C    1     1.5859     2.9970    3 C    1 0 0
  17 C    1     2.1577     4.0775   11 C    1 0 0
  17 C    1     2.1895     4.1376    7 C    0 0-1

 TTTTTTTTTTTTTTTTTTTTTTTTTTTTTT AFTER FIRST TELAPSE      547.88 TCPU      545.41
 MMMMMMMMMMMMMMMMMMMMMMMMMMMMMMMMMMMMMMMMMMMMMMMMMMMMMMMMMMMMMMMMMMMMMMMMMMMMMMM
     ALPHA+BETA ELECTRONS
 MULLIKEN POPULATION ANALYSIS - NO. OF ELECTRONS  144.000000

  ATOM    Z CHARGE  A.O. POPULATION

   1 C    6  5.999  0.854  1.121  0.754  0.529  0.422  0.404  0.435 -0.000
                   -0.023 -0.007  0.476  0.510  0.482  0.008  0.010  0.009
                    0.006  0.007
   2 C    6  5.999  0.854  1.121  0.754  0.529  0.422  0.404  0.435 -0.000
                   -0.023 -0.007  0.476  0.510  0.482  0.008  0.010  0.009
                    0.006  0.007
   3 C    6  5.999  0.854  1.121  0.754  0.529  0.422  0.404  0.435 -0.000
                   -0.023 -0.007  0.476  0.510  0.482  0.008  0.010  0.009
                    0.006  0.007
   4 C    6  5.999  0.854  1.121  0.754  0.529  0.422  0.404  0.435 -0.000
                   -0.023 -0.007  0.476  0.510  0.482  0.008  0.010  0.009
                    0.006  0.007
   5 C    6  5.999  0.854  1.121  0.754  0.529  0.422  0.404  0.435 -0.000
                   -0.023 -0.007  0.476  0.510  0.482  0.008  0.010  0.009
                    0.006  0.007
   6 C    6  5.999  0.854  1.121  0.754  0.529  0.422  0.404  0.435 -0.000
                   -0.023 -0.007  0.476  0.510  0.482  0.008  0.010  0.009
                    0.006  0.007
   7 C    6  5.999  0.854  1.121  0.754  0.529  0.422  0.404  0.435 -0.000
                   -0.023 -0.007  0.476  0.510  0.482  0.008  0.010  0.009
                    0.006  0.007
   8 C    6  5.999  0.854  1.121  0.754  0.529  0.422  0.404  0.435 -0.000
                   -0.023 -0.007  0.476  0.510  0.482  0.008  0.010  0.009
                    0.006  0.007
   9 C    6  5.955  0.854  1.121  0.755  0.440  0.449  0.467  0.390  0.005
                   -0.013 -0.012  0.449  0.505  0.500  0.007  0.008  0.008
                    0.011  0.012
  10 C    6  5.955  0.854  1.121  0.755  0.440  0.449  0.467  0.390  0.005
                   -0.013 -0.012  0.449  0.505  0.500  0.007  0.008  0.008
                    0.011  0.012
  11 C    6  5.955  0.854  1.121  0.755  0.440  0.449  0.467  0.390  0.005
                   -0.013 -0.012  0.449  0.505  0.500  0.007  0.008  0.008
                    0.011  0.012
  12 C    6  5.955  0.854  1.121  0.755  0.440  0.449  0.467  0.390  0.005
                   -0.013 -0.012  0.449  0.505  0.500  0.007  0.008  0.008
                    0.011  0.012
  13 C    6  5.955  0.854  1.121  0.755  0.440  0.449  0.467  0.390  0.005
                   -0.013 -0.012  0.449  0.505  0.500  0.007  0.008  0.008
                    0.011  0.012
  14 C    6  5.955  0.854  1.121  0.755  0.440  0.449  0.467  0.390  0.005
                   -0.013 -0.012  0.449  0.505  0.500  0.007  0.008  0.008
                    0.011  0.012
  15 C    6  5.955  0.854  1.121  0.755  0.440  0.449  0.467  0.390  0.005
                   -0.013 -0.012  0.449  0.505  0.500  0.007  0.008  0.008
                    0.011  0.012
  16 C    6  5.955  0.854  1.121  0.755  0.440  0.449  0.467  0.390  0.005
                   -0.013 -0.012  0.449  0.505  0.500  0.007  0.008  0.008
                    0.011  0.012
  17 C    6  6.046  0.854  1.121  0.735  0.497  0.446  0.461  0.451 -0.012
                   -0.008 -0.023  0.485  0.477  0.514  0.009  0.007  0.014
                    0.008  0.011
  18 C    6  6.046  0.854  1.121  0.735  0.497  0.446  0.461  0.451 -0.012
                   -0.008 -0.023  0.485  0.477  0.514  0.009  0.007  0.014
                    0.008  0.011
  19 C    6  6.046  0.854  1.121  0.735  0.497  0.446  0.461  0.451 -0.012
                   -0.008 -0.023  0.485  0.477  0.514  0.009  0.007  0.014
                    0.008  0.011
  20 C    6  6.046  0.854  1.121  0.735  0.497  0.446  0.461  0.451 -0.012
                   -0.008 -0.023  0.485  0.477  0.514  0.009  0.007  0.014
                    0.008  0.011
  21 C    6  6.046  0.854  1.121  0.735  0.497  0.446  0.461  0.451 -0.012
                   -0.008 -0.023  0.485  0.477  0.514  0.009  0.007  0.014
                    0.008  0.011
  22 C    6  6.046  0.854  1.121  0.735  0.497  0.446  0.461  0.451 -0.012
                   -0.008 -0.023  0.485  0.477  0.514  0.009  0.007  0.014
                    0.008  0.011
  23 C    6  6.046  0.854  1.121  0.735  0.497  0.446  0.461  0.451 -0.012
                   -0.008 -0.023  0.485  0.477  0.514  0.009  0.007  0.014
                    0.008  0.011
  24 C    6  6.046  0.854  1.121  0.735  0.497  0.446  0.461  0.451 -0.012
                   -0.008 -0.023  0.485  0.477  0.514  0.009  0.007  0.014
                    0.008  0.011

  ATOM    Z CHARGE  SHELL POPULATION

   1 C    6  5.999  0.854  1.121  0.754  0.529  1.262 -0.030  1.468  0.041
   2 C    6  5.999  0.854  1.121  0.754  0.529  1.262 -0.030  1.468  0.041
   3 C    6  5.999  0.854  1.121  0.754  0.529  1.262 -0.030  1.468  0.041
   4 C    6  5.999  0.854  1.121  0.754  0.529  1.262 -0.030  1.468  0.041
   5 C    6  5.999  0.854  1.121  0.754  0.529  1.262 -0.030  1.468  0.041
   6 C    6  5.999  0.854  1.121  0.754  0.529  1.262 -0.030  1.468  0.041
   7 C    6  5.999  0.854  1.121  0.754  0.529  1.262 -0.030  1.468  0.041
   8 C    6  5.999  0.854  1.121  0.754  0.529  1.262 -0.030  1.468  0.041
   9 C    6  5.955  0.854  1.121  0.755  0.440  1.306 -0.019  1.454  0.045
  10 C    6  5.955  0.854  1.121  0.755  0.440  1.306 -0.019  1.454  0.045
  11 C    6  5.955  0.854  1.121  0.755  0.440  1.306 -0.019  1.454  0.045
  12 C    6  5.955  0.854  1.121  0.755  0.440  1.306 -0.019  1.454  0.045
  13 C    6  5.955  0.854  1.121  0.755  0.440  1.306 -0.019  1.454  0.045
  14 C    6  5.955  0.854  1.121  0.755  0.440  1.306 -0.019  1.454  0.045
  15 C    6  5.955  0.854  1.121  0.755  0.440  1.306 -0.019  1.454  0.045
  16 C    6  5.955  0.854  1.121  0.755  0.440  1.306 -0.019  1.454  0.045
  17 C    6  6.046  0.854  1.121  0.735  0.497  1.357 -0.043  1.476  0.049
  18 C    6  6.046  0.854  1.121  0.735  0.497  1.357 -0.043  1.476  0.049
  19 C    6  6.046  0.854  1.121  0.735  0.497  1.357 -0.043  1.476  0.049
  20 C    6  6.046  0.854  1.121  0.735  0.497  1.357 -0.043  1.476  0.049
  21 C    6  6.046  0.854  1.121  0.735  0.497  1.357 -0.043  1.476  0.049
  22 C    6  6.046  0.854  1.121  0.735  0.497  1.357 -0.043  1.476  0.049
  23 C    6  6.046  0.854  1.121  0.735  0.497  1.357 -0.043  1.476  0.049
  24 C    6  6.046  0.854  1.121  0.735  0.497  1.357 -0.043  1.476  0.049

 OVERLAP POPULATION CONDENSED TO ATOMS FOR FIRST   6 NEIGHBORS

 ATOM A   1 C    ATOM B     CELL      R(AB)/AU R(AB)/ANG    OVPOP(AB)
                  4 C    (  0  0  0)     2.830     1.498     0.315
                 19 C    (  0  0  0)     2.997     1.586     0.215
                  2 C    (  0  0  0)     3.026     1.601     0.255
                  9 C    (  0  0  0)     3.173     1.679     0.272
                 23 C    (  0  0  0)     4.138     2.190    -0.097
                 10 C    (  0  0  0)     4.206     2.226    -0.065

 ATOM A   9 C    ATOM B     CELL      R(AB)/AU R(AB)/ANG    OVPOP(AB)
                 10 C    (  0 -1  0)     2.815     1.490     0.293
                 20 C    (  1  0  0)     2.822     1.493     0.216
                 23 C    (  0  0  0)     2.956     1.564     0.250
                  1 C    (  0  0  0)     3.173     1.679     0.272
                 19 C    (  0  0  0)     4.077     2.158    -0.077
                  2 C    (  0  0  0)     4.206     2.226    -0.065

 ATOM A  17 C    ATOM B     CELL      R(AB)/AU R(AB)/ANG    OVPOP(AB)
                 21 C    (  1  0 -1)     2.777     1.470     0.309
                 12 C    (  1  0  0)     2.822     1.493     0.216
                 15 C    (  0  0 -1)     2.956     1.564     0.250
                  3 C    (  1  0  0)     2.997     1.586     0.215
                 11 C    (  1  0  0)     4.077     2.158    -0.077
                  7 C    (  0  0 -1)     4.138     2.190    -0.097
 TTTTTTTTTTTTTTTTTTTTTTTTTTTTTT AFTER FIRST TELAPSE      548.10 TCPU      545.56
 MMMMMMMMMMMMMMMMMMMMMMMMMMMMMMMMMMMMMMMMMMMMMMMMMMMMMMMMMMMMMMMMMMMMMMMMMMMMMMM
     ALPHA-BETA ELECTRONS
 MULLIKEN POPULATION ANALYSIS - NO. OF ELECTRONS   -0.000000

  ATOM    Z CHARGE  A.O. POPULATION

   1 C    6 -0.000 -0.000  0.000  0.000  0.000 -0.000  0.000 -0.000  0.000
                   -0.000  0.000 -0.000  0.000 -0.000  0.000  0.000  0.000
                    0.000 -0.000
   2 C    6 -0.000 -0.000  0.000  0.000  0.000 -0.000  0.000 -0.000  0.000
                   -0.000  0.000 -0.000  0.000 -0.000  0.000  0.000  0.000
                    0.000 -0.000
   3 C    6 -0.000 -0.000  0.000  0.000  0.000 -0.000  0.000 -0.000  0.000
                   -0.000  0.000 -0.000  0.000 -0.000  0.000  0.000  0.000
                    0.000 -0.000
   4 C    6 -0.000 -0.000  0.000  0.000  0.000 -0.000  0.000 -0.000  0.000
                   -0.000  0.000 -0.000  0.000 -0.000  0.000  0.000  0.000
                    0.000 -0.000
   5 C    6 -0.000 -0.000  0.000  0.000  0.000 -0.000  0.000 -0.000  0.000
                   -0.000  0.000 -0.000  0.000 -0.000  0.000  0.000  0.000
                    0.000 -0.000
   6 C    6 -0.000 -0.000  0.000  0.000  0.000 -0.000  0.000 -0.000  0.000
                   -0.000  0.000 -0.000  0.000 -0.000  0.000  0.000  0.000
                    0.000 -0.000
   7 C    6 -0.000 -0.000  0.000  0.000  0.000 -0.000  0.000 -0.000  0.000
                   -0.000  0.000 -0.000  0.000 -0.000  0.000  0.000  0.000
                    0.000 -0.000
   8 C    6 -0.000 -0.000  0.000  0.000  0.000 -0.000  0.000 -0.000  0.000
                   -0.000  0.000 -0.000  0.000 -0.000  0.000  0.000  0.000
                    0.000 -0.000
   9 C    6 -0.000 -0.000  0.000  0.000 -0.000  0.000  0.000 -0.000 -0.000
                    0.000 -0.000 -0.000 -0.000  0.000  0.000  0.000  0.000
                   -0.000 -0.000
  10 C    6 -0.000 -0.000  0.000  0.000 -0.000  0.000  0.000 -0.000 -0.000
                    0.000 -0.000 -0.000 -0.000  0.000  0.000  0.000  0.000
                   -0.000 -0.000
  11 C    6 -0.000 -0.000  0.000  0.000 -0.000  0.000  0.000 -0.000 -0.000
                    0.000 -0.000 -0.000 -0.000  0.000  0.000  0.000  0.000
                   -0.000 -0.000
  12 C    6 -0.000 -0.000  0.000  0.000 -0.000  0.000  0.000 -0.000 -0.000
                    0.000 -0.000 -0.000 -0.000  0.000  0.000  0.000  0.000
                   -0.000 -0.000
  13 C    6 -0.000 -0.000  0.000  0.000 -0.000  0.000  0.000 -0.000 -0.000
                    0.000 -0.000 -0.000 -0.000  0.000  0.000  0.000  0.000
                   -0.000 -0.000
  14 C    6 -0.000 -0.000  0.000  0.000 -0.000  0.000  0.000 -0.000 -0.000
                    0.000 -0.000 -0.000 -0.000  0.000  0.000  0.000  0.000
                   -0.000 -0.000
  15 C    6 -0.000 -0.000  0.000  0.000 -0.000  0.000  0.000 -0.000 -0.000
                    0.000 -0.000 -0.000 -0.000  0.000  0.000  0.000  0.000
                   -0.000 -0.000
  16 C    6 -0.000 -0.000  0.000  0.000 -0.000  0.000  0.000 -0.000 -0.000
                    0.000 -0.000 -0.000 -0.000  0.000  0.000  0.000  0.000
                   -0.000 -0.000
  17 C    6  0.000 -0.000  0.000 -0.000  0.000  0.000 -0.000 -0.000  0.000
                    0.000  0.000 -0.000  0.000  0.000 -0.000 -0.000 -0.000
                    0.000  0.000
  18 C    6  0.000 -0.000  0.000 -0.000  0.000  0.000 -0.000 -0.000  0.000
                    0.000  0.000 -0.000  0.000  0.000 -0.000 -0.000 -0.000
                    0.000  0.000
  19 C    6  0.000 -0.000  0.000 -0.000  0.000  0.000 -0.000 -0.000  0.000
                    0.000  0.000 -0.000  0.000  0.000 -0.000 -0.000 -0.000
                    0.000  0.000
  20 C    6  0.000 -0.000  0.000 -0.000  0.000  0.000 -0.000 -0.000  0.000
                    0.000  0.000 -0.000  0.000  0.000 -0.000 -0.000 -0.000
                    0.000  0.000
  21 C    6  0.000 -0.000  0.000 -0.000  0.000  0.000 -0.000 -0.000  0.000
                    0.000  0.000 -0.000  0.000  0.000 -0.000 -0.000 -0.000
                    0.000  0.000
  22 C    6  0.000 -0.000  0.000 -0.000  0.000  0.000 -0.000 -0.000  0.000
                    0.000  0.000 -0.000  0.000  0.000 -0.000 -0.000 -0.000
                    0.000  0.000
  23 C    6  0.000 -0.000  0.000 -0.000  0.000  0.000 -0.000 -0.000  0.000
                    0.000  0.000 -0.000  0.000  0.000 -0.000 -0.000 -0.000
                    0.000  0.000
  24 C    6  0.000 -0.000  0.000 -0.000  0.000  0.000 -0.000 -0.000  0.000
                    0.000  0.000 -0.000  0.000  0.000 -0.000 -0.000 -0.000
                    0.000  0.000

  ATOM    Z CHARGE  SHELL POPULATION

   1 C    6 -0.000 -0.000  0.000  0.000  0.000 -0.000  0.000 -0.000  0.000
   2 C    6 -0.000 -0.000  0.000  0.000  0.000 -0.000  0.000 -0.000  0.000
   3 C    6 -0.000 -0.000  0.000  0.000  0.000 -0.000  0.000 -0.000  0.000
   4 C    6 -0.000 -0.000  0.000  0.000  0.000 -0.000  0.000 -0.000  0.000
   5 C    6 -0.000 -0.000  0.000  0.000  0.000 -0.000  0.000 -0.000  0.000
   6 C    6 -0.000 -0.000  0.000  0.000  0.000 -0.000  0.000 -0.000  0.000
   7 C    6 -0.000 -0.000  0.000  0.000  0.000 -0.000  0.000 -0.000  0.000
   8 C    6 -0.000 -0.000  0.000  0.000  0.000 -0.000  0.000 -0.000  0.000
   9 C    6 -0.000 -0.000  0.000  0.000 -0.000  0.000 -0.000 -0.000  0.000
  10 C    6 -0.000 -0.000  0.000  0.000 -0.000  0.000 -0.000 -0.000  0.000
  11 C    6 -0.000 -0.000  0.000  0.000 -0.000  0.000 -0.000 -0.000  0.000
  12 C    6 -0.000 -0.000  0.000  0.000 -0.000  0.000 -0.000 -0.000  0.000
  13 C    6 -0.000 -0.000  0.000  0.000 -0.000  0.000 -0.000 -0.000  0.000
  14 C    6 -0.000 -0.000  0.000  0.000 -0.000  0.000 -0.000 -0.000  0.000
  15 C    6 -0.000 -0.000  0.000  0.000 -0.000  0.000 -0.000 -0.000  0.000
  16 C    6 -0.000 -0.000  0.000  0.000 -0.000  0.000 -0.000 -0.000  0.000
  17 C    6  0.000 -0.000  0.000 -0.000  0.000 -0.000  0.000 -0.000  0.000
  18 C    6  0.000 -0.000  0.000 -0.000  0.000 -0.000  0.000 -0.000  0.000
  19 C    6  0.000 -0.000  0.000 -0.000  0.000 -0.000  0.000 -0.000  0.000
  20 C    6  0.000 -0.000  0.000 -0.000  0.000 -0.000  0.000 -0.000  0.000
  21 C    6  0.000 -0.000  0.000 -0.000  0.000 -0.000  0.000 -0.000  0.000
  22 C    6  0.000 -0.000  0.000 -0.000  0.000 -0.000  0.000 -0.000  0.000
  23 C    6  0.000 -0.000  0.000 -0.000  0.000 -0.000  0.000 -0.000  0.000
  24 C    6  0.000 -0.000  0.000 -0.000  0.000 -0.000  0.000 -0.000  0.000

 OVERLAP POPULATION CONDENSED TO ATOMS FOR FIRST   6 NEIGHBORS

 ATOM A   1 C    ATOM B     CELL      R(AB)/AU R(AB)/ANG    OVPOP(AB)
                  4 C    (  0  0  0)     2.830     1.498    -0.000
                 19 C    (  0  0  0)     2.997     1.586    -0.000
                  2 C    (  0  0  0)     3.026     1.601    -0.000
                  9 C    (  0  0  0)     3.173     1.679    -0.000
                 23 C    (  0  0  0)     4.138     2.190     0.000
                 10 C    (  0  0  0)     4.206     2.226    -0.000

 ATOM A   9 C    ATOM B     CELL      R(AB)/AU R(AB)/ANG    OVPOP(AB)
                 10 C    (  0 -1  0)     2.815     1.490    -0.000
                 20 C    (  1  0  0)     2.822     1.493     0.000
                 23 C    (  0  0  0)     2.956     1.564     0.000
                  1 C    (  0  0  0)     3.173     1.679    -0.000
                 19 C    (  0  0  0)     4.077     2.158     0.000
                  2 C    (  0  0  0)     4.206     2.226    -0.000

 ATOM A  17 C    ATOM B     CELL      R(AB)/AU R(AB)/ANG    OVPOP(AB)
                 21 C    (  1  0 -1)     2.777     1.470    -0.000
                 12 C    (  1  0  0)     2.822     1.493     0.000
                 15 C    (  0  0 -1)     2.956     1.564     0.000
                  3 C    (  1  0  0)     2.997     1.586    -0.000
                 11 C    (  1  0  0)     4.077     2.158     0.000
                  7 C    (  0  0 -1)     4.138     2.190     0.000
 EIGENVECTORS IN FORTRAN UNIT  8
 TTTTTTTTTTTTTTTTTTTTTTTTTTTTTT END         TELAPSE      548.66 TCPU      546.06
 EEEEEEEEEE TERMINATION  DATE 28 01 2026 TIME 20:10:50.4
NODE    0 CPU TIME =       546.058
NODE    1 CPU TIME =       547.519
NODE    2 CPU TIME =       546.921
NODE    3 CPU TIME =       547.590
NODE    4 CPU TIME =       547.172
NODE    5 CPU TIME =       547.255
NODE    6 CPU TIME =       546.993
NODE    7 CPU TIME =       547.097
NODE    8 CPU TIME =       547.108
NODE    9 CPU TIME =       547.116
NODE   10 CPU TIME =       547.099
NODE   11 CPU TIME =       547.114
NODE   12 CPU TIME =       546.986
NODE   13 CPU TIME =       547.256
NODE   14 CPU TIME =       547.295
NODE   15 CPU TIME =       547.165
NODE   16 CPU TIME =       547.167
NODE   17 CPU TIME =       547.237
NODE   18 CPU TIME =       547.259
NODE   19 CPU TIME =       547.146
NODE   20 CPU TIME =       547.281
NODE   21 CPU TIME =       547.119
NODE   22 CPU TIME =       547.184
NODE   23 CPU TIME =       547.233
NODE   24 CPU TIME =       546.999
NODE   25 CPU TIME =       547.189
NODE   26 CPU TIME =       547.292
NODE   27 CPU TIME =       547.412
NODE   28 CPU TIME =       547.166
NODE   29 CPU TIME =       547.116
NODE   30 CPU TIME =       547.106
NODE   31 CPU TIME =       547.149
    TOTAL CPU TIME =     17508.800
