MPI startup(): Warning: I_MPI_PMI_LIBRARY will be ignored since the hydra process manager was found
MPI startup(): Warning: I_MPI_PMI_LIBRARY will be ignored since the hydra process manager was found
MPI startup(): Warning: I_MPI_PMI_LIBRARY will be ignored since the hydra process manager was found
MPI startup(): Warning: I_MPI_PMI_LIBRARY will be ignored since the hydra process manager was found
MPI startup(): Warning: I_MPI_PMI_LIBRARY will be ignored since the hydra process manager was found
MPI startup(): Warning: I_MPI_PMI_LIBRARY will be ignored since the hydra process manager was found
MPI startup(): Warning: I_MPI_PMI_LIBRARY will be ignored since the hydra process manager was found
MPI startup(): Warning: I_MPI_PMI_LIBRARY will be ignored since the hydra process manager was found
MPI startup(): Warning: I_MPI_PMI_LIBRARY will be ignored since the hydra process manager was found
MPI startup(): Warning: I_MPI_PMI_LIBRARY will be ignored since the hydra process manager was found
MPI startup(): Warning: I_MPI_PMI_LIBRARY will be ignored since the hydra process manager was found
MPI startup(): Warning: I_MPI_PMI_LIBRARY will be ignored since the hydra process manager was found
MPI startup(): Warning: I_MPI_PMI_LIBRARY will be ignored since the hydra process manager was found
MPI startup(): Warning: I_MPI_PMI_LIBRARY will be ignored since the hydra process manager was found
MPI startup(): Warning: I_MPI_PMI_LIBRARY will be ignored since the hydra process manager was found
MPI startup(): Warning: I_MPI_PMI_LIBRARY will be ignored since the hydra process manager was found
MPI startup(): Warning: I_MPI_PMI_LIBRARY will be ignored since the hydra process manager was found
MPI startup(): Warning: I_MPI_PMI_LIBRARY will be ignored since the hydra process manager was found
MPI startup(): Warning: I_MPI_PMI_LIBRARY will be ignored since the hydra process manager was found
MPI startup(): Warning: I_MPI_PMI_LIBRARY will be ignored since the hydra process manager was found
MPI startup(): Warning: I_MPI_PMI_LIBRARY will be ignored since the hydra process manager was found
MPI startup(): Warning: I_MPI_PMI_LIBRARY will be ignored since the hydra process manager was found
MPI startup(): Warning: I_MPI_PMI_LIBRARY will be ignored since the hydra process manager was found
MPI startup(): Warning: I_MPI_PMI_LIBRARY will be ignored since the hydra process manager was found
MPI startup(): Warning: I_MPI_PMI_LIBRARY will be ignored since the hydra process manager was found
MPI startup(): Warning: I_MPI_PMI_LIBRARY will be ignored since the hydra process manager was found
MPI startup(): Warning: I_MPI_PMI_LIBRARY will be ignored since the hydra process manager was found
MPI startup(): Warning: I_MPI_PMI_LIBRARY will be ignored since the hydra process manager was found
MPI startup(): Warning: I_MPI_PMI_LIBRARY will be ignored since the hydra process manager was found
MPI startup(): Warning: I_MPI_PMI_LIBRARY will be ignored since the hydra process manager was found
MPI startup(): Warning: I_MPI_PMI_LIBRARY will be ignored since the hydra process manager was found
MPI startup(): Warning: I_MPI_PMI_LIBRARY will be ignored since the hydra process manager was found
 PROCESS           25  OF           32  WORKING
 PROCESS            2  OF           32  WORKING
 PROCESS           21  OF           32  WORKING
 PROCESS           22  OF           32  WORKING
 PROCESS           19  OF           32  WORKING
 PROCESS           16  OF           32  WORKING
 PROCESS           27  OF           32  WORKING
 PROCESS           20  OF           32  WORKING
 PROCESS           11  OF           32  WORKING
 PROCESS           24  OF           32  WORKING
 PROCESS           23  OF           32  WORKING
 PROCESS           31  OF           32  WORKING
 PROCESS            7  OF           32  WORKING
 PROCESS            0  OF           32  WORKING
 PROCESS            4  OF           32  WORKING
 PROCESS            1  OF           32  WORKING
 PROCESS            3  OF           32  WORKING
 PROCESS           18  OF           32  WORKING
 PROCESS           13  OF           32  WORKING
 PROCESS            5  OF           32  WORKING
 PROCESS           26  OF           32  WORKING
 PROCESS           29  OF           32  WORKING
 PROCESS           10  OF           32  WORKING
 PROCESS            8  OF           32  WORKING
 PROCESS           12  OF           32  WORKING
 PROCESS           30  OF           32  WORKING

         
 *******************************************************************************
 *                                                                             *
 *                               CRYSTAL23                                     *
 *                      public : 1.0.1 - October 2022                          *
 *                       HTTP://WWW.CRYSTAL.UNITO.IT                           *
 *                                                                             *
 *                              MAIN AUTHORS                                   *
 *                                                                             *
 *  R. DOVESI(1,11), V.R. SAUNDERS(2), C. ROETTI(1,11), R. ORLANDO(1,11),      *
 *  C.M. ZICOVICH-WILSON(1,3), F. PASCALE(4), B. CIVALLERI(1,11),              *
 *  K. DOLL(5), N.M. HARRISON(6), I.J. BUSH(7), Ph. D'ARCO(8),                 *
 *  M. LLUNELL(9), M. CAUSA'(10), Y. NOEL(8), L. MASCHIO(1,11), A. ERBA(1,11)  *
 *  M. RE'RAT(14), S. CASASSA(1,11), B.G. SEARLE(2), J.K. DESMARAIS(1)         *
 *                                                                             *
 *        CONTRIBUTIONS TO THE CODE HAVE ALSO BEEN GIVEN BY                    *
 *                                                                             *
 *  M. FERRABONE(1,11), M. DE LA PIERRE(1,11), M. FERRERO(1,11),               *
 *  J. BAIMA(1,11), E. ALBANESE(1,11), M.F. PEINTINGER(12), R. BAST(13),       *
 *  B. KIRTMAN(15), V. LACIVITA(1,11), R. DEMICHELIS(1,16)                     *
 *  G. BRANDEBURG(17), S. SALUSTRO(1,11), G. SANSONE(1,11)                     *
 *  M.T. RUGGIERO(18), L.E. DAGA(1), L. DONA'(1), A. COSSARD(1)                *
 *                                                                             *
 * (1) THEORETICAL CHEMISTRY GROUP - UNIVERSITA' DI TORINO - TORINO (ITALY)    *
 * (2) SCIENTIFIC COMPUTING DEPARTMENT - STFC DARESBURY (UK)                   *
 * (3) UNIVERSIDAD AUTONOMA DEL ESTADO DE MORELOS - CUERNAVACA (MEXICO)        *
 * (4) UNIVERSITE' DE LORRAINE - NANCY (FRANCE)                                *
 * (5) UNIVERSITAET STUTTGART- STUTTGART (GERMANY)                             *
 * (6) IMPERIAL COLLEGE - LONDON (UK)                                          *
 * (7) SCIENTIFIC COMPUTING DEPARTMENT - STFC RAL (UK)                         *
 * (8) UPMC - SORBONNE UNIVERSITES - PARIS (FRANCE)                            *
 * (9) UNIVERSIDAD DE BARCELONA - BARCELONA (SPAIN)                            *
 *(10) UNIVERSITA' DI NAPOLI "FEDERICO II" - NAPOLI (ITALY)                    *
 *(11) NIS - NANOSTRUCTURED INTERFACES AND SURFACES - TORINO (ITALY)           *
 *(12) MPI FUER CHEMISCHE ENERGIEKONVERSION - MUELHEIM AN DER RUHR (GERMANY)   *
 *(13) UNIVERSITY OF TROMSO - TROMSO (NORWAY)                                  *
 *(14) UNIVERSITE' DE PAU ET DES PAYS DE L'ADOUR - PAU (FRANCE)                *
 *(15) UNIVERSITY OF CALIFORNIA SANTA BARBARA - SANTA BARBARA (USA)            *
 *(16) CURTIN UNIVERSITY - PERTH (AUSTRALIA)                                   *
 *(17) UNIVERSITY COLLEGE LONDON - LONDON (UK)                                 *
 *(18) UNIVERSITY OF VERMONT - BURLINGTON (USA)                                *
 *                                                                             *
 *******************************************************************************
 EEEEEEEEEE STARTING  DATE 24 01 2026 TIME 21:06:39.4
 PROCESS           14  OF           32  WORKING
 PROCESS           17  OF           32  WORKING
 ./4^3T157-CA_SCF_opt_rev1_sp_B3LYP-D3-D3_optimized                              
 PROCESS            6  OF           32  WORKING
 PROCESS           15  OF           32  WORKING
 PROCESS           28  OF           32  WORKING
 PROCESS            9  OF           32  WORKING

 CRYSTAL CALCULATION
 (INPUT ACCORDING TO THE INTERNATIONAL TABLES FOR X-RAY CRYSTALLOGRAPHY)
 CRYSTAL FAMILY                       :  ORTHORHOMBIC
 CRYSTAL CLASS  (GROTH - 1921)        :  ORTHORHOMBIC BIPYRAMIDAL             

 SPACE GROUP (CENTROSYMMETRIC)        :  C M C M         

 LATTICE PARAMETERS  (ANGSTROMS AND DEGREES) - CONVENTIONAL CELL
        A           B           C        ALPHA        BETA       GAMMA
     5.05694     8.65055     4.32331    90.00000    90.00000    90.00000


 NUMBER OF IRREDUCIBLE ATOMS IN THE CONVENTIONAL CELL:    3

 INPUT COORDINATES

 ATOM AT. N.              COORDINATES
   1   6    -2.391040500462E-01  1.700533350697E-01 -4.320823477623E-01
   2   6     9.409830279726E-19  8.342603417281E-02  6.432494237693E-02
   3   6     5.000000000000E-01  7.635042986413E-02 -4.256899787665E-01

 *******************************************************************************

 << INFORMATION >>: FROM NOW ON, ALL COORDINATES REFER TO THE PRIMITIVE CELL

 *******************************************************************************

 LATTICE PARAMETERS  (ANGSTROMS AND DEGREES) - PRIMITIVE CELL
       A          B          C        ALPHA      BETA     GAMMA        VOLUME
    5.01011    5.01011    4.32331    90.00000  90.00000  60.61945     94.562398

 COORDINATES OF THE EQUIVALENT ATOMS (FRACTIONAL UNITS)

 N. ATOM EQUIV AT. N.          X                  Y                  Z

   1   1   1    6 C    -6.90507149765E-02  4.09157385116E-01 -4.32082347762E-01
   2   1   2    6 C     6.90507149765E-02 -4.09157385116E-01  6.79176522377E-02
   3   1   3    6 C    -4.09157385116E-01  6.90507149765E-02  4.32082347762E-01
   4   1   4    6 C     4.09157385116E-01 -6.90507149765E-02 -6.79176522377E-02
   5   1   5    6 C     6.90507149765E-02 -4.09157385116E-01  4.32082347762E-01
   6   1   6    6 C    -6.90507149765E-02  4.09157385116E-01 -6.79176522377E-02
   7   1   7    6 C     4.09157385116E-01 -6.90507149765E-02 -4.32082347762E-01
   8   1   8    6 C    -4.09157385116E-01  6.90507149765E-02  6.79176522377E-02

   9   2   1    6 C     8.34260341728E-02  8.34260341728E-02  6.43249423769E-02
  10   2   2    6 C    -8.34260341728E-02 -8.34260341728E-02 -4.35675057623E-01
  11   2   3    6 C    -8.34260341728E-02 -8.34260341728E-02 -6.43249423769E-02
  12   2   4    6 C     8.34260341728E-02  8.34260341728E-02  4.35675057623E-01

  13   3   1    6 C    -4.23649570136E-01 -4.23649570136E-01 -4.25689978766E-01
  14   3   2    6 C     4.23649570136E-01  4.23649570136E-01  7.43100212335E-02
  15   3   3    6 C     4.23649570136E-01  4.23649570136E-01  4.25689978766E-01
  16   3   4    6 C    -4.23649570136E-01 -4.23649570136E-01 -7.43100212335E-02

 NUMBER OF SYMMETRY OPERATORS         :    8
 *******************************************************************************
 * GEOMETRY EDITING - INPUT COORDINATES ARE GIVEN IN ANGSTROM         
 *******************************************************************************

 GEOMETRY NOW FULLY CONSISTENT WITH THE GROUP

 GCALCO - MAX INDICES DIRECT LATTICE VECTOR    14    14    15
 NO.OF VECTORS CREATED 6999 STARS 1019 RMAX   102.07407 BOHR

 GEOMETRY FOR WAVE FUNCTION - DIMENSIONALITY OF THE SYSTEM    3
 (NON PERIODIC DIRECTION: LATTICE PARAMETER FORMALLY SET TO 500)
 *******************************************************************************
 LATTICE PARAMETERS (ANGSTROMS AND DEGREES) - BOHR = 0.5291772083 ANGSTROM
 PRIMITIVE CELL - CENTRING CODE 4/0 VOLUME=    94.562398 - DENSITY  3.372 g/cm^3
         A              B              C           ALPHA      BETA       GAMMA 
     5.01010780     5.01010780     4.32331161    90.000000  90.000000  60.619451
 *******************************************************************************
 ATOMS IN THE ASYMMETRIC UNIT    3 - ATOMS IN THE UNIT CELL:   16
     ATOM                 X/A                 Y/B                 Z/C    
 *******************************************************************************
      1 T   6 C    -6.905071497650E-02  4.091573851159E-01 -4.320823477623E-01
      2 F   6 C     6.905071497650E-02 -4.091573851159E-01  6.791765223770E-02
      3 F   6 C    -4.091573851159E-01  6.905071497650E-02  4.320823477623E-01
      4 F   6 C     4.091573851159E-01 -6.905071497650E-02 -6.791765223770E-02
      5 F   6 C     6.905071497650E-02 -4.091573851159E-01  4.320823477623E-01
      6 F   6 C    -6.905071497650E-02  4.091573851159E-01 -6.791765223770E-02
      7 F   6 C     4.091573851159E-01 -6.905071497650E-02 -4.320823477623E-01
      8 F   6 C    -4.091573851159E-01  6.905071497650E-02  6.791765223770E-02
      9 T   6 C     8.342603417281E-02  8.342603417281E-02  6.432494237693E-02
     10 F   6 C    -8.342603417281E-02 -8.342603417281E-02 -4.356750576231E-01
     11 F   6 C    -8.342603417281E-02 -8.342603417281E-02 -6.432494237693E-02
     12 F   6 C     8.342603417281E-02  8.342603417281E-02  4.356750576231E-01
     13 T   6 C    -4.236495701359E-01 -4.236495701359E-01 -4.256899787665E-01
     14 F   6 C     4.236495701359E-01  4.236495701359E-01  7.431002123350E-02
     15 F   6 C     4.236495701359E-01  4.236495701359E-01  4.256899787665E-01
     16 F   6 C    -4.236495701359E-01 -4.236495701359E-01 -7.431002123350E-02

 TRANSFORMATION MATRIX PRIMITIVE-CRYSTALLOGRAPHIC CELL
  1.0000  1.0000  0.0000 -1.0000  1.0000  0.0000  0.0000  0.0000  1.0000

 *******************************************************************************
 CRYSTALLOGRAPHIC CELL (VOLUME=        189.12479523)
         A              B              C           ALPHA      BETA       GAMMA 
     5.05694401     8.65055131     4.32331161    90.000000  90.000000  90.000000

 COORDINATES IN THE CRYSTALLOGRAPHIC CELL
     ATOM                 X/A                 Y/B                 Z/C    
 *******************************************************************************
      1 T   6 C    -2.391040500462E-01  1.700533350697E-01 -4.320823477623E-01
      2 F   6 C     2.391040500462E-01 -1.700533350697E-01  6.791765223770E-02
      3 F   6 C    -2.391040500462E-01 -1.700533350697E-01  4.320823477623E-01
      4 F   6 C     2.391040500462E-01  1.700533350697E-01 -6.791765223770E-02
      5 F   6 C     2.391040500462E-01 -1.700533350697E-01  4.320823477623E-01
      6 F   6 C    -2.391040500462E-01  1.700533350697E-01 -6.791765223770E-02
      7 F   6 C     2.391040500462E-01  1.700533350697E-01 -4.320823477623E-01
      8 F   6 C    -2.391040500462E-01 -1.700533350697E-01  6.791765223770E-02
      9 T   6 C    -1.171784939279E-18  8.342603417281E-02  6.432494237693E-02
     10 F   6 C     4.178193469531E-20 -8.342603417281E-02 -4.356750576231E-01
     11 F   6 C     4.178193469531E-20 -8.342603417281E-02 -6.432494237693E-02
     12 F   6 C    -4.178193469531E-20  8.342603417281E-02  4.356750576231E-01
     13 T   6 C     5.000000000000E-01  7.635042986413E-02 -4.256899787665E-01
     14 F   6 C     5.000000000000E-01 -7.635042986413E-02  7.431002123350E-02
     15 F   6 C     5.000000000000E-01 -7.635042986413E-02  4.256899787665E-01
     16 F   6 C     5.000000000000E-01  7.635042986413E-02 -7.431002123350E-02

 T = ATOM BELONGING TO THE ASYMMETRIC UNIT

 ****    8 SYMMOPS - TRANSLATORS IN FRACTIONAL UNITS
 **** MATRICES AND TRANSLATORS IN THE CRYSTALLOGRAPHIC REFERENCE FRAME
   V INV                    ROTATION MATRICES                   TRANSLATORS
   1   1  1.00  0.00  0.00  0.00  1.00  0.00  0.00  0.00  1.00  0.00  0.00  0.00
   2   2 -1.00 -0.00  0.00  0.00 -1.00  0.00  0.00  0.00  1.00  0.00  0.00  0.50
   3   3 -0.00 -1.00  0.00 -1.00  0.00  0.00  0.00  0.00 -1.00  0.00  0.00  0.00
   4   4  0.00  1.00  0.00  1.00 -0.00  0.00  0.00  0.00 -1.00  0.00  0.00  0.50
   5   5 -1.00 -0.00  0.00  0.00 -1.00  0.00  0.00  0.00 -1.00  0.00  0.00  0.00
   6   6  1.00  0.00  0.00 -0.00  1.00  0.00  0.00  0.00 -1.00  0.00  0.00  0.50
   7   7  0.00  1.00  0.00  1.00 -0.00  0.00  0.00  0.00  1.00  0.00  0.00  0.00
   8   8 -0.00 -1.00  0.00 -1.00  0.00  0.00  0.00  0.00  1.00  0.00  0.00  0.50

 DIRECT LATTICE VECTORS CARTESIAN COMPONENTS (ANGSTROM)
          X                    Y                    Z
   0.252847200500E+01   0.432527565500E+01   0.000000000000E+00
  -0.252847200500E+01   0.432527565500E+01   0.000000000000E+00
   0.000000000000E+00   0.000000000000E+00   0.432331161000E+01


 CARTESIAN COORDINATES - PRIMITIVE CELL
 *******************************************************************************
 *      ATOM          X(ANGSTROM)         Y(ANGSTROM)         Z(ANGSTROM)
 *******************************************************************************
    1     6 C    -1.209135793648E+00  1.471055100457E+00 -1.868026630557E+00
    2     6 C     1.209135793648E+00 -1.471055100457E+00  2.936291744432E-01
    3     6 C    -1.209135793648E+00 -1.471055100457E+00  1.868026630557E+00
    4     6 C     1.209135793648E+00  1.471055100457E+00 -2.936291744432E-01
    5     6 C     1.209135793648E+00 -1.471055100457E+00  1.868026630557E+00
    6     6 C    -1.209135793648E+00  1.471055100457E+00 -2.936291744432E-01
    7     6 C     1.209135793648E+00  1.471055100457E+00 -1.868026630557E+00
    8     6 C    -1.209135793648E+00 -1.471055100457E+00  2.936291744432E-01
    9     6 C    -5.925650829697E-18  7.216811892017E-01  2.780967701908E-01
   10     6 C     2.112889043836E-19 -7.216811892017E-01 -1.883559034809E+00
   11     6 C     2.112889043836E-19 -7.216811892017E-01 -2.780967701908E-01
   12     6 C    -2.112889043836E-19  7.216811892017E-01  1.883559034809E+00
   13     6 C    -2.528472005000E+00  6.604733110802E-01 -1.840390427462E+00
   14     6 C    -2.528472005000E+00 -6.604733110802E-01  3.212653775381E-01
   15     6 C    -2.528472005000E+00 -6.604733110802E-01  1.840390427462E+00
   16     6 C    -2.528472005000E+00  6.604733110802E-01 -3.212653775381E-01

 *******************************************************************************
 LOCAL ATOMIC FUNCTIONS BASIS SET
 *******************************************************************************
   ATOM   X(AU)   Y(AU)   Z(AU)  N. TYPE  EXPONENT  S COEF   P COEF   D/F/G COEF
 *******************************************************************************
   1 C   -2.285   2.780  -3.530
                                  1 S  
                                         1.358E+04 2.225E-04 0.000E+00 0.000E+00
                                         2.035E+03 1.723E-03 0.000E+00 0.000E+00
                                         4.632E+02 8.926E-03 0.000E+00 0.000E+00
                                         1.312E+02 3.573E-02 0.000E+00 0.000E+00
                                         4.285E+01 1.108E-01 0.000E+00 0.000E+00
                                         1.558E+01 2.430E-01 0.000E+00 0.000E+00
                                  2 S  
                                         6.207E+00 4.144E-01 0.000E+00 0.000E+00
                                         2.576E+00 2.374E-01 0.000E+00 0.000E+00
                                  3 S  
                                         4.941E-01 1.000E+00 0.000E+00 0.000E+00
                                  4 S  
                                         1.644E-01 1.000E+00 0.000E+00 0.000E+00
                           5-     7 P  
                                         3.470E+01 0.000E+00 5.333E-03 0.000E+00
                                         7.958E+00 0.000E+00 3.586E-02 0.000E+00
                                         2.378E+00 0.000E+00 1.422E-01 0.000E+00
                                         8.143E-01 0.000E+00 3.427E-01 0.000E+00
                           8-    10 P  
                                         5.662E-01 0.000E+00 1.000E+00 0.000E+00
                          11-    13 P  
                                         2.674E-01 0.000E+00 1.000E+00 0.000E+00
                          14-    18 D  
                                         8.792E-01 0.000E+00 0.000E+00 1.000E+00
   2 C    2.285  -2.780   0.555
   3 C   -2.285  -2.780   3.530
   4 C    2.285   2.780  -0.555
   5 C    2.285  -2.780   3.530
   6 C   -2.285   2.780  -0.555
   7 C    2.285   2.780  -3.530
   8 C   -2.285  -2.780   0.555
   9 C   -0.000   1.364   0.526
  10 C    0.000  -1.364  -3.559
  11 C    0.000  -1.364  -0.526
  12 C   -0.000   1.364   3.559
  13 C   -4.778   1.248  -3.478
  14 C   -4.778  -1.248   0.607
  15 C   -4.778  -1.248   3.478
  16 C   -4.778   1.248  -0.607
 INFORMATION **** SET_MPP **** PCRYSTAL CALCULATION
 INFORMATION **** READM2 **** NEW DEFAULT: FOCK/KS MATRIX MIXING SET TO 30 %
 INFORMATION **** READM2 **** NEW DEFAULT: FULL DIRECT SCF MODE
 INFORMATION **** READM2 **** NEW DEFAULT: COULOMB BIPOLAR BUFFER SET TO 32 Mb
 INFORMATION **** READM2 **** NEW DEFAULT: EXCHANGE BIPOLAR BUFFER SET TO 32 Mb

 *******************************************************************************
 NEW DEFAULT: DFT INTEGRATION GRID INCREASED TO XLGRID
 NEW DEFAULT: DIIS ACCELERATOR ACTIVE
 USE KEYWORD NODIIS TO TURN IT OFF
 *******************************************************************************

 INFORMATION **** DFTD3_INPUT **** PERFORM LATEST DISPERSION CORRECTION DFT-D3(BJ) WITH AUTOMATIC PARAMETER SETUP
 PLEASE CITE:
 (1) DFT-D3 Reference
  S. Grimme, J. Antony, S. Ehrlich, and H. Krieg, J. Chem. Phys. 132 (2010), 154104
 (2) BJ-Damping Reference
  S. Grimme, S. Ehrlich, and L. Goerigk, J. Comput. Chem. 32 (2011), 1456-1465
 (3) General DFT-D Review
  S. Grimme, A. Hansen, J. G. Brandenburg, and C. Bannwarth,
  Chem. Rev. 116 (2016), 5105-5154

 INFORMATION **** TOLINTEG **** COULOMB AND EXCHANGE SERIES TOLERANCES MODIFIED
 INFORMATION **** TOLDEE **** SCF TOL ON TOTAL ENERGY SET TO           9
 INFORMATION **** READM2 **** FULL DIRECT SCF (MONO AND BIEL INT) SELECTED
 INFORMATION **** MAXCYCLE **** MAX NUMBER OF SCF CYCLES SET TO         800
 INFORMATION **** DIIS **** DIIS FOR SCF ACTIVE
 INFORMATION **** DIIS **** LEVEL SHIFTER DISABLED
 INFORMATION **** PPAN ****  MULLIKEN POPULATION ANALYSIS AT THE END OF SCF
 *******************************************************************************
 N. OF ATOMS PER CELL        16  COULOMB OVERLAP TOL         (T1) 10**   -8
 NUMBER OF SHELLS           128  COULOMB PENETRATION TOL     (T2) 10**   -8
 NUMBER OF AO               288  EXCHANGE OVERLAP TOL        (T3) 10**   -8
 N. OF ELECTRONS PER CELL    96  EXCHANGE PSEUDO OVP (F(G))  (T4) 10**   -9
 CORE ELECTRONS PER CELL     32  EXCHANGE PSEUDO OVP (P(G))  (T5) 10**  -24
 N. OF SYMMETRY OPERATORS     8  POLE ORDER IN MONO ZONE                  4
 *******************************************************************************
 TYPE OF CALCULATION :  UNRESTRICTED OPEN SHELL
 KOHN-SHAM HAMILTONIAN

 (EXCHANGE)[CORRELATION] FUNCTIONAL:(BECKE 88)[LEE-YANG-PARR]

 NON-LOCAL WEIGHTING FACTOR (EXCHANGE) =           0.9000
 NON-LOCAL WEIGHTING FACTOR [CORRELATION] =        0.8100

 HYBRID EXCHANGE - PERCENTAGE OF FOCK EXCHANGE    20.0000

 SPIN POLARIZED DFT SELECTED

 CAPPA:IS1 10;IS2 10;IS3 10; K PTS MONK NET 186; SYMMOPS:K SPACE   8;G SPACE   8

 *******************************************************************************
 MAX NUMBER OF SCF CYCLES     800  CONVERGENCE ON DELTAP        10**-19
 WEIGHT OF F(I) IN F(I+1)      30% CONVERGENCE ON ENERGY        10**- 9
 SHRINK. FACT.(MONKH.)   10 10 10  NUMBER OF K POINTS IN THE IBZ    186
 SHRINKING FACTOR(GILAT NET)   20  NUMBER OF K POINTS(GILAT NET)   1221
 *******************************************************************************
 *** K POINTS COORDINATES (OBLIQUE COORDINATES IN UNITS OF IS = 10)
   1-R(  0  0  0)   2-C(  1  0  0)   3-C(  2  0  0)   4-C(  3  0  0)
   5-C(  4  0  0)   6-R(  5  0  0)   7-C(  1  1  0)   8-C(  2  1  0)
   9-C(  3  1  0)  10-C(  4  1  0)  11-C(  5  1  0)  12-C(  6  1  0)
  13-C(  7  1  0)  14-C(  8  1  0)  15-C(  9  1  0)  16-C(  2  2  0)
  17-C(  3  2  0)  18-C(  4  2  0)  19-C(  5  2  0)  20-C(  6  2  0)
  21-C(  7  2  0)  22-C(  8  2  0)  23-C(  3  3  0)  24-C(  4  3  0)
  25-C(  5  3  0)  26-C(  6  3  0)  27-C(  7  3  0)  28-C(  4  4  0)
  29-C(  5  4  0)  30-C(  6  4  0)  31-R(  5  5  0)  32-C(  0  0  1)
  33-C(  1  0  1)  34-C(  2  0  1)  35-C(  3  0  1)  36-C(  4  0  1)
  37-C(  5  0  1)  38-C(  1  1  1)  39-C(  2  1  1)  40-C(  3  1  1)
  41-C(  4  1  1)  42-C(  5  1  1)  43-C(  6  1  1)  44-C(  7  1  1)
  45-C(  8  1  1)  46-C(  9  1  1)  47-C(  2  2  1)  48-C(  3  2  1)
  49-C(  4  2  1)  50-C(  5  2  1)  51-C(  6  2  1)  52-C(  7  2  1)
  53-C(  8  2  1)  54-C(  3  3  1)  55-C(  4  3  1)  56-C(  5  3  1)
  57-C(  6  3  1)  58-C(  7  3  1)  59-C(  4  4  1)  60-C(  5  4  1)
  61-C(  6  4  1)  62-C(  5  5  1)  63-C(  0  0  2)  64-C(  1  0  2)
  65-C(  2  0  2)  66-C(  3  0  2)  67-C(  4  0  2)  68-C(  5  0  2)
  69-C(  1  1  2)  70-C(  2  1  2)  71-C(  3  1  2)  72-C(  4  1  2)
  73-C(  5  1  2)  74-C(  6  1  2)  75-C(  7  1  2)  76-C(  8  1  2)
  77-C(  9  1  2)  78-C(  2  2  2)  79-C(  3  2  2)  80-C(  4  2  2)
  81-C(  5  2  2)  82-C(  6  2  2)  83-C(  7  2  2)  84-C(  8  2  2)
  85-C(  3  3  2)  86-C(  4  3  2)  87-C(  5  3  2)  88-C(  6  3  2)
  89-C(  7  3  2)  90-C(  4  4  2)  91-C(  5  4  2)  92-C(  6  4  2)
  93-C(  5  5  2)  94-C(  0  0  3)  95-C(  1  0  3)  96-C(  2  0  3)
  97-C(  3  0  3)  98-C(  4  0  3)  99-C(  5  0  3) 100-C(  1  1  3)
 101-C(  2  1  3) 102-C(  3  1  3) 103-C(  4  1  3) 104-C(  5  1  3)
 105-C(  6  1  3) 106-C(  7  1  3) 107-C(  8  1  3) 108-C(  9  1  3)
 109-C(  2  2  3) 110-C(  3  2  3) 111-C(  4  2  3) 112-C(  5  2  3)
 113-C(  6  2  3) 114-C(  7  2  3) 115-C(  8  2  3) 116-C(  3  3  3)
 117-C(  4  3  3) 118-C(  5  3  3) 119-C(  6  3  3) 120-C(  7  3  3)
 121-C(  4  4  3) 122-C(  5  4  3) 123-C(  6  4  3) 124-C(  5  5  3)
 125-C(  0  0  4) 126-C(  1  0  4) 127-C(  2  0  4) 128-C(  3  0  4)
 129-C(  4  0  4) 130-C(  5  0  4) 131-C(  1  1  4) 132-C(  2  1  4)
 133-C(  3  1  4) 134-C(  4  1  4) 135-C(  5  1  4) 136-C(  6  1  4)
 137-C(  7  1  4) 138-C(  8  1  4) 139-C(  9  1  4) 140-C(  2  2  4)
 141-C(  3  2  4) 142-C(  4  2  4) 143-C(  5  2  4) 144-C(  6  2  4)
 145-C(  7  2  4) 146-C(  8  2  4) 147-C(  3  3  4) 148-C(  4  3  4)
 149-C(  5  3  4) 150-C(  6  3  4) 151-C(  7  3  4) 152-C(  4  4  4)
 153-C(  5  4  4) 154-C(  6  4  4) 155-C(  5  5  4) 156-R(  0  0  5)
 157-C(  1  0  5) 158-C(  2  0  5) 159-C(  3  0  5) 160-C(  4  0  5)
 161-R(  5  0  5) 162-C(  1  1  5) 163-C(  2  1  5) 164-C(  3  1  5)
 165-C(  4  1  5) 166-C(  5  1  5) 167-C(  6  1  5) 168-C(  7  1  5)
 169-C(  8  1  5) 170-C(  9  1  5) 171-C(  2  2  5) 172-C(  3  2  5)
 173-C(  4  2  5) 174-C(  5  2  5) 175-C(  6  2  5) 176-C(  7  2  5)
 177-C(  8  2  5) 178-C(  3  3  5) 179-C(  4  3  5) 180-C(  5  3  5)
 181-C(  6  3  5) 182-C(  7  3  5) 183-C(  4  4  5) 184-C(  5  4  5)
 185-C(  6  4  5) 186-R(  5  5  5)

 DIRECT LATTICE VECTORS COMPON. (A.U.)     RECIP. LATTICE VECTORS COMPON. (A.U.) 
        X            Y            Z              X            Y            Z
    4.7781196    8.1735864    0.0000000      0.6574956    0.3843591    0.0000000
   -4.7781196    8.1735864    0.0000000     -0.6574956    0.3843591    0.0000000
    0.0000000    0.0000000    8.1698749      0.0000000    0.0000000    0.7690675

 DISK SPACE FOR EIGENVECTORS (FTN 10)    30357504 REALS

 SYMMETRY ADAPTION OF THE BLOCH FUNCTIONS ENABLED
 TTTTTTTTTTTTTTTTTTTTTTTTTTTTTT gordsh1     TELAPSE        2.71 TCPU        1.12

 MATRIX SIZE: P(G) 1830908, F(G)  208120, P(G) IRR  128330, F(G) IRR   29986
 MAX G-VECTOR INDEX FOR 1- AND 2-ELECTRON INTEGRALS 297

 TTTTTTTTTTTTTTTTTTTTTTTTTTTTTT INPUT       TELAPSE        2.72 TCPU        1.13

 NEIGHBORS OF THE NON-EQUIVALENT ATOMS

 N = NUMBER OF NEIGHBORS AT DISTANCE R
    ATOM  N     R/ANG      R/AU   NEIGHBORS (ATOM LABELS AND CELL INDICES)
   1 C    1     1.5067     2.8473    5 C    0 1-1
   1 C    1     1.5331     2.8972   12 C    0 0-1
   1 C    1     1.5487     2.9266   13 C    0 0 0
   1 C    1     1.5744     2.9752    6 C    0 0 0
   1 C    1     2.1886     4.1359   16 C    0 0 0
   1 C    1     2.4183     4.5699    7 C    0 0 0

   9 C    2     1.5331     2.8972    4 C    0 0 0    6 C    0 0 0
   9 C    1     1.5468     2.9231   11 C    0 0 0
   9 C    1     1.6055     3.0339   12 C    0 0 0
   9 C    2     2.5041     4.7320    2 C    0 0 0    8 C    0 0 0
   9 C    2     2.5077     4.7389    2 C    0 1 0    8 C    1 0 0
   9 C    2     2.5748     4.8656    1 C    0 0 0    7 C    0 0 0

  13 C    1     1.4689     2.7759   15 C    0 0-1
  13 C    1     1.5191     2.8707   16 C    0 0 0
  13 C    2     1.5487     2.9266    1 C    0 0 0    7 C   -1 1 0
  13 C    2     2.1886     4.1359    4 C   -1 1 0    6 C    0 0 0
  13 C    2     2.5333     4.7873   14 C    0 0 0   14 C    0 0-1
  13 C    2     2.5793     4.8741    3 C    0 1-1    5 C    0 1-1


 SYMMETRY ALLOWED INTERNAL DEGREE(S) OF FREEDOM:   7
 TTTTTTTTTTTTTTTTTTTTTTTTTTTTTT SYMM        TELAPSE        2.79 TCPU        1.17
 TTTTTTTTTTTTTTTTTTTTTTTTTTTTTT INT_SCREEN  TELAPSE        2.79 TCPU        1.18

 DFT PARAMETERS

     ATOM       ELECTRONS   NET CHARGE   R(ANGSTROM)
   1   6  C       6.0000      0.0000     0.77000000

 SIZE OF GRID=      53380
 TTTTTTTTTTTTTTTTTTTTTTTTTTTTTT MAKE_GRID2  TELAPSE        3.15 TCPU        1.54
 BECKE WEIGHT FUNCTION
 RADSAFE =     2.00
 TOLERANCES - DENSITY:10**- 6; POTENTIAL:10**- 9; GRID WGT:10**-14

 RADIAL INTEGRATION  - INTERVALS (POINTS,UPPER LIMIT):            1( 75,  4.0*R)

 ANGULAR INTEGRATION - INTERVALS (ACCURACY LEVEL [N. POINTS] UPPER LIMIT):
  1(  4[  86]   0.2)  2(  8[ 194]   0.5)  3( 12[ 350]   0.9)  4( 16[ 974]   3.5)
  5( 12[ 350]9999.0)
 TTTTTTTTTTTTTTTTTTTTTTTTTTTTTT INT_CALC    TELAPSE        3.17 TCPU        1.55
 EEEEEEEEEE INT_CALC TERMINATION  DATE 24 01 2026 TIME 21:06:40.6

 *******************************************************************************
 ./4^3T157-CA_SCF_opt_rev1_sp_B3LYP-D3-D3_optimized                              
 CRYSTAL - SCF - TYPE OF CALCULATION :  UNRESTRICTED OPEN SHELL
 *******************************************************************************

 CAPPA:IS1 10;IS2 10;IS3 10; K PTS MONK NET 186; SYMMOPS:K SPACE   8;G SPACE   8

 TTTTTTTTTTTTTTTTTTTTTTTTTTTTTT SDIK        TELAPSE        3.37 TCPU        1.75

 AAAAAAAAAAAAAAAAAAAAAAAAAAAAAAAAAAAAAAAAAAAAAAAAAAAAAAAAAAAAAAAAAAAAAAAAAAAAAAA
         ATOMIC WAVEFUNCTION(S)


 NUCLEAR CHARGE  6.0  SYMMETRY SPECIES            S    P
 N. ELECTRONS    6.0  NUMBER OF PRIMITIVE GTOS   10    6
                      NUMBER OF CONTRACTED GTOS   4    3
                      NUMBER OF CLOSED SHELLS     2    0
                      OPEN SHELL OCCUPATION       0    2

  ZNUC  SCFIT    TOTAL HF ENERGY   KINETIC ENERGY   VIRIAL THEOREM ACCURACY
   6.0    10    -3.766702350E+01  3.783137943E+01 -1.995655566E+00  1.6E-06

 AAAAAAAAAAAAAAAAAAAAAAAAAAAAAAAAAAAAAAAAAAAAAAAAAAAAAAAAAAAAAAAAAAAAAAAAAAAAAAA

 CHARGE NORMALIZATION FACTOR   1.00000000
 TOTAL ATOMIC CHARGES:
   6.0000000   6.0000000   6.0000000   6.0000000   6.0000000   6.0000000
   6.0000000   6.0000000   6.0000000   6.0000000   6.0000000   6.0000000
   6.0000000   6.0000000   6.0000000   6.0000000
 SUMMED SPIN DENSITY           0.00000000
 TOTAL ATOMIC SPINS  :
   0.0000000   0.0000000   0.0000000   0.0000000   0.0000000   0.0000000
   0.0000000   0.0000000   0.0000000   0.0000000   0.0000000   0.0000000
   0.0000000   0.0000000   0.0000000   0.0000000
 TTTTTTTTTTTTTTTTTTTTTTTTTTTTTT MOQGAD      TELAPSE        3.38 TCPU        1.76
 TTTTTTTTTTTTTTTTTTTTTTTTTTTTTT SHELLXN     TELAPSE       37.26 TCPU       35.63
 TTTTTTTTTTTTTTTTTTTTTTTTTTTTTT MONMO3      TELAPSE       37.30 TCPU       35.67
 NUMERICALLY INTEGRATED DENSITY     48.0000934335     48.0000934335
 TTTTTTTTTTTTTTTTTTTTTTTTTTTTTT NUMDFT      TELAPSE       37.85 TCPU       36.22
 CYC   0 ETOT(AU) -6.146815314865E+02 DETOT -6.15E+02 tst  0.00E+00 PX  1.00E+00
 TTTTTTTTTTTTTTTTTTTTTTTTTTTTTT DIIS        TELAPSE       37.92 TCPU       36.29
 TTTTTTTTTTTTTTTTTTTTTTTTTTTTTT FDIK        TELAPSE       40.30 TCPU       38.66

    ALPHA      ELECTRONS
 INSULATING STATE
 TOP OF VALENCE BANDS -    BAND     48; K    1; EIG -1.8900010E-01 AU
 BOTTOM OF VIRTUAL BANDS - BAND     49; K   30; EIG -2.3269692E-02 AU
 INDIRECT ENERGY BAND GAP:   4.5098 eV
 BOTTOM OF VIRTUAL BANDS - BAND     49; K    1; EIG -1.3362111E-02 AU

    BETA       ELECTRONS
 INSULATING STATE
 TOP OF VALENCE BANDS -    BAND     48; K    1; EIG -1.8900010E-01 AU
 BOTTOM OF VIRTUAL BANDS - BAND     49; K   30; EIG -2.3269692E-02 AU
 INDIRECT ENERGY BAND GAP:   4.5098 eV
 BOTTOM OF VIRTUAL BANDS - BAND     49; K    1; EIG -1.3362111E-02 AU
 TTTTTTTTTTTTTTTTTTTTTTTTTTTTTT PDIG        TELAPSE       40.52 TCPU       38.88
 CHARGE NORMALIZATION FACTOR   1.00000000
 TOTAL ATOMIC CHARGES:
   6.0020836   6.0020836   6.0020836   6.0020836   6.0020836   6.0020836
   6.0020836   6.0020836   5.9714817   5.9714817   5.9714817   5.9714817
   6.0243511   6.0243511   6.0243511   6.0243511
 SUMMED SPIN DENSITY           0.00000000
 TOTAL ATOMIC SPINS  :
   0.0000000   0.0000000   0.0000000   0.0000000   0.0000000   0.0000000
   0.0000000   0.0000000   0.0000000   0.0000000   0.0000000   0.0000000
  -0.0000000  -0.0000000  -0.0000000  -0.0000000
 TTTTTTTTTTTTTTTTTTTTTTTTTTTTTT MOQGAD      TELAPSE       40.53 TCPU       38.89
 TTTTTTTTTTTTTTTTTTTTTTTTTTTTTT SHELLXN     TELAPSE       75.76 TCPU       74.11
 TTTTTTTTTTTTTTTTTTTTTTTTTTTTTT MONMO3      TELAPSE       75.80 TCPU       74.15
 NUMERICALLY INTEGRATED DENSITY     48.0000496147     48.0000496147
 TTTTTTTTTTTTTTTTTTTTTTTTTTTTTT NUMDFT      TELAPSE       76.31 TCPU       74.66
 CYC   1 ETOT(AU) -6.093689151549E+02 DETOT  5.31E+00 tst  0.00E+00 PX  1.00E+00
 TTTTTTTTTTTTTTTTTTTTTTTTTTTTTT DIIS        TELAPSE       76.38 TCPU       74.73
 DIIS TEST: 0.18738E+00 AT SCF   CYCLE   1 - MIX   30 %
 TTTTTTTTTTTTTTTTTTTTTTTTTTTTTT FDIK        TELAPSE       77.51 TCPU       75.85

    ALPHA      ELECTRONS
 INSULATING STATE
 TOP OF VALENCE BANDS -    BAND     48; K    1; EIG -1.1474766E-01 AU
 BOTTOM OF VIRTUAL BANDS - BAND     49; K   30; EIG  6.4492657E-02 AU
 INDIRECT ENERGY BAND GAP:   4.8774 eV
 BOTTOM OF VIRTUAL BANDS - BAND     49; K    1; EIG  8.6785414E-02 AU

    BETA       ELECTRONS
 INSULATING STATE
 TOP OF VALENCE BANDS -    BAND     48; K    1; EIG -1.1474766E-01 AU
 BOTTOM OF VIRTUAL BANDS - BAND     49; K   30; EIG  6.4492657E-02 AU
 INDIRECT ENERGY BAND GAP:   4.8774 eV
 BOTTOM OF VIRTUAL BANDS - BAND     49; K    1; EIG  8.6785414E-02 AU
 TTTTTTTTTTTTTTTTTTTTTTTTTTTTTT PDIG        TELAPSE       77.74 TCPU       76.08
 CHARGE NORMALIZATION FACTOR   1.00000000
 TOTAL ATOMIC CHARGES:
   6.0022781   6.0022781   6.0022781   6.0022781   6.0022781   6.0022781
   6.0022781   6.0022781   6.0228317   6.0228317   6.0228317   6.0228317
   5.9726121   5.9726121   5.9726121   5.9726121
 SUMMED SPIN DENSITY          -0.00000000
 TOTAL ATOMIC SPINS  :
   0.0000000   0.0000000   0.0000000   0.0000000   0.0000000   0.0000000
   0.0000000   0.0000000  -0.0000000  -0.0000000  -0.0000000  -0.0000000
  -0.0000000  -0.0000000  -0.0000000  -0.0000000
 TTTTTTTTTTTTTTTTTTTTTTTTTTTTTT MOQGAD      TELAPSE       77.75 TCPU       76.09
 TTTTTTTTTTTTTTTTTTTTTTTTTTTTTT SHELLXN     TELAPSE      113.00 TCPU      111.30
 TTTTTTTTTTTTTTTTTTTTTTTTTTTTTT MONMO3      TELAPSE      113.04 TCPU      111.34
 NUMERICALLY INTEGRATED DENSITY     48.0000528437     48.0000528437
 TTTTTTTTTTTTTTTTTTTTTTTTTTTTTT NUMDFT      TELAPSE      113.55 TCPU      111.86
 CYC   2 ETOT(AU) -6.093970578500E+02 DETOT -2.81E-02 tst  2.33E-04 PX  7.88E-02
 TTTTTTTTTTTTTTTTTTTTTTTTTTTTTT DIIS        TELAPSE      114.12 TCPU      112.36
 DIIS TEST: 0.28845E-01 AT SCF   CYCLE   2 - DIIS ACTIVE - HISTORY:     2 CYCLES
 TTTTTTTTTTTTTTTTTTTTTTTTTTTTTT FDIK        TELAPSE      115.19 TCPU      113.24

    ALPHA      ELECTRONS
 INSULATING STATE
 TOP OF VALENCE BANDS -    BAND     48; K    1; EIG -9.1873343E-02 AU
 BOTTOM OF VIRTUAL BANDS - BAND     49; K   30; EIG  9.8540660E-02 AU
 INDIRECT ENERGY BAND GAP:   5.1814 eV
 BOTTOM OF VIRTUAL BANDS - BAND     49; K    1; EIG  1.2328046E-01 AU

    BETA       ELECTRONS
 INSULATING STATE
 TOP OF VALENCE BANDS -    BAND     48; K    1; EIG -9.1873343E-02 AU
 BOTTOM OF VIRTUAL BANDS - BAND     49; K   30; EIG  9.8540660E-02 AU
 INDIRECT ENERGY BAND GAP:   5.1814 eV
 BOTTOM OF VIRTUAL BANDS - BAND     49; K    1; EIG  1.2328046E-01 AU
 TTTTTTTTTTTTTTTTTTTTTTTTTTTTTT PDIG        TELAPSE      115.45 TCPU      113.49
 CHARGE NORMALIZATION FACTOR   1.00000000
 TOTAL ATOMIC CHARGES:
   5.9956455   5.9956455   5.9956455   5.9956455   5.9956455   5.9956455
   5.9956455   5.9956455   5.9950417   5.9950417   5.9950417   5.9950417
   6.0136673   6.0136673   6.0136673   6.0136673
 SUMMED SPIN DENSITY           0.00000000
 TOTAL ATOMIC SPINS  :
   0.0000000   0.0000000   0.0000000   0.0000000   0.0000000   0.0000000
   0.0000000   0.0000000  -0.0000000  -0.0000000  -0.0000000  -0.0000000
  -0.0000000  -0.0000000  -0.0000000  -0.0000000
 TTTTTTTTTTTTTTTTTTTTTTTTTTTTTT MOQGAD      TELAPSE      115.46 TCPU      113.50
 TTTTTTTTTTTTTTTTTTTTTTTTTTTTTT SHELLXN     TELAPSE      150.71 TCPU      148.74
 TTTTTTTTTTTTTTTTTTTTTTTTTTTTTT MONMO3      TELAPSE      150.74 TCPU      148.77
 NUMERICALLY INTEGRATED DENSITY     48.0000533905     48.0000533905
 TTTTTTTTTTTTTTTTTTTTTTTTTTTTTT NUMDFT      TELAPSE      151.26 TCPU      149.29
 CYC   3 ETOT(AU) -6.093987819973E+02 DETOT -1.72E-03 tst  6.51E-05 PX  2.75E-02
 TTTTTTTTTTTTTTTTTTTTTTTTTTTTTT DIIS        TELAPSE      151.37 TCPU      149.40
 DIIS TEST: 0.12441E-01 AT SCF   CYCLE   3 - DIIS ACTIVE - HISTORY:     3 CYCLES
 TTTTTTTTTTTTTTTTTTTTTTTTTTTTTT FDIK        TELAPSE      152.40 TCPU      150.38

    ALPHA      ELECTRONS
 INSULATING STATE
 TOP OF VALENCE BANDS -    BAND     48; K    1; EIG -9.4477911E-02 AU
 BOTTOM OF VIRTUAL BANDS - BAND     49; K   30; EIG  9.7437963E-02 AU
 INDIRECT ENERGY BAND GAP:   5.2223 eV
 BOTTOM OF VIRTUAL BANDS - BAND     49; K    1; EIG  1.2211753E-01 AU

    BETA       ELECTRONS
 INSULATING STATE
 TOP OF VALENCE BANDS -    BAND     48; K    1; EIG -9.4477911E-02 AU
 BOTTOM OF VIRTUAL BANDS - BAND     49; K   30; EIG  9.7437963E-02 AU
 INDIRECT ENERGY BAND GAP:   5.2223 eV
 BOTTOM OF VIRTUAL BANDS - BAND     49; K    1; EIG  1.2211753E-01 AU
 TTTTTTTTTTTTTTTTTTTTTTTTTTTTTT PDIG        TELAPSE      152.79 TCPU      150.77
 CHARGE NORMALIZATION FACTOR   1.00000000
 TOTAL ATOMIC CHARGES:
   5.9982554   5.9982554   5.9982554   5.9982554   5.9982554   5.9982554
   5.9982554   5.9982554   6.0126168   6.0126168   6.0126168   6.0126168
   5.9908723   5.9908723   5.9908723   5.9908723
 SUMMED SPIN DENSITY          -0.00000000
 TOTAL ATOMIC SPINS  :
  -0.0000000  -0.0000000  -0.0000000  -0.0000000  -0.0000000  -0.0000000
  -0.0000000  -0.0000000   0.0000000   0.0000000   0.0000000   0.0000000
   0.0000000   0.0000000   0.0000000   0.0000000
 TTTTTTTTTTTTTTTTTTTTTTTTTTTTTT MOQGAD      TELAPSE      152.79 TCPU      150.77
 TTTTTTTTTTTTTTTTTTTTTTTTTTTTTT SHELLXN     TELAPSE      188.04 TCPU      186.00
 TTTTTTTTTTTTTTTTTTTTTTTTTTTTTT MONMO3      TELAPSE      188.07 TCPU      186.04
 NUMERICALLY INTEGRATED DENSITY     48.0000531329     48.0000531329
 TTTTTTTTTTTTTTTTTTTTTTTTTTTTTT NUMDFT      TELAPSE      188.58 TCPU      186.55
 CYC   4 ETOT(AU) -6.093995653129E+02 DETOT -7.83E-04 tst  1.42E-05 PX  7.47E-03
 TTTTTTTTTTTTTTTTTTTTTTTTTTTTTT DIIS        TELAPSE      188.67 TCPU      186.61
 DIIS TEST: 0.33653E-03 AT SCF   CYCLE   4 - DIIS ACTIVE - HISTORY:     4 CYCLES
 TTTTTTTTTTTTTTTTTTTTTTTTTTTTTT FDIK        TELAPSE      189.62 TCPU      187.51

    ALPHA      ELECTRONS
 INSULATING STATE
 TOP OF VALENCE BANDS -    BAND     48; K    1; EIG -9.4390854E-02 AU
 BOTTOM OF VIRTUAL BANDS - BAND     49; K   30; EIG  9.7535557E-02 AU
 INDIRECT ENERGY BAND GAP:   5.2226 eV
 BOTTOM OF VIRTUAL BANDS - BAND     49; K    1; EIG  1.2237569E-01 AU

    BETA       ELECTRONS
 INSULATING STATE
 TOP OF VALENCE BANDS -    BAND     48; K    1; EIG -9.4390854E-02 AU
 BOTTOM OF VIRTUAL BANDS - BAND     49; K   30; EIG  9.7535557E-02 AU
 INDIRECT ENERGY BAND GAP:   5.2226 eV
 BOTTOM OF VIRTUAL BANDS - BAND     49; K    1; EIG  1.2237569E-01 AU
 TTTTTTTTTTTTTTTTTTTTTTTTTTTTTT PDIG        TELAPSE      189.85 TCPU      187.73
 CHARGE NORMALIZATION FACTOR   1.00000000
 TOTAL ATOMIC CHARGES:
   5.9971515   5.9971515   5.9971515   5.9971515   5.9971515   5.9971515
   5.9971515   5.9971515   6.0108843   6.0108843   6.0108843   6.0108843
   5.9948127   5.9948127   5.9948127   5.9948127
 SUMMED SPIN DENSITY          -0.00000000
 TOTAL ATOMIC SPINS  :
  -0.0000000  -0.0000000  -0.0000000  -0.0000000  -0.0000000  -0.0000000
  -0.0000000  -0.0000000  -0.0000000  -0.0000000  -0.0000000  -0.0000000
   0.0000000   0.0000000   0.0000000   0.0000000
 TTTTTTTTTTTTTTTTTTTTTTTTTTTTTT MOQGAD      TELAPSE      189.86 TCPU      187.74
 TTTTTTTTTTTTTTTTTTTTTTTTTTTTTT SHELLXN     TELAPSE      225.08 TCPU      222.95
 TTTTTTTTTTTTTTTTTTTTTTTTTTTTTT MONMO3      TELAPSE      225.12 TCPU      222.99
 NUMERICALLY INTEGRATED DENSITY     48.0000531767     48.0000531767
 TTTTTTTTTTTTTTTTTTTTTTTTTTTTTT NUMDFT      TELAPSE      225.64 TCPU      223.50
 CYC   5 ETOT(AU) -6.093995938033E+02 DETOT -2.85E-05 tst  4.87E-07 PX  9.87E-04
 TTTTTTTTTTTTTTTTTTTTTTTTTTTTTT DIIS        TELAPSE      225.71 TCPU      223.57
 DIIS TEST: 0.35268E-04 AT SCF   CYCLE   5 - DIIS ACTIVE - HISTORY:     5 CYCLES
 TTTTTTTTTTTTTTTTTTTTTTTTTTTTTT FDIK        TELAPSE      226.75 TCPU      224.36

    ALPHA      ELECTRONS
 INSULATING STATE
 TOP OF VALENCE BANDS -    BAND     48; K    1; EIG -9.4480586E-02 AU
 BOTTOM OF VIRTUAL BANDS - BAND     49; K   30; EIG  9.7445482E-02 AU
 INDIRECT ENERGY BAND GAP:   5.2226 eV
 BOTTOM OF VIRTUAL BANDS - BAND     49; K    1; EIG  1.2226022E-01 AU

    BETA       ELECTRONS
 INSULATING STATE
 TOP OF VALENCE BANDS -    BAND     48; K    1; EIG -9.4480586E-02 AU
 BOTTOM OF VIRTUAL BANDS - BAND     49; K   30; EIG  9.7445482E-02 AU
 INDIRECT ENERGY BAND GAP:   5.2226 eV
 BOTTOM OF VIRTUAL BANDS - BAND     49; K    1; EIG  1.2226022E-01 AU
 TTTTTTTTTTTTTTTTTTTTTTTTTTTTTT PDIG        TELAPSE      227.04 TCPU      224.65
 CHARGE NORMALIZATION FACTOR   1.00000000
 TOTAL ATOMIC CHARGES:
   5.9979157   5.9979157   5.9979157   5.9979157   5.9979157   5.9979157
   5.9979157   5.9979157   6.0102576   6.0102576   6.0102576   6.0102576
   5.9939111   5.9939111   5.9939111   5.9939111
 SUMMED SPIN DENSITY           0.00000000
 TOTAL ATOMIC SPINS  :
  -0.0000000  -0.0000000  -0.0000000  -0.0000000  -0.0000000  -0.0000000
  -0.0000000  -0.0000000  -0.0000000  -0.0000000  -0.0000000  -0.0000000
   0.0000000   0.0000000   0.0000000   0.0000000
 TTTTTTTTTTTTTTTTTTTTTTTTTTTTTT MOQGAD      TELAPSE      227.04 TCPU      224.66
 TTTTTTTTTTTTTTTTTTTTTTTTTTTTTT SHELLXN     TELAPSE      262.28 TCPU      259.87
 TTTTTTTTTTTTTTTTTTTTTTTTTTTTTT MONMO3      TELAPSE      262.32 TCPU      259.90
 NUMERICALLY INTEGRATED DENSITY     48.0000531754     48.0000531754
 TTTTTTTTTTTTTTTTTTTTTTTTTTTTTT NUMDFT      TELAPSE      262.84 TCPU      260.42
 CYC   6 ETOT(AU) -6.093995946474E+02 DETOT -8.44E-07 tst  3.63E-08 PX  2.88E-04
 TTTTTTTTTTTTTTTTTTTTTTTTTTTTTT DIIS        TELAPSE      262.91 TCPU      260.49
 DIIS TEST: 0.89032E-05 AT SCF   CYCLE   6 - DIIS ACTIVE - HISTORY:     6 CYCLES
 TTTTTTTTTTTTTTTTTTTTTTTTTTTTTT FDIK        TELAPSE      264.07 TCPU      261.53

    ALPHA      ELECTRONS
 INSULATING STATE
 TOP OF VALENCE BANDS -    BAND     48; K    1; EIG -9.4505887E-02 AU
 BOTTOM OF VIRTUAL BANDS - BAND     49; K   30; EIG  9.7409034E-02 AU
 INDIRECT ENERGY BAND GAP:   5.2223 eV
 BOTTOM OF VIRTUAL BANDS - BAND     49; K    1; EIG  1.2223728E-01 AU

    BETA       ELECTRONS
 INSULATING STATE
 TOP OF VALENCE BANDS -    BAND     48; K    1; EIG -9.4505887E-02 AU
 BOTTOM OF VIRTUAL BANDS - BAND     49; K   30; EIG  9.7409034E-02 AU
 INDIRECT ENERGY BAND GAP:   5.2223 eV
 BOTTOM OF VIRTUAL BANDS - BAND     49; K    1; EIG  1.2223728E-01 AU
 TTTTTTTTTTTTTTTTTTTTTTTTTTTTTT PDIG        TELAPSE      264.30 TCPU      261.75
 CHARGE NORMALIZATION FACTOR   1.00000000
 TOTAL ATOMIC CHARGES:
   5.9975647   5.9975647   5.9975647   5.9975647   5.9975647   5.9975647
   5.9975647   5.9975647   6.0107254   6.0107254   6.0107254   6.0107254
   5.9941453   5.9941453   5.9941453   5.9941453
 SUMMED SPIN DENSITY           0.00000000
 TOTAL ATOMIC SPINS  :
   0.0000000   0.0000000   0.0000000   0.0000000   0.0000000   0.0000000
   0.0000000   0.0000000  -0.0000000  -0.0000000  -0.0000000  -0.0000000
   0.0000000   0.0000000   0.0000000   0.0000000
 TTTTTTTTTTTTTTTTTTTTTTTTTTTTTT MOQGAD      TELAPSE      264.31 TCPU      261.76
 TTTTTTTTTTTTTTTTTTTTTTTTTTTTTT SHELLXN     TELAPSE      299.55 TCPU      296.98
 TTTTTTTTTTTTTTTTTTTTTTTTTTTTTT MONMO3      TELAPSE      299.59 TCPU      297.02
 NUMERICALLY INTEGRATED DENSITY     48.0000531804     48.0000531804
 TTTTTTTTTTTTTTTTTTTTTTTTTTTTTT NUMDFT      TELAPSE      300.10 TCPU      297.53
 CYC   7 ETOT(AU) -6.093995951353E+02 DETOT -4.88E-07 tst  7.87E-09 PX  1.01E-04
 TTTTTTTTTTTTTTTTTTTTTTTTTTTTTT DIIS        TELAPSE      300.17 TCPU      297.60
 DIIS TEST: 0.22600E-06 AT SCF   CYCLE   7 - DIIS ACTIVE - HISTORY:     7 CYCLES
 TTTTTTTTTTTTTTTTTTTTTTTTTTTTTT FDIK        TELAPSE      301.12 TCPU      298.54

    ALPHA      ELECTRONS
 INSULATING STATE
 TOP OF VALENCE BANDS -    BAND     48; K    1; EIG -9.4525863E-02 AU
 BOTTOM OF VIRTUAL BANDS - BAND     49; K   30; EIG  9.7387400E-02 AU
 INDIRECT ENERGY BAND GAP:   5.2222 eV
 BOTTOM OF VIRTUAL BANDS - BAND     49; K    1; EIG  1.2221835E-01 AU

    BETA       ELECTRONS
 INSULATING STATE
 TOP OF VALENCE BANDS -    BAND     48; K    1; EIG -9.4525863E-02 AU
 BOTTOM OF VIRTUAL BANDS - BAND     49; K   30; EIG  9.7387400E-02 AU
 INDIRECT ENERGY BAND GAP:   5.2222 eV
 BOTTOM OF VIRTUAL BANDS - BAND     49; K    1; EIG  1.2221835E-01 AU
 TTTTTTTTTTTTTTTTTTTTTTTTTTTTTT PDIG        TELAPSE      301.35 TCPU      298.77
 CHARGE NORMALIZATION FACTOR   1.00000000
 TOTAL ATOMIC CHARGES:
   5.9975944   5.9975944   5.9975944   5.9975944   5.9975944   5.9975944
   5.9975944   5.9975944   6.0106825   6.0106825   6.0106825   6.0106825
   5.9941288   5.9941288   5.9941288   5.9941288
 SUMMED SPIN DENSITY           0.00000000
 TOTAL ATOMIC SPINS  :
  -0.0000000  -0.0000000  -0.0000000  -0.0000000  -0.0000000  -0.0000000
  -0.0000000  -0.0000000  -0.0000000  -0.0000000  -0.0000000  -0.0000000
   0.0000000   0.0000000   0.0000000   0.0000000
 TTTTTTTTTTTTTTTTTTTTTTTTTTTTTT MOQGAD      TELAPSE      301.36 TCPU      298.77
 TTTTTTTTTTTTTTTTTTTTTTTTTTTTTT SHELLXN     TELAPSE      336.56 TCPU      333.97
 TTTTTTTTTTTTTTTTTTTTTTTTTTTTTT MONMO3      TELAPSE      336.60 TCPU      334.00
 NUMERICALLY INTEGRATED DENSITY     48.0000531796     48.0000531796
 TTTTTTTTTTTTTTTTTTTTTTTTTTTTTT NUMDFT      TELAPSE      337.12 TCPU      334.52
 CYC   8 ETOT(AU) -6.093995951210E+02 DETOT  1.42E-08 tst  1.52E-10 PX  1.53E-05
 TTTTTTTTTTTTTTTTTTTTTTTTTTTTTT DIIS        TELAPSE      337.19 TCPU      334.59
 DIIS TEST: 0.47691E-08 AT SCF   CYCLE   8 - DIIS ACTIVE - HISTORY:     8 CYCLES
 TTTTTTTTTTTTTTTTTTTTTTTTTTTTTT FDIK        TELAPSE      338.13 TCPU      335.51

    ALPHA      ELECTRONS
 INSULATING STATE
 TOP OF VALENCE BANDS -    BAND     48; K    1; EIG -9.4528252E-02 AU
 BOTTOM OF VIRTUAL BANDS - BAND     49; K   30; EIG  9.7386055E-02 AU
 INDIRECT ENERGY BAND GAP:   5.2223 eV
 BOTTOM OF VIRTUAL BANDS - BAND     49; K    1; EIG  1.2221622E-01 AU

    BETA       ELECTRONS
 INSULATING STATE
 TOP OF VALENCE BANDS -    BAND     48; K    1; EIG -9.4528252E-02 AU
 BOTTOM OF VIRTUAL BANDS - BAND     49; K   30; EIG  9.7386055E-02 AU
 INDIRECT ENERGY BAND GAP:   5.2223 eV
 BOTTOM OF VIRTUAL BANDS - BAND     49; K    1; EIG  1.2221622E-01 AU
 TTTTTTTTTTTTTTTTTTTTTTTTTTTTTT PDIG        TELAPSE      338.36 TCPU      335.74
 CHARGE NORMALIZATION FACTOR   1.00000000
 TOTAL ATOMIC CHARGES:
   5.9975991   5.9975991   5.9975991   5.9975991   5.9975991   5.9975991
   5.9975991   5.9975991   6.0106745   6.0106745   6.0106745   6.0106745
   5.9941273   5.9941273   5.9941273   5.9941273
 SUMMED SPIN DENSITY           0.00000000
 TOTAL ATOMIC SPINS  :
  -0.0000000  -0.0000000  -0.0000000  -0.0000000  -0.0000000  -0.0000000
  -0.0000000  -0.0000000   0.0000000   0.0000000   0.0000000   0.0000000
   0.0000000   0.0000000   0.0000000   0.0000000
 TTTTTTTTTTTTTTTTTTTTTTTTTTTTTT MOQGAD      TELAPSE      338.37 TCPU      335.75
 TTTTTTTTTTTTTTTTTTTTTTTTTTTTTT SHELLXN     TELAPSE      373.60 TCPU      370.96
 TTTTTTTTTTTTTTTTTTTTTTTTTTTTTT MONMO3      TELAPSE      373.63 TCPU      371.00
 NUMERICALLY INTEGRATED DENSITY     48.0000531797     48.0000531797
 TTTTTTTTTTTTTTTTTTTTTTTTTTTTTT NUMDFT      TELAPSE      374.15 TCPU      371.51
 CYC   9 ETOT(AU) -6.093995951292E+02 DETOT -8.11E-09 tst  2.42E-12 PX  3.56E-06
 TTTTTTTTTTTTTTTTTTTTTTTTTTTTTT DIIS        TELAPSE      374.22 TCPU      371.58
 DIIS TEST: 0.13882E-09 AT SCF   CYCLE   9 - DIIS ACTIVE - HISTORY:     9 CYCLES
 TTTTTTTTTTTTTTTTTTTTTTTTTTTTTT FDIK        TELAPSE      375.05 TCPU      372.39

    ALPHA      ELECTRONS
 INSULATING STATE
 TOP OF VALENCE BANDS -    BAND     48; K    1; EIG -9.4528716E-02 AU
 BOTTOM OF VIRTUAL BANDS - BAND     49; K   30; EIG  9.7385592E-02 AU
 INDIRECT ENERGY BAND GAP:   5.2223 eV
 BOTTOM OF VIRTUAL BANDS - BAND     49; K    1; EIG  1.2221581E-01 AU

    BETA       ELECTRONS
 INSULATING STATE
 TOP OF VALENCE BANDS -    BAND     48; K    1; EIG -9.4528716E-02 AU
 BOTTOM OF VIRTUAL BANDS - BAND     49; K   30; EIG  9.7385592E-02 AU
 INDIRECT ENERGY BAND GAP:   5.2223 eV
 BOTTOM OF VIRTUAL BANDS - BAND     49; K    1; EIG  1.2221581E-01 AU
 TTTTTTTTTTTTTTTTTTTTTTTTTTTTTT PDIG        TELAPSE      375.28 TCPU      372.62
 CHARGE NORMALIZATION FACTOR   1.00000000
 TOTAL ATOMIC CHARGES:
   5.9975982   5.9975982   5.9975982   5.9975982   5.9975982   5.9975982
   5.9975982   5.9975982   6.0106756   6.0106756   6.0106756   6.0106756
   5.9941280   5.9941280   5.9941280   5.9941280
 SUMMED SPIN DENSITY          -0.00000000
 TOTAL ATOMIC SPINS  :
  -0.0000000  -0.0000000  -0.0000000  -0.0000000  -0.0000000  -0.0000000
  -0.0000000  -0.0000000   0.0000000   0.0000000   0.0000000   0.0000000
   0.0000000   0.0000000   0.0000000   0.0000000
 TTTTTTTTTTTTTTTTTTTTTTTTTTTTTT MOQGAD      TELAPSE      375.29 TCPU      372.63
 TTTTTTTTTTTTTTTTTTTTTTTTTTTTTT SHELLXN     TELAPSE      410.50 TCPU      407.83
 TTTTTTTTTTTTTTTTTTTTTTTTTTTTTT MONMO3      TELAPSE      410.54 TCPU      407.86
 NUMERICALLY INTEGRATED DENSITY     48.0000531796     48.0000531796
 TTTTTTTTTTTTTTTTTTTTTTTTTTTTTT NUMDFT      TELAPSE      411.05 TCPU      408.38
 CYC  10 ETOT(AU) -6.093995951293E+02 DETOT -1.49E-10 tst  8.47E-14 PX  5.48E-07
 TTTTTTTTTTTTTTTTTTTTTTTTTTTTTT DIIS        TELAPSE      411.15 TCPU      408.47
 DIIS TEST: 0.10777E-10 AT SCF   CYCLE  10 - DIIS ACTIVE - HISTORY:    10 CYCLES
 TTTTTTTTTTTTTTTTTTTTTTTTTTTTTT FDIK        TELAPSE      411.87 TCPU      409.16

    ALPHA      ELECTRONS
 INSULATING STATE
 TOP OF VALENCE BANDS -    BAND     48; K    1; EIG -9.4528692E-02 AU
 BOTTOM OF VIRTUAL BANDS - BAND     49; K   30; EIG  9.7385618E-02 AU
 INDIRECT ENERGY BAND GAP:   5.2223 eV
 BOTTOM OF VIRTUAL BANDS - BAND     49; K    1; EIG  1.2221582E-01 AU

    BETA       ELECTRONS
 INSULATING STATE
 TOP OF VALENCE BANDS -    BAND     48; K    1; EIG -9.4528692E-02 AU
 BOTTOM OF VIRTUAL BANDS - BAND     49; K   30; EIG  9.7385618E-02 AU
 INDIRECT ENERGY BAND GAP:   5.2223 eV
 BOTTOM OF VIRTUAL BANDS - BAND     49; K    1; EIG  1.2221582E-01 AU
 TTTTTTTTTTTTTTTTTTTTTTTTTTTTTT PDIG        TELAPSE      412.09 TCPU      409.39
 CHARGE NORMALIZATION FACTOR   1.00000000
 TOTAL ATOMIC CHARGES:
   5.9975984   5.9975984   5.9975984   5.9975984   5.9975984   5.9975984
   5.9975984   5.9975984   6.0106752   6.0106752   6.0106752   6.0106752
   5.9941279   5.9941279   5.9941279   5.9941279
 SUMMED SPIN DENSITY           0.00000000
 TOTAL ATOMIC SPINS  :
  -0.0000000  -0.0000000  -0.0000000  -0.0000000  -0.0000000  -0.0000000
  -0.0000000  -0.0000000   0.0000000   0.0000000   0.0000000   0.0000000
   0.0000000   0.0000000   0.0000000   0.0000000
 TTTTTTTTTTTTTTTTTTTTTTTTTTTTTT MOQGAD      TELAPSE      412.10 TCPU      409.39
 TTTTTTTTTTTTTTTTTTTTTTTTTTTTTT SHELLXN     TELAPSE      447.28 TCPU      444.56
 +++ ENERGIES IN A.U. +++
 ::: EXT EL-POLE                                  -3.0015751051826E+03
 ::: EXT EL-SPHEROPOLE                             2.6470892686050E+01
 ::: BIELET ZONE E-E                               3.0843338055470E+03
 ::: TOTAL E-E                                     1.0922959305049E+02
 ::: TOTAL E-N + N-E                              -1.0348921657187E+03
 ::: TOTAL N-N                                    -2.2082056645204E+02
 ::: KINETIC ENERGY                                6.0761112445998E+02
 ::: PSEUDO TOTAL   ENERGY                        -5.3887201466028E+02
 ::: VIRIAL COEFFICIENT                            1.0599564943035E+00
 TTTTTTTTTTTTTTTTTTTTTTTTTTTTTT MONMO3      TELAPSE      447.32 TCPU      444.60
 NUMERICALLY INTEGRATED DENSITY     48.0000531796     48.0000531796
 EXCHANGE ENERGY: -0.664531747632E+02  CORRELATION ENERGY: -0.407440570596E+01
 TTTTTTTTTTTTTTTTTTTTTTTTTTTTTT NUMDFT      TELAPSE      447.83 TCPU      445.11
 CYC  11 ETOT(AU) -6.093995951294E+02 DETOT -1.04E-10 tst  7.26E-15 PX  5.48E-07

 == SCF ENDED - CONVERGENCE ON ENERGY      E(AU) -6.0939959512941E+02 CYCLES  11


 ENERGY EXPRESSION=HARTREE+FOCK EXCH*0.20000+(BECKE      EXCH)*0.80000+LYP        CORR


 TOTAL ENERGY(DFT)(AU)( 11) -6.0939959512941E+02 DE-1.0E-10 tester 7.3E-15
 TTTTTTTTTTTTTTTTTTTTTTTTTTTTTT EDFT        TELAPSE      447.85 TCPU      445.12
 
 INFORMATION **** DFTD3 ENERGY **** CALCULATE DFTD3 ENERGY

           DFT-D V3(BJ)
 DF                                         b3-lyp    
 parameters
 s6       :    1.0000
 s8       :    1.9889
 a1       :    0.3981
 a2       :    4.4211
 k1 k3    :   16.0000   -4.0000
 Cutoff   :   50.2022
 CN-Cutoff:   21.1671
 ABC-Cutoff:   21.1671
 
 Edisp /kcal,au:  -109.0960 -0.17385557

 E6    /kcal :   -52.3473
 E8    /kcal :   -56.7487
 
 INFORMATION **** DFTD3 ENERGY **** NORMAL TERMINATION OF DFTD3 MODULE

 *******************************************************************************

 DFT-D3 DISPERSION ENERGY CORRECTION

 D3 DISPERSION ENERGY (AU)       -1.7385557236480E-01
 TOTAL ENERGY + DISP (AU)        -6.0957345070177E+02

 *******************************************************************************


 NEIGHBORS OF THE NON-EQUIVALENT ATOMS

 N = NUMBER OF NEIGHBORS AT DISTANCE R
    ATOM  N     R/ANG      R/AU   NEIGHBORS (ATOM LABELS AND CELL INDICES)
   1 C    1     1.5067     2.8473    5 C    0 1-1
   1 C    1     1.5331     2.8972   12 C    0 0-1
   1 C    1     1.5487     2.9266   13 C    0 0 0
   1 C    1     1.5744     2.9752    6 C    0 0 0
   1 C    1     2.1886     4.1359   16 C    0 0 0
   1 C    1     2.4183     4.5699    7 C    0 0 0

   9 C    2     1.5331     2.8972    4 C    0 0 0    6 C    0 0 0
   9 C    1     1.5468     2.9231   11 C    0 0 0
   9 C    1     1.6055     3.0339   12 C    0 0 0
   9 C    2     2.5041     4.7320    2 C    0 0 0    8 C    0 0 0
   9 C    2     2.5077     4.7389    2 C    0 1 0    8 C    1 0 0
   9 C    2     2.5748     4.8656    1 C    0 0 0    7 C    0 0 0

  13 C    1     1.4689     2.7759   15 C    0 0-1
  13 C    1     1.5191     2.8707   16 C    0 0 0
  13 C    2     1.5487     2.9266    1 C    0 0 0    7 C   -1 1 0
  13 C    2     2.1886     4.1359    4 C   -1 1 0    6 C    0 0 0
  13 C    2     2.5333     4.7873   14 C    0 0 0   14 C    0 0-1
  13 C    2     2.5793     4.8741    3 C    0 1-1    5 C    0 1-1

 TTTTTTTTTTTTTTTTTTTTTTTTTTTTTT AFTER FIRST TELAPSE      447.98 TCPU      445.22
 MMMMMMMMMMMMMMMMMMMMMMMMMMMMMMMMMMMMMMMMMMMMMMMMMMMMMMMMMMMMMMMMMMMMMMMMMMMMMMM
     ALPHA+BETA ELECTRONS
 MULLIKEN POPULATION ANALYSIS - NO. OF ELECTRONS   96.000000

  ATOM    Z CHARGE  A.O. POPULATION

   1 C    6  5.998  0.853  1.120  0.762  0.391  0.444  0.456  0.438 -0.009
                   -0.008 -0.009  0.499  0.514  0.502  0.012  0.007  0.007
                    0.009  0.010
   2 C    6  5.998  0.853  1.120  0.762  0.391  0.444  0.456  0.438 -0.009
                   -0.008 -0.009  0.499  0.514  0.502  0.012  0.007  0.007
                    0.009  0.010
   3 C    6  5.998  0.853  1.120  0.762  0.391  0.444  0.456  0.438 -0.009
                   -0.008 -0.009  0.499  0.514  0.502  0.012  0.007  0.007
                    0.009  0.010
   4 C    6  5.998  0.853  1.120  0.762  0.391  0.444  0.456  0.438 -0.009
                   -0.008 -0.009  0.499  0.514  0.502  0.012  0.007  0.007
                    0.009  0.010
   5 C    6  5.998  0.853  1.120  0.762  0.391  0.444  0.456  0.438 -0.009
                   -0.008 -0.009  0.499  0.514  0.502  0.012  0.007  0.007
                    0.009  0.010
   6 C    6  5.998  0.853  1.120  0.762  0.391  0.444  0.456  0.438 -0.009
                   -0.008 -0.009  0.499  0.514  0.502  0.012  0.007  0.007
                    0.009  0.010
   7 C    6  5.998  0.853  1.120  0.762  0.391  0.444  0.456  0.438 -0.009
                   -0.008 -0.009  0.499  0.514  0.502  0.012  0.007  0.007
                    0.009  0.010
   8 C    6  5.998  0.853  1.120  0.762  0.391  0.444  0.456  0.438 -0.009
                   -0.008 -0.009  0.499  0.514  0.502  0.012  0.007  0.007
                    0.009  0.010
   9 C    6  6.011  0.853  1.121  0.753  0.434  0.450  0.449  0.424 -0.006
                   -0.007 -0.006  0.504  0.498  0.499  0.011  0.007  0.007
                    0.009  0.009
  10 C    6  6.011  0.853  1.121  0.753  0.434  0.450  0.449  0.424 -0.006
                   -0.007 -0.006  0.504  0.498  0.499  0.011  0.007  0.007
                    0.009  0.009
  11 C    6  6.011  0.853  1.121  0.753  0.434  0.450  0.449  0.424 -0.006
                   -0.007 -0.006  0.504  0.498  0.499  0.011  0.007  0.007
                    0.009  0.009
  12 C    6  6.011  0.853  1.121  0.753  0.434  0.450  0.449  0.424 -0.006
                   -0.007 -0.006  0.504  0.498  0.499  0.011  0.007  0.007
                    0.009  0.009
  13 C    6  5.994  0.853  1.120  0.763  0.348  0.441  0.460  0.464 -0.003
                   -0.010 -0.016  0.488  0.522  0.517  0.014  0.006  0.008
                    0.009  0.011
  14 C    6  5.994  0.853  1.120  0.763  0.348  0.441  0.460  0.464 -0.003
                   -0.010 -0.016  0.488  0.522  0.517  0.014  0.006  0.008
                    0.009  0.011
  15 C    6  5.994  0.853  1.120  0.763  0.348  0.441  0.460  0.464 -0.003
                   -0.010 -0.016  0.488  0.522  0.517  0.014  0.006  0.008
                    0.009  0.011
  16 C    6  5.994  0.853  1.120  0.763  0.348  0.441  0.460  0.464 -0.003
                   -0.010 -0.016  0.488  0.522  0.517  0.014  0.006  0.008
                    0.009  0.011

  ATOM    Z CHARGE  SHELL POPULATION

   1 C    6  5.998  0.853  1.120  0.762  0.391  1.338 -0.026  1.515  0.045
   2 C    6  5.998  0.853  1.120  0.762  0.391  1.338 -0.026  1.515  0.045
   3 C    6  5.998  0.853  1.120  0.762  0.391  1.338 -0.026  1.515  0.045
   4 C    6  5.998  0.853  1.120  0.762  0.391  1.338 -0.026  1.515  0.045
   5 C    6  5.998  0.853  1.120  0.762  0.391  1.338 -0.026  1.515  0.045
   6 C    6  5.998  0.853  1.120  0.762  0.391  1.338 -0.026  1.515  0.045
   7 C    6  5.998  0.853  1.120  0.762  0.391  1.338 -0.026  1.515  0.045
   8 C    6  5.998  0.853  1.120  0.762  0.391  1.338 -0.026  1.515  0.045
   9 C    6  6.011  0.853  1.121  0.753  0.434  1.323 -0.018  1.501  0.043
  10 C    6  6.011  0.853  1.121  0.753  0.434  1.323 -0.018  1.501  0.043
  11 C    6  6.011  0.853  1.121  0.753  0.434  1.323 -0.018  1.501  0.043
  12 C    6  6.011  0.853  1.121  0.753  0.434  1.323 -0.018  1.501  0.043
  13 C    6  5.994  0.853  1.120  0.763  0.348  1.364 -0.029  1.526  0.048
  14 C    6  5.994  0.853  1.120  0.763  0.348  1.364 -0.029  1.526  0.048
  15 C    6  5.994  0.853  1.120  0.763  0.348  1.364 -0.029  1.526  0.048
  16 C    6  5.994  0.853  1.120  0.763  0.348  1.364 -0.029  1.526  0.048

 OVERLAP POPULATION CONDENSED TO ATOMS FOR FIRST   6 NEIGHBORS

 ATOM A   1 C    ATOM B     CELL      R(AB)/AU R(AB)/ANG    OVPOP(AB)
                  5 C    (  0  1 -1)     2.847     1.507     0.300
                 12 C    (  0  0 -1)     2.897     1.533     0.337
                 13 C    (  0  0  0)     2.927     1.549     0.312
                  6 C    (  0  0  0)     2.975     1.574     0.352
                 16 C    (  0  0  0)     4.136     2.189    -0.094
                  7 C    (  0  0  0)     4.570     2.418    -0.020

 ATOM A   9 C    ATOM B     CELL      R(AB)/AU R(AB)/ANG    OVPOP(AB)
                  4 C    (  0  0  0)     2.897     1.533     0.337
                 11 C    (  0  0  0)     2.923     1.547     0.373
                 12 C    (  0  0  0)     3.034     1.605     0.326
                  2 C    (  0  0  0)     4.732     2.504    -0.027
                  2 C    (  0  1  0)     4.739     2.508    -0.010
                  1 C    (  0  0  0)     4.866     2.575    -0.021

 ATOM A  13 C    ATOM B     CELL      R(AB)/AU R(AB)/ANG    OVPOP(AB)
                 15 C    (  0  0 -1)     2.776     1.469     0.341
                 16 C    (  0  0  0)     2.871     1.519     0.378
                  1 C    (  0  0  0)     2.927     1.549     0.312
                  4 C    ( -1  1  0)     4.136     2.189    -0.094
                 14 C    (  0  0  0)     4.787     2.533    -0.021
                  3 C    (  0  1 -1)     4.874     2.579     0.000
 TTTTTTTTTTTTTTTTTTTTTTTTTTTTTT AFTER FIRST TELAPSE      448.63 TCPU      445.51
 MMMMMMMMMMMMMMMMMMMMMMMMMMMMMMMMMMMMMMMMMMMMMMMMMMMMMMMMMMMMMMMMMMMMMMMMMMMMMMM
     ALPHA-BETA ELECTRONS
 MULLIKEN POPULATION ANALYSIS - NO. OF ELECTRONS    0.000000

  ATOM    Z CHARGE  A.O. POPULATION

   1 C    6 -0.000  0.000 -0.000  0.000 -0.000 -0.000 -0.000  0.000  0.000
                    0.000 -0.000 -0.000 -0.000  0.000  0.000  0.000  0.000
                   -0.000  0.000
   2 C    6 -0.000  0.000 -0.000  0.000 -0.000 -0.000 -0.000  0.000  0.000
                    0.000 -0.000 -0.000 -0.000  0.000  0.000  0.000  0.000
                   -0.000  0.000
   3 C    6 -0.000  0.000 -0.000  0.000 -0.000 -0.000 -0.000  0.000  0.000
                    0.000 -0.000 -0.000 -0.000  0.000  0.000  0.000  0.000
                   -0.000  0.000
   4 C    6 -0.000  0.000 -0.000  0.000 -0.000 -0.000 -0.000  0.000  0.000
                    0.000 -0.000 -0.000 -0.000  0.000  0.000  0.000  0.000
                   -0.000  0.000
   5 C    6 -0.000  0.000 -0.000  0.000 -0.000 -0.000 -0.000  0.000  0.000
                    0.000 -0.000 -0.000 -0.000  0.000  0.000  0.000  0.000
                   -0.000  0.000
   6 C    6 -0.000  0.000 -0.000  0.000 -0.000 -0.000 -0.000  0.000  0.000
                    0.000 -0.000 -0.000 -0.000  0.000  0.000  0.000  0.000
                   -0.000  0.000
   7 C    6 -0.000  0.000 -0.000  0.000 -0.000 -0.000 -0.000  0.000  0.000
                    0.000 -0.000 -0.000 -0.000  0.000  0.000  0.000  0.000
                   -0.000  0.000
   8 C    6 -0.000  0.000 -0.000  0.000 -0.000 -0.000 -0.000  0.000  0.000
                    0.000 -0.000 -0.000 -0.000  0.000  0.000  0.000  0.000
                   -0.000  0.000
   9 C    6  0.000  0.000 -0.000  0.000  0.000 -0.000  0.000 -0.000  0.000
                   -0.000 -0.000  0.000  0.000  0.000  0.000  0.000 -0.000
                   -0.000 -0.000
  10 C    6  0.000  0.000 -0.000  0.000  0.000 -0.000  0.000 -0.000  0.000
                   -0.000 -0.000  0.000  0.000  0.000  0.000  0.000 -0.000
                   -0.000 -0.000
  11 C    6  0.000  0.000 -0.000  0.000  0.000 -0.000  0.000 -0.000  0.000
                   -0.000 -0.000  0.000  0.000  0.000  0.000  0.000 -0.000
                   -0.000 -0.000
  12 C    6  0.000  0.000 -0.000  0.000  0.000 -0.000  0.000 -0.000  0.000
                   -0.000 -0.000  0.000  0.000  0.000  0.000  0.000 -0.000
                   -0.000 -0.000
  13 C    6  0.000  0.000 -0.000 -0.000  0.000 -0.000  0.000  0.000  0.000
                   -0.000 -0.000 -0.000  0.000 -0.000  0.000 -0.000 -0.000
                    0.000  0.000
  14 C    6  0.000  0.000 -0.000 -0.000  0.000 -0.000  0.000  0.000  0.000
                   -0.000 -0.000 -0.000  0.000 -0.000  0.000 -0.000 -0.000
                    0.000  0.000
  15 C    6  0.000  0.000 -0.000 -0.000  0.000 -0.000  0.000  0.000  0.000
                   -0.000 -0.000 -0.000  0.000 -0.000  0.000 -0.000 -0.000
                    0.000  0.000
  16 C    6  0.000  0.000 -0.000 -0.000  0.000 -0.000  0.000  0.000  0.000
                   -0.000 -0.000 -0.000  0.000 -0.000  0.000 -0.000 -0.000
                    0.000  0.000

  ATOM    Z CHARGE  SHELL POPULATION

   1 C    6 -0.000  0.000 -0.000  0.000 -0.000 -0.000  0.000  0.000  0.000
   2 C    6 -0.000  0.000 -0.000  0.000 -0.000 -0.000  0.000  0.000  0.000
   3 C    6 -0.000  0.000 -0.000  0.000 -0.000 -0.000  0.000  0.000  0.000
   4 C    6 -0.000  0.000 -0.000  0.000 -0.000 -0.000  0.000  0.000  0.000
   5 C    6 -0.000  0.000 -0.000  0.000 -0.000 -0.000  0.000  0.000  0.000
   6 C    6 -0.000  0.000 -0.000  0.000 -0.000 -0.000  0.000  0.000  0.000
   7 C    6 -0.000  0.000 -0.000  0.000 -0.000 -0.000  0.000  0.000  0.000
   8 C    6 -0.000  0.000 -0.000  0.000 -0.000 -0.000  0.000  0.000  0.000
   9 C    6  0.000  0.000 -0.000  0.000  0.000 -0.000  0.000  0.000 -0.000
  10 C    6  0.000  0.000 -0.000  0.000  0.000 -0.000  0.000  0.000 -0.000
  11 C    6  0.000  0.000 -0.000  0.000  0.000 -0.000  0.000  0.000 -0.000
  12 C    6  0.000  0.000 -0.000  0.000  0.000 -0.000  0.000  0.000 -0.000
  13 C    6  0.000  0.000 -0.000 -0.000  0.000  0.000 -0.000 -0.000  0.000
  14 C    6  0.000  0.000 -0.000 -0.000  0.000  0.000 -0.000 -0.000  0.000
  15 C    6  0.000  0.000 -0.000 -0.000  0.000  0.000 -0.000 -0.000  0.000
  16 C    6  0.000  0.000 -0.000 -0.000  0.000  0.000 -0.000 -0.000  0.000

 OVERLAP POPULATION CONDENSED TO ATOMS FOR FIRST   6 NEIGHBORS

 ATOM A   1 C    ATOM B     CELL      R(AB)/AU R(AB)/ANG    OVPOP(AB)
                  5 C    (  0  1 -1)     2.847     1.507     0.000
                 12 C    (  0  0 -1)     2.897     1.533     0.000
                 13 C    (  0  0  0)     2.927     1.549     0.000
                  6 C    (  0  0  0)     2.975     1.574     0.000
                 16 C    (  0  0  0)     4.136     2.189    -0.000
                  7 C    (  0  0  0)     4.570     2.418    -0.000

 ATOM A   9 C    ATOM B     CELL      R(AB)/AU R(AB)/ANG    OVPOP(AB)
                  4 C    (  0  0  0)     2.897     1.533     0.000
                 11 C    (  0  0  0)     2.923     1.547     0.000
                 12 C    (  0  0  0)     3.034     1.605     0.000
                  2 C    (  0  0  0)     4.732     2.504    -0.000
                  2 C    (  0  1  0)     4.739     2.508    -0.000
                  1 C    (  0  0  0)     4.866     2.575    -0.000

 ATOM A  13 C    ATOM B     CELL      R(AB)/AU R(AB)/ANG    OVPOP(AB)
                 15 C    (  0  0 -1)     2.776     1.469     0.000
                 16 C    (  0  0  0)     2.871     1.519    -0.000
                  1 C    (  0  0  0)     2.927     1.549     0.000
                  4 C    ( -1  1  0)     4.136     2.189    -0.000
                 14 C    (  0  0  0)     4.787     2.533    -0.000
                  3 C    (  0  1 -1)     4.874     2.579     0.000
 EIGENVECTORS IN FORTRAN UNIT 10
 TTTTTTTTTTTTTTTTTTTTTTTTTTTTTT END         TELAPSE      449.24 TCPU      446.06
 EEEEEEEEEE TERMINATION  DATE 24 01 2026 TIME 21:14:06.7
NODE    0 CPU TIME =       446.055
NODE    1 CPU TIME =       446.714
NODE    2 CPU TIME =       446.547
NODE    3 CPU TIME =       446.654
NODE    4 CPU TIME =       446.990
NODE    5 CPU TIME =       446.527
NODE    6 CPU TIME =       447.481
NODE    7 CPU TIME =       446.539
NODE    8 CPU TIME =       446.841
NODE    9 CPU TIME =       446.707
NODE   10 CPU TIME =       445.751
NODE   11 CPU TIME =       446.850
NODE   12 CPU TIME =       445.959
NODE   13 CPU TIME =       446.734
NODE   14 CPU TIME =       445.154
NODE   15 CPU TIME =       446.426
NODE   16 CPU TIME =       446.738
NODE   17 CPU TIME =       446.589
NODE   18 CPU TIME =       446.723
NODE   19 CPU TIME =       446.926
NODE   20 CPU TIME =       446.810
NODE   21 CPU TIME =       446.585
NODE   22 CPU TIME =       446.658
NODE   23 CPU TIME =       446.475
NODE   24 CPU TIME =       446.752
NODE   25 CPU TIME =       446.747
NODE   26 CPU TIME =       446.193
NODE   27 CPU TIME =       446.360
NODE   28 CPU TIME =       446.584
NODE   29 CPU TIME =       446.678
NODE   30 CPU TIME =       446.336
NODE   31 CPU TIME =       446.090
    TOTAL CPU TIME =     14289.172
