MPI startup(): Warning: I_MPI_PMI_LIBRARY will be ignored since the hydra process manager was found
MPI startup(): Warning: I_MPI_PMI_LIBRARY will be ignored since the hydra process manager was found
MPI startup(): Warning: I_MPI_PMI_LIBRARY will be ignored since the hydra process manager was found
MPI startup(): Warning: I_MPI_PMI_LIBRARY will be ignored since the hydra process manager was found
MPI startup(): Warning: I_MPI_PMI_LIBRARY will be ignored since the hydra process manager was found
MPI startup(): Warning: I_MPI_PMI_LIBRARY will be ignored since the hydra process manager was found
MPI startup(): Warning: I_MPI_PMI_LIBRARY will be ignored since the hydra process manager was found
MPI startup(): Warning: I_MPI_PMI_LIBRARY will be ignored since the hydra process manager was found
MPI startup(): Warning: I_MPI_PMI_LIBRARY will be ignored since the hydra process manager was found
MPI startup(): Warning: I_MPI_PMI_LIBRARY will be ignored since the hydra process manager was found
MPI startup(): Warning: I_MPI_PMI_LIBRARY will be ignored since the hydra process manager was found
MPI startup(): Warning: I_MPI_PMI_LIBRARY will be ignored since the hydra process manager was found
MPI startup(): Warning: I_MPI_PMI_LIBRARY will be ignored since the hydra process manager was found
MPI startup(): Warning: I_MPI_PMI_LIBRARY will be ignored since the hydra process manager was found
MPI startup(): Warning: I_MPI_PMI_LIBRARY will be ignored since the hydra process manager was found
MPI startup(): Warning: I_MPI_PMI_LIBRARY will be ignored since the hydra process manager was found
MPI startup(): Warning: I_MPI_PMI_LIBRARY will be ignored since the hydra process manager was found
MPI startup(): Warning: I_MPI_PMI_LIBRARY will be ignored since the hydra process manager was found
MPI startup(): Warning: I_MPI_PMI_LIBRARY will be ignored since the hydra process manager was found
MPI startup(): Warning: I_MPI_PMI_LIBRARY will be ignored since the hydra process manager was found
MPI startup(): Warning: I_MPI_PMI_LIBRARY will be ignored since the hydra process manager was found
MPI startup(): Warning: I_MPI_PMI_LIBRARY will be ignored since the hydra process manager was found
MPI startup(): Warning: I_MPI_PMI_LIBRARY will be ignored since the hydra process manager was found
MPI startup(): Warning: I_MPI_PMI_LIBRARY will be ignored since the hydra process manager was found
MPI startup(): Warning: I_MPI_PMI_LIBRARY will be ignored since the hydra process manager was found
MPI startup(): Warning: I_MPI_PMI_LIBRARY will be ignored since the hydra process manager was found
MPI startup(): Warning: I_MPI_PMI_LIBRARY will be ignored since the hydra process manager was found
MPI startup(): Warning: I_MPI_PMI_LIBRARY will be ignored since the hydra process manager was found
MPI startup(): Warning: I_MPI_PMI_LIBRARY will be ignored since the hydra process manager was found
MPI startup(): Warning: I_MPI_PMI_LIBRARY will be ignored since the hydra process manager was found
MPI startup(): Warning: I_MPI_PMI_LIBRARY will be ignored since the hydra process manager was found
MPI startup(): Warning: I_MPI_PMI_LIBRARY will be ignored since the hydra process manager was found
 PROCESS           29  OF           32  WORKING
 PROCESS            8  OF           32  WORKING
 PROCESS           13  OF           32  WORKING
 PROCESS           14  OF           32  WORKING
 PROCESS           16  OF           32  WORKING
 PROCESS           17  OF           32  WORKING
 PROCESS           21  OF           32  WORKING
 PROCESS           28  OF           32  WORKING
 PROCESS            2  OF           32  WORKING
 PROCESS           15  OF           32  WORKING
 PROCESS            4  OF           32  WORKING
 PROCESS           20  OF           32  WORKING
 PROCESS            0  OF           32  WORKING

         
 *******************************************************************************
 *                                                                             *
 *                               CRYSTAL23                                     *
 *                      public : 1.0.1 - October 2022                          *
 *                       HTTP://WWW.CRYSTAL.UNITO.IT                           *
 *                                                                             *
 *                              MAIN AUTHORS                                   *
 *                                                                             *
 *  R. DOVESI(1,11), V.R. SAUNDERS(2), C. ROETTI(1,11), R. ORLANDO(1,11),      *
 *  C.M. ZICOVICH-WILSON(1,3), F. PASCALE(4), B. CIVALLERI(1,11),              *
 *  K. DOLL(5), N.M. HARRISON(6), I.J. BUSH(7), Ph. D'ARCO(8),                 *
 *  M. LLUNELL(9), M. CAUSA'(10), Y. NOEL(8), L. MASCHIO(1,11), A. ERBA(1,11)  *
 *  M. RE'RAT(14), S. CASASSA(1,11), B.G. SEARLE(2), J.K. DESMARAIS(1)         *
 *                                                                             *
 *        CONTRIBUTIONS TO THE CODE HAVE ALSO BEEN GIVEN BY                    *
 *                                                                             *
 *  M. FERRABONE(1,11), M. DE LA PIERRE(1,11), M. FERRERO(1,11),               *
 *  J. BAIMA(1,11), E. ALBANESE(1,11), M.F. PEINTINGER(12), R. BAST(13),       *
 *  B. KIRTMAN(15), V. LACIVITA(1,11), R. DEMICHELIS(1,16)                     *
 *  G. BRANDEBURG(17), S. SALUSTRO(1,11), G. SANSONE(1,11)                     *
 *  M.T. RUGGIERO(18), L.E. DAGA(1), L. DONA'(1), A. COSSARD(1)                *
 *                                                                             *
 * (1) THEORETICAL CHEMISTRY GROUP - UNIVERSITA' DI TORINO - TORINO (ITALY)    *
 * (2) SCIENTIFIC COMPUTING DEPARTMENT - STFC DARESBURY (UK)                   *
 * (3) UNIVERSIDAD AUTONOMA DEL ESTADO DE MORELOS - CUERNAVACA (MEXICO)        *
 * (4) UNIVERSITE' DE LORRAINE - NANCY (FRANCE)                                *
 * (5) UNIVERSITAET STUTTGART- STUTTGART (GERMANY)                             *
 * (6) IMPERIAL COLLEGE - LONDON (UK)                                          *
 * (7) SCIENTIFIC COMPUTING DEPARTMENT - STFC RAL (UK)                         *
 * (8) UPMC - SORBONNE UNIVERSITES - PARIS (FRANCE)                            *
 * (9) UNIVERSIDAD DE BARCELONA - BARCELONA (SPAIN)                            *
 *(10) UNIVERSITA' DI NAPOLI "FEDERICO II" - NAPOLI (ITALY)                    *
 *(11) NIS - NANOSTRUCTURED INTERFACES AND SURFACES - TORINO (ITALY)           *
 *(12) MPI FUER CHEMISCHE ENERGIEKONVERSION - MUELHEIM AN DER RUHR (GERMANY)   *
 *(13) UNIVERSITY OF TROMSO - TROMSO (NORWAY)                                  *
 *(14) UNIVERSITE' DE PAU ET DES PAYS DE L'ADOUR - PAU (FRANCE)                *
 *(15) UNIVERSITY OF CALIFORNIA SANTA BARBARA - SANTA BARBARA (USA)            *
 *(16) CURTIN UNIVERSITY - PERTH (AUSTRALIA)                                   *
 *(17) UNIVERSITY COLLEGE LONDON - LONDON (UK)                                 *
 *(18) UNIVERSITY OF VERMONT - BURLINGTON (USA)                                *
 *                                                                             *
 *******************************************************************************
 EEEEEEEEEE STARTING  DATE 24 01 2026 TIME 21:06:39.0
 ./4^3T86_SCF_opt_BULK_OPTGEOM_opt_B3LYP-D3-D3_optimized_rev1_sp_B3LYP-D3-D3_opti
 PROCESS            1  OF           32  WORKING
 PROCESS            3  OF           32  WORKING
 PROCESS            5  OF           32  WORKING
 PROCESS            6  OF           32  WORKING
 PROCESS            7  OF           32  WORKING
 PROCESS           10  OF           32  WORKING
 PROCESS           11  OF           32  WORKING
 PROCESS           12  OF           32  WORKING
 PROCESS           18  OF           32  WORKING
 PROCESS           19  OF           32  WORKING
 PROCESS           22  OF           32  WORKING
 PROCESS           23  OF           32  WORKING
 PROCESS           24  OF           32  WORKING
 PROCESS           25  OF           32  WORKING
 PROCESS           26  OF           32  WORKING
 PROCESS           27  OF           32  WORKING
 PROCESS           30  OF           32  WORKING
 PROCESS           31  OF           32  WORKING
 PROCESS            9  OF           32  WORKING

 CRYSTAL CALCULATION
 (INPUT ACCORDING TO THE INTERNATIONAL TABLES FOR X-RAY CRYSTALLOGRAPHY)
 CRYSTAL FAMILY                       :  MONOCLINIC  
 CRYSTAL CLASS  (GROTH - 1921)        :  MONOCLINIC PRISMATIC                 

 SPACE GROUP (CENTROSYMMETRIC)        :  C 2/M           

 LATTICE PARAMETERS  (ANGSTROMS AND DEGREES) - CONVENTIONAL CELL
        A           B           C        ALPHA        BETA       GAMMA
     4.77228     5.03986     4.21525    90.00000   105.18275    90.00000


 NUMBER OF IRREDUCIBLE ATOMS IN THE CONVENTIONAL CELL:    3

 INPUT COORDINATES

 ATOM AT. N.              COORDINATES
   1   6     1.527433900558E-01  2.605852038088E-01  1.150587898020E-01
   2   6     1.203764249642E-01  1.212350511888E-17  3.060575202641E-01
   3   6     2.153458121914E-01  2.809000501462E-18 -3.158595809846E-01

 *******************************************************************************

 << INFORMATION >>: FROM NOW ON, ALL COORDINATES REFER TO THE PRIMITIVE CELL

 *******************************************************************************

 LATTICE PARAMETERS  (ANGSTROMS AND DEGREES) - PRIMITIVE CELL
       A          B          C        ALPHA      BETA     GAMMA        VOLUME
    3.47041    3.47041    4.21525    79.62598 100.37402  86.87585     48.922477

 COORDINATES OF THE EQUIVALENT ATOMS (FRACTIONAL UNITS)

 N. ATOM EQUIV AT. N.          X                  Y                  Z

   1   1   1    6 C     4.13328593865E-01  1.07841813753E-01  1.15058789802E-01
   2   1   2    6 C     1.07841813753E-01  4.13328593865E-01 -1.15058789802E-01
   3   1   3    6 C    -4.13328593865E-01 -1.07841813753E-01 -1.15058789802E-01
   4   1   4    6 C    -1.07841813753E-01 -4.13328593865E-01  1.15058789802E-01

   5   2   1    6 C     1.20376424964E-01 -1.20376424964E-01  3.06057520264E-01
   6   2   2    6 C    -1.20376424964E-01  1.20376424964E-01 -3.06057520264E-01

   7   3   1    6 C     2.15345812191E-01 -2.15345812191E-01 -3.15859580985E-01
   8   3   2    6 C    -2.15345812191E-01  2.15345812191E-01  3.15859580985E-01

 NUMBER OF SYMMETRY OPERATORS         :    4
 *******************************************************************************
 * GEOMETRY EDITING - INPUT COORDINATES ARE GIVEN IN ANGSTROM         
 *******************************************************************************

 GEOMETRY NOW FULLY CONSISTENT WITH THE GROUP

 GCALCO - MAX INDICES DIRECT LATTICE VECTOR    15    15    13
 NO.OF VECTORS CREATED 6999 STARS 1831 RMAX    82.07611 BOHR

 GEOMETRY FOR WAVE FUNCTION - DIMENSIONALITY OF THE SYSTEM    3
 (NON PERIODIC DIRECTION: LATTICE PARAMETER FORMALLY SET TO 500)
 *******************************************************************************
 LATTICE PARAMETERS (ANGSTROMS AND DEGREES) - BOHR = 0.5291772083 ANGSTROM
 PRIMITIVE CELL - CENTRING CODE 4/0 VOLUME=    48.922477 - DENSITY  3.258 g/cm^3
         A              B              C           ALPHA      BETA       GAMMA 
     3.47040766     3.47040766     4.21524817    79.625976 100.374024  86.875852
 *******************************************************************************
 ATOMS IN THE ASYMMETRIC UNIT    3 - ATOMS IN THE UNIT CELL:    8
     ATOM                 X/A                 Y/B                 Z/C    
 *******************************************************************************
      1 T   6 C     4.133285938646E-01  1.078418137530E-01  1.150587898020E-01
      2 F   6 C     1.078418137530E-01  4.133285938646E-01 -1.150587898020E-01
      3 F   6 C    -4.133285938646E-01 -1.078418137530E-01 -1.150587898020E-01
      4 F   6 C    -1.078418137530E-01 -4.133285938646E-01  1.150587898020E-01
      5 T   6 C     1.203764249642E-01 -1.203764249642E-01  3.060575202641E-01
      6 F   6 C    -1.203764249642E-01  1.203764249642E-01 -3.060575202641E-01
      7 T   6 C     2.153458121914E-01 -2.153458121914E-01 -3.158595809846E-01
      8 F   6 C    -2.153458121914E-01  2.153458121914E-01  3.158595809846E-01

 TRANSFORMATION MATRIX PRIMITIVE-CRYSTALLOGRAPHIC CELL
  1.0000  1.0000  0.0000 -1.0000  1.0000  0.0000  0.0000  0.0000  1.0000

 *******************************************************************************
 CRYSTALLOGRAPHIC CELL (VOLUME=         97.84495478)
         A              B              C           ALPHA      BETA       GAMMA 
     4.77228464     5.03986277     4.21524817    90.000000 105.182751  90.000000

 COORDINATES IN THE CRYSTALLOGRAPHIC CELL
     ATOM                 X/A                 Y/B                 Z/C    
 *******************************************************************************
      1 T   6 C     1.527433900558E-01  2.605852038088E-01  1.150587898020E-01
      2 F   6 C    -1.527433900558E-01  2.605852038088E-01 -1.150587898020E-01
      3 F   6 C    -1.527433900558E-01 -2.605852038088E-01 -1.150587898020E-01
      4 F   6 C     1.527433900558E-01 -2.605852038088E-01  1.150587898020E-01
      5 T   6 C     1.203764249642E-01  1.212350511888E-17  3.060575202641E-01
      6 F   6 C    -1.203764249642E-01 -1.434413582594E-17 -3.060575202641E-01
      7 T   6 C     2.153458121914E-01  2.809000501462E-18 -3.158595809846E-01
      8 F   6 C    -2.153458121914E-01 -2.809000501462E-18  3.158595809846E-01

 T = ATOM BELONGING TO THE ASYMMETRIC UNIT

 ****    4 SYMMOPS - TRANSLATORS IN FRACTIONAL UNITS
 **** MATRICES AND TRANSLATORS IN THE CRYSTALLOGRAPHIC REFERENCE FRAME
   V INV                    ROTATION MATRICES                   TRANSLATORS
   1   1  1.00  0.00  0.00  0.00  1.00  0.00  0.00  0.00  1.00  0.00  0.00  0.00
   2   2  0.00  1.00 -0.00  1.00  0.00  0.00  0.00  0.00 -1.00  0.00  0.00  0.00
   3   3 -1.00 -0.00 -0.00 -0.00 -1.00  0.00  0.00  0.00 -1.00  0.00  0.00  0.00
   4   4 -0.00 -1.00  0.00 -1.00 -0.00 -0.00  0.00  0.00  1.00  0.00  0.00  0.00

 DIRECT LATTICE VECTORS CARTESIAN COMPONENTS (ANGSTROM)
          X                    Y                    Z
   0.238614232000E+01   0.251993138500E+01   0.000000000000E+00
  -0.238614232000E+01   0.251993138500E+01   0.000000000000E+00
  -0.110396779152E+01   0.258109508950E-15   0.406811654823E+01


 CARTESIAN COORDINATES - PRIMITIVE CELL
 *******************************************************************************
 *      ATOM          X(ANGSTROM)         Y(ANGSTROM)         Z(ANGSTROM)
 *******************************************************************************
    1     6 C     6.019137361518E-01  1.313313667089E+00  4.680725668126E-01
    2     6 C    -6.019137361518E-01  1.313313667089E+00 -4.680725668126E-01
    3     6 C    -6.019137361518E-01 -1.313313667089E+00 -4.680725668126E-01
    4     6 C     6.019137361518E-01 -1.313313667089E+00  4.680725668126E-01
    5     6 C     2.365929191499E-01  1.400971583564E-16  1.245077662896E+00
    6     6 C    -2.365929191499E-01 -1.512888323828E-16 -1.245077662896E+00
    7     6 C     1.376390315860E+00 -6.736938429690E-17 -1.284953588320E+00
    8     6 C    -1.376390315860E+00  6.736938429690E-17  1.284953588320E+00

 *******************************************************************************
 LOCAL ATOMIC FUNCTIONS BASIS SET
 *******************************************************************************
   ATOM   X(AU)   Y(AU)   Z(AU)  N. TYPE  EXPONENT  S COEF   P COEF   D/F/G COEF
 *******************************************************************************
   1 C    1.137   2.482   0.885
                                  1 S  
                                         1.358E+04 2.225E-04 0.000E+00 0.000E+00
                                         2.035E+03 1.723E-03 0.000E+00 0.000E+00
                                         4.632E+02 8.926E-03 0.000E+00 0.000E+00
                                         1.312E+02 3.573E-02 0.000E+00 0.000E+00
                                         4.285E+01 1.108E-01 0.000E+00 0.000E+00
                                         1.558E+01 2.430E-01 0.000E+00 0.000E+00
                                  2 S  
                                         6.207E+00 4.144E-01 0.000E+00 0.000E+00
                                         2.576E+00 2.374E-01 0.000E+00 0.000E+00
                                  3 S  
                                         4.941E-01 1.000E+00 0.000E+00 0.000E+00
                                  4 S  
                                         1.644E-01 1.000E+00 0.000E+00 0.000E+00
                           5-     7 P  
                                         3.470E+01 0.000E+00 5.333E-03 0.000E+00
                                         7.958E+00 0.000E+00 3.586E-02 0.000E+00
                                         2.378E+00 0.000E+00 1.422E-01 0.000E+00
                                         8.143E-01 0.000E+00 3.427E-01 0.000E+00
                           8-    10 P  
                                         5.662E-01 0.000E+00 1.000E+00 0.000E+00
                          11-    13 P  
                                         2.674E-01 0.000E+00 1.000E+00 0.000E+00
                          14-    18 D  
                                         8.792E-01 0.000E+00 0.000E+00 1.000E+00
   2 C   -1.137   2.482  -0.885
   3 C   -1.137  -2.482  -0.885
   4 C    1.137  -2.482   0.885
   5 C    0.447   0.000   2.353
   6 C   -0.447  -0.000  -2.353
   7 C    2.601  -0.000  -2.428
   8 C   -2.601   0.000   2.428
 INFORMATION **** SET_MPP **** PCRYSTAL CALCULATION
 INFORMATION **** READM2 **** NEW DEFAULT: FOCK/KS MATRIX MIXING SET TO 30 %
 INFORMATION **** READM2 **** NEW DEFAULT: FULL DIRECT SCF MODE
 INFORMATION **** READM2 **** NEW DEFAULT: COULOMB BIPOLAR BUFFER SET TO 32 Mb
 INFORMATION **** READM2 **** NEW DEFAULT: EXCHANGE BIPOLAR BUFFER SET TO 32 Mb

 *******************************************************************************
 NEW DEFAULT: DFT INTEGRATION GRID INCREASED TO XLGRID
 NEW DEFAULT: DIIS ACCELERATOR ACTIVE
 USE KEYWORD NODIIS TO TURN IT OFF
 *******************************************************************************

 INFORMATION **** DFTD3_INPUT **** PERFORM LATEST DISPERSION CORRECTION DFT-D3(BJ) WITH AUTOMATIC PARAMETER SETUP
 PLEASE CITE:
 (1) DFT-D3 Reference
  S. Grimme, J. Antony, S. Ehrlich, and H. Krieg, J. Chem. Phys. 132 (2010), 154104
 (2) BJ-Damping Reference
  S. Grimme, S. Ehrlich, and L. Goerigk, J. Comput. Chem. 32 (2011), 1456-1465
 (3) General DFT-D Review
  S. Grimme, A. Hansen, J. G. Brandenburg, and C. Bannwarth,
  Chem. Rev. 116 (2016), 5105-5154

 INFORMATION **** TOLINTEG **** COULOMB AND EXCHANGE SERIES TOLERANCES MODIFIED
 INFORMATION **** TOLDEE **** SCF TOL ON TOTAL ENERGY SET TO           9
 INFORMATION **** READM2 **** FULL DIRECT SCF (MONO AND BIEL INT) SELECTED
 INFORMATION **** MAXCYCLE **** MAX NUMBER OF SCF CYCLES SET TO         800
 INFORMATION **** DIIS **** DIIS FOR SCF ACTIVE
 INFORMATION **** DIIS **** LEVEL SHIFTER DISABLED
 INFORMATION **** PPAN ****  MULLIKEN POPULATION ANALYSIS AT THE END OF SCF
 *******************************************************************************
 N. OF ATOMS PER CELL         8  COULOMB OVERLAP TOL         (T1) 10**   -8
 NUMBER OF SHELLS            64  COULOMB PENETRATION TOL     (T2) 10**   -8
 NUMBER OF AO               144  EXCHANGE OVERLAP TOL        (T3) 10**   -8
 N. OF ELECTRONS PER CELL    48  EXCHANGE PSEUDO OVP (F(G))  (T4) 10**   -9
 CORE ELECTRONS PER CELL     16  EXCHANGE PSEUDO OVP (P(G))  (T5) 10**  -24
 N. OF SYMMETRY OPERATORS     4  POLE ORDER IN MONO ZONE                  4
 *******************************************************************************
 TYPE OF CALCULATION :  UNRESTRICTED OPEN SHELL
 KOHN-SHAM HAMILTONIAN

 (EXCHANGE)[CORRELATION] FUNCTIONAL:(BECKE 88)[LEE-YANG-PARR]

 NON-LOCAL WEIGHTING FACTOR (EXCHANGE) =           0.9000
 NON-LOCAL WEIGHTING FACTOR [CORRELATION] =        0.8100

 HYBRID EXCHANGE - PERCENTAGE OF FOCK EXCHANGE    20.0000

 SPIN POLARIZED DFT SELECTED

 CAPPA:IS1 10;IS2 10;IS3 10; K PTS MONK NET 282; SYMMOPS:K SPACE   4;G SPACE   4

 *******************************************************************************
 MAX NUMBER OF SCF CYCLES     800  CONVERGENCE ON DELTAP        10**-19
 WEIGHT OF F(I) IN F(I+1)      30% CONVERGENCE ON ENERGY        10**- 9
 SHRINK. FACT.(MONKH.)   10 10 10  NUMBER OF K POINTS IN THE IBZ    282
 SHRINKING FACTOR(GILAT NET)   20  NUMBER OF K POINTS(GILAT NET)   2112
 *******************************************************************************
 *** K POINTS COORDINATES (OBLIQUE COORDINATES IN UNITS OF IS = 10)
   1-R(  0  0  0)   2-C(  1  0  0)   3-C(  2  0  0)   4-C(  3  0  0)
   5-C(  4  0  0)   6-R(  5  0  0)   7-C(  1  1  0)   8-C(  2  1  0)
   9-C(  3  1  0)  10-C(  4  1  0)  11-C(  5  1  0)  12-C(  6  1  0)
  13-C(  7  1  0)  14-C(  8  1  0)  15-C(  9  1  0)  16-C(  2  2  0)
  17-C(  3  2  0)  18-C(  4  2  0)  19-C(  5  2  0)  20-C(  6  2  0)
  21-C(  7  2  0)  22-C(  8  2  0)  23-C(  3  3  0)  24-C(  4  3  0)
  25-C(  5  3  0)  26-C(  6  3  0)  27-C(  7  3  0)  28-C(  4  4  0)
  29-C(  5  4  0)  30-C(  6  4  0)  31-R(  5  5  0)  32-C(  0  0  1)
  33-C(  1  0  1)  34-C(  2  0  1)  35-C(  3  0  1)  36-C(  4  0  1)
  37-C(  5  0  1)  38-C(  6  0  1)  39-C(  7  0  1)  40-C(  8  0  1)
  41-C(  9  0  1)  42-C(  1  1  1)  43-C(  2  1  1)  44-C(  3  1  1)
  45-C(  4  1  1)  46-C(  5  1  1)  47-C(  6  1  1)  48-C(  7  1  1)
  49-C(  8  1  1)  50-C(  9  1  1)  51-C(  1  2  1)  52-C(  2  2  1)
  53-C(  3  2  1)  54-C(  4  2  1)  55-C(  5  2  1)  56-C(  6  2  1)
  57-C(  7  2  1)  58-C(  8  2  1)  59-C(  1  3  1)  60-C(  2  3  1)
  61-C(  3  3  1)  62-C(  4  3  1)  63-C(  5  3  1)  64-C(  6  3  1)
  65-C(  7  3  1)  66-C(  1  4  1)  67-C(  2  4  1)  68-C(  3  4  1)
  69-C(  4  4  1)  70-C(  5  4  1)  71-C(  6  4  1)  72-C(  1  5  1)
  73-C(  2  5  1)  74-C(  3  5  1)  75-C(  4  5  1)  76-C(  5  5  1)
  77-C(  1  6  1)  78-C(  2  6  1)  79-C(  3  6  1)  80-C(  4  6  1)
  81-C(  1  7  1)  82-C(  2  7  1)  83-C(  3  7  1)  84-C(  1  8  1)
  85-C(  2  8  1)  86-C(  1  9  1)  87-C(  0  0  2)  88-C(  1  0  2)
  89-C(  2  0  2)  90-C(  3  0  2)  91-C(  4  0  2)  92-C(  5  0  2)
  93-C(  6  0  2)  94-C(  7  0  2)  95-C(  8  0  2)  96-C(  9  0  2)
  97-C(  1  1  2)  98-C(  2  1  2)  99-C(  3  1  2) 100-C(  4  1  2)
 101-C(  5  1  2) 102-C(  6  1  2) 103-C(  7  1  2) 104-C(  8  1  2)
 105-C(  9  1  2) 106-C(  1  2  2) 107-C(  2  2  2) 108-C(  3  2  2)
 109-C(  4  2  2) 110-C(  5  2  2) 111-C(  6  2  2) 112-C(  7  2  2)
 113-C(  8  2  2) 114-C(  1  3  2) 115-C(  2  3  2) 116-C(  3  3  2)
 117-C(  4  3  2) 118-C(  5  3  2) 119-C(  6  3  2) 120-C(  7  3  2)
 121-C(  1  4  2) 122-C(  2  4  2) 123-C(  3  4  2) 124-C(  4  4  2)
 125-C(  5  4  2) 126-C(  6  4  2) 127-C(  1  5  2) 128-C(  2  5  2)
 129-C(  3  5  2) 130-C(  4  5  2) 131-C(  5  5  2) 132-C(  1  6  2)
 133-C(  2  6  2) 134-C(  3  6  2) 135-C(  4  6  2) 136-C(  1  7  2)
 137-C(  2  7  2) 138-C(  3  7  2) 139-C(  1  8  2) 140-C(  2  8  2)
 141-C(  1  9  2) 142-C(  0  0  3) 143-C(  1  0  3) 144-C(  2  0  3)
 145-C(  3  0  3) 146-C(  4  0  3) 147-C(  5  0  3) 148-C(  6  0  3)
 149-C(  7  0  3) 150-C(  8  0  3) 151-C(  9  0  3) 152-C(  1  1  3)
 153-C(  2  1  3) 154-C(  3  1  3) 155-C(  4  1  3) 156-C(  5  1  3)
 157-C(  6  1  3) 158-C(  7  1  3) 159-C(  8  1  3) 160-C(  9  1  3)
 161-C(  1  2  3) 162-C(  2  2  3) 163-C(  3  2  3) 164-C(  4  2  3)
 165-C(  5  2  3) 166-C(  6  2  3) 167-C(  7  2  3) 168-C(  8  2  3)
 169-C(  1  3  3) 170-C(  2  3  3) 171-C(  3  3  3) 172-C(  4  3  3)
 173-C(  5  3  3) 174-C(  6  3  3) 175-C(  7  3  3) 176-C(  1  4  3)
 177-C(  2  4  3) 178-C(  3  4  3) 179-C(  4  4  3) 180-C(  5  4  3)
 181-C(  6  4  3) 182-C(  1  5  3) 183-C(  2  5  3) 184-C(  3  5  3)
 185-C(  4  5  3) 186-C(  5  5  3) 187-C(  1  6  3) 188-C(  2  6  3)
 189-C(  3  6  3) 190-C(  4  6  3) 191-C(  1  7  3) 192-C(  2  7  3)
 193-C(  3  7  3) 194-C(  1  8  3) 195-C(  2  8  3) 196-C(  1  9  3)
 197-C(  0  0  4) 198-C(  1  0  4) 199-C(  2  0  4) 200-C(  3  0  4)
 201-C(  4  0  4) 202-C(  5  0  4) 203-C(  6  0  4) 204-C(  7  0  4)
 205-C(  8  0  4) 206-C(  9  0  4) 207-C(  1  1  4) 208-C(  2  1  4)
 209-C(  3  1  4) 210-C(  4  1  4) 211-C(  5  1  4) 212-C(  6  1  4)
 213-C(  7  1  4) 214-C(  8  1  4) 215-C(  9  1  4) 216-C(  1  2  4)
 217-C(  2  2  4) 218-C(  3  2  4) 219-C(  4  2  4) 220-C(  5  2  4)
 221-C(  6  2  4) 222-C(  7  2  4) 223-C(  8  2  4) 224-C(  1  3  4)
 225-C(  2  3  4) 226-C(  3  3  4) 227-C(  4  3  4) 228-C(  5  3  4)
 229-C(  6  3  4) 230-C(  7  3  4) 231-C(  1  4  4) 232-C(  2  4  4)
 233-C(  3  4  4) 234-C(  4  4  4) 235-C(  5  4  4) 236-C(  6  4  4)
 237-C(  1  5  4) 238-C(  2  5  4) 239-C(  3  5  4) 240-C(  4  5  4)
 241-C(  5  5  4) 242-C(  1  6  4) 243-C(  2  6  4) 244-C(  3  6  4)
 245-C(  4  6  4) 246-C(  1  7  4) 247-C(  2  7  4) 248-C(  3  7  4)
 249-C(  1  8  4) 250-C(  2  8  4) 251-C(  1  9  4) 252-R(  0  0  5)
 253-C(  1  0  5) 254-C(  2  0  5) 255-C(  3  0  5) 256-C(  4  0  5)
 257-R(  5  0  5) 258-C(  1  1  5) 259-C(  2  1  5) 260-C(  3  1  5)
 261-C(  4  1  5) 262-C(  5  1  5) 263-C(  6  1  5) 264-C(  7  1  5)
 265-C(  8  1  5) 266-C(  9  1  5) 267-C(  2  2  5) 268-C(  3  2  5)
 269-C(  4  2  5) 270-C(  5  2  5) 271-C(  6  2  5) 272-C(  7  2  5)
 273-C(  8  2  5) 274-C(  3  3  5) 275-C(  4  3  5) 276-C(  5  3  5)
 277-C(  6  3  5) 278-C(  7  3  5) 279-C(  4  4  5) 280-C(  5  4  5)
 281-C(  6  4  5) 282-R(  5  5  5)

 DIRECT LATTICE VECTORS COMPON. (A.U.)     RECIP. LATTICE VECTORS COMPON. (A.U.) 
        X            Y            Z              X            Y            Z
    4.5091555    4.7619802    0.0000000      0.6967142    0.6597240    0.1890678
   -4.5091555    4.7619802    0.0000000     -0.6967142    0.6597240   -0.1890678
   -2.0861968    0.0000000    7.6876262      0.0000000    0.0000000    0.8173115

 DISK SPACE FOR EIGENVECTORS (FTN 10)    11570688 REALS

 SYMMETRY ADAPTION OF THE BLOCH FUNCTIONS ENABLED
 TTTTTTTTTTTTTTTTTTTTTTTTTTTTTT gordsh1     TELAPSE        1.82 TCPU        0.58

 MATRIX SIZE: P(G)  884400, F(G)  101741, P(G) IRR  123804, F(G) IRR   29227
 MAX G-VECTOR INDEX FOR 1- AND 2-ELECTRON INTEGRALS 395

 TTTTTTTTTTTTTTTTTTTTTTTTTTTTTT INPUT       TELAPSE        1.83 TCPU        0.59

 NEIGHBORS OF THE NON-EQUIVALENT ATOMS

 N = NUMBER OF NEIGHBORS AT DISTANCE R
    ATOM  N     R/ANG      R/AU   NEIGHBORS (ATOM LABELS AND CELL INDICES)
   1 C    1     1.5118     2.8569    3 C    1 0 0
   1 C    1     1.5131     2.8594    8 C    1 0 0
   1 C    1     1.5250     2.8818    2 C    0 0 0
   1 C    1     1.5691     2.9651    5 C    0 0 0
   1 C    1     2.3158     4.3762    6 C    0 0 0
   1 C    1     2.3233     4.3904    7 C    0 0 0

   5 C    1     1.5385     2.9073    7 C    0 0 1
   5 C    2     1.5691     2.9651    1 C    0 0 0    4 C    0 0 0
   5 C    1     1.6135     3.0490    8 C    0 0 0
   5 C    1     2.2310     4.2160    6 C    0 0 1
   5 C    2     2.3158     4.3762    2 C    0 0 0    3 C    0 0 0
   5 C    2     2.4786     4.6838    1 C   -1 0 0    4 C    0 1 0

   7 C    2     1.5131     2.8594    2 C    0-1 0    3 C    1 0 0
   7 C    1     1.5385     2.9073    5 C    0 0-1
   7 C    1     1.6135     3.0490    6 C    0 0 0
   7 C    1     2.2278     4.2100    8 C    0 0-1
   7 C    2     2.3233     4.3904    1 C    0 0 0    4 C    0 0 0
   7 C    2     2.5111     4.7453    2 C    0 0 0    3 C    0 0 0


 SYMMETRY ALLOWED INTERNAL DEGREE(S) OF FREEDOM:   7
 TTTTTTTTTTTTTTTTTTTTTTTTTTTTTT SYMM        TELAPSE        1.88 TCPU        0.62
 TTTTTTTTTTTTTTTTTTTTTTTTTTTTTT INT_SCREEN  TELAPSE        1.88 TCPU        0.62

 DFT PARAMETERS

     ATOM       ELECTRONS   NET CHARGE   R(ANGSTROM)
   1   6  C       6.0000      0.0000     0.77000000

 SIZE OF GRID=      54175
 TTTTTTTTTTTTTTTTTTTTTTTTTTTTTT MAKE_GRID2  TELAPSE        2.19 TCPU        0.93
 BECKE WEIGHT FUNCTION
 RADSAFE =     2.00
 TOLERANCES - DENSITY:10**- 6; POTENTIAL:10**- 9; GRID WGT:10**-14

 RADIAL INTEGRATION  - INTERVALS (POINTS,UPPER LIMIT):            1( 75,  4.0*R)

 ANGULAR INTEGRATION - INTERVALS (ACCURACY LEVEL [N. POINTS] UPPER LIMIT):
  1(  4[  86]   0.2)  2(  8[ 194]   0.5)  3( 12[ 350]   0.9)  4( 16[ 974]   3.5)
  5( 12[ 350]9999.0)
 TTTTTTTTTTTTTTTTTTTTTTTTTTTTTT INT_CALC    TELAPSE        2.21 TCPU        0.95
 EEEEEEEEEE INT_CALC TERMINATION  DATE 24 01 2026 TIME 21:06:40.0

 *******************************************************************************
 ./4^3T86_SCF_opt_BULK_OPTGEOM_opt_B3LYP-D3-D3_optimized_rev1_sp_B3LYP-D3-D3_opti
 CRYSTAL - SCF - TYPE OF CALCULATION :  UNRESTRICTED OPEN SHELL
 *******************************************************************************

 CAPPA:IS1 10;IS2 10;IS3 10; K PTS MONK NET 282; SYMMOPS:K SPACE   4;G SPACE   4

 TTTTTTTTTTTTTTTTTTTTTTTTTTTTTT SDIK        TELAPSE        2.27 TCPU        1.00

 AAAAAAAAAAAAAAAAAAAAAAAAAAAAAAAAAAAAAAAAAAAAAAAAAAAAAAAAAAAAAAAAAAAAAAAAAAAAAAA
         ATOMIC WAVEFUNCTION(S)


 NUCLEAR CHARGE  6.0  SYMMETRY SPECIES            S    P
 N. ELECTRONS    6.0  NUMBER OF PRIMITIVE GTOS   10    6
                      NUMBER OF CONTRACTED GTOS   4    3
                      NUMBER OF CLOSED SHELLS     2    0
                      OPEN SHELL OCCUPATION       0    2

  ZNUC  SCFIT    TOTAL HF ENERGY   KINETIC ENERGY   VIRIAL THEOREM ACCURACY
   6.0    10    -3.766702350E+01  3.783137943E+01 -1.995655566E+00  1.6E-06

 AAAAAAAAAAAAAAAAAAAAAAAAAAAAAAAAAAAAAAAAAAAAAAAAAAAAAAAAAAAAAAAAAAAAAAAAAAAAAAA

 CHARGE NORMALIZATION FACTOR   1.00000000
 TOTAL ATOMIC CHARGES:
   6.0000000   6.0000000   6.0000000   6.0000000   6.0000000   6.0000000
   6.0000000   6.0000000
 SUMMED SPIN DENSITY           0.00000000
 TOTAL ATOMIC SPINS  :
   0.0000000   0.0000000   0.0000000   0.0000000   0.0000000   0.0000000
   0.0000000   0.0000000
 TTTTTTTTTTTTTTTTTTTTTTTTTTTTTT MOQGAD      TELAPSE        2.27 TCPU        1.00
 TTTTTTTTTTTTTTTTTTTTTTTTTTTTTT SHELLXN     TELAPSE       29.62 TCPU       28.34
 TTTTTTTTTTTTTTTTTTTTTTTTTTTTTT MONMO3      TELAPSE       29.64 TCPU       28.36
 NUMERICALLY INTEGRATED DENSITY     23.9999601645     23.9999601645
 TTTTTTTTTTTTTTTTTTTTTTTTTTTTTT NUMDFT      TELAPSE       30.01 TCPU       28.73
 CYC   0 ETOT(AU) -3.073244575107E+02 DETOT -3.07E+02 tst  0.00E+00 PX  1.00E+00
 TTTTTTTTTTTTTTTTTTTTTTTTTTTTTT DIIS        TELAPSE       30.03 TCPU       28.75
 TTTTTTTTTTTTTTTTTTTTTTTTTTTTTT FDIK        TELAPSE       30.80 TCPU       29.52

    ALPHA      ELECTRONS
 INSULATING STATE
 TOP OF VALENCE BANDS -    BAND     24; K   31; EIG -2.2016319E-01 AU
 TOP OF VALENCE BANDS -    BAND     24; K    1; EIG -2.5918064E-01 AU
 BOTTOM OF VIRTUAL BANDS - BAND     25; K    6; EIG -5.7784578E-02 AU
 INDIRECT ENERGY BAND GAP:   4.4185 eV
 BOTTOM OF VIRTUAL BANDS - BAND     25; K    1; EIG -4.8135482E-02 AU

    BETA       ELECTRONS
 INSULATING STATE
 TOP OF VALENCE BANDS -    BAND     24; K   31; EIG -2.2016319E-01 AU
 TOP OF VALENCE BANDS -    BAND     24; K    1; EIG -2.5918064E-01 AU
 BOTTOM OF VIRTUAL BANDS - BAND     25; K    6; EIG -5.7784578E-02 AU
 INDIRECT ENERGY BAND GAP:   4.4185 eV
 BOTTOM OF VIRTUAL BANDS - BAND     25; K    1; EIG -4.8135482E-02 AU
 TTTTTTTTTTTTTTTTTTTTTTTTTTTTTT PDIG        TELAPSE       30.91 TCPU       29.62
 CHARGE NORMALIZATION FACTOR   1.00000000
 TOTAL ATOMIC CHARGES:
   6.0263927   6.0263927   6.0263927   6.0263927   5.9615989   5.9615989
   5.9856157   5.9856157
 SUMMED SPIN DENSITY          -0.00000000
 TOTAL ATOMIC SPINS  :
  -0.0000000  -0.0000000  -0.0000000  -0.0000000  -0.0000000  -0.0000000
   0.0000000   0.0000000
 TTTTTTTTTTTTTTTTTTTTTTTTTTTTTT MOQGAD      TELAPSE       30.92 TCPU       29.63
 TTTTTTTTTTTTTTTTTTTTTTTTTTTTTT SHELLXN     TELAPSE       59.07 TCPU       57.77
 TTTTTTTTTTTTTTTTTTTTTTTTTTTTTT MONMO3      TELAPSE       59.10 TCPU       57.79
 NUMERICALLY INTEGRATED DENSITY     23.9999749201     23.9999749201
 TTTTTTTTTTTTTTTTTTTTTTTTTTTTTT NUMDFT      TELAPSE       59.45 TCPU       58.15
 CYC   1 ETOT(AU) -3.046557408973E+02 DETOT  2.67E+00 tst  0.00E+00 PX  1.00E+00
 TTTTTTTTTTTTTTTTTTTTTTTTTTTTTT DIIS        TELAPSE       59.48 TCPU       58.17
 DIIS TEST: 0.97541E-01 AT SCF   CYCLE   1 - MIX   30 %
 TTTTTTTTTTTTTTTTTTTTTTTTTTTTTT FDIK        TELAPSE       59.81 TCPU       58.50

    ALPHA      ELECTRONS
 INSULATING STATE
 TOP OF VALENCE BANDS -    BAND     24; K   31; EIG -1.4239051E-01 AU
 TOP OF VALENCE BANDS -    BAND     24; K    1; EIG -1.8404937E-01 AU
 BOTTOM OF VIRTUAL BANDS - BAND     25; K    6; EIG  3.3858782E-02 AU
 INDIRECT ENERGY BAND GAP:   4.7960 eV
 BOTTOM OF VIRTUAL BANDS - BAND     25; K    1; EIG  4.8211019E-02 AU

    BETA       ELECTRONS
 INSULATING STATE
 TOP OF VALENCE BANDS -    BAND     24; K   31; EIG -1.4239051E-01 AU
 TOP OF VALENCE BANDS -    BAND     24; K    1; EIG -1.8404937E-01 AU
 BOTTOM OF VIRTUAL BANDS - BAND     25; K    6; EIG  3.3858782E-02 AU
 INDIRECT ENERGY BAND GAP:   4.7960 eV
 BOTTOM OF VIRTUAL BANDS - BAND     25; K    1; EIG  4.8211019E-02 AU
 TTTTTTTTTTTTTTTTTTTTTTTTTTTTTT PDIG        TELAPSE       59.92 TCPU       58.60
 CHARGE NORMALIZATION FACTOR   1.00000000
 TOTAL ATOMIC CHARGES:
   5.9857870   5.9857870   5.9857870   5.9857870   6.0557582   6.0557582
   5.9726679   5.9726679
 SUMMED SPIN DENSITY           0.00000000
 TOTAL ATOMIC SPINS  :
  -0.0000000  -0.0000000  -0.0000000  -0.0000000  -0.0000000  -0.0000000
   0.0000000   0.0000000
 TTTTTTTTTTTTTTTTTTTTTTTTTTTTTT MOQGAD      TELAPSE       59.92 TCPU       58.61
 TTTTTTTTTTTTTTTTTTTTTTTTTTTTTT SHELLXN     TELAPSE       88.09 TCPU       86.76
 TTTTTTTTTTTTTTTTTTTTTTTTTTTTTT MONMO3      TELAPSE       88.12 TCPU       86.79
 NUMERICALLY INTEGRATED DENSITY     23.9999732741     23.9999732741
 TTTTTTTTTTTTTTTTTTTTTTTTTTTTTT NUMDFT      TELAPSE       88.47 TCPU       87.14
 CYC   2 ETOT(AU) -3.046692884559E+02 DETOT -1.35E-02 tst  2.20E-04 PX  6.67E-02
 TTTTTTTTTTTTTTTTTTTTTTTTTTTTTT DIIS        TELAPSE       88.50 TCPU       87.17
 DIIS TEST: 0.19526E-01 AT SCF   CYCLE   2 - DIIS ACTIVE - HISTORY:     2 CYCLES
 TTTTTTTTTTTTTTTTTTTTTTTTTTTTTT FDIK        TELAPSE       88.81 TCPU       87.48

    ALPHA      ELECTRONS
 INSULATING STATE
 TOP OF VALENCE BANDS -    BAND     24; K   31; EIG -1.2331661E-01 AU
 TOP OF VALENCE BANDS -    BAND     24; K    1; EIG -1.5987443E-01 AU
 BOTTOM OF VIRTUAL BANDS - BAND     25; K    6; EIG  7.0177298E-02 AU
 INDIRECT ENERGY BAND GAP:   5.2652 eV
 BOTTOM OF VIRTUAL BANDS - BAND     25; K    1; EIG  8.4730830E-02 AU

    BETA       ELECTRONS
 INSULATING STATE
 TOP OF VALENCE BANDS -    BAND     24; K   31; EIG -1.2331661E-01 AU
 TOP OF VALENCE BANDS -    BAND     24; K    1; EIG -1.5987443E-01 AU
 BOTTOM OF VIRTUAL BANDS - BAND     25; K    6; EIG  7.0177298E-02 AU
 INDIRECT ENERGY BAND GAP:   5.2652 eV
 BOTTOM OF VIRTUAL BANDS - BAND     25; K    1; EIG  8.4730830E-02 AU
 TTTTTTTTTTTTTTTTTTTTTTTTTTTTTT PDIG        TELAPSE       88.92 TCPU       87.58
 CHARGE NORMALIZATION FACTOR   1.00000000
 TOTAL ATOMIC CHARGES:
   6.0121451   6.0121451   6.0121451   6.0121451   5.9922224   5.9922224
   5.9834875   5.9834875
 SUMMED SPIN DENSITY          -0.00000000
 TOTAL ATOMIC SPINS  :
  -0.0000000  -0.0000000  -0.0000000  -0.0000000  -0.0000000  -0.0000000
   0.0000000   0.0000000
 TTTTTTTTTTTTTTTTTTTTTTTTTTTTTT MOQGAD      TELAPSE       88.92 TCPU       87.58
 TTTTTTTTTTTTTTTTTTTTTTTTTTTTTT SHELLXN     TELAPSE      117.05 TCPU      115.70
 TTTTTTTTTTTTTTTTTTTTTTTTTTTTTT MONMO3      TELAPSE      117.07 TCPU      115.72
 NUMERICALLY INTEGRATED DENSITY     23.9999729170     23.9999729170
 TTTTTTTTTTTTTTTTTTTTTTTTTTTTTT NUMDFT      TELAPSE      117.43 TCPU      116.08
 CYC   3 ETOT(AU) -3.046701922475E+02 DETOT -9.04E-04 tst  6.07E-05 PX  3.28E-02
 TTTTTTTTTTTTTTTTTTTTTTTTTTTTTT DIIS        TELAPSE      117.46 TCPU      116.10
 DIIS TEST: 0.10214E-01 AT SCF   CYCLE   3 - DIIS ACTIVE - HISTORY:     3 CYCLES
 TTTTTTTTTTTTTTTTTTTTTTTTTTTTTT FDIK        TELAPSE      117.77 TCPU      116.42

    ALPHA      ELECTRONS
 INSULATING STATE
 TOP OF VALENCE BANDS -    BAND     24; K   31; EIG -1.2299103E-01 AU
 TOP OF VALENCE BANDS -    BAND     24; K    1; EIG -1.6250128E-01 AU
 BOTTOM OF VIRTUAL BANDS - BAND     25; K    6; EIG  6.8994820E-02 AU
 INDIRECT ENERGY BAND GAP:   5.2242 eV
 BOTTOM OF VIRTUAL BANDS - BAND     25; K    1; EIG  8.2715859E-02 AU

    BETA       ELECTRONS
 INSULATING STATE
 TOP OF VALENCE BANDS -    BAND     24; K   31; EIG -1.2299103E-01 AU
 TOP OF VALENCE BANDS -    BAND     24; K    1; EIG -1.6250128E-01 AU
 BOTTOM OF VIRTUAL BANDS - BAND     25; K    6; EIG  6.8994820E-02 AU
 INDIRECT ENERGY BAND GAP:   5.2242 eV
 BOTTOM OF VIRTUAL BANDS - BAND     25; K    1; EIG  8.2715859E-02 AU
 TTTTTTTTTTTTTTTTTTTTTTTTTTTTTT PDIG        TELAPSE      117.88 TCPU      116.52
 CHARGE NORMALIZATION FACTOR   1.00000000
 TOTAL ATOMIC CHARGES:
   5.9950438   5.9950438   5.9950438   5.9950438   6.0252527   6.0252527
   5.9846597   5.9846597
 SUMMED SPIN DENSITY          -0.00000000
 TOTAL ATOMIC SPINS  :
  -0.0000000  -0.0000000  -0.0000000  -0.0000000  -0.0000000  -0.0000000
   0.0000000   0.0000000
 TTTTTTTTTTTTTTTTTTTTTTTTTTTTTT MOQGAD      TELAPSE      117.88 TCPU      116.52
 TTTTTTTTTTTTTTTTTTTTTTTTTTTTTT SHELLXN     TELAPSE      146.03 TCPU      144.66
 TTTTTTTTTTTTTTTTTTTTTTTTTTTTTT MONMO3      TELAPSE      146.05 TCPU      144.68
 NUMERICALLY INTEGRATED DENSITY     23.9999731075     23.9999731075
 TTTTTTTTTTTTTTTTTTTTTTTTTTTTTT NUMDFT      TELAPSE      146.41 TCPU      145.04
 CYC   4 ETOT(AU) -3.046707384199E+02 DETOT -5.46E-04 tst  1.29E-05 PX  8.94E-03
 TTTTTTTTTTTTTTTTTTTTTTTTTTTTTT DIIS        TELAPSE      146.43 TCPU      145.06
 DIIS TEST: 0.35958E-03 AT SCF   CYCLE   4 - DIIS ACTIVE - HISTORY:     4 CYCLES
 TTTTTTTTTTTTTTTTTTTTTTTTTTTTTT FDIK        TELAPSE      146.75 TCPU      145.38

    ALPHA      ELECTRONS
 INSULATING STATE
 TOP OF VALENCE BANDS -    BAND     24; K   31; EIG -1.2343315E-01 AU
 TOP OF VALENCE BANDS -    BAND     24; K    1; EIG -1.6227109E-01 AU
 BOTTOM OF VIRTUAL BANDS - BAND     25; K    6; EIG  6.9246549E-02 AU
 INDIRECT ENERGY BAND GAP:   5.2431 eV
 BOTTOM OF VIRTUAL BANDS - BAND     25; K    1; EIG  8.3226857E-02 AU

    BETA       ELECTRONS
 INSULATING STATE
 TOP OF VALENCE BANDS -    BAND     24; K   31; EIG -1.2343315E-01 AU
 TOP OF VALENCE BANDS -    BAND     24; K    1; EIG -1.6227109E-01 AU
 BOTTOM OF VIRTUAL BANDS - BAND     25; K    6; EIG  6.9246549E-02 AU
 INDIRECT ENERGY BAND GAP:   5.2431 eV
 BOTTOM OF VIRTUAL BANDS - BAND     25; K    1; EIG  8.3226857E-02 AU
 TTTTTTTTTTTTTTTTTTTTTTTTTTTTTT PDIG        TELAPSE      146.86 TCPU      145.49
 CHARGE NORMALIZATION FACTOR   1.00000000
 TOTAL ATOMIC CHARGES:
   5.9983552   5.9983552   5.9983552   5.9983552   6.0227373   6.0227373
   5.9805524   5.9805524
 SUMMED SPIN DENSITY           0.00000000
 TOTAL ATOMIC SPINS  :
   0.0000000   0.0000000   0.0000000   0.0000000  -0.0000000  -0.0000000
   0.0000000   0.0000000
 TTTTTTTTTTTTTTTTTTTTTTTTTTTTTT MOQGAD      TELAPSE      146.86 TCPU      145.49
 TTTTTTTTTTTTTTTTTTTTTTTTTTTTTT SHELLXN     TELAPSE      175.03 TCPU      173.64
 TTTTTTTTTTTTTTTTTTTTTTTTTTTTTT MONMO3      TELAPSE      175.05 TCPU      173.66
 NUMERICALLY INTEGRATED DENSITY     23.9999730794     23.9999730794
 TTTTTTTTTTTTTTTTTTTTTTTTTTTTTT NUMDFT      TELAPSE      175.41 TCPU      174.02
 CYC   5 ETOT(AU) -3.046707587536E+02 DETOT -2.03E-05 tst  4.73E-07 PX  1.47E-03
 TTTTTTTTTTTTTTTTTTTTTTTTTTTTTT DIIS        TELAPSE      175.43 TCPU      174.04
 DIIS TEST: 0.25078E-04 AT SCF   CYCLE   5 - DIIS ACTIVE - HISTORY:     5 CYCLES
 TTTTTTTTTTTTTTTTTTTTTTTTTTTTTT FDIK        TELAPSE      175.74 TCPU      174.35

    ALPHA      ELECTRONS
 INSULATING STATE
 TOP OF VALENCE BANDS -    BAND     24; K   31; EIG -1.2323416E-01 AU
 TOP OF VALENCE BANDS -    BAND     24; K    1; EIG -1.6228018E-01 AU
 BOTTOM OF VIRTUAL BANDS - BAND     25; K    6; EIG  6.9236784E-02 AU
 INDIRECT ENERGY BAND GAP:   5.2374 eV
 BOTTOM OF VIRTUAL BANDS - BAND     25; K    1; EIG  8.3292603E-02 AU

    BETA       ELECTRONS
 INSULATING STATE
 TOP OF VALENCE BANDS -    BAND     24; K   31; EIG -1.2323416E-01 AU
 TOP OF VALENCE BANDS -    BAND     24; K    1; EIG -1.6228018E-01 AU
 BOTTOM OF VIRTUAL BANDS - BAND     25; K    6; EIG  6.9236784E-02 AU
 INDIRECT ENERGY BAND GAP:   5.2374 eV
 BOTTOM OF VIRTUAL BANDS - BAND     25; K    1; EIG  8.3292603E-02 AU
 TTTTTTTTTTTTTTTTTTTTTTTTTTTTTT PDIG        TELAPSE      175.85 TCPU      174.45
 CHARGE NORMALIZATION FACTOR   1.00000000
 TOTAL ATOMIC CHARGES:
   5.9974982   5.9974982   5.9974982   5.9974982   6.0218242   6.0218242
   5.9831794   5.9831794
 SUMMED SPIN DENSITY           0.00000000
 TOTAL ATOMIC SPINS  :
   0.0000000   0.0000000   0.0000000   0.0000000  -0.0000000  -0.0000000
   0.0000000   0.0000000
 TTTTTTTTTTTTTTTTTTTTTTTTTTTTTT MOQGAD      TELAPSE      175.85 TCPU      174.46
 TTTTTTTTTTTTTTTTTTTTTTTTTTTTTT SHELLXN     TELAPSE      204.01 TCPU      202.60
 TTTTTTTTTTTTTTTTTTTTTTTTTTTTTT MONMO3      TELAPSE      204.03 TCPU      202.63
 NUMERICALLY INTEGRATED DENSITY     23.9999730727     23.9999730727
 TTTTTTTTTTTTTTTTTTTTTTTTTTTTTT NUMDFT      TELAPSE      204.39 TCPU      202.98
 CYC   6 ETOT(AU) -3.046707597219E+02 DETOT -9.68E-07 tst  5.05E-08 PX  4.50E-04
 TTTTTTTTTTTTTTTTTTTTTTTTTTTTTT DIIS        TELAPSE      204.41 TCPU      203.00
 DIIS TEST: 0.76777E-05 AT SCF   CYCLE   6 - DIIS ACTIVE - HISTORY:     6 CYCLES
 TTTTTTTTTTTTTTTTTTTTTTTTTTTTTT FDIK        TELAPSE      204.73 TCPU      203.31

    ALPHA      ELECTRONS
 INSULATING STATE
 TOP OF VALENCE BANDS -    BAND     24; K   31; EIG -1.2328399E-01 AU
 TOP OF VALENCE BANDS -    BAND     24; K    1; EIG -1.6228838E-01 AU
 BOTTOM OF VIRTUAL BANDS - BAND     25; K    6; EIG  6.9231689E-02 AU
 INDIRECT ENERGY BAND GAP:   5.2386 eV
 BOTTOM OF VIRTUAL BANDS - BAND     25; K    1; EIG  8.3252512E-02 AU

    BETA       ELECTRONS
 INSULATING STATE
 TOP OF VALENCE BANDS -    BAND     24; K   31; EIG -1.2328399E-01 AU
 TOP OF VALENCE BANDS -    BAND     24; K    1; EIG -1.6228838E-01 AU
 BOTTOM OF VIRTUAL BANDS - BAND     25; K    6; EIG  6.9231689E-02 AU
 INDIRECT ENERGY BAND GAP:   5.2386 eV
 BOTTOM OF VIRTUAL BANDS - BAND     25; K    1; EIG  8.3252512E-02 AU
 TTTTTTTTTTTTTTTTTTTTTTTTTTTTTT PDIG        TELAPSE      204.83 TCPU      203.42
 CHARGE NORMALIZATION FACTOR   1.00000000
 TOTAL ATOMIC CHARGES:
   5.9976833   5.9976833   5.9976833   5.9976833   6.0223363   6.0223363
   5.9822971   5.9822971
 SUMMED SPIN DENSITY           0.00000000
 TOTAL ATOMIC SPINS  :
   0.0000000   0.0000000   0.0000000   0.0000000  -0.0000000  -0.0000000
   0.0000000   0.0000000
 TTTTTTTTTTTTTTTTTTTTTTTTTTTTTT MOQGAD      TELAPSE      204.84 TCPU      203.42
 TTTTTTTTTTTTTTTTTTTTTTTTTTTTTT SHELLXN     TELAPSE      233.00 TCPU      231.57
 TTTTTTTTTTTTTTTTTTTTTTTTTTTTTT MONMO3      TELAPSE      233.02 TCPU      231.59
 NUMERICALLY INTEGRATED DENSITY     23.9999730728     23.9999730728
 TTTTTTTTTTTTTTTTTTTTTTTTTTTTTT NUMDFT      TELAPSE      233.37 TCPU      231.94
 CYC   7 ETOT(AU) -3.046707601718E+02 DETOT -4.50E-07 tst  7.76E-09 PX  2.01E-04
 TTTTTTTTTTTTTTTTTTTTTTTTTTTTTT DIIS        TELAPSE      233.40 TCPU      231.96
 DIIS TEST: 0.17793E-07 AT SCF   CYCLE   7 - DIIS ACTIVE - HISTORY:     7 CYCLES
 TTTTTTTTTTTTTTTTTTTTTTTTTTTTTT FDIK        TELAPSE      233.72 TCPU      232.28

    ALPHA      ELECTRONS
 INSULATING STATE
 TOP OF VALENCE BANDS -    BAND     24; K   31; EIG -1.2329894E-01 AU
 TOP OF VALENCE BANDS -    BAND     24; K    1; EIG -1.6229884E-01 AU
 BOTTOM OF VIRTUAL BANDS - BAND     25; K    6; EIG  6.9217967E-02 AU
 INDIRECT ENERGY BAND GAP:   5.2387 eV
 BOTTOM OF VIRTUAL BANDS - BAND     25; K    1; EIG  8.3240300E-02 AU

    BETA       ELECTRONS
 INSULATING STATE
 TOP OF VALENCE BANDS -    BAND     24; K   31; EIG -1.2329894E-01 AU
 TOP OF VALENCE BANDS -    BAND     24; K    1; EIG -1.6229884E-01 AU
 BOTTOM OF VIRTUAL BANDS - BAND     25; K    6; EIG  6.9217967E-02 AU
 INDIRECT ENERGY BAND GAP:   5.2387 eV
 BOTTOM OF VIRTUAL BANDS - BAND     25; K    1; EIG  8.3240300E-02 AU
 TTTTTTTTTTTTTTTTTTTTTTTTTTTTTT PDIG        TELAPSE      233.83 TCPU      232.39
 CHARGE NORMALIZATION FACTOR   1.00000000
 TOTAL ATOMIC CHARGES:
   5.9977024   5.9977024   5.9977024   5.9977024   6.0223131   6.0223131
   5.9822820   5.9822820
 SUMMED SPIN DENSITY          -0.00000000
 TOTAL ATOMIC SPINS  :
   0.0000000   0.0000000   0.0000000   0.0000000  -0.0000000  -0.0000000
  -0.0000000  -0.0000000
 TTTTTTTTTTTTTTTTTTTTTTTTTTTTTT MOQGAD      TELAPSE      233.83 TCPU      232.39
 TTTTTTTTTTTTTTTTTTTTTTTTTTTTTT SHELLXN     TELAPSE      261.98 TCPU      260.53
 TTTTTTTTTTTTTTTTTTTTTTTTTTTTTT MONMO3      TELAPSE      262.00 TCPU      260.55
 NUMERICALLY INTEGRATED DENSITY     23.9999730725     23.9999730725
 TTTTTTTTTTTTTTTTTTTTTTTTTTTTTT NUMDFT      TELAPSE      262.36 TCPU      260.90
 CYC   8 ETOT(AU) -3.046707601632E+02 DETOT  8.67E-09 tst  3.71E-11 PX  1.09E-05
 TTTTTTTTTTTTTTTTTTTTTTTTTTTTTT DIIS        TELAPSE      262.38 TCPU      260.93
 DIIS TEST: 0.85045E-09 AT SCF   CYCLE   8 - DIIS ACTIVE - HISTORY:     8 CYCLES
 TTTTTTTTTTTTTTTTTTTTTTTTTTTTTT FDIK        TELAPSE      262.70 TCPU      261.24

    ALPHA      ELECTRONS
 INSULATING STATE
 TOP OF VALENCE BANDS -    BAND     24; K   31; EIG -1.2330134E-01 AU
 TOP OF VALENCE BANDS -    BAND     24; K    1; EIG -1.6230238E-01 AU
 BOTTOM OF VIRTUAL BANDS - BAND     25; K    6; EIG  6.9215358E-02 AU
 INDIRECT ENERGY BAND GAP:   5.2386 eV
 BOTTOM OF VIRTUAL BANDS - BAND     25; K    1; EIG  8.3237914E-02 AU

    BETA       ELECTRONS
 INSULATING STATE
 TOP OF VALENCE BANDS -    BAND     24; K   31; EIG -1.2330134E-01 AU
 TOP OF VALENCE BANDS -    BAND     24; K    1; EIG -1.6230238E-01 AU
 BOTTOM OF VIRTUAL BANDS - BAND     25; K    6; EIG  6.9215358E-02 AU
 INDIRECT ENERGY BAND GAP:   5.2386 eV
 BOTTOM OF VIRTUAL BANDS - BAND     25; K    1; EIG  8.3237914E-02 AU
 TTTTTTTTTTTTTTTTTTTTTTTTTTTTTT PDIG        TELAPSE      262.80 TCPU      261.35
 CHARGE NORMALIZATION FACTOR   1.00000000
 TOTAL ATOMIC CHARGES:
   5.9976977   5.9976977   5.9976977   5.9976977   6.0223187   6.0223187
   5.9822860   5.9822860
 SUMMED SPIN DENSITY           0.00000000
 TOTAL ATOMIC SPINS  :
   0.0000000   0.0000000   0.0000000   0.0000000   0.0000000   0.0000000
  -0.0000000  -0.0000000
 TTTTTTTTTTTTTTTTTTTTTTTTTTTTTT MOQGAD      TELAPSE      262.81 TCPU      261.35
 TTTTTTTTTTTTTTTTTTTTTTTTTTTTTT SHELLXN     TELAPSE      290.96 TCPU      289.49
 TTTTTTTTTTTTTTTTTTTTTTTTTTTTTT MONMO3      TELAPSE      290.98 TCPU      289.51
 NUMERICALLY INTEGRATED DENSITY     23.9999730725     23.9999730725
 TTTTTTTTTTTTTTTTTTTTTTTTTTTTTT NUMDFT      TELAPSE      291.34 TCPU      289.86
 CYC   9 ETOT(AU) -3.046707601654E+02 DETOT -2.24E-09 tst  1.33E-12 PX  2.17E-06
 TTTTTTTTTTTTTTTTTTTTTTTTTTTTTT DIIS        TELAPSE      291.36 TCPU      289.89
 DIIS TEST: 0.13718E-10 AT SCF   CYCLE   9 - DIIS ACTIVE - HISTORY:     9 CYCLES
 TTTTTTTTTTTTTTTTTTTTTTTTTTTTTT FDIK        TELAPSE      291.62 TCPU      290.14

    ALPHA      ELECTRONS
 INSULATING STATE
 TOP OF VALENCE BANDS -    BAND     24; K   31; EIG -1.2330147E-01 AU
 TOP OF VALENCE BANDS -    BAND     24; K    1; EIG -1.6230245E-01 AU
 BOTTOM OF VIRTUAL BANDS - BAND     25; K    6; EIG  6.9215215E-02 AU
 INDIRECT ENERGY BAND GAP:   5.2386 eV
 BOTTOM OF VIRTUAL BANDS - BAND     25; K    1; EIG  8.3237779E-02 AU

    BETA       ELECTRONS
 INSULATING STATE
 TOP OF VALENCE BANDS -    BAND     24; K   31; EIG -1.2330147E-01 AU
 TOP OF VALENCE BANDS -    BAND     24; K    1; EIG -1.6230245E-01 AU
 BOTTOM OF VIRTUAL BANDS - BAND     25; K    6; EIG  6.9215215E-02 AU
 INDIRECT ENERGY BAND GAP:   5.2386 eV
 BOTTOM OF VIRTUAL BANDS - BAND     25; K    1; EIG  8.3237779E-02 AU
 TTTTTTTTTTTTTTTTTTTTTTTTTTTTTT PDIG        TELAPSE      291.73 TCPU      290.25
 CHARGE NORMALIZATION FACTOR   1.00000000
 TOTAL ATOMIC CHARGES:
   5.9976981   5.9976981   5.9976981   5.9976981   6.0223183   6.0223183
   5.9822854   5.9822854
 SUMMED SPIN DENSITY           0.00000000
 TOTAL ATOMIC SPINS  :
  -0.0000000  -0.0000000  -0.0000000  -0.0000000   0.0000000   0.0000000
   0.0000000   0.0000000
 TTTTTTTTTTTTTTTTTTTTTTTTTTTTTT MOQGAD      TELAPSE      291.73 TCPU      290.25
 TTTTTTTTTTTTTTTTTTTTTTTTTTTTTT SHELLXN     TELAPSE      319.87 TCPU      318.38
 TTTTTTTTTTTTTTTTTTTTTTTTTTTTTT MONMO3      TELAPSE      319.89 TCPU      318.40
 NUMERICALLY INTEGRATED DENSITY     23.9999730725     23.9999730725
 TTTTTTTTTTTTTTTTTTTTTTTTTTTTTT NUMDFT      TELAPSE      320.25 TCPU      318.76
 CYC  10 ETOT(AU) -3.046707601652E+02 DETOT  2.35E-10 tst  2.22E-14 PX  2.29E-07
 TTTTTTTTTTTTTTTTTTTTTTTTTTTTTT DIIS        TELAPSE      320.28 TCPU      318.78
 DIIS TEST: 0.15900E-11 AT SCF   CYCLE  10 - DIIS ACTIVE - HISTORY:    10 CYCLES
 TTTTTTTTTTTTTTTTTTTTTTTTTTTTTT FDIK        TELAPSE      320.49 TCPU      318.99

    ALPHA      ELECTRONS
 INSULATING STATE
 TOP OF VALENCE BANDS -    BAND     24; K   31; EIG -1.2330147E-01 AU
 TOP OF VALENCE BANDS -    BAND     24; K    1; EIG -1.6230245E-01 AU
 BOTTOM OF VIRTUAL BANDS - BAND     25; K    6; EIG  6.9215212E-02 AU
 INDIRECT ENERGY BAND GAP:   5.2386 eV
 BOTTOM OF VIRTUAL BANDS - BAND     25; K    1; EIG  8.3237781E-02 AU

    BETA       ELECTRONS
 INSULATING STATE
 TOP OF VALENCE BANDS -    BAND     24; K   31; EIG -1.2330147E-01 AU
 TOP OF VALENCE BANDS -    BAND     24; K    1; EIG -1.6230245E-01 AU
 BOTTOM OF VIRTUAL BANDS - BAND     25; K    6; EIG  6.9215212E-02 AU
 INDIRECT ENERGY BAND GAP:   5.2386 eV
 BOTTOM OF VIRTUAL BANDS - BAND     25; K    1; EIG  8.3237781E-02 AU
 TTTTTTTTTTTTTTTTTTTTTTTTTTTTTT PDIG        TELAPSE      320.59 TCPU      319.09
 CHARGE NORMALIZATION FACTOR   1.00000000
 TOTAL ATOMIC CHARGES:
   5.9976981   5.9976981   5.9976981   5.9976981   6.0223184   6.0223184
   5.9822854   5.9822854
 SUMMED SPIN DENSITY          -0.00000000
 TOTAL ATOMIC SPINS  :
   0.0000000   0.0000000   0.0000000   0.0000000  -0.0000000  -0.0000000
   0.0000000   0.0000000
 TTTTTTTTTTTTTTTTTTTTTTTTTTTTTT MOQGAD      TELAPSE      320.60 TCPU      319.10
 TTTTTTTTTTTTTTTTTTTTTTTTTTTTTT SHELLXN     TELAPSE      348.72 TCPU      347.21
 +++ ENERGIES IN A.U. +++
 ::: EXT EL-POLE                                  -1.4655451027155E+03
 ::: EXT EL-SPHEROPOLE                             1.2662121643057E+01
 ::: BIELET ZONE E-E                               1.5114465015435E+03
 ::: TOTAL E-E                                     5.8563520471076E+01
 ::: TOTAL E-N + N-E                              -5.2629579472821E+02
 ::: TOTAL N-N                                    -1.0548373592539E+02
 ::: KINETIC ENERGY                                3.0379162975229E+02
 ::: PSEUDO TOTAL   ENERGY                        -2.6942438043024E+02
 ::: VIRIAL COEFFICIENT                            1.0599551455499E+00
 TTTTTTTTTTTTTTTTTTTTTTTTTTTTTT MONMO3      TELAPSE      348.75 TCPU      347.23
 NUMERICALLY INTEGRATED DENSITY     23.9999730725     23.9999730725
 EXCHANGE ENERGY: -0.332112394411E+02  CORRELATION ENERGY: -0.203514029385E+01
 TTTTTTTTTTTTTTTTTTTTTTTTTTTTTT NUMDFT      TELAPSE      349.10 TCPU      347.59
 CYC  11 ETOT(AU) -3.046707601652E+02 DETOT  5.51E-12 tst  2.74E-15 PX  2.29E-07

 == SCF ENDED - CONVERGENCE ON ENERGY      E(AU) -3.0467076016518E+02 CYCLES  11


 ENERGY EXPRESSION=HARTREE+FOCK EXCH*0.20000+(BECKE      EXCH)*0.80000+LYP        CORR


 TOTAL ENERGY(DFT)(AU)( 11) -3.0467076016518E+02 DE 5.5E-12 tester 2.7E-15
 TTTTTTTTTTTTTTTTTTTTTTTTTTTTTT EDFT        TELAPSE      349.11 TCPU      347.60
 
 INFORMATION **** DFTD3 ENERGY **** CALCULATE DFTD3 ENERGY

           DFT-D V3(BJ)
 DF                                         b3-lyp    
 parameters
 s6       :    1.0000
 s8       :    1.9889
 a1       :    0.3981
 a2       :    4.4211
 k1 k3    :   16.0000   -4.0000
 Cutoff   :   50.2022
 CN-Cutoff:   21.1671
 ABC-Cutoff:   21.1671
 
 Edisp /kcal,au:   -52.2982 -0.08334251

 E6    /kcal :   -25.1666
 E8    /kcal :   -27.1316
 
 INFORMATION **** DFTD3 ENERGY **** NORMAL TERMINATION OF DFTD3 MODULE

 *******************************************************************************

 DFT-D3 DISPERSION ENERGY CORRECTION

 D3 DISPERSION ENERGY (AU)       -8.3342510840765E-02
 TOTAL ENERGY + DISP (AU)        -3.0475410267602E+02

 *******************************************************************************


 NEIGHBORS OF THE NON-EQUIVALENT ATOMS

 N = NUMBER OF NEIGHBORS AT DISTANCE R
    ATOM  N     R/ANG      R/AU   NEIGHBORS (ATOM LABELS AND CELL INDICES)
   1 C    1     1.5118     2.8569    3 C    1 0 0
   1 C    1     1.5131     2.8594    8 C    1 0 0
   1 C    1     1.5250     2.8818    2 C    0 0 0
   1 C    1     1.5691     2.9651    5 C    0 0 0
   1 C    1     2.3158     4.3762    6 C    0 0 0
   1 C    1     2.3233     4.3904    7 C    0 0 0

   5 C    1     1.5385     2.9073    7 C    0 0 1
   5 C    2     1.5691     2.9651    1 C    0 0 0    4 C    0 0 0
   5 C    1     1.6135     3.0490    8 C    0 0 0
   5 C    1     2.2310     4.2160    6 C    0 0 1
   5 C    2     2.3158     4.3762    2 C    0 0 0    3 C    0 0 0
   5 C    2     2.4786     4.6838    1 C   -1 0 0    4 C    0 1 0

   7 C    2     1.5131     2.8594    2 C    0-1 0    3 C    1 0 0
   7 C    1     1.5385     2.9073    5 C    0 0-1
   7 C    1     1.6135     3.0490    6 C    0 0 0
   7 C    1     2.2278     4.2100    8 C    0 0-1
   7 C    2     2.3233     4.3904    1 C    0 0 0    4 C    0 0 0
   7 C    2     2.5111     4.7453    2 C    0 0 0    3 C    0 0 0

 TTTTTTTTTTTTTTTTTTTTTTTTTTTTTT AFTER FIRST TELAPSE      349.16 TCPU      347.63
 MMMMMMMMMMMMMMMMMMMMMMMMMMMMMMMMMMMMMMMMMMMMMMMMMMMMMMMMMMMMMMMMMMMMMMMMMMMMMMM
     ALPHA+BETA ELECTRONS
 MULLIKEN POPULATION ANALYSIS - NO. OF ELECTRONS   48.000000

  ATOM    Z CHARGE  A.O. POPULATION

   1 C    6  5.998  0.853  1.120  0.756  0.409  0.460  0.440  0.445 -0.016
                   -0.010 -0.005  0.495  0.515  0.489  0.005  0.013  0.011
                    0.011  0.006
   2 C    6  5.998  0.853  1.120  0.756  0.409  0.460  0.440  0.445 -0.016
                   -0.010 -0.005  0.495  0.515  0.489  0.005  0.013  0.011
                    0.011  0.006
   3 C    6  5.998  0.853  1.120  0.756  0.409  0.460  0.440  0.445 -0.016
                   -0.010 -0.005  0.495  0.515  0.489  0.005  0.013  0.011
                    0.011  0.006
   4 C    6  5.998  0.853  1.120  0.756  0.409  0.460  0.440  0.445 -0.016
                   -0.010 -0.005  0.495  0.515  0.489  0.005  0.013  0.011
                    0.011  0.006
   5 C    6  6.022  0.854  1.120  0.760  0.438  0.428  0.436  0.443 -0.025
                   -0.007 -0.013  0.542  0.506  0.499  0.011  0.006  0.009
                    0.010  0.005
   6 C    6  6.022  0.854  1.120  0.760  0.438  0.428  0.436  0.443 -0.025
                   -0.007 -0.013  0.542  0.506  0.499  0.011  0.006  0.009
                    0.010  0.005
   7 C    6  5.982  0.853  1.121  0.762  0.400  0.430  0.460  0.446 -0.018
                   -0.007  0.002  0.524  0.503  0.464  0.012  0.007  0.011
                    0.010  0.006
   8 C    6  5.982  0.853  1.121  0.762  0.400  0.430  0.460  0.446 -0.018
                   -0.007  0.002  0.524  0.503  0.464  0.012  0.007  0.011
                    0.010  0.006

  ATOM    Z CHARGE  SHELL POPULATION

   1 C    6  5.998  0.853  1.120  0.756  0.409  1.345 -0.032  1.498  0.047
   2 C    6  5.998  0.853  1.120  0.756  0.409  1.345 -0.032  1.498  0.047
   3 C    6  5.998  0.853  1.120  0.756  0.409  1.345 -0.032  1.498  0.047
   4 C    6  5.998  0.853  1.120  0.756  0.409  1.345 -0.032  1.498  0.047
   5 C    6  6.022  0.854  1.120  0.760  0.438  1.308 -0.044  1.546  0.041
   6 C    6  6.022  0.854  1.120  0.760  0.438  1.308 -0.044  1.546  0.041
   7 C    6  5.982  0.853  1.121  0.762  0.400  1.335 -0.023  1.491  0.044
   8 C    6  5.982  0.853  1.121  0.762  0.400  1.335 -0.023  1.491  0.044

 OVERLAP POPULATION CONDENSED TO ATOMS FOR FIRST   6 NEIGHBORS

 ATOM A   1 C    ATOM B     CELL      R(AB)/AU R(AB)/ANG    OVPOP(AB)
                  3 C    (  1  0  0)     2.857     1.512     0.326
                  8 C    (  1  0  0)     2.859     1.513     0.318
                  2 C    (  0  0  0)     2.882     1.525     0.319
                  5 C    (  0  0  0)     2.965     1.569     0.316
                  6 C    (  0  0  0)     4.376     2.316    -0.040
                  7 C    (  0  0  0)     4.390     2.323    -0.036

 ATOM A   5 C    ATOM B     CELL      R(AB)/AU R(AB)/ANG    OVPOP(AB)
                  7 C    (  0  0  1)     2.907     1.539     0.311
                  1 C    (  0  0  0)     2.965     1.569     0.316
                  8 C    (  0  0  0)     3.049     1.613     0.412
                  6 C    (  0  0  1)     4.216     2.231    -0.100
                  2 C    (  0  0  0)     4.376     2.316    -0.040
                  1 C    ( -1  0  0)     4.684     2.479    -0.038

 ATOM A   7 C    ATOM B     CELL      R(AB)/AU R(AB)/ANG    OVPOP(AB)
                  2 C    (  0 -1  0)     2.859     1.513     0.318
                  5 C    (  0  0 -1)     2.907     1.539     0.311
                  6 C    (  0  0  0)     3.049     1.613     0.412
                  8 C    (  0  0 -1)     4.210     2.228    -0.096
                  1 C    (  0  0  0)     4.390     2.323    -0.036
                  2 C    (  0  0  0)     4.745     2.511    -0.032
 TTTTTTTTTTTTTTTTTTTTTTTTTTTTTT AFTER FIRST TELAPSE      349.19 TCPU      347.64
 MMMMMMMMMMMMMMMMMMMMMMMMMMMMMMMMMMMMMMMMMMMMMMMMMMMMMMMMMMMMMMMMMMMMMMMMMMMMMMM
     ALPHA-BETA ELECTRONS
 MULLIKEN POPULATION ANALYSIS - NO. OF ELECTRONS   -0.000000

  ATOM    Z CHARGE  A.O. POPULATION

   1 C    6  0.000 -0.000 -0.000  0.000  0.000 -0.000  0.000 -0.000  0.000
                    0.000 -0.000 -0.000  0.000  0.000  0.000 -0.000 -0.000
                    0.000 -0.000
   2 C    6  0.000 -0.000 -0.000  0.000  0.000 -0.000  0.000 -0.000  0.000
                    0.000 -0.000 -0.000  0.000  0.000  0.000 -0.000 -0.000
                    0.000 -0.000
   3 C    6  0.000 -0.000 -0.000  0.000  0.000 -0.000  0.000 -0.000  0.000
                    0.000 -0.000 -0.000  0.000  0.000  0.000 -0.000 -0.000
                    0.000 -0.000
   4 C    6  0.000 -0.000 -0.000  0.000  0.000 -0.000  0.000 -0.000  0.000
                    0.000 -0.000 -0.000  0.000  0.000  0.000 -0.000 -0.000
                    0.000 -0.000
   5 C    6 -0.000 -0.000  0.000 -0.000 -0.000 -0.000 -0.000 -0.000 -0.000
                    0.000 -0.000 -0.000 -0.000 -0.000  0.000 -0.000  0.000
                   -0.000 -0.000
   6 C    6 -0.000 -0.000  0.000 -0.000 -0.000 -0.000 -0.000 -0.000 -0.000
                    0.000 -0.000 -0.000 -0.000 -0.000  0.000 -0.000  0.000
                   -0.000 -0.000
   7 C    6  0.000  0.000 -0.000  0.000  0.000  0.000  0.000  0.000  0.000
                    0.000 -0.000  0.000 -0.000  0.000  0.000 -0.000  0.000
                   -0.000 -0.000
   8 C    6  0.000  0.000 -0.000  0.000  0.000  0.000  0.000  0.000  0.000
                    0.000 -0.000  0.000 -0.000  0.000  0.000 -0.000  0.000
                   -0.000 -0.000

  ATOM    Z CHARGE  SHELL POPULATION

   1 C    6  0.000 -0.000 -0.000  0.000  0.000 -0.000  0.000  0.000 -0.000
   2 C    6  0.000 -0.000 -0.000  0.000  0.000 -0.000  0.000  0.000 -0.000
   3 C    6  0.000 -0.000 -0.000  0.000  0.000 -0.000  0.000  0.000 -0.000
   4 C    6  0.000 -0.000 -0.000  0.000  0.000 -0.000  0.000  0.000 -0.000
   5 C    6 -0.000 -0.000  0.000 -0.000 -0.000 -0.000  0.000 -0.000  0.000
   6 C    6 -0.000 -0.000  0.000 -0.000 -0.000 -0.000  0.000 -0.000  0.000
   7 C    6  0.000  0.000 -0.000  0.000  0.000  0.000  0.000 -0.000 -0.000
   8 C    6  0.000  0.000 -0.000  0.000  0.000  0.000  0.000 -0.000 -0.000

 OVERLAP POPULATION CONDENSED TO ATOMS FOR FIRST   6 NEIGHBORS

 ATOM A   1 C    ATOM B     CELL      R(AB)/AU R(AB)/ANG    OVPOP(AB)
                  3 C    (  1  0  0)     2.857     1.512    -0.000
                  8 C    (  1  0  0)     2.859     1.513    -0.000
                  2 C    (  0  0  0)     2.882     1.525     0.000
                  5 C    (  0  0  0)     2.965     1.569     0.000
                  6 C    (  0  0  0)     4.376     2.316     0.000
                  7 C    (  0  0  0)     4.390     2.323    -0.000

 ATOM A   5 C    ATOM B     CELL      R(AB)/AU R(AB)/ANG    OVPOP(AB)
                  7 C    (  0  0  1)     2.907     1.539     0.000
                  1 C    (  0  0  0)     2.965     1.569     0.000
                  8 C    (  0  0  0)     3.049     1.613     0.000
                  6 C    (  0  0  1)     4.216     2.231    -0.000
                  2 C    (  0  0  0)     4.376     2.316     0.000
                  1 C    ( -1  0  0)     4.684     2.479    -0.000

 ATOM A   7 C    ATOM B     CELL      R(AB)/AU R(AB)/ANG    OVPOP(AB)
                  2 C    (  0 -1  0)     2.859     1.513    -0.000
                  5 C    (  0  0 -1)     2.907     1.539     0.000
                  6 C    (  0  0  0)     3.049     1.613     0.000
                  8 C    (  0  0 -1)     4.210     2.228     0.000
                  1 C    (  0  0  0)     4.390     2.323    -0.000
                  2 C    (  0  0  0)     4.745     2.511    -0.000
 EIGENVECTORS IN FORTRAN UNIT 10
 TTTTTTTTTTTTTTTTTTTTTTTTTTTTTT END         TELAPSE      349.69 TCPU      348.12
 EEEEEEEEEE TERMINATION  DATE 24 01 2026 TIME 21:12:27.5
NODE    0 CPU TIME =       348.119
NODE    1 CPU TIME =       348.550
NODE    2 CPU TIME =       348.538
NODE    3 CPU TIME =       348.621
NODE    4 CPU TIME =       348.587
NODE    5 CPU TIME =       348.434
NODE    6 CPU TIME =       348.435
NODE    7 CPU TIME =       348.464
NODE    8 CPU TIME =       348.463
NODE    9 CPU TIME =       348.412
NODE   10 CPU TIME =       348.573
NODE   11 CPU TIME =       348.528
NODE   12 CPU TIME =       348.559
NODE   13 CPU TIME =       348.599
NODE   14 CPU TIME =       348.501
NODE   15 CPU TIME =       348.527
NODE   16 CPU TIME =       348.410
NODE   17 CPU TIME =       348.394
NODE   18 CPU TIME =       348.390
NODE   19 CPU TIME =       348.372
NODE   20 CPU TIME =       348.413
NODE   21 CPU TIME =       348.365
NODE   22 CPU TIME =       348.484
NODE   23 CPU TIME =       348.394
NODE   24 CPU TIME =       348.398
NODE   25 CPU TIME =       348.374
NODE   26 CPU TIME =       348.363
NODE   27 CPU TIME =       348.418
NODE   28 CPU TIME =       348.335
NODE   29 CPU TIME =       348.320
NODE   30 CPU TIME =       348.321
NODE   31 CPU TIME =       348.294
    TOTAL CPU TIME =     11149.955
