MPI startup(): Warning: I_MPI_PMI_LIBRARY will be ignored since the hydra process manager was found
MPI startup(): Warning: I_MPI_PMI_LIBRARY will be ignored since the hydra process manager was found
MPI startup(): Warning: I_MPI_PMI_LIBRARY will be ignored since the hydra process manager was found
MPI startup(): Warning: I_MPI_PMI_LIBRARY will be ignored since the hydra process manager was found
MPI startup(): Warning: I_MPI_PMI_LIBRARY will be ignored since the hydra process manager was found
MPI startup(): Warning: I_MPI_PMI_LIBRARY will be ignored since the hydra process manager was found
MPI startup(): Warning: I_MPI_PMI_LIBRARY will be ignored since the hydra process manager was found
MPI startup(): Warning: I_MPI_PMI_LIBRARY will be ignored since the hydra process manager was found
MPI startup(): Warning: I_MPI_PMI_LIBRARY will be ignored since the hydra process manager was found
MPI startup(): Warning: I_MPI_PMI_LIBRARY will be ignored since the hydra process manager was found
MPI startup(): Warning: I_MPI_PMI_LIBRARY will be ignored since the hydra process manager was found
MPI startup(): Warning: I_MPI_PMI_LIBRARY will be ignored since the hydra process manager was found
MPI startup(): Warning: I_MPI_PMI_LIBRARY will be ignored since the hydra process manager was found
MPI startup(): Warning: I_MPI_PMI_LIBRARY will be ignored since the hydra process manager was found
MPI startup(): Warning: I_MPI_PMI_LIBRARY will be ignored since the hydra process manager was found
MPI startup(): Warning: I_MPI_PMI_LIBRARY will be ignored since the hydra process manager was found
MPI startup(): Warning: I_MPI_PMI_LIBRARY will be ignored since the hydra process manager was found
MPI startup(): Warning: I_MPI_PMI_LIBRARY will be ignored since the hydra process manager was found
MPI startup(): Warning: I_MPI_PMI_LIBRARY will be ignored since the hydra process manager was found
MPI startup(): Warning: I_MPI_PMI_LIBRARY will be ignored since the hydra process manager was found
MPI startup(): Warning: I_MPI_PMI_LIBRARY will be ignored since the hydra process manager was found
MPI startup(): Warning: I_MPI_PMI_LIBRARY will be ignored since the hydra process manager was found
MPI startup(): Warning: I_MPI_PMI_LIBRARY will be ignored since the hydra process manager was found
MPI startup(): Warning: I_MPI_PMI_LIBRARY will be ignored since the hydra process manager was found
MPI startup(): Warning: I_MPI_PMI_LIBRARY will be ignored since the hydra process manager was found
MPI startup(): Warning: I_MPI_PMI_LIBRARY will be ignored since the hydra process manager was found
MPI startup(): Warning: I_MPI_PMI_LIBRARY will be ignored since the hydra process manager was found
MPI startup(): Warning: I_MPI_PMI_LIBRARY will be ignored since the hydra process manager was found
MPI startup(): Warning: I_MPI_PMI_LIBRARY will be ignored since the hydra process manager was found
MPI startup(): Warning: I_MPI_PMI_LIBRARY will be ignored since the hydra process manager was found
MPI startup(): Warning: I_MPI_PMI_LIBRARY will be ignored since the hydra process manager was found
MPI startup(): Warning: I_MPI_PMI_LIBRARY will be ignored since the hydra process manager was found
 PROCESS            4  OF           32  WORKING
 PROCESS            7  OF           32  WORKING
 PROCESS           12  OF           32  WORKING
 PROCESS           20  OF           32  WORKING
 PROCESS            3  OF           32  WORKING
 PROCESS           25  OF           32  WORKING
 PROCESS           14  OF           32  WORKING
 PROCESS           15  OF           32  WORKING
 PROCESS           17  OF           32  WORKING
 PROCESS           19  OF           32  WORKING
 PROCESS           22  OF           32  WORKING
 PROCESS           31  OF           32  WORKING
 PROCESS            1  OF           32  WORKING
 PROCESS           30  OF           32  WORKING
 PROCESS            5  OF           32  WORKING
 PROCESS            6  OF           32  WORKING
 PROCESS            8  OF           32  WORKING
 PROCESS           11  OF           32  WORKING
 PROCESS           18  OF           32  WORKING
 PROCESS           16  OF           32  WORKING
 PROCESS           13  OF           32  WORKING
 PROCESS           24  OF           32  WORKING
 PROCESS           23  OF           32  WORKING
 PROCESS            0  OF           32  WORKING
 PROCESS           21  OF           32  WORKING
 PROCESS           10  OF           32  WORKING
 PROCESS            2  OF           32  WORKING
 PROCESS           29  OF           32  WORKING
 PROCESS           28  OF           32  WORKING

         
 *******************************************************************************
 *                                                                             *
 *                               CRYSTAL23                                     *
 *                      public : 1.0.1 - October 2022                          *
 *                       HTTP://WWW.CRYSTAL.UNITO.IT                           *
 *                                                                             *
 *                              MAIN AUTHORS                                   *
 *                                                                             *
 *  R. DOVESI(1,11), V.R. SAUNDERS(2), C. ROETTI(1,11), R. ORLANDO(1,11),      *
 *  C.M. ZICOVICH-WILSON(1,3), F. PASCALE(4), B. CIVALLERI(1,11),              *
 *  K. DOLL(5), N.M. HARRISON(6), I.J. BUSH(7), Ph. D'ARCO(8),                 *
 *  M. LLUNELL(9), M. CAUSA'(10), Y. NOEL(8), L. MASCHIO(1,11), A. ERBA(1,11)  *
 PROCESS           26  OF           32  WORKING
 *  M. RE'RAT(14), S. CASASSA(1,11), B.G. SEARLE(2), J.K. DESMARAIS(1)         *
 *                                                                             *
 *        CONTRIBUTIONS TO THE CODE HAVE ALSO BEEN GIVEN BY                    *
 *                                                                             *
 *  M. FERRABONE(1,11), M. DE LA PIERRE(1,11), M. FERRERO(1,11),               *
 *  J. BAIMA(1,11), E. ALBANESE(1,11), M.F. PEINTINGER(12), R. BAST(13),       *
 *  B. KIRTMAN(15), V. LACIVITA(1,11), R. DEMICHELIS(1,16)                     *
 *  G. BRANDEBURG(17), S. SALUSTRO(1,11), G. SANSONE(1,11)                     *
 *  M.T. RUGGIERO(18), L.E. DAGA(1), L. DONA'(1), A. COSSARD(1)                *
 *                                                                             *
 * (1) THEORETICAL CHEMISTRY GROUP - UNIVERSITA' DI TORINO - TORINO (ITALY)    *
 * (2) SCIENTIFIC COMPUTING DEPARTMENT - STFC DARESBURY (UK)                   *
 * (3) UNIVERSIDAD AUTONOMA DEL ESTADO DE MORELOS - CUERNAVACA (MEXICO)        *
 * (4) UNIVERSITE' DE LORRAINE - NANCY (FRANCE)                                *
 * (5) UNIVERSITAET STUTTGART- STUTTGART (GERMANY)                             *
 * (6) IMPERIAL COLLEGE - LONDON (UK)                                          *
 * (7) SCIENTIFIC COMPUTING DEPARTMENT - STFC RAL (UK)                         *
 * (8) UPMC - SORBONNE UNIVERSITES - PARIS (FRANCE)                            *
 * (9) UNIVERSIDAD DE BARCELONA - BARCELONA (SPAIN)                            *
 *(10) UNIVERSITA' DI NAPOLI "FEDERICO II" - NAPOLI (ITALY)                    *
 *(11) NIS - NANOSTRUCTURED INTERFACES AND SURFACES - TORINO (ITALY)           *
 *(12) MPI FUER CHEMISCHE ENERGIEKONVERSION - MUELHEIM AN DER RUHR (GERMANY)   *
 *(13) UNIVERSITY OF TROMSO - TROMSO (NORWAY)                                  *
 *(14) UNIVERSITE' DE PAU ET DES PAYS DE L'ADOUR - PAU (FRANCE)                *
 *(15) UNIVERSITY OF CALIFORNIA SANTA BARBARA - SANTA BARBARA (USA)            *
 *(16) CURTIN UNIVERSITY - PERTH (AUSTRALIA)                                   *
 *(17) UNIVERSITY COLLEGE LONDON - LONDON (UK)                                 *
 *(18) UNIVERSITY OF VERMONT - BURLINGTON (USA)                                *
 *                                                                             *
 *******************************************************************************
 EEEEEEEEEE STARTING  DATE 31 01 2026 TIME 00:57:10.6
 ./4^3T139-CA_rev1_sp_B3LYP-D3-D3_optimized                                      
 PROCESS           27  OF           32  WORKING
 PROCESS            9  OF           32  WORKING

 CRYSTAL CALCULATION
 (INPUT ACCORDING TO THE INTERNATIONAL TABLES FOR X-RAY CRYSTALLOGRAPHY)
 CRYSTAL FAMILY                       :  HEXAGONAL   
 CRYSTAL CLASS  (GROTH - 1921)        :  HEXAGONAL TRAPEZOHEDRAL              

 SPACE GROUP (NONCENTROSYMMETRIC)     :  P 65 2 2        

 LATTICE PARAMETERS  (ANGSTROMS AND DEGREES) - CONVENTIONAL CELL
        A           B           C        ALPHA        BETA       GAMMA
     4.53101     4.53101    13.85950    90.00000    90.00000   120.00000


 NUMBER OF IRREDUCIBLE ATOMS IN THE CONVENTIONAL CELL:    3

 INPUT COORDINATES

 ATOM AT. N.              COORDINATES
   1   6    -1.719000946547E-01  3.357910517779E-01  4.616839462597E-01
   2   6     3.445770873122E-01  4.018629072682E-01  2.789516577788E-01
   3   6     2.584513462672E-01  4.961680910523E-01  4.501930823671E-01

 *******************************************************************************

 << INFORMATION >>: FROM NOW ON, ALL COORDINATES REFER TO THE PRIMITIVE CELL

 *******************************************************************************

 LATTICE PARAMETERS  (ANGSTROMS AND DEGREES) - PRIMITIVE CELL
       A          B          C        ALPHA      BETA     GAMMA        VOLUME
    4.53101    4.53101   13.85950    90.00000  90.00000 120.00000    246.415400

 COORDINATES OF THE EQUIVALENT ATOMS (FRACTIONAL UNITS)

 N. ATOM EQUIV AT. N.          X                  Y                  Z

   1   1   1    6 C    -1.71900094655E-01  3.35791051778E-01  4.61683946260E-01
   2   1   2    6 C     1.71900094655E-01 -3.35791051778E-01 -3.83160537403E-02
   3   1   3    6 C    -3.35791051778E-01  4.92308853567E-01  1.28350612926E-01
   4   1   4    6 C    -4.92308853567E-01  1.71900094655E-01 -2.04982720407E-01
   5   1   5    6 C     4.92308853567E-01 -1.71900094655E-01  2.95017279593E-01
   6   1   6    6 C     3.35791051778E-01 -4.92308853567E-01 -3.71649387074E-01
   7   1   7    6 C     4.92308853567E-01 -3.35791051778E-01 -4.61683946260E-01
   8   1   8    6 C     1.71900094655E-01 -4.92308853567E-01 -1.28350612926E-01
   9   1   9    6 C     3.35791051778E-01 -1.71900094655E-01  2.04982720407E-01
  10   1  10    6 C    -3.35791051778E-01  1.71900094655E-01 -2.95017279593E-01
  11   1  11    6 C    -1.71900094655E-01  4.92308853567E-01  3.71649387074E-01
  12   1  12    6 C    -4.92308853567E-01  3.35791051778E-01  3.83160537403E-02

  13   2   1    6 C     3.44577087312E-01  4.01862907268E-01  2.78951657779E-01
  14   2   2    6 C    -3.44577087312E-01 -4.01862907268E-01 -2.21048342221E-01
  15   2   3    6 C    -4.01862907268E-01 -5.72858199560E-02 -5.43816755545E-02
  16   2   4    6 C     5.72858199560E-02 -3.44577087312E-01 -3.87715008888E-01
  17   2   5    6 C    -5.72858199560E-02  3.44577087312E-01  1.12284991112E-01
  18   2   6    6 C     4.01862907268E-01  5.72858199560E-02  4.45618324445E-01
  19   2   7    6 C    -5.72858199560E-02 -4.01862907268E-01 -2.78951657779E-01
  20   2   8    6 C    -3.44577087312E-01  5.72858199560E-02  5.43816755545E-02
  21   2   9    6 C     4.01862907268E-01  3.44577087312E-01  3.87715008888E-01
  22   2  10    6 C    -4.01862907268E-01 -3.44577087312E-01 -1.12284991112E-01
  23   2  11    6 C     3.44577087312E-01 -5.72858199560E-02 -4.45618324445E-01
  24   2  12    6 C     5.72858199560E-02  4.01862907268E-01  2.21048342221E-01

  25   3   1    6 C     2.58451346267E-01  4.96168091052E-01  4.50193082367E-01
  26   3   2    6 C    -2.58451346267E-01 -4.96168091052E-01 -4.98069176329E-02
  27   3   3    6 C    -4.96168091052E-01 -2.37716744785E-01  1.16859749034E-01
  28   3   4    6 C     2.37716744785E-01 -2.58451346267E-01 -2.16473584300E-01
  29   3   5    6 C    -2.37716744785E-01  2.58451346267E-01  2.83526415700E-01
  30   3   6    6 C     4.96168091052E-01  2.37716744785E-01 -3.83140250966E-01
  31   3   7    6 C    -2.37716744785E-01 -4.96168091052E-01 -4.50193082367E-01
  32   3   8    6 C    -2.58451346267E-01  2.37716744785E-01 -1.16859749034E-01
  33   3   9    6 C     4.96168091052E-01  2.58451346267E-01  2.16473584300E-01
  34   3  10    6 C    -4.96168091052E-01 -2.58451346267E-01 -2.83526415700E-01
  35   3  11    6 C     2.58451346267E-01 -2.37716744785E-01  3.83140250966E-01
  36   3  12    6 C     2.37716744785E-01  4.96168091052E-01  4.98069176329E-02

 NUMBER OF SYMMETRY OPERATORS         :   12
 *******************************************************************************
 * GEOMETRY EDITING - INPUT COORDINATES ARE GIVEN IN ANGSTROM         
 *******************************************************************************

 GEOMETRY NOW FULLY CONSISTENT WITH THE GROUP

 GCALCO - MAX INDICES DIRECT LATTICE VECTOR    22    22     6
 NO.OF VECTORS CREATED 6999 STARS  365 RMAX   140.26508 BOHR

 GEOMETRY FOR WAVE FUNCTION - DIMENSIONALITY OF THE SYSTEM    3
 (NON PERIODIC DIRECTION: LATTICE PARAMETER FORMALLY SET TO 500)
 *******************************************************************************
 LATTICE PARAMETERS (ANGSTROMS AND DEGREES) - BOHR = 0.5291772083 ANGSTROM
 PRIMITIVE CELL - CENTRING CODE 1/0 VOLUME=   246.415400 - DENSITY  2.911 g/cm^3
         A              B              C           ALPHA      BETA       GAMMA 
     4.53100738     4.53100738    13.85950358    90.000000  90.000000 120.000000
 *******************************************************************************
 ATOMS IN THE ASYMMETRIC UNIT    3 - ATOMS IN THE UNIT CELL:   36
     ATOM                 X/A                 Y/B                 Z/C    
 *******************************************************************************
      1 T   6 C    -1.719000946547E-01  3.357910517779E-01  4.616839462597E-01
      2 F   6 C     1.719000946547E-01 -3.357910517779E-01 -3.831605374030E-02
      3 F   6 C    -3.357910517779E-01  4.923088535674E-01  1.283506129264E-01
      4 F   6 C    -4.923088535674E-01  1.719000946547E-01 -2.049827204070E-01
      5 F   6 C     4.923088535674E-01 -1.719000946547E-01  2.950172795930E-01
      6 F   6 C     3.357910517779E-01 -4.923088535674E-01 -3.716493870736E-01
      7 F   6 C     4.923088535674E-01 -3.357910517779E-01 -4.616839462597E-01
      8 F   6 C     1.719000946547E-01 -4.923088535674E-01 -1.283506129264E-01
      9 F   6 C     3.357910517779E-01 -1.719000946547E-01  2.049827204070E-01
     10 F   6 C    -3.357910517779E-01  1.719000946547E-01 -2.950172795930E-01
     11 F   6 C    -1.719000946547E-01  4.923088535674E-01  3.716493870736E-01
     12 F   6 C    -4.923088535674E-01  3.357910517779E-01  3.831605374030E-02
     13 T   6 C     3.445770873122E-01  4.018629072682E-01  2.789516577788E-01
     14 F   6 C    -3.445770873122E-01 -4.018629072682E-01 -2.210483422212E-01
     15 F   6 C    -4.018629072682E-01 -5.728581995600E-02 -5.438167555453E-02
     16 F   6 C     5.728581995600E-02 -3.445770873122E-01 -3.877150088879E-01
     17 F   6 C    -5.728581995600E-02  3.445770873122E-01  1.122849911121E-01
     18 F   6 C     4.018629072682E-01  5.728581995600E-02  4.456183244455E-01
     19 F   6 C    -5.728581995600E-02 -4.018629072682E-01 -2.789516577788E-01
     20 F   6 C    -3.445770873122E-01  5.728581995600E-02  5.438167555453E-02
     21 F   6 C     4.018629072682E-01  3.445770873122E-01  3.877150088879E-01
     22 F   6 C    -4.018629072682E-01 -3.445770873122E-01 -1.122849911121E-01
     23 F   6 C     3.445770873122E-01 -5.728581995600E-02 -4.456183244455E-01
     24 F   6 C     5.728581995600E-02  4.018629072682E-01  2.210483422212E-01
     25 T   6 C     2.584513462672E-01  4.961680910523E-01  4.501930823671E-01
     26 F   6 C    -2.584513462672E-01 -4.961680910523E-01 -4.980691763290E-02
     27 F   6 C    -4.961680910523E-01 -2.377167447851E-01  1.168597490338E-01
     28 F   6 C     2.377167447851E-01 -2.584513462672E-01 -2.164735842996E-01
     29 F   6 C    -2.377167447851E-01  2.584513462672E-01  2.835264157004E-01
     30 F   6 C     4.961680910523E-01  2.377167447851E-01 -3.831402509662E-01
     31 F   6 C    -2.377167447851E-01 -4.961680910523E-01 -4.501930823671E-01
     32 F   6 C    -2.584513462672E-01  2.377167447851E-01 -1.168597490338E-01
     33 F   6 C     4.961680910523E-01  2.584513462672E-01  2.164735842996E-01
     34 F   6 C    -4.961680910523E-01 -2.584513462672E-01 -2.835264157004E-01
     35 F   6 C     2.584513462672E-01 -2.377167447851E-01  3.831402509662E-01
     36 F   6 C     2.377167447851E-01  4.961680910523E-01  4.980691763290E-02

 T = ATOM BELONGING TO THE ASYMMETRIC UNIT

 ****   12 SYMMOPS - TRANSLATORS IN FRACTIONAL UNITS
 **** MATRICES AND TRANSLATORS IN THE CRYSTALLOGRAPHIC REFERENCE FRAME
   V INV                    ROTATION MATRICES                   TRANSLATORS
   1   1  1.00  0.00  0.00  0.00  1.00  0.00  0.00  0.00  1.00  0.00  0.00  0.00
   2   2 -1.00  0.00  0.00 -0.00 -1.00  0.00  0.00  0.00  1.00  0.00  0.00  0.50
   3   4  0.00 -1.00  0.00  1.00 -1.00  0.00  0.00  0.00  1.00  0.00  0.00  0.67
   4   3 -1.00  1.00  0.00 -1.00  0.00  0.00  0.00  0.00  1.00  0.00  0.00  0.33
   5   6  1.00 -1.00  0.00  1.00 -0.00  0.00  0.00  0.00  1.00  0.00  0.00  0.83
   6   5 -0.00  1.00  0.00 -1.00  1.00  0.00  0.00  0.00  1.00  0.00  0.00  0.17
   7   7  1.00 -1.00  0.00  0.00 -1.00  0.00  0.00  0.00 -1.00  0.00  0.00  0.00
   8   8 -1.00  0.00  0.00 -1.00  1.00  0.00  0.00  0.00 -1.00  0.00  0.00  0.33
   9   9 -0.00  1.00  0.00  1.00  0.00  0.00  0.00  0.00 -1.00  0.00  0.00  0.67
  10  10  0.00 -1.00  0.00 -1.00 -0.00  0.00  0.00  0.00 -1.00  0.00  0.00  0.17
  11  11  1.00  0.00  0.00  1.00 -1.00  0.00  0.00  0.00 -1.00  0.00  0.00  0.83
  12  12 -1.00  1.00  0.00 -0.00  1.00  0.00  0.00  0.00 -1.00  0.00  0.00  0.50

 DIRECT LATTICE VECTORS CARTESIAN COMPONENTS (ANGSTROM)
          X                    Y                    Z
   0.392396749581E+01  -0.226550369000E+01   0.000000000000E+00
   0.000000000000E+00   0.453100738000E+01   0.000000000000E+00
   0.000000000000E+00   0.000000000000E+00   0.138595035800E+02


 CARTESIAN COORDINATES - PRIMITIVE CELL
 *******************************************************************************
 *      ATOM          X(ANGSTROM)         Y(ANGSTROM)         Z(ANGSTROM)
 *******************************************************************************
    1     6 C    -6.745303839525E-01  1.910912032495E+00  6.398710306015E+00
    2     6 C     6.745303839525E-01 -1.910912032495E+00 -5.310414839852E-01
    3     6 C    -1.317633172562E+00 -1.539616464375E+00  1.778875779348E+00
    4     6 C     1.992163556514E+00 -3.712955681202E-01 -2.840958747318E+00
    5     6 C    -1.992163556514E+00  3.712955681202E-01  4.088793042682E+00
    6     6 C     1.317633172562E+00  1.539616464375E+00 -5.150876010652E+00
    7     6 C    -1.992163556514E+00 -3.712955681202E-01 -6.398710306015E+00
    8     6 C     6.745303839525E-01  1.910912032495E+00 -1.778875779348E+00
    9     6 C     1.317633172562E+00 -1.539616464375E+00  2.840958747318E+00
   10     6 C    -1.317633172562E+00  1.539616464375E+00 -4.088793042682E+00
   11     6 C    -6.745303839525E-01 -1.910912032495E+00  5.150876010652E+00
   12     6 C     1.992163556514E+00  3.712955681202E-01  5.310414839852E-01
   13     6 C     1.352109290416E+00  1.040203135785E+00  3.866131499632E+00
   14     6 C    -1.352109290416E+00 -1.040203135785E+00 -3.063620290368E+00
   15     6 C    -1.576896985894E+00  6.508594263002E-01 -7.537030270345E-01
   16     6 C     2.247876954784E-01 -1.691062562085E+00 -5.373537553701E+00
   17     6 C    -2.247876954784E-01  1.691062562085E+00  1.556214236299E+00
   18     6 C     1.576896985894E+00 -6.508594263002E-01  6.176048762966E+00
   19     6 C    -2.247876954784E-01 -1.691062562085E+00 -3.866131499632E+00
   20     6 C    -1.352109290416E+00  1.040203135785E+00  7.537030270345E-01
   21     6 C     1.576896985894E+00  6.508594263002E-01  5.373537553701E+00
   22     6 C    -1.576896985894E+00 -6.508594263002E-01 -1.556214236299E+00
   23     6 C     1.352109290416E+00 -1.040203135785E+00 -6.176048762966E+00
   24     6 C     2.247876954784E-01  1.691062562085E+00  3.063620290368E+00
   25     6 C     1.014154682002E+00  1.662618803625E+00  6.239452636758E+00
   26     6 C    -1.014154682002E+00 -1.662618803625E+00 -6.902991532419E-01
   27     6 C    -1.946947461750E+00  4.697431616838E-02  1.619618110091E+00
   28     6 C     9.327927797476E-01 -1.709593119793E+00 -3.000216416575E+00
   29     6 C    -9.327927797476E-01  1.709593119793E+00  3.929535373425E+00
   30     6 C     1.946947461750E+00 -4.697431616838E-02 -5.310133679909E+00
   31     6 C    -9.327927797476E-01 -1.709593119793E+00 -6.239452636758E+00
   32     6 C    -1.014154682002E+00  1.662618803625E+00 -1.619618110091E+00
   33     6 C     1.946947461750E+00  4.697431616838E-02  3.000216416575E+00
   34     6 C    -1.946947461750E+00 -4.697431616838E-02 -3.929535373425E+00
   35     6 C     1.014154682002E+00 -1.662618803625E+00  5.310133679909E+00
   36     6 C     9.327927797476E-01  1.709593119793E+00  6.902991532419E-01

 *******************************************************************************
 LOCAL ATOMIC FUNCTIONS BASIS SET
 *******************************************************************************
   ATOM   X(AU)   Y(AU)   Z(AU)  N. TYPE  EXPONENT  S COEF   P COEF   D/F/G COEF
 *******************************************************************************
   1 C   -1.275   3.611  12.092
                                  1 S  
                                         1.358E+04 2.225E-04 0.000E+00 0.000E+00
                                         2.035E+03 1.723E-03 0.000E+00 0.000E+00
                                         4.632E+02 8.926E-03 0.000E+00 0.000E+00
                                         1.312E+02 3.573E-02 0.000E+00 0.000E+00
                                         4.285E+01 1.108E-01 0.000E+00 0.000E+00
                                         1.558E+01 2.430E-01 0.000E+00 0.000E+00
                                  2 S  
                                         6.207E+00 4.144E-01 0.000E+00 0.000E+00
                                         2.576E+00 2.374E-01 0.000E+00 0.000E+00
                                  3 S  
                                         4.941E-01 1.000E+00 0.000E+00 0.000E+00
                                  4 S  
                                         1.644E-01 1.000E+00 0.000E+00 0.000E+00
                           5-     7 P  
                                         3.470E+01 0.000E+00 5.333E-03 0.000E+00
                                         7.958E+00 0.000E+00 3.586E-02 0.000E+00
                                         2.378E+00 0.000E+00 1.422E-01 0.000E+00
                                         8.143E-01 0.000E+00 3.427E-01 0.000E+00
                           8-    10 P  
                                         5.662E-01 0.000E+00 1.000E+00 0.000E+00
                          11-    13 P  
                                         2.674E-01 0.000E+00 1.000E+00 0.000E+00
                          14-    18 D  
                                         8.792E-01 0.000E+00 0.000E+00 1.000E+00
   2 C    1.275  -3.611  -1.004
   3 C   -2.490  -2.909   3.362
   4 C    3.765  -0.702  -5.369
   5 C   -3.765   0.702   7.727
   6 C    2.490   2.909  -9.734
   7 C   -3.765  -0.702 -12.092
   8 C    1.275   3.611  -3.362
   9 C    2.490  -2.909   5.369
  10 C   -2.490   2.909  -7.727
  11 C   -1.275  -3.611   9.734
  12 C    3.765   0.702   1.004
  13 C    2.555   1.966   7.306
  14 C   -2.555  -1.966  -5.789
  15 C   -2.980   1.230  -1.424
  16 C    0.425  -3.196 -10.155
  17 C   -0.425   3.196   2.941
  18 C    2.980  -1.230  11.671
  19 C   -0.425  -3.196  -7.306
  20 C   -2.555   1.966   1.424
  21 C    2.980   1.230  10.155
  22 C   -2.980  -1.230  -2.941
  23 C    2.555  -1.966 -11.671
  24 C    0.425   3.196   5.789
  25 C    1.916   3.142  11.791
  26 C   -1.916  -3.142  -1.304
  27 C   -3.679   0.089   3.061
  28 C    1.763  -3.231  -5.670
  29 C   -1.763   3.231   7.426
  30 C    3.679  -0.089 -10.035
  31 C   -1.763  -3.231 -11.791
  32 C   -1.916   3.142  -3.061
  33 C    3.679   0.089   5.670
  34 C   -3.679  -0.089  -7.426
  35 C    1.916  -3.142  10.035
  36 C    1.763   3.231   1.304
 INFORMATION **** SET_MPP **** PCRYSTAL CALCULATION
 INFORMATION **** READM2 **** NEW DEFAULT: FOCK/KS MATRIX MIXING SET TO 30 %
 INFORMATION **** READM2 **** NEW DEFAULT: FULL DIRECT SCF MODE
 INFORMATION **** READM2 **** NEW DEFAULT: COULOMB BIPOLAR BUFFER SET TO 32 Mb
 INFORMATION **** READM2 **** NEW DEFAULT: EXCHANGE BIPOLAR BUFFER SET TO 32 Mb

 *******************************************************************************
 NEW DEFAULT: DFT INTEGRATION GRID INCREASED TO XLGRID
 NEW DEFAULT: DIIS ACCELERATOR ACTIVE
 USE KEYWORD NODIIS TO TURN IT OFF
 *******************************************************************************

 INFORMATION **** DFTD3_INPUT **** PERFORM LATEST DISPERSION CORRECTION DFT-D3(BJ) WITH AUTOMATIC PARAMETER SETUP
 PLEASE CITE:
 (1) DFT-D3 Reference
  S. Grimme, J. Antony, S. Ehrlich, and H. Krieg, J. Chem. Phys. 132 (2010), 154104
 (2) BJ-Damping Reference
  S. Grimme, S. Ehrlich, and L. Goerigk, J. Comput. Chem. 32 (2011), 1456-1465
 (3) General DFT-D Review
  S. Grimme, A. Hansen, J. G. Brandenburg, and C. Bannwarth,
  Chem. Rev. 116 (2016), 5105-5154

 INFORMATION **** TOLINTEG **** COULOMB AND EXCHANGE SERIES TOLERANCES MODIFIED
 INFORMATION **** TOLDEE **** SCF TOL ON TOTAL ENERGY SET TO           9
 INFORMATION **** READM2 **** FULL DIRECT SCF (MONO AND BIEL INT) SELECTED
 INFORMATION **** MAXCYCLE **** MAX NUMBER OF SCF CYCLES SET TO         800
 INFORMATION **** DIIS **** DIIS FOR SCF ACTIVE
 INFORMATION **** DIIS **** LEVEL SHIFTER DISABLED
 INFORMATION **** PPAN ****  MULLIKEN POPULATION ANALYSIS AT THE END OF SCF
 *******************************************************************************
 N. OF ATOMS PER CELL        36  COULOMB OVERLAP TOL         (T1) 10**   -8
 NUMBER OF SHELLS           288  COULOMB PENETRATION TOL     (T2) 10**   -8
 NUMBER OF AO               648  EXCHANGE OVERLAP TOL        (T3) 10**   -8
 N. OF ELECTRONS PER CELL   216  EXCHANGE PSEUDO OVP (F(G))  (T4) 10**   -9
 CORE ELECTRONS PER CELL     72  EXCHANGE PSEUDO OVP (P(G))  (T5) 10**  -24
 N. OF SYMMETRY OPERATORS    12  POLE ORDER IN MONO ZONE                  4
 *******************************************************************************
 TYPE OF CALCULATION :  UNRESTRICTED OPEN SHELL
 KOHN-SHAM HAMILTONIAN

 (EXCHANGE)[CORRELATION] FUNCTIONAL:(BECKE 88)[LEE-YANG-PARR]

 NON-LOCAL WEIGHTING FACTOR (EXCHANGE) =           0.9000
 NON-LOCAL WEIGHTING FACTOR [CORRELATION] =        0.8100

 HYBRID EXCHANGE - PERCENTAGE OF FOCK EXCHANGE    20.0000

 SPIN POLARIZED DFT SELECTED

 CAPPA:IS1  7;IS2  7;IS3  7; K PTS MONK NET  32; SYMMOPS:K SPACE  24;G SPACE  12

 *******************************************************************************
 MAX NUMBER OF SCF CYCLES     800  CONVERGENCE ON DELTAP        10**-19
 WEIGHT OF F(I) IN F(I+1)      30% CONVERGENCE ON ENERGY        10**- 9
 SHRINK. FACT.(MONKH.)    7  7  7  NUMBER OF K POINTS IN THE IBZ     32
 SHRINKING FACTOR(GILAT NET)   14  NUMBER OF K POINTS(GILAT NET)    192
 *******************************************************************************
 *** K POINTS COORDINATES (OBLIQUE COORDINATES IN UNITS OF IS =  7)
   1-R(  0  0  0)   2-C(  1  0  0)   3-C(  2  0  0)   4-C(  3  0  0)
   5-C(  1  1  0)   6-C(  2  1  0)   7-C(  3  1  0)   8-C(  2  2  0)
   9-C(  0  0  1)  10-C(  1  0  1)  11-C(  2  0  1)  12-C(  3  0  1)
  13-C(  1  1  1)  14-C(  2  1  1)  15-C(  3  1  1)  16-C(  2  2  1)
  17-C(  0  0  2)  18-C(  1  0  2)  19-C(  2  0  2)  20-C(  3  0  2)
  21-C(  1  1  2)  22-C(  2  1  2)  23-C(  3  1  2)  24-C(  2  2  2)
  25-C(  0  0  3)  26-C(  1  0  3)  27-C(  2  0  3)  28-C(  3  0  3)
  29-C(  1  1  3)  30-C(  2  1  3)  31-C(  3  1  3)  32-C(  2  2  3)

 DIRECT LATTICE VECTORS COMPON. (A.U.)     RECIP. LATTICE VECTORS COMPON. (A.U.) 
        X            Y            Z              X            Y            Z
    7.4152239   -4.2811815    0.0000000      0.8473359    0.0000000    0.0000000
    0.0000000    8.5623631    0.0000000      0.4236679    0.7338144    0.0000000
    0.0000000    0.0000000   26.1906661      0.0000000    0.0000000    0.2399017

 DISK SPACE FOR EIGENVECTORS (FTN 10)    26453952 REALS

 SYMMETRY ADAPTION OF THE BLOCH FUNCTIONS ENABLED
 TTTTTTTTTTTTTTTTTTTTTTTTTTTTTT gordsh1     TELAPSE        1.99 TCPU        0.69

 MATRIX SIZE: P(G) 3567636, F(G)  403452, P(G) IRR  153776, F(G) IRR   34582
 MAX G-VECTOR INDEX FOR 1- AND 2-ELECTRON INTEGRALS 195

 TTTTTTTTTTTTTTTTTTTTTTTTTTTTTT INPUT       TELAPSE        2.00 TCPU        0.71

 NEIGHBORS OF THE NON-EQUIVALENT ATOMS

 N = NUMBER OF NEIGHBORS AT DISTANCE R
    ATOM  N     R/ANG      R/AU   NEIGHBORS (ATOM LABELS AND CELL INDICES)
   1 C    1     1.4353     2.7123   11 C    0 1 0
   1 C    1     1.5451     2.9198   31 C    0 1 1
   1 C    1     1.7131     3.2373   18 C   -1 0 0
   1 C    1     1.7143     3.2395   25 C    0 0 0
   1 C    1     2.2044     4.1657   21 C   -1 0 0
   1 C    1     2.2256     4.2058   35 C    0 1 0

  13 C    1     1.4457     2.7320   33 C    0 0 0
  13 C    1     1.5292     2.8898   24 C    0 0 0
  13 C    1     1.5730     2.9726   21 C    0 0 0
  13 C    1     1.7131     3.2373    5 C    1 1 0
  13 C    1     2.2044     4.1657    9 C    0 1 0
  13 C    1     2.2887     4.3250   29 C    1 0 0

  25 C    1     1.4457     2.7320   21 C    0 0 0
  25 C    1     1.5223     2.8768   35 C    0 1 0
  25 C    1     1.5451     2.9198    7 C    1 1 1
  25 C    1     1.7143     3.2395    1 C    0 0 0
  25 C    1     2.2256     4.2058   11 C    0 1 0
  25 C    1     2.2887     4.3250   18 C    0 1 0


 SYMMETRY ALLOWED INTERNAL DEGREE(S) OF FREEDOM:   9
 TTTTTTTTTTTTTTTTTTTTTTTTTTTTTT SYMM        TELAPSE        2.11 TCPU        0.78
 TTTTTTTTTTTTTTTTTTTTTTTTTTTTTT INT_SCREEN  TELAPSE        2.12 TCPU        0.80
 WARNING **** EXCBUF **** EXCH. BIPO BUFFER TOO SMALL - TO AVOID I/O SET EXCHSIZE =     5266539

 DFT PARAMETERS

     ATOM       ELECTRONS   NET CHARGE   R(ANGSTROM)
   1   6  C       6.0000      0.0000     0.77000000

 SIZE OF GRID=      82995
 TTTTTTTTTTTTTTTTTTTTTTTTTTTTTT MAKE_GRID2  TELAPSE        2.68 TCPU        1.34
 BECKE WEIGHT FUNCTION
 RADSAFE =     2.00
 TOLERANCES - DENSITY:10**- 6; POTENTIAL:10**- 9; GRID WGT:10**-14

 RADIAL INTEGRATION  - INTERVALS (POINTS,UPPER LIMIT):            1( 75,  4.0*R)

 ANGULAR INTEGRATION - INTERVALS (ACCURACY LEVEL [N. POINTS] UPPER LIMIT):
  1(  4[  86]   0.2)  2(  8[ 194]   0.5)  3( 12[ 350]   0.9)  4( 16[ 974]   3.5)
  5( 12[ 350]9999.0)
 TTTTTTTTTTTTTTTTTTTTTTTTTTTTTT INT_CALC    TELAPSE        2.71 TCPU        1.37
 EEEEEEEEEE INT_CALC TERMINATION  DATE 31 01 2026 TIME 00:57:12.1

 *******************************************************************************
 ./4^3T139-CA_rev1_sp_B3LYP-D3-D3_optimized                                      
 CRYSTAL - SCF - TYPE OF CALCULATION :  UNRESTRICTED OPEN SHELL
 *******************************************************************************

 CAPPA:IS1  7;IS2  7;IS3  7; K PTS MONK NET  32; SYMMOPS:K SPACE  24;G SPACE  12

 TTTTTTTTTTTTTTTTTTTTTTTTTTTTTT SDIK        TELAPSE        3.52 TCPU        2.17

 AAAAAAAAAAAAAAAAAAAAAAAAAAAAAAAAAAAAAAAAAAAAAAAAAAAAAAAAAAAAAAAAAAAAAAAAAAAAAAA
         ATOMIC WAVEFUNCTION(S)


 NUCLEAR CHARGE  6.0  SYMMETRY SPECIES            S    P
 N. ELECTRONS    6.0  NUMBER OF PRIMITIVE GTOS   10    6
                      NUMBER OF CONTRACTED GTOS   4    3
                      NUMBER OF CLOSED SHELLS     2    0
                      OPEN SHELL OCCUPATION       0    2

  ZNUC  SCFIT    TOTAL HF ENERGY   KINETIC ENERGY   VIRIAL THEOREM ACCURACY
   6.0    10    -3.766702350E+01  3.783137943E+01 -1.995655566E+00  1.6E-06

 AAAAAAAAAAAAAAAAAAAAAAAAAAAAAAAAAAAAAAAAAAAAAAAAAAAAAAAAAAAAAAAAAAAAAAAAAAAAAAA

 CHARGE NORMALIZATION FACTOR   1.00000000
 TOTAL ATOMIC CHARGES:
   6.0000000   6.0000000   6.0000000   6.0000000   6.0000000   6.0000000
   6.0000000   6.0000000   6.0000000   6.0000000   6.0000000   6.0000000
   6.0000000   6.0000000   6.0000000   6.0000000   6.0000000   6.0000000
   6.0000000   6.0000000   6.0000000   6.0000000   6.0000000   6.0000000
   6.0000000   6.0000000   6.0000000   6.0000000   6.0000000   6.0000000
   6.0000000   6.0000000   6.0000000   6.0000000   6.0000000   6.0000000
 SUMMED SPIN DENSITY           0.00000000
 TOTAL ATOMIC SPINS  :
   0.0000000   0.0000000   0.0000000   0.0000000   0.0000000   0.0000000
   0.0000000   0.0000000   0.0000000   0.0000000   0.0000000   0.0000000
   0.0000000   0.0000000   0.0000000   0.0000000   0.0000000   0.0000000
   0.0000000   0.0000000   0.0000000   0.0000000   0.0000000   0.0000000
   0.0000000   0.0000000   0.0000000   0.0000000   0.0000000   0.0000000
   0.0000000   0.0000000   0.0000000   0.0000000   0.0000000   0.0000000
 TTTTTTTTTTTTTTTTTTTTTTTTTTTTTT MOQGAD      TELAPSE        3.55 TCPU        2.20
 TTTTTTTTTTTTTTTTTTTTTTTTTTTTTT SHELLXN     TELAPSE       49.32 TCPU       47.82
 TTTTTTTTTTTTTTTTTTTTTTTTTTTTTT MONMO3      TELAPSE       49.41 TCPU       47.91
 NUMERICALLY INTEGRATED DENSITY    107.9998202456    107.9998202456
 TTTTTTTTTTTTTTTTTTTTTTTTTTTTTT NUMDFT      TELAPSE       50.42 TCPU       48.91
 CYC   0 ETOT(AU) -1.381714307954E+03 DETOT -1.38E+03 tst  0.00E+00 PX  1.00E+00
 TTTTTTTTTTTTTTTTTTTTTTTTTTTTTT DIIS        TELAPSE       50.61 TCPU       49.09
 TTTTTTTTTTTTTTTTTTTTTTTTTTTTTT FDIK        TELAPSE       67.25 TCPU       65.66

    ALPHA      ELECTRONS
 INSULATING STATE
 TOP OF VALENCE BANDS -    BAND    108; K   17; EIG -1.9465538E-01 AU
 TOP OF VALENCE BANDS -    BAND    108; K    1; EIG -1.9754494E-01 AU
 BOTTOM OF VIRTUAL BANDS - BAND    109; K   29; EIG -9.8416070E-02 AU
 INDIRECT ENERGY BAND GAP:   2.6188 eV
 BOTTOM OF VIRTUAL BANDS - BAND    109; K    1; EIG -6.9706637E-02 AU

    BETA       ELECTRONS
 INSULATING STATE
 TOP OF VALENCE BANDS -    BAND    108; K   17; EIG -1.9465538E-01 AU
 TOP OF VALENCE BANDS -    BAND    108; K    1; EIG -1.9754494E-01 AU
 BOTTOM OF VIRTUAL BANDS - BAND    109; K   29; EIG -9.8416070E-02 AU
 INDIRECT ENERGY BAND GAP:   2.6188 eV
 BOTTOM OF VIRTUAL BANDS - BAND    109; K    1; EIG -6.9706637E-02 AU
 TTTTTTTTTTTTTTTTTTTTTTTTTTTTTT PDIG        TELAPSE       67.80 TCPU       66.20
 CHARGE NORMALIZATION FACTOR   1.00000000
 TOTAL ATOMIC CHARGES:
   6.0079066   6.0079066   6.0079066   6.0079066   6.0079066   6.0079066
   6.0079066   6.0079066   6.0079066   6.0079066   6.0079066   6.0079066
   5.9761302   5.9761302   5.9761302   5.9761302   5.9761302   5.9761302
   5.9761302   5.9761302   5.9761302   5.9761302   5.9761302   5.9761302
   6.0159632   6.0159632   6.0159632   6.0159632   6.0159632   6.0159632
   6.0159632   6.0159632   6.0159632   6.0159632   6.0159632   6.0159632
 SUMMED SPIN DENSITY          -0.00000000
 TOTAL ATOMIC SPINS  :
   0.0000000   0.0000000   0.0000000   0.0000000   0.0000000   0.0000000
   0.0000000   0.0000000   0.0000000   0.0000000   0.0000000   0.0000000
   0.0000000   0.0000000   0.0000000   0.0000000   0.0000000   0.0000000
   0.0000000   0.0000000   0.0000000   0.0000000   0.0000000   0.0000000
  -0.0000000  -0.0000000  -0.0000000  -0.0000000  -0.0000000  -0.0000000
  -0.0000000  -0.0000000  -0.0000000  -0.0000000  -0.0000000  -0.0000000
 TTTTTTTTTTTTTTTTTTTTTTTTTTTTTT MOQGAD      TELAPSE       67.82 TCPU       66.22
 TTTTTTTTTTTTTTTTTTTTTTTTTTTTTT SHELLXN     TELAPSE      115.53 TCPU      113.77
 TTTTTTTTTTTTTTTTTTTTTTTTTTTTTT MONMO3      TELAPSE      115.62 TCPU      113.86
 NUMERICALLY INTEGRATED DENSITY    107.9998652173    107.9998652173
 TTTTTTTTTTTTTTTTTTTTTTTTTTTTTT NUMDFT      TELAPSE      116.60 TCPU      114.84
 CYC   1 ETOT(AU) -1.369973869950E+03 DETOT  1.17E+01 tst  0.00E+00 PX  1.00E+00
 TTTTTTTTTTTTTTTTTTTTTTTTTTTTTT DIIS        TELAPSE      116.78 TCPU      115.02
 DIIS TEST: 0.80583E+00 AT SCF   CYCLE   1 - MIX   30 %
 TTTTTTTTTTTTTTTTTTTTTTTTTTTTTT FDIK        TELAPSE      121.76 TCPU      119.97

    ALPHA      ELECTRONS
 INSULATING STATE
 TOP OF VALENCE BANDS -    BAND    108; K   17; EIG -1.2787127E-01 AU
 TOP OF VALENCE BANDS -    BAND    108; K    1; EIG -1.3132948E-01 AU
 BOTTOM OF VIRTUAL BANDS - BAND    109; K   29; EIG -7.9290355E-03 AU
 INDIRECT ENERGY BAND GAP:   3.2638 eV
 BOTTOM OF VIRTUAL BANDS - BAND    109; K    1; EIG  2.2009308E-02 AU

    BETA       ELECTRONS
 INSULATING STATE
 TOP OF VALENCE BANDS -    BAND    108; K   17; EIG -1.2787127E-01 AU
 TOP OF VALENCE BANDS -    BAND    108; K    1; EIG -1.3132948E-01 AU
 BOTTOM OF VIRTUAL BANDS - BAND    109; K   29; EIG -7.9290355E-03 AU
 INDIRECT ENERGY BAND GAP:   3.2638 eV
 BOTTOM OF VIRTUAL BANDS - BAND    109; K    1; EIG  2.2009308E-02 AU
 TTTTTTTTTTTTTTTTTTTTTTTTTTTTTT PDIG        TELAPSE      122.31 TCPU      120.52
 CHARGE NORMALIZATION FACTOR   1.00000000
 TOTAL ATOMIC CHARGES:
   6.0287848   6.0287848   6.0287848   6.0287848   6.0287848   6.0287848
   6.0287848   6.0287848   6.0287848   6.0287848   6.0287848   6.0287848
   5.9977585   5.9977585   5.9977585   5.9977585   5.9977585   5.9977585
   5.9977585   5.9977585   5.9977585   5.9977585   5.9977585   5.9977585
   5.9734567   5.9734567   5.9734567   5.9734567   5.9734567   5.9734567
   5.9734567   5.9734567   5.9734567   5.9734567   5.9734567   5.9734567
 SUMMED SPIN DENSITY           0.00000000
 TOTAL ATOMIC SPINS  :
   0.0000000   0.0000000   0.0000000   0.0000000   0.0000000   0.0000000
   0.0000000   0.0000000   0.0000000   0.0000000   0.0000000   0.0000000
   0.0000000   0.0000000   0.0000000   0.0000000   0.0000000   0.0000000
   0.0000000   0.0000000   0.0000000   0.0000000   0.0000000   0.0000000
  -0.0000000  -0.0000000  -0.0000000  -0.0000000  -0.0000000  -0.0000000
  -0.0000000  -0.0000000  -0.0000000  -0.0000000  -0.0000000  -0.0000000
 TTTTTTTTTTTTTTTTTTTTTTTTTTTTTT MOQGAD      TELAPSE      122.33 TCPU      120.53
 TTTTTTTTTTTTTTTTTTTTTTTTTTTTTT SHELLXN     TELAPSE      170.14 TCPU      168.19
 TTTTTTTTTTTTTTTTTTTTTTTTTTTTTT MONMO3      TELAPSE      170.23 TCPU      168.28
 NUMERICALLY INTEGRATED DENSITY    107.9998564209    107.9998564209
 TTTTTTTTTTTTTTTTTTTTTTTTTTTTTT NUMDFT      TELAPSE      171.21 TCPU      169.26
 CYC   2 ETOT(AU) -1.370036676576E+03 DETOT -6.28E-02 tst  1.72E-04 PX  8.70E-02
 TTTTTTTTTTTTTTTTTTTTTTTTTTTTTT DIIS        TELAPSE      171.38 TCPU      169.43
 DIIS TEST: 0.82143E-01 AT SCF   CYCLE   2 - DIIS ACTIVE - HISTORY:     2 CYCLES
 TTTTTTTTTTTTTTTTTTTTTTTTTTTTTT FDIK        TELAPSE      175.89 TCPU      173.92

    ALPHA      ELECTRONS
 INSULATING STATE
 TOP OF VALENCE BANDS -    BAND    108; K   17; EIG -1.0930576E-01 AU
 TOP OF VALENCE BANDS -    BAND    108; K    1; EIG -1.1232476E-01 AU
 BOTTOM OF VIRTUAL BANDS - BAND    109; K   29; EIG  2.5869644E-02 AU
 INDIRECT ENERGY BAND GAP:   3.6783 eV
 BOTTOM OF VIRTUAL BANDS - BAND    109; K    1; EIG  5.5887811E-02 AU

    BETA       ELECTRONS
 INSULATING STATE
 TOP OF VALENCE BANDS -    BAND    108; K   17; EIG -1.0930576E-01 AU
 TOP OF VALENCE BANDS -    BAND    108; K    1; EIG -1.1232476E-01 AU
 BOTTOM OF VIRTUAL BANDS - BAND    109; K   29; EIG  2.5869644E-02 AU
 INDIRECT ENERGY BAND GAP:   3.6783 eV
 BOTTOM OF VIRTUAL BANDS - BAND    109; K    1; EIG  5.5887811E-02 AU
 TTTTTTTTTTTTTTTTTTTTTTTTTTTTTT PDIG        TELAPSE      176.50 TCPU      174.53
 CHARGE NORMALIZATION FACTOR   1.00000000
 TOTAL ATOMIC CHARGES:
   6.0062898   6.0062898   6.0062898   6.0062898   6.0062898   6.0062898
   6.0062898   6.0062898   6.0062898   6.0062898   6.0062898   6.0062898
   5.9759215   5.9759215   5.9759215   5.9759215   5.9759215   5.9759215
   5.9759215   5.9759215   5.9759215   5.9759215   5.9759215   5.9759215
   6.0177887   6.0177887   6.0177887   6.0177887   6.0177887   6.0177887
   6.0177887   6.0177887   6.0177887   6.0177887   6.0177887   6.0177887
 SUMMED SPIN DENSITY           0.00000000
 TOTAL ATOMIC SPINS  :
  -0.0000000  -0.0000000  -0.0000000  -0.0000000  -0.0000000  -0.0000000
  -0.0000000  -0.0000000  -0.0000000  -0.0000000  -0.0000000  -0.0000000
  -0.0000000  -0.0000000  -0.0000000  -0.0000000  -0.0000000  -0.0000000
  -0.0000000  -0.0000000  -0.0000000  -0.0000000  -0.0000000  -0.0000000
   0.0000000   0.0000000   0.0000000   0.0000000   0.0000000   0.0000000
   0.0000000   0.0000000   0.0000000   0.0000000   0.0000000   0.0000000
 TTTTTTTTTTTTTTTTTTTTTTTTTTTTTT MOQGAD      TELAPSE      176.52 TCPU      174.55
 TTTTTTTTTTTTTTTTTTTTTTTTTTTTTT SHELLXN     TELAPSE      224.39 TCPU      222.23
 TTTTTTTTTTTTTTTTTTTTTTTTTTTTTT MONMO3      TELAPSE      224.48 TCPU      222.32
 NUMERICALLY INTEGRATED DENSITY    107.9998558577    107.9998558577
 TTTTTTTTTTTTTTTTTTTTTTTTTTTTTT NUMDFT      TELAPSE      225.46 TCPU      223.30
 CYC   3 ETOT(AU) -1.370040109259E+03 DETOT -3.43E-03 tst  4.65E-05 PX  1.85E-02
 TTTTTTTTTTTTTTTTTTTTTTTTTTTTTT DIIS        TELAPSE      225.64 TCPU      223.47
 DIIS TEST: 0.48845E-01 AT SCF   CYCLE   3 - DIIS ACTIVE - HISTORY:     3 CYCLES
 TTTTTTTTTTTTTTTTTTTTTTTTTTTTTT FDIK        TELAPSE      229.98 TCPU      227.80

    ALPHA      ELECTRONS
 INSULATING STATE
 TOP OF VALENCE BANDS -    BAND    108; K   17; EIG -1.1134162E-01 AU
 TOP OF VALENCE BANDS -    BAND    108; K    1; EIG -1.1442937E-01 AU
 BOTTOM OF VIRTUAL BANDS - BAND    109; K   29; EIG  2.5200134E-02 AU
 INDIRECT ENERGY BAND GAP:   3.7155 eV
 BOTTOM OF VIRTUAL BANDS - BAND    109; K    1; EIG  5.5359367E-02 AU

    BETA       ELECTRONS
 INSULATING STATE
 TOP OF VALENCE BANDS -    BAND    108; K   17; EIG -1.1134162E-01 AU
 TOP OF VALENCE BANDS -    BAND    108; K    1; EIG -1.1442937E-01 AU
 BOTTOM OF VIRTUAL BANDS - BAND    109; K   29; EIG  2.5200134E-02 AU
 INDIRECT ENERGY BAND GAP:   3.7155 eV
 BOTTOM OF VIRTUAL BANDS - BAND    109; K    1; EIG  5.5359367E-02 AU
 TTTTTTTTTTTTTTTTTTTTTTTTTTTTTT PDIG        TELAPSE      230.57 TCPU      228.37
 CHARGE NORMALIZATION FACTOR   1.00000000
 TOTAL ATOMIC CHARGES:
   6.0188305   6.0188305   6.0188305   6.0188305   6.0188305   6.0188305
   6.0188305   6.0188305   6.0188305   6.0188305   6.0188305   6.0188305
   5.9917920   5.9917920   5.9917920   5.9917920   5.9917920   5.9917920
   5.9917920   5.9917920   5.9917920   5.9917920   5.9917920   5.9917920
   5.9893774   5.9893774   5.9893774   5.9893774   5.9893774   5.9893774
   5.9893774   5.9893774   5.9893774   5.9893774   5.9893774   5.9893774
 SUMMED SPIN DENSITY           0.00000000
 TOTAL ATOMIC SPINS  :
   0.0000000   0.0000000   0.0000000   0.0000000   0.0000000   0.0000000
   0.0000000   0.0000000   0.0000000   0.0000000   0.0000000   0.0000000
  -0.0000000  -0.0000000  -0.0000000  -0.0000000  -0.0000000  -0.0000000
  -0.0000000  -0.0000000  -0.0000000  -0.0000000  -0.0000000  -0.0000000
   0.0000000   0.0000000   0.0000000   0.0000000   0.0000000   0.0000000
   0.0000000   0.0000000   0.0000000   0.0000000   0.0000000   0.0000000
 TTTTTTTTTTTTTTTTTTTTTTTTTTTTTT MOQGAD      TELAPSE      230.59 TCPU      228.39
 TTTTTTTTTTTTTTTTTTTTTTTTTTTTTT SHELLXN     TELAPSE      278.49 TCPU      276.14
 TTTTTTTTTTTTTTTTTTTTTTTTTTTTTT MONMO3      TELAPSE      278.58 TCPU      276.23
 NUMERICALLY INTEGRATED DENSITY    107.9998561788    107.9998561788
 TTTTTTTTTTTTTTTTTTTTTTTTTTTTTT NUMDFT      TELAPSE      279.56 TCPU      277.20
 CYC   4 ETOT(AU) -1.370041745914E+03 DETOT -1.64E-03 tst  1.41E-05 PX  5.89E-03
 TTTTTTTTTTTTTTTTTTTTTTTTTTTTTT DIIS        TELAPSE      279.74 TCPU      277.37
 DIIS TEST: 0.45271E-02 AT SCF   CYCLE   4 - DIIS ACTIVE - HISTORY:     4 CYCLES
 TTTTTTTTTTTTTTTTTTTTTTTTTTTTTT FDIK        TELAPSE      284.54 TCPU      282.14

    ALPHA      ELECTRONS
 INSULATING STATE
 TOP OF VALENCE BANDS -    BAND    108; K   17; EIG -1.1087268E-01 AU
 TOP OF VALENCE BANDS -    BAND    108; K    1; EIG -1.1396385E-01 AU
 BOTTOM OF VIRTUAL BANDS - BAND    109; K   29; EIG  2.5603099E-02 AU
 INDIRECT ENERGY BAND GAP:   3.7137 eV
 BOTTOM OF VIRTUAL BANDS - BAND    109; K    1; EIG  5.5742295E-02 AU

    BETA       ELECTRONS
 INSULATING STATE
 TOP OF VALENCE BANDS -    BAND    108; K   17; EIG -1.1087268E-01 AU
 TOP OF VALENCE BANDS -    BAND    108; K    1; EIG -1.1396385E-01 AU
 BOTTOM OF VIRTUAL BANDS - BAND    109; K   29; EIG  2.5603099E-02 AU
 INDIRECT ENERGY BAND GAP:   3.7137 eV
 BOTTOM OF VIRTUAL BANDS - BAND    109; K    1; EIG  5.5742295E-02 AU
 TTTTTTTTTTTTTTTTTTTTTTTTTTTTTT PDIG        TELAPSE      285.11 TCPU      282.71
 CHARGE NORMALIZATION FACTOR   1.00000000
 TOTAL ATOMIC CHARGES:
   6.0160578   6.0160578   6.0160578   6.0160578   6.0160578   6.0160578
   6.0160578   6.0160578   6.0160578   6.0160578   6.0160578   6.0160578
   5.9882541   5.9882541   5.9882541   5.9882541   5.9882541   5.9882541
   5.9882541   5.9882541   5.9882541   5.9882541   5.9882541   5.9882541
   5.9956882   5.9956882   5.9956882   5.9956882   5.9956882   5.9956882
   5.9956882   5.9956882   5.9956882   5.9956882   5.9956882   5.9956882
 SUMMED SPIN DENSITY           0.00000000
 TOTAL ATOMIC SPINS  :
   0.0000000   0.0000000   0.0000000   0.0000000   0.0000000   0.0000000
   0.0000000   0.0000000   0.0000000   0.0000000   0.0000000   0.0000000
  -0.0000000  -0.0000000  -0.0000000  -0.0000000  -0.0000000  -0.0000000
  -0.0000000  -0.0000000  -0.0000000  -0.0000000  -0.0000000  -0.0000000
   0.0000000   0.0000000   0.0000000   0.0000000   0.0000000   0.0000000
   0.0000000   0.0000000   0.0000000   0.0000000   0.0000000   0.0000000
 TTTTTTTTTTTTTTTTTTTTTTTTTTTTTT MOQGAD      TELAPSE      285.13 TCPU      282.73
 TTTTTTTTTTTTTTTTTTTTTTTTTTTTTT SHELLXN     TELAPSE      333.35 TCPU      330.78
 TTTTTTTTTTTTTTTTTTTTTTTTTTTTTT MONMO3      TELAPSE      333.44 TCPU      330.87
 NUMERICALLY INTEGRATED DENSITY    107.9998559217    107.9998559217
 TTTTTTTTTTTTTTTTTTTTTTTTTTTTTT NUMDFT      TELAPSE      334.40 TCPU      331.83
 CYC   5 ETOT(AU) -1.370041929631E+03 DETOT -1.84E-04 tst  4.60E-07 PX  1.50E-03
 TTTTTTTTTTTTTTTTTTTTTTTTTTTTTT DIIS        TELAPSE      334.60 TCPU      331.95
 DIIS TEST: 0.11428E-03 AT SCF   CYCLE   5 - DIIS ACTIVE - HISTORY:     5 CYCLES
 TTTTTTTTTTTTTTTTTTTTTTTTTTTTTT FDIK        TELAPSE      339.63 TCPU      336.93

    ALPHA      ELECTRONS
 INSULATING STATE
 TOP OF VALENCE BANDS -    BAND    108; K   17; EIG -1.1096433E-01 AU
 TOP OF VALENCE BANDS -    BAND    108; K    1; EIG -1.1404854E-01 AU
 BOTTOM OF VIRTUAL BANDS - BAND    109; K   29; EIG  2.5636586E-02 AU
 INDIRECT ENERGY BAND GAP:   3.7171 eV
 BOTTOM OF VIRTUAL BANDS - BAND    109; K    1; EIG  5.5800355E-02 AU

    BETA       ELECTRONS
 INSULATING STATE
 TOP OF VALENCE BANDS -    BAND    108; K   17; EIG -1.1096433E-01 AU
 TOP OF VALENCE BANDS -    BAND    108; K    1; EIG -1.1404854E-01 AU
 BOTTOM OF VIRTUAL BANDS - BAND    109; K   29; EIG  2.5636586E-02 AU
 INDIRECT ENERGY BAND GAP:   3.7171 eV
 BOTTOM OF VIRTUAL BANDS - BAND    109; K    1; EIG  5.5800355E-02 AU
 TTTTTTTTTTTTTTTTTTTTTTTTTTTTTT PDIG        TELAPSE      340.21 TCPU      337.47
 CHARGE NORMALIZATION FACTOR   1.00000000
 TOTAL ATOMIC CHARGES:
   6.0169672   6.0169672   6.0169672   6.0169672   6.0169672   6.0169672
   6.0169672   6.0169672   6.0169672   6.0169672   6.0169672   6.0169672
   5.9877906   5.9877906   5.9877906   5.9877906   5.9877906   5.9877906
   5.9877906   5.9877906   5.9877906   5.9877906   5.9877906   5.9877906
   5.9952422   5.9952422   5.9952422   5.9952422   5.9952422   5.9952422
   5.9952422   5.9952422   5.9952422   5.9952422   5.9952422   5.9952422
 SUMMED SPIN DENSITY           0.00000000
 TOTAL ATOMIC SPINS  :
  -0.0000000  -0.0000000  -0.0000000  -0.0000000  -0.0000000  -0.0000000
  -0.0000000  -0.0000000  -0.0000000  -0.0000000  -0.0000000  -0.0000000
   0.0000000   0.0000000   0.0000000   0.0000000   0.0000000   0.0000000
   0.0000000   0.0000000   0.0000000   0.0000000   0.0000000   0.0000000
   0.0000000   0.0000000   0.0000000   0.0000000   0.0000000   0.0000000
   0.0000000   0.0000000   0.0000000   0.0000000   0.0000000   0.0000000
 TTTTTTTTTTTTTTTTTTTTTTTTTTTTTT MOQGAD      TELAPSE      340.23 TCPU      337.49
 TTTTTTTTTTTTTTTTTTTTTTTTTTTTTT SHELLXN     TELAPSE      388.09 TCPU      385.14
 TTTTTTTTTTTTTTTTTTTTTTTTTTTTTT MONMO3      TELAPSE      388.19 TCPU      385.23
 NUMERICALLY INTEGRATED DENSITY    107.9998559541    107.9998559541
 TTTTTTTTTTTTTTTTTTTTTTTTTTTTTT NUMDFT      TELAPSE      389.16 TCPU      386.20
 CYC   6 ETOT(AU) -1.370041934000E+03 DETOT -4.37E-06 tst  2.52E-08 PX  2.33E-04
 TTTTTTTTTTTTTTTTTTTTTTTTTTTTTT DIIS        TELAPSE      389.34 TCPU      386.36
 DIIS TEST: 0.20907E-04 AT SCF   CYCLE   6 - DIIS ACTIVE - HISTORY:     6 CYCLES
 TTTTTTTTTTTTTTTTTTTTTTTTTTTTTT FDIK        TELAPSE      393.53 TCPU      390.52

    ALPHA      ELECTRONS
 INSULATING STATE
 TOP OF VALENCE BANDS -    BAND    108; K   17; EIG -1.1096710E-01 AU
 TOP OF VALENCE BANDS -    BAND    108; K    1; EIG -1.1405005E-01 AU
 BOTTOM OF VIRTUAL BANDS - BAND    109; K   29; EIG  2.5636344E-02 AU
 INDIRECT ENERGY BAND GAP:   3.7172 eV
 BOTTOM OF VIRTUAL BANDS - BAND    109; K    1; EIG  5.5798028E-02 AU

    BETA       ELECTRONS
 INSULATING STATE
 TOP OF VALENCE BANDS -    BAND    108; K   17; EIG -1.1096710E-01 AU
 TOP OF VALENCE BANDS -    BAND    108; K    1; EIG -1.1405005E-01 AU
 BOTTOM OF VIRTUAL BANDS - BAND    109; K   29; EIG  2.5636344E-02 AU
 INDIRECT ENERGY BAND GAP:   3.7172 eV
 BOTTOM OF VIRTUAL BANDS - BAND    109; K    1; EIG  5.5798028E-02 AU
 TTTTTTTTTTTTTTTTTTTTTTTTTTTTTT PDIG        TELAPSE      394.10 TCPU      391.08
 CHARGE NORMALIZATION FACTOR   1.00000000
 TOTAL ATOMIC CHARGES:
   6.0163847   6.0163847   6.0163847   6.0163847   6.0163847   6.0163847
   6.0163847   6.0163847   6.0163847   6.0163847   6.0163847   6.0163847
   5.9882283   5.9882283   5.9882283   5.9882283   5.9882283   5.9882283
   5.9882283   5.9882283   5.9882283   5.9882283   5.9882283   5.9882283
   5.9953870   5.9953870   5.9953870   5.9953870   5.9953870   5.9953870
   5.9953870   5.9953870   5.9953870   5.9953870   5.9953870   5.9953870
 SUMMED SPIN DENSITY           0.00000000
 TOTAL ATOMIC SPINS  :
   0.0000000   0.0000000   0.0000000   0.0000000   0.0000000   0.0000000
   0.0000000   0.0000000   0.0000000   0.0000000   0.0000000   0.0000000
  -0.0000000  -0.0000000  -0.0000000  -0.0000000  -0.0000000  -0.0000000
  -0.0000000  -0.0000000  -0.0000000  -0.0000000  -0.0000000  -0.0000000
   0.0000000   0.0000000   0.0000000   0.0000000   0.0000000   0.0000000
   0.0000000   0.0000000   0.0000000   0.0000000   0.0000000   0.0000000
 TTTTTTTTTTTTTTTTTTTTTTTTTTTTTT MOQGAD      TELAPSE      394.12 TCPU      391.10
 TTTTTTTTTTTTTTTTTTTTTTTTTTTTTT SHELLXN     TELAPSE      442.00 TCPU      438.83
 TTTTTTTTTTTTTTTTTTTTTTTTTTTTTT MONMO3      TELAPSE      442.09 TCPU      438.92
 NUMERICALLY INTEGRATED DENSITY    107.9998559435    107.9998559435
 TTTTTTTTTTTTTTTTTTTTTTTTTTTTTT NUMDFT      TELAPSE      443.07 TCPU      439.90
 CYC   7 ETOT(AU) -1.370041934606E+03 DETOT -6.06E-07 tst  7.56E-09 PX  1.15E-04
 TTTTTTTTTTTTTTTTTTTTTTTTTTTTTT DIIS        TELAPSE      443.25 TCPU      440.07
 DIIS TEST: 0.27218E-05 AT SCF   CYCLE   7 - DIIS ACTIVE - HISTORY:     7 CYCLES
 TTTTTTTTTTTTTTTTTTTTTTTTTTTTTT FDIK        TELAPSE      447.80 TCPU      444.61

    ALPHA      ELECTRONS
 INSULATING STATE
 TOP OF VALENCE BANDS -    BAND    108; K   17; EIG -1.1097766E-01 AU
 TOP OF VALENCE BANDS -    BAND    108; K    1; EIG -1.1406131E-01 AU
 BOTTOM OF VIRTUAL BANDS - BAND    109; K   29; EIG  2.5628945E-02 AU
 INDIRECT ENERGY BAND GAP:   3.7173 eV
 BOTTOM OF VIRTUAL BANDS - BAND    109; K    1; EIG  5.5792318E-02 AU

    BETA       ELECTRONS
 INSULATING STATE
 TOP OF VALENCE BANDS -    BAND    108; K   17; EIG -1.1097766E-01 AU
 TOP OF VALENCE BANDS -    BAND    108; K    1; EIG -1.1406131E-01 AU
 BOTTOM OF VIRTUAL BANDS - BAND    109; K   29; EIG  2.5628945E-02 AU
 INDIRECT ENERGY BAND GAP:   3.7173 eV
 BOTTOM OF VIRTUAL BANDS - BAND    109; K    1; EIG  5.5792318E-02 AU
 TTTTTTTTTTTTTTTTTTTTTTTTTTTTTT PDIG        TELAPSE      448.36 TCPU      445.17
 CHARGE NORMALIZATION FACTOR   1.00000000
 TOTAL ATOMIC CHARGES:
   6.0165556   6.0165556   6.0165556   6.0165556   6.0165556   6.0165556
   6.0165556   6.0165556   6.0165556   6.0165556   6.0165556   6.0165556
   5.9881052   5.9881052   5.9881052   5.9881052   5.9881052   5.9881052
   5.9881052   5.9881052   5.9881052   5.9881052   5.9881052   5.9881052
   5.9953392   5.9953392   5.9953392   5.9953392   5.9953392   5.9953392
   5.9953392   5.9953392   5.9953392   5.9953392   5.9953392   5.9953392
 SUMMED SPIN DENSITY           0.00000000
 TOTAL ATOMIC SPINS  :
   0.0000000   0.0000000   0.0000000   0.0000000   0.0000000   0.0000000
   0.0000000   0.0000000   0.0000000   0.0000000   0.0000000   0.0000000
  -0.0000000  -0.0000000  -0.0000000  -0.0000000  -0.0000000  -0.0000000
  -0.0000000  -0.0000000  -0.0000000  -0.0000000  -0.0000000  -0.0000000
   0.0000000   0.0000000   0.0000000   0.0000000   0.0000000   0.0000000
   0.0000000   0.0000000   0.0000000   0.0000000   0.0000000   0.0000000
 TTTTTTTTTTTTTTTTTTTTTTTTTTTTTT MOQGAD      TELAPSE      448.38 TCPU      445.19
 TTTTTTTTTTTTTTTTTTTTTTTTTTTTTT SHELLXN     TELAPSE      496.25 TCPU      492.98
 TTTTTTTTTTTTTTTTTTTTTTTTTTTTTT MONMO3      TELAPSE      496.34 TCPU      493.07
 NUMERICALLY INTEGRATED DENSITY    107.9998559420    107.9998559420
 TTTTTTTTTTTTTTTTTTTTTTTTTTTTTT NUMDFT      TELAPSE      497.32 TCPU      494.04
 CYC   8 ETOT(AU) -1.370041934859E+03 DETOT -2.52E-07 tst  6.08E-10 PX  2.78E-05
 TTTTTTTTTTTTTTTTTTTTTTTTTTTTTT DIIS        TELAPSE      497.50 TCPU      494.21
 DIIS TEST: 0.54429E-07 AT SCF   CYCLE   8 - DIIS ACTIVE - HISTORY:     8 CYCLES
 TTTTTTTTTTTTTTTTTTTTTTTTTTTTTT FDIK        TELAPSE      502.44 TCPU      499.13

    ALPHA      ELECTRONS
 INSULATING STATE
 TOP OF VALENCE BANDS -    BAND    108; K   17; EIG -1.1098009E-01 AU
 TOP OF VALENCE BANDS -    BAND    108; K    1; EIG -1.1406350E-01 AU
 BOTTOM OF VIRTUAL BANDS - BAND    109; K   29; EIG  2.5626734E-02 AU
 INDIRECT ENERGY BAND GAP:   3.7173 eV
 BOTTOM OF VIRTUAL BANDS - BAND    109; K    1; EIG  5.5790120E-02 AU

    BETA       ELECTRONS
 INSULATING STATE
 TOP OF VALENCE BANDS -    BAND    108; K   17; EIG -1.1098009E-01 AU
 TOP OF VALENCE BANDS -    BAND    108; K    1; EIG -1.1406350E-01 AU
 BOTTOM OF VIRTUAL BANDS - BAND    109; K   29; EIG  2.5626734E-02 AU
 INDIRECT ENERGY BAND GAP:   3.7173 eV
 BOTTOM OF VIRTUAL BANDS - BAND    109; K    1; EIG  5.5790120E-02 AU
 TTTTTTTTTTTTTTTTTTTTTTTTTTTTTT PDIG        TELAPSE      503.00 TCPU      499.69
 CHARGE NORMALIZATION FACTOR   1.00000000
 TOTAL ATOMIC CHARGES:
   6.0165490   6.0165490   6.0165490   6.0165490   6.0165490   6.0165490
   6.0165490   6.0165490   6.0165490   6.0165490   6.0165490   6.0165490
   5.9881071   5.9881071   5.9881071   5.9881071   5.9881071   5.9881071
   5.9881071   5.9881071   5.9881071   5.9881071   5.9881071   5.9881071
   5.9953439   5.9953439   5.9953439   5.9953439   5.9953439   5.9953439
   5.9953439   5.9953439   5.9953439   5.9953439   5.9953439   5.9953439
 SUMMED SPIN DENSITY           0.00000000
 TOTAL ATOMIC SPINS  :
   0.0000000   0.0000000   0.0000000   0.0000000   0.0000000   0.0000000
   0.0000000   0.0000000   0.0000000   0.0000000   0.0000000   0.0000000
   0.0000000   0.0000000   0.0000000   0.0000000   0.0000000   0.0000000
   0.0000000   0.0000000   0.0000000   0.0000000   0.0000000   0.0000000
  -0.0000000  -0.0000000  -0.0000000  -0.0000000  -0.0000000  -0.0000000
  -0.0000000  -0.0000000  -0.0000000  -0.0000000  -0.0000000  -0.0000000
 TTTTTTTTTTTTTTTTTTTTTTTTTTTTTT MOQGAD      TELAPSE      503.02 TCPU      499.71
 TTTTTTTTTTTTTTTTTTTTTTTTTTTTTT SHELLXN     TELAPSE      550.88 TCPU      547.47
 TTTTTTTTTTTTTTTTTTTTTTTTTTTTTT MONMO3      TELAPSE      550.98 TCPU      547.56
 NUMERICALLY INTEGRATED DENSITY    107.9998559432    107.9998559432
 TTTTTTTTTTTTTTTTTTTTTTTTTTTTTT NUMDFT      TELAPSE      551.95 TCPU      548.53
 CYC   9 ETOT(AU) -1.370041934865E+03 DETOT -6.78E-09 tst  1.27E-11 PX  5.24E-06
 TTTTTTTTTTTTTTTTTTTTTTTTTTTTTT DIIS        TELAPSE      552.13 TCPU      548.70
 DIIS TEST: 0.19006E-08 AT SCF   CYCLE   9 - DIIS ACTIVE - HISTORY:     9 CYCLES
 TTTTTTTTTTTTTTTTTTTTTTTTTTTTTT FDIK        TELAPSE      556.10 TCPU      552.67

    ALPHA      ELECTRONS
 INSULATING STATE
 TOP OF VALENCE BANDS -    BAND    108; K   17; EIG -1.1098065E-01 AU
 TOP OF VALENCE BANDS -    BAND    108; K    1; EIG -1.1406405E-01 AU
 BOTTOM OF VIRTUAL BANDS - BAND    109; K   29; EIG  2.5626712E-02 AU
 INDIRECT ENERGY BAND GAP:   3.7173 eV
 BOTTOM OF VIRTUAL BANDS - BAND    109; K    1; EIG  5.5790137E-02 AU

    BETA       ELECTRONS
 INSULATING STATE
 TOP OF VALENCE BANDS -    BAND    108; K   17; EIG -1.1098065E-01 AU
 TOP OF VALENCE BANDS -    BAND    108; K    1; EIG -1.1406405E-01 AU
 BOTTOM OF VIRTUAL BANDS - BAND    109; K   29; EIG  2.5626712E-02 AU
 INDIRECT ENERGY BAND GAP:   3.7173 eV
 BOTTOM OF VIRTUAL BANDS - BAND    109; K    1; EIG  5.5790137E-02 AU
 TTTTTTTTTTTTTTTTTTTTTTTTTTTTTT PDIG        TELAPSE      556.71 TCPU      553.27
 CHARGE NORMALIZATION FACTOR   1.00000000
 TOTAL ATOMIC CHARGES:
   6.0165487   6.0165487   6.0165487   6.0165487   6.0165487   6.0165487
   6.0165487   6.0165487   6.0165487   6.0165487   6.0165487   6.0165487
   5.9881072   5.9881072   5.9881072   5.9881072   5.9881072   5.9881072
   5.9881072   5.9881072   5.9881072   5.9881072   5.9881072   5.9881072
   5.9953440   5.9953440   5.9953440   5.9953440   5.9953440   5.9953440
   5.9953440   5.9953440   5.9953440   5.9953440   5.9953440   5.9953440
 SUMMED SPIN DENSITY           0.00000000
 TOTAL ATOMIC SPINS  :
   0.0000000   0.0000000   0.0000000   0.0000000   0.0000000   0.0000000
   0.0000000   0.0000000   0.0000000   0.0000000   0.0000000   0.0000000
   0.0000000   0.0000000   0.0000000   0.0000000   0.0000000   0.0000000
   0.0000000   0.0000000   0.0000000   0.0000000   0.0000000   0.0000000
  -0.0000000  -0.0000000  -0.0000000  -0.0000000  -0.0000000  -0.0000000
  -0.0000000  -0.0000000  -0.0000000  -0.0000000  -0.0000000  -0.0000000
 TTTTTTTTTTTTTTTTTTTTTTTTTTTTTT MOQGAD      TELAPSE      556.73 TCPU      553.29
 TTTTTTTTTTTTTTTTTTTTTTTTTTTTTT SHELLXN     TELAPSE      604.58 TCPU      600.98
 TTTTTTTTTTTTTTTTTTTTTTTTTTTTTT MONMO3      TELAPSE      604.67 TCPU      601.07
 NUMERICALLY INTEGRATED DENSITY    107.9998559431    107.9998559431
 TTTTTTTTTTTTTTTTTTTTTTTTTTTTTT NUMDFT      TELAPSE      605.64 TCPU      602.04
 CYC  10 ETOT(AU) -1.370041934880E+03 DETOT -1.47E-08 tst  8.91E-13 PX  1.12E-06
 TTTTTTTTTTTTTTTTTTTTTTTTTTTTTT DIIS        TELAPSE      605.82 TCPU      602.20
 DIIS TEST: 0.50187E-10 AT SCF   CYCLE  10 - DIIS ACTIVE - HISTORY:    10 CYCLES
 TTTTTTTTTTTTTTTTTTTTTTTTTTTTTT FDIK        TELAPSE      608.33 TCPU      604.71

    ALPHA      ELECTRONS
 INSULATING STATE
 TOP OF VALENCE BANDS -    BAND    108; K   17; EIG -1.1098055E-01 AU
 TOP OF VALENCE BANDS -    BAND    108; K    1; EIG -1.1406396E-01 AU
 BOTTOM OF VIRTUAL BANDS - BAND    109; K   29; EIG  2.5626798E-02 AU
 INDIRECT ENERGY BAND GAP:   3.7173 eV
 BOTTOM OF VIRTUAL BANDS - BAND    109; K    1; EIG  5.5790229E-02 AU

    BETA       ELECTRONS
 INSULATING STATE
 TOP OF VALENCE BANDS -    BAND    108; K   17; EIG -1.1098055E-01 AU
 TOP OF VALENCE BANDS -    BAND    108; K    1; EIG -1.1406396E-01 AU
 BOTTOM OF VIRTUAL BANDS - BAND    109; K   29; EIG  2.5626798E-02 AU
 INDIRECT ENERGY BAND GAP:   3.7173 eV
 BOTTOM OF VIRTUAL BANDS - BAND    109; K    1; EIG  5.5790229E-02 AU
 TTTTTTTTTTTTTTTTTTTTTTTTTTTTTT PDIG        TELAPSE      608.91 TCPU      605.29
 CHARGE NORMALIZATION FACTOR   1.00000000
 TOTAL ATOMIC CHARGES:
   6.0165487   6.0165487   6.0165487   6.0165487   6.0165487   6.0165487
   6.0165487   6.0165487   6.0165487   6.0165487   6.0165487   6.0165487
   5.9881074   5.9881074   5.9881074   5.9881074   5.9881074   5.9881074
   5.9881074   5.9881074   5.9881074   5.9881074   5.9881074   5.9881074
   5.9953439   5.9953439   5.9953439   5.9953439   5.9953439   5.9953439
   5.9953439   5.9953439   5.9953439   5.9953439   5.9953439   5.9953439
 SUMMED SPIN DENSITY           0.00000000
 TOTAL ATOMIC SPINS  :
   0.0000000   0.0000000   0.0000000   0.0000000   0.0000000   0.0000000
   0.0000000   0.0000000   0.0000000   0.0000000   0.0000000   0.0000000
   0.0000000   0.0000000   0.0000000   0.0000000   0.0000000   0.0000000
   0.0000000   0.0000000   0.0000000   0.0000000   0.0000000   0.0000000
  -0.0000000  -0.0000000  -0.0000000  -0.0000000  -0.0000000  -0.0000000
  -0.0000000  -0.0000000  -0.0000000  -0.0000000  -0.0000000  -0.0000000
 TTTTTTTTTTTTTTTTTTTTTTTTTTTTTT MOQGAD      TELAPSE      608.93 TCPU      605.30
 TTTTTTTTTTTTTTTTTTTTTTTTTTTTTT SHELLXN     TELAPSE      657.14 TCPU      653.29
 TTTTTTTTTTTTTTTTTTTTTTTTTTTTTT MONMO3      TELAPSE      657.23 TCPU      653.39
 NUMERICALLY INTEGRATED DENSITY    107.9998559432    107.9998559432
 TTTTTTTTTTTTTTTTTTTTTTTTTTTTTT NUMDFT      TELAPSE      658.21 TCPU      654.36
 CYC  11 ETOT(AU) -1.370041934881E+03 DETOT -4.65E-10 tst  5.04E-14 PX  1.25E-07
 TTTTTTTTTTTTTTTTTTTTTTTTTTTTTT DIIS        TELAPSE      658.39 TCPU      654.48
 DIIS TEST: 0.13348E-10 AT SCF   CYCLE  11 - DIIS ACTIVE - HISTORY:    11 CYCLES
 TTTTTTTTTTTTTTTTTTTTTTTTTTTTTT FDIK        TELAPSE      661.18 TCPU      657.24

    ALPHA      ELECTRONS
 INSULATING STATE
 TOP OF VALENCE BANDS -    BAND    108; K   17; EIG -1.1098055E-01 AU
 TOP OF VALENCE BANDS -    BAND    108; K    1; EIG -1.1406395E-01 AU
 BOTTOM OF VIRTUAL BANDS - BAND    109; K   29; EIG  2.5626809E-02 AU
 INDIRECT ENERGY BAND GAP:   3.7173 eV
 BOTTOM OF VIRTUAL BANDS - BAND    109; K    1; EIG  5.5790240E-02 AU

    BETA       ELECTRONS
 INSULATING STATE
 TOP OF VALENCE BANDS -    BAND    108; K   17; EIG -1.1098055E-01 AU
 TOP OF VALENCE BANDS -    BAND    108; K    1; EIG -1.1406395E-01 AU
 BOTTOM OF VIRTUAL BANDS - BAND    109; K   29; EIG  2.5626809E-02 AU
 INDIRECT ENERGY BAND GAP:   3.7173 eV
 BOTTOM OF VIRTUAL BANDS - BAND    109; K    1; EIG  5.5790240E-02 AU
 TTTTTTTTTTTTTTTTTTTTTTTTTTTTTT PDIG        TELAPSE      661.73 TCPU      657.78
 CHARGE NORMALIZATION FACTOR   1.00000000
 TOTAL ATOMIC CHARGES:
   6.0165486   6.0165486   6.0165486   6.0165486   6.0165486   6.0165486
   6.0165486   6.0165486   6.0165486   6.0165486   6.0165486   6.0165486
   5.9881074   5.9881074   5.9881074   5.9881074   5.9881074   5.9881074
   5.9881074   5.9881074   5.9881074   5.9881074   5.9881074   5.9881074
   5.9953439   5.9953439   5.9953439   5.9953439   5.9953439   5.9953439
   5.9953439   5.9953439   5.9953439   5.9953439   5.9953439   5.9953439
 SUMMED SPIN DENSITY           0.00000000
 TOTAL ATOMIC SPINS  :
   0.0000000   0.0000000   0.0000000   0.0000000   0.0000000   0.0000000
   0.0000000   0.0000000   0.0000000   0.0000000   0.0000000   0.0000000
   0.0000000   0.0000000   0.0000000   0.0000000   0.0000000   0.0000000
   0.0000000   0.0000000   0.0000000   0.0000000   0.0000000   0.0000000
  -0.0000000  -0.0000000  -0.0000000  -0.0000000  -0.0000000  -0.0000000
  -0.0000000  -0.0000000  -0.0000000  -0.0000000  -0.0000000  -0.0000000
 TTTTTTTTTTTTTTTTTTTTTTTTTTTTTT MOQGAD      TELAPSE      661.75 TCPU      657.80
 TTTTTTTTTTTTTTTTTTTTTTTTTTTTTT SHELLXN     TELAPSE      709.58 TCPU      705.51
 +++ ENERGIES IN A.U. +++
 ::: EXT EL-POLE                                  -6.0163933403660E+03
 ::: EXT EL-SPHEROPOLE                             5.0420298849056E+01
 ::: BIELET ZONE E-E                               6.2680233745750E+03
 ::: TOTAL E-E                                     3.0205033305807E+02
 ::: TOTAL E-N + N-E                              -2.4589724880684E+03
 ::: TOTAL N-N                                    -4.2129381833528E+02
 ::: KINETIC ENERGY                                1.3662254000369E+03
 ::: PSEUDO TOTAL   ENERGY                        -1.2119905733087E+03
 ::: VIRIAL COEFFICIENT                            1.0598223067124E+00
 TTTTTTTTTTTTTTTTTTTTTTTTTTTTTT MONMO3      TELAPSE      709.67 TCPU      705.60
 NUMERICALLY INTEGRATED DENSITY    107.9998559432    107.9998559432
 EXCHANGE ENERGY: -0.148948949027E+03  CORRELATION ENERGY: -0.910241254452E+01
 TTTTTTTTTTTTTTTTTTTTTTTTTTTTTT NUMDFT      TELAPSE      710.65 TCPU      706.57
 CYC  12 ETOT(AU) -1.370041934880E+03 DETOT  2.38E-10 tst  2.33E-15 PX  1.25E-07

 == SCF ENDED - CONVERGENCE ON ENERGY      E(AU) -1.3700419348804E+03 CYCLES  12


 ENERGY EXPRESSION=HARTREE+FOCK EXCH*0.20000+(BECKE      EXCH)*0.80000+LYP        CORR


 TOTAL ENERGY(DFT)(AU)( 12) -1.3700419348804E+03 DE 2.4E-10 tester 2.3E-15
 TTTTTTTTTTTTTTTTTTTTTTTTTTTTTT EDFT        TELAPSE      710.67 TCPU      706.58
 
 INFORMATION **** DFTD3 ENERGY **** CALCULATE DFTD3 ENERGY

           DFT-D V3(BJ)
 DF                                         b3-lyp    
 parameters
 s6       :    1.0000
 s8       :    1.9889
 a1       :    0.3981
 a2       :    4.4211
 k1 k3    :   16.0000   -4.0000
 Cutoff   :   50.2022
 CN-Cutoff:   21.1671
 ABC-Cutoff:   21.1671
 
 Edisp /kcal,au:  -206.9796 -0.32984291

 E6    /kcal :  -100.0738
 E8    /kcal :  -106.9058
 
 INFORMATION **** DFTD3 ENERGY **** NORMAL TERMINATION OF DFTD3 MODULE

 *******************************************************************************

 DFT-D3 DISPERSION ENERGY CORRECTION

 D3 DISPERSION ENERGY (AU)       -3.2984290737076E-01
 TOTAL ENERGY + DISP (AU)        -1.3703717777877E+03

 *******************************************************************************


 NEIGHBORS OF THE NON-EQUIVALENT ATOMS

 N = NUMBER OF NEIGHBORS AT DISTANCE R
    ATOM  N     R/ANG      R/AU   NEIGHBORS (ATOM LABELS AND CELL INDICES)
   1 C    1     1.4353     2.7123   11 C    0 1 0
   1 C    1     1.5451     2.9198   31 C    0 1 1
   1 C    1     1.7131     3.2373   18 C   -1 0 0
   1 C    1     1.7143     3.2395   25 C    0 0 0
   1 C    1     2.2044     4.1657   21 C   -1 0 0
   1 C    1     2.2256     4.2058   35 C    0 1 0

  13 C    1     1.4457     2.7320   33 C    0 0 0
  13 C    1     1.5292     2.8898   24 C    0 0 0
  13 C    1     1.5730     2.9726   21 C    0 0 0
  13 C    1     1.7131     3.2373    5 C    1 1 0
  13 C    1     2.2044     4.1657    9 C    0 1 0
  13 C    1     2.2887     4.3250   29 C    1 0 0

  25 C    1     1.4457     2.7320   21 C    0 0 0
  25 C    1     1.5223     2.8768   35 C    0 1 0
  25 C    1     1.5451     2.9198    7 C    1 1 1
  25 C    1     1.7143     3.2395    1 C    0 0 0
  25 C    1     2.2256     4.2058   11 C    0 1 0
  25 C    1     2.2887     4.3250   18 C    0 1 0

 TTTTTTTTTTTTTTTTTTTTTTTTTTTTTT AFTER FIRST TELAPSE      711.04 TCPU      706.90
 MMMMMMMMMMMMMMMMMMMMMMMMMMMMMMMMMMMMMMMMMMMMMMMMMMMMMMMMMMMMMMMMMMMMMMMMMMMMMMM
     ALPHA+BETA ELECTRONS
 MULLIKEN POPULATION ANALYSIS - NO. OF ELECTRONS  216.000000

  ATOM    Z CHARGE  A.O. POPULATION

   1 C    6  6.017  0.854  1.120  0.750  0.557  0.378  0.423  0.477 -0.011
                   -0.029 -0.000  0.489  0.537  0.429  0.011  0.006  0.011
                    0.010  0.005
   2 C    6  6.017  0.854  1.120  0.750  0.557  0.378  0.423  0.477 -0.011
                   -0.029 -0.000  0.489  0.537  0.429  0.011  0.006  0.011
                    0.010  0.005
   3 C    6  6.017  0.854  1.120  0.750  0.557  0.416  0.385  0.477 -0.028
                   -0.011 -0.000  0.538  0.488  0.429  0.011  0.009  0.008
                    0.006  0.009
   4 C    6  6.017  0.854  1.120  0.750  0.557  0.408  0.393  0.477 -0.020
                   -0.019 -0.000  0.512  0.514  0.429  0.011  0.011  0.006
                    0.007  0.008
   5 C    6  6.017  0.854  1.120  0.750  0.557  0.408  0.393  0.477 -0.020
                   -0.019 -0.000  0.512  0.514  0.429  0.011  0.011  0.006
                    0.007  0.008
   6 C    6  6.017  0.854  1.120  0.750  0.557  0.416  0.385  0.477 -0.028
                   -0.011 -0.000  0.538  0.488  0.429  0.011  0.009  0.008
                    0.006  0.009
   7 C    6  6.017  0.854  1.120  0.750  0.557  0.408  0.393  0.477 -0.020
                   -0.019 -0.000  0.512  0.514  0.429  0.011  0.011  0.006
                    0.007  0.008
   8 C    6  6.017  0.854  1.120  0.750  0.557  0.378  0.423  0.477 -0.011
                   -0.029 -0.000  0.489  0.537  0.429  0.011  0.006  0.011
                    0.010  0.005
   9 C    6  6.017  0.854  1.120  0.750  0.557  0.416  0.385  0.477 -0.028
                   -0.011 -0.000  0.538  0.488  0.429  0.011  0.009  0.008
                    0.006  0.009
  10 C    6  6.017  0.854  1.120  0.750  0.557  0.416  0.385  0.477 -0.028
                   -0.011 -0.000  0.538  0.488  0.429  0.011  0.009  0.008
                    0.006  0.009
  11 C    6  6.017  0.854  1.120  0.750  0.557  0.378  0.423  0.477 -0.011
                   -0.029 -0.000  0.489  0.537  0.429  0.011  0.006  0.011
                    0.010  0.005
  12 C    6  6.017  0.854  1.120  0.750  0.557  0.408  0.393  0.477 -0.020
                   -0.019 -0.000  0.512  0.514  0.429  0.011  0.011  0.006
                    0.007  0.008
  13 C    6  5.988  0.854  1.120  0.761  0.470  0.429  0.431  0.440 -0.020
                   -0.013  0.003  0.521  0.486  0.459  0.010  0.009  0.012
                    0.007  0.008
  14 C    6  5.988  0.854  1.120  0.761  0.470  0.429  0.431  0.440 -0.020
                   -0.013  0.003  0.521  0.486  0.459  0.010  0.009  0.012
                    0.007  0.008
  15 C    6  5.988  0.854  1.120  0.761  0.470  0.383  0.476  0.440 -0.013
                   -0.019  0.003  0.501  0.506  0.459  0.010  0.007  0.014
                    0.010  0.005
  16 C    6  5.988  0.854  1.120  0.761  0.470  0.477  0.382  0.440 -0.016
                   -0.017  0.003  0.488  0.519  0.459  0.010  0.015  0.006
                    0.006  0.009
  17 C    6  5.988  0.854  1.120  0.761  0.470  0.477  0.382  0.440 -0.016
                   -0.017  0.003  0.488  0.519  0.459  0.010  0.015  0.006
                    0.006  0.009
  18 C    6  5.988  0.854  1.120  0.761  0.470  0.383  0.476  0.440 -0.013
                   -0.019  0.003  0.501  0.506  0.459  0.010  0.007  0.014
                    0.010  0.005
  19 C    6  5.988  0.854  1.120  0.761  0.470  0.477  0.382  0.440 -0.016
                   -0.017  0.003  0.488  0.519  0.459  0.010  0.015  0.006
                    0.006  0.009
  20 C    6  5.988  0.854  1.120  0.761  0.470  0.429  0.431  0.440 -0.020
                   -0.013  0.003  0.521  0.486  0.459  0.010  0.009  0.012
                    0.007  0.008
  21 C    6  5.988  0.854  1.120  0.761  0.470  0.383  0.476  0.440 -0.013
                   -0.019  0.003  0.501  0.506  0.459  0.010  0.007  0.014
                    0.010  0.005
  22 C    6  5.988  0.854  1.120  0.761  0.470  0.383  0.476  0.440 -0.013
                   -0.019  0.003  0.501  0.506  0.459  0.010  0.007  0.014
                    0.010  0.005
  23 C    6  5.988  0.854  1.120  0.761  0.470  0.429  0.431  0.440 -0.020
                   -0.013  0.003  0.521  0.486  0.459  0.010  0.009  0.012
                    0.007  0.008
  24 C    6  5.988  0.854  1.120  0.761  0.470  0.477  0.382  0.440 -0.016
                   -0.017  0.003  0.488  0.519  0.459  0.010  0.015  0.006
                    0.006  0.009
  25 C    6  5.995  0.854  1.120  0.758  0.456  0.390  0.475  0.456 -0.004
                   -0.020 -0.007  0.493  0.496  0.483  0.007  0.010  0.013
                    0.010  0.005
  26 C    6  5.995  0.854  1.120  0.758  0.456  0.390  0.475  0.456 -0.004
                   -0.020 -0.007  0.493  0.496  0.483  0.007  0.010  0.013
                    0.010  0.005
  27 C    6  5.995  0.854  1.120  0.758  0.456  0.433  0.432  0.456 -0.017
                   -0.007 -0.007  0.503  0.485  0.483  0.007  0.011  0.012
                    0.007  0.009
  28 C    6  5.995  0.854  1.120  0.758  0.456  0.475  0.391  0.456 -0.015
                   -0.009 -0.007  0.486  0.502  0.483  0.007  0.013  0.009
                    0.007  0.009
  29 C    6  5.995  0.854  1.120  0.758  0.456  0.475  0.391  0.456 -0.015
                   -0.009 -0.007  0.486  0.502  0.483  0.007  0.013  0.009
                    0.007  0.009
  30 C    6  5.995  0.854  1.120  0.758  0.456  0.433  0.432  0.456 -0.017
                   -0.007 -0.007  0.503  0.485  0.483  0.007  0.011  0.012
                    0.007  0.009
  31 C    6  5.995  0.854  1.120  0.758  0.456  0.475  0.391  0.456 -0.015
                   -0.009 -0.007  0.486  0.502  0.483  0.007  0.013  0.009
                    0.007  0.009
  32 C    6  5.995  0.854  1.120  0.758  0.456  0.390  0.475  0.456 -0.004
                   -0.020 -0.007  0.493  0.496  0.483  0.007  0.010  0.013
                    0.010  0.005
  33 C    6  5.995  0.854  1.120  0.758  0.456  0.433  0.432  0.456 -0.017
                   -0.007 -0.007  0.503  0.485  0.483  0.007  0.011  0.012
                    0.007  0.009
  34 C    6  5.995  0.854  1.120  0.758  0.456  0.433  0.432  0.456 -0.017
                   -0.007 -0.007  0.503  0.485  0.483  0.007  0.011  0.012
                    0.007  0.009
  35 C    6  5.995  0.854  1.120  0.758  0.456  0.390  0.475  0.456 -0.004
                   -0.020 -0.007  0.493  0.496  0.483  0.007  0.010  0.013
                    0.010  0.005
  36 C    6  5.995  0.854  1.120  0.758  0.456  0.475  0.391  0.456 -0.015
                   -0.009 -0.007  0.486  0.502  0.483  0.007  0.013  0.009
                    0.007  0.009

  ATOM    Z CHARGE  SHELL POPULATION

   1 C    6  6.017  0.854  1.120  0.750  0.557  1.278 -0.040  1.454  0.042
   2 C    6  6.017  0.854  1.120  0.750  0.557  1.278 -0.040  1.454  0.042
   3 C    6  6.017  0.854  1.120  0.750  0.557  1.278 -0.040  1.454  0.042
   4 C    6  6.017  0.854  1.120  0.750  0.557  1.278 -0.040  1.454  0.042
   5 C    6  6.017  0.854  1.120  0.750  0.557  1.278 -0.040  1.454  0.042
   6 C    6  6.017  0.854  1.120  0.750  0.557  1.278 -0.040  1.454  0.042
   7 C    6  6.017  0.854  1.120  0.750  0.557  1.278 -0.040  1.454  0.042
   8 C    6  6.017  0.854  1.120  0.750  0.557  1.278 -0.040  1.454  0.042
   9 C    6  6.017  0.854  1.120  0.750  0.557  1.278 -0.040  1.454  0.042
  10 C    6  6.017  0.854  1.120  0.750  0.557  1.278 -0.040  1.454  0.042
  11 C    6  6.017  0.854  1.120  0.750  0.557  1.278 -0.040  1.454  0.042
  12 C    6  6.017  0.854  1.120  0.750  0.557  1.278 -0.040  1.454  0.042
  13 C    6  5.988  0.854  1.120  0.761  0.470  1.300 -0.029  1.466  0.046
  14 C    6  5.988  0.854  1.120  0.761  0.470  1.300 -0.029  1.466  0.046
  15 C    6  5.988  0.854  1.120  0.761  0.470  1.300 -0.029  1.466  0.046
  16 C    6  5.988  0.854  1.120  0.761  0.470  1.300 -0.029  1.466  0.046
  17 C    6  5.988  0.854  1.120  0.761  0.470  1.300 -0.029  1.466  0.046
  18 C    6  5.988  0.854  1.120  0.761  0.470  1.300 -0.029  1.466  0.046
  19 C    6  5.988  0.854  1.120  0.761  0.470  1.300 -0.029  1.466  0.046
  20 C    6  5.988  0.854  1.120  0.761  0.470  1.300 -0.029  1.466  0.046
  21 C    6  5.988  0.854  1.120  0.761  0.470  1.300 -0.029  1.466  0.046
  22 C    6  5.988  0.854  1.120  0.761  0.470  1.300 -0.029  1.466  0.046
  23 C    6  5.988  0.854  1.120  0.761  0.470  1.300 -0.029  1.466  0.046
  24 C    6  5.988  0.854  1.120  0.761  0.470  1.300 -0.029  1.466  0.046
  25 C    6  5.995  0.854  1.120  0.758  0.456  1.322 -0.031  1.471  0.045
  26 C    6  5.995  0.854  1.120  0.758  0.456  1.322 -0.031  1.471  0.045
  27 C    6  5.995  0.854  1.120  0.758  0.456  1.322 -0.031  1.471  0.045
  28 C    6  5.995  0.854  1.120  0.758  0.456  1.322 -0.031  1.471  0.045
  29 C    6  5.995  0.854  1.120  0.758  0.456  1.322 -0.031  1.471  0.045
  30 C    6  5.995  0.854  1.120  0.758  0.456  1.322 -0.031  1.471  0.045
  31 C    6  5.995  0.854  1.120  0.758  0.456  1.322 -0.031  1.471  0.045
  32 C    6  5.995  0.854  1.120  0.758  0.456  1.322 -0.031  1.471  0.045
  33 C    6  5.995  0.854  1.120  0.758  0.456  1.322 -0.031  1.471  0.045
  34 C    6  5.995  0.854  1.120  0.758  0.456  1.322 -0.031  1.471  0.045
  35 C    6  5.995  0.854  1.120  0.758  0.456  1.322 -0.031  1.471  0.045
  36 C    6  5.995  0.854  1.120  0.758  0.456  1.322 -0.031  1.471  0.045

 OVERLAP POPULATION CONDENSED TO ATOMS FOR FIRST   6 NEIGHBORS

 ATOM A   1 C    ATOM B     CELL      R(AB)/AU R(AB)/ANG    OVPOP(AB)
                 11 C    (  0  1  0)     2.712     1.435     0.276
                 31 C    (  0  1  1)     2.920     1.545     0.301
                 18 C    ( -1  0  0)     3.237     1.713     0.261
                 25 C    (  0  0  0)     3.239     1.714     0.285
                 21 C    ( -1  0  0)     4.166     2.204    -0.077
                 35 C    (  0  1  0)     4.206     2.226    -0.106

 ATOM A  13 C    ATOM B     CELL      R(AB)/AU R(AB)/ANG    OVPOP(AB)
                 33 C    (  0  0  0)     2.732     1.446     0.307
                 24 C    (  0  0  0)     2.890     1.529     0.215
                 21 C    (  0  0  0)     2.973     1.573     0.319
                  5 C    (  1  1  0)     3.237     1.713     0.261
                  9 C    (  0  1  0)     4.166     2.204    -0.077
                 29 C    (  1  0  0)     4.325     2.289    -0.039

 ATOM A  25 C    ATOM B     CELL      R(AB)/AU R(AB)/ANG    OVPOP(AB)
                 21 C    (  0  0  0)     2.732     1.446     0.307
                 35 C    (  0  1  0)     2.877     1.522     0.312
                  7 C    (  1  1  1)     2.920     1.545     0.301
                  1 C    (  0  0  0)     3.239     1.714     0.285
                 11 C    (  0  1  0)     4.206     2.226    -0.106
                 18 C    (  0  1  0)     4.325     2.289    -0.039
 TTTTTTTTTTTTTTTTTTTTTTTTTTTTTT AFTER FIRST TELAPSE      711.27 TCPU      706.96
 MMMMMMMMMMMMMMMMMMMMMMMMMMMMMMMMMMMMMMMMMMMMMMMMMMMMMMMMMMMMMMMMMMMMMMMMMMMMMMM
     ALPHA-BETA ELECTRONS
 MULLIKEN POPULATION ANALYSIS - NO. OF ELECTRONS    0.000000

  ATOM    Z CHARGE  A.O. POPULATION

   1 C    6  0.000  0.000 -0.000  0.000 -0.000  0.000 -0.000  0.000 -0.000
                    0.000 -0.000  0.000 -0.000  0.000 -0.000  0.000  0.000
                   -0.000 -0.000
   2 C    6  0.000  0.000 -0.000  0.000 -0.000  0.000 -0.000  0.000 -0.000
                    0.000 -0.000  0.000 -0.000  0.000 -0.000  0.000  0.000
                   -0.000 -0.000
   3 C    6  0.000  0.000 -0.000  0.000 -0.000 -0.000  0.000  0.000  0.000
                   -0.000 -0.000 -0.000  0.000  0.000 -0.000  0.000  0.000
                    0.000 -0.000
   4 C    6  0.000  0.000 -0.000  0.000 -0.000  0.000  0.000  0.000  0.000
                   -0.000 -0.000 -0.000  0.000  0.000 -0.000  0.000  0.000
                   -0.000  0.000
   5 C    6  0.000  0.000 -0.000  0.000 -0.000  0.000  0.000  0.000  0.000
                   -0.000 -0.000 -0.000  0.000  0.000 -0.000  0.000  0.000
                   -0.000  0.000
   6 C    6  0.000  0.000 -0.000  0.000 -0.000 -0.000  0.000  0.000  0.000
                   -0.000 -0.000 -0.000  0.000  0.000 -0.000  0.000  0.000
                    0.000 -0.000
   7 C    6  0.000  0.000 -0.000  0.000 -0.000  0.000  0.000  0.000  0.000
                   -0.000 -0.000 -0.000  0.000  0.000 -0.000  0.000  0.000
                   -0.000  0.000
   8 C    6  0.000  0.000 -0.000  0.000 -0.000  0.000 -0.000  0.000 -0.000
                    0.000 -0.000  0.000 -0.000  0.000 -0.000  0.000  0.000
                   -0.000 -0.000
   9 C    6  0.000  0.000 -0.000  0.000 -0.000 -0.000  0.000  0.000  0.000
                   -0.000 -0.000 -0.000  0.000  0.000 -0.000  0.000  0.000
                    0.000 -0.000
  10 C    6  0.000  0.000 -0.000  0.000 -0.000 -0.000  0.000  0.000  0.000
                   -0.000 -0.000 -0.000  0.000  0.000 -0.000  0.000  0.000
                    0.000 -0.000
  11 C    6  0.000  0.000 -0.000  0.000 -0.000  0.000 -0.000  0.000 -0.000
                    0.000 -0.000  0.000 -0.000  0.000 -0.000  0.000  0.000
                   -0.000 -0.000
  12 C    6  0.000  0.000 -0.000  0.000 -0.000  0.000  0.000  0.000  0.000
                   -0.000 -0.000 -0.000  0.000  0.000 -0.000  0.000  0.000
                   -0.000  0.000
  13 C    6  0.000  0.000  0.000 -0.000  0.000 -0.000 -0.000 -0.000  0.000
                   -0.000  0.000 -0.000  0.000 -0.000 -0.000  0.000  0.000
                   -0.000  0.000
  14 C    6  0.000  0.000  0.000 -0.000  0.000 -0.000 -0.000 -0.000  0.000
                   -0.000  0.000 -0.000  0.000 -0.000 -0.000  0.000  0.000
                   -0.000  0.000
  15 C    6  0.000  0.000  0.000 -0.000  0.000 -0.000 -0.000 -0.000  0.000
                    0.000  0.000 -0.000 -0.000 -0.000 -0.000 -0.000  0.000
                   -0.000 -0.000
  16 C    6  0.000  0.000  0.000 -0.000  0.000 -0.000 -0.000 -0.000  0.000
                    0.000  0.000  0.000 -0.000 -0.000 -0.000  0.000 -0.000
                    0.000 -0.000
  17 C    6  0.000  0.000  0.000 -0.000  0.000 -0.000 -0.000 -0.000  0.000
                    0.000  0.000  0.000 -0.000 -0.000 -0.000  0.000 -0.000
                    0.000 -0.000
  18 C    6  0.000  0.000  0.000 -0.000  0.000 -0.000 -0.000 -0.000  0.000
                    0.000  0.000 -0.000 -0.000 -0.000 -0.000 -0.000  0.000
                   -0.000 -0.000
  19 C    6  0.000  0.000  0.000 -0.000  0.000 -0.000 -0.000 -0.000  0.000
                    0.000  0.000  0.000 -0.000 -0.000 -0.000  0.000 -0.000
                    0.000 -0.000
  20 C    6  0.000  0.000  0.000 -0.000  0.000 -0.000 -0.000 -0.000  0.000
                   -0.000  0.000 -0.000  0.000 -0.000 -0.000  0.000  0.000
                   -0.000  0.000
  21 C    6  0.000  0.000  0.000 -0.000  0.000 -0.000 -0.000 -0.000  0.000
                    0.000  0.000 -0.000 -0.000 -0.000 -0.000 -0.000  0.000
                   -0.000 -0.000
  22 C    6  0.000  0.000  0.000 -0.000  0.000 -0.000 -0.000 -0.000  0.000
                    0.000  0.000 -0.000 -0.000 -0.000 -0.000 -0.000  0.000
                   -0.000 -0.000
  23 C    6  0.000  0.000  0.000 -0.000  0.000 -0.000 -0.000 -0.000  0.000
                   -0.000  0.000 -0.000  0.000 -0.000 -0.000  0.000  0.000
                   -0.000  0.000
  24 C    6  0.000  0.000  0.000 -0.000  0.000 -0.000 -0.000 -0.000  0.000
                    0.000  0.000  0.000 -0.000 -0.000 -0.000  0.000 -0.000
                    0.000 -0.000
  25 C    6 -0.000 -0.000  0.000  0.000 -0.000 -0.000 -0.000 -0.000  0.000
                    0.000 -0.000 -0.000  0.000 -0.000  0.000 -0.000 -0.000
                   -0.000 -0.000
  26 C    6 -0.000 -0.000  0.000  0.000 -0.000 -0.000 -0.000 -0.000  0.000
                    0.000 -0.000 -0.000  0.000 -0.000  0.000 -0.000 -0.000
                   -0.000 -0.000
  27 C    6 -0.000 -0.000  0.000  0.000 -0.000 -0.000  0.000 -0.000  0.000
                    0.000 -0.000  0.000 -0.000 -0.000  0.000 -0.000 -0.000
                   -0.000 -0.000
  28 C    6 -0.000 -0.000  0.000  0.000 -0.000  0.000 -0.000 -0.000  0.000
                    0.000 -0.000  0.000 -0.000 -0.000  0.000 -0.000 -0.000
                   -0.000 -0.000
  29 C    6 -0.000 -0.000  0.000  0.000 -0.000  0.000 -0.000 -0.000  0.000
                    0.000 -0.000  0.000 -0.000 -0.000  0.000 -0.000 -0.000
                   -0.000 -0.000
  30 C    6 -0.000 -0.000  0.000  0.000 -0.000 -0.000  0.000 -0.000  0.000
                    0.000 -0.000  0.000 -0.000 -0.000  0.000 -0.000 -0.000
                   -0.000 -0.000
  31 C    6 -0.000 -0.000  0.000  0.000 -0.000  0.000 -0.000 -0.000  0.000
                    0.000 -0.000  0.000 -0.000 -0.000  0.000 -0.000 -0.000
                   -0.000 -0.000
  32 C    6 -0.000 -0.000  0.000  0.000 -0.000 -0.000 -0.000 -0.000  0.000
                    0.000 -0.000 -0.000  0.000 -0.000  0.000 -0.000 -0.000
                   -0.000 -0.000
  33 C    6 -0.000 -0.000  0.000  0.000 -0.000 -0.000  0.000 -0.000  0.000
                    0.000 -0.000  0.000 -0.000 -0.000  0.000 -0.000 -0.000
                   -0.000 -0.000
  34 C    6 -0.000 -0.000  0.000  0.000 -0.000 -0.000  0.000 -0.000  0.000
                    0.000 -0.000  0.000 -0.000 -0.000  0.000 -0.000 -0.000
                   -0.000 -0.000
  35 C    6 -0.000 -0.000  0.000  0.000 -0.000 -0.000 -0.000 -0.000  0.000
                    0.000 -0.000 -0.000  0.000 -0.000  0.000 -0.000 -0.000
                   -0.000 -0.000
  36 C    6 -0.000 -0.000  0.000  0.000 -0.000  0.000 -0.000 -0.000  0.000
                    0.000 -0.000  0.000 -0.000 -0.000  0.000 -0.000 -0.000
                   -0.000 -0.000

  ATOM    Z CHARGE  SHELL POPULATION

   1 C    6  0.000  0.000 -0.000  0.000 -0.000  0.000 -0.000  0.000  0.000
   2 C    6  0.000  0.000 -0.000  0.000 -0.000  0.000 -0.000  0.000  0.000
   3 C    6  0.000  0.000 -0.000  0.000 -0.000  0.000 -0.000  0.000  0.000
   4 C    6  0.000  0.000 -0.000  0.000 -0.000  0.000 -0.000  0.000  0.000
   5 C    6  0.000  0.000 -0.000  0.000 -0.000  0.000 -0.000  0.000  0.000
   6 C    6  0.000  0.000 -0.000  0.000 -0.000  0.000 -0.000  0.000  0.000
   7 C    6  0.000  0.000 -0.000  0.000 -0.000  0.000 -0.000  0.000  0.000
   8 C    6  0.000  0.000 -0.000  0.000 -0.000  0.000 -0.000  0.000  0.000
   9 C    6  0.000  0.000 -0.000  0.000 -0.000  0.000 -0.000  0.000  0.000
  10 C    6  0.000  0.000 -0.000  0.000 -0.000  0.000 -0.000  0.000  0.000
  11 C    6  0.000  0.000 -0.000  0.000 -0.000  0.000 -0.000  0.000  0.000
  12 C    6  0.000  0.000 -0.000  0.000 -0.000  0.000 -0.000  0.000  0.000
  13 C    6  0.000  0.000  0.000 -0.000  0.000 -0.000  0.000 -0.000  0.000
  14 C    6  0.000  0.000  0.000 -0.000  0.000 -0.000  0.000 -0.000  0.000
  15 C    6  0.000  0.000  0.000 -0.000  0.000 -0.000  0.000 -0.000  0.000
  16 C    6  0.000  0.000  0.000 -0.000  0.000 -0.000  0.000 -0.000  0.000
  17 C    6  0.000  0.000  0.000 -0.000  0.000 -0.000  0.000 -0.000  0.000
  18 C    6  0.000  0.000  0.000 -0.000  0.000 -0.000  0.000 -0.000  0.000
  19 C    6  0.000  0.000  0.000 -0.000  0.000 -0.000  0.000 -0.000  0.000
  20 C    6  0.000  0.000  0.000 -0.000  0.000 -0.000  0.000 -0.000  0.000
  21 C    6  0.000  0.000  0.000 -0.000  0.000 -0.000  0.000 -0.000  0.000
  22 C    6  0.000  0.000  0.000 -0.000  0.000 -0.000  0.000 -0.000  0.000
  23 C    6  0.000  0.000  0.000 -0.000  0.000 -0.000  0.000 -0.000  0.000
  24 C    6  0.000  0.000  0.000 -0.000  0.000 -0.000  0.000 -0.000  0.000
  25 C    6 -0.000 -0.000  0.000  0.000 -0.000 -0.000  0.000  0.000 -0.000
  26 C    6 -0.000 -0.000  0.000  0.000 -0.000 -0.000  0.000  0.000 -0.000
  27 C    6 -0.000 -0.000  0.000  0.000 -0.000 -0.000  0.000  0.000 -0.000
  28 C    6 -0.000 -0.000  0.000  0.000 -0.000 -0.000  0.000  0.000 -0.000
  29 C    6 -0.000 -0.000  0.000  0.000 -0.000 -0.000  0.000  0.000 -0.000
  30 C    6 -0.000 -0.000  0.000  0.000 -0.000 -0.000  0.000  0.000 -0.000
  31 C    6 -0.000 -0.000  0.000  0.000 -0.000 -0.000  0.000  0.000 -0.000
  32 C    6 -0.000 -0.000  0.000  0.000 -0.000 -0.000  0.000  0.000 -0.000
  33 C    6 -0.000 -0.000  0.000  0.000 -0.000 -0.000  0.000  0.000 -0.000
  34 C    6 -0.000 -0.000  0.000  0.000 -0.000 -0.000  0.000  0.000 -0.000
  35 C    6 -0.000 -0.000  0.000  0.000 -0.000 -0.000  0.000  0.000 -0.000
  36 C    6 -0.000 -0.000  0.000  0.000 -0.000 -0.000  0.000  0.000 -0.000

 OVERLAP POPULATION CONDENSED TO ATOMS FOR FIRST   6 NEIGHBORS

 ATOM A   1 C    ATOM B     CELL      R(AB)/AU R(AB)/ANG    OVPOP(AB)
                 11 C    (  0  1  0)     2.712     1.435     0.000
                 31 C    (  0  1  1)     2.920     1.545    -0.000
                 18 C    ( -1  0  0)     3.237     1.713     0.000
                 25 C    (  0  0  0)     3.239     1.714     0.000
                 21 C    ( -1  0  0)     4.166     2.204     0.000
                 35 C    (  0  1  0)     4.206     2.226    -0.000

 ATOM A  13 C    ATOM B     CELL      R(AB)/AU R(AB)/ANG    OVPOP(AB)
                 33 C    (  0  0  0)     2.732     1.446    -0.000
                 24 C    (  0  0  0)     2.890     1.529    -0.000
                 21 C    (  0  0  0)     2.973     1.573    -0.000
                  5 C    (  1  1  0)     3.237     1.713     0.000
                  9 C    (  0  1  0)     4.166     2.204     0.000
                 29 C    (  1  0  0)     4.325     2.289     0.000

 ATOM A  25 C    ATOM B     CELL      R(AB)/AU R(AB)/ANG    OVPOP(AB)
                 21 C    (  0  0  0)     2.732     1.446    -0.000
                 35 C    (  0  1  0)     2.877     1.522     0.000
                  7 C    (  1  1  1)     2.920     1.545    -0.000
                  1 C    (  0  0  0)     3.239     1.714     0.000
                 11 C    (  0  1  0)     4.206     2.226    -0.000
                 18 C    (  0  1  0)     4.325     2.289     0.000
 EIGENVECTORS IN FORTRAN UNIT  8
 TTTTTTTTTTTTTTTTTTTTTTTTTTTTTT END         TELAPSE      712.04 TCPU      707.63
 EEEEEEEEEE TERMINATION  DATE 31 01 2026 TIME 01:09:01.4
NODE    0 CPU TIME =       707.631
NODE    1 CPU TIME =       710.082
NODE    2 CPU TIME =       709.966
NODE    3 CPU TIME =       709.566
NODE    4 CPU TIME =       710.100
NODE    5 CPU TIME =       710.003
NODE    6 CPU TIME =       709.426
NODE    7 CPU TIME =       710.108
NODE    8 CPU TIME =       709.857
NODE    9 CPU TIME =       709.740
NODE   10 CPU TIME =       710.461
NODE   11 CPU TIME =       709.918
NODE   12 CPU TIME =       709.561
NODE   13 CPU TIME =       710.122
NODE   14 CPU TIME =       710.301
NODE   15 CPU TIME =       709.939
NODE   16 CPU TIME =       710.018
NODE   17 CPU TIME =       709.996
NODE   18 CPU TIME =       709.967
NODE   19 CPU TIME =       710.272
NODE   20 CPU TIME =       710.194
NODE   21 CPU TIME =       710.113
NODE   22 CPU TIME =       709.956
NODE   23 CPU TIME =       710.232
NODE   24 CPU TIME =       710.074
NODE   25 CPU TIME =       709.617
NODE   26 CPU TIME =       709.772
NODE   27 CPU TIME =       710.049
NODE   28 CPU TIME =       709.858
NODE   29 CPU TIME =       710.061
NODE   30 CPU TIME =       709.090
NODE   31 CPU TIME =       709.806
    TOTAL CPU TIME =     22715.854
