MPI startup(): Warning: I_MPI_PMI_LIBRARY will be ignored since the hydra process manager was found
MPI startup(): Warning: I_MPI_PMI_LIBRARY will be ignored since the hydra process manager was found
MPI startup(): Warning: I_MPI_PMI_LIBRARY will be ignored since the hydra process manager was found
MPI startup(): Warning: I_MPI_PMI_LIBRARY will be ignored since the hydra process manager was found
MPI startup(): Warning: I_MPI_PMI_LIBRARY will be ignored since the hydra process manager was found
MPI startup(): Warning: I_MPI_PMI_LIBRARY will be ignored since the hydra process manager was found
MPI startup(): Warning: I_MPI_PMI_LIBRARY will be ignored since the hydra process manager was found
MPI startup(): Warning: I_MPI_PMI_LIBRARY will be ignored since the hydra process manager was found
MPI startup(): Warning: I_MPI_PMI_LIBRARY will be ignored since the hydra process manager was found
MPI startup(): Warning: I_MPI_PMI_LIBRARY will be ignored since the hydra process manager was found
MPI startup(): Warning: I_MPI_PMI_LIBRARY will be ignored since the hydra process manager was found
MPI startup(): Warning: I_MPI_PMI_LIBRARY will be ignored since the hydra process manager was found
MPI startup(): Warning: I_MPI_PMI_LIBRARY will be ignored since the hydra process manager was found
MPI startup(): Warning: I_MPI_PMI_LIBRARY will be ignored since the hydra process manager was found
MPI startup(): Warning: I_MPI_PMI_LIBRARY will be ignored since the hydra process manager was found
MPI startup(): Warning: I_MPI_PMI_LIBRARY will be ignored since the hydra process manager was found
MPI startup(): Warning: I_MPI_PMI_LIBRARY will be ignored since the hydra process manager was found
MPI startup(): Warning: I_MPI_PMI_LIBRARY will be ignored since the hydra process manager was found
MPI startup(): Warning: I_MPI_PMI_LIBRARY will be ignored since the hydra process manager was found
MPI startup(): Warning: I_MPI_PMI_LIBRARY will be ignored since the hydra process manager was found
MPI startup(): Warning: I_MPI_PMI_LIBRARY will be ignored since the hydra process manager was found
MPI startup(): Warning: I_MPI_PMI_LIBRARY will be ignored since the hydra process manager was found
MPI startup(): Warning: I_MPI_PMI_LIBRARY will be ignored since the hydra process manager was found
MPI startup(): Warning: I_MPI_PMI_LIBRARY will be ignored since the hydra process manager was found
MPI startup(): Warning: I_MPI_PMI_LIBRARY will be ignored since the hydra process manager was found
MPI startup(): Warning: I_MPI_PMI_LIBRARY will be ignored since the hydra process manager was found
MPI startup(): Warning: I_MPI_PMI_LIBRARY will be ignored since the hydra process manager was found
MPI startup(): Warning: I_MPI_PMI_LIBRARY will be ignored since the hydra process manager was found
MPI startup(): Warning: I_MPI_PMI_LIBRARY will be ignored since the hydra process manager was found
MPI startup(): Warning: I_MPI_PMI_LIBRARY will be ignored since the hydra process manager was found
MPI startup(): Warning: I_MPI_PMI_LIBRARY will be ignored since the hydra process manager was found
MPI startup(): Warning: I_MPI_PMI_LIBRARY will be ignored since the hydra process manager was found
 PROCESS           14  OF           32  WORKING
 PROCESS           25  OF           32  WORKING
 PROCESS            2  OF           32  WORKING
 PROCESS           19  OF           32  WORKING
 PROCESS            4  OF           32  WORKING
 PROCESS            7  OF           32  WORKING
 PROCESS           15  OF           32  WORKING
 PROCESS            3  OF           32  WORKING
 PROCESS           24  OF           32  WORKING
 PROCESS           27  OF           32  WORKING
 PROCESS           13  OF           32  WORKING
 PROCESS            0  OF           32  WORKING
 PROCESS            1  OF           32  WORKING
 PROCESS           30  OF           32  WORKING
 PROCESS            6  OF           32  WORKING
 PROCESS            5  OF           32  WORKING
 PROCESS           20  OF           32  WORKING
 PROCESS           10  OF           32  WORKING
 PROCESS           21  OF           32  WORKING
 PROCESS           18  OF           32  WORKING
 PROCESS           29  OF           32  WORKING
 PROCESS           16  OF           32  WORKING
 PROCESS           22  OF           32  WORKING

         
 *******************************************************************************
 *                                                                             *
 *                               CRYSTAL23                                     *
 *                      public : 1.0.1 - October 2022                          *
 *                       HTTP://WWW.CRYSTAL.UNITO.IT                           *
 *                                                                             *
 *                              MAIN AUTHORS                                   *
 *                                                                             *
 *  R. DOVESI(1,11), V.R. SAUNDERS(2), C. ROETTI(1,11), R. ORLANDO(1,11),      *
 *  C.M. ZICOVICH-WILSON(1,3), F. PASCALE(4), B. CIVALLERI(1,11),              *
 *  K. DOLL(5), N.M. HARRISON(6), I.J. BUSH(7), Ph. D'ARCO(8),                 *
 *  M. LLUNELL(9), M. CAUSA'(10), Y. NOEL(8), L. MASCHIO(1,11), A. ERBA(1,11)  *
 *  M. RE'RAT(14), S. CASASSA(1,11), B.G. SEARLE(2), J.K. DESMARAIS(1)         *
 *                                                                             *
 *        CONTRIBUTIONS TO THE CODE HAVE ALSO BEEN GIVEN BY                    *
 *                                                                             *
 *  M. FERRABONE(1,11), M. DE LA PIERRE(1,11), M. FERRERO(1,11),               *
 *  J. BAIMA(1,11), E. ALBANESE(1,11), M.F. PEINTINGER(12), R. BAST(13),       *
 *  B. KIRTMAN(15), V. LACIVITA(1,11), R. DEMICHELIS(1,16)                     *
 *  G. BRANDEBURG(17), S. SALUSTRO(1,11), G. SANSONE(1,11)                     *
 *  M.T. RUGGIERO(18), L.E. DAGA(1), L. DONA'(1), A. COSSARD(1)                *
 *                                                                             *
 * (1) THEORETICAL CHEMISTRY GROUP - UNIVERSITA' DI TORINO - TORINO (ITALY)    *
 * (2) SCIENTIFIC COMPUTING DEPARTMENT - STFC DARESBURY (UK)                   *
 * (3) UNIVERSIDAD AUTONOMA DEL ESTADO DE MORELOS - CUERNAVACA (MEXICO)        *
 * (4) UNIVERSITE' DE LORRAINE - NANCY (FRANCE)                                *
 * (5) UNIVERSITAET STUTTGART- STUTTGART (GERMANY)                             *
 * (6) IMPERIAL COLLEGE - LONDON (UK)                                          *
 * (7) SCIENTIFIC COMPUTING DEPARTMENT - STFC RAL (UK)                         *
 * (8) UPMC - SORBONNE UNIVERSITES - PARIS (FRANCE)                            *
 * (9) UNIVERSIDAD DE BARCELONA - BARCELONA (SPAIN)                            *
 *(10) UNIVERSITA' DI NAPOLI "FEDERICO II" - NAPOLI (ITALY)                    *
 *(11) NIS - NANOSTRUCTURED INTERFACES AND SURFACES - TORINO (ITALY)           *
 *(12) MPI FUER CHEMISCHE ENERGIEKONVERSION - MUELHEIM AN DER RUHR (GERMANY)   *
 *(13) UNIVERSITY OF TROMSO - TROMSO (NORWAY)                                  *
 *(14) UNIVERSITE' DE PAU ET DES PAYS DE L'ADOUR - PAU (FRANCE)                *
 *(15) UNIVERSITY OF CALIFORNIA SANTA BARBARA - SANTA BARBARA (USA)            *
 *(16) CURTIN UNIVERSITY - PERTH (AUSTRALIA)                                   *
 *(17) UNIVERSITY COLLEGE LONDON - LONDON (UK)                                 *
 *(18) UNIVERSITY OF VERMONT - BURLINGTON (USA)                                *
 *                                                                             *
 *******************************************************************************
 EEEEEEEEEE STARTING  DATE 28 01 2026 TIME 20:48:40.2
 PROCESS           17  OF           32  WORKING
 PROCESS            8  OF           32  WORKING
 ./4^3T112-CA_SCF_opt_rev1_sp_B3LYP-D3-D3_optimized                              
 PROCESS           12  OF           32  WORKING
 PROCESS           31  OF           32  WORKING
 PROCESS           26  OF           32  WORKING
 PROCESS           28  OF           32  WORKING
 PROCESS           11  OF           32  WORKING
 PROCESS           23  OF           32  WORKING
 PROCESS            9  OF           32  WORKING

 CRYSTAL CALCULATION
 (INPUT ACCORDING TO THE INTERNATIONAL TABLES FOR X-RAY CRYSTALLOGRAPHY)
 CRYSTAL FAMILY                       :  ORTHORHOMBIC
 CRYSTAL CLASS  (GROTH - 1921)        :  ORTHORHOMBIC BIPYRAMIDAL             

 SPACE GROUP (CENTROSYMMETRIC)        :  C M C M         

 LATTICE PARAMETERS  (ANGSTROMS AND DEGREES) - CONVENTIONAL CELL
        A           B           C        ALPHA        BETA       GAMMA
     9.36464     6.89435     4.42531    90.00000    90.00000    90.00000


 NUMBER OF IRREDUCIBLE ATOMS IN THE CONVENTIONAL CELL:    3

 INPUT COORDINATES

 ATOM AT. N.              COORDINATES
   1   6     2.234978787515E-01  9.748734159800E-02  7.442270144941E-02
   2   6     1.476175493662E-01  3.014141537160E-01  7.263325558665E-02
   3   6    -3.080190612365E-17  4.006878821767E-01  7.381399204434E-02

 *******************************************************************************

 << INFORMATION >>: FROM NOW ON, ALL COORDINATES REFER TO THE PRIMITIVE CELL

 *******************************************************************************

 LATTICE PARAMETERS  (ANGSTROMS AND DEGREES) - PRIMITIVE CELL
       A          B          C        ALPHA      BETA     GAMMA        VOLUME
    5.81439    5.81439    4.42531    90.00000  90.00000 107.27815    142.855789

 COORDINATES OF THE EQUIVALENT ATOMS (FRACTIONAL UNITS)

 N. ATOM EQUIV AT. N.          X                  Y                  Z

   1   1   1    6 C     3.20985220350E-01 -1.26010537154E-01  7.44227014494E-02
   2   1   2    6 C    -3.20985220350E-01  1.26010537154E-01 -4.25577298551E-01
   3   1   3    6 C     1.26010537154E-01 -3.20985220350E-01 -7.44227014494E-02
   4   1   4    6 C    -1.26010537154E-01  3.20985220350E-01  4.25577298551E-01
   5   1   5    6 C    -3.20985220350E-01  1.26010537154E-01 -7.44227014494E-02
   6   1   6    6 C     3.20985220350E-01 -1.26010537154E-01  4.25577298551E-01
   7   1   7    6 C    -1.26010537154E-01  3.20985220350E-01  7.44227014494E-02
   8   1   8    6 C     1.26010537154E-01 -3.20985220350E-01 -4.25577298551E-01

   9   2   1    6 C     4.49031703082E-01  1.53796604350E-01  7.26332555867E-02
  10   2   2    6 C    -4.49031703082E-01 -1.53796604350E-01 -4.27366744413E-01
  11   2   3    6 C    -1.53796604350E-01 -4.49031703082E-01 -7.26332555867E-02
  12   2   4    6 C     1.53796604350E-01  4.49031703082E-01  4.27366744413E-01
  13   2   5    6 C    -4.49031703082E-01 -1.53796604350E-01 -7.26332555867E-02
  14   2   6    6 C     4.49031703082E-01  1.53796604350E-01  4.27366744413E-01
  15   2   7    6 C     1.53796604350E-01  4.49031703082E-01  7.26332555867E-02
  16   2   8    6 C    -1.53796604350E-01 -4.49031703082E-01 -4.27366744413E-01

  17   3   1    6 C     4.00687882177E-01  4.00687882177E-01  7.38139920443E-02
  18   3   2    6 C    -4.00687882177E-01 -4.00687882177E-01 -4.26186007956E-01
  19   3   3    6 C    -4.00687882177E-01 -4.00687882177E-01 -7.38139920443E-02
  20   3   4    6 C     4.00687882177E-01  4.00687882177E-01  4.26186007956E-01

 NUMBER OF SYMMETRY OPERATORS         :    8
 *******************************************************************************
 * GEOMETRY EDITING - INPUT COORDINATES ARE GIVEN IN ANGSTROM         
 *******************************************************************************

 GEOMETRY NOW FULLY CONSISTENT WITH THE GROUP

 GCALCO - MAX INDICES DIRECT LATTICE VECTOR    13    13    17
 NO.OF VECTORS CREATED 6999 STARS 1016 RMAX   117.26822 BOHR

 GEOMETRY FOR WAVE FUNCTION - DIMENSIONALITY OF THE SYSTEM    3
 (NON PERIODIC DIRECTION: LATTICE PARAMETER FORMALLY SET TO 500)
 *******************************************************************************
 LATTICE PARAMETERS (ANGSTROMS AND DEGREES) - BOHR = 0.5291772083 ANGSTROM
 PRIMITIVE CELL - CENTRING CODE 4/0 VOLUME=   142.855789 - DENSITY  2.790 g/cm^3
         A              B              C           ALPHA      BETA       GAMMA 
     5.81438996     5.81438996     4.42530688    90.000000  90.000000 107.278145
 *******************************************************************************
 ATOMS IN THE ASYMMETRIC UNIT    3 - ATOMS IN THE UNIT CELL:   20
     ATOM                 X/A                 Y/B                 Z/C    
 *******************************************************************************
      1 T   6 C     3.209852203495E-01 -1.260105371535E-01  7.442270144941E-02
      2 F   6 C    -3.209852203495E-01  1.260105371535E-01 -4.255772985506E-01
      3 F   6 C     1.260105371535E-01 -3.209852203495E-01 -7.442270144941E-02
      4 F   6 C    -1.260105371535E-01  3.209852203495E-01  4.255772985506E-01
      5 F   6 C    -3.209852203495E-01  1.260105371535E-01 -7.442270144941E-02
      6 F   6 C     3.209852203495E-01 -1.260105371535E-01  4.255772985506E-01
      7 F   6 C    -1.260105371535E-01  3.209852203495E-01  7.442270144941E-02
      8 F   6 C     1.260105371535E-01 -3.209852203495E-01 -4.255772985506E-01
      9 T   6 C     4.490317030822E-01  1.537966043498E-01  7.263325558665E-02
     10 F   6 C    -4.490317030822E-01 -1.537966043498E-01 -4.273667444134E-01
     11 F   6 C    -1.537966043498E-01 -4.490317030822E-01 -7.263325558665E-02
     12 F   6 C     1.537966043498E-01  4.490317030822E-01  4.273667444134E-01
     13 F   6 C    -4.490317030822E-01 -1.537966043498E-01 -7.263325558665E-02
     14 F   6 C     4.490317030822E-01  1.537966043498E-01  4.273667444134E-01
     15 F   6 C     1.537966043498E-01  4.490317030822E-01  7.263325558665E-02
     16 F   6 C    -1.537966043498E-01 -4.490317030822E-01 -4.273667444134E-01
     17 T   6 C     4.006878821767E-01  4.006878821767E-01  7.381399204434E-02
     18 F   6 C    -4.006878821767E-01 -4.006878821767E-01 -4.261860079557E-01
     19 F   6 C    -4.006878821767E-01 -4.006878821767E-01 -7.381399204434E-02
     20 F   6 C     4.006878821767E-01  4.006878821767E-01  4.261860079557E-01

 TRANSFORMATION MATRIX PRIMITIVE-CRYSTALLOGRAPHIC CELL
  1.0000  1.0000  0.0000 -1.0000  1.0000  0.0000  0.0000  0.0000  1.0000

 *******************************************************************************
 CRYSTALLOGRAPHIC CELL (VOLUME=        285.71157869)
         A              B              C           ALPHA      BETA       GAMMA 
     9.36463658     6.89435306     4.42530688    90.000000  90.000000  90.000000

 COORDINATES IN THE CRYSTALLOGRAPHIC CELL
     ATOM                 X/A                 Y/B                 Z/C    
 *******************************************************************************
      1 T   6 C     2.234978787515E-01  9.748734159800E-02  7.442270144941E-02
      2 F   6 C    -2.234978787515E-01 -9.748734159800E-02 -4.255772985506E-01
      3 F   6 C     2.234978787515E-01 -9.748734159800E-02 -7.442270144941E-02
      4 F   6 C    -2.234978787515E-01  9.748734159800E-02  4.255772985506E-01
      5 F   6 C    -2.234978787515E-01 -9.748734159800E-02 -7.442270144941E-02
      6 F   6 C     2.234978787515E-01  9.748734159800E-02  4.255772985506E-01
      7 F   6 C    -2.234978787515E-01  9.748734159800E-02  7.442270144941E-02
      8 F   6 C     2.234978787515E-01 -9.748734159800E-02 -4.255772985506E-01
      9 T   6 C     1.476175493662E-01  3.014141537160E-01  7.263325558665E-02
     10 F   6 C    -1.476175493662E-01 -3.014141537160E-01 -4.273667444134E-01
     11 F   6 C     1.476175493662E-01 -3.014141537160E-01 -7.263325558665E-02
     12 F   6 C    -1.476175493662E-01  3.014141537160E-01  4.273667444133E-01
     13 F   6 C    -1.476175493662E-01 -3.014141537160E-01 -7.263325558665E-02
     14 F   6 C     1.476175493662E-01  3.014141537160E-01  4.273667444133E-01
     15 F   6 C    -1.476175493662E-01  3.014141537160E-01  7.263325558665E-02
     16 F   6 C     1.476175493662E-01 -3.014141537160E-01 -4.273667444134E-01
     17 T   6 C    -3.345991874329E-17  4.006878821767E-01  7.381399204434E-02
     18 F   6 C    -2.205123248797E-17 -4.006878821767E-01 -4.261860079557E-01
     19 F   6 C    -2.205123248797E-17 -4.006878821767E-01 -7.381399204434E-02
     20 F   6 C     2.205123248797E-17  4.006878821767E-01  4.261860079557E-01

 T = ATOM BELONGING TO THE ASYMMETRIC UNIT

 ****    8 SYMMOPS - TRANSLATORS IN FRACTIONAL UNITS
 **** MATRICES AND TRANSLATORS IN THE CRYSTALLOGRAPHIC REFERENCE FRAME
   V INV                    ROTATION MATRICES                   TRANSLATORS
   1   1  1.00  0.00  0.00  0.00  1.00  0.00  0.00  0.00  1.00  0.00  0.00  0.00
   2   2 -1.00  0.00  0.00  0.00 -1.00  0.00  0.00  0.00  1.00  0.00  0.00  0.50
   3   3  0.00 -1.00  0.00 -1.00  0.00  0.00  0.00  0.00 -1.00  0.00  0.00  0.00
   4   4 -0.00  1.00  0.00  1.00 -0.00  0.00  0.00  0.00 -1.00  0.00  0.00  0.50
   5   5 -1.00  0.00  0.00  0.00 -1.00  0.00  0.00  0.00 -1.00  0.00  0.00  0.00
   6   6  1.00 -0.00  0.00 -0.00  1.00  0.00  0.00  0.00 -1.00  0.00  0.00  0.50
   7   7 -0.00  1.00  0.00  1.00 -0.00  0.00  0.00  0.00  1.00  0.00  0.00  0.00
   8   8  0.00 -1.00  0.00 -1.00  0.00  0.00  0.00  0.00  1.00  0.00  0.00  0.50

 DIRECT LATTICE VECTORS CARTESIAN COMPONENTS (ANGSTROM)
          X                    Y                    Z
   0.468231829000E+01   0.344717653000E+01   0.000000000000E+00
  -0.468231829000E+01   0.344717653000E+01   0.000000000000E+00
   0.000000000000E+00   0.000000000000E+00   0.442530688000E+01


 CARTESIAN COORDINATES - PRIMITIVE CELL
 *******************************************************************************
 *      ATOM          X(ANGSTROM)         Y(ANGSTROM)         Z(ANGSTROM)
 *******************************************************************************
    1     6 C     2.092976410909E+00  6.721121518574E-01  3.293432927523E-01
    2     6 C    -2.092976410909E+00 -6.721121518574E-01 -1.883310147248E+00
    3     6 C     2.092976410909E+00 -6.721121518574E-01 -3.293432927523E-01
    4     6 C    -2.092976410909E+00  6.721121518574E-01  1.883310147248E+00
    5     6 C    -2.092976410909E+00 -6.721121518574E-01 -3.293432927523E-01
    6     6 C     2.092976410909E+00  6.721121518574E-01  1.883310147248E+00
    7     6 C    -2.092976410909E+00  6.721121518574E-01  3.293432927523E-01
    8     6 C     2.092976410909E+00 -6.721121518574E-01 -1.883310147248E+00
    9     6 C     1.382384702645E+00  2.078055592999E+00  3.214244456644E-01
   10     6 C    -1.382384702645E+00 -2.078055592999E+00 -1.891228994336E+00
   11     6 C     1.382384702645E+00 -2.078055592999E+00 -3.214244456644E-01
   12     6 C    -1.382384702645E+00  2.078055592999E+00  1.891228994336E+00
   13     6 C    -1.382384702645E+00 -2.078055592999E+00 -3.214244456644E-01
   14     6 C     1.382384702645E+00  2.078055592999E+00  1.891228994336E+00
   15     6 C    -1.382384702645E+00  2.078055592999E+00  3.214244456644E-01
   16     6 C     1.382384702645E+00 -2.078055592999E+00 -1.891228994336E+00
   17     6 C    -3.133399790273E-16  2.762483726590E+00  3.266495668341E-01
   18     6 C    -2.065017783909E-16 -2.762483726590E+00 -1.886003873166E+00
   19     6 C    -2.065017783909E-16 -2.762483726590E+00 -3.266495668341E-01
   20     6 C     2.065017783909E-16  2.762483726590E+00  1.886003873166E+00

 *******************************************************************************
 LOCAL ATOMIC FUNCTIONS BASIS SET
 *******************************************************************************
   ATOM   X(AU)   Y(AU)   Z(AU)  N. TYPE  EXPONENT  S COEF   P COEF   D/F/G COEF
 *******************************************************************************
   1 C    3.955   1.270   0.622
                                  1 S  
                                         1.358E+04 2.225E-04 0.000E+00 0.000E+00
                                         2.035E+03 1.723E-03 0.000E+00 0.000E+00
                                         4.632E+02 8.926E-03 0.000E+00 0.000E+00
                                         1.312E+02 3.573E-02 0.000E+00 0.000E+00
                                         4.285E+01 1.108E-01 0.000E+00 0.000E+00
                                         1.558E+01 2.430E-01 0.000E+00 0.000E+00
                                  2 S  
                                         6.207E+00 4.144E-01 0.000E+00 0.000E+00
                                         2.576E+00 2.374E-01 0.000E+00 0.000E+00
                                  3 S  
                                         4.941E-01 1.000E+00 0.000E+00 0.000E+00
                                  4 S  
                                         1.644E-01 1.000E+00 0.000E+00 0.000E+00
                           5-     7 P  
                                         3.470E+01 0.000E+00 5.333E-03 0.000E+00
                                         7.958E+00 0.000E+00 3.586E-02 0.000E+00
                                         2.378E+00 0.000E+00 1.422E-01 0.000E+00
                                         8.143E-01 0.000E+00 3.427E-01 0.000E+00
                           8-    10 P  
                                         5.662E-01 0.000E+00 1.000E+00 0.000E+00
                          11-    13 P  
                                         2.674E-01 0.000E+00 1.000E+00 0.000E+00
                          14-    18 D  
                                         8.792E-01 0.000E+00 0.000E+00 1.000E+00
   2 C   -3.955  -1.270  -3.559
   3 C    3.955  -1.270  -0.622
   4 C   -3.955   1.270   3.559
   5 C   -3.955  -1.270  -0.622
   6 C    3.955   1.270   3.559
   7 C   -3.955   1.270   0.622
   8 C    3.955  -1.270  -3.559
   9 C    2.612   3.927   0.607
  10 C   -2.612  -3.927  -3.574
  11 C    2.612  -3.927  -0.607
  12 C   -2.612   3.927   3.574
  13 C   -2.612  -3.927  -0.607
  14 C    2.612   3.927   3.574
  15 C   -2.612   3.927   0.607
  16 C    2.612  -3.927  -3.574
  17 C   -0.000   5.220   0.617
  18 C   -0.000  -5.220  -3.564
  19 C   -0.000  -5.220  -0.617
  20 C    0.000   5.220   3.564
 INFORMATION **** SET_MPP **** PCRYSTAL CALCULATION
 INFORMATION **** READM2 **** NEW DEFAULT: FOCK/KS MATRIX MIXING SET TO 30 %
 INFORMATION **** READM2 **** NEW DEFAULT: FULL DIRECT SCF MODE
 INFORMATION **** READM2 **** NEW DEFAULT: COULOMB BIPOLAR BUFFER SET TO 32 Mb
 INFORMATION **** READM2 **** NEW DEFAULT: EXCHANGE BIPOLAR BUFFER SET TO 32 Mb

 *******************************************************************************
 NEW DEFAULT: DFT INTEGRATION GRID INCREASED TO XLGRID
 NEW DEFAULT: DIIS ACCELERATOR ACTIVE
 USE KEYWORD NODIIS TO TURN IT OFF
 *******************************************************************************

 INFORMATION **** DFTD3_INPUT **** PERFORM LATEST DISPERSION CORRECTION DFT-D3(BJ) WITH AUTOMATIC PARAMETER SETUP
 PLEASE CITE:
 (1) DFT-D3 Reference
  S. Grimme, J. Antony, S. Ehrlich, and H. Krieg, J. Chem. Phys. 132 (2010), 154104
 (2) BJ-Damping Reference
  S. Grimme, S. Ehrlich, and L. Goerigk, J. Comput. Chem. 32 (2011), 1456-1465
 (3) General DFT-D Review
  S. Grimme, A. Hansen, J. G. Brandenburg, and C. Bannwarth,
  Chem. Rev. 116 (2016), 5105-5154

 INFORMATION **** TOLINTEG **** COULOMB AND EXCHANGE SERIES TOLERANCES MODIFIED
 INFORMATION **** TOLDEE **** SCF TOL ON TOTAL ENERGY SET TO           9
 INFORMATION **** READM2 **** FULL DIRECT SCF (MONO AND BIEL INT) SELECTED
 INFORMATION **** MAXCYCLE **** MAX NUMBER OF SCF CYCLES SET TO         800
 INFORMATION **** DIIS **** DIIS FOR SCF ACTIVE
 INFORMATION **** DIIS **** LEVEL SHIFTER DISABLED
 INFORMATION **** PPAN ****  MULLIKEN POPULATION ANALYSIS AT THE END OF SCF
 *******************************************************************************
 N. OF ATOMS PER CELL        20  COULOMB OVERLAP TOL         (T1) 10**   -8
 NUMBER OF SHELLS           160  COULOMB PENETRATION TOL     (T2) 10**   -8
 NUMBER OF AO               360  EXCHANGE OVERLAP TOL        (T3) 10**   -8
 N. OF ELECTRONS PER CELL   120  EXCHANGE PSEUDO OVP (F(G))  (T4) 10**   -9
 CORE ELECTRONS PER CELL     40  EXCHANGE PSEUDO OVP (P(G))  (T5) 10**  -24
 N. OF SYMMETRY OPERATORS     8  POLE ORDER IN MONO ZONE                  4
 *******************************************************************************
 TYPE OF CALCULATION :  UNRESTRICTED OPEN SHELL
 KOHN-SHAM HAMILTONIAN

 (EXCHANGE)[CORRELATION] FUNCTIONAL:(BECKE 88)[LEE-YANG-PARR]

 NON-LOCAL WEIGHTING FACTOR (EXCHANGE) =           0.9000
 NON-LOCAL WEIGHTING FACTOR [CORRELATION] =        0.8100

 HYBRID EXCHANGE - PERCENTAGE OF FOCK EXCHANGE    20.0000

 SPIN POLARIZED DFT SELECTED

 CAPPA:IS1 10;IS2 10;IS3 10; K PTS MONK NET 186; SYMMOPS:K SPACE   8;G SPACE   8

 *******************************************************************************
 MAX NUMBER OF SCF CYCLES     800  CONVERGENCE ON DELTAP        10**-19
 WEIGHT OF F(I) IN F(I+1)      30% CONVERGENCE ON ENERGY        10**- 9
 SHRINK. FACT.(MONKH.)   10 10 10  NUMBER OF K POINTS IN THE IBZ    186
 SHRINKING FACTOR(GILAT NET)   20  NUMBER OF K POINTS(GILAT NET)   1221
 *******************************************************************************
 *** K POINTS COORDINATES (OBLIQUE COORDINATES IN UNITS OF IS = 10)
   1-R(  0  0  0)   2-C(  1  0  0)   3-C(  2  0  0)   4-C(  3  0  0)
   5-C(  4  0  0)   6-R(  5  0  0)   7-C(  1  1  0)   8-C(  2  1  0)
   9-C(  3  1  0)  10-C(  4  1  0)  11-C(  5  1  0)  12-C(  6  1  0)
  13-C(  7  1  0)  14-C(  8  1  0)  15-C(  9  1  0)  16-C(  2  2  0)
  17-C(  3  2  0)  18-C(  4  2  0)  19-C(  5  2  0)  20-C(  6  2  0)
  21-C(  7  2  0)  22-C(  8  2  0)  23-C(  3  3  0)  24-C(  4  3  0)
  25-C(  5  3  0)  26-C(  6  3  0)  27-C(  7  3  0)  28-C(  4  4  0)
  29-C(  5  4  0)  30-C(  6  4  0)  31-R(  5  5  0)  32-C(  0  0  1)
  33-C(  1  0  1)  34-C(  2  0  1)  35-C(  3  0  1)  36-C(  4  0  1)
  37-C(  5  0  1)  38-C(  1  1  1)  39-C(  2  1  1)  40-C(  3  1  1)
  41-C(  4  1  1)  42-C(  5  1  1)  43-C(  6  1  1)  44-C(  7  1  1)
  45-C(  8  1  1)  46-C(  9  1  1)  47-C(  2  2  1)  48-C(  3  2  1)
  49-C(  4  2  1)  50-C(  5  2  1)  51-C(  6  2  1)  52-C(  7  2  1)
  53-C(  8  2  1)  54-C(  3  3  1)  55-C(  4  3  1)  56-C(  5  3  1)
  57-C(  6  3  1)  58-C(  7  3  1)  59-C(  4  4  1)  60-C(  5  4  1)
  61-C(  6  4  1)  62-C(  5  5  1)  63-C(  0  0  2)  64-C(  1  0  2)
  65-C(  2  0  2)  66-C(  3  0  2)  67-C(  4  0  2)  68-C(  5  0  2)
  69-C(  1  1  2)  70-C(  2  1  2)  71-C(  3  1  2)  72-C(  4  1  2)
  73-C(  5  1  2)  74-C(  6  1  2)  75-C(  7  1  2)  76-C(  8  1  2)
  77-C(  9  1  2)  78-C(  2  2  2)  79-C(  3  2  2)  80-C(  4  2  2)
  81-C(  5  2  2)  82-C(  6  2  2)  83-C(  7  2  2)  84-C(  8  2  2)
  85-C(  3  3  2)  86-C(  4  3  2)  87-C(  5  3  2)  88-C(  6  3  2)
  89-C(  7  3  2)  90-C(  4  4  2)  91-C(  5  4  2)  92-C(  6  4  2)
  93-C(  5  5  2)  94-C(  0  0  3)  95-C(  1  0  3)  96-C(  2  0  3)
  97-C(  3  0  3)  98-C(  4  0  3)  99-C(  5  0  3) 100-C(  1  1  3)
 101-C(  2  1  3) 102-C(  3  1  3) 103-C(  4  1  3) 104-C(  5  1  3)
 105-C(  6  1  3) 106-C(  7  1  3) 107-C(  8  1  3) 108-C(  9  1  3)
 109-C(  2  2  3) 110-C(  3  2  3) 111-C(  4  2  3) 112-C(  5  2  3)
 113-C(  6  2  3) 114-C(  7  2  3) 115-C(  8  2  3) 116-C(  3  3  3)
 117-C(  4  3  3) 118-C(  5  3  3) 119-C(  6  3  3) 120-C(  7  3  3)
 121-C(  4  4  3) 122-C(  5  4  3) 123-C(  6  4  3) 124-C(  5  5  3)
 125-C(  0  0  4) 126-C(  1  0  4) 127-C(  2  0  4) 128-C(  3  0  4)
 129-C(  4  0  4) 130-C(  5  0  4) 131-C(  1  1  4) 132-C(  2  1  4)
 133-C(  3  1  4) 134-C(  4  1  4) 135-C(  5  1  4) 136-C(  6  1  4)
 137-C(  7  1  4) 138-C(  8  1  4) 139-C(  9  1  4) 140-C(  2  2  4)
 141-C(  3  2  4) 142-C(  4  2  4) 143-C(  5  2  4) 144-C(  6  2  4)
 145-C(  7  2  4) 146-C(  8  2  4) 147-C(  3  3  4) 148-C(  4  3  4)
 149-C(  5  3  4) 150-C(  6  3  4) 151-C(  7  3  4) 152-C(  4  4  4)
 153-C(  5  4  4) 154-C(  6  4  4) 155-C(  5  5  4) 156-R(  0  0  5)
 157-C(  1  0  5) 158-C(  2  0  5) 159-C(  3  0  5) 160-C(  4  0  5)
 161-R(  5  0  5) 162-C(  1  1  5) 163-C(  2  1  5) 164-C(  3  1  5)
 165-C(  4  1  5) 166-C(  5  1  5) 167-C(  6  1  5) 168-C(  7  1  5)
 169-C(  8  1  5) 170-C(  9  1  5) 171-C(  2  2  5) 172-C(  3  2  5)
 173-C(  4  2  5) 174-C(  5  2  5) 175-C(  6  2  5) 176-C(  7  2  5)
 177-C(  8  2  5) 178-C(  3  3  5) 179-C(  4  3  5) 180-C(  5  3  5)
 181-C(  6  3  5) 182-C(  7  3  5) 183-C(  4  4  5) 184-C(  5  4  5)
 185-C(  6  4  5) 186-R(  5  5  5)

 DIRECT LATTICE VECTORS COMPON. (A.U.)     RECIP. LATTICE VECTORS COMPON. (A.U.) 
        X            Y            Z              X            Y            Z
    8.8482992    6.5142196    0.0000000      0.3550505    0.4822669    0.0000000
   -8.8482992    6.5142196    0.0000000     -0.3550505    0.4822669    0.0000000
    0.0000000    0.0000000    8.3626181      0.0000000    0.0000000    0.7513419

 DISK SPACE FOR EIGENVECTORS (FTN 10)    47433600 REALS

 SYMMETRY ADAPTION OF THE BLOCH FUNCTIONS ENABLED
 TTTTTTTTTTTTTTTTTTTTTTTTTTTTTT gordsh1     TELAPSE        1.47 TCPU        0.50

 MATRIX SIZE: P(G) 1906372, F(G)  214798, P(G) IRR  128235, F(G) IRR   29110
 MAX G-VECTOR INDEX FOR 1- AND 2-ELECTRON INTEGRALS 239

 TTTTTTTTTTTTTTTTTTTTTTTTTTTTTT INPUT       TELAPSE        1.47 TCPU        0.51

 NEIGHBORS OF THE NON-EQUIVALENT ATOMS

 N = NUMBER OF NEIGHBORS AT DISTANCE R
    ATOM  N     R/ANG      R/AU   NEIGHBORS (ATOM LABELS AND CELL INDICES)
   1 C    1     1.4969     2.8288    3 C    0 0 0
   1 C    1     1.5382     2.9068   13 C    1 0 0
   1 C    1     1.5540     2.9366    6 C    0 0 0
   1 C    1     1.5753     2.9770    9 C    0 0 0
   1 C    1     2.2184     4.1921   14 C    0 0 0
   1 C    1     2.2589     4.2687    5 C    1 0 0

   9 C    1     1.5382     2.9068    5 C    1 0 0
   9 C    1     1.5425     2.9150   17 C    0 0 0
   9 C    1     1.5698     2.9665   14 C    0 0 0
   9 C    1     1.5753     2.9770    1 C    0 0 0
   9 C    1     2.1431     4.0499   13 C    1 0 0
   9 C    1     2.1971     4.1520   20 C    0 0 0

  17 C    1     1.5172     2.8672   19 C    1 1 0
  17 C    2     1.5425     2.9150    9 C    0 0 0   15 C    0 0 0
  17 C    1     1.5594     2.9468   20 C    0 0 0
  17 C    2     2.1971     4.1520   12 C    0 0 0   14 C    0 0 0
  17 C    2     2.5591     4.8361   11 C    1 1 0   13 C    1 1 0
  17 C    2     2.6021     4.9173   18 C    1 1 0   18 C    1 1 1


 SYMMETRY ALLOWED INTERNAL DEGREE(S) OF FREEDOM:   8
 TTTTTTTTTTTTTTTTTTTTTTTTTTTTTT SYMM        TELAPSE        1.53 TCPU        0.55
 TTTTTTTTTTTTTTTTTTTTTTTTTTTTTT INT_SCREEN  TELAPSE        1.54 TCPU        0.56

 DFT PARAMETERS

     ATOM       ELECTRONS   NET CHARGE   R(ANGSTROM)
   1   6  C       6.0000      0.0000     0.77000000

 SIZE OF GRID=      70593
 TTTTTTTTTTTTTTTTTTTTTTTTTTTTTT MAKE_GRID2  TELAPSE        1.88 TCPU        0.90
 BECKE WEIGHT FUNCTION
 RADSAFE =     2.00
 TOLERANCES - DENSITY:10**- 6; POTENTIAL:10**- 9; GRID WGT:10**-14

 RADIAL INTEGRATION  - INTERVALS (POINTS,UPPER LIMIT):            1( 75,  4.0*R)

 ANGULAR INTEGRATION - INTERVALS (ACCURACY LEVEL [N. POINTS] UPPER LIMIT):
  1(  4[  86]   0.2)  2(  8[ 194]   0.5)  3( 12[ 350]   0.9)  4( 16[ 974]   3.5)
  5( 12[ 350]9999.0)
 TTTTTTTTTTTTTTTTTTTTTTTTTTTTTT INT_CALC    TELAPSE        1.91 TCPU        0.93
 EEEEEEEEEE INT_CALC TERMINATION  DATE 28 01 2026 TIME 20:48:41.0

 *******************************************************************************
 ./4^3T112-CA_SCF_opt_rev1_sp_B3LYP-D3-D3_optimized                              
 CRYSTAL - SCF - TYPE OF CALCULATION :  UNRESTRICTED OPEN SHELL
 *******************************************************************************

 CAPPA:IS1 10;IS2 10;IS3 10; K PTS MONK NET 186; SYMMOPS:K SPACE   8;G SPACE   8

 TTTTTTTTTTTTTTTTTTTTTTTTTTTTTT SDIK        TELAPSE        2.33 TCPU        1.34

 AAAAAAAAAAAAAAAAAAAAAAAAAAAAAAAAAAAAAAAAAAAAAAAAAAAAAAAAAAAAAAAAAAAAAAAAAAAAAAA
         ATOMIC WAVEFUNCTION(S)


 NUCLEAR CHARGE  6.0  SYMMETRY SPECIES            S    P
 N. ELECTRONS    6.0  NUMBER OF PRIMITIVE GTOS   10    6
                      NUMBER OF CONTRACTED GTOS   4    3
                      NUMBER OF CLOSED SHELLS     2    0
                      OPEN SHELL OCCUPATION       0    2

  ZNUC  SCFIT    TOTAL HF ENERGY   KINETIC ENERGY   VIRIAL THEOREM ACCURACY
   6.0    10    -3.766702350E+01  3.783137943E+01 -1.995655566E+00  1.6E-06

 AAAAAAAAAAAAAAAAAAAAAAAAAAAAAAAAAAAAAAAAAAAAAAAAAAAAAAAAAAAAAAAAAAAAAAAAAAAAAAA

 CHARGE NORMALIZATION FACTOR   1.00000000
 TOTAL ATOMIC CHARGES:
   6.0000000   6.0000000   6.0000000   6.0000000   6.0000000   6.0000000
   6.0000000   6.0000000   6.0000000   6.0000000   6.0000000   6.0000000
   6.0000000   6.0000000   6.0000000   6.0000000   6.0000000   6.0000000
   6.0000000   6.0000000
 SUMMED SPIN DENSITY           0.00000000
 TOTAL ATOMIC SPINS  :
   0.0000000   0.0000000   0.0000000   0.0000000   0.0000000   0.0000000
   0.0000000   0.0000000   0.0000000   0.0000000   0.0000000   0.0000000
   0.0000000   0.0000000   0.0000000   0.0000000   0.0000000   0.0000000
   0.0000000   0.0000000
 TTTTTTTTTTTTTTTTTTTTTTTTTTTTTT MOQGAD      TELAPSE        2.34 TCPU        1.35
 TTTTTTTTTTTTTTTTTTTTTTTTTTTTTT SHELLXN     TELAPSE       34.91 TCPU       33.86
 TTTTTTTTTTTTTTTTTTTTTTTTTTTTTT MONMO3      TELAPSE       34.95 TCPU       33.91
 NUMERICALLY INTEGRATED DENSITY     60.0000032041     60.0000032041
 TTTTTTTTTTTTTTTTTTTTTTTTTTTTTT NUMDFT      TELAPSE       35.53 TCPU       34.49
 CYC   0 ETOT(AU) -7.680660346265E+02 DETOT -7.68E+02 tst  0.00E+00 PX  1.00E+00
 TTTTTTTTTTTTTTTTTTTTTTTTTTTTTT DIIS        TELAPSE       35.65 TCPU       34.61
 TTTTTTTTTTTTTTTTTTTTTTTTTTTTTT FDIK        TELAPSE       39.88 TCPU       38.82

    ALPHA      ELECTRONS
 INSULATING STATE
 TOP OF VALENCE BANDS -    BAND     60; K   31; EIG -2.0996739E-01 AU
 TOP OF VALENCE BANDS -    BAND     60; K    1; EIG -2.2575292E-01 AU
 BOTTOM OF VIRTUAL BANDS - BAND     61; K   15; EIG -4.8765103E-02 AU
 INDIRECT ENERGY BAND GAP:   4.3865 eV
 BOTTOM OF VIRTUAL BANDS - BAND     61; K    1; EIG -4.8696281E-02 AU

    BETA       ELECTRONS
 INSULATING STATE
 TOP OF VALENCE BANDS -    BAND     60; K   31; EIG -2.0996739E-01 AU
 TOP OF VALENCE BANDS -    BAND     60; K    1; EIG -2.2575292E-01 AU
 BOTTOM OF VIRTUAL BANDS - BAND     61; K   15; EIG -4.8765103E-02 AU
 INDIRECT ENERGY BAND GAP:   4.3865 eV
 BOTTOM OF VIRTUAL BANDS - BAND     61; K    1; EIG -4.8696281E-02 AU
 TTTTTTTTTTTTTTTTTTTTTTTTTTTTTT PDIG        TELAPSE       40.24 TCPU       39.19
 CHARGE NORMALIZATION FACTOR   1.00000000
 TOTAL ATOMIC CHARGES:
   5.9784977   5.9784977   5.9784977   5.9784977   5.9784977   5.9784977
   5.9784977   5.9784977   6.0373241   6.0373241   6.0373241   6.0373241
   6.0373241   6.0373241   6.0373241   6.0373241   5.9683564   5.9683564
   5.9683564   5.9683564
 SUMMED SPIN DENSITY          -0.00000000
 TOTAL ATOMIC SPINS  :
  -0.0000000  -0.0000000  -0.0000000  -0.0000000  -0.0000000  -0.0000000
  -0.0000000  -0.0000000   0.0000000   0.0000000   0.0000000   0.0000000
   0.0000000   0.0000000   0.0000000   0.0000000   0.0000000   0.0000000
   0.0000000   0.0000000
 TTTTTTTTTTTTTTTTTTTTTTTTTTTTTT MOQGAD      TELAPSE       40.25 TCPU       39.19
 TTTTTTTTTTTTTTTTTTTTTTTTTTTTTT SHELLXN     TELAPSE       74.74 TCPU       73.64
 TTTTTTTTTTTTTTTTTTTTTTTTTTTTTT MONMO3      TELAPSE       74.79 TCPU       73.68
 NUMERICALLY INTEGRATED DENSITY     59.9999980862     59.9999980862
 TTTTTTTTTTTTTTTTTTTTTTTTTTTTTT NUMDFT      TELAPSE       75.32 TCPU       74.22
 CYC   1 ETOT(AU) -7.613154272220E+02 DETOT  6.75E+00 tst  0.00E+00 PX  1.00E+00
 TTTTTTTTTTTTTTTTTTTTTTTTTTTTTT DIIS        TELAPSE       75.44 TCPU       74.34
 DIIS TEST: 0.18304E+00 AT SCF   CYCLE   1 - MIX   30 %
 TTTTTTTTTTTTTTTTTTTTTTTTTTTTTT FDIK        TELAPSE       77.51 TCPU       76.39

    ALPHA      ELECTRONS
 INSULATING STATE
 TOP OF VALENCE BANDS -    BAND     60; K   31; EIG -1.4023251E-01 AU
 TOP OF VALENCE BANDS -    BAND     60; K    1; EIG -1.6186655E-01 AU
 BOTTOM OF VIRTUAL BANDS - BAND     61; K   15; EIG  4.3899262E-02 AU
 INDIRECT ENERGY BAND GAP:   5.0105 eV
 BOTTOM OF VIRTUAL BANDS - BAND     61; K    1; EIG  4.4055352E-02 AU

    BETA       ELECTRONS
 INSULATING STATE
 TOP OF VALENCE BANDS -    BAND     60; K   31; EIG -1.4023251E-01 AU
 TOP OF VALENCE BANDS -    BAND     60; K    1; EIG -1.6186655E-01 AU
 BOTTOM OF VIRTUAL BANDS - BAND     61; K   15; EIG  4.3899262E-02 AU
 INDIRECT ENERGY BAND GAP:   5.0105 eV
 BOTTOM OF VIRTUAL BANDS - BAND     61; K    1; EIG  4.4055352E-02 AU
 TTTTTTTTTTTTTTTTTTTTTTTTTTTTTT PDIG        TELAPSE       77.87 TCPU       76.76
 CHARGE NORMALIZATION FACTOR   1.00000000
 TOTAL ATOMIC CHARGES:
   5.9660016   5.9660016   5.9660016   5.9660016   5.9660016   5.9660016
   5.9660016   5.9660016   6.0419479   6.0419479   6.0419479   6.0419479
   6.0419479   6.0419479   6.0419479   6.0419479   5.9841010   5.9841010
   5.9841010   5.9841010
 SUMMED SPIN DENSITY          -0.00000000
 TOTAL ATOMIC SPINS  :
  -0.0000000  -0.0000000  -0.0000000  -0.0000000  -0.0000000  -0.0000000
  -0.0000000  -0.0000000   0.0000000   0.0000000   0.0000000   0.0000000
   0.0000000   0.0000000   0.0000000   0.0000000   0.0000000   0.0000000
   0.0000000   0.0000000
 TTTTTTTTTTTTTTTTTTTTTTTTTTTTTT MOQGAD      TELAPSE       77.88 TCPU       76.77
 TTTTTTTTTTTTTTTTTTTTTTTTTTTTTT SHELLXN     TELAPSE      112.49 TCPU      111.33
 TTTTTTTTTTTTTTTTTTTTTTTTTTTTTT MONMO3      TELAPSE      112.53 TCPU      111.37
 NUMERICALLY INTEGRATED DENSITY     59.9999998416     59.9999998416
 TTTTTTTTTTTTTTTTTTTTTTTTTTTTTT NUMDFT      TELAPSE      113.07 TCPU      111.91
 CYC   2 ETOT(AU) -7.613467497840E+02 DETOT -3.13E-02 tst  1.92E-04 PX  6.06E-02
 TTTTTTTTTTTTTTTTTTTTTTTTTTTTTT DIIS        TELAPSE      113.19 TCPU      112.02
 DIIS TEST: 0.22006E-01 AT SCF   CYCLE   2 - DIIS ACTIVE - HISTORY:     2 CYCLES
 TTTTTTTTTTTTTTTTTTTTTTTTTTTTTT FDIK        TELAPSE      115.19 TCPU      114.02

    ALPHA      ELECTRONS
 INSULATING STATE
 TOP OF VALENCE BANDS -    BAND     60; K   31; EIG -1.2646435E-01 AU
 TOP OF VALENCE BANDS -    BAND     60; K    1; EIG -1.4773902E-01 AU
 BOTTOM OF VIRTUAL BANDS - BAND     61; K   15; EIG  7.4345746E-02 AU
 INDIRECT ENERGY BAND GAP:   5.4643 eV
 BOTTOM OF VIRTUAL BANDS - BAND     61; K    1; EIG  7.4476386E-02 AU

    BETA       ELECTRONS
 INSULATING STATE
 TOP OF VALENCE BANDS -    BAND     60; K   31; EIG -1.2646435E-01 AU
 TOP OF VALENCE BANDS -    BAND     60; K    1; EIG -1.4773902E-01 AU
 BOTTOM OF VIRTUAL BANDS - BAND     61; K   15; EIG  7.4345746E-02 AU
 INDIRECT ENERGY BAND GAP:   5.4643 eV
 BOTTOM OF VIRTUAL BANDS - BAND     61; K    1; EIG  7.4476386E-02 AU
 TTTTTTTTTTTTTTTTTTTTTTTTTTTTTT PDIG        TELAPSE      115.55 TCPU      114.38
 CHARGE NORMALIZATION FACTOR   1.00000000
 TOTAL ATOMIC CHARGES:
   5.9788104   5.9788104   5.9788104   5.9788104   5.9788104   5.9788104
   5.9788104   5.9788104   6.0437483   6.0437483   6.0437483   6.0437483
   6.0437483   6.0437483   6.0437483   6.0437483   5.9548827   5.9548827
   5.9548827   5.9548827
 SUMMED SPIN DENSITY          -0.00000000
 TOTAL ATOMIC SPINS  :
  -0.0000000  -0.0000000  -0.0000000  -0.0000000  -0.0000000  -0.0000000
  -0.0000000  -0.0000000   0.0000000   0.0000000   0.0000000   0.0000000
   0.0000000   0.0000000   0.0000000   0.0000000   0.0000000   0.0000000
   0.0000000   0.0000000
 TTTTTTTTTTTTTTTTTTTTTTTTTTTTTT MOQGAD      TELAPSE      115.56 TCPU      114.39
 TTTTTTTTTTTTTTTTTTTTTTTTTTTTTT SHELLXN     TELAPSE      150.03 TCPU      148.82
 TTTTTTTTTTTTTTTTTTTTTTTTTTTTTT MONMO3      TELAPSE      150.08 TCPU      148.86
 NUMERICALLY INTEGRATED DENSITY     59.9999999468     59.9999999468
 TTTTTTTTTTTTTTTTTTTTTTTTTTTTTT NUMDFT      TELAPSE      150.61 TCPU      149.39
 CYC   3 ETOT(AU) -7.613482884128E+02 DETOT -1.54E-03 tst  5.01E-05 PX  1.89E-02
 TTTTTTTTTTTTTTTTTTTTTTTTTTTTTT DIIS        TELAPSE      150.73 TCPU      149.51
 DIIS TEST: 0.11911E-01 AT SCF   CYCLE   3 - DIIS ACTIVE - HISTORY:     3 CYCLES
 TTTTTTTTTTTTTTTTTTTTTTTTTTTTTT FDIK        TELAPSE      152.58 TCPU      151.36

    ALPHA      ELECTRONS
 INSULATING STATE
 TOP OF VALENCE BANDS -    BAND     60; K   31; EIG -1.2772397E-01 AU
 TOP OF VALENCE BANDS -    BAND     60; K    1; EIG -1.4726807E-01 AU
 BOTTOM OF VIRTUAL BANDS - BAND     61; K    1; EIG  7.3591146E-02 AU
 INDIRECT ENERGY BAND GAP:   5.4781 eV

    BETA       ELECTRONS
 INSULATING STATE
 TOP OF VALENCE BANDS -    BAND     60; K   31; EIG -1.2772397E-01 AU
 TOP OF VALENCE BANDS -    BAND     60; K    1; EIG -1.4726807E-01 AU
 BOTTOM OF VIRTUAL BANDS - BAND     61; K    1; EIG  7.3591146E-02 AU
 INDIRECT ENERGY BAND GAP:   5.4781 eV
 TTTTTTTTTTTTTTTTTTTTTTTTTTTTTT PDIG        TELAPSE      152.95 TCPU      151.72
 CHARGE NORMALIZATION FACTOR   1.00000000
 TOTAL ATOMIC CHARGES:
   5.9657973   5.9657973   5.9657973   5.9657973   5.9657973   5.9657973
   5.9657973   5.9657973   6.0431441   6.0431441   6.0431441   6.0431441
   6.0431441   6.0431441   6.0431441   6.0431441   5.9821171   5.9821171
   5.9821171   5.9821171
 SUMMED SPIN DENSITY          -0.00000000
 TOTAL ATOMIC SPINS  :
  -0.0000000  -0.0000000  -0.0000000  -0.0000000  -0.0000000  -0.0000000
  -0.0000000  -0.0000000  -0.0000000  -0.0000000  -0.0000000  -0.0000000
  -0.0000000  -0.0000000  -0.0000000  -0.0000000   0.0000000   0.0000000
   0.0000000   0.0000000
 TTTTTTTTTTTTTTTTTTTTTTTTTTTTTT MOQGAD      TELAPSE      152.96 TCPU      151.73
 TTTTTTTTTTTTTTTTTTTTTTTTTTTTTT SHELLXN     TELAPSE      187.27 TCPU      186.01
 TTTTTTTTTTTTTTTTTTTTTTTTTTTTTT MONMO3      TELAPSE      187.31 TCPU      186.06
 NUMERICALLY INTEGRATED DENSITY     59.9999998995     59.9999998995
 TTTTTTTTTTTTTTTTTTTTTTTTTTTTTT NUMDFT      TELAPSE      187.84 TCPU      186.59
 CYC   4 ETOT(AU) -7.613487070181E+02 DETOT -4.19E-04 tst  1.92E-05 PX  5.69E-03
 TTTTTTTTTTTTTTTTTTTTTTTTTTTTTT DIIS        TELAPSE      187.96 TCPU      186.71
 DIIS TEST: 0.40138E-02 AT SCF   CYCLE   4 - DIIS ACTIVE - HISTORY:     4 CYCLES
 TTTTTTTTTTTTTTTTTTTTTTTTTTTTTT FDIK        TELAPSE      189.91 TCPU      188.65

    ALPHA      ELECTRONS
 INSULATING STATE
 TOP OF VALENCE BANDS -    BAND     60; K   31; EIG -1.2709391E-01 AU
 TOP OF VALENCE BANDS -    BAND     60; K    1; EIG -1.4763563E-01 AU
 BOTTOM OF VIRTUAL BANDS - BAND     61; K    1; EIG  7.4421449E-02 AU
 INDIRECT ENERGY BAND GAP:   5.4835 eV

    BETA       ELECTRONS
 INSULATING STATE
 TOP OF VALENCE BANDS -    BAND     60; K   31; EIG -1.2709391E-01 AU
 TOP OF VALENCE BANDS -    BAND     60; K    1; EIG -1.4763563E-01 AU
 BOTTOM OF VIRTUAL BANDS - BAND     61; K    1; EIG  7.4421449E-02 AU
 INDIRECT ENERGY BAND GAP:   5.4835 eV
 TTTTTTTTTTTTTTTTTTTTTTTTTTTTTT PDIG        TELAPSE      190.29 TCPU      189.03
 CHARGE NORMALIZATION FACTOR   1.00000000
 TOTAL ATOMIC CHARGES:
   5.9722565   5.9722565   5.9722565   5.9722565   5.9722565   5.9722565
   5.9722565   5.9722565   6.0416133   6.0416133   6.0416133   6.0416133
   6.0416133   6.0416133   6.0416133   6.0416133   5.9722603   5.9722603
   5.9722603   5.9722603
 SUMMED SPIN DENSITY          -0.00000000
 TOTAL ATOMIC SPINS  :
   0.0000000   0.0000000   0.0000000   0.0000000   0.0000000   0.0000000
   0.0000000   0.0000000  -0.0000000  -0.0000000  -0.0000000  -0.0000000
  -0.0000000  -0.0000000  -0.0000000  -0.0000000   0.0000000   0.0000000
   0.0000000   0.0000000
 TTTTTTTTTTTTTTTTTTTTTTTTTTTTTT MOQGAD      TELAPSE      190.30 TCPU      189.04
 TTTTTTTTTTTTTTTTTTTTTTTTTTTTTT SHELLXN     TELAPSE      224.56 TCPU      223.28
 TTTTTTTTTTTTTTTTTTTTTTTTTTTTTT MONMO3      TELAPSE      224.60 TCPU      223.32
 NUMERICALLY INTEGRATED DENSITY     59.9999999473     59.9999999473
 TTTTTTTTTTTTTTTTTTTTTTTTTTTTTT NUMDFT      TELAPSE      225.13 TCPU      223.85
 CYC   5 ETOT(AU) -7.613489509786E+02 DETOT -2.44E-04 tst  2.51E-06 PX  2.96E-03
 TTTTTTTTTTTTTTTTTTTTTTTTTTTTTT DIIS        TELAPSE      225.25 TCPU      223.97
 DIIS TEST: 0.93085E-04 AT SCF   CYCLE   5 - DIIS ACTIVE - HISTORY:     5 CYCLES
 TTTTTTTTTTTTTTTTTTTTTTTTTTTTTT FDIK        TELAPSE      227.24 TCPU      225.95

    ALPHA      ELECTRONS
 INSULATING STATE
 TOP OF VALENCE BANDS -    BAND     60; K   31; EIG -1.2706078E-01 AU
 TOP OF VALENCE BANDS -    BAND     60; K    1; EIG -1.4766793E-01 AU
 BOTTOM OF VIRTUAL BANDS - BAND     61; K    1; EIG  7.4436042E-02 AU
 INDIRECT ENERGY BAND GAP:   5.4830 eV

    BETA       ELECTRONS
 INSULATING STATE
 TOP OF VALENCE BANDS -    BAND     60; K   31; EIG -1.2706078E-01 AU
 TOP OF VALENCE BANDS -    BAND     60; K    1; EIG -1.4766793E-01 AU
 BOTTOM OF VIRTUAL BANDS - BAND     61; K    1; EIG  7.4436042E-02 AU
 INDIRECT ENERGY BAND GAP:   5.4830 eV
 TTTTTTTTTTTTTTTTTTTTTTTTTTTTTT PDIG        TELAPSE      227.60 TCPU      226.31
 CHARGE NORMALIZATION FACTOR   1.00000000
 TOTAL ATOMIC CHARGES:
   5.9708601   5.9708601   5.9708601   5.9708601   5.9708601   5.9708601
   5.9708601   5.9708601   6.0432566   6.0432566   6.0432566   6.0432566
   6.0432566   6.0432566   6.0432566   6.0432566   5.9717665   5.9717665
   5.9717665   5.9717665
 SUMMED SPIN DENSITY          -0.00000000
 TOTAL ATOMIC SPINS  :
   0.0000000   0.0000000   0.0000000   0.0000000   0.0000000   0.0000000
   0.0000000   0.0000000  -0.0000000  -0.0000000  -0.0000000  -0.0000000
  -0.0000000  -0.0000000  -0.0000000  -0.0000000   0.0000000   0.0000000
   0.0000000   0.0000000
 TTTTTTTTTTTTTTTTTTTTTTTTTTTTTT MOQGAD      TELAPSE      227.61 TCPU      226.32
 TTTTTTTTTTTTTTTTTTTTTTTTTTTTTT SHELLXN     TELAPSE      261.83 TCPU      260.51
 TTTTTTTTTTTTTTTTTTTTTTTTTTTTTT MONMO3      TELAPSE      261.87 TCPU      260.55
 NUMERICALLY INTEGRATED DENSITY     59.9999999562     59.9999999562
 TTTTTTTTTTTTTTTTTTTTTTTTTTTTTT NUMDFT      TELAPSE      262.45 TCPU      261.12
 CYC   6 ETOT(AU) -7.613489548639E+02 DETOT -3.89E-06 tst  6.01E-08 PX  4.58E-04
 TTTTTTTTTTTTTTTTTTTTTTTTTTTTTT DIIS        TELAPSE      262.57 TCPU      261.24
 DIIS TEST: 0.13363E-04 AT SCF   CYCLE   6 - DIIS ACTIVE - HISTORY:     6 CYCLES
 TTTTTTTTTTTTTTTTTTTTTTTTTTTTTT FDIK        TELAPSE      264.48 TCPU      263.15

    ALPHA      ELECTRONS
 INSULATING STATE
 TOP OF VALENCE BANDS -    BAND     60; K   31; EIG -1.2708350E-01 AU
 TOP OF VALENCE BANDS -    BAND     60; K    1; EIG -1.4762348E-01 AU
 BOTTOM OF VIRTUAL BANDS - BAND     61; K    1; EIG  7.4427542E-02 AU
 INDIRECT ENERGY BAND GAP:   5.4834 eV

    BETA       ELECTRONS
 INSULATING STATE
 TOP OF VALENCE BANDS -    BAND     60; K   31; EIG -1.2708350E-01 AU
 TOP OF VALENCE BANDS -    BAND     60; K    1; EIG -1.4762348E-01 AU
 BOTTOM OF VIRTUAL BANDS - BAND     61; K    1; EIG  7.4427542E-02 AU
 INDIRECT ENERGY BAND GAP:   5.4834 eV
 TTTTTTTTTTTTTTTTTTTTTTTTTTTTTT PDIG        TELAPSE      264.84 TCPU      263.51
 CHARGE NORMALIZATION FACTOR   1.00000000
 TOTAL ATOMIC CHARGES:
   5.9712879   5.9712879   5.9712879   5.9712879   5.9712879   5.9712879
   5.9712879   5.9712879   6.0426317   6.0426317   6.0426317   6.0426317
   6.0426317   6.0426317   6.0426317   6.0426317   5.9721607   5.9721607
   5.9721607   5.9721607
 SUMMED SPIN DENSITY          -0.00000000
 TOTAL ATOMIC SPINS  :
   0.0000000   0.0000000   0.0000000   0.0000000   0.0000000   0.0000000
   0.0000000   0.0000000  -0.0000000  -0.0000000  -0.0000000  -0.0000000
  -0.0000000  -0.0000000  -0.0000000  -0.0000000   0.0000000   0.0000000
   0.0000000   0.0000000
 TTTTTTTTTTTTTTTTTTTTTTTTTTTTTT MOQGAD      TELAPSE      264.85 TCPU      263.52
 TTTTTTTTTTTTTTTTTTTTTTTTTTTTTT SHELLXN     TELAPSE      299.06 TCPU      297.70
 TTTTTTTTTTTTTTTTTTTTTTTTTTTTTT MONMO3      TELAPSE      299.10 TCPU      297.74
 NUMERICALLY INTEGRATED DENSITY     59.9999999559     59.9999999559
 TTTTTTTTTTTTTTTTTTTTTTTTTTTTTT NUMDFT      TELAPSE      299.64 TCPU      298.28
 CYC   7 ETOT(AU) -7.613489553542E+02 DETOT -4.90E-07 tst  6.41E-09 PX  1.87E-04
 TTTTTTTTTTTTTTTTTTTTTTTTTTTTTT DIIS        TELAPSE      299.76 TCPU      298.39
 DIIS TEST: 0.53020E-06 AT SCF   CYCLE   7 - DIIS ACTIVE - HISTORY:     7 CYCLES
 TTTTTTTTTTTTTTTTTTTTTTTTTTTTTT FDIK        TELAPSE      301.75 TCPU      300.38

    ALPHA      ELECTRONS
 INSULATING STATE
 TOP OF VALENCE BANDS -    BAND     60; K   31; EIG -1.2708886E-01 AU
 TOP OF VALENCE BANDS -    BAND     60; K    1; EIG -1.4763655E-01 AU
 BOTTOM OF VIRTUAL BANDS - BAND     61; K    1; EIG  7.4417445E-02 AU
 INDIRECT ENERGY BAND GAP:   5.4833 eV

    BETA       ELECTRONS
 INSULATING STATE
 TOP OF VALENCE BANDS -    BAND     60; K   31; EIG -1.2708886E-01 AU
 TOP OF VALENCE BANDS -    BAND     60; K    1; EIG -1.4763655E-01 AU
 BOTTOM OF VIRTUAL BANDS - BAND     61; K    1; EIG  7.4417445E-02 AU
 INDIRECT ENERGY BAND GAP:   5.4833 eV
 TTTTTTTTTTTTTTTTTTTTTTTTTTTTTT PDIG        TELAPSE      302.16 TCPU      300.79
 CHARGE NORMALIZATION FACTOR   1.00000000
 TOTAL ATOMIC CHARGES:
   5.9712224   5.9712224   5.9712224   5.9712224   5.9712224   5.9712224
   5.9712224   5.9712224   6.0427200   6.0427200   6.0427200   6.0427200
   6.0427200   6.0427200   6.0427200   6.0427200   5.9721151   5.9721151
   5.9721151   5.9721151
 SUMMED SPIN DENSITY          -0.00000000
 TOTAL ATOMIC SPINS  :
   0.0000000   0.0000000   0.0000000   0.0000000   0.0000000   0.0000000
   0.0000000   0.0000000  -0.0000000  -0.0000000  -0.0000000  -0.0000000
  -0.0000000  -0.0000000  -0.0000000  -0.0000000   0.0000000   0.0000000
   0.0000000   0.0000000
 TTTTTTTTTTTTTTTTTTTTTTTTTTTTTT MOQGAD      TELAPSE      302.17 TCPU      300.80
 TTTTTTTTTTTTTTTTTTTTTTTTTTTTTT SHELLXN     TELAPSE      336.36 TCPU      334.93
 TTTTTTTTTTTTTTTTTTTTTTTTTTTTTT MONMO3      TELAPSE      336.40 TCPU      334.97
 NUMERICALLY INTEGRATED DENSITY     59.9999999556     59.9999999556
 TTTTTTTTTTTTTTTTTTTTTTTTTTTTTT NUMDFT      TELAPSE      336.94 TCPU      335.50
 CYC   8 ETOT(AU) -7.613489556320E+02 DETOT -2.78E-07 tst  2.37E-10 PX  2.51E-05
 TTTTTTTTTTTTTTTTTTTTTTTTTTTTTT DIIS        TELAPSE      337.06 TCPU      335.62
 DIIS TEST: 0.38194E-07 AT SCF   CYCLE   8 - DIIS ACTIVE - HISTORY:     8 CYCLES
 TTTTTTTTTTTTTTTTTTTTTTTTTTTTTT FDIK        TELAPSE      339.04 TCPU      337.59

    ALPHA      ELECTRONS
 INSULATING STATE
 TOP OF VALENCE BANDS -    BAND     60; K   31; EIG -1.2709589E-01 AU
 TOP OF VALENCE BANDS -    BAND     60; K    1; EIG -1.4764326E-01 AU
 BOTTOM OF VIRTUAL BANDS - BAND     61; K    1; EIG  7.4411457E-02 AU
 INDIRECT ENERGY BAND GAP:   5.4833 eV

    BETA       ELECTRONS
 INSULATING STATE
 TOP OF VALENCE BANDS -    BAND     60; K   31; EIG -1.2709589E-01 AU
 TOP OF VALENCE BANDS -    BAND     60; K    1; EIG -1.4764326E-01 AU
 BOTTOM OF VIRTUAL BANDS - BAND     61; K    1; EIG  7.4411457E-02 AU
 INDIRECT ENERGY BAND GAP:   5.4833 eV
 TTTTTTTTTTTTTTTTTTTTTTTTTTTTTT PDIG        TELAPSE      339.47 TCPU      338.02
 CHARGE NORMALIZATION FACTOR   1.00000000
 TOTAL ATOMIC CHARGES:
   5.9712286   5.9712286   5.9712286   5.9712286   5.9712286   5.9712286
   5.9712286   5.9712286   6.0427120   6.0427120   6.0427120   6.0427120
   6.0427120   6.0427120   6.0427120   6.0427120   5.9721187   5.9721187
   5.9721187   5.9721187
 SUMMED SPIN DENSITY          -0.00000000
 TOTAL ATOMIC SPINS  :
  -0.0000000  -0.0000000  -0.0000000  -0.0000000  -0.0000000  -0.0000000
  -0.0000000  -0.0000000   0.0000000   0.0000000   0.0000000   0.0000000
   0.0000000   0.0000000   0.0000000   0.0000000   0.0000000   0.0000000
   0.0000000   0.0000000
 TTTTTTTTTTTTTTTTTTTTTTTTTTTTTT MOQGAD      TELAPSE      339.48 TCPU      338.03
 TTTTTTTTTTTTTTTTTTTTTTTTTTTTTT SHELLXN     TELAPSE      373.63 TCPU      372.11
 TTTTTTTTTTTTTTTTTTTTTTTTTTTTTT MONMO3      TELAPSE      373.67 TCPU      372.15
 NUMERICALLY INTEGRATED DENSITY     59.9999999557     59.9999999557
 TTTTTTTTTTTTTTTTTTTTTTTTTTTTTT NUMDFT      TELAPSE      374.20 TCPU      372.68
 CYC   9 ETOT(AU) -7.613489555817E+02 DETOT  5.03E-08 tst  2.00E-11 PX  1.00E-05
 TTTTTTTTTTTTTTTTTTTTTTTTTTTTTT DIIS        TELAPSE      374.32 TCPU      372.80
 DIIS TEST: 0.93103E-10 AT SCF   CYCLE   9 - DIIS ACTIVE - HISTORY:     9 CYCLES
 TTTTTTTTTTTTTTTTTTTTTTTTTTTTTT FDIK        TELAPSE      376.05 TCPU      374.52

    ALPHA      ELECTRONS
 INSULATING STATE
 TOP OF VALENCE BANDS -    BAND     60; K   31; EIG -1.2709593E-01 AU
 TOP OF VALENCE BANDS -    BAND     60; K    1; EIG -1.4764342E-01 AU
 BOTTOM OF VIRTUAL BANDS - BAND     61; K    1; EIG  7.4411397E-02 AU
 INDIRECT ENERGY BAND GAP:   5.4833 eV

    BETA       ELECTRONS
 INSULATING STATE
 TOP OF VALENCE BANDS -    BAND     60; K   31; EIG -1.2709593E-01 AU
 TOP OF VALENCE BANDS -    BAND     60; K    1; EIG -1.4764342E-01 AU
 BOTTOM OF VIRTUAL BANDS - BAND     61; K    1; EIG  7.4411397E-02 AU
 INDIRECT ENERGY BAND GAP:   5.4833 eV
 TTTTTTTTTTTTTTTTTTTTTTTTTTTTTT PDIG        TELAPSE      376.41 TCPU      374.88
 CHARGE NORMALIZATION FACTOR   1.00000000
 TOTAL ATOMIC CHARGES:
   5.9712285   5.9712285   5.9712285   5.9712285   5.9712285   5.9712285
   5.9712285   5.9712285   6.0427127   6.0427127   6.0427127   6.0427127
   6.0427127   6.0427127   6.0427127   6.0427127   5.9721176   5.9721176
   5.9721176   5.9721176
 SUMMED SPIN DENSITY          -0.00000000
 TOTAL ATOMIC SPINS  :
  -0.0000000  -0.0000000  -0.0000000  -0.0000000  -0.0000000  -0.0000000
  -0.0000000  -0.0000000   0.0000000   0.0000000   0.0000000   0.0000000
   0.0000000   0.0000000   0.0000000   0.0000000   0.0000000   0.0000000
   0.0000000   0.0000000
 TTTTTTTTTTTTTTTTTTTTTTTTTTTTTT MOQGAD      TELAPSE      376.42 TCPU      374.89
 TTTTTTTTTTTTTTTTTTTTTTTTTTTTTT SHELLXN     TELAPSE      410.58 TCPU      408.99
 TTTTTTTTTTTTTTTTTTTTTTTTTTTTTT MONMO3      TELAPSE      410.62 TCPU      409.03
 NUMERICALLY INTEGRATED DENSITY     59.9999999557     59.9999999557
 TTTTTTTTTTTTTTTTTTTTTTTTTTTTTT NUMDFT      TELAPSE      411.16 TCPU      409.56
 CYC  10 ETOT(AU) -7.613489555834E+02 DETOT -1.70E-09 tst  7.17E-14 PX  4.59E-07
 TTTTTTTTTTTTTTTTTTTTTTTTTTTTTT DIIS        TELAPSE      411.28 TCPU      409.68
 DIIS TEST: 0.61751E-11 AT SCF   CYCLE  10 - DIIS ACTIVE - HISTORY:    10 CYCLES
 TTTTTTTTTTTTTTTTTTTTTTTTTTTTTT FDIK        TELAPSE      412.85 TCPU      411.24

    ALPHA      ELECTRONS
 INSULATING STATE
 TOP OF VALENCE BANDS -    BAND     60; K   31; EIG -1.2709593E-01 AU
 TOP OF VALENCE BANDS -    BAND     60; K    1; EIG -1.4764343E-01 AU
 BOTTOM OF VIRTUAL BANDS - BAND     61; K    1; EIG  7.4411377E-02 AU
 INDIRECT ENERGY BAND GAP:   5.4833 eV

    BETA       ELECTRONS
 INSULATING STATE
 TOP OF VALENCE BANDS -    BAND     60; K   31; EIG -1.2709593E-01 AU
 TOP OF VALENCE BANDS -    BAND     60; K    1; EIG -1.4764343E-01 AU
 BOTTOM OF VIRTUAL BANDS - BAND     61; K    1; EIG  7.4411377E-02 AU
 INDIRECT ENERGY BAND GAP:   5.4833 eV
 TTTTTTTTTTTTTTTTTTTTTTTTTTTTTT PDIG        TELAPSE      413.21 TCPU      411.60
 CHARGE NORMALIZATION FACTOR   1.00000000
 TOTAL ATOMIC CHARGES:
   5.9712285   5.9712285   5.9712285   5.9712285   5.9712285   5.9712285
   5.9712285   5.9712285   6.0427126   6.0427126   6.0427126   6.0427126
   6.0427126   6.0427126   6.0427126   6.0427126   5.9721178   5.9721178
   5.9721178   5.9721178
 SUMMED SPIN DENSITY          -0.00000000
 TOTAL ATOMIC SPINS  :
  -0.0000000  -0.0000000  -0.0000000  -0.0000000  -0.0000000  -0.0000000
  -0.0000000  -0.0000000   0.0000000   0.0000000   0.0000000   0.0000000
   0.0000000   0.0000000   0.0000000   0.0000000   0.0000000   0.0000000
   0.0000000   0.0000000
 TTTTTTTTTTTTTTTTTTTTTTTTTTTTTT MOQGAD      TELAPSE      413.22 TCPU      411.61
 TTTTTTTTTTTTTTTTTTTTTTTTTTTTTT SHELLXN     TELAPSE      447.38 TCPU      445.71
 TTTTTTTTTTTTTTTTTTTTTTTTTTTTTT MONMO3      TELAPSE      447.43 TCPU      445.76
 NUMERICALLY INTEGRATED DENSITY     59.9999999557     59.9999999557
 TTTTTTTTTTTTTTTTTTTTTTTTTTTTTT NUMDFT      TELAPSE      447.96 TCPU      446.28
 CYC  11 ETOT(AU) -7.613489555839E+02 DETOT -5.68E-10 tst  3.77E-15 PX  7.05E-08
 TTTTTTTTTTTTTTTTTTTTTTTTTTTTTT DIIS        TELAPSE      448.08 TCPU      446.40
 DIIS TEST: 0.27052E-11 AT SCF   CYCLE  11 - DIIS ACTIVE - HISTORY:    11 CYCLES
 TTTTTTTTTTTTTTTTTTTTTTTTTTTTTT FDIK        TELAPSE      449.53 TCPU      447.85

    ALPHA      ELECTRONS
 INSULATING STATE
 TOP OF VALENCE BANDS -    BAND     60; K   31; EIG -1.2709593E-01 AU
 TOP OF VALENCE BANDS -    BAND     60; K    1; EIG -1.4764343E-01 AU
 BOTTOM OF VIRTUAL BANDS - BAND     61; K    1; EIG  7.4411374E-02 AU
 INDIRECT ENERGY BAND GAP:   5.4833 eV

    BETA       ELECTRONS
 INSULATING STATE
 TOP OF VALENCE BANDS -    BAND     60; K   31; EIG -1.2709593E-01 AU
 TOP OF VALENCE BANDS -    BAND     60; K    1; EIG -1.4764343E-01 AU
 BOTTOM OF VIRTUAL BANDS - BAND     61; K    1; EIG  7.4411374E-02 AU
 INDIRECT ENERGY BAND GAP:   5.4833 eV
 TTTTTTTTTTTTTTTTTTTTTTTTTTTTTT PDIG        TELAPSE      449.89 TCPU      448.20
 CHARGE NORMALIZATION FACTOR   1.00000000
 TOTAL ATOMIC CHARGES:
   5.9712285   5.9712285   5.9712285   5.9712285   5.9712285   5.9712285
   5.9712285   5.9712285   6.0427126   6.0427126   6.0427126   6.0427126
   6.0427126   6.0427126   6.0427126   6.0427126   5.9721178   5.9721178
   5.9721178   5.9721178
 SUMMED SPIN DENSITY          -0.00000000
 TOTAL ATOMIC SPINS  :
   0.0000000   0.0000000   0.0000000   0.0000000   0.0000000   0.0000000
   0.0000000   0.0000000  -0.0000000  -0.0000000  -0.0000000  -0.0000000
  -0.0000000  -0.0000000  -0.0000000  -0.0000000   0.0000000   0.0000000
   0.0000000   0.0000000
 TTTTTTTTTTTTTTTTTTTTTTTTTTTTTT MOQGAD      TELAPSE      449.90 TCPU      448.21
 TTTTTTTTTTTTTTTTTTTTTTTTTTTTTT SHELLXN     TELAPSE      484.08 TCPU      482.33
 +++ ENERGIES IN A.U. +++
 ::: EXT EL-POLE                                  -3.1295772691493E+03
 ::: EXT EL-SPHEROPOLE                             2.7213520895241E+01
 ::: BIELET ZONE E-E                               3.2935204117786E+03
 ::: TOTAL E-E                                     1.9115666352451E+02
 ::: TOTAL E-N + N-E                              -1.4155488437933E+03
 ::: TOTAL N-N                                    -2.0827780447186E+02
 ::: KINETIC ENERGY                                7.5927493204123E+02
 ::: PSEUDO TOTAL   ENERGY                        -6.7339505269938E+02
 ::: VIRIAL COEFFICIENT                            1.0599439370243E+00
 TTTTTTTTTTTTTTTTTTTTTTTTTTTTTT MONMO3      TELAPSE      484.12 TCPU      482.38
 NUMERICALLY INTEGRATED DENSITY     59.9999999557     59.9999999557
 EXCHANGE ENERGY: -0.828945311726E+02  CORRELATION ENERGY: -0.505937171202E+01
 TTTTTTTTTTTTTTTTTTTTTTTTTTTTTT NUMDFT      TELAPSE      484.66 TCPU      482.91
 CYC  12 ETOT(AU) -7.613489555840E+02 DETOT -7.56E-11 tst  2.40E-15 PX  7.05E-08

 == SCF ENDED - CONVERGENCE ON ENERGY      E(AU) -7.6134895558402E+02 CYCLES  12


 ENERGY EXPRESSION=HARTREE+FOCK EXCH*0.20000+(BECKE      EXCH)*0.80000+LYP        CORR


 TOTAL ENERGY(DFT)(AU)( 12) -7.6134895558402E+02 DE-7.6E-11 tester 2.4E-15
 TTTTTTTTTTTTTTTTTTTTTTTTTTTTTT EDFT        TELAPSE      484.67 TCPU      482.92
 
 INFORMATION **** DFTD3 ENERGY **** CALCULATE DFTD3 ENERGY

           DFT-D V3(BJ)
 DF                                         b3-lyp    
 parameters
 s6       :    1.0000
 s8       :    1.9889
 a1       :    0.3981
 a2       :    4.4211
 k1 k3    :   16.0000   -4.0000
 Cutoff   :   50.2022
 CN-Cutoff:   21.1671
 ABC-Cutoff:   21.1671
 
 Edisp /kcal,au:  -111.8666 -0.17827077

 E6    /kcal :   -53.7676
 E8    /kcal :   -58.0990
 
 INFORMATION **** DFTD3 ENERGY **** NORMAL TERMINATION OF DFTD3 MODULE

 *******************************************************************************

 DFT-D3 DISPERSION ENERGY CORRECTION

 D3 DISPERSION ENERGY (AU)       -1.7827077036000E-01
 TOTAL ENERGY + DISP (AU)        -7.6152722635438E+02

 *******************************************************************************


 NEIGHBORS OF THE NON-EQUIVALENT ATOMS

 N = NUMBER OF NEIGHBORS AT DISTANCE R
    ATOM  N     R/ANG      R/AU   NEIGHBORS (ATOM LABELS AND CELL INDICES)
   1 C    1     1.4969     2.8288    3 C    0 0 0
   1 C    1     1.5382     2.9068   13 C    1 0 0
   1 C    1     1.5540     2.9366    6 C    0 0 0
   1 C    1     1.5753     2.9770    9 C    0 0 0
   1 C    1     2.2184     4.1921   14 C    0 0 0
   1 C    1     2.2589     4.2687    5 C    1 0 0

   9 C    1     1.5382     2.9068    5 C    1 0 0
   9 C    1     1.5425     2.9150   17 C    0 0 0
   9 C    1     1.5698     2.9665   14 C    0 0 0
   9 C    1     1.5753     2.9770    1 C    0 0 0
   9 C    1     2.1431     4.0499   13 C    1 0 0
   9 C    1     2.1971     4.1520   20 C    0 0 0

  17 C    1     1.5172     2.8672   19 C    1 1 0
  17 C    2     1.5425     2.9150    9 C    0 0 0   15 C    0 0 0
  17 C    1     1.5594     2.9468   20 C    0 0 0
  17 C    2     2.1971     4.1520   12 C    0 0 0   14 C    0 0 0
  17 C    2     2.5591     4.8361   11 C    1 1 0   13 C    1 1 0
  17 C    2     2.6021     4.9173   18 C    1 1 0   18 C    1 1 1

 TTTTTTTTTTTTTTTTTTTTTTTTTTTTTT AFTER FIRST TELAPSE      484.77 TCPU      483.02
 MMMMMMMMMMMMMMMMMMMMMMMMMMMMMMMMMMMMMMMMMMMMMMMMMMMMMMMMMMMMMMMMMMMMMMMMMMMMMMM
     ALPHA+BETA ELECTRONS
 MULLIKEN POPULATION ANALYSIS - NO. OF ELECTRONS  120.000000

  ATOM    Z CHARGE  A.O. POPULATION

   1 C    6  5.971  0.854  1.121  0.755  0.442  0.430  0.445  0.442 -0.014
                    0.009 -0.001  0.522  0.442  0.477  0.012  0.006  0.009
                    0.009  0.011
   2 C    6  5.971  0.854  1.121  0.755  0.442  0.430  0.445  0.442 -0.014
                    0.009 -0.001  0.522  0.442  0.477  0.012  0.006  0.009
                    0.009  0.011
   3 C    6  5.971  0.854  1.121  0.755  0.442  0.430  0.445  0.442 -0.014
                    0.009 -0.001  0.522  0.442  0.477  0.012  0.006  0.009
                    0.009  0.011
   4 C    6  5.971  0.854  1.121  0.755  0.442  0.430  0.445  0.442 -0.014
                    0.009 -0.001  0.522  0.442  0.477  0.012  0.006  0.009
                    0.009  0.011
   5 C    6  5.971  0.854  1.121  0.755  0.442  0.430  0.445  0.442 -0.014
                    0.009 -0.001  0.522  0.442  0.477  0.012  0.006  0.009
                    0.009  0.011
   6 C    6  5.971  0.854  1.121  0.755  0.442  0.430  0.445  0.442 -0.014
                    0.009 -0.001  0.522  0.442  0.477  0.012  0.006  0.009
                    0.009  0.011
   7 C    6  5.971  0.854  1.121  0.755  0.442  0.430  0.445  0.442 -0.014
                    0.009 -0.001  0.522  0.442  0.477  0.012  0.006  0.009
                    0.009  0.011
   8 C    6  5.971  0.854  1.121  0.755  0.442  0.430  0.445  0.442 -0.014
                    0.009 -0.001  0.522  0.442  0.477  0.012  0.006  0.009
                    0.009  0.011
   9 C    6  6.043  0.854  1.120  0.759  0.454  0.439  0.432  0.439 -0.009
                   -0.017 -0.010  0.511  0.528  0.494  0.013  0.007  0.005
                    0.009  0.011
  10 C    6  6.043  0.854  1.120  0.759  0.454  0.439  0.432  0.439 -0.009
                   -0.017 -0.010  0.511  0.528  0.494  0.013  0.007  0.005
                    0.009  0.011
  11 C    6  6.043  0.854  1.120  0.759  0.454  0.439  0.432  0.439 -0.009
                   -0.017 -0.010  0.511  0.528  0.494  0.013  0.007  0.005
                    0.009  0.011
  12 C    6  6.043  0.854  1.120  0.759  0.454  0.439  0.432  0.439 -0.009
                   -0.017 -0.010  0.511  0.528  0.494  0.013  0.007  0.005
                    0.009  0.011
  13 C    6  6.043  0.854  1.120  0.759  0.454  0.439  0.432  0.439 -0.009
                   -0.017 -0.010  0.511  0.528  0.494  0.013  0.007  0.005
                    0.009  0.011
  14 C    6  6.043  0.854  1.120  0.759  0.454  0.439  0.432  0.439 -0.009
                   -0.017 -0.010  0.511  0.528  0.494  0.013  0.007  0.005
                    0.009  0.011
  15 C    6  6.043  0.854  1.120  0.759  0.454  0.439  0.432  0.439 -0.009
                   -0.017 -0.010  0.511  0.528  0.494  0.013  0.007  0.005
                    0.009  0.011
  16 C    6  6.043  0.854  1.120  0.759  0.454  0.439  0.432  0.439 -0.009
                   -0.017 -0.010  0.511  0.528  0.494  0.013  0.007  0.005
                    0.009  0.011
  17 C    6  5.972  0.854  1.121  0.764  0.390  0.440  0.439  0.445  0.003
                   -0.002 -0.012  0.472  0.508  0.505  0.013  0.007  0.007
                    0.010  0.010
  18 C    6  5.972  0.854  1.121  0.764  0.390  0.440  0.439  0.445  0.003
                   -0.002 -0.012  0.472  0.508  0.505  0.013  0.007  0.007
                    0.010  0.010
  19 C    6  5.972  0.854  1.121  0.764  0.390  0.440  0.439  0.445  0.003
                   -0.002 -0.012  0.472  0.508  0.505  0.013  0.007  0.007
                    0.010  0.010
  20 C    6  5.972  0.854  1.121  0.764  0.390  0.440  0.439  0.445  0.003
                   -0.002 -0.012  0.472  0.508  0.505  0.013  0.007  0.007
                    0.010  0.010

  ATOM    Z CHARGE  SHELL POPULATION

   1 C    6  5.971  0.854  1.121  0.755  0.442  1.317 -0.006  1.441  0.047
   2 C    6  5.971  0.854  1.121  0.755  0.442  1.317 -0.006  1.441  0.047
   3 C    6  5.971  0.854  1.121  0.755  0.442  1.317 -0.006  1.441  0.047
   4 C    6  5.971  0.854  1.121  0.755  0.442  1.317 -0.006  1.441  0.047
   5 C    6  5.971  0.854  1.121  0.755  0.442  1.317 -0.006  1.441  0.047
   6 C    6  5.971  0.854  1.121  0.755  0.442  1.317 -0.006  1.441  0.047
   7 C    6  5.971  0.854  1.121  0.755  0.442  1.317 -0.006  1.441  0.047
   8 C    6  5.971  0.854  1.121  0.755  0.442  1.317 -0.006  1.441  0.047
   9 C    6  6.043  0.854  1.120  0.759  0.454  1.311 -0.036  1.534  0.046
  10 C    6  6.043  0.854  1.120  0.759  0.454  1.311 -0.036  1.534  0.046
  11 C    6  6.043  0.854  1.120  0.759  0.454  1.311 -0.036  1.534  0.046
  12 C    6  6.043  0.854  1.120  0.759  0.454  1.311 -0.036  1.534  0.046
  13 C    6  6.043  0.854  1.120  0.759  0.454  1.311 -0.036  1.534  0.046
  14 C    6  6.043  0.854  1.120  0.759  0.454  1.311 -0.036  1.534  0.046
  15 C    6  6.043  0.854  1.120  0.759  0.454  1.311 -0.036  1.534  0.046
  16 C    6  6.043  0.854  1.120  0.759  0.454  1.311 -0.036  1.534  0.046
  17 C    6  5.972  0.854  1.121  0.764  0.390  1.324 -0.011  1.486  0.046
  18 C    6  5.972  0.854  1.121  0.764  0.390  1.324 -0.011  1.486  0.046
  19 C    6  5.972  0.854  1.121  0.764  0.390  1.324 -0.011  1.486  0.046
  20 C    6  5.972  0.854  1.121  0.764  0.390  1.324 -0.011  1.486  0.046

 OVERLAP POPULATION CONDENSED TO ATOMS FOR FIRST   6 NEIGHBORS

 ATOM A   1 C    ATOM B     CELL      R(AB)/AU R(AB)/ANG    OVPOP(AB)
                  3 C    (  0  0  0)     2.829     1.497     0.285
                 13 C    (  1  0  0)     2.907     1.538     0.299
                  6 C    (  0  0  0)     2.937     1.554     0.314
                  9 C    (  0  0  0)     2.977     1.575     0.288
                 14 C    (  0  0  0)     4.192     2.218    -0.099
                  5 C    (  1  0  0)     4.269     2.259    -0.060

 ATOM A   9 C    ATOM B     CELL      R(AB)/AU R(AB)/ANG    OVPOP(AB)
                  5 C    (  1  0  0)     2.907     1.538     0.299
                 17 C    (  0  0  0)     2.915     1.543     0.265
                 14 C    (  0  0  0)     2.967     1.570     0.369
                  1 C    (  0  0  0)     2.977     1.575     0.288
                 13 C    (  1  0  0)     4.050     2.143    -0.083
                 20 C    (  0  0  0)     4.152     2.197    -0.091

 ATOM A  17 C    ATOM B     CELL      R(AB)/AU R(AB)/ANG    OVPOP(AB)
                 19 C    (  1  1  0)     2.867     1.517     0.335
                  9 C    (  0  0  0)     2.915     1.543     0.265
                 20 C    (  0  0  0)     2.947     1.559     0.366
                 12 C    (  0  0  0)     4.152     2.197    -0.091
                 11 C    (  1  1  0)     4.836     2.559    -0.009
                 18 C    (  1  1  0)     4.917     2.602    -0.028
 TTTTTTTTTTTTTTTTTTTTTTTTTTTTTT AFTER FIRST TELAPSE      484.91 TCPU      483.05
 MMMMMMMMMMMMMMMMMMMMMMMMMMMMMMMMMMMMMMMMMMMMMMMMMMMMMMMMMMMMMMMMMMMMMMMMMMMMMMM
     ALPHA-BETA ELECTRONS
 MULLIKEN POPULATION ANALYSIS - NO. OF ELECTRONS   -0.000000

  ATOM    Z CHARGE  A.O. POPULATION

   1 C    6  0.000  0.000 -0.000  0.000 -0.000 -0.000 -0.000 -0.000 -0.000
                   -0.000 -0.000  0.000  0.000  0.000  0.000  0.000  0.000
                   -0.000 -0.000
   2 C    6  0.000  0.000 -0.000  0.000 -0.000 -0.000 -0.000 -0.000 -0.000
                   -0.000 -0.000  0.000  0.000  0.000  0.000  0.000  0.000
                   -0.000 -0.000
   3 C    6  0.000  0.000 -0.000  0.000 -0.000 -0.000 -0.000 -0.000 -0.000
                   -0.000 -0.000  0.000  0.000  0.000  0.000  0.000  0.000
                   -0.000 -0.000
   4 C    6  0.000  0.000 -0.000  0.000 -0.000 -0.000 -0.000 -0.000 -0.000
                   -0.000 -0.000  0.000  0.000  0.000  0.000  0.000  0.000
                   -0.000 -0.000
   5 C    6  0.000  0.000 -0.000  0.000 -0.000 -0.000 -0.000 -0.000 -0.000
                   -0.000 -0.000  0.000  0.000  0.000  0.000  0.000  0.000
                   -0.000 -0.000
   6 C    6  0.000  0.000 -0.000  0.000 -0.000 -0.000 -0.000 -0.000 -0.000
                   -0.000 -0.000  0.000  0.000  0.000  0.000  0.000  0.000
                   -0.000 -0.000
   7 C    6  0.000  0.000 -0.000  0.000 -0.000 -0.000 -0.000 -0.000 -0.000
                   -0.000 -0.000  0.000  0.000  0.000  0.000  0.000  0.000
                   -0.000 -0.000
   8 C    6  0.000  0.000 -0.000  0.000 -0.000 -0.000 -0.000 -0.000 -0.000
                   -0.000 -0.000  0.000  0.000  0.000  0.000  0.000  0.000
                   -0.000 -0.000
   9 C    6 -0.000 -0.000  0.000 -0.000  0.000  0.000  0.000  0.000 -0.000
                    0.000  0.000 -0.000 -0.000 -0.000 -0.000  0.000 -0.000
                   -0.000 -0.000
  10 C    6 -0.000 -0.000  0.000 -0.000  0.000  0.000  0.000  0.000 -0.000
                    0.000  0.000 -0.000 -0.000 -0.000 -0.000  0.000 -0.000
                   -0.000 -0.000
  11 C    6 -0.000 -0.000  0.000 -0.000  0.000  0.000  0.000  0.000 -0.000
                    0.000  0.000 -0.000 -0.000 -0.000 -0.000  0.000 -0.000
                   -0.000 -0.000
  12 C    6 -0.000 -0.000  0.000 -0.000  0.000  0.000  0.000  0.000 -0.000
                    0.000  0.000 -0.000 -0.000 -0.000 -0.000  0.000 -0.000
                   -0.000 -0.000
  13 C    6 -0.000 -0.000  0.000 -0.000  0.000  0.000  0.000  0.000 -0.000
                    0.000  0.000 -0.000 -0.000 -0.000 -0.000  0.000 -0.000
                   -0.000 -0.000
  14 C    6 -0.000 -0.000  0.000 -0.000  0.000  0.000  0.000  0.000 -0.000
                    0.000  0.000 -0.000 -0.000 -0.000 -0.000  0.000 -0.000
                   -0.000 -0.000
  15 C    6 -0.000 -0.000  0.000 -0.000  0.000  0.000  0.000  0.000 -0.000
                    0.000  0.000 -0.000 -0.000 -0.000 -0.000  0.000 -0.000
                   -0.000 -0.000
  16 C    6 -0.000 -0.000  0.000 -0.000  0.000  0.000  0.000  0.000 -0.000
                    0.000  0.000 -0.000 -0.000 -0.000 -0.000  0.000 -0.000
                   -0.000 -0.000
  17 C    6  0.000  0.000 -0.000  0.000  0.000 -0.000  0.000 -0.000 -0.000
                   -0.000 -0.000  0.000 -0.000  0.000  0.000  0.000 -0.000
                   -0.000 -0.000
  18 C    6  0.000  0.000 -0.000  0.000  0.000 -0.000  0.000 -0.000 -0.000
                   -0.000 -0.000  0.000 -0.000  0.000  0.000  0.000 -0.000
                   -0.000 -0.000
  19 C    6  0.000  0.000 -0.000  0.000  0.000 -0.000  0.000 -0.000 -0.000
                   -0.000 -0.000  0.000 -0.000  0.000  0.000  0.000 -0.000
                   -0.000 -0.000
  20 C    6  0.000  0.000 -0.000  0.000  0.000 -0.000  0.000 -0.000 -0.000
                   -0.000 -0.000  0.000 -0.000  0.000  0.000  0.000 -0.000
                   -0.000 -0.000

  ATOM    Z CHARGE  SHELL POPULATION

   1 C    6  0.000  0.000 -0.000  0.000 -0.000 -0.000 -0.000  0.000  0.000
   2 C    6  0.000  0.000 -0.000  0.000 -0.000 -0.000 -0.000  0.000  0.000
   3 C    6  0.000  0.000 -0.000  0.000 -0.000 -0.000 -0.000  0.000  0.000
   4 C    6  0.000  0.000 -0.000  0.000 -0.000 -0.000 -0.000  0.000  0.000
   5 C    6  0.000  0.000 -0.000  0.000 -0.000 -0.000 -0.000  0.000  0.000
   6 C    6  0.000  0.000 -0.000  0.000 -0.000 -0.000 -0.000  0.000  0.000
   7 C    6  0.000  0.000 -0.000  0.000 -0.000 -0.000 -0.000  0.000  0.000
   8 C    6  0.000  0.000 -0.000  0.000 -0.000 -0.000 -0.000  0.000  0.000
   9 C    6 -0.000 -0.000  0.000 -0.000  0.000  0.000 -0.000 -0.000 -0.000
  10 C    6 -0.000 -0.000  0.000 -0.000  0.000  0.000 -0.000 -0.000 -0.000
  11 C    6 -0.000 -0.000  0.000 -0.000  0.000  0.000 -0.000 -0.000 -0.000
  12 C    6 -0.000 -0.000  0.000 -0.000  0.000  0.000 -0.000 -0.000 -0.000
  13 C    6 -0.000 -0.000  0.000 -0.000  0.000  0.000 -0.000 -0.000 -0.000
  14 C    6 -0.000 -0.000  0.000 -0.000  0.000  0.000 -0.000 -0.000 -0.000
  15 C    6 -0.000 -0.000  0.000 -0.000  0.000  0.000 -0.000 -0.000 -0.000
  16 C    6 -0.000 -0.000  0.000 -0.000  0.000  0.000 -0.000 -0.000 -0.000
  17 C    6  0.000  0.000 -0.000  0.000  0.000 -0.000 -0.000  0.000 -0.000
  18 C    6  0.000  0.000 -0.000  0.000  0.000 -0.000 -0.000  0.000 -0.000
  19 C    6  0.000  0.000 -0.000  0.000  0.000 -0.000 -0.000  0.000 -0.000
  20 C    6  0.000  0.000 -0.000  0.000  0.000 -0.000 -0.000  0.000 -0.000

 OVERLAP POPULATION CONDENSED TO ATOMS FOR FIRST   6 NEIGHBORS

 ATOM A   1 C    ATOM B     CELL      R(AB)/AU R(AB)/ANG    OVPOP(AB)
                  3 C    (  0  0  0)     2.829     1.497     0.000
                 13 C    (  1  0  0)     2.907     1.538     0.000
                  6 C    (  0  0  0)     2.937     1.554    -0.000
                  9 C    (  0  0  0)     2.977     1.575     0.000
                 14 C    (  0  0  0)     4.192     2.218    -0.000
                  5 C    (  1  0  0)     4.269     2.259     0.000

 ATOM A   9 C    ATOM B     CELL      R(AB)/AU R(AB)/ANG    OVPOP(AB)
                  5 C    (  1  0  0)     2.907     1.538     0.000
                 17 C    (  0  0  0)     2.915     1.543    -0.000
                 14 C    (  0  0  0)     2.967     1.570    -0.000
                  1 C    (  0  0  0)     2.977     1.575     0.000
                 13 C    (  1  0  0)     4.050     2.143    -0.000
                 20 C    (  0  0  0)     4.152     2.197     0.000

 ATOM A  17 C    ATOM B     CELL      R(AB)/AU R(AB)/ANG    OVPOP(AB)
                 19 C    (  1  1  0)     2.867     1.517    -0.000
                  9 C    (  0  0  0)     2.915     1.543    -0.000
                 20 C    (  0  0  0)     2.947     1.559    -0.000
                 12 C    (  0  0  0)     4.152     2.197     0.000
                 11 C    (  1  1  0)     4.836     2.559     0.000
                 18 C    (  1  1  0)     4.917     2.602     0.000
 EIGENVECTORS IN FORTRAN UNIT  8
 TTTTTTTTTTTTTTTTTTTTTTTTTTTTTT END         TELAPSE      485.36 TCPU      483.45
 EEEEEEEEEE TERMINATION  DATE 28 01 2026 TIME 20:56:44.5
NODE    0 CPU TIME =       483.452
NODE    1 CPU TIME =       484.151
NODE    2 CPU TIME =       484.130
NODE    3 CPU TIME =       483.646
NODE    4 CPU TIME =       484.131
NODE    5 CPU TIME =       484.151
NODE    6 CPU TIME =       484.071
NODE    7 CPU TIME =       483.957
NODE    8 CPU TIME =       484.150
NODE    9 CPU TIME =       483.755
NODE   10 CPU TIME =       484.249
NODE   11 CPU TIME =       484.254
NODE   12 CPU TIME =       484.067
NODE   13 CPU TIME =       484.145
NODE   14 CPU TIME =       483.848
NODE   15 CPU TIME =       484.170
NODE   16 CPU TIME =       484.011
NODE   17 CPU TIME =       484.189
NODE   18 CPU TIME =       484.135
NODE   19 CPU TIME =       484.169
NODE   20 CPU TIME =       484.179
NODE   21 CPU TIME =       483.982
NODE   22 CPU TIME =       484.082
NODE   23 CPU TIME =       484.188
NODE   24 CPU TIME =       484.170
NODE   25 CPU TIME =       484.125
NODE   26 CPU TIME =       484.038
NODE   27 CPU TIME =       484.184
NODE   28 CPU TIME =       483.816
NODE   29 CPU TIME =       484.091
NODE   30 CPU TIME =       483.850
NODE   31 CPU TIME =       484.164
    TOTAL CPU TIME =     15489.702
