MPI startup(): Warning: I_MPI_PMI_LIBRARY will be ignored since the hydra process manager was found
MPI startup(): Warning: I_MPI_PMI_LIBRARY will be ignored since the hydra process manager was found
MPI startup(): Warning: I_MPI_PMI_LIBRARY will be ignored since the hydra process manager was found
MPI startup(): Warning: I_MPI_PMI_LIBRARY will be ignored since the hydra process manager was found
MPI startup(): Warning: I_MPI_PMI_LIBRARY will be ignored since the hydra process manager was found
MPI startup(): Warning: I_MPI_PMI_LIBRARY will be ignored since the hydra process manager was found
MPI startup(): Warning: I_MPI_PMI_LIBRARY will be ignored since the hydra process manager was found
MPI startup(): Warning: I_MPI_PMI_LIBRARY will be ignored since the hydra process manager was found
MPI startup(): Warning: I_MPI_PMI_LIBRARY will be ignored since the hydra process manager was found
MPI startup(): Warning: I_MPI_PMI_LIBRARY will be ignored since the hydra process manager was found
MPI startup(): Warning: I_MPI_PMI_LIBRARY will be ignored since the hydra process manager was found
MPI startup(): Warning: I_MPI_PMI_LIBRARY will be ignored since the hydra process manager was found
MPI startup(): Warning: I_MPI_PMI_LIBRARY will be ignored since the hydra process manager was found
MPI startup(): Warning: I_MPI_PMI_LIBRARY will be ignored since the hydra process manager was found
MPI startup(): Warning: I_MPI_PMI_LIBRARY will be ignored since the hydra process manager was found
MPI startup(): Warning: I_MPI_PMI_LIBRARY will be ignored since the hydra process manager was found
MPI startup(): Warning: I_MPI_PMI_LIBRARY will be ignored since the hydra process manager was found
MPI startup(): Warning: I_MPI_PMI_LIBRARY will be ignored since the hydra process manager was found
MPI startup(): Warning: I_MPI_PMI_LIBRARY will be ignored since the hydra process manager was found
MPI startup(): Warning: I_MPI_PMI_LIBRARY will be ignored since the hydra process manager was found
MPI startup(): Warning: I_MPI_PMI_LIBRARY will be ignored since the hydra process manager was found
MPI startup(): Warning: I_MPI_PMI_LIBRARY will be ignored since the hydra process manager was found
MPI startup(): Warning: I_MPI_PMI_LIBRARY will be ignored since the hydra process manager was found
MPI startup(): Warning: I_MPI_PMI_LIBRARY will be ignored since the hydra process manager was found
 PROCESS           13  OF           24  WORKING
 PROCESS            0  OF           24  WORKING
 PROCESS           20  OF           24  WORKING
 PROCESS           10  OF           24  WORKING

         
 *******************************************************************************
 *                                                                             *
 *                               CRYSTAL23                                     *
 *                      public : 1.0.1 - October 2022                          *
 *                       HTTP://WWW.CRYSTAL.UNITO.IT                           *
 *                                                                             *
 *                              MAIN AUTHORS                                   *
 *                                                                             *
 *  R. DOVESI(1,11), V.R. SAUNDERS(2), C. ROETTI(1,11), R. ORLANDO(1,11),      *
 *  C.M. ZICOVICH-WILSON(1,3), F. PASCALE(4), B. CIVALLERI(1,11),              *
 *  K. DOLL(5), N.M. HARRISON(6), I.J. BUSH(7), Ph. D'ARCO(8),                 *
 *  M. LLUNELL(9), M. CAUSA'(10), Y. NOEL(8), L. MASCHIO(1,11), A. ERBA(1,11)  *
 *  M. RE'RAT(14), S. CASASSA(1,11), B.G. SEARLE(2), J.K. DESMARAIS(1)         *
 *                                                                             *
 *        CONTRIBUTIONS TO THE CODE HAVE ALSO BEEN GIVEN BY                    *
 *                                                                             *
 *  M. FERRABONE(1,11), M. DE LA PIERRE(1,11), M. FERRERO(1,11),               *
 *  J. BAIMA(1,11), E. ALBANESE(1,11), M.F. PEINTINGER(12), R. BAST(13),       *
 *  B. KIRTMAN(15), V. LACIVITA(1,11), R. DEMICHELIS(1,16)                     *
 *  G. BRANDEBURG(17), S. SALUSTRO(1,11), G. SANSONE(1,11)                     *
 *  M.T. RUGGIERO(18), L.E. DAGA(1), L. DONA'(1), A. COSSARD(1)                *
 *                                                                             *
 * (1) THEORETICAL CHEMISTRY GROUP - UNIVERSITA' DI TORINO - TORINO (ITALY)    *
 * (2) SCIENTIFIC COMPUTING DEPARTMENT - STFC DARESBURY (UK)                   *
 * (3) UNIVERSIDAD AUTONOMA DEL ESTADO DE MORELOS - CUERNAVACA (MEXICO)        *
 * (4) UNIVERSITE' DE LORRAINE - NANCY (FRANCE)                                *
 * (5) UNIVERSITAET STUTTGART- STUTTGART (GERMANY)                             *
 * (6) IMPERIAL COLLEGE - LONDON (UK)                                          *
 * (7) SCIENTIFIC COMPUTING DEPARTMENT - STFC RAL (UK)                         *
 * (8) UPMC - SORBONNE UNIVERSITES - PARIS (FRANCE)                            *
 * (9) UNIVERSIDAD DE BARCELONA - BARCELONA (SPAIN)                            *
 *(10) UNIVERSITA' DI NAPOLI "FEDERICO II" - NAPOLI (ITALY)                    *
 *(11) NIS - NANOSTRUCTURED INTERFACES AND SURFACES - TORINO (ITALY)           *
 *(12) MPI FUER CHEMISCHE ENERGIEKONVERSION - MUELHEIM AN DER RUHR (GERMANY)   *
 *(13) UNIVERSITY OF TROMSO - TROMSO (NORWAY)                                  *
 *(14) UNIVERSITE' DE PAU ET DES PAYS DE L'ADOUR - PAU (FRANCE)                *
 *(15) UNIVERSITY OF CALIFORNIA SANTA BARBARA - SANTA BARBARA (USA)            *
 *(16) CURTIN UNIVERSITY - PERTH (AUSTRALIA)                                   *
 *(17) UNIVERSITY COLLEGE LONDON - LONDON (UK)                                 *
 *(18) UNIVERSITY OF VERMONT - BURLINGTON (USA)                                *
 *                                                                             *
 *******************************************************************************
 EEEEEEEEEE STARTING  DATE 22 01 2026 TIME 11:11:31.6
 ./4^3T143-CA_rev1_sp_B3LYP-D3-D3_optimized                                      
 PROCESS            1  OF           24  WORKING
 PROCESS            2  OF           24  WORKING
 PROCESS            3  OF           24  WORKING
 PROCESS            4  OF           24  WORKING
 PROCESS            5  OF           24  WORKING
 PROCESS            6  OF           24  WORKING
 PROCESS            7  OF           24  WORKING
 PROCESS            8  OF           24  WORKING
 PROCESS           11  OF           24  WORKING
 PROCESS           12  OF           24  WORKING
 PROCESS           14  OF           24  WORKING
 PROCESS           15  OF           24  WORKING
 PROCESS           16  OF           24  WORKING
 PROCESS           17  OF           24  WORKING
 PROCESS           18  OF           24  WORKING
 PROCESS           19  OF           24  WORKING
 PROCESS           21  OF           24  WORKING
 PROCESS           22  OF           24  WORKING
 PROCESS           23  OF           24  WORKING
 PROCESS            9  OF           24  WORKING

 CRYSTAL CALCULATION
 (INPUT ACCORDING TO THE INTERNATIONAL TABLES FOR X-RAY CRYSTALLOGRAPHY)
 CRYSTAL FAMILY                       :  ORTHORHOMBIC
 CRYSTAL CLASS  (GROTH - 1921)        :  ORTHORHOMBIC BIPYRAMIDAL             

 SPACE GROUP (CENTROSYMMETRIC)        :  P B C M         

 LATTICE PARAMETERS  (ANGSTROMS AND DEGREES) - CONVENTIONAL CELL
        A           B           C        ALPHA        BETA       GAMMA
     4.65021     8.64339     4.44102    90.00000    90.00000    90.00000


 NUMBER OF IRREDUCIBLE ATOMS IN THE CONVENTIONAL CELL:    3

 INPUT COORDINATES

 ATOM AT. N.              COORDINATES
   1   6     3.677455552156E-01 -1.691658676109E-02 -4.202884906110E-01
   2   6     1.662563273687E-01 -1.729597232357E-01 -4.251444148688E-01
   3   6     6.740488625230E-02  6.901089349647E-02 -4.314654012165E-01

 *******************************************************************************

 << INFORMATION >>: FROM NOW ON, ALL COORDINATES REFER TO THE PRIMITIVE CELL

 *******************************************************************************

 LATTICE PARAMETERS  (ANGSTROMS AND DEGREES) - PRIMITIVE CELL
       A          B          C        ALPHA      BETA     GAMMA        VOLUME
    4.65021    8.64339    4.44102    90.00000  90.00000  90.00000    178.500669

 COORDINATES OF THE EQUIVALENT ATOMS (FRACTIONAL UNITS)

 N. ATOM EQUIV AT. N.          X                  Y                  Z

   1   1   1    6 C     3.67745555216E-01 -1.69165867611E-02 -4.20288490611E-01
   2   1   2    6 C    -3.67745555216E-01  1.69165867611E-02  7.97115093890E-02
   3   1   3    6 C     3.67745555216E-01 -4.83083413239E-01  4.20288490611E-01
   4   1   4    6 C    -3.67745555216E-01  4.83083413239E-01 -7.97115093890E-02
   5   1   5    6 C    -3.67745555216E-01  1.69165867611E-02  4.20288490611E-01
   6   1   6    6 C     3.67745555216E-01 -1.69165867611E-02 -7.97115093890E-02
   7   1   7    6 C    -3.67745555216E-01  4.83083413239E-01 -4.20288490611E-01
   8   1   8    6 C     3.67745555216E-01 -4.83083413239E-01  7.97115093890E-02

   9   2   1    6 C     1.66256327369E-01 -1.72959723236E-01 -4.25144414869E-01
  10   2   2    6 C    -1.66256327369E-01  1.72959723236E-01  7.48555851312E-02
  11   2   3    6 C     1.66256327369E-01 -3.27040276764E-01  4.25144414869E-01
  12   2   4    6 C    -1.66256327369E-01  3.27040276764E-01 -7.48555851312E-02
  13   2   5    6 C    -1.66256327369E-01  1.72959723236E-01  4.25144414869E-01
  14   2   6    6 C     1.66256327369E-01 -1.72959723236E-01 -7.48555851312E-02
  15   2   7    6 C    -1.66256327369E-01  3.27040276764E-01 -4.25144414869E-01
  16   2   8    6 C     1.66256327369E-01 -3.27040276764E-01  7.48555851312E-02

  17   3   1    6 C     6.74048862523E-02  6.90108934965E-02 -4.31465401217E-01
  18   3   2    6 C    -6.74048862523E-02 -6.90108934965E-02  6.85345987835E-02
  19   3   3    6 C     6.74048862523E-02  4.30989106504E-01  4.31465401217E-01
  20   3   4    6 C    -6.74048862523E-02 -4.30989106504E-01 -6.85345987835E-02
  21   3   5    6 C    -6.74048862523E-02 -6.90108934965E-02  4.31465401217E-01
  22   3   6    6 C     6.74048862523E-02  6.90108934965E-02 -6.85345987835E-02
  23   3   7    6 C    -6.74048862523E-02 -4.30989106504E-01 -4.31465401217E-01
  24   3   8    6 C     6.74048862523E-02  4.30989106504E-01  6.85345987835E-02

 NUMBER OF SYMMETRY OPERATORS         :    8
 *******************************************************************************
 * GEOMETRY EDITING - INPUT COORDINATES ARE GIVEN IN ANGSTROM         
 *******************************************************************************

 GEOMETRY NOW FULLY CONSISTENT WITH THE GROUP

 GCALCO - MAX INDICES DIRECT LATTICE VECTOR    18     9    19
 NO.OF VECTORS CREATED 6999 STARS 1059 RMAX   126.21335 BOHR

 GEOMETRY FOR WAVE FUNCTION - DIMENSIONALITY OF THE SYSTEM    3
 (NON PERIODIC DIRECTION: LATTICE PARAMETER FORMALLY SET TO 500)
 *******************************************************************************
 LATTICE PARAMETERS (ANGSTROMS AND DEGREES) - BOHR = 0.5291772083 ANGSTROM
 PRIMITIVE CELL - CENTRING CODE 1/0 VOLUME=   178.500669 - DENSITY  2.679 g/cm^3
         A              B              C           ALPHA      BETA       GAMMA 
     4.65020947     8.64339472     4.44102262    90.000000  90.000000  90.000000
 *******************************************************************************
 ATOMS IN THE ASYMMETRIC UNIT    3 - ATOMS IN THE UNIT CELL:   24
     ATOM                 X/A                 Y/B                 Z/C    
 *******************************************************************************
      1 T   6 C     3.677455552156E-01 -1.691658676109E-02 -4.202884906110E-01
      2 F   6 C    -3.677455552156E-01  1.691658676109E-02  7.971150938900E-02
      3 F   6 C     3.677455552156E-01 -4.830834132389E-01  4.202884906110E-01
      4 F   6 C    -3.677455552156E-01  4.830834132389E-01 -7.971150938900E-02
      5 F   6 C    -3.677455552156E-01  1.691658676109E-02  4.202884906110E-01
      6 F   6 C     3.677455552156E-01 -1.691658676109E-02 -7.971150938900E-02
      7 F   6 C    -3.677455552156E-01  4.830834132389E-01 -4.202884906110E-01
      8 F   6 C     3.677455552156E-01 -4.830834132389E-01  7.971150938900E-02
      9 T   6 C     1.662563273687E-01 -1.729597232357E-01 -4.251444148688E-01
     10 F   6 C    -1.662563273687E-01  1.729597232357E-01  7.485558513120E-02
     11 F   6 C     1.662563273687E-01 -3.270402767643E-01  4.251444148688E-01
     12 F   6 C    -1.662563273687E-01  3.270402767643E-01 -7.485558513120E-02
     13 F   6 C    -1.662563273687E-01  1.729597232357E-01  4.251444148688E-01
     14 F   6 C     1.662563273687E-01 -1.729597232357E-01 -7.485558513120E-02
     15 F   6 C    -1.662563273687E-01  3.270402767643E-01 -4.251444148688E-01
     16 F   6 C     1.662563273687E-01 -3.270402767643E-01  7.485558513120E-02
     17 T   6 C     6.740488625230E-02  6.901089349647E-02 -4.314654012165E-01
     18 F   6 C    -6.740488625230E-02 -6.901089349647E-02  6.853459878350E-02
     19 F   6 C     6.740488625230E-02  4.309891065035E-01  4.314654012165E-01
     20 F   6 C    -6.740488625230E-02 -4.309891065035E-01 -6.853459878350E-02
     21 F   6 C    -6.740488625230E-02 -6.901089349647E-02  4.314654012165E-01
     22 F   6 C     6.740488625230E-02  6.901089349647E-02 -6.853459878350E-02
     23 F   6 C    -6.740488625230E-02 -4.309891065035E-01 -4.314654012165E-01
     24 F   6 C     6.740488625230E-02  4.309891065035E-01  6.853459878350E-02

 T = ATOM BELONGING TO THE ASYMMETRIC UNIT

 ****    8 SYMMOPS - TRANSLATORS IN FRACTIONAL UNITS
 **** MATRICES AND TRANSLATORS IN THE CRYSTALLOGRAPHIC REFERENCE FRAME
   V INV                    ROTATION MATRICES                   TRANSLATORS
   1   1  1.00  0.00  0.00  0.00  1.00  0.00  0.00  0.00  1.00  0.00  0.00  0.00
   2   2 -1.00  0.00  0.00  0.00 -1.00  0.00  0.00  0.00  1.00  0.00  0.00  0.50
   3   3  1.00  0.00  0.00  0.00 -1.00  0.00  0.00  0.00 -1.00  0.00  0.50  0.00
   4   4 -1.00  0.00  0.00  0.00  1.00  0.00  0.00  0.00 -1.00  0.00  0.50  0.50
   5   5 -1.00  0.00  0.00  0.00 -1.00  0.00  0.00  0.00 -1.00  0.00  0.00  0.00
   6   6  1.00  0.00  0.00  0.00  1.00  0.00  0.00  0.00 -1.00  0.00  0.00  0.50
   7   7 -1.00  0.00  0.00  0.00  1.00  0.00  0.00  0.00  1.00  0.00  0.50  0.00
   8   8  1.00  0.00  0.00  0.00 -1.00  0.00  0.00  0.00  1.00  0.00  0.50  0.50

 DIRECT LATTICE VECTORS CARTESIAN COMPONENTS (ANGSTROM)
          X                    Y                    Z
   0.465020947000E+01   0.000000000000E+00   0.000000000000E+00
   0.000000000000E+00   0.864339472000E+01   0.000000000000E+00
   0.000000000000E+00   0.000000000000E+00   0.444102262000E+01


 CARTESIAN COORDINATES - PRIMITIVE CELL
 *******************************************************************************
 *      ATOM          X(ANGSTROM)         Y(ANGSTROM)         Z(ANGSTROM)
 *******************************************************************************
    1     6 C     1.710093863414E+00 -1.462167366912E-01 -1.866510693729E+00
    2     6 C    -1.710093863414E+00  1.462167366912E-01  3.540006162709E-01
    3     6 C     1.710093863414E+00 -4.175480623309E+00  1.866510693729E+00
    4     6 C    -1.710093863414E+00  4.175480623309E+00 -3.540006162709E-01
    5     6 C    -1.710093863414E+00  1.462167366912E-01  1.866510693729E+00
    6     6 C     1.710093863414E+00 -1.462167366912E-01 -3.540006162709E-01
    7     6 C    -1.710093863414E+00  4.175480623309E+00 -1.866510693729E+00
    8     6 C     1.710093863414E+00 -4.175480623309E+00  3.540006162709E-01
    9     6 C     7.731267479773E-01 -1.494959158588E+00 -1.888075963199E+00
   10     6 C    -7.731267479773E-01  1.494959158588E+00  3.324353468010E-01
   11     6 C     7.731267479773E-01 -2.826738201412E+00  1.888075963199E+00
   12     6 C    -7.731267479773E-01  2.826738201412E+00 -3.324353468010E-01
   13     6 C    -7.731267479773E-01  1.494959158588E+00  1.888075963199E+00
   14     6 C     7.731267479773E-01 -1.494959158588E+00 -3.324353468010E-01
   15     6 C    -7.731267479773E-01  2.826738201412E+00 -1.888075963199E+00
   16     6 C     7.731267479773E-01 -2.826738201412E+00  3.324353468010E-01
   17     6 C     3.134468403747E-01  5.964883924699E-01 -1.916147606550E+00
   18     6 C    -3.134468403747E-01 -5.964883924699E-01  3.043637034501E-01
   19     6 C     3.134468403747E-01  3.725208967530E+00  1.916147606550E+00
   20     6 C    -3.134468403747E-01 -3.725208967530E+00 -3.043637034501E-01
   21     6 C    -3.134468403747E-01 -5.964883924699E-01  1.916147606550E+00
   22     6 C     3.134468403747E-01  5.964883924699E-01 -3.043637034501E-01
   23     6 C    -3.134468403747E-01 -3.725208967530E+00 -1.916147606550E+00
   24     6 C     3.134468403747E-01  3.725208967530E+00  3.043637034501E-01

 *******************************************************************************
 LOCAL ATOMIC FUNCTIONS BASIS SET
 *******************************************************************************
   ATOM   X(AU)   Y(AU)   Z(AU)  N. TYPE  EXPONENT  S COEF   P COEF   D/F/G COEF
 *******************************************************************************
   1 C    3.232  -0.276  -3.527
                                  1 S  
                                         1.358E+04 2.225E-04 0.000E+00 0.000E+00
                                         2.035E+03 1.723E-03 0.000E+00 0.000E+00
                                         4.632E+02 8.926E-03 0.000E+00 0.000E+00
                                         1.312E+02 3.573E-02 0.000E+00 0.000E+00
                                         4.285E+01 1.108E-01 0.000E+00 0.000E+00
                                         1.558E+01 2.430E-01 0.000E+00 0.000E+00
                                  2 S  
                                         6.207E+00 4.144E-01 0.000E+00 0.000E+00
                                         2.576E+00 2.374E-01 0.000E+00 0.000E+00
                                  3 S  
                                         4.941E-01 1.000E+00 0.000E+00 0.000E+00
                                  4 S  
                                         1.644E-01 1.000E+00 0.000E+00 0.000E+00
                           5-     7 P  
                                         3.470E+01 0.000E+00 5.333E-03 0.000E+00
                                         7.958E+00 0.000E+00 3.586E-02 0.000E+00
                                         2.378E+00 0.000E+00 1.422E-01 0.000E+00
                                         8.143E-01 0.000E+00 3.427E-01 0.000E+00
                           8-    10 P  
                                         5.662E-01 0.000E+00 1.000E+00 0.000E+00
                          11-    13 P  
                                         2.674E-01 0.000E+00 1.000E+00 0.000E+00
                          14-    18 D  
                                         8.792E-01 0.000E+00 0.000E+00 1.000E+00
   2 C   -3.232   0.276   0.669
   3 C    3.232  -7.891   3.527
   4 C   -3.232   7.891  -0.669
   5 C   -3.232   0.276   3.527
   6 C    3.232  -0.276  -0.669
   7 C   -3.232   7.891  -3.527
   8 C    3.232  -7.891   0.669
   9 C    1.461  -2.825  -3.568
  10 C   -1.461   2.825   0.628
  11 C    1.461  -5.342   3.568
  12 C   -1.461   5.342  -0.628
  13 C   -1.461   2.825   3.568
  14 C    1.461  -2.825  -0.628
  15 C   -1.461   5.342  -3.568
  16 C    1.461  -5.342   0.628
  17 C    0.592   1.127  -3.621
  18 C   -0.592  -1.127   0.575
  19 C    0.592   7.040   3.621
  20 C   -0.592  -7.040  -0.575
  21 C   -0.592  -1.127   3.621
  22 C    0.592   1.127  -0.575
  23 C   -0.592  -7.040  -3.621
  24 C    0.592   7.040   0.575
 INFORMATION **** SET_MPP **** PCRYSTAL CALCULATION
 INFORMATION **** READM2 **** NEW DEFAULT: FOCK/KS MATRIX MIXING SET TO 30 %
 INFORMATION **** READM2 **** NEW DEFAULT: FULL DIRECT SCF MODE
 INFORMATION **** READM2 **** NEW DEFAULT: COULOMB BIPOLAR BUFFER SET TO 32 Mb
 INFORMATION **** READM2 **** NEW DEFAULT: EXCHANGE BIPOLAR BUFFER SET TO 32 Mb

 *******************************************************************************
 NEW DEFAULT: DFT INTEGRATION GRID INCREASED TO XLGRID
 NEW DEFAULT: DIIS ACCELERATOR ACTIVE
 USE KEYWORD NODIIS TO TURN IT OFF
 *******************************************************************************

 INFORMATION **** DFTD3_INPUT **** PERFORM LATEST DISPERSION CORRECTION DFT-D3(BJ) WITH AUTOMATIC PARAMETER SETUP
 PLEASE CITE:
 (1) DFT-D3 Reference
  S. Grimme, J. Antony, S. Ehrlich, and H. Krieg, J. Chem. Phys. 132 (2010), 154104
 (2) BJ-Damping Reference
  S. Grimme, S. Ehrlich, and L. Goerigk, J. Comput. Chem. 32 (2011), 1456-1465
 (3) General DFT-D Review
  S. Grimme, A. Hansen, J. G. Brandenburg, and C. Bannwarth,
  Chem. Rev. 116 (2016), 5105-5154

 INFORMATION **** TOLINTEG **** COULOMB AND EXCHANGE SERIES TOLERANCES MODIFIED
 INFORMATION **** TOLDEE **** SCF TOL ON TOTAL ENERGY SET TO           9
 INFORMATION **** READM2 **** FULL DIRECT SCF (MONO AND BIEL INT) SELECTED
 INFORMATION **** MAXCYCLE **** MAX NUMBER OF SCF CYCLES SET TO        1600
 INFORMATION **** DIIS **** DIIS FOR SCF ACTIVE
 INFORMATION **** DIIS **** LEVEL SHIFTER DISABLED
 INFORMATION **** PPAN ****  MULLIKEN POPULATION ANALYSIS AT THE END OF SCF
 *******************************************************************************
 N. OF ATOMS PER CELL        24  COULOMB OVERLAP TOL         (T1) 10**   -8
 NUMBER OF SHELLS           192  COULOMB PENETRATION TOL     (T2) 10**   -8
 NUMBER OF AO               432  EXCHANGE OVERLAP TOL        (T3) 10**   -8
 N. OF ELECTRONS PER CELL   144  EXCHANGE PSEUDO OVP (F(G))  (T4) 10**   -9
 CORE ELECTRONS PER CELL     48  EXCHANGE PSEUDO OVP (P(G))  (T5) 10**  -24
 N. OF SYMMETRY OPERATORS     8  POLE ORDER IN MONO ZONE                  4
 *******************************************************************************
 TYPE OF CALCULATION :  UNRESTRICTED OPEN SHELL
 KOHN-SHAM HAMILTONIAN

 (EXCHANGE)[CORRELATION] FUNCTIONAL:(BECKE 88)[LEE-YANG-PARR]

 NON-LOCAL WEIGHTING FACTOR (EXCHANGE) =           0.9000
 NON-LOCAL WEIGHTING FACTOR [CORRELATION] =        0.8100

 HYBRID EXCHANGE - PERCENTAGE OF FOCK EXCHANGE    20.0000

 SPIN POLARIZED DFT SELECTED

 CAPPA:IS1 10;IS2 10;IS3 10; K PTS MONK NET 216; SYMMOPS:K SPACE   8;G SPACE   8

 *******************************************************************************
 MAX NUMBER OF SCF CYCLES    1600  CONVERGENCE ON DELTAP        10**-19
 WEIGHT OF F(I) IN F(I+1)      30% CONVERGENCE ON ENERGY        10**- 9
 SHRINK. FACT.(MONKH.)   10 10 10  NUMBER OF K POINTS IN THE IBZ    216
 SHRINKING FACTOR(GILAT NET)   20  NUMBER OF K POINTS(GILAT NET)   1331
 *******************************************************************************
 *** K POINTS COORDINATES (OBLIQUE COORDINATES IN UNITS OF IS = 10)
   1-R(  0  0  0)   2-C(  1  0  0)   3-C(  2  0  0)   4-C(  3  0  0)
   5-C(  4  0  0)   6-R(  5  0  0)   7-C(  0  1  0)   8-C(  1  1  0)
   9-C(  2  1  0)  10-C(  3  1  0)  11-C(  4  1  0)  12-C(  5  1  0)
  13-C(  0  2  0)  14-C(  1  2  0)  15-C(  2  2  0)  16-C(  3  2  0)
  17-C(  4  2  0)  18-C(  5  2  0)  19-C(  0  3  0)  20-C(  1  3  0)
  21-C(  2  3  0)  22-C(  3  3  0)  23-C(  4  3  0)  24-C(  5  3  0)
  25-C(  0  4  0)  26-C(  1  4  0)  27-C(  2  4  0)  28-C(  3  4  0)
  29-C(  4  4  0)  30-C(  5  4  0)  31-R(  0  5  0)  32-C(  1  5  0)
  33-C(  2  5  0)  34-C(  3  5  0)  35-C(  4  5  0)  36-R(  5  5  0)
  37-C(  0  0  1)  38-C(  1  0  1)  39-C(  2  0  1)  40-C(  3  0  1)
  41-C(  4  0  1)  42-C(  5  0  1)  43-C(  0  1  1)  44-C(  1  1  1)
  45-C(  2  1  1)  46-C(  3  1  1)  47-C(  4  1  1)  48-C(  5  1  1)
  49-C(  0  2  1)  50-C(  1  2  1)  51-C(  2  2  1)  52-C(  3  2  1)
  53-C(  4  2  1)  54-C(  5  2  1)  55-C(  0  3  1)  56-C(  1  3  1)
  57-C(  2  3  1)  58-C(  3  3  1)  59-C(  4  3  1)  60-C(  5  3  1)
  61-C(  0  4  1)  62-C(  1  4  1)  63-C(  2  4  1)  64-C(  3  4  1)
  65-C(  4  4  1)  66-C(  5  4  1)  67-C(  0  5  1)  68-C(  1  5  1)
  69-C(  2  5  1)  70-C(  3  5  1)  71-C(  4  5  1)  72-C(  5  5  1)
  73-C(  0  0  2)  74-C(  1  0  2)  75-C(  2  0  2)  76-C(  3  0  2)
  77-C(  4  0  2)  78-C(  5  0  2)  79-C(  0  1  2)  80-C(  1  1  2)
  81-C(  2  1  2)  82-C(  3  1  2)  83-C(  4  1  2)  84-C(  5  1  2)
  85-C(  0  2  2)  86-C(  1  2  2)  87-C(  2  2  2)  88-C(  3  2  2)
  89-C(  4  2  2)  90-C(  5  2  2)  91-C(  0  3  2)  92-C(  1  3  2)
  93-C(  2  3  2)  94-C(  3  3  2)  95-C(  4  3  2)  96-C(  5  3  2)
  97-C(  0  4  2)  98-C(  1  4  2)  99-C(  2  4  2) 100-C(  3  4  2)
 101-C(  4  4  2) 102-C(  5  4  2) 103-C(  0  5  2) 104-C(  1  5  2)
 105-C(  2  5  2) 106-C(  3  5  2) 107-C(  4  5  2) 108-C(  5  5  2)
 109-C(  0  0  3) 110-C(  1  0  3) 111-C(  2  0  3) 112-C(  3  0  3)
 113-C(  4  0  3) 114-C(  5  0  3) 115-C(  0  1  3) 116-C(  1  1  3)
 117-C(  2  1  3) 118-C(  3  1  3) 119-C(  4  1  3) 120-C(  5  1  3)
 121-C(  0  2  3) 122-C(  1  2  3) 123-C(  2  2  3) 124-C(  3  2  3)
 125-C(  4  2  3) 126-C(  5  2  3) 127-C(  0  3  3) 128-C(  1  3  3)
 129-C(  2  3  3) 130-C(  3  3  3) 131-C(  4  3  3) 132-C(  5  3  3)
 133-C(  0  4  3) 134-C(  1  4  3) 135-C(  2  4  3) 136-C(  3  4  3)
 137-C(  4  4  3) 138-C(  5  4  3) 139-C(  0  5  3) 140-C(  1  5  3)
 141-C(  2  5  3) 142-C(  3  5  3) 143-C(  4  5  3) 144-C(  5  5  3)
 145-C(  0  0  4) 146-C(  1  0  4) 147-C(  2  0  4) 148-C(  3  0  4)
 149-C(  4  0  4) 150-C(  5  0  4) 151-C(  0  1  4) 152-C(  1  1  4)
 153-C(  2  1  4) 154-C(  3  1  4) 155-C(  4  1  4) 156-C(  5  1  4)
 157-C(  0  2  4) 158-C(  1  2  4) 159-C(  2  2  4) 160-C(  3  2  4)
 161-C(  4  2  4) 162-C(  5  2  4) 163-C(  0  3  4) 164-C(  1  3  4)
 165-C(  2  3  4) 166-C(  3  3  4) 167-C(  4  3  4) 168-C(  5  3  4)
 169-C(  0  4  4) 170-C(  1  4  4) 171-C(  2  4  4) 172-C(  3  4  4)
 173-C(  4  4  4) 174-C(  5  4  4) 175-C(  0  5  4) 176-C(  1  5  4)
 177-C(  2  5  4) 178-C(  3  5  4) 179-C(  4  5  4) 180-C(  5  5  4)
 181-R(  0  0  5) 182-C(  1  0  5) 183-C(  2  0  5) 184-C(  3  0  5)
 185-C(  4  0  5) 186-R(  5  0  5) 187-C(  0  1  5) 188-C(  1  1  5)
 189-C(  2  1  5) 190-C(  3  1  5) 191-C(  4  1  5) 192-C(  5  1  5)
 193-C(  0  2  5) 194-C(  1  2  5) 195-C(  2  2  5) 196-C(  3  2  5)
 197-C(  4  2  5) 198-C(  5  2  5) 199-C(  0  3  5) 200-C(  1  3  5)
 201-C(  2  3  5) 202-C(  3  3  5) 203-C(  4  3  5) 204-C(  5  3  5)
 205-C(  0  4  5) 206-C(  1  4  5) 207-C(  2  4  5) 208-C(  3  4  5)
 209-C(  4  4  5) 210-C(  5  4  5) 211-R(  0  5  5) 212-C(  1  5  5)
 213-C(  2  5  5) 214-C(  3  5  5) 215-C(  4  5  5) 216-R(  5  5  5)

 DIRECT LATTICE VECTORS COMPON. (A.U.)     RECIP. LATTICE VECTORS COMPON. (A.U.) 
        X            Y            Z              X            Y            Z
    8.7876224    0.0000000    0.0000000      0.7150040    0.0000000    0.0000000
    0.0000000   16.3336489    0.0000000      0.0000000    0.3846774    0.0000000
    0.0000000    0.0000000    8.3923165      0.0000000    0.0000000    0.7486831

 DISK SPACE FOR EIGENVECTORS (FTN 10)    79128576 REALS

 SYMMETRY ADAPTION OF THE BLOCH FUNCTIONS ENABLED
 TTTTTTTTTTTTTTTTTTTTTTTTTTTTTT gordsh1     TELAPSE        1.36 TCPU        0.51

 MATRIX SIZE: P(G) 2183272, F(G)  248620, P(G) IRR  143685, F(G) IRR   32529
 MAX G-VECTOR INDEX FOR 1- AND 2-ELECTRON INTEGRALS 265

 TTTTTTTTTTTTTTTTTTTTTTTTTTTTTT INPUT       TELAPSE        1.37 TCPU        0.52

 NEIGHBORS OF THE NON-EQUIVALENT ATOMS

 N = NUMBER OF NEIGHBORS AT DISTANCE R
    ATOM  N     R/ANG      R/AU   NEIGHBORS (ATOM LABELS AND CELL INDICES)
   1 C    1     1.4490     2.7383    5 C    1 0-1
   1 C    1     1.5125     2.8582    6 C    0 0 0
   1 C    1     1.5826     2.9907   17 C    0 0 0
   1 C    1     1.6424     3.1037    9 C    0 0 0
   1 C    1     2.1751     4.1103   21 C    0 0-1
   1 C    1     2.2232     4.2012   22 C    0 0 0

   9 C    1     1.4885     2.8129   11 C    0 0-1
   9 C    1     1.5471     2.9235   21 C    0 0-1
   9 C    1     1.5556     2.9397   14 C    0 0 0
   9 C    1     1.6424     3.1037    1 C    0 0 0
   9 C    1     2.1416     4.0469   17 C    0 0 0
   9 C    1     2.2473     4.2468    6 C    0 0 0

  17 C    1     1.4788     2.7945   21 C    0 0-1
  17 C    1     1.5471     2.9235   13 C    0 0-1
  17 C    1     1.5826     2.9907    1 C    0 0 0
  17 C    1     1.6118     3.0458   22 C    0 0 0
  17 C    1     2.1416     4.0469    9 C    0 0 0
  17 C    1     2.1751     4.1103    5 C    0 0-1


 SYMMETRY ALLOWED INTERNAL DEGREE(S) OF FREEDOM:   9
 TTTTTTTTTTTTTTTTTTTTTTTTTTTTTT SYMM        TELAPSE        1.46 TCPU        0.59
 TTTTTTTTTTTTTTTTTTTTTTTTTTTTTT INT_SCREEN  TELAPSE        1.46 TCPU        0.60

 DFT PARAMETERS

     ATOM       ELECTRONS   NET CHARGE   R(ANGSTROM)
   1   6  C       6.0000      0.0000     0.77000000

 SIZE OF GRID=      85336
 TTTTTTTTTTTTTTTTTTTTTTTTTTTTTT MAKE_GRID2  TELAPSE        1.76 TCPU        0.89
 BECKE WEIGHT FUNCTION
 RADSAFE =     2.00
 TOLERANCES - DENSITY:10**- 6; POTENTIAL:10**- 9; GRID WGT:10**-14

 RADIAL INTEGRATION  - INTERVALS (POINTS,UPPER LIMIT):            1( 75,  4.0*R)

 ANGULAR INTEGRATION - INTERVALS (ACCURACY LEVEL [N. POINTS] UPPER LIMIT):
  1(  4[  86]   0.2)  2(  8[ 194]   0.5)  3( 12[ 350]   0.9)  4( 16[ 974]   3.5)
  5( 12[ 350]9999.0)
 TTTTTTTTTTTTTTTTTTTTTTTTTTTTTT INT_CALC    TELAPSE        1.78 TCPU        0.91
 EEEEEEEEEE INT_CALC TERMINATION  DATE 22 01 2026 TIME 11:11:32.3

 *******************************************************************************
 ./4^3T143-CA_rev1_sp_B3LYP-D3-D3_optimized                                      
 CRYSTAL - SCF - TYPE OF CALCULATION :  UNRESTRICTED OPEN SHELL
 *******************************************************************************

 CAPPA:IS1 10;IS2 10;IS3 10; K PTS MONK NET 216; SYMMOPS:K SPACE   8;G SPACE   8

 TTTTTTTTTTTTTTTTTTTTTTTTTTTTTT SDIK        TELAPSE        2.43 TCPU        1.49

 AAAAAAAAAAAAAAAAAAAAAAAAAAAAAAAAAAAAAAAAAAAAAAAAAAAAAAAAAAAAAAAAAAAAAAAAAAAAAAA
         ATOMIC WAVEFUNCTION(S)


 NUCLEAR CHARGE  6.0  SYMMETRY SPECIES            S    P
 N. ELECTRONS    6.0  NUMBER OF PRIMITIVE GTOS   10    6
                      NUMBER OF CONTRACTED GTOS   4    3
                      NUMBER OF CLOSED SHELLS     2    0
                      OPEN SHELL OCCUPATION       0    2

  ZNUC  SCFIT    TOTAL HF ENERGY   KINETIC ENERGY   VIRIAL THEOREM ACCURACY
   6.0    10    -3.766702350E+01  3.783137943E+01 -1.995655566E+00  1.6E-06

 AAAAAAAAAAAAAAAAAAAAAAAAAAAAAAAAAAAAAAAAAAAAAAAAAAAAAAAAAAAAAAAAAAAAAAAAAAAAAAA

 CHARGE NORMALIZATION FACTOR   1.00000000
 TOTAL ATOMIC CHARGES:
   6.0000000   6.0000000   6.0000000   6.0000000   6.0000000   6.0000000
   6.0000000   6.0000000   6.0000000   6.0000000   6.0000000   6.0000000
   6.0000000   6.0000000   6.0000000   6.0000000   6.0000000   6.0000000
   6.0000000   6.0000000   6.0000000   6.0000000   6.0000000   6.0000000
 SUMMED SPIN DENSITY           0.00000000
 TOTAL ATOMIC SPINS  :
   0.0000000   0.0000000   0.0000000   0.0000000   0.0000000   0.0000000
   0.0000000   0.0000000   0.0000000   0.0000000   0.0000000   0.0000000
   0.0000000   0.0000000   0.0000000   0.0000000   0.0000000   0.0000000
   0.0000000   0.0000000   0.0000000   0.0000000   0.0000000   0.0000000
 TTTTTTTTTTTTTTTTTTTTTTTTTTTTTT MOQGAD      TELAPSE        2.44 TCPU        1.50
 TTTTTTTTTTTTTTTTTTTTTTTTTTTTTT SHELLXN     TELAPSE       41.95 TCPU       40.99
 TTTTTTTTTTTTTTTTTTTTTTTTTTTTTT MONMO3      TELAPSE       42.02 TCPU       41.06
 NUMERICALLY INTEGRATED DENSITY     72.0000552883     72.0000552883
 TTTTTTTTTTTTTTTTTTTTTTTTTTTTTT NUMDFT      TELAPSE       42.69 TCPU       41.74
 CYC   0 ETOT(AU) -9.215471079069E+02 DETOT -9.22E+02 tst  0.00E+00 PX  1.00E+00
 TTTTTTTTTTTTTTTTTTTTTTTTTTTTTT DIIS        TELAPSE       43.03 TCPU       42.01
 TTTTTTTTTTTTTTTTTTTTTTTTTTTTTT FDIK        TELAPSE       51.04 TCPU       49.83

    ALPHA      ELECTRONS
 INSULATING STATE
 TOP OF VALENCE BANDS -    BAND     72; K   18; EIG -1.8864157E-01 AU
 TOP OF VALENCE BANDS -    BAND     72; K    1; EIG -1.9292855E-01 AU
 BOTTOM OF VIRTUAL BANDS - BAND     73; K   36; EIG -5.9948953E-02 AU
 INDIRECT ENERGY BAND GAP:   3.5019 eV
 BOTTOM OF VIRTUAL BANDS - BAND     73; K    1; EIG -5.5814527E-02 AU

    BETA       ELECTRONS
 INSULATING STATE
 TOP OF VALENCE BANDS -    BAND     72; K   18; EIG -1.8864157E-01 AU
 TOP OF VALENCE BANDS -    BAND     72; K    1; EIG -1.9292855E-01 AU
 BOTTOM OF VIRTUAL BANDS - BAND     73; K   36; EIG -5.9948953E-02 AU
 INDIRECT ENERGY BAND GAP:   3.5019 eV
 BOTTOM OF VIRTUAL BANDS - BAND     73; K    1; EIG -5.5814527E-02 AU
 TTTTTTTTTTTTTTTTTTTTTTTTTTTTTT PDIG        TELAPSE       51.62 TCPU       50.33
 CHARGE NORMALIZATION FACTOR   1.00000000
 TOTAL ATOMIC CHARGES:
   6.0172650   6.0172650   6.0172650   6.0172650   6.0172650   6.0172650
   6.0172650   6.0172650   5.9354773   5.9354773   5.9354773   5.9354773
   5.9354773   5.9354773   5.9354773   5.9354773   6.0472577   6.0472577
   6.0472577   6.0472577   6.0472577   6.0472577   6.0472577   6.0472577
 SUMMED SPIN DENSITY           0.00000000
 TOTAL ATOMIC SPINS  :
  -0.0000000  -0.0000000  -0.0000000  -0.0000000  -0.0000000  -0.0000000
  -0.0000000  -0.0000000   0.0000000   0.0000000   0.0000000   0.0000000
   0.0000000   0.0000000   0.0000000   0.0000000   0.0000000   0.0000000
   0.0000000   0.0000000   0.0000000   0.0000000   0.0000000   0.0000000
 TTTTTTTTTTTTTTTTTTTTTTTTTTTTTT MOQGAD      TELAPSE       51.63 TCPU       50.34
 TTTTTTTTTTTTTTTTTTTTTTTTTTTTTT SHELLXN     TELAPSE       92.24 TCPU       90.91
 TTTTTTTTTTTTTTTTTTTTTTTTTTTTTT MONMO3      TELAPSE       92.30 TCPU       90.97
 NUMERICALLY INTEGRATED DENSITY     72.0000364640     72.0000364640
 TTTTTTTTTTTTTTTTTTTTTTTTTTTTTT NUMDFT      TELAPSE       92.98 TCPU       91.65
 CYC   1 ETOT(AU) -9.134318698632E+02 DETOT  8.12E+00 tst  0.00E+00 PX  1.00E+00
 TTTTTTTTTTTTTTTTTTTTTTTTTTTTTT DIIS        TELAPSE       93.34 TCPU       91.97
 DIIS TEST: 0.33529E+00 AT SCF   CYCLE   1 - MIX   30 %
 TTTTTTTTTTTTTTTTTTTTTTTTTTTTTT FDIK        TELAPSE       96.58 TCPU       94.95

    ALPHA      ELECTRONS
 INSULATING STATE
 TOP OF VALENCE BANDS -    BAND     72; K    1; EIG -1.1905200E-01 AU
 BOTTOM OF VIRTUAL BANDS - BAND     73; K   36; EIG  3.7030133E-02 AU
 INDIRECT ENERGY BAND GAP:   4.2472 eV
 BOTTOM OF VIRTUAL BANDS - BAND     73; K    1; EIG  3.7057472E-02 AU

    BETA       ELECTRONS
 INSULATING STATE
 TOP OF VALENCE BANDS -    BAND     72; K    1; EIG -1.1905200E-01 AU
 BOTTOM OF VIRTUAL BANDS - BAND     73; K   36; EIG  3.7030133E-02 AU
 INDIRECT ENERGY BAND GAP:   4.2472 eV
 BOTTOM OF VIRTUAL BANDS - BAND     73; K    1; EIG  3.7057472E-02 AU
 TTTTTTTTTTTTTTTTTTTTTTTTTTTTTT PDIG        TELAPSE       97.14 TCPU       95.48
 CHARGE NORMALIZATION FACTOR   1.00000000
 TOTAL ATOMIC CHARGES:
   6.0027838   6.0027838   6.0027838   6.0027838   6.0027838   6.0027838
   6.0027838   6.0027838   5.9960106   5.9960106   5.9960106   5.9960106
   5.9960106   5.9960106   5.9960106   5.9960106   6.0012056   6.0012056
   6.0012056   6.0012056   6.0012056   6.0012056   6.0012056   6.0012056
 SUMMED SPIN DENSITY           0.00000000
 TOTAL ATOMIC SPINS  :
   0.0000000   0.0000000   0.0000000   0.0000000   0.0000000   0.0000000
   0.0000000   0.0000000  -0.0000000  -0.0000000  -0.0000000  -0.0000000
  -0.0000000  -0.0000000  -0.0000000  -0.0000000  -0.0000000  -0.0000000
  -0.0000000  -0.0000000  -0.0000000  -0.0000000  -0.0000000  -0.0000000
 TTTTTTTTTTTTTTTTTTTTTTTTTTTTTT MOQGAD      TELAPSE       97.15 TCPU       95.49
 TTTTTTTTTTTTTTTTTTTTTTTTTTTTTT SHELLXN     TELAPSE      137.86 TCPU      136.14
 TTTTTTTTTTTTTTTTTTTTTTTTTTTTTT MONMO3      TELAPSE      137.92 TCPU      136.20
 NUMERICALLY INTEGRATED DENSITY     72.0000401666     72.0000401666
 TTTTTTTTTTTTTTTTTTTTTTTTTTTTTT NUMDFT      TELAPSE      138.61 TCPU      136.88
 CYC   2 ETOT(AU) -9.134721720198E+02 DETOT -4.03E-02 tst  2.22E-04 PX  7.91E-02
 TTTTTTTTTTTTTTTTTTTTTTTTTTTTTT DIIS        TELAPSE      138.90 TCPU      137.09
 DIIS TEST: 0.10302E+00 AT SCF   CYCLE   2 - DIIS ACTIVE - HISTORY:     2 CYCLES
 TTTTTTTTTTTTTTTTTTTTTTTTTTTTTT FDIK        TELAPSE      142.12 TCPU      140.19

    ALPHA      ELECTRONS
 INSULATING STATE
 TOP OF VALENCE BANDS -    BAND     72; K   18; EIG -1.0403958E-01 AU
 TOP OF VALENCE BANDS -    BAND     72; K    1; EIG -1.0749288E-01 AU
 BOTTOM OF VIRTUAL BANDS - BAND     73; K   36; EIG  7.0612297E-02 AU
 INDIRECT ENERGY BAND GAP:   4.7525 eV
 BOTTOM OF VIRTUAL BANDS - BAND     73; K    1; EIG  7.4751691E-02 AU

    BETA       ELECTRONS
 INSULATING STATE
 TOP OF VALENCE BANDS -    BAND     72; K   18; EIG -1.0403958E-01 AU
 TOP OF VALENCE BANDS -    BAND     72; K    1; EIG -1.0749288E-01 AU
 BOTTOM OF VIRTUAL BANDS - BAND     73; K   36; EIG  7.0612297E-02 AU
 INDIRECT ENERGY BAND GAP:   4.7525 eV
 BOTTOM OF VIRTUAL BANDS - BAND     73; K    1; EIG  7.4751691E-02 AU
 TTTTTTTTTTTTTTTTTTTTTTTTTTTTTT PDIG        TELAPSE      142.64 TCPU      140.70
 CHARGE NORMALIZATION FACTOR   1.00000000
 TOTAL ATOMIC CHARGES:
   6.0049536   6.0049536   6.0049536   6.0049536   6.0049536   6.0049536
   6.0049536   6.0049536   5.9510788   5.9510788   5.9510788   5.9510788
   5.9510788   5.9510788   5.9510788   5.9510788   6.0439676   6.0439676
   6.0439676   6.0439676   6.0439676   6.0439676   6.0439676   6.0439676
 SUMMED SPIN DENSITY           0.00000000
 TOTAL ATOMIC SPINS  :
   0.0000000   0.0000000   0.0000000   0.0000000   0.0000000   0.0000000
   0.0000000   0.0000000  -0.0000000  -0.0000000  -0.0000000  -0.0000000
  -0.0000000  -0.0000000  -0.0000000  -0.0000000  -0.0000000  -0.0000000
  -0.0000000  -0.0000000  -0.0000000  -0.0000000  -0.0000000  -0.0000000
 TTTTTTTTTTTTTTTTTTTTTTTTTTTTTT MOQGAD      TELAPSE      142.65 TCPU      140.71
 TTTTTTTTTTTTTTTTTTTTTTTTTTTTTT SHELLXN     TELAPSE      183.48 TCPU      181.48
 TTTTTTTTTTTTTTTTTTTTTTTTTTTTTT MONMO3      TELAPSE      183.54 TCPU      181.55
 NUMERICALLY INTEGRATED DENSITY     72.0000407485     72.0000407485
 TTTTTTTTTTTTTTTTTTTTTTTTTTTTTT NUMDFT      TELAPSE      184.23 TCPU      182.23
 CYC   3 ETOT(AU) -9.134773906269E+02 DETOT -5.22E-03 tst  1.16E-04 PX  2.51E-02
 TTTTTTTTTTTTTTTTTTTTTTTTTTTTTT DIIS        TELAPSE      184.51 TCPU      182.44
 DIIS TEST: 0.23816E-01 AT SCF   CYCLE   3 - DIIS ACTIVE - HISTORY:     3 CYCLES
 TTTTTTTTTTTTTTTTTTTTTTTTTTTTTT FDIK        TELAPSE      187.53 TCPU      185.35

    ALPHA      ELECTRONS
 INSULATING STATE
 TOP OF VALENCE BANDS -    BAND     72; K   18; EIG -1.0916352E-01 AU
 TOP OF VALENCE BANDS -    BAND     72; K    1; EIG -1.1095937E-01 AU
 BOTTOM OF VIRTUAL BANDS - BAND     73; K   36; EIG  6.8529852E-02 AU
 INDIRECT ENERGY BAND GAP:   4.8353 eV
 BOTTOM OF VIRTUAL BANDS - BAND     73; K    1; EIG  7.0274180E-02 AU

    BETA       ELECTRONS
 INSULATING STATE
 TOP OF VALENCE BANDS -    BAND     72; K   18; EIG -1.0916352E-01 AU
 TOP OF VALENCE BANDS -    BAND     72; K    1; EIG -1.1095937E-01 AU
 BOTTOM OF VIRTUAL BANDS - BAND     73; K   36; EIG  6.8529852E-02 AU
 INDIRECT ENERGY BAND GAP:   4.8353 eV
 BOTTOM OF VIRTUAL BANDS - BAND     73; K    1; EIG  7.0274180E-02 AU
 TTTTTTTTTTTTTTTTTTTTTTTTTTTTTT PDIG        TELAPSE      188.05 TCPU      185.87
 CHARGE NORMALIZATION FACTOR   1.00000000
 TOTAL ATOMIC CHARGES:
   5.9991859   5.9991859   5.9991859   5.9991859   5.9991859   5.9991859
   5.9991859   5.9991859   5.9764855   5.9764855   5.9764855   5.9764855
   5.9764855   5.9764855   5.9764855   5.9764855   6.0243286   6.0243286
   6.0243286   6.0243286   6.0243286   6.0243286   6.0243286   6.0243286
 SUMMED SPIN DENSITY           0.00000000
 TOTAL ATOMIC SPINS  :
   0.0000000   0.0000000   0.0000000   0.0000000   0.0000000   0.0000000
   0.0000000   0.0000000  -0.0000000  -0.0000000  -0.0000000  -0.0000000
  -0.0000000  -0.0000000  -0.0000000  -0.0000000  -0.0000000  -0.0000000
  -0.0000000  -0.0000000  -0.0000000  -0.0000000  -0.0000000  -0.0000000
 TTTTTTTTTTTTTTTTTTTTTTTTTTTTTT MOQGAD      TELAPSE      188.06 TCPU      185.87
 TTTTTTTTTTTTTTTTTTTTTTTTTTTTTT SHELLXN     TELAPSE      229.30 TCPU      227.10
 TTTTTTTTTTTTTTTTTTTTTTTTTTTTTT MONMO3      TELAPSE      229.37 TCPU      227.17
 NUMERICALLY INTEGRATED DENSITY     72.0000403299     72.0000403299
 TTTTTTTTTTTTTTTTTTTTTTTTTTTTTT NUMDFT      TELAPSE      230.06 TCPU      227.86
 CYC   4 ETOT(AU) -9.134787223755E+02 DETOT -1.33E-03 tst  1.85E-05 PX  1.18E-02
 TTTTTTTTTTTTTTTTTTTTTTTTTTTTTT DIIS        TELAPSE      230.59 TCPU      228.17
 DIIS TEST: 0.25753E-02 AT SCF   CYCLE   4 - DIIS ACTIVE - HISTORY:     4 CYCLES
 TTTTTTTTTTTTTTTTTTTTTTTTTTTTTT FDIK        TELAPSE      233.68 TCPU      231.15

    ALPHA      ELECTRONS
 INSULATING STATE
 TOP OF VALENCE BANDS -    BAND     72; K   18; EIG -1.0835828E-01 AU
 TOP OF VALENCE BANDS -    BAND     72; K    1; EIG -1.1027311E-01 AU
 BOTTOM OF VIRTUAL BANDS - BAND     73; K   36; EIG  6.8680565E-02 AU
 INDIRECT ENERGY BAND GAP:   4.8175 eV
 BOTTOM OF VIRTUAL BANDS - BAND     73; K    1; EIG  7.1186276E-02 AU

    BETA       ELECTRONS
 INSULATING STATE
 TOP OF VALENCE BANDS -    BAND     72; K   18; EIG -1.0835828E-01 AU
 TOP OF VALENCE BANDS -    BAND     72; K    1; EIG -1.1027311E-01 AU
 BOTTOM OF VIRTUAL BANDS - BAND     73; K   36; EIG  6.8680565E-02 AU
 INDIRECT ENERGY BAND GAP:   4.8175 eV
 BOTTOM OF VIRTUAL BANDS - BAND     73; K    1; EIG  7.1186276E-02 AU
 TTTTTTTTTTTTTTTTTTTTTTTTTTTTTT PDIG        TELAPSE      234.20 TCPU      231.65
 CHARGE NORMALIZATION FACTOR   1.00000000
 TOTAL ATOMIC CHARGES:
   6.0050018   6.0050018   6.0050018   6.0050018   6.0050018   6.0050018
   6.0050018   6.0050018   5.9682893   5.9682893   5.9682893   5.9682893
   5.9682893   5.9682893   5.9682893   5.9682893   6.0267089   6.0267089
   6.0267089   6.0267089   6.0267089   6.0267089   6.0267089   6.0267089
 SUMMED SPIN DENSITY           0.00000000
 TOTAL ATOMIC SPINS  :
   0.0000000   0.0000000   0.0000000   0.0000000   0.0000000   0.0000000
   0.0000000   0.0000000  -0.0000000  -0.0000000  -0.0000000  -0.0000000
  -0.0000000  -0.0000000  -0.0000000  -0.0000000   0.0000000   0.0000000
   0.0000000   0.0000000   0.0000000   0.0000000   0.0000000   0.0000000
 TTTTTTTTTTTTTTTTTTTTTTTTTTTTTT MOQGAD      TELAPSE      234.21 TCPU      231.65
 TTTTTTTTTTTTTTTTTTTTTTTTTTTTTT SHELLXN     TELAPSE      275.60 TCPU      272.99
 TTTTTTTTTTTTTTTTTTTTTTTTTTTTTT MONMO3      TELAPSE      275.67 TCPU      273.05
 NUMERICALLY INTEGRATED DENSITY     72.0000404401     72.0000404401
 TTTTTTTTTTTTTTTTTTTTTTTTTTTTTT NUMDFT      TELAPSE      276.35 TCPU      273.74
 CYC   5 ETOT(AU) -9.134788591651E+02 DETOT -1.37E-04 tst  1.77E-06 PX  2.41E-03
 TTTTTTTTTTTTTTTTTTTTTTTTTTTTTT DIIS        TELAPSE      276.62 TCPU      273.97
 DIIS TEST: 0.53632E-03 AT SCF   CYCLE   5 - DIIS ACTIVE - HISTORY:     5 CYCLES
 TTTTTTTTTTTTTTTTTTTTTTTTTTTTTT FDIK        TELAPSE      279.65 TCPU      276.93

    ALPHA      ELECTRONS
 INSULATING STATE
 TOP OF VALENCE BANDS -    BAND     72; K   18; EIG -1.0832900E-01 AU
 TOP OF VALENCE BANDS -    BAND     72; K    1; EIG -1.1034481E-01 AU
 BOTTOM OF VIRTUAL BANDS - BAND     73; K   36; EIG  6.8961253E-02 AU
 INDIRECT ENERGY BAND GAP:   4.8243 eV
 BOTTOM OF VIRTUAL BANDS - BAND     73; K    1; EIG  7.1338720E-02 AU

    BETA       ELECTRONS
 INSULATING STATE
 TOP OF VALENCE BANDS -    BAND     72; K   18; EIG -1.0832900E-01 AU
 TOP OF VALENCE BANDS -    BAND     72; K    1; EIG -1.1034481E-01 AU
 BOTTOM OF VIRTUAL BANDS - BAND     73; K   36; EIG  6.8961253E-02 AU
 INDIRECT ENERGY BAND GAP:   4.8243 eV
 BOTTOM OF VIRTUAL BANDS - BAND     73; K    1; EIG  7.1338720E-02 AU
 TTTTTTTTTTTTTTTTTTTTTTTTTTTTTT PDIG        TELAPSE      280.16 TCPU      277.43
 CHARGE NORMALIZATION FACTOR   1.00000000
 TOTAL ATOMIC CHARGES:
   6.0009634   6.0009634   6.0009634   6.0009634   6.0009634   6.0009634
   6.0009634   6.0009634   5.9703482   5.9703482   5.9703482   5.9703482
   5.9703482   5.9703482   5.9703482   5.9703482   6.0286884   6.0286884
   6.0286884   6.0286884   6.0286884   6.0286884   6.0286884   6.0286884
 SUMMED SPIN DENSITY           0.00000000
 TOTAL ATOMIC SPINS  :
   0.0000000   0.0000000   0.0000000   0.0000000   0.0000000   0.0000000
   0.0000000   0.0000000  -0.0000000  -0.0000000  -0.0000000  -0.0000000
  -0.0000000  -0.0000000  -0.0000000  -0.0000000   0.0000000   0.0000000
   0.0000000   0.0000000   0.0000000   0.0000000   0.0000000   0.0000000
 TTTTTTTTTTTTTTTTTTTTTTTTTTTTTT MOQGAD      TELAPSE      280.17 TCPU      277.44
 TTTTTTTTTTTTTTTTTTTTTTTTTTTTTT SHELLXN     TELAPSE      321.69 TCPU      318.89
 TTTTTTTTTTTTTTTTTTTTTTTTTTTTTT MONMO3      TELAPSE      321.76 TCPU      318.96
 NUMERICALLY INTEGRATED DENSITY     72.0000404670     72.0000404670
 TTTTTTTTTTTTTTTTTTTTTTTTTTTTTT NUMDFT      TELAPSE      322.45 TCPU      319.65
 CYC   6 ETOT(AU) -9.134788844348E+02 DETOT -2.53E-05 tst  3.63E-07 PX  9.93E-04
 TTTTTTTTTTTTTTTTTTTTTTTTTTTTTT DIIS        TELAPSE      322.71 TCPU      319.88
 DIIS TEST: 0.88203E-04 AT SCF   CYCLE   6 - DIIS ACTIVE - HISTORY:     6 CYCLES
 TTTTTTTTTTTTTTTTTTTTTTTTTTTTTT FDIK        TELAPSE      325.81 TCPU      322.90

    ALPHA      ELECTRONS
 INSULATING STATE
 TOP OF VALENCE BANDS -    BAND     72; K   18; EIG -1.0839086E-01 AU
 TOP OF VALENCE BANDS -    BAND     72; K    1; EIG -1.1031984E-01 AU
 BOTTOM OF VIRTUAL BANDS - BAND     73; K   36; EIG  6.8916644E-02 AU
 INDIRECT ENERGY BAND GAP:   4.8248 eV
 BOTTOM OF VIRTUAL BANDS - BAND     73; K    1; EIG  7.1295225E-02 AU

    BETA       ELECTRONS
 INSULATING STATE
 TOP OF VALENCE BANDS -    BAND     72; K   18; EIG -1.0839086E-01 AU
 TOP OF VALENCE BANDS -    BAND     72; K    1; EIG -1.1031984E-01 AU
 BOTTOM OF VIRTUAL BANDS - BAND     73; K   36; EIG  6.8916644E-02 AU
 INDIRECT ENERGY BAND GAP:   4.8248 eV
 BOTTOM OF VIRTUAL BANDS - BAND     73; K    1; EIG  7.1295225E-02 AU
 TTTTTTTTTTTTTTTTTTTTTTTTTTTTTT PDIG        TELAPSE      326.33 TCPU      323.41
 CHARGE NORMALIZATION FACTOR   1.00000000
 TOTAL ATOMIC CHARGES:
   6.0021180   6.0021180   6.0021180   6.0021180   6.0021180   6.0021180
   6.0021180   6.0021180   5.9701611   5.9701611   5.9701611   5.9701611
   5.9701611   5.9701611   5.9701611   5.9701611   6.0277208   6.0277208
   6.0277208   6.0277208   6.0277208   6.0277208   6.0277208   6.0277208
 SUMMED SPIN DENSITY           0.00000000
 TOTAL ATOMIC SPINS  :
   0.0000000   0.0000000   0.0000000   0.0000000   0.0000000   0.0000000
   0.0000000   0.0000000  -0.0000000  -0.0000000  -0.0000000  -0.0000000
  -0.0000000  -0.0000000  -0.0000000  -0.0000000  -0.0000000  -0.0000000
  -0.0000000  -0.0000000  -0.0000000  -0.0000000  -0.0000000  -0.0000000
 TTTTTTTTTTTTTTTTTTTTTTTTTTTTTT MOQGAD      TELAPSE      326.34 TCPU      323.41
 TTTTTTTTTTTTTTTTTTTTTTTTTTTTTT SHELLXN     TELAPSE      367.82 TCPU      364.87
 TTTTTTTTTTTTTTTTTTTTTTTTTTTTTT MONMO3      TELAPSE      367.89 TCPU      364.94
 NUMERICALLY INTEGRATED DENSITY     72.0000404600     72.0000404600
 TTTTTTTTTTTTTTTTTTTTTTTTTTTTTT NUMDFT      TELAPSE      368.57 TCPU      365.62
 CYC   7 ETOT(AU) -9.134788890956E+02 DETOT -4.66E-06 tst  4.27E-08 PX  2.57E-04
 TTTTTTTTTTTTTTTTTTTTTTTTTTTTTT DIIS        TELAPSE      368.90 TCPU      365.93
 DIIS TEST: 0.31191E-06 AT SCF   CYCLE   7 - DIIS ACTIVE - HISTORY:     7 CYCLES
 TTTTTTTTTTTTTTTTTTTTTTTTTTTTTT FDIK        TELAPSE      372.18 TCPU      369.13

    ALPHA      ELECTRONS
 INSULATING STATE
 TOP OF VALENCE BANDS -    BAND     72; K   18; EIG -1.0839466E-01 AU
 TOP OF VALENCE BANDS -    BAND     72; K    1; EIG -1.1032613E-01 AU
 BOTTOM OF VIRTUAL BANDS - BAND     73; K   36; EIG  6.8912578E-02 AU
 INDIRECT ENERGY BAND GAP:   4.8248 eV
 BOTTOM OF VIRTUAL BANDS - BAND     73; K    1; EIG  7.1289065E-02 AU

    BETA       ELECTRONS
 INSULATING STATE
 TOP OF VALENCE BANDS -    BAND     72; K   18; EIG -1.0839466E-01 AU
 TOP OF VALENCE BANDS -    BAND     72; K    1; EIG -1.1032613E-01 AU
 BOTTOM OF VIRTUAL BANDS - BAND     73; K   36; EIG  6.8912578E-02 AU
 INDIRECT ENERGY BAND GAP:   4.8248 eV
 BOTTOM OF VIRTUAL BANDS - BAND     73; K    1; EIG  7.1289065E-02 AU
 TTTTTTTTTTTTTTTTTTTTTTTTTTTTTT PDIG        TELAPSE      372.69 TCPU      369.64
 CHARGE NORMALIZATION FACTOR   1.00000000
 TOTAL ATOMIC CHARGES:
   6.0021078   6.0021078   6.0021078   6.0021078   6.0021078   6.0021078
   6.0021078   6.0021078   5.9701614   5.9701614   5.9701614   5.9701614
   5.9701614   5.9701614   5.9701614   5.9701614   6.0277308   6.0277308
   6.0277308   6.0277308   6.0277308   6.0277308   6.0277308   6.0277308
 SUMMED SPIN DENSITY           0.00000000
 TOTAL ATOMIC SPINS  :
  -0.0000000  -0.0000000  -0.0000000  -0.0000000  -0.0000000  -0.0000000
  -0.0000000  -0.0000000   0.0000000   0.0000000   0.0000000   0.0000000
   0.0000000   0.0000000   0.0000000   0.0000000   0.0000000   0.0000000
   0.0000000   0.0000000   0.0000000   0.0000000   0.0000000   0.0000000
 TTTTTTTTTTTTTTTTTTTTTTTTTTTTTT MOQGAD      TELAPSE      372.70 TCPU      369.65
 TTTTTTTTTTTTTTTTTTTTTTTTTTTTTT SHELLXN     TELAPSE      414.12 TCPU      411.05
 TTTTTTTTTTTTTTTTTTTTTTTTTTTTTT MONMO3      TELAPSE      414.19 TCPU      411.11
 NUMERICALLY INTEGRATED DENSITY     72.0000404610     72.0000404610
 TTTTTTTTTTTTTTTTTTTTTTTTTTTTTT NUMDFT      TELAPSE      414.88 TCPU      411.80
 CYC   8 ETOT(AU) -9.134788891280E+02 DETOT -3.24E-08 tst  1.21E-10 PX  2.19E-05
 TTTTTTTTTTTTTTTTTTTTTTTTTTTTTT DIIS        TELAPSE      415.18 TCPU      412.05
 DIIS TEST: 0.87961E-08 AT SCF   CYCLE   8 - DIIS ACTIVE - HISTORY:     8 CYCLES
 TTTTTTTTTTTTTTTTTTTTTTTTTTTTTT FDIK        TELAPSE      418.34 TCPU      415.10

    ALPHA      ELECTRONS
 INSULATING STATE
 TOP OF VALENCE BANDS -    BAND     72; K   18; EIG -1.0839929E-01 AU
 TOP OF VALENCE BANDS -    BAND     72; K    1; EIG -1.1033062E-01 AU
 BOTTOM OF VIRTUAL BANDS - BAND     73; K   36; EIG  6.8908750E-02 AU
 INDIRECT ENERGY BAND GAP:   4.8248 eV
 BOTTOM OF VIRTUAL BANDS - BAND     73; K    1; EIG  7.1285812E-02 AU

    BETA       ELECTRONS
 INSULATING STATE
 TOP OF VALENCE BANDS -    BAND     72; K   18; EIG -1.0839929E-01 AU
 TOP OF VALENCE BANDS -    BAND     72; K    1; EIG -1.1033062E-01 AU
 BOTTOM OF VIRTUAL BANDS - BAND     73; K   36; EIG  6.8908750E-02 AU
 INDIRECT ENERGY BAND GAP:   4.8248 eV
 BOTTOM OF VIRTUAL BANDS - BAND     73; K    1; EIG  7.1285812E-02 AU
 TTTTTTTTTTTTTTTTTTTTTTTTTTTTTT PDIG        TELAPSE      418.85 TCPU      415.59
 CHARGE NORMALIZATION FACTOR   1.00000000
 TOTAL ATOMIC CHARGES:
   6.0021028   6.0021028   6.0021028   6.0021028   6.0021028   6.0021028
   6.0021028   6.0021028   5.9701592   5.9701592   5.9701592   5.9701592
   5.9701592   5.9701592   5.9701592   5.9701592   6.0277379   6.0277379
   6.0277379   6.0277379   6.0277379   6.0277379   6.0277379   6.0277379
 SUMMED SPIN DENSITY           0.00000000
 TOTAL ATOMIC SPINS  :
  -0.0000000  -0.0000000  -0.0000000  -0.0000000  -0.0000000  -0.0000000
  -0.0000000  -0.0000000  -0.0000000  -0.0000000  -0.0000000  -0.0000000
  -0.0000000  -0.0000000  -0.0000000  -0.0000000   0.0000000   0.0000000
   0.0000000   0.0000000   0.0000000   0.0000000   0.0000000   0.0000000
 TTTTTTTTTTTTTTTTTTTTTTTTTTTTTT MOQGAD      TELAPSE      418.86 TCPU      415.59
 TTTTTTTTTTTTTTTTTTTTTTTTTTTTTT SHELLXN     TELAPSE      460.24 TCPU      456.95
 TTTTTTTTTTTTTTTTTTTTTTTTTTTTTT MONMO3      TELAPSE      460.30 TCPU      457.01
 NUMERICALLY INTEGRATED DENSITY     72.0000404611     72.0000404611
 TTTTTTTTTTTTTTTTTTTTTTTTTTTTTT NUMDFT      TELAPSE      460.99 TCPU      457.70
 CYC   9 ETOT(AU) -9.134788891431E+02 DETOT -1.51E-08 tst  1.03E-11 PX  4.45E-06
 TTTTTTTTTTTTTTTTTTTTTTTTTTTTTT DIIS        TELAPSE      461.31 TCPU      457.98
 DIIS TEST: 0.32384E-09 AT SCF   CYCLE   9 - DIIS ACTIVE - HISTORY:     9 CYCLES
 TTTTTTTTTTTTTTTTTTTTTTTTTTTTTT FDIK        TELAPSE      464.19 TCPU      460.77

    ALPHA      ELECTRONS
 INSULATING STATE
 TOP OF VALENCE BANDS -    BAND     72; K   18; EIG -1.0839950E-01 AU
 TOP OF VALENCE BANDS -    BAND     72; K    1; EIG -1.1033067E-01 AU
 BOTTOM OF VIRTUAL BANDS - BAND     73; K   36; EIG  6.8908568E-02 AU
 INDIRECT ENERGY BAND GAP:   4.8248 eV
 BOTTOM OF VIRTUAL BANDS - BAND     73; K    1; EIG  7.1285594E-02 AU

    BETA       ELECTRONS
 INSULATING STATE
 TOP OF VALENCE BANDS -    BAND     72; K   18; EIG -1.0839950E-01 AU
 TOP OF VALENCE BANDS -    BAND     72; K    1; EIG -1.1033067E-01 AU
 BOTTOM OF VIRTUAL BANDS - BAND     73; K   36; EIG  6.8908568E-02 AU
 INDIRECT ENERGY BAND GAP:   4.8248 eV
 BOTTOM OF VIRTUAL BANDS - BAND     73; K    1; EIG  7.1285594E-02 AU
 TTTTTTTTTTTTTTTTTTTTTTTTTTTTTT PDIG        TELAPSE      464.75 TCPU      461.24
 CHARGE NORMALIZATION FACTOR   1.00000000
 TOTAL ATOMIC CHARGES:
   6.0021032   6.0021032   6.0021032   6.0021032   6.0021032   6.0021032
   6.0021032   6.0021032   5.9701595   5.9701595   5.9701595   5.9701595
   5.9701595   5.9701595   5.9701595   5.9701595   6.0277373   6.0277373
   6.0277373   6.0277373   6.0277373   6.0277373   6.0277373   6.0277373
 SUMMED SPIN DENSITY           0.00000000
 TOTAL ATOMIC SPINS  :
   0.0000000   0.0000000   0.0000000   0.0000000   0.0000000   0.0000000
   0.0000000   0.0000000  -0.0000000  -0.0000000  -0.0000000  -0.0000000
  -0.0000000  -0.0000000  -0.0000000  -0.0000000   0.0000000   0.0000000
   0.0000000   0.0000000   0.0000000   0.0000000   0.0000000   0.0000000
 TTTTTTTTTTTTTTTTTTTTTTTTTTTTTT MOQGAD      TELAPSE      464.76 TCPU      461.25
 TTTTTTTTTTTTTTTTTTTTTTTTTTTTTT SHELLXN     TELAPSE      506.15 TCPU      502.55
 TTTTTTTTTTTTTTTTTTTTTTTTTTTTTT MONMO3      TELAPSE      506.21 TCPU      502.61
 NUMERICALLY INTEGRATED DENSITY     72.0000404610     72.0000404610
 TTTTTTTTTTTTTTTTTTTTTTTTTTTTTT NUMDFT      TELAPSE      506.90 TCPU      503.30
 CYC  10 ETOT(AU) -9.134788891446E+02 DETOT -1.52E-09 tst  1.47E-13 PX  8.32E-07
 TTTTTTTTTTTTTTTTTTTTTTTTTTTTTT DIIS        TELAPSE      507.22 TCPU      503.55
 DIIS TEST: 0.10610E-10 AT SCF   CYCLE  10 - DIIS ACTIVE - HISTORY:    10 CYCLES
 TTTTTTTTTTTTTTTTTTTTTTTTTTTTTT FDIK        TELAPSE      509.55 TCPU      505.82

    ALPHA      ELECTRONS
 INSULATING STATE
 TOP OF VALENCE BANDS -    BAND     72; K   18; EIG -1.0839948E-01 AU
 TOP OF VALENCE BANDS -    BAND     72; K    1; EIG -1.1033066E-01 AU
 BOTTOM OF VIRTUAL BANDS - BAND     73; K   36; EIG  6.8908615E-02 AU
 INDIRECT ENERGY BAND GAP:   4.8248 eV
 BOTTOM OF VIRTUAL BANDS - BAND     73; K    1; EIG  7.1285621E-02 AU

    BETA       ELECTRONS
 INSULATING STATE
 TOP OF VALENCE BANDS -    BAND     72; K   18; EIG -1.0839948E-01 AU
 TOP OF VALENCE BANDS -    BAND     72; K    1; EIG -1.1033066E-01 AU
 BOTTOM OF VIRTUAL BANDS - BAND     73; K   36; EIG  6.8908615E-02 AU
 INDIRECT ENERGY BAND GAP:   4.8248 eV
 BOTTOM OF VIRTUAL BANDS - BAND     73; K    1; EIG  7.1285621E-02 AU
 TTTTTTTTTTTTTTTTTTTTTTTTTTTTTT PDIG        TELAPSE      510.06 TCPU      506.33
 CHARGE NORMALIZATION FACTOR   1.00000000
 TOTAL ATOMIC CHARGES:
   6.0021032   6.0021032   6.0021032   6.0021032   6.0021032   6.0021032
   6.0021032   6.0021032   5.9701595   5.9701595   5.9701595   5.9701595
   5.9701595   5.9701595   5.9701595   5.9701595   6.0277373   6.0277373
   6.0277373   6.0277373   6.0277373   6.0277373   6.0277373   6.0277373
 SUMMED SPIN DENSITY           0.00000000
 TOTAL ATOMIC SPINS  :
  -0.0000000  -0.0000000  -0.0000000  -0.0000000  -0.0000000  -0.0000000
  -0.0000000  -0.0000000   0.0000000   0.0000000   0.0000000   0.0000000
   0.0000000   0.0000000   0.0000000   0.0000000  -0.0000000  -0.0000000
  -0.0000000  -0.0000000  -0.0000000  -0.0000000  -0.0000000  -0.0000000
 TTTTTTTTTTTTTTTTTTTTTTTTTTTTTT MOQGAD      TELAPSE      510.07 TCPU      506.33
 TTTTTTTTTTTTTTTTTTTTTTTTTTTTTT SHELLXN     TELAPSE      551.44 TCPU      547.61
 TTTTTTTTTTTTTTTTTTTTTTTTTTTTTT MONMO3      TELAPSE      551.50 TCPU      547.68
 NUMERICALLY INTEGRATED DENSITY     72.0000404611     72.0000404611
 TTTTTTTTTTTTTTTTTTTTTTTTTTTTTT NUMDFT      TELAPSE      552.19 TCPU      548.36
 CYC  11 ETOT(AU) -9.134788891446E+02 DETOT -3.47E-11 tst  4.19E-15 PX  1.74E-07
 TTTTTTTTTTTTTTTTTTTTTTTTTTTTTT DIIS        TELAPSE      552.51 TCPU      548.65
 DIIS TEST: 0.37891E-11 AT SCF   CYCLE  11 - DIIS ACTIVE - HISTORY:    11 CYCLES
 TTTTTTTTTTTTTTTTTTTTTTTTTTTTTT FDIK        TELAPSE      554.73 TCPU      550.79

    ALPHA      ELECTRONS
 INSULATING STATE
 TOP OF VALENCE BANDS -    BAND     72; K   18; EIG -1.0839948E-01 AU
 TOP OF VALENCE BANDS -    BAND     72; K    1; EIG -1.1033065E-01 AU
 BOTTOM OF VIRTUAL BANDS - BAND     73; K   36; EIG  6.8908618E-02 AU
 INDIRECT ENERGY BAND GAP:   4.8248 eV
 BOTTOM OF VIRTUAL BANDS - BAND     73; K    1; EIG  7.1285623E-02 AU

    BETA       ELECTRONS
 INSULATING STATE
 TOP OF VALENCE BANDS -    BAND     72; K   18; EIG -1.0839948E-01 AU
 TOP OF VALENCE BANDS -    BAND     72; K    1; EIG -1.1033065E-01 AU
 BOTTOM OF VIRTUAL BANDS - BAND     73; K   36; EIG  6.8908618E-02 AU
 INDIRECT ENERGY BAND GAP:   4.8248 eV
 BOTTOM OF VIRTUAL BANDS - BAND     73; K    1; EIG  7.1285623E-02 AU
 TTTTTTTTTTTTTTTTTTTTTTTTTTTTTT PDIG        TELAPSE      555.24 TCPU      551.30
 CHARGE NORMALIZATION FACTOR   1.00000000
 TOTAL ATOMIC CHARGES:
   6.0021032   6.0021032   6.0021032   6.0021032   6.0021032   6.0021032
   6.0021032   6.0021032   5.9701595   5.9701595   5.9701595   5.9701595
   5.9701595   5.9701595   5.9701595   5.9701595   6.0277373   6.0277373
   6.0277373   6.0277373   6.0277373   6.0277373   6.0277373   6.0277373
 SUMMED SPIN DENSITY           0.00000000
 TOTAL ATOMIC SPINS  :
  -0.0000000  -0.0000000  -0.0000000  -0.0000000  -0.0000000  -0.0000000
  -0.0000000  -0.0000000   0.0000000   0.0000000   0.0000000   0.0000000
   0.0000000   0.0000000   0.0000000   0.0000000  -0.0000000  -0.0000000
  -0.0000000  -0.0000000  -0.0000000  -0.0000000  -0.0000000  -0.0000000
 TTTTTTTTTTTTTTTTTTTTTTTTTTTTTT MOQGAD      TELAPSE      555.25 TCPU      551.31
 TTTTTTTTTTTTTTTTTTTTTTTTTTTTTT SHELLXN     TELAPSE      596.65 TCPU      592.70
 +++ ENERGIES IN A.U. +++
 ::: EXT EL-POLE                                  -3.6426498502633E+03
 ::: EXT EL-SPHEROPOLE                             3.1000060835590E+01
 ::: BIELET ZONE E-E                               3.8407321621807E+03
 ::: TOTAL E-E                                     2.2908237275296E+02
 ::: TOTAL E-N + N-E                              -1.7007986539585E+03
 ::: TOTAL N-N                                    -2.4733420535443E+02
 ::: KINETIC ENERGY                                9.1103844573334E+02
 ::: PSEUDO TOTAL   ENERGY                        -8.0801204082660E+02
 ::: VIRIAL COEFFICIENT                            1.0599321577302E+00
 TTTTTTTTTTTTTTTTTTTTTTTTTTTTTT MONMO3      TELAPSE      596.72 TCPU      592.77
 NUMERICALLY INTEGRATED DENSITY     72.0000404611     72.0000404611
 EXCHANGE ENERGY: -0.994085291924E+02  CORRELATION ENERGY: -0.605831912558E+01
 TTTTTTTTTTTTTTTTTTTTTTTTTTTTTT NUMDFT      TELAPSE      597.40 TCPU      593.45
 CYC  12 ETOT(AU) -9.134788891446E+02 DETOT -3.30E-12 tst  2.53E-15 PX  1.74E-07

 == SCF ENDED - CONVERGENCE ON ENERGY      E(AU) -9.1347888914461E+02 CYCLES  12


 ENERGY EXPRESSION=HARTREE+FOCK EXCH*0.20000+(BECKE      EXCH)*0.80000+LYP        CORR


 TOTAL ENERGY(DFT)(AU)( 12) -9.1347888914461E+02 DE-3.3E-12 tester 2.5E-15
 TTTTTTTTTTTTTTTTTTTTTTTTTTTTTT EDFT        TELAPSE      597.42 TCPU      593.46
 
 INFORMATION **** DFTD3 ENERGY **** CALCULATE DFTD3 ENERGY

           DFT-D V3(BJ)
 DF                                         b3-lyp    
 parameters
 s6       :    1.0000
 s8       :    1.9889
 a1       :    0.3981
 a2       :    4.4211
 k1 k3    :   16.0000   -4.0000
 Cutoff   :   50.2022
 CN-Cutoff:   21.1671
 ABC-Cutoff:   21.1671
 
 Edisp /kcal,au:  -126.5048 -0.20159813

 E6    /kcal :   -61.1664
 E8    /kcal :   -65.3383
 
 INFORMATION **** DFTD3 ENERGY **** NORMAL TERMINATION OF DFTD3 MODULE

 *******************************************************************************

 DFT-D3 DISPERSION ENERGY CORRECTION

 D3 DISPERSION ENERGY (AU)       -2.0159813039682E-01
 TOTAL ENERGY + DISP (AU)        -9.1368048727501E+02

 *******************************************************************************


 NEIGHBORS OF THE NON-EQUIVALENT ATOMS

 N = NUMBER OF NEIGHBORS AT DISTANCE R
    ATOM  N     R/ANG      R/AU   NEIGHBORS (ATOM LABELS AND CELL INDICES)
   1 C    1     1.4490     2.7383    5 C    1 0-1
   1 C    1     1.5125     2.8582    6 C    0 0 0
   1 C    1     1.5826     2.9907   17 C    0 0 0
   1 C    1     1.6424     3.1037    9 C    0 0 0
   1 C    1     2.1751     4.1103   21 C    0 0-1
   1 C    1     2.2232     4.2012   22 C    0 0 0

   9 C    1     1.4885     2.8129   11 C    0 0-1
   9 C    1     1.5471     2.9235   21 C    0 0-1
   9 C    1     1.5556     2.9397   14 C    0 0 0
   9 C    1     1.6424     3.1037    1 C    0 0 0
   9 C    1     2.1416     4.0469   17 C    0 0 0
   9 C    1     2.2473     4.2468    6 C    0 0 0

  17 C    1     1.4788     2.7945   21 C    0 0-1
  17 C    1     1.5471     2.9235   13 C    0 0-1
  17 C    1     1.5826     2.9907    1 C    0 0 0
  17 C    1     1.6118     3.0458   22 C    0 0 0
  17 C    1     2.1416     4.0469    9 C    0 0 0
  17 C    1     2.1751     4.1103    5 C    0 0-1

 TTTTTTTTTTTTTTTTTTTTTTTTTTTTTT AFTER FIRST TELAPSE      597.62 TCPU      593.62
 MMMMMMMMMMMMMMMMMMMMMMMMMMMMMMMMMMMMMMMMMMMMMMMMMMMMMMMMMMMMMMMMMMMMMMMMMMMMMMM
     ALPHA+BETA ELECTRONS
 MULLIKEN POPULATION ANALYSIS - NO. OF ELECTRONS  144.000000

  ATOM    Z CHARGE  A.O. POPULATION

   1 C    6  6.002  0.854  1.120  0.753  0.474  0.452  0.400  0.463 -0.003
                   -0.014 -0.005  0.486  0.501  0.475  0.013  0.009  0.005
                    0.008  0.011
   2 C    6  6.002  0.854  1.120  0.753  0.474  0.452  0.400  0.463 -0.003
                   -0.014 -0.005  0.486  0.501  0.475  0.013  0.009  0.005
                    0.008  0.011
   3 C    6  6.002  0.854  1.120  0.753  0.474  0.452  0.400  0.463 -0.003
                   -0.014 -0.005  0.486  0.501  0.475  0.013  0.009  0.005
                    0.008  0.011
   4 C    6  6.002  0.854  1.120  0.753  0.474  0.452  0.400  0.463 -0.003
                   -0.014 -0.005  0.486  0.501  0.475  0.013  0.009  0.005
                    0.008  0.011
   5 C    6  6.002  0.854  1.120  0.753  0.474  0.452  0.400  0.463 -0.003
                   -0.014 -0.005  0.486  0.501  0.475  0.013  0.009  0.005
                    0.008  0.011
   6 C    6  6.002  0.854  1.120  0.753  0.474  0.452  0.400  0.463 -0.003
                   -0.014 -0.005  0.486  0.501  0.475  0.013  0.009  0.005
                    0.008  0.011
   7 C    6  6.002  0.854  1.120  0.753  0.474  0.452  0.400  0.463 -0.003
                   -0.014 -0.005  0.486  0.501  0.475  0.013  0.009  0.005
                    0.008  0.011
   8 C    6  6.002  0.854  1.120  0.753  0.474  0.452  0.400  0.463 -0.003
                   -0.014 -0.005  0.486  0.501  0.475  0.013  0.009  0.005
                    0.008  0.011
   9 C    6  5.970  0.854  1.121  0.756  0.453  0.408  0.446  0.445 -0.010
                   -0.003  0.002  0.506  0.472  0.476  0.012  0.005  0.008
                    0.008  0.011
  10 C    6  5.970  0.854  1.121  0.756  0.453  0.408  0.446  0.445 -0.010
                   -0.003  0.002  0.506  0.472  0.476  0.012  0.005  0.008
                    0.008  0.011
  11 C    6  5.970  0.854  1.121  0.756  0.453  0.408  0.446  0.445 -0.010
                   -0.003  0.002  0.506  0.472  0.476  0.012  0.005  0.008
                    0.008  0.011
  12 C    6  5.970  0.854  1.121  0.756  0.453  0.408  0.446  0.445 -0.010
                   -0.003  0.002  0.506  0.472  0.476  0.012  0.005  0.008
                    0.008  0.011
  13 C    6  5.970  0.854  1.121  0.756  0.453  0.408  0.446  0.445 -0.010
                   -0.003  0.002  0.506  0.472  0.476  0.012  0.005  0.008
                    0.008  0.011
  14 C    6  5.970  0.854  1.121  0.756  0.453  0.408  0.446  0.445 -0.010
                   -0.003  0.002  0.506  0.472  0.476  0.012  0.005  0.008
                    0.008  0.011
  15 C    6  5.970  0.854  1.121  0.756  0.453  0.408  0.446  0.445 -0.010
                   -0.003  0.002  0.506  0.472  0.476  0.012  0.005  0.008
                    0.008  0.011
  16 C    6  5.970  0.854  1.121  0.756  0.453  0.408  0.446  0.445 -0.010
                   -0.003  0.002  0.506  0.472  0.476  0.012  0.005  0.008
                    0.008  0.011
  17 C    6  6.028  0.854  1.121  0.743  0.496  0.434  0.473  0.417 -0.015
                   -0.030 -0.005  0.484  0.539  0.470  0.012  0.006  0.007
                    0.010  0.012
  18 C    6  6.028  0.854  1.121  0.743  0.496  0.434  0.473  0.417 -0.015
                   -0.030 -0.005  0.484  0.539  0.470  0.012  0.006  0.007
                    0.010  0.012
  19 C    6  6.028  0.854  1.121  0.743  0.496  0.434  0.473  0.417 -0.015
                   -0.030 -0.005  0.484  0.539  0.470  0.012  0.006  0.007
                    0.010  0.012
  20 C    6  6.028  0.854  1.121  0.743  0.496  0.434  0.473  0.417 -0.015
                   -0.030 -0.005  0.484  0.539  0.470  0.012  0.006  0.007
                    0.010  0.012
  21 C    6  6.028  0.854  1.121  0.743  0.496  0.434  0.473  0.417 -0.015
                   -0.030 -0.005  0.484  0.539  0.470  0.012  0.006  0.007
                    0.010  0.012
  22 C    6  6.028  0.854  1.121  0.743  0.496  0.434  0.473  0.417 -0.015
                   -0.030 -0.005  0.484  0.539  0.470  0.012  0.006  0.007
                    0.010  0.012
  23 C    6  6.028  0.854  1.121  0.743  0.496  0.434  0.473  0.417 -0.015
                   -0.030 -0.005  0.484  0.539  0.470  0.012  0.006  0.007
                    0.010  0.012
  24 C    6  6.028  0.854  1.121  0.743  0.496  0.434  0.473  0.417 -0.015
                   -0.030 -0.005  0.484  0.539  0.470  0.012  0.006  0.007
                    0.010  0.012

  ATOM    Z CHARGE  SHELL POPULATION

   1 C    6  6.002  0.854  1.120  0.753  0.474  1.316 -0.022  1.461  0.046
   2 C    6  6.002  0.854  1.120  0.753  0.474  1.316 -0.022  1.461  0.046
   3 C    6  6.002  0.854  1.120  0.753  0.474  1.316 -0.022  1.461  0.046
   4 C    6  6.002  0.854  1.120  0.753  0.474  1.316 -0.022  1.461  0.046
   5 C    6  6.002  0.854  1.120  0.753  0.474  1.316 -0.022  1.461  0.046
   6 C    6  6.002  0.854  1.120  0.753  0.474  1.316 -0.022  1.461  0.046
   7 C    6  6.002  0.854  1.120  0.753  0.474  1.316 -0.022  1.461  0.046
   8 C    6  6.002  0.854  1.120  0.753  0.474  1.316 -0.022  1.461  0.046
   9 C    6  5.970  0.854  1.121  0.756  0.453  1.298 -0.011  1.455  0.045
  10 C    6  5.970  0.854  1.121  0.756  0.453  1.298 -0.011  1.455  0.045
  11 C    6  5.970  0.854  1.121  0.756  0.453  1.298 -0.011  1.455  0.045
  12 C    6  5.970  0.854  1.121  0.756  0.453  1.298 -0.011  1.455  0.045
  13 C    6  5.970  0.854  1.121  0.756  0.453  1.298 -0.011  1.455  0.045
  14 C    6  5.970  0.854  1.121  0.756  0.453  1.298 -0.011  1.455  0.045
  15 C    6  5.970  0.854  1.121  0.756  0.453  1.298 -0.011  1.455  0.045
  16 C    6  5.970  0.854  1.121  0.756  0.453  1.298 -0.011  1.455  0.045
  17 C    6  6.028  0.854  1.121  0.743  0.496  1.324 -0.049  1.493  0.047
  18 C    6  6.028  0.854  1.121  0.743  0.496  1.324 -0.049  1.493  0.047
  19 C    6  6.028  0.854  1.121  0.743  0.496  1.324 -0.049  1.493  0.047
  20 C    6  6.028  0.854  1.121  0.743  0.496  1.324 -0.049  1.493  0.047
  21 C    6  6.028  0.854  1.121  0.743  0.496  1.324 -0.049  1.493  0.047
  22 C    6  6.028  0.854  1.121  0.743  0.496  1.324 -0.049  1.493  0.047
  23 C    6  6.028  0.854  1.121  0.743  0.496  1.324 -0.049  1.493  0.047
  24 C    6  6.028  0.854  1.121  0.743  0.496  1.324 -0.049  1.493  0.047

 OVERLAP POPULATION CONDENSED TO ATOMS FOR FIRST   6 NEIGHBORS

 ATOM A   1 C    ATOM B     CELL      R(AB)/AU R(AB)/ANG    OVPOP(AB)
                  5 C    (  1  0 -1)     2.738     1.449     0.341
                  6 C    (  0  0  0)     2.858     1.513     0.262
                 17 C    (  0  0  0)     2.991     1.583     0.216
                  9 C    (  0  0  0)     3.104     1.642     0.307
                 21 C    (  0  0 -1)     4.110     2.175    -0.091
                 22 C    (  0  0  0)     4.201     2.223    -0.087

 ATOM A   9 C    ATOM B     CELL      R(AB)/AU R(AB)/ANG    OVPOP(AB)
                 11 C    (  0  0 -1)     2.813     1.489     0.339
                 21 C    (  0  0 -1)     2.924     1.547     0.265
                 14 C    (  0  0  0)     2.940     1.556     0.281
                  1 C    (  0  0  0)     3.104     1.642     0.307
                 17 C    (  0  0  0)     4.047     2.142    -0.095
                  6 C    (  0  0  0)     4.247     2.247    -0.096

 ATOM A  17 C    ATOM B     CELL      R(AB)/AU R(AB)/ANG    OVPOP(AB)
                 21 C    (  0  0 -1)     2.794     1.479     0.295
                 13 C    (  0  0 -1)     2.924     1.547     0.265
                  1 C    (  0  0  0)     2.991     1.583     0.216
                 22 C    (  0  0  0)     3.046     1.612     0.283
                  9 C    (  0  0  0)     4.047     2.142    -0.095
                  5 C    (  0  0 -1)     4.110     2.175    -0.091
 TTTTTTTTTTTTTTTTTTTTTTTTTTTTTT AFTER FIRST TELAPSE      597.73 TCPU      593.64
 MMMMMMMMMMMMMMMMMMMMMMMMMMMMMMMMMMMMMMMMMMMMMMMMMMMMMMMMMMMMMMMMMMMMMMMMMMMMMMM
     ALPHA-BETA ELECTRONS
 MULLIKEN POPULATION ANALYSIS - NO. OF ELECTRONS    0.000000

  ATOM    Z CHARGE  A.O. POPULATION

   1 C    6 -0.000 -0.000  0.000 -0.000  0.000 -0.000 -0.000  0.000 -0.000
                   -0.000 -0.000  0.000 -0.000  0.000  0.000  0.000 -0.000
                   -0.000 -0.000
   2 C    6 -0.000 -0.000  0.000 -0.000  0.000 -0.000 -0.000  0.000 -0.000
                   -0.000 -0.000  0.000 -0.000  0.000  0.000  0.000 -0.000
                   -0.000 -0.000
   3 C    6 -0.000 -0.000  0.000 -0.000  0.000 -0.000 -0.000  0.000 -0.000
                   -0.000 -0.000  0.000 -0.000  0.000  0.000  0.000 -0.000
                   -0.000 -0.000
   4 C    6 -0.000 -0.000  0.000 -0.000  0.000 -0.000 -0.000  0.000 -0.000
                   -0.000 -0.000  0.000 -0.000  0.000  0.000  0.000 -0.000
                   -0.000 -0.000
   5 C    6 -0.000 -0.000  0.000 -0.000  0.000 -0.000 -0.000  0.000 -0.000
                   -0.000 -0.000  0.000 -0.000  0.000  0.000  0.000 -0.000
                   -0.000 -0.000
   6 C    6 -0.000 -0.000  0.000 -0.000  0.000 -0.000 -0.000  0.000 -0.000
                   -0.000 -0.000  0.000 -0.000  0.000  0.000  0.000 -0.000
                   -0.000 -0.000
   7 C    6 -0.000 -0.000  0.000 -0.000  0.000 -0.000 -0.000  0.000 -0.000
                   -0.000 -0.000  0.000 -0.000  0.000  0.000  0.000 -0.000
                   -0.000 -0.000
   8 C    6 -0.000 -0.000  0.000 -0.000  0.000 -0.000 -0.000  0.000 -0.000
                   -0.000 -0.000  0.000 -0.000  0.000  0.000  0.000 -0.000
                   -0.000 -0.000
   9 C    6  0.000  0.000 -0.000 -0.000  0.000  0.000  0.000  0.000 -0.000
                   -0.000 -0.000  0.000  0.000 -0.000  0.000  0.000  0.000
                    0.000 -0.000
  10 C    6  0.000  0.000 -0.000 -0.000  0.000  0.000  0.000  0.000 -0.000
                   -0.000 -0.000  0.000  0.000 -0.000  0.000  0.000  0.000
                    0.000 -0.000
  11 C    6  0.000  0.000 -0.000 -0.000  0.000  0.000  0.000  0.000 -0.000
                   -0.000 -0.000  0.000  0.000 -0.000  0.000  0.000  0.000
                    0.000 -0.000
  12 C    6  0.000  0.000 -0.000 -0.000  0.000  0.000  0.000  0.000 -0.000
                   -0.000 -0.000  0.000  0.000 -0.000  0.000  0.000  0.000
                    0.000 -0.000
  13 C    6  0.000  0.000 -0.000 -0.000  0.000  0.000  0.000  0.000 -0.000
                   -0.000 -0.000  0.000  0.000 -0.000  0.000  0.000  0.000
                    0.000 -0.000
  14 C    6  0.000  0.000 -0.000 -0.000  0.000  0.000  0.000  0.000 -0.000
                   -0.000 -0.000  0.000  0.000 -0.000  0.000  0.000  0.000
                    0.000 -0.000
  15 C    6  0.000  0.000 -0.000 -0.000  0.000  0.000  0.000  0.000 -0.000
                   -0.000 -0.000  0.000  0.000 -0.000  0.000  0.000  0.000
                    0.000 -0.000
  16 C    6  0.000  0.000 -0.000 -0.000  0.000  0.000  0.000  0.000 -0.000
                   -0.000 -0.000  0.000  0.000 -0.000  0.000  0.000  0.000
                    0.000 -0.000
  17 C    6 -0.000  0.000 -0.000  0.000 -0.000 -0.000 -0.000  0.000  0.000
                    0.000 -0.000  0.000 -0.000 -0.000  0.000  0.000  0.000
                   -0.000 -0.000
  18 C    6 -0.000  0.000 -0.000  0.000 -0.000 -0.000 -0.000  0.000  0.000
                    0.000 -0.000  0.000 -0.000 -0.000  0.000  0.000  0.000
                   -0.000 -0.000
  19 C    6 -0.000  0.000 -0.000  0.000 -0.000 -0.000 -0.000  0.000  0.000
                    0.000 -0.000  0.000 -0.000 -0.000  0.000  0.000  0.000
                   -0.000 -0.000
  20 C    6 -0.000  0.000 -0.000  0.000 -0.000 -0.000 -0.000  0.000  0.000
                    0.000 -0.000  0.000 -0.000 -0.000  0.000  0.000  0.000
                   -0.000 -0.000
  21 C    6 -0.000  0.000 -0.000  0.000 -0.000 -0.000 -0.000  0.000  0.000
                    0.000 -0.000  0.000 -0.000 -0.000  0.000  0.000  0.000
                   -0.000 -0.000
  22 C    6 -0.000  0.000 -0.000  0.000 -0.000 -0.000 -0.000  0.000  0.000
                    0.000 -0.000  0.000 -0.000 -0.000  0.000  0.000  0.000
                   -0.000 -0.000
  23 C    6 -0.000  0.000 -0.000  0.000 -0.000 -0.000 -0.000  0.000  0.000
                    0.000 -0.000  0.000 -0.000 -0.000  0.000  0.000  0.000
                   -0.000 -0.000
  24 C    6 -0.000  0.000 -0.000  0.000 -0.000 -0.000 -0.000  0.000  0.000
                    0.000 -0.000  0.000 -0.000 -0.000  0.000  0.000  0.000
                   -0.000 -0.000

  ATOM    Z CHARGE  SHELL POPULATION

   1 C    6 -0.000 -0.000  0.000 -0.000  0.000 -0.000 -0.000  0.000  0.000
   2 C    6 -0.000 -0.000  0.000 -0.000  0.000 -0.000 -0.000  0.000  0.000
   3 C    6 -0.000 -0.000  0.000 -0.000  0.000 -0.000 -0.000  0.000  0.000
   4 C    6 -0.000 -0.000  0.000 -0.000  0.000 -0.000 -0.000  0.000  0.000
   5 C    6 -0.000 -0.000  0.000 -0.000  0.000 -0.000 -0.000  0.000  0.000
   6 C    6 -0.000 -0.000  0.000 -0.000  0.000 -0.000 -0.000  0.000  0.000
   7 C    6 -0.000 -0.000  0.000 -0.000  0.000 -0.000 -0.000  0.000  0.000
   8 C    6 -0.000 -0.000  0.000 -0.000  0.000 -0.000 -0.000  0.000  0.000
   9 C    6  0.000  0.000 -0.000 -0.000  0.000  0.000 -0.000  0.000  0.000
  10 C    6  0.000  0.000 -0.000 -0.000  0.000  0.000 -0.000  0.000  0.000
  11 C    6  0.000  0.000 -0.000 -0.000  0.000  0.000 -0.000  0.000  0.000
  12 C    6  0.000  0.000 -0.000 -0.000  0.000  0.000 -0.000  0.000  0.000
  13 C    6  0.000  0.000 -0.000 -0.000  0.000  0.000 -0.000  0.000  0.000
  14 C    6  0.000  0.000 -0.000 -0.000  0.000  0.000 -0.000  0.000  0.000
  15 C    6  0.000  0.000 -0.000 -0.000  0.000  0.000 -0.000  0.000  0.000
  16 C    6  0.000  0.000 -0.000 -0.000  0.000  0.000 -0.000  0.000  0.000
  17 C    6 -0.000  0.000 -0.000  0.000 -0.000 -0.000  0.000 -0.000 -0.000
  18 C    6 -0.000  0.000 -0.000  0.000 -0.000 -0.000  0.000 -0.000 -0.000
  19 C    6 -0.000  0.000 -0.000  0.000 -0.000 -0.000  0.000 -0.000 -0.000
  20 C    6 -0.000  0.000 -0.000  0.000 -0.000 -0.000  0.000 -0.000 -0.000
  21 C    6 -0.000  0.000 -0.000  0.000 -0.000 -0.000  0.000 -0.000 -0.000
  22 C    6 -0.000  0.000 -0.000  0.000 -0.000 -0.000  0.000 -0.000 -0.000
  23 C    6 -0.000  0.000 -0.000  0.000 -0.000 -0.000  0.000 -0.000 -0.000
  24 C    6 -0.000  0.000 -0.000  0.000 -0.000 -0.000  0.000 -0.000 -0.000

 OVERLAP POPULATION CONDENSED TO ATOMS FOR FIRST   6 NEIGHBORS

 ATOM A   1 C    ATOM B     CELL      R(AB)/AU R(AB)/ANG    OVPOP(AB)
                  5 C    (  1  0 -1)     2.738     1.449    -0.000
                  6 C    (  0  0  0)     2.858     1.513    -0.000
                 17 C    (  0  0  0)     2.991     1.583     0.000
                  9 C    (  0  0  0)     3.104     1.642    -0.000
                 21 C    (  0  0 -1)     4.110     2.175     0.000
                 22 C    (  0  0  0)     4.201     2.223    -0.000

 ATOM A   9 C    ATOM B     CELL      R(AB)/AU R(AB)/ANG    OVPOP(AB)
                 11 C    (  0  0 -1)     2.813     1.489    -0.000
                 21 C    (  0  0 -1)     2.924     1.547     0.000
                 14 C    (  0  0  0)     2.940     1.556    -0.000
                  1 C    (  0  0  0)     3.104     1.642    -0.000
                 17 C    (  0  0  0)     4.047     2.142    -0.000
                  6 C    (  0  0  0)     4.247     2.247     0.000

 ATOM A  17 C    ATOM B     CELL      R(AB)/AU R(AB)/ANG    OVPOP(AB)
                 21 C    (  0  0 -1)     2.794     1.479     0.000
                 13 C    (  0  0 -1)     2.924     1.547     0.000
                  1 C    (  0  0  0)     2.991     1.583     0.000
                 22 C    (  0  0  0)     3.046     1.612     0.000
                  9 C    (  0  0  0)     4.047     2.142    -0.000
                  5 C    (  0  0 -1)     4.110     2.175     0.000
 EIGENVECTORS IN FORTRAN UNIT  8
 TTTTTTTTTTTTTTTTTTTTTTTTTTTTTT END         TELAPSE      598.45 TCPU      594.31
 EEEEEEEEEE TERMINATION  DATE 22 01 2026 TIME 11:21:29.0
NODE    0 CPU TIME =       594.310
NODE    1 CPU TIME =       595.066
NODE    2 CPU TIME =       594.602
NODE    3 CPU TIME =       594.650
NODE    4 CPU TIME =       594.544
NODE    5 CPU TIME =       594.214
NODE    6 CPU TIME =       594.646
NODE    7 CPU TIME =       594.604
NODE    8 CPU TIME =       594.019
NODE    9 CPU TIME =       594.305
NODE   10 CPU TIME =       593.949
NODE   11 CPU TIME =       594.268
NODE   12 CPU TIME =       594.959
NODE   13 CPU TIME =       594.150
NODE   14 CPU TIME =       594.371
NODE   15 CPU TIME =       595.241
NODE   16 CPU TIME =       594.164
NODE   17 CPU TIME =       594.715
NODE   18 CPU TIME =       595.114
NODE   19 CPU TIME =       594.924
NODE   20 CPU TIME =       594.898
NODE   21 CPU TIME =       594.464
NODE   22 CPU TIME =       594.525
NODE   23 CPU TIME =       594.546
    TOTAL CPU TIME =     14269.248
